-- Found ament_cmake: 1.3.12 (/opt/ros/humble/share/ament_cmake/cmake)
-- Override CMake install command with custom implementation using symlinks instead of copying resources
-- Found rclcpp: 16.0.17 (/opt/ros/humble/share/rclcpp/cmake)
-- Found rosidl_generator_c: 3.1.8 (/opt/ros/humble/share/rosidl_generator_c/cmake)
-- Found rosidl_adapter: 3.1.8 (/opt/ros/humble/share/rosidl_adapter/cmake)
-- Found rosidl_generator_cpp: 3.1.8 (/opt/ros/humble/share/rosidl_generator_cpp/cmake)
-- Using all available rosidl_typesupport_c: rosidl_typesupport_fastrtps_c;rosidl_typesupport_introspection_c
-- Using all available rosidl_typesupport_cpp: rosidl_typesupport_fastrtps_cpp;rosidl_typesupport_introspection_cpp
-- Found rmw_implementation_cmake: 6.1.2 (/opt/ros/humble/share/rmw_implementation_cmake/cmake)
-- Found rmw_fastrtps_cpp: 6.2.9 (/opt/ros/humble/share/rmw_fastrtps_cpp/cmake)
-- Using RMW implementation 'rmw_fastrtps_cpp' as default
-- Found rclcpp_components: 16.0.17 (/opt/ros/humble/share/rclcpp_components/cmake)
-- Found nav_msgs: 4.9.0 (/opt/ros/humble/share/nav_msgs/cmake)
-- Found track_msgs: 0.1.0 (/home/aiv/ev_ws/planning/install/track_msgs/share/track_msgs/cmake)
-- Found ev_msgs: 0.1.0 (/home/aiv/ev_ws/ev_msgs/install/ev_msgs/share/ev_msgs/cmake)
-- Found ament_lint_auto: 0.12.14 (/opt/ros/humble/share/ament_lint_auto/cmake)
-- Added test 'cppcheck' to perform static code analysis on C / C++ code
-- Configured cppcheck include dirs: /home/aiv/ev_ws/planning/src/planning_mr_ver/include
-- Configured cppcheck exclude dirs and/or files: 
-- Added test 'flake8' to check Python code syntax and style conventions
-- Added test 'lint_cmake' to check CMake code style
-- Added test 'pep257' to check Python code against some of the docstring style conventions in PEP 257
-- Added test 'uncrustify' to check C / C++ code style
-- Configured uncrustify additional arguments: 
-- Added test 'xmllint' to check XML markup files
-- Configuring done
-- Generating done
-- Build files have been written to: /home/aiv/ev_ws/planning/build/planning_mr_ver
Consolidate compiler generated dependencies of target planning_mr_postprocess
Consolidate compiler generated dependencies of target planning_mr_planner
Consolidate compiler generated dependencies of target mr_planner_node_exe
Consolidate compiler generated dependencies of target planning_mr_costmap
[ 20%] Built target planning_mr_postprocess
[ 40%] Built target mr_planner_node_exe
[ 60%] Built target planning_mr_costmap
[ 70%] Building CXX object CMakeFiles/planning_mr_planner.dir/src/planner/magnetic_planner.cpp.o
[ 80%] Linking CXX shared library libplanning_mr_planner.so
[ 80%] Built target planning_mr_planner
Consolidate compiler generated dependencies of target mr_planner_component
[ 90%] Linking CXX shared library libmr_planner_component.so
[100%] Built target mr_planner_component
-- Install configuration: ""
-- Execute custom install script
-- Up-to-date symlink: /home/aiv/ev_ws/planning/install/planning_mr_ver/lib/libplanning_mr_costmap.so
-- Up-to-date symlink: /home/aiv/ev_ws/planning/install/planning_mr_ver/lib/libplanning_mr_planner.so
-- Up-to-date symlink: /home/aiv/ev_ws/planning/install/planning_mr_ver/lib/libplanning_mr_postprocess.so
-- Up-to-date symlink: /home/aiv/ev_ws/planning/install/planning_mr_ver/lib/planning_mr_ver/mr_planner_node_exe
-- Up-to-date symlink: /home/aiv/ev_ws/planning/install/planning_mr_ver/lib/libmr_planner_component.so
-- Up-to-date symlink: /home/aiv/ev_ws/planning/install/planning_mr_ver/include/planning_mr_ver/common/debug_publish.hpp
-- Up-to-date symlink: /home/aiv/ev_ws/planning/install/planning_mr_ver/include/planning_mr_ver/common/geometry.hpp
-- Up-to-date symlink: /home/aiv/ev_ws/planning/install/planning_mr_ver/include/planning_mr_ver/common/params.hpp
-- Up-to-date symlink: /home/aiv/ev_ws/planning/install/planning_mr_ver/include/planning_mr_ver/common/types.hpp
-- Up-to-date symlink: /home/aiv/ev_ws/planning/install/planning_mr_ver/include/planning_mr_ver/costmap/costmap_generator.hpp
-- Up-to-date symlink: /home/aiv/ev_ws/planning/install/planning_mr_ver/include/planning_mr_ver/nodes/mr_planner_node.hpp
-- Up-to-date symlink: /home/aiv/ev_ws/planning/install/planning_mr_ver/include/planning_mr_ver/planner/magnetic_planner.hpp
-- Up-to-date symlink: /home/aiv/ev_ws/planning/install/planning_mr_ver/include/planning_mr_ver/postprocess/path_postprocessor.hpp
-- Up-to-date symlink: /home/aiv/ev_ws/planning/install/planning_mr_ver/include/planning_mr_ver/safety/safety_checker.hpp
-- Up-to-date symlink: /home/aiv/ev_ws/planning/install/planning_mr_ver/share/planning_mr_ver/config/planning_mr.yaml
-- Up-to-date symlink: /home/aiv/ev_ws/planning/install/planning_mr_ver/share/planning_mr_ver/launch/planning_mr.launch.py
-- Up-to-date symlink: /home/aiv/ev_ws/planning/install/planning_mr_ver/share/ament_index/resource_index/package_run_dependencies/planning_mr_ver
-- Up-to-date symlink: /home/aiv/ev_ws/planning/install/planning_mr_ver/share/ament_index/resource_index/parent_prefix_path/planning_mr_ver
-- Up-to-date symlink: /home/aiv/ev_ws/planning/install/planning_mr_ver/share/planning_mr_ver/environment/ament_prefix_path.sh
-- Up-to-date symlink: /home/aiv/ev_ws/planning/install/planning_mr_ver/share/planning_mr_ver/environment/ament_prefix_path.dsv
-- Up-to-date symlink: /home/aiv/ev_ws/planning/install/planning_mr_ver/share/planning_mr_ver/environment/path.sh
-- Up-to-date symlink: /home/aiv/ev_ws/planning/install/planning_mr_ver/share/planning_mr_ver/environment/path.dsv
-- Up-to-date symlink: /home/aiv/ev_ws/planning/install/planning_mr_ver/share/planning_mr_ver/local_setup.bash
-- Up-to-date symlink: /home/aiv/ev_ws/planning/install/planning_mr_ver/share/planning_mr_ver/local_setup.sh
-- Up-to-date symlink: /home/aiv/ev_ws/planning/install/planning_mr_ver/share/planning_mr_ver/local_setup.zsh
-- Up-to-date symlink: /home/aiv/ev_ws/planning/install/planning_mr_ver/share/planning_mr_ver/local_setup.dsv
-- Symlinking: /home/aiv/ev_ws/planning/install/planning_mr_ver/share/planning_mr_ver/package.dsv
-- Up-to-date symlink: /home/aiv/ev_ws/planning/install/planning_mr_ver/share/ament_index/resource_index/packages/planning_mr_ver
-- Up-to-date symlink: /home/aiv/ev_ws/planning/install/planning_mr_ver/share/ament_index/resource_index/rclcpp_components/planning_mr_ver
-- Up-to-date symlink: /home/aiv/ev_ws/planning/install/planning_mr_ver/share/planning_mr_ver/cmake/planning_mr_verConfig.cmake
-- Up-to-date symlink: /home/aiv/ev_ws/planning/install/planning_mr_ver/share/planning_mr_ver/cmake/planning_mr_verConfig-version.cmake
-- Up-to-date symlink: /home/aiv/ev_ws/planning/install/planning_mr_ver/share/planning_mr_ver/package.xml
