[0.014s] Invoking command in '/home/aiv/ev_ws/build/erp42_serial': AMENT_PREFIX_PATH=/home/aiv/ev_ws/install/erp42_util:/home/aiv/ev_ws/install/erp42_description:/home/aiv/ev_ws/install/erp42_msgs:/home/aiv/ev_ws/install/erp42_cmake:${AMENT_PREFIX_PATH} CMAKE_PREFIX_PATH=/home/aiv/ev_ws/install/erp42_util:/home/aiv/ev_ws/install/erp42_description:/home/aiv/ev_ws/install/erp42_msgs:/home/aiv/ev_ws/install/erp42_cmake:/home/aiv/ev_ws/carsa_gazebo/install/carsa_gazebo:/home/aiv/ev_ws/planning/install/chaining_costmap_ver:/home/aiv/ev_ws/ev_msgs/install/ev_msgs:/home/aiv/ev_ws/erp42_ros/install/erp42_serial:/home/aiv/ev_ws/erp42_ros/install/erp42_rqt_plugin:/home/aiv/ev_ws/erp42_ros/install/erp42_gazebo:/home/aiv/ev_ws/erp42_ros/install/erp42_util:/home/aiv/ev_ws/erp42_ros/install/erp42_msgs:/home/aiv/ev_ws/erp42_ros/install/erp42_description:/home/aiv/ev_ws/erp42_ros/install/erp42_cmake:/home/aiv/ev_ws/perception/install/velodyne:/home/aiv/ev_ws/perception/install/lidar_launch:/home/aiv/ev_ws/perception/install/velodyne_pointcloud:/home/aiv/ev_ws/perception/install/velodyne_driver:/home/aiv/ev_ws/perception/install/velodyne_msgs:/home/aiv/ev_ws/perception/install/velodyne_cropbox:/home/aiv/ev_ws/perception/install/patchworkpp:/home/aiv/ev_ws/perception/install/make_bbox:/home/aiv/ev_ws/perception/install/lidar_voxel_grid:/home/aiv/ev_ws/perception/install/dbscan_clustering:/home/aiv/ev_ws/perception/install/cluster_splitter:/opt/ros/humble LD_LIBRARY_PATH=/home/aiv/ev_ws/install/erp42_util/lib:/home/aiv/ev_ws/install/erp42_msgs/lib:${LD_LIBRARY_PATH} PYTHONPATH=/home/aiv/ev_ws/install/erp42_msgs/local/lib/python3.10/dist-packages:${PYTHONPATH} /usr/bin/cmake /home/aiv/ev_ws/erp42_ros/src/erp42_serial -DAMENT_CMAKE_SYMLINK_INSTALL=1 -DCMAKE_INSTALL_PREFIX=/home/aiv/ev_ws/install/erp42_serial
[0.062s] -- The C compiler identification is GNU 11.4.0
[0.108s] -- The CXX compiler identification is GNU 11.4.0
[0.114s] -- Detecting C compiler ABI info
[0.169s] -- Detecting C compiler ABI info - done
[0.174s] -- Check for working C compiler: /usr/bin/cc - skipped
[0.174s] -- Detecting C compile features
[0.175s] -- Detecting C compile features - done
[0.177s] -- Detecting CXX compiler ABI info
[0.234s] -- Detecting CXX compiler ABI info - done
[0.241s] -- Check for working CXX compiler: /usr/bin/c++ - skipped
[0.241s] -- Detecting CXX compile features
[0.241s] -- Detecting CXX compile features - done
[0.242s] -- Found erp42_cmake: 0.0.0 (/home/aiv/ev_ws/install/erp42_cmake/share/erp42_cmake/cmake)
[0.245s] -- Found ament_cmake_auto: 1.3.12 (/opt/ros/humble/share/ament_cmake_auto/cmake)
[0.347s] -- Found Python3: /usr/bin/python3 (found version "3.10.12") found components: Interpreter 
[0.401s] -- Override CMake install command with custom implementation using symlinks instead of copying resources
[0.553s] -- Found rosidl_generator_c: 3.1.8 (/opt/ros/humble/share/rosidl_generator_c/cmake)
[0.557s] -- Found rosidl_adapter: 3.1.8 (/opt/ros/humble/share/rosidl_adapter/cmake)
[0.564s] -- Found rosidl_generator_cpp: 3.1.8 (/opt/ros/humble/share/rosidl_generator_cpp/cmake)
[0.573s] -- Using all available rosidl_typesupport_c: rosidl_typesupport_fastrtps_c;rosidl_typesupport_introspection_c
[0.589s] -- Using all available rosidl_typesupport_cpp: rosidl_typesupport_fastrtps_cpp;rosidl_typesupport_introspection_cpp
[0.663s] -- Found rmw_implementation_cmake: 6.1.2 (/opt/ros/humble/share/rmw_implementation_cmake/cmake)
[0.667s] -- Found rmw_fastrtps_cpp: 6.2.9 (/opt/ros/humble/share/rmw_fastrtps_cpp/cmake)
[0.753s] -- Found OpenSSL: /usr/lib/x86_64-linux-gnu/libcrypto.so (found version "3.0.2")  
[0.776s] -- Found FastRTPS: /opt/ros/humble/include  
[0.816s] -- Using RMW implementation 'rmw_fastrtps_cpp' as default
[0.825s] -- Looking for pthread.h
[0.904s] -- Looking for pthread.h - found
[0.904s] -- Performing Test CMAKE_HAVE_LIBC_PTHREAD
[0.987s] -- Performing Test CMAKE_HAVE_LIBC_PTHREAD - Success
[0.988s] -- Found Threads: TRUE  
[1.138s] -- Configuring done
[1.157s] -- Generating done
[1.166s] -- Build files have been written to: /home/aiv/ev_ws/build/erp42_serial
[1.191s] Invoked command in '/home/aiv/ev_ws/build/erp42_serial' returned '0': AMENT_PREFIX_PATH=/home/aiv/ev_ws/install/erp42_util:/home/aiv/ev_ws/install/erp42_description:/home/aiv/ev_ws/install/erp42_msgs:/home/aiv/ev_ws/install/erp42_cmake:${AMENT_PREFIX_PATH} CMAKE_PREFIX_PATH=/home/aiv/ev_ws/install/erp42_util:/home/aiv/ev_ws/install/erp42_description:/home/aiv/ev_ws/install/erp42_msgs:/home/aiv/ev_ws/install/erp42_cmake:/home/aiv/ev_ws/carsa_gazebo/install/carsa_gazebo:/home/aiv/ev_ws/planning/install/chaining_costmap_ver:/home/aiv/ev_ws/ev_msgs/install/ev_msgs:/home/aiv/ev_ws/erp42_ros/install/erp42_serial:/home/aiv/ev_ws/erp42_ros/install/erp42_rqt_plugin:/home/aiv/ev_ws/erp42_ros/install/erp42_gazebo:/home/aiv/ev_ws/erp42_ros/install/erp42_util:/home/aiv/ev_ws/erp42_ros/install/erp42_msgs:/home/aiv/ev_ws/erp42_ros/install/erp42_description:/home/aiv/ev_ws/erp42_ros/install/erp42_cmake:/home/aiv/ev_ws/perception/install/velodyne:/home/aiv/ev_ws/perception/install/lidar_launch:/home/aiv/ev_ws/perception/install/velodyne_pointcloud:/home/aiv/ev_ws/perception/install/velodyne_driver:/home/aiv/ev_ws/perception/install/velodyne_msgs:/home/aiv/ev_ws/perception/install/velodyne_cropbox:/home/aiv/ev_ws/perception/install/patchworkpp:/home/aiv/ev_ws/perception/install/make_bbox:/home/aiv/ev_ws/perception/install/lidar_voxel_grid:/home/aiv/ev_ws/perception/install/dbscan_clustering:/home/aiv/ev_ws/perception/install/cluster_splitter:/opt/ros/humble LD_LIBRARY_PATH=/home/aiv/ev_ws/install/erp42_util/lib:/home/aiv/ev_ws/install/erp42_msgs/lib:${LD_LIBRARY_PATH} PYTHONPATH=/home/aiv/ev_ws/install/erp42_msgs/local/lib/python3.10/dist-packages:${PYTHONPATH} /usr/bin/cmake /home/aiv/ev_ws/erp42_ros/src/erp42_serial -DAMENT_CMAKE_SYMLINK_INSTALL=1 -DCMAKE_INSTALL_PREFIX=/home/aiv/ev_ws/install/erp42_serial
[1.192s] Invoking command in '/home/aiv/ev_ws/build/erp42_serial': AMENT_PREFIX_PATH=/home/aiv/ev_ws/install/erp42_util:/home/aiv/ev_ws/install/erp42_description:/home/aiv/ev_ws/install/erp42_msgs:/home/aiv/ev_ws/install/erp42_cmake:${AMENT_PREFIX_PATH} CMAKE_PREFIX_PATH=/home/aiv/ev_ws/install/erp42_util:/home/aiv/ev_ws/install/erp42_description:/home/aiv/ev_ws/install/erp42_msgs:/home/aiv/ev_ws/install/erp42_cmake:/home/aiv/ev_ws/carsa_gazebo/install/carsa_gazebo:/home/aiv/ev_ws/planning/install/chaining_costmap_ver:/home/aiv/ev_ws/ev_msgs/install/ev_msgs:/home/aiv/ev_ws/erp42_ros/install/erp42_serial:/home/aiv/ev_ws/erp42_ros/install/erp42_rqt_plugin:/home/aiv/ev_ws/erp42_ros/install/erp42_gazebo:/home/aiv/ev_ws/erp42_ros/install/erp42_util:/home/aiv/ev_ws/erp42_ros/install/erp42_msgs:/home/aiv/ev_ws/erp42_ros/install/erp42_description:/home/aiv/ev_ws/erp42_ros/install/erp42_cmake:/home/aiv/ev_ws/perception/install/velodyne:/home/aiv/ev_ws/perception/install/lidar_launch:/home/aiv/ev_ws/perception/install/velodyne_pointcloud:/home/aiv/ev_ws/perception/install/velodyne_driver:/home/aiv/ev_ws/perception/install/velodyne_msgs:/home/aiv/ev_ws/perception/install/velodyne_cropbox:/home/aiv/ev_ws/perception/install/patchworkpp:/home/aiv/ev_ws/perception/install/make_bbox:/home/aiv/ev_ws/perception/install/lidar_voxel_grid:/home/aiv/ev_ws/perception/install/dbscan_clustering:/home/aiv/ev_ws/perception/install/cluster_splitter:/opt/ros/humble LD_LIBRARY_PATH=/home/aiv/ev_ws/install/erp42_util/lib:/home/aiv/ev_ws/install/erp42_msgs/lib:${LD_LIBRARY_PATH} PYTHONPATH=/home/aiv/ev_ws/install/erp42_msgs/local/lib/python3.10/dist-packages:${PYTHONPATH} /usr/bin/cmake --build /home/aiv/ev_ws/build/erp42_serial -- -j28 -l28
[1.313s] [ 14%] [32mBuilding CXX object CMakeFiles/erp42_serial.dir/src/serial_port.cpp.o[0m
[1.316s] [ 28%] [32mBuilding CXX object CMakeFiles/serial_bridge_composable.dir/rclcpp_components/node_main_serial_bridge_composable.cpp.o[0m
[1.318s] [ 42%] [32mBuilding CXX object CMakeFiles/erp42_serial.dir/src/serial_bridge.cpp.o[0m
[5.048s] [ 57%] [32m[1mLinking CXX executable serial_bridge_composable[0m
[5.219s] [ 57%] Built target serial_bridge_composable
[10.792s] [ 71%] [32m[1mLinking CXX shared library liberp42_serial.so[0m
[11.120s] [ 71%] Built target erp42_serial
[11.138s] [ 85%] [32mBuilding CXX object CMakeFiles/serial_bridge.dir/node/serial_bridge_node.cpp.o[0m
[12.689s] [100%] [32m[1mLinking CXX executable serial_bridge[0m
[12.808s] [100%] Built target serial_bridge
[12.826s] Invoked command in '/home/aiv/ev_ws/build/erp42_serial' returned '0': AMENT_PREFIX_PATH=/home/aiv/ev_ws/install/erp42_util:/home/aiv/ev_ws/install/erp42_description:/home/aiv/ev_ws/install/erp42_msgs:/home/aiv/ev_ws/install/erp42_cmake:${AMENT_PREFIX_PATH} CMAKE_PREFIX_PATH=/home/aiv/ev_ws/install/erp42_util:/home/aiv/ev_ws/install/erp42_description:/home/aiv/ev_ws/install/erp42_msgs:/home/aiv/ev_ws/install/erp42_cmake:/home/aiv/ev_ws/carsa_gazebo/install/carsa_gazebo:/home/aiv/ev_ws/planning/install/chaining_costmap_ver:/home/aiv/ev_ws/ev_msgs/install/ev_msgs:/home/aiv/ev_ws/erp42_ros/install/erp42_serial:/home/aiv/ev_ws/erp42_ros/install/erp42_rqt_plugin:/home/aiv/ev_ws/erp42_ros/install/erp42_gazebo:/home/aiv/ev_ws/erp42_ros/install/erp42_util:/home/aiv/ev_ws/erp42_ros/install/erp42_msgs:/home/aiv/ev_ws/erp42_ros/install/erp42_description:/home/aiv/ev_ws/erp42_ros/install/erp42_cmake:/home/aiv/ev_ws/perception/install/velodyne:/home/aiv/ev_ws/perception/install/lidar_launch:/home/aiv/ev_ws/perception/install/velodyne_pointcloud:/home/aiv/ev_ws/perception/install/velodyne_driver:/home/aiv/ev_ws/perception/install/velodyne_msgs:/home/aiv/ev_ws/perception/install/velodyne_cropbox:/home/aiv/ev_ws/perception/install/patchworkpp:/home/aiv/ev_ws/perception/install/make_bbox:/home/aiv/ev_ws/perception/install/lidar_voxel_grid:/home/aiv/ev_ws/perception/install/dbscan_clustering:/home/aiv/ev_ws/perception/install/cluster_splitter:/opt/ros/humble LD_LIBRARY_PATH=/home/aiv/ev_ws/install/erp42_util/lib:/home/aiv/ev_ws/install/erp42_msgs/lib:${LD_LIBRARY_PATH} PYTHONPATH=/home/aiv/ev_ws/install/erp42_msgs/local/lib/python3.10/dist-packages:${PYTHONPATH} /usr/bin/cmake --build /home/aiv/ev_ws/build/erp42_serial -- -j28 -l28
[12.828s] Invoking command in '/home/aiv/ev_ws/build/erp42_serial': AMENT_PREFIX_PATH=/home/aiv/ev_ws/install/erp42_util:/home/aiv/ev_ws/install/erp42_description:/home/aiv/ev_ws/install/erp42_msgs:/home/aiv/ev_ws/install/erp42_cmake:${AMENT_PREFIX_PATH} CMAKE_PREFIX_PATH=/home/aiv/ev_ws/install/erp42_util:/home/aiv/ev_ws/install/erp42_description:/home/aiv/ev_ws/install/erp42_msgs:/home/aiv/ev_ws/install/erp42_cmake:/home/aiv/ev_ws/carsa_gazebo/install/carsa_gazebo:/home/aiv/ev_ws/planning/install/chaining_costmap_ver:/home/aiv/ev_ws/ev_msgs/install/ev_msgs:/home/aiv/ev_ws/erp42_ros/install/erp42_serial:/home/aiv/ev_ws/erp42_ros/install/erp42_rqt_plugin:/home/aiv/ev_ws/erp42_ros/install/erp42_gazebo:/home/aiv/ev_ws/erp42_ros/install/erp42_util:/home/aiv/ev_ws/erp42_ros/install/erp42_msgs:/home/aiv/ev_ws/erp42_ros/install/erp42_description:/home/aiv/ev_ws/erp42_ros/install/erp42_cmake:/home/aiv/ev_ws/perception/install/velodyne:/home/aiv/ev_ws/perception/install/lidar_launch:/home/aiv/ev_ws/perception/install/velodyne_pointcloud:/home/aiv/ev_ws/perception/install/velodyne_driver:/home/aiv/ev_ws/perception/install/velodyne_msgs:/home/aiv/ev_ws/perception/install/velodyne_cropbox:/home/aiv/ev_ws/perception/install/patchworkpp:/home/aiv/ev_ws/perception/install/make_bbox:/home/aiv/ev_ws/perception/install/lidar_voxel_grid:/home/aiv/ev_ws/perception/install/dbscan_clustering:/home/aiv/ev_ws/perception/install/cluster_splitter:/opt/ros/humble LD_LIBRARY_PATH=/home/aiv/ev_ws/install/erp42_util/lib:/home/aiv/ev_ws/install/erp42_msgs/lib:${LD_LIBRARY_PATH} PYTHONPATH=/home/aiv/ev_ws/install/erp42_msgs/local/lib/python3.10/dist-packages:${PYTHONPATH} /usr/bin/cmake --install /home/aiv/ev_ws/build/erp42_serial
[12.833s] -- Install configuration: ""
[12.833s] -- Execute custom install script
[12.833s] -- Symlinking: /home/aiv/ev_ws/install/erp42_serial/lib/erp42_serial/serial_bridge_composable
[12.841s] -- Symlinking: /home/aiv/ev_ws/install/erp42_serial/include/erp42_serial/erp42_serial/serial_bridge.hpp
[12.848s] -- Symlinking: /home/aiv/ev_ws/install/erp42_serial/include/erp42_serial/erp42_serial/serial_packet.hpp
[12.855s] -- Symlinking: /home/aiv/ev_ws/install/erp42_serial/include/erp42_serial/erp42_serial/serial_port.hpp
[12.863s] -- Symlinking: /home/aiv/ev_ws/install/erp42_serial/share/erp42_serial/environment/library_path.sh
[12.869s] -- Symlinking: /home/aiv/ev_ws/install/erp42_serial/share/erp42_serial/environment/library_path.dsv
[12.875s] -- Symlinking: /home/aiv/ev_ws/install/erp42_serial/lib/liberp42_serial.so
[12.881s] -- Symlinking: /home/aiv/ev_ws/install/erp42_serial/lib/erp42_serial/serial_bridge
[12.886s] -- Symlinking: /home/aiv/ev_ws/install/erp42_serial/share/ament_index/resource_index/package_run_dependencies/erp42_serial
[12.893s] -- Symlinking: /home/aiv/ev_ws/install/erp42_serial/share/ament_index/resource_index/parent_prefix_path/erp42_serial
[12.899s] -- Symlinking: /home/aiv/ev_ws/install/erp42_serial/share/erp42_serial/environment/ament_prefix_path.sh
[12.906s] -- Symlinking: /home/aiv/ev_ws/install/erp42_serial/share/erp42_serial/environment/ament_prefix_path.dsv
[12.912s] -- Symlinking: /home/aiv/ev_ws/install/erp42_serial/share/erp42_serial/environment/path.sh
[12.917s] -- Symlinking: /home/aiv/ev_ws/install/erp42_serial/share/erp42_serial/environment/path.dsv
[12.921s] -- Symlinking: /home/aiv/ev_ws/install/erp42_serial/share/erp42_serial/local_setup.bash
[12.928s] -- Symlinking: /home/aiv/ev_ws/install/erp42_serial/share/erp42_serial/local_setup.sh
[12.933s] -- Symlinking: /home/aiv/ev_ws/install/erp42_serial/share/erp42_serial/local_setup.zsh
[12.938s] -- Symlinking: /home/aiv/ev_ws/install/erp42_serial/share/erp42_serial/local_setup.dsv
[12.944s] -- Symlinking: /home/aiv/ev_ws/install/erp42_serial/share/erp42_serial/package.dsv
[12.951s] -- Symlinking: /home/aiv/ev_ws/install/erp42_serial/share/ament_index/resource_index/packages/erp42_serial
[12.957s] -- Symlinking: /home/aiv/ev_ws/install/erp42_serial/share/ament_index/resource_index/rclcpp_components/erp42_serial
[12.964s] -- Symlinking: /home/aiv/ev_ws/install/erp42_serial/share/erp42_serial/cmake/ament_cmake_export_dependencies-extras.cmake
[12.971s] -- Symlinking: /home/aiv/ev_ws/install/erp42_serial/share/erp42_serial/cmake/ament_cmake_export_include_directories-extras.cmake
[12.978s] -- Symlinking: /home/aiv/ev_ws/install/erp42_serial/share/erp42_serial/cmake/ament_cmake_export_libraries-extras.cmake
[12.985s] -- Symlinking: /home/aiv/ev_ws/install/erp42_serial/share/erp42_serial/cmake/erp42_serialConfig.cmake
[12.992s] -- Symlinking: /home/aiv/ev_ws/install/erp42_serial/share/erp42_serial/cmake/erp42_serialConfig-version.cmake
[12.998s] -- Symlinking: /home/aiv/ev_ws/install/erp42_serial/share/erp42_serial/package.xml
[13.008s] -- Symlinking: /home/aiv/ev_ws/install/erp42_serial/share/erp42_serial/config/serial_bridge.param.yaml
[13.014s] -- Symlinking: /home/aiv/ev_ws/install/erp42_serial/share/erp42_serial/launch/serial_bridge.launch.py
[13.024s] Invoked command in '/home/aiv/ev_ws/build/erp42_serial' returned '0': AMENT_PREFIX_PATH=/home/aiv/ev_ws/install/erp42_util:/home/aiv/ev_ws/install/erp42_description:/home/aiv/ev_ws/install/erp42_msgs:/home/aiv/ev_ws/install/erp42_cmake:${AMENT_PREFIX_PATH} CMAKE_PREFIX_PATH=/home/aiv/ev_ws/install/erp42_util:/home/aiv/ev_ws/install/erp42_description:/home/aiv/ev_ws/install/erp42_msgs:/home/aiv/ev_ws/install/erp42_cmake:/home/aiv/ev_ws/carsa_gazebo/install/carsa_gazebo:/home/aiv/ev_ws/planning/install/chaining_costmap_ver:/home/aiv/ev_ws/ev_msgs/install/ev_msgs:/home/aiv/ev_ws/erp42_ros/install/erp42_serial:/home/aiv/ev_ws/erp42_ros/install/erp42_rqt_plugin:/home/aiv/ev_ws/erp42_ros/install/erp42_gazebo:/home/aiv/ev_ws/erp42_ros/install/erp42_util:/home/aiv/ev_ws/erp42_ros/install/erp42_msgs:/home/aiv/ev_ws/erp42_ros/install/erp42_description:/home/aiv/ev_ws/erp42_ros/install/erp42_cmake:/home/aiv/ev_ws/perception/install/velodyne:/home/aiv/ev_ws/perception/install/lidar_launch:/home/aiv/ev_ws/perception/install/velodyne_pointcloud:/home/aiv/ev_ws/perception/install/velodyne_driver:/home/aiv/ev_ws/perception/install/velodyne_msgs:/home/aiv/ev_ws/perception/install/velodyne_cropbox:/home/aiv/ev_ws/perception/install/patchworkpp:/home/aiv/ev_ws/perception/install/make_bbox:/home/aiv/ev_ws/perception/install/lidar_voxel_grid:/home/aiv/ev_ws/perception/install/dbscan_clustering:/home/aiv/ev_ws/perception/install/cluster_splitter:/opt/ros/humble LD_LIBRARY_PATH=/home/aiv/ev_ws/install/erp42_util/lib:/home/aiv/ev_ws/install/erp42_msgs/lib:${LD_LIBRARY_PATH} PYTHONPATH=/home/aiv/ev_ws/install/erp42_msgs/local/lib/python3.10/dist-packages:${PYTHONPATH} /usr/bin/cmake --install /home/aiv/ev_ws/build/erp42_serial
