[0.008s] Invoking command in '/home/aiv/ev_ws/perception/build/dbscan_clustering': CMAKE_PREFIX_PATH=${CMAKE_PREFIX_PATH}:/opt/ros/humble /usr/bin/cmake --build /home/aiv/ev_ws/perception/build/dbscan_clustering -- -j28 -l28
[0.038s] -- [dbscan_clustering] CUDA found — GPU neighbor search enabled
[0.038s] -- Found ament_cmake: 1.3.12 (/opt/ros/humble/share/ament_cmake/cmake)
[0.110s] -- Override CMake install command with custom implementation using symlinks instead of copying resources
[0.118s] -- Found rclcpp: 16.0.17 (/opt/ros/humble/share/rclcpp/cmake)
[0.138s] -- Found rosidl_generator_c: 3.1.8 (/opt/ros/humble/share/rosidl_generator_c/cmake)
[0.139s] -- Found rosidl_adapter: 3.1.8 (/opt/ros/humble/share/rosidl_adapter/cmake)
[0.144s] -- Found rosidl_generator_cpp: 3.1.8 (/opt/ros/humble/share/rosidl_generator_cpp/cmake)
[0.150s] -- Using all available rosidl_typesupport_c: rosidl_typesupport_fastrtps_c;rosidl_typesupport_introspection_c
[0.158s] -- Using all available rosidl_typesupport_cpp: rosidl_typesupport_fastrtps_cpp;rosidl_typesupport_introspection_cpp
[0.179s] -- Found rmw_implementation_cmake: 6.1.2 (/opt/ros/humble/share/rmw_implementation_cmake/cmake)
[0.181s] -- Found rmw_fastrtps_cpp: 6.2.9 (/opt/ros/humble/share/rmw_fastrtps_cpp/cmake)
[0.243s] -- Using RMW implementation 'rmw_fastrtps_cpp' as default
[0.274s] -- Found rclcpp_components: 16.0.17 (/opt/ros/humble/share/rclcpp_components/cmake)
[0.285s] -- Found sensor_msgs: 4.9.0 (/opt/ros/humble/share/sensor_msgs/cmake)
[0.341s] -- Configuring done
[0.348s] -- Generating done
[0.350s] -- Build files have been written to: /home/aiv/ev_ws/perception/build/dbscan_clustering
[0.369s] Consolidate compiler generated dependencies of target dbscan_gpu
[0.371s] Consolidate compiler generated dependencies of target dbscan_node
[0.377s] [ 33%] Built target dbscan_gpu
[0.387s] [ 66%] Built target dbscan_node
[0.387s] Consolidate compiler generated dependencies of target dbscan_component
[0.398s] [ 83%] Building CXX object CMakeFiles/dbscan_component.dir/src/dbscan_node.cpp.o
[4.695s] [100%] Linking CXX shared library libdbscan_component.so
[4.933s] [100%] Built target dbscan_component
[4.941s] Invoked command in '/home/aiv/ev_ws/perception/build/dbscan_clustering' returned '0': CMAKE_PREFIX_PATH=${CMAKE_PREFIX_PATH}:/opt/ros/humble /usr/bin/cmake --build /home/aiv/ev_ws/perception/build/dbscan_clustering -- -j28 -l28
[4.947s] Invoking command in '/home/aiv/ev_ws/perception/build/dbscan_clustering': CMAKE_PREFIX_PATH=${CMAKE_PREFIX_PATH}:/opt/ros/humble /usr/bin/cmake --install /home/aiv/ev_ws/perception/build/dbscan_clustering
[4.951s] -- Install configuration: ""
[4.951s] -- Execute custom install script
[4.952s] -- Up-to-date symlink: /home/aiv/ev_ws/perception/install/dbscan_clustering/lib/libdbscan_component.so
[4.952s] -- Up-to-date symlink: /home/aiv/ev_ws/perception/install/dbscan_clustering/lib/libdbscan_gpu.so
[4.952s] -- Up-to-date symlink: /home/aiv/ev_ws/perception/install/dbscan_clustering/lib/dbscan_clustering/dbscan_node
[4.952s] -- Up-to-date symlink: /home/aiv/ev_ws/perception/install/dbscan_clustering/share/dbscan_clustering//launch/dbscan_clustering.launch.py
[4.952s] -- Up-to-date symlink: /home/aiv/ev_ws/perception/install/dbscan_clustering/share/dbscan_clustering//config/dbscan_params.yaml
[4.952s] -- Up-to-date symlink: /home/aiv/ev_ws/perception/install/dbscan_clustering/share/ament_index/resource_index/package_run_dependencies/dbscan_clustering
[4.952s] -- Up-to-date symlink: /home/aiv/ev_ws/perception/install/dbscan_clustering/share/ament_index/resource_index/parent_prefix_path/dbscan_clustering
[4.952s] -- Up-to-date symlink: /home/aiv/ev_ws/perception/install/dbscan_clustering/share/dbscan_clustering/environment/ament_prefix_path.sh
[4.952s] -- Up-to-date symlink: /home/aiv/ev_ws/perception/install/dbscan_clustering/share/dbscan_clustering/environment/ament_prefix_path.dsv
[4.952s] -- Up-to-date symlink: /home/aiv/ev_ws/perception/install/dbscan_clustering/share/dbscan_clustering/environment/path.sh
[4.952s] -- Up-to-date symlink: /home/aiv/ev_ws/perception/install/dbscan_clustering/share/dbscan_clustering/environment/path.dsv
[4.953s] -- Up-to-date symlink: /home/aiv/ev_ws/perception/install/dbscan_clustering/share/dbscan_clustering/local_setup.bash
[4.953s] -- Up-to-date symlink: /home/aiv/ev_ws/perception/install/dbscan_clustering/share/dbscan_clustering/local_setup.sh
[4.953s] -- Up-to-date symlink: /home/aiv/ev_ws/perception/install/dbscan_clustering/share/dbscan_clustering/local_setup.zsh
[4.953s] -- Up-to-date symlink: /home/aiv/ev_ws/perception/install/dbscan_clustering/share/dbscan_clustering/local_setup.dsv
[4.953s] -- Symlinking: /home/aiv/ev_ws/perception/install/dbscan_clustering/share/dbscan_clustering/package.dsv
[4.958s] -- Up-to-date symlink: /home/aiv/ev_ws/perception/install/dbscan_clustering/share/ament_index/resource_index/packages/dbscan_clustering
[4.958s] -- Up-to-date symlink: /home/aiv/ev_ws/perception/install/dbscan_clustering/share/ament_index/resource_index/rclcpp_components/dbscan_clustering
[4.958s] -- Up-to-date symlink: /home/aiv/ev_ws/perception/install/dbscan_clustering/share/dbscan_clustering/cmake/dbscan_clusteringConfig.cmake
[4.958s] -- Up-to-date symlink: /home/aiv/ev_ws/perception/install/dbscan_clustering/share/dbscan_clustering/cmake/dbscan_clusteringConfig-version.cmake
[4.958s] -- Up-to-date symlink: /home/aiv/ev_ws/perception/install/dbscan_clustering/share/dbscan_clustering/package.xml
[4.958s] Invoked command in '/home/aiv/ev_ws/perception/build/dbscan_clustering' returned '0': CMAKE_PREFIX_PATH=${CMAKE_PREFIX_PATH}:/opt/ros/humble /usr/bin/cmake --install /home/aiv/ev_ws/perception/build/dbscan_clustering
