[0.008s] Invoking command in '/home/aiv/ev_ws/perception/build/lidar_voxel_grid': CMAKE_PREFIX_PATH=${CMAKE_PREFIX_PATH}:/opt/ros/humble /usr/bin/cmake /home/aiv/ev_ws/perception/src/lidar/lidar_voxel_grid -DCMAKE_INSTALL_PREFIX=/home/aiv/ev_ws/perception/install/lidar_voxel_grid
[0.017s] -- Found ament_cmake: 1.3.12 (/opt/ros/humble/share/ament_cmake/cmake)
[0.084s] -- Override CMake install command with custom implementation using symlinks instead of copying resources
[0.087s] -- Found rclcpp: 16.0.17 (/opt/ros/humble/share/rclcpp/cmake)
[0.104s] -- Found rosidl_generator_c: 3.1.8 (/opt/ros/humble/share/rosidl_generator_c/cmake)
[0.106s] -- Found rosidl_adapter: 3.1.8 (/opt/ros/humble/share/rosidl_adapter/cmake)
[0.109s] -- Found rosidl_generator_cpp: 3.1.8 (/opt/ros/humble/share/rosidl_generator_cpp/cmake)
[0.115s] -- Using all available rosidl_typesupport_c: rosidl_typesupport_fastrtps_c;rosidl_typesupport_introspection_c
[0.121s] -- Using all available rosidl_typesupport_cpp: rosidl_typesupport_fastrtps_cpp;rosidl_typesupport_introspection_cpp
[0.138s] -- Found rmw_implementation_cmake: 6.1.2 (/opt/ros/humble/share/rmw_implementation_cmake/cmake)
[0.139s] -- Found rmw_fastrtps_cpp: 6.2.9 (/opt/ros/humble/share/rmw_fastrtps_cpp/cmake)
[0.199s] -- Using RMW implementation 'rmw_fastrtps_cpp' as default
[0.225s] -- Found rclcpp_components: 16.0.17 (/opt/ros/humble/share/rclcpp_components/cmake)
[0.235s] -- Found sensor_msgs: 4.9.0 (/opt/ros/humble/share/sensor_msgs/cmake)
[0.252s] -- Found pcl_conversions: 2.4.5 (/opt/ros/humble/share/pcl_conversions/cmake)
[0.277s] -- Eigen found (include: /usr/include/eigen3, version: 3.4.0)
[0.301s] -- FLANN found (include: /usr/include, lib: /usr/lib/x86_64-linux-gnu/libflann_cpp.so)
[0.520s] -- OpenNI found (version: 1.5.4.0, include: /usr/include/ni, lib: /usr/lib/libOpenNI.so;libusb::libusb)
[0.525s] -- OpenNI2 found (version: 2.2.0.33, include: /usr/include/openni2, lib: /usr/lib/x86_64-linux-gnu/libOpenNI2.so;libusb::libusb)
[0.621s] -- Eigen found (include: /usr/include/eigen3, version: 3.4.0)
[0.626s] -- OpenNI found (version: 1.5.4.0, include: /usr/include/ni, lib: /usr/lib/libOpenNI.so;libusb::libusb)
[0.631s] -- OpenNI2 found (version: 2.2.0.33, include: /usr/include/openni2, lib: /usr/lib/x86_64-linux-gnu/libOpenNI2.so;libusb::libusb)
[0.720s] -- Found Qhull version 8.0.2
[0.809s] -- OpenNI found (version: 1.5.4.0, include: /usr/include/ni, lib: /usr/lib/libOpenNI.so;libusb::libusb)
[0.916s] -- Found ament_lint_auto: 0.12.14 (/opt/ros/humble/share/ament_lint_auto/cmake)
[0.953s] -- Added test 'cppcheck' to perform static code analysis on C / C++ code
[0.953s] -- Configured cppcheck include dirs: /home/aiv/ev_ws/perception/src/lidar/lidar_voxel_grid/include
[0.953s] -- Configured cppcheck exclude dirs and/or files: 
[0.954s] -- Added test 'flake8' to check Python code syntax and style conventions
[0.954s] -- Added test 'lint_cmake' to check CMake code style
[0.954s] -- Added test 'pep257' to check Python code against some of the docstring style conventions in PEP 257
[0.954s] -- Added test 'uncrustify' to check C / C++ code style
[0.954s] -- Configured uncrustify additional arguments: 
[0.954s] -- Added test 'xmllint' to check XML markup files
[0.955s] -- Configuring done
[0.983s] -- Generating done
[0.988s] -- Build files have been written to: /home/aiv/ev_ws/perception/build/lidar_voxel_grid
[0.996s] Invoked command in '/home/aiv/ev_ws/perception/build/lidar_voxel_grid' returned '0': CMAKE_PREFIX_PATH=${CMAKE_PREFIX_PATH}:/opt/ros/humble /usr/bin/cmake /home/aiv/ev_ws/perception/src/lidar/lidar_voxel_grid -DCMAKE_INSTALL_PREFIX=/home/aiv/ev_ws/perception/install/lidar_voxel_grid
[0.998s] Invoking command in '/home/aiv/ev_ws/perception/build/lidar_voxel_grid': CMAKE_PREFIX_PATH=${CMAKE_PREFIX_PATH}:/opt/ros/humble /usr/bin/cmake --build /home/aiv/ev_ws/perception/build/lidar_voxel_grid -- -j28 -l28
[1.027s] Consolidate compiler generated dependencies of target voxel_grid_node
[1.030s] Consolidate compiler generated dependencies of target voxel_grid_component
[1.037s] [ 50%] Built target voxel_grid_node
[1.044s] [100%] Built target voxel_grid_component
[1.053s] Invoked command in '/home/aiv/ev_ws/perception/build/lidar_voxel_grid' returned '0': CMAKE_PREFIX_PATH=${CMAKE_PREFIX_PATH}:/opt/ros/humble /usr/bin/cmake --build /home/aiv/ev_ws/perception/build/lidar_voxel_grid -- -j28 -l28
[1.055s] Invoking command in '/home/aiv/ev_ws/perception/build/lidar_voxel_grid': CMAKE_PREFIX_PATH=${CMAKE_PREFIX_PATH}:/opt/ros/humble /usr/bin/cmake --install /home/aiv/ev_ws/perception/build/lidar_voxel_grid
[1.060s] -- Install configuration: ""
[1.060s] -- Execute custom install script
[1.060s] -- Up-to-date symlink: /home/aiv/ev_ws/perception/install/lidar_voxel_grid/lib/lidar_voxel_grid/voxel_grid_node
[1.061s] -- Up-to-date symlink: /home/aiv/ev_ws/perception/install/lidar_voxel_grid/lib/libvoxel_grid_component.so
[1.061s] -- Up-to-date symlink: /home/aiv/ev_ws/perception/install/lidar_voxel_grid/include/lidar_voxel_grid/voxel_grid_component.hpp
[1.061s] -- Up-to-date symlink: /home/aiv/ev_ws/perception/install/lidar_voxel_grid/share/lidar_voxel_grid/config/voxel_grid_params.yaml
[1.061s] -- Up-to-date symlink: /home/aiv/ev_ws/perception/install/lidar_voxel_grid/share/lidar_voxel_grid/launch/voxel_grid.launch.py
[1.061s] -- Up-to-date symlink: /home/aiv/ev_ws/perception/install/lidar_voxel_grid/share/ament_index/resource_index/package_run_dependencies/lidar_voxel_grid
[1.061s] -- Up-to-date symlink: /home/aiv/ev_ws/perception/install/lidar_voxel_grid/share/ament_index/resource_index/parent_prefix_path/lidar_voxel_grid
[1.061s] -- Up-to-date symlink: /home/aiv/ev_ws/perception/install/lidar_voxel_grid/share/lidar_voxel_grid/environment/ament_prefix_path.sh
[1.061s] -- Up-to-date symlink: /home/aiv/ev_ws/perception/install/lidar_voxel_grid/share/lidar_voxel_grid/environment/ament_prefix_path.dsv
[1.061s] -- Up-to-date symlink: /home/aiv/ev_ws/perception/install/lidar_voxel_grid/share/lidar_voxel_grid/environment/path.sh
[1.061s] -- Up-to-date symlink: /home/aiv/ev_ws/perception/install/lidar_voxel_grid/share/lidar_voxel_grid/environment/path.dsv
[1.061s] -- Up-to-date symlink: /home/aiv/ev_ws/perception/install/lidar_voxel_grid/share/lidar_voxel_grid/local_setup.bash
[1.062s] -- Up-to-date symlink: /home/aiv/ev_ws/perception/install/lidar_voxel_grid/share/lidar_voxel_grid/local_setup.sh
[1.062s] -- Up-to-date symlink: /home/aiv/ev_ws/perception/install/lidar_voxel_grid/share/lidar_voxel_grid/local_setup.zsh
[1.062s] -- Up-to-date symlink: /home/aiv/ev_ws/perception/install/lidar_voxel_grid/share/lidar_voxel_grid/local_setup.dsv
[1.062s] -- Symlinking: /home/aiv/ev_ws/perception/install/lidar_voxel_grid/share/lidar_voxel_grid/package.dsv
[1.068s] -- Up-to-date symlink: /home/aiv/ev_ws/perception/install/lidar_voxel_grid/share/ament_index/resource_index/packages/lidar_voxel_grid
[1.068s] -- Up-to-date symlink: /home/aiv/ev_ws/perception/install/lidar_voxel_grid/share/ament_index/resource_index/rclcpp_components/lidar_voxel_grid
[1.068s] -- Up-to-date symlink: /home/aiv/ev_ws/perception/install/lidar_voxel_grid/share/lidar_voxel_grid/cmake/lidar_voxel_gridConfig.cmake
[1.068s] -- Up-to-date symlink: /home/aiv/ev_ws/perception/install/lidar_voxel_grid/share/lidar_voxel_grid/cmake/lidar_voxel_gridConfig-version.cmake
[1.068s] -- Up-to-date symlink: /home/aiv/ev_ws/perception/install/lidar_voxel_grid/share/lidar_voxel_grid/package.xml
[1.070s] Invoked command in '/home/aiv/ev_ws/perception/build/lidar_voxel_grid' returned '0': CMAKE_PREFIX_PATH=${CMAKE_PREFIX_PATH}:/opt/ros/humble /usr/bin/cmake --install /home/aiv/ev_ws/perception/build/lidar_voxel_grid
