[0.027s] Invoking command in '/home/kimsohee/ev-1-5/ev-Autonomous-Vehicle-1-5/build/pp_controller_cpp': AMENT_PREFIX_PATH=/home/kimsohee/ev-1-5/ev-Autonomous-Vehicle-1-5/install/t870_msgs:/home/kimsohee/ev-1-5/ev-Autonomous-Vehicle-1-5/install/erp42_msgs:${AMENT_PREFIX_PATH} CMAKE_PREFIX_PATH=/home/kimsohee/ev-1-5/ev-Autonomous-Vehicle-1-5/install/t870_msgs:/home/kimsohee/ev-1-5/ev-Autonomous-Vehicle-1-5/install/erp42_msgs:/opt/ros/humble LD_LIBRARY_PATH=/home/kimsohee/ev-1-5/ev-Autonomous-Vehicle-1-5/install/t870_msgs/lib:/home/kimsohee/ev-1-5/ev-Autonomous-Vehicle-1-5/install/erp42_msgs/lib:${LD_LIBRARY_PATH} PYTHONPATH=/home/kimsohee/ev-1-5/ev-Autonomous-Vehicle-1-5/install/t870_msgs/local/lib/python3.10/dist-packages:/home/kimsohee/ev-1-5/ev-Autonomous-Vehicle-1-5/install/erp42_msgs/local/lib/python3.10/dist-packages:${PYTHONPATH} /usr/bin/cmake /home/kimsohee/ev-1-5/ev-Autonomous-Vehicle-1-5/control -DAMENT_CMAKE_SYMLINK_INSTALL=1 -DCMAKE_INSTALL_PREFIX=/home/kimsohee/ev-1-5/ev-Autonomous-Vehicle-1-5/install/pp_controller_cpp
[3.334s] -- The C compiler identification is GNU 11.4.0
[3.335s] -- The CXX compiler identification is GNU 11.4.0
[3.335s] -- Detecting C compiler ABI info
[3.335s] -- Detecting C compiler ABI info - done
[3.335s] -- Check for working C compiler: /usr/bin/cc - skipped
[3.335s] -- Detecting C compile features
[3.335s] -- Detecting C compile features - done
[3.335s] -- Detecting CXX compiler ABI info
[3.335s] -- Detecting CXX compiler ABI info - done
[3.335s] -- Check for working CXX compiler: /usr/bin/c++ - skipped
[3.335s] -- Detecting CXX compile features
[3.335s] -- Detecting CXX compile features - done
[3.335s] -- Found ament_cmake: 1.3.12 (/opt/ros/humble/share/ament_cmake/cmake)
[3.335s] -- Found Python3: /usr/bin/python3 (found version "3.10.12") found components: Interpreter 
[3.336s] -- Override CMake install command with custom implementation using symlinks instead of copying resources
[3.336s] -- Found rclcpp: 16.0.17 (/opt/ros/humble/share/rclcpp/cmake)
[3.336s] -- Found rosidl_generator_c: 3.1.8 (/opt/ros/humble/share/rosidl_generator_c/cmake)
[3.336s] -- Found rosidl_adapter: 3.1.8 (/opt/ros/humble/share/rosidl_adapter/cmake)
[3.336s] -- Found rosidl_generator_cpp: 3.1.8 (/opt/ros/humble/share/rosidl_generator_cpp/cmake)
[3.336s] -- Using all available rosidl_typesupport_c: rosidl_typesupport_fastrtps_c;rosidl_typesupport_introspection_c
[3.336s] -- Using all available rosidl_typesupport_cpp: rosidl_typesupport_fastrtps_cpp;rosidl_typesupport_introspection_cpp
[3.336s] -- Found rmw_implementation_cmake: 6.1.2 (/opt/ros/humble/share/rmw_implementation_cmake/cmake)
[3.336s] -- Found rmw_fastrtps_cpp: 6.2.9 (/opt/ros/humble/share/rmw_fastrtps_cpp/cmake)
[3.336s] -- Found OpenSSL: /usr/lib/aarch64-linux-gnu/libcrypto.so (found version "3.0.2")  
[3.336s] -- Found FastRTPS: /opt/ros/humble/include  
[3.336s] -- Using RMW implementation 'rmw_fastrtps_cpp' as default
[3.336s] -- Looking for pthread.h
[3.336s] -- Looking for pthread.h - found
[3.337s] -- Performing Test CMAKE_HAVE_LIBC_PTHREAD
[3.337s] -- Performing Test CMAKE_HAVE_LIBC_PTHREAD - Success
[3.337s] -- Found Threads: TRUE  
[3.337s] -- Found visualization_msgs: 4.9.0 (/opt/ros/humble/share/visualization_msgs/cmake)
[3.337s] -- Found t870_msgs: 0.0.0 (/home/kimsohee/ev-1-5/ev-Autonomous-Vehicle-1-5/install/t870_msgs/share/t870_msgs/cmake)
[3.337s] -- Found erp42_msgs: 0.0.0 (/home/kimsohee/ev-1-5/ev-Autonomous-Vehicle-1-5/install/erp42_msgs/share/erp42_msgs/cmake)
[3.337s] -- Configuring done
[3.337s] -- Generating done
[3.337s] -- Build files have been written to: /home/kimsohee/ev-1-5/ev-Autonomous-Vehicle-1-5/build/pp_controller_cpp
[3.376s] Invoked command in '/home/kimsohee/ev-1-5/ev-Autonomous-Vehicle-1-5/build/pp_controller_cpp' returned '0': AMENT_PREFIX_PATH=/home/kimsohee/ev-1-5/ev-Autonomous-Vehicle-1-5/install/t870_msgs:/home/kimsohee/ev-1-5/ev-Autonomous-Vehicle-1-5/install/erp42_msgs:${AMENT_PREFIX_PATH} CMAKE_PREFIX_PATH=/home/kimsohee/ev-1-5/ev-Autonomous-Vehicle-1-5/install/t870_msgs:/home/kimsohee/ev-1-5/ev-Autonomous-Vehicle-1-5/install/erp42_msgs:/opt/ros/humble LD_LIBRARY_PATH=/home/kimsohee/ev-1-5/ev-Autonomous-Vehicle-1-5/install/t870_msgs/lib:/home/kimsohee/ev-1-5/ev-Autonomous-Vehicle-1-5/install/erp42_msgs/lib:${LD_LIBRARY_PATH} PYTHONPATH=/home/kimsohee/ev-1-5/ev-Autonomous-Vehicle-1-5/install/t870_msgs/local/lib/python3.10/dist-packages:/home/kimsohee/ev-1-5/ev-Autonomous-Vehicle-1-5/install/erp42_msgs/local/lib/python3.10/dist-packages:${PYTHONPATH} /usr/bin/cmake /home/kimsohee/ev-1-5/ev-Autonomous-Vehicle-1-5/control -DAMENT_CMAKE_SYMLINK_INSTALL=1 -DCMAKE_INSTALL_PREFIX=/home/kimsohee/ev-1-5/ev-Autonomous-Vehicle-1-5/install/pp_controller_cpp
[3.376s] Invoking command in '/home/kimsohee/ev-1-5/ev-Autonomous-Vehicle-1-5/build/pp_controller_cpp': AMENT_PREFIX_PATH=/home/kimsohee/ev-1-5/ev-Autonomous-Vehicle-1-5/install/t870_msgs:/home/kimsohee/ev-1-5/ev-Autonomous-Vehicle-1-5/install/erp42_msgs:${AMENT_PREFIX_PATH} CMAKE_PREFIX_PATH=/home/kimsohee/ev-1-5/ev-Autonomous-Vehicle-1-5/install/t870_msgs:/home/kimsohee/ev-1-5/ev-Autonomous-Vehicle-1-5/install/erp42_msgs:/opt/ros/humble LD_LIBRARY_PATH=/home/kimsohee/ev-1-5/ev-Autonomous-Vehicle-1-5/install/t870_msgs/lib:/home/kimsohee/ev-1-5/ev-Autonomous-Vehicle-1-5/install/erp42_msgs/lib:${LD_LIBRARY_PATH} PYTHONPATH=/home/kimsohee/ev-1-5/ev-Autonomous-Vehicle-1-5/install/t870_msgs/local/lib/python3.10/dist-packages:/home/kimsohee/ev-1-5/ev-Autonomous-Vehicle-1-5/install/erp42_msgs/local/lib/python3.10/dist-packages:${PYTHONPATH} /usr/bin/cmake --build /home/kimsohee/ev-1-5/ev-Autonomous-Vehicle-1-5/build/pp_controller_cpp -- -j10 -l10
[27.974s] [ 50%] [32mBuilding CXX object CMakeFiles/pure_pursuit_relative_node.dir/src/pure_pursuit_relative_node.cpp.o[0m
[27.978s] [100%] [32m[1mLinking CXX executable pure_pursuit_relative_node[0m
[27.978s] [100%] Built target pure_pursuit_relative_node
[28.424s] Invoked command in '/home/kimsohee/ev-1-5/ev-Autonomous-Vehicle-1-5/build/pp_controller_cpp' returned '0': AMENT_PREFIX_PATH=/home/kimsohee/ev-1-5/ev-Autonomous-Vehicle-1-5/install/t870_msgs:/home/kimsohee/ev-1-5/ev-Autonomous-Vehicle-1-5/install/erp42_msgs:${AMENT_PREFIX_PATH} CMAKE_PREFIX_PATH=/home/kimsohee/ev-1-5/ev-Autonomous-Vehicle-1-5/install/t870_msgs:/home/kimsohee/ev-1-5/ev-Autonomous-Vehicle-1-5/install/erp42_msgs:/opt/ros/humble LD_LIBRARY_PATH=/home/kimsohee/ev-1-5/ev-Autonomous-Vehicle-1-5/install/t870_msgs/lib:/home/kimsohee/ev-1-5/ev-Autonomous-Vehicle-1-5/install/erp42_msgs/lib:${LD_LIBRARY_PATH} PYTHONPATH=/home/kimsohee/ev-1-5/ev-Autonomous-Vehicle-1-5/install/t870_msgs/local/lib/python3.10/dist-packages:/home/kimsohee/ev-1-5/ev-Autonomous-Vehicle-1-5/install/erp42_msgs/local/lib/python3.10/dist-packages:${PYTHONPATH} /usr/bin/cmake --build /home/kimsohee/ev-1-5/ev-Autonomous-Vehicle-1-5/build/pp_controller_cpp -- -j10 -l10
[28.433s] Invoking command in '/home/kimsohee/ev-1-5/ev-Autonomous-Vehicle-1-5/build/pp_controller_cpp': AMENT_PREFIX_PATH=/home/kimsohee/ev-1-5/ev-Autonomous-Vehicle-1-5/install/t870_msgs:/home/kimsohee/ev-1-5/ev-Autonomous-Vehicle-1-5/install/erp42_msgs:${AMENT_PREFIX_PATH} CMAKE_PREFIX_PATH=/home/kimsohee/ev-1-5/ev-Autonomous-Vehicle-1-5/install/t870_msgs:/home/kimsohee/ev-1-5/ev-Autonomous-Vehicle-1-5/install/erp42_msgs:/opt/ros/humble LD_LIBRARY_PATH=/home/kimsohee/ev-1-5/ev-Autonomous-Vehicle-1-5/install/t870_msgs/lib:/home/kimsohee/ev-1-5/ev-Autonomous-Vehicle-1-5/install/erp42_msgs/lib:${LD_LIBRARY_PATH} PYTHONPATH=/home/kimsohee/ev-1-5/ev-Autonomous-Vehicle-1-5/install/t870_msgs/local/lib/python3.10/dist-packages:/home/kimsohee/ev-1-5/ev-Autonomous-Vehicle-1-5/install/erp42_msgs/local/lib/python3.10/dist-packages:${PYTHONPATH} /usr/bin/cmake --install /home/kimsohee/ev-1-5/ev-Autonomous-Vehicle-1-5/build/pp_controller_cpp
[29.187s] -- Install configuration: ""
[29.188s] -- Execute custom install script
[29.188s] -- Symlinking: /home/kimsohee/ev-1-5/ev-Autonomous-Vehicle-1-5/install/pp_controller_cpp/lib/pp_controller_cpp/pure_pursuit_relative_node
[29.188s] -- Symlinking: /home/kimsohee/ev-1-5/ev-Autonomous-Vehicle-1-5/install/pp_controller_cpp/share/pp_controller_cpp/launch/pure_pursuit.launch.py
[29.188s] -- Symlinking: /home/kimsohee/ev-1-5/ev-Autonomous-Vehicle-1-5/install/pp_controller_cpp/share/pp_controller_cpp/config/pure_pursuit.yaml
[29.188s] -- Symlinking: /home/kimsohee/ev-1-5/ev-Autonomous-Vehicle-1-5/install/pp_controller_cpp/share/ament_index/resource_index/package_run_dependencies/pp_controller_cpp
[29.188s] -- Symlinking: /home/kimsohee/ev-1-5/ev-Autonomous-Vehicle-1-5/install/pp_controller_cpp/share/ament_index/resource_index/parent_prefix_path/pp_controller_cpp
[29.188s] -- Symlinking: /home/kimsohee/ev-1-5/ev-Autonomous-Vehicle-1-5/install/pp_controller_cpp/share/pp_controller_cpp/environment/ament_prefix_path.sh
[29.188s] -- Symlinking: /home/kimsohee/ev-1-5/ev-Autonomous-Vehicle-1-5/install/pp_controller_cpp/share/pp_controller_cpp/environment/ament_prefix_path.dsv
[29.188s] -- Symlinking: /home/kimsohee/ev-1-5/ev-Autonomous-Vehicle-1-5/install/pp_controller_cpp/share/pp_controller_cpp/environment/path.sh
[29.188s] -- Symlinking: /home/kimsohee/ev-1-5/ev-Autonomous-Vehicle-1-5/install/pp_controller_cpp/share/pp_controller_cpp/environment/path.dsv
[29.188s] -- Symlinking: /home/kimsohee/ev-1-5/ev-Autonomous-Vehicle-1-5/install/pp_controller_cpp/share/pp_controller_cpp/local_setup.bash
[29.188s] -- Symlinking: /home/kimsohee/ev-1-5/ev-Autonomous-Vehicle-1-5/install/pp_controller_cpp/share/pp_controller_cpp/local_setup.sh
[29.188s] -- Symlinking: /home/kimsohee/ev-1-5/ev-Autonomous-Vehicle-1-5/install/pp_controller_cpp/share/pp_controller_cpp/local_setup.zsh
[29.188s] -- Symlinking: /home/kimsohee/ev-1-5/ev-Autonomous-Vehicle-1-5/install/pp_controller_cpp/share/pp_controller_cpp/local_setup.dsv
[29.189s] -- Symlinking: /home/kimsohee/ev-1-5/ev-Autonomous-Vehicle-1-5/install/pp_controller_cpp/share/pp_controller_cpp/package.dsv
[29.189s] -- Symlinking: /home/kimsohee/ev-1-5/ev-Autonomous-Vehicle-1-5/install/pp_controller_cpp/share/ament_index/resource_index/packages/pp_controller_cpp
[29.189s] -- Symlinking: /home/kimsohee/ev-1-5/ev-Autonomous-Vehicle-1-5/install/pp_controller_cpp/share/pp_controller_cpp/cmake/pp_controller_cppConfig.cmake
[29.189s] -- Symlinking: /home/kimsohee/ev-1-5/ev-Autonomous-Vehicle-1-5/install/pp_controller_cpp/share/pp_controller_cpp/cmake/pp_controller_cppConfig-version.cmake
[29.189s] -- Symlinking: /home/kimsohee/ev-1-5/ev-Autonomous-Vehicle-1-5/install/pp_controller_cpp/share/pp_controller_cpp/package.xml
[29.190s] Invoked command in '/home/kimsohee/ev-1-5/ev-Autonomous-Vehicle-1-5/build/pp_controller_cpp' returned '0': AMENT_PREFIX_PATH=/home/kimsohee/ev-1-5/ev-Autonomous-Vehicle-1-5/install/t870_msgs:/home/kimsohee/ev-1-5/ev-Autonomous-Vehicle-1-5/install/erp42_msgs:${AMENT_PREFIX_PATH} CMAKE_PREFIX_PATH=/home/kimsohee/ev-1-5/ev-Autonomous-Vehicle-1-5/install/t870_msgs:/home/kimsohee/ev-1-5/ev-Autonomous-Vehicle-1-5/install/erp42_msgs:/opt/ros/humble LD_LIBRARY_PATH=/home/kimsohee/ev-1-5/ev-Autonomous-Vehicle-1-5/install/t870_msgs/lib:/home/kimsohee/ev-1-5/ev-Autonomous-Vehicle-1-5/install/erp42_msgs/lib:${LD_LIBRARY_PATH} PYTHONPATH=/home/kimsohee/ev-1-5/ev-Autonomous-Vehicle-1-5/install/t870_msgs/local/lib/python3.10/dist-packages:/home/kimsohee/ev-1-5/ev-Autonomous-Vehicle-1-5/install/erp42_msgs/local/lib/python3.10/dist-packages:${PYTHONPATH} /usr/bin/cmake --install /home/kimsohee/ev-1-5/ev-Autonomous-Vehicle-1-5/build/pp_controller_cpp
