[0.009s] Invoking command in '/home/aiv/ev_ws/planning/build/track_planning': AMENT_PREFIX_PATH=/home/aiv/ev_ws/planning/install/track_msgs:${AMENT_PREFIX_PATH} CMAKE_PREFIX_PATH=/home/aiv/ev_ws/planning/install/track_msgs:/home/aiv/ev_ws/carsa_gazebo/install/carsa_gazebo:/home/aiv/ev_ws/erp42_ros/install/erp42_serial:/home/aiv/ev_ws/erp42_ros/install/erp42_rqt_plugin:/home/aiv/ev_ws/erp42_ros/install/erp42_gazebo:/home/aiv/ev_ws/erp42_ros/install/erp42_util:/home/aiv/ev_ws/erp42_ros/install/erp42_msgs:/home/aiv/ev_ws/erp42_ros/install/erp42_description:/home/aiv/ev_ws/erp42_ros/install/erp42_cmake:/home/aiv/ev_ws/perception/install/velodyne:/home/aiv/ev_ws/perception/install/lidar_launch:/home/aiv/ev_ws/perception/install/velodyne_pointcloud:/home/aiv/ev_ws/perception/install/velodyne_driver:/home/aiv/ev_ws/perception/install/velodyne_msgs:/home/aiv/ev_ws/perception/install/velodyne_laserscan:/home/aiv/ev_ws/perception/install/velodyne_cropbox:/home/aiv/ev_ws/perception/install/patchworkpp:/home/aiv/ev_ws/perception/install/lidar_voxel_grid:/home/aiv/ev_ws/perception/install/lidar_interfaces:/home/aiv/ev_ws/perception/install/dbscan_clustering:/home/aiv/ev_ws/perception/install/cluster_splitter:/opt/ros/humble LD_LIBRARY_PATH=/home/aiv/ev_ws/planning/install/track_msgs/lib:${LD_LIBRARY_PATH} PYTHONPATH=/home/aiv/ev_ws/planning/install/track_msgs/local/lib/python3.10/dist-packages:${PYTHONPATH} /usr/bin/cmake --build /home/aiv/ev_ws/planning/build/track_planning -- -j28 -l28
[0.025s] -- Found ament_cmake: 1.3.12 (/opt/ros/humble/share/ament_cmake/cmake)
[0.090s] -- Found rclcpp: 16.0.17 (/opt/ros/humble/share/rclcpp/cmake)
[0.103s] -- Found rosidl_generator_c: 3.1.8 (/opt/ros/humble/share/rosidl_generator_c/cmake)
[0.104s] -- Found rosidl_adapter: 3.1.8 (/opt/ros/humble/share/rosidl_adapter/cmake)
[0.107s] -- Found rosidl_generator_cpp: 3.1.8 (/opt/ros/humble/share/rosidl_generator_cpp/cmake)
[0.111s] -- Using all available rosidl_typesupport_c: rosidl_typesupport_fastrtps_c;rosidl_typesupport_introspection_c
[0.117s] -- Using all available rosidl_typesupport_cpp: rosidl_typesupport_fastrtps_cpp;rosidl_typesupport_introspection_cpp
[0.132s] -- Found rmw_implementation_cmake: 6.1.2 (/opt/ros/humble/share/rmw_implementation_cmake/cmake)
[0.133s] -- Found rmw_fastrtps_cpp: 6.2.9 (/opt/ros/humble/share/rmw_fastrtps_cpp/cmake)
[0.188s] -- Using RMW implementation 'rmw_fastrtps_cpp' as default
[0.211s] -- Found rclcpp_components: 16.0.17 (/opt/ros/humble/share/rclcpp_components/cmake)
[0.219s] -- Found nav_msgs: 4.9.0 (/opt/ros/humble/share/nav_msgs/cmake)
[0.233s] -- Found visualization_msgs: 4.9.0 (/opt/ros/humble/share/visualization_msgs/cmake)
[0.250s] -- Found track_msgs: 0.1.0 (/home/aiv/ev_ws/planning/install/track_msgs/share/track_msgs/cmake)
[0.262s] -- Found ament_lint_auto: 0.12.14 (/opt/ros/humble/share/ament_lint_auto/cmake)
[0.297s] -- Added test 'cppcheck' to perform static code analysis on C / C++ code
[0.297s] -- Configured cppcheck include dirs: /home/aiv/ev_ws/planning/src/track_planning/include
[0.297s] -- Configured cppcheck exclude dirs and/or files: 
[0.297s] -- Added test 'flake8' to check Python code syntax and style conventions
[0.298s] -- Added test 'lint_cmake' to check CMake code style
[0.298s] -- Added test 'pep257' to check Python code against some of the docstring style conventions in PEP 257
[0.299s] -- Added test 'uncrustify' to check C / C++ code style
[0.299s] -- Configured uncrustify additional arguments: 
[0.299s] -- Added test 'xmllint' to check XML markup files
[0.300s] -- Configuring done
[0.309s] -- Generating done
[0.313s] -- Build files have been written to: /home/aiv/ev_ws/planning/build/track_planning
[0.334s] Consolidate compiler generated dependencies of target track_planning_postprocess
[0.334s] Consolidate compiler generated dependencies of target local_planner_node_exe
[0.337s] Consolidate compiler generated dependencies of target track_planning_corridor
[0.342s] [ 20%] Built target track_planning_postprocess
[0.344s] [ 40%] Built target local_planner_node_exe
[0.347s] [ 80%] Built target track_planning_corridor
[0.356s] Consolidate compiler generated dependencies of target local_planner_component
[0.366s] [ 90%] Building CXX object CMakeFiles/local_planner_component.dir/src/nodes/local_planner_node.cpp.o
[0.465s] In file included from /home/aiv/ev_ws/planning/src/track_planning/src/nodes/local_planner_node.cpp:14:
[0.465s] /home/aiv/ev_ws/planning/src/track_planning/include/track_planning/common/debug_publish.hpp:6:19: warning: "/*" within comment [-Wcomment]
[0.465s]     6 |  * /planning/debug/* 토픽으로 발행할 수 있게 해주는 헬퍼 함수들.
[0.465s]       |                    
[1.550s] /home/aiv/ev_ws/planning/src/track_planning/src/nodes/local_planner_node.cpp: In member function ‘void track_planning::LocalPlannerNode::on_timer()’:
[1.550s] /home/aiv/ev_ws/planning/src/track_planning/src/nodes/local_planner_node.cpp:336:16: warning: unused variable ‘ego_speed’ [-Wunused-variable]
[1.550s]   336 |   const double ego_speed = std::sqrt(
[1.550s]       |                ^~~~~~~~~
[9.969s] [100%] Linking CXX shared library liblocal_planner_component.so
[10.558s] [100%] Built target local_planner_component
[10.566s] Invoked command in '/home/aiv/ev_ws/planning/build/track_planning' returned '0': AMENT_PREFIX_PATH=/home/aiv/ev_ws/planning/install/track_msgs:${AMENT_PREFIX_PATH} CMAKE_PREFIX_PATH=/home/aiv/ev_ws/planning/install/track_msgs:/home/aiv/ev_ws/carsa_gazebo/install/carsa_gazebo:/home/aiv/ev_ws/erp42_ros/install/erp42_serial:/home/aiv/ev_ws/erp42_ros/install/erp42_rqt_plugin:/home/aiv/ev_ws/erp42_ros/install/erp42_gazebo:/home/aiv/ev_ws/erp42_ros/install/erp42_util:/home/aiv/ev_ws/erp42_ros/install/erp42_msgs:/home/aiv/ev_ws/erp42_ros/install/erp42_description:/home/aiv/ev_ws/erp42_ros/install/erp42_cmake:/home/aiv/ev_ws/perception/install/velodyne:/home/aiv/ev_ws/perception/install/lidar_launch:/home/aiv/ev_ws/perception/install/velodyne_pointcloud:/home/aiv/ev_ws/perception/install/velodyne_driver:/home/aiv/ev_ws/perception/install/velodyne_msgs:/home/aiv/ev_ws/perception/install/velodyne_laserscan:/home/aiv/ev_ws/perception/install/velodyne_cropbox:/home/aiv/ev_ws/perception/install/patchworkpp:/home/aiv/ev_ws/perception/install/lidar_voxel_grid:/home/aiv/ev_ws/perception/install/lidar_interfaces:/home/aiv/ev_ws/perception/install/dbscan_clustering:/home/aiv/ev_ws/perception/install/cluster_splitter:/opt/ros/humble LD_LIBRARY_PATH=/home/aiv/ev_ws/planning/install/track_msgs/lib:${LD_LIBRARY_PATH} PYTHONPATH=/home/aiv/ev_ws/planning/install/track_msgs/local/lib/python3.10/dist-packages:${PYTHONPATH} /usr/bin/cmake --build /home/aiv/ev_ws/planning/build/track_planning -- -j28 -l28
[10.571s] Invoking command in '/home/aiv/ev_ws/planning/build/track_planning': AMENT_PREFIX_PATH=/home/aiv/ev_ws/planning/install/track_msgs:${AMENT_PREFIX_PATH} CMAKE_PREFIX_PATH=/home/aiv/ev_ws/planning/install/track_msgs:/home/aiv/ev_ws/carsa_gazebo/install/carsa_gazebo:/home/aiv/ev_ws/erp42_ros/install/erp42_serial:/home/aiv/ev_ws/erp42_ros/install/erp42_rqt_plugin:/home/aiv/ev_ws/erp42_ros/install/erp42_gazebo:/home/aiv/ev_ws/erp42_ros/install/erp42_util:/home/aiv/ev_ws/erp42_ros/install/erp42_msgs:/home/aiv/ev_ws/erp42_ros/install/erp42_description:/home/aiv/ev_ws/erp42_ros/install/erp42_cmake:/home/aiv/ev_ws/perception/install/velodyne:/home/aiv/ev_ws/perception/install/lidar_launch:/home/aiv/ev_ws/perception/install/velodyne_pointcloud:/home/aiv/ev_ws/perception/install/velodyne_driver:/home/aiv/ev_ws/perception/install/velodyne_msgs:/home/aiv/ev_ws/perception/install/velodyne_laserscan:/home/aiv/ev_ws/perception/install/velodyne_cropbox:/home/aiv/ev_ws/perception/install/patchworkpp:/home/aiv/ev_ws/perception/install/lidar_voxel_grid:/home/aiv/ev_ws/perception/install/lidar_interfaces:/home/aiv/ev_ws/perception/install/dbscan_clustering:/home/aiv/ev_ws/perception/install/cluster_splitter:/opt/ros/humble LD_LIBRARY_PATH=/home/aiv/ev_ws/planning/install/track_msgs/lib:${LD_LIBRARY_PATH} PYTHONPATH=/home/aiv/ev_ws/planning/install/track_msgs/local/lib/python3.10/dist-packages:${PYTHONPATH} /usr/bin/cmake --install /home/aiv/ev_ws/planning/build/track_planning
[10.577s] -- Install configuration: ""
[10.577s] -- Installing: /home/aiv/ev_ws/planning/install/track_planning/lib/libtrack_planning_corridor.so
[10.578s] -- Set runtime path of "/home/aiv/ev_ws/planning/install/track_planning/lib/libtrack_planning_corridor.so" to ""
[10.578s] -- Installing: /home/aiv/ev_ws/planning/install/track_planning/lib/libtrack_planning_postprocess.so
[10.578s] -- Set runtime path of "/home/aiv/ev_ws/planning/install/track_planning/lib/libtrack_planning_postprocess.so" to ""
[10.578s] -- Up-to-date: /home/aiv/ev_ws/planning/install/track_planning/lib/track_planning/local_planner_node_exe
[10.578s] -- Installing: /home/aiv/ev_ws/planning/install/track_planning/lib/liblocal_planner_component.so
[10.589s] -- Set runtime path of "/home/aiv/ev_ws/planning/install/track_planning/lib/liblocal_planner_component.so" to ""
[10.589s] -- Up-to-date: /home/aiv/ev_ws/planning/install/track_planning/include
[10.589s] -- Up-to-date: /home/aiv/ev_ws/planning/install/track_planning/include/track_planning
[10.589s] -- Up-to-date: /home/aiv/ev_ws/planning/install/track_planning/include/track_planning/corridor
[10.589s] -- Up-to-date: /home/aiv/ev_ws/planning/install/track_planning/include/track_planning/corridor/corridor_builder.hpp
[10.589s] -- Up-to-date: /home/aiv/ev_ws/planning/install/track_planning/include/track_planning/corridor/virtual_boundary.hpp
[10.589s] -- Up-to-date: /home/aiv/ev_ws/planning/install/track_planning/include/track_planning/corridor/centerline_builder.hpp
[10.589s] -- Up-to-date: /home/aiv/ev_ws/planning/install/track_planning/include/track_planning/costmap
[10.590s] -- Up-to-date: /home/aiv/ev_ws/planning/install/track_planning/include/track_planning/costmap/costmap_validation_builder.hpp
[10.590s] -- Up-to-date: /home/aiv/ev_ws/planning/install/track_planning/include/track_planning/costmap/inflation.hpp
[10.590s] -- Up-to-date: /home/aiv/ev_ws/planning/install/track_planning/include/track_planning/costmap/connected_component.hpp
[10.590s] -- Up-to-date: /home/aiv/ev_ws/planning/install/track_planning/include/track_planning/costmap/drivable_mask_scanline.hpp
[10.590s] -- Up-to-date: /home/aiv/ev_ws/planning/install/track_planning/include/track_planning/common
[10.590s] -- Up-to-date: /home/aiv/ev_ws/planning/install/track_planning/include/track_planning/common/geometry.hpp
[10.590s] -- Installing: /home/aiv/ev_ws/planning/install/track_planning/include/track_planning/common/types.hpp
[10.590s] -- Installing: /home/aiv/ev_ws/planning/install/track_planning/include/track_planning/common/params.hpp
[10.590s] -- Up-to-date: /home/aiv/ev_ws/planning/install/track_planning/include/track_planning/common/debug_publish.hpp
[10.590s] -- Up-to-date: /home/aiv/ev_ws/planning/install/track_planning/include/track_planning/planner
[10.590s] -- Up-to-date: /home/aiv/ev_ws/planning/install/track_planning/include/track_planning/planner/astar_planner.hpp
[10.590s] -- Up-to-date: /home/aiv/ev_ws/planning/install/track_planning/include/track_planning/planner/mode_selector.hpp
[10.590s] -- Up-to-date: /home/aiv/ev_ws/planning/install/track_planning/include/track_planning/goal
[10.590s] -- Up-to-date: /home/aiv/ev_ws/planning/install/track_planning/include/track_planning/goal/goal_selector.hpp
[10.590s] -- Up-to-date: /home/aiv/ev_ws/planning/install/track_planning/include/track_planning/nodes
[10.590s] -- Installing: /home/aiv/ev_ws/planning/install/track_planning/include/track_planning/nodes/local_planner_node.hpp
[10.590s] -- Up-to-date: /home/aiv/ev_ws/planning/install/track_planning/include/track_planning/safety
[10.590s] -- Installing: /home/aiv/ev_ws/planning/install/track_planning/include/track_planning/safety/safety_checker.hpp
[10.590s] -- Up-to-date: /home/aiv/ev_ws/planning/install/track_planning/include/track_planning/third_party
[10.590s] -- Up-to-date: /home/aiv/ev_ws/planning/install/track_planning/include/track_planning/third_party/CDT
[10.590s] -- Up-to-date: /home/aiv/ev_ws/planning/install/track_planning/include/track_planning/third_party/CDT/LICENSE
[10.590s] -- Up-to-date: /home/aiv/ev_ws/planning/install/track_planning/include/track_planning/third_party/CDT/CDT.hpp
[10.590s] -- Up-to-date: /home/aiv/ev_ws/planning/install/track_planning/include/track_planning/third_party/CDT/CDTUtils.hpp
[10.590s] -- Up-to-date: /home/aiv/ev_ws/planning/install/track_planning/include/track_planning/third_party/CDT/portable_nth_element.hpp
[10.590s] -- Up-to-date: /home/aiv/ev_ws/planning/install/track_planning/include/track_planning/third_party/CDT/Triangulation.h
[10.590s] -- Up-to-date: /home/aiv/ev_ws/planning/install/track_planning/include/track_planning/third_party/CDT/predicates.h
[10.590s] -- Up-to-date: /home/aiv/ev_ws/planning/install/track_planning/include/track_planning/third_party/CDT/LocatorKDTree.h
[10.590s] -- Up-to-date: /home/aiv/ev_ws/planning/install/track_planning/include/track_planning/third_party/CDT/remove_at.hpp
[10.590s] -- Up-to-date: /home/aiv/ev_ws/planning/install/track_planning/include/track_planning/third_party/CDT/Triangulation.hpp
[10.591s] -- Up-to-date: /home/aiv/ev_ws/planning/install/track_planning/include/track_planning/third_party/CDT/CDTUtils.h
[10.591s] -- Up-to-date: /home/aiv/ev_ws/planning/install/track_planning/include/track_planning/third_party/CDT/KDTree.h
[10.591s] -- Up-to-date: /home/aiv/ev_ws/planning/install/track_planning/include/track_planning/third_party/CDT/CDT.h
[10.591s] -- Up-to-date: /home/aiv/ev_ws/planning/install/track_planning/include/track_planning/postprocess
[10.591s] -- Up-to-date: /home/aiv/ev_ws/planning/install/track_planning/include/track_planning/postprocess/path_postprocessor.hpp
[10.591s] -- Up-to-date: /home/aiv/ev_ws/planning/install/track_planning/share/track_planning/config
[10.591s] -- Installing: /home/aiv/ev_ws/planning/install/track_planning/share/track_planning/config/planning.yaml
[10.591s] -- Up-to-date: /home/aiv/ev_ws/planning/install/track_planning/share/track_planning/launch
[10.591s] -- Up-to-date: /home/aiv/ev_ws/planning/install/track_planning/share/track_planning/launch/planning.launch.py
[10.591s] -- Up-to-date: /home/aiv/ev_ws/planning/install/track_planning/share/ament_index/resource_index/package_run_dependencies/track_planning
[10.591s] -- Up-to-date: /home/aiv/ev_ws/planning/install/track_planning/share/ament_index/resource_index/parent_prefix_path/track_planning
[10.591s] -- Up-to-date: /home/aiv/ev_ws/planning/install/track_planning/share/track_planning/environment/ament_prefix_path.sh
[10.591s] -- Installing: /home/aiv/ev_ws/planning/install/track_planning/share/track_planning/environment/ament_prefix_path.dsv
[10.591s] -- Up-to-date: /home/aiv/ev_ws/planning/install/track_planning/share/track_planning/environment/path.sh
[10.591s] -- Installing: /home/aiv/ev_ws/planning/install/track_planning/share/track_planning/environment/path.dsv
[10.591s] -- Up-to-date: /home/aiv/ev_ws/planning/install/track_planning/share/track_planning/local_setup.bash
[10.591s] -- Up-to-date: /home/aiv/ev_ws/planning/install/track_planning/share/track_planning/local_setup.sh
[10.591s] -- Up-to-date: /home/aiv/ev_ws/planning/install/track_planning/share/track_planning/local_setup.zsh
[10.591s] -- Installing: /home/aiv/ev_ws/planning/install/track_planning/share/track_planning/local_setup.dsv
[10.591s] -- Installing: /home/aiv/ev_ws/planning/install/track_planning/share/track_planning/package.dsv
[10.591s] -- Up-to-date: /home/aiv/ev_ws/planning/install/track_planning/share/ament_index/resource_index/packages/track_planning
[10.591s] -- Up-to-date: /home/aiv/ev_ws/planning/install/track_planning/share/ament_index/resource_index/rclcpp_components/track_planning
[10.591s] -- Up-to-date: /home/aiv/ev_ws/planning/install/track_planning/share/track_planning/cmake/track_planningConfig.cmake
[10.591s] -- Up-to-date: /home/aiv/ev_ws/planning/install/track_planning/share/track_planning/cmake/track_planningConfig-version.cmake
[10.591s] -- Up-to-date: /home/aiv/ev_ws/planning/install/track_planning/share/track_planning/package.xml
[10.592s] Invoked command in '/home/aiv/ev_ws/planning/build/track_planning' returned '0': AMENT_PREFIX_PATH=/home/aiv/ev_ws/planning/install/track_msgs:${AMENT_PREFIX_PATH} CMAKE_PREFIX_PATH=/home/aiv/ev_ws/planning/install/track_msgs:/home/aiv/ev_ws/carsa_gazebo/install/carsa_gazebo:/home/aiv/ev_ws/erp42_ros/install/erp42_serial:/home/aiv/ev_ws/erp42_ros/install/erp42_rqt_plugin:/home/aiv/ev_ws/erp42_ros/install/erp42_gazebo:/home/aiv/ev_ws/erp42_ros/install/erp42_util:/home/aiv/ev_ws/erp42_ros/install/erp42_msgs:/home/aiv/ev_ws/erp42_ros/install/erp42_description:/home/aiv/ev_ws/erp42_ros/install/erp42_cmake:/home/aiv/ev_ws/perception/install/velodyne:/home/aiv/ev_ws/perception/install/lidar_launch:/home/aiv/ev_ws/perception/install/velodyne_pointcloud:/home/aiv/ev_ws/perception/install/velodyne_driver:/home/aiv/ev_ws/perception/install/velodyne_msgs:/home/aiv/ev_ws/perception/install/velodyne_laserscan:/home/aiv/ev_ws/perception/install/velodyne_cropbox:/home/aiv/ev_ws/perception/install/patchworkpp:/home/aiv/ev_ws/perception/install/lidar_voxel_grid:/home/aiv/ev_ws/perception/install/lidar_interfaces:/home/aiv/ev_ws/perception/install/dbscan_clustering:/home/aiv/ev_ws/perception/install/cluster_splitter:/opt/ros/humble LD_LIBRARY_PATH=/home/aiv/ev_ws/planning/install/track_msgs/lib:${LD_LIBRARY_PATH} PYTHONPATH=/home/aiv/ev_ws/planning/install/track_msgs/local/lib/python3.10/dist-packages:${PYTHONPATH} /usr/bin/cmake --install /home/aiv/ev_ws/planning/build/track_planning
