running egg_info
writing ../../build/lane_seg/lane_seg.egg-info/PKG-INFO
writing dependency_links to ../../build/lane_seg/lane_seg.egg-info/dependency_links.txt
writing entry points to ../../build/lane_seg/lane_seg.egg-info/entry_points.txt
writing requirements to ../../build/lane_seg/lane_seg.egg-info/requires.txt
writing top-level names to ../../build/lane_seg/lane_seg.egg-info/top_level.txt
reading manifest file '../../build/lane_seg/lane_seg.egg-info/SOURCES.txt'
writing manifest file '../../build/lane_seg/lane_seg.egg-info/SOURCES.txt'
running build
running build_py
copying lane_seg/yolo_seg_node.py -> /home/woonggook/ev_ws/build/lane_seg/build/lib/lane_seg
copying lane_seg/bev_node.py -> /home/woonggook/ev_ws/build/lane_seg/build/lib/lane_seg
copying lane_seg/utils/get_points.py -> /home/woonggook/ev_ws/build/lane_seg/build/lib/lane_seg/utils
copying lane_seg/utils/bev_cali.py -> /home/woonggook/ev_ws/build/lane_seg/build/lib/lane_seg/utils
running install
running install_lib
copying /home/woonggook/ev_ws/build/lane_seg/build/lib/lane_seg/yolo_seg_node.py -> /home/woonggook/ev_ws/install/lane_seg/lib/python3.10/site-packages/lane_seg
copying /home/woonggook/ev_ws/build/lane_seg/build/lib/lane_seg/bev_node.py -> /home/woonggook/ev_ws/install/lane_seg/lib/python3.10/site-packages/lane_seg
copying /home/woonggook/ev_ws/build/lane_seg/build/lib/lane_seg/utils/get_points.py -> /home/woonggook/ev_ws/install/lane_seg/lib/python3.10/site-packages/lane_seg/utils
copying /home/woonggook/ev_ws/build/lane_seg/build/lib/lane_seg/utils/bev_cali.py -> /home/woonggook/ev_ws/install/lane_seg/lib/python3.10/site-packages/lane_seg/utils
byte-compiling /home/woonggook/ev_ws/install/lane_seg/lib/python3.10/site-packages/lane_seg/yolo_seg_node.py to yolo_seg_node.cpython-310.pyc
byte-compiling /home/woonggook/ev_ws/install/lane_seg/lib/python3.10/site-packages/lane_seg/bev_node.py to bev_node.cpython-310.pyc
byte-compiling /home/woonggook/ev_ws/install/lane_seg/lib/python3.10/site-packages/lane_seg/utils/get_points.py to get_points.cpython-310.pyc
byte-compiling /home/woonggook/ev_ws/install/lane_seg/lib/python3.10/site-packages/lane_seg/utils/bev_cali.py to bev_cali.cpython-310.pyc
running install_data
copying package.xml -> /home/woonggook/ev_ws/install/lane_seg/share/lane_seg
running install_egg_info
removing '/home/woonggook/ev_ws/install/lane_seg/lib/python3.10/site-packages/lane_seg-0.0.0-py3.10.egg-info' (and everything under it)
Copying ../../build/lane_seg/lane_seg.egg-info to /home/woonggook/ev_ws/install/lane_seg/lib/python3.10/site-packages/lane_seg-0.0.0-py3.10.egg-info
running install_scripts
Installing bev_node script to /home/woonggook/ev_ws/install/lane_seg/lib/lane_seg
Installing yolo_seg script to /home/woonggook/ev_ws/install/lane_seg/lib/lane_seg
writing list of installed files to '/home/woonggook/ev_ws/build/lane_seg/install.log'
