[0.056s] DEBUG:colcon:Command line arguments: ['/usr/bin/colcon', 'build', '--packages-select', 'chaining_CDT']
[0.056s] DEBUG:colcon:Parsed command line arguments: Namespace(log_base=None, log_level=None, verb_name='build', build_base='build', install_base='install', merge_install=False, symlink_install=False, test_result_base=None, continue_on_error=False, executor='parallel', parallel_workers=28, event_handlers=None, ignore_user_meta=False, metas=['./colcon.meta'], base_paths=['.'], packages_ignore=None, packages_ignore_regex=None, paths=None, packages_up_to=None, packages_up_to_regex=None, packages_above=None, packages_above_and_dependencies=None, packages_above_depth=None, packages_select_by_dep=None, packages_skip_by_dep=None, packages_skip_up_to=None, packages_select_build_failed=False, packages_skip_build_finished=False, packages_select_test_failures=False, packages_skip_test_passed=False, packages_select=['chaining_CDT'], packages_skip=None, packages_select_regex=None, packages_skip_regex=None, packages_start=None, packages_end=None, allow_overriding=[], cmake_args=None, cmake_target=None, cmake_target_skip_unavailable=False, cmake_clean_cache=False, cmake_clean_first=False, cmake_force_configure=False, ament_cmake_args=None, catkin_cmake_args=None, catkin_skip_building_tests=False, mixin_files=None, mixin=None, verb_parser=<colcon_mixin.mixin.mixin_argument.MixinArgumentDecorator object at 0x7880d815fa60>, verb_extension=<colcon_core.verb.build.BuildVerb object at 0x7880d815f4f0>, main=<bound method BuildVerb.main of <colcon_core.verb.build.BuildVerb object at 0x7880d815f4f0>>, mixin_verb=('build',))
[0.141s] Level 1:colcon.colcon_core.package_discovery:discover_packages(colcon_meta) check parameters
[0.141s] Level 1:colcon.colcon_core.package_discovery:discover_packages(recursive) check parameters
[0.141s] Level 1:colcon.colcon_core.package_discovery:discover_packages(ignore) check parameters
[0.141s] Level 1:colcon.colcon_core.package_discovery:discover_packages(path) check parameters
[0.141s] Level 1:colcon.colcon_core.package_discovery:discover_packages(colcon_meta) discover
[0.141s] Level 1:colcon.colcon_core.package_discovery:discover_packages(recursive) discover
[0.141s] INFO:colcon.colcon_core.package_discovery:Crawling recursively for packages in '/home/aiv/ev_ws/planning'
[0.141s] Level 1:colcon.colcon_core.package_identification:_identify(.) by extensions ['ignore', 'ignore_ament_install']
[0.141s] Level 1:colcon.colcon_core.package_identification:_identify(.) by extension 'ignore'
[0.141s] Level 1:colcon.colcon_core.package_identification:_identify(.) by extension 'ignore_ament_install'
[0.141s] Level 1:colcon.colcon_core.package_identification:_identify(.) by extensions ['colcon_pkg']
[0.141s] Level 1:colcon.colcon_core.package_identification:_identify(.) by extension 'colcon_pkg'
[0.141s] Level 1:colcon.colcon_core.package_identification:_identify(.) by extensions ['colcon_meta']
[0.141s] Level 1:colcon.colcon_core.package_identification:_identify(.) by extension 'colcon_meta'
[0.141s] Level 1:colcon.colcon_core.package_identification:_identify(.) by extensions ['ros']
[0.141s] Level 1:colcon.colcon_core.package_identification:_identify(.) by extension 'ros'
[0.147s] Level 1:colcon.colcon_core.package_identification:_identify(.) by extensions ['cmake', 'python']
[0.147s] Level 1:colcon.colcon_core.package_identification:_identify(.) by extension 'cmake'
[0.147s] Level 1:colcon.colcon_core.package_identification:_identify(.) by extension 'python'
[0.147s] Level 1:colcon.colcon_core.package_identification:_identify(.) by extensions ['python_setup_py']
[0.147s] Level 1:colcon.colcon_core.package_identification:_identify(.) by extension 'python_setup_py'
[0.147s] Level 1:colcon.colcon_core.package_identification:_identify(build) by extensions ['ignore', 'ignore_ament_install']
[0.147s] Level 1:colcon.colcon_core.package_identification:_identify(build) by extension 'ignore'
[0.147s] Level 1:colcon.colcon_core.package_identification:_identify(build) ignored
[0.147s] Level 1:colcon.colcon_core.package_identification:_identify(install) by extensions ['ignore', 'ignore_ament_install']
[0.147s] Level 1:colcon.colcon_core.package_identification:_identify(install) by extension 'ignore'
[0.147s] Level 1:colcon.colcon_core.package_identification:_identify(install) ignored
[0.147s] Level 1:colcon.colcon_core.package_identification:_identify(log) by extensions ['ignore', 'ignore_ament_install']
[0.147s] Level 1:colcon.colcon_core.package_identification:_identify(log) by extension 'ignore'
[0.147s] Level 1:colcon.colcon_core.package_identification:_identify(log) ignored
[0.147s] Level 1:colcon.colcon_core.package_identification:_identify(src) by extensions ['ignore', 'ignore_ament_install']
[0.147s] Level 1:colcon.colcon_core.package_identification:_identify(src) by extension 'ignore'
[0.147s] Level 1:colcon.colcon_core.package_identification:_identify(src) by extension 'ignore_ament_install'
[0.147s] Level 1:colcon.colcon_core.package_identification:_identify(src) by extensions ['colcon_pkg']
[0.147s] Level 1:colcon.colcon_core.package_identification:_identify(src) by extension 'colcon_pkg'
[0.148s] Level 1:colcon.colcon_core.package_identification:_identify(src) by extensions ['colcon_meta']
[0.148s] Level 1:colcon.colcon_core.package_identification:_identify(src) by extension 'colcon_meta'
[0.148s] Level 1:colcon.colcon_core.package_identification:_identify(src) by extensions ['ros']
[0.148s] Level 1:colcon.colcon_core.package_identification:_identify(src) by extension 'ros'
[0.148s] Level 1:colcon.colcon_core.package_identification:_identify(src) by extensions ['cmake', 'python']
[0.148s] Level 1:colcon.colcon_core.package_identification:_identify(src) by extension 'cmake'
[0.148s] Level 1:colcon.colcon_core.package_identification:_identify(src) by extension 'python'
[0.148s] Level 1:colcon.colcon_core.package_identification:_identify(src) by extensions ['python_setup_py']
[0.148s] Level 1:colcon.colcon_core.package_identification:_identify(src) by extension 'python_setup_py'
[0.148s] Level 1:colcon.colcon_core.package_identification:_identify(src/chaining_CDT) by extensions ['ignore', 'ignore_ament_install']
[0.148s] Level 1:colcon.colcon_core.package_identification:_identify(src/chaining_CDT) by extension 'ignore'
[0.148s] Level 1:colcon.colcon_core.package_identification:_identify(src/chaining_CDT) by extension 'ignore_ament_install'
[0.148s] Level 1:colcon.colcon_core.package_identification:_identify(src/chaining_CDT) by extensions ['colcon_pkg']
[0.148s] Level 1:colcon.colcon_core.package_identification:_identify(src/chaining_CDT) by extension 'colcon_pkg'
[0.148s] Level 1:colcon.colcon_core.package_identification:_identify(src/chaining_CDT) by extensions ['colcon_meta']
[0.148s] Level 1:colcon.colcon_core.package_identification:_identify(src/chaining_CDT) by extension 'colcon_meta'
[0.148s] Level 1:colcon.colcon_core.package_identification:_identify(src/chaining_CDT) by extensions ['ros']
[0.148s] Level 1:colcon.colcon_core.package_identification:_identify(src/chaining_CDT) by extension 'ros'
[0.149s] DEBUG:colcon.colcon_core.package_identification:Package 'src/chaining_CDT' with type 'ros.ament_cmake' and name 'chaining_CDT'
[0.149s] Level 1:colcon.colcon_core.package_discovery:discover_packages(recursive) using defaults
[0.149s] Level 1:colcon.colcon_core.package_discovery:discover_packages(ignore) discover
[0.149s] Level 1:colcon.colcon_core.package_discovery:discover_packages(ignore) using defaults
[0.149s] Level 1:colcon.colcon_core.package_discovery:discover_packages(path) discover
[0.149s] Level 1:colcon.colcon_core.package_discovery:discover_packages(path) using defaults
[0.164s] Level 1:colcon.colcon_core.package_discovery:discover_packages(prefix_path) check parameters
[0.164s] Level 1:colcon.colcon_core.package_discovery:discover_packages(prefix_path) discover
[0.165s] WARNING:colcon.colcon_ros.prefix_path.ament:The path '/home/aiv/ev_ws/planning/install/planning_lc_ver' in the environment variable AMENT_PREFIX_PATH doesn't exist
[0.165s] WARNING:colcon.colcon_ros.prefix_path.catkin:The path '/home/aiv/ev_ws/planning/install/planning_lc_ver' in the environment variable CMAKE_PREFIX_PATH doesn't exist
[0.165s] DEBUG:colcon.colcon_installed_package_information.package_discovery:Found 1 installed packages in /home/aiv/ev_ws/planning/install
[0.166s] DEBUG:colcon.colcon_installed_package_information.package_discovery:Found 11 installed packages in /home/aiv/ev_ws/perception/install
[0.166s] DEBUG:colcon.colcon_installed_package_information.package_discovery:Found 1 installed packages in /home/aiv/ev_ws/ev_msgs/install
[0.166s] DEBUG:colcon.colcon_installed_package_information.package_discovery:Found 1 installed packages in /home/aiv/ev_ws/carsa_gazebo/install
[0.166s] DEBUG:colcon.colcon_installed_package_information.package_discovery:Found 7 installed packages in /home/aiv/ev_ws/erp42_ros/install
[0.167s] DEBUG:colcon.colcon_installed_package_information.package_discovery:Found 302 installed packages in /opt/ros/humble
[0.167s] Level 1:colcon.colcon_core.package_discovery:discover_packages(prefix_path) using defaults
[0.186s] Level 5:colcon.colcon_core.verb:set package 'chaining_CDT' build argument 'cmake_args' from command line to 'None'
[0.186s] Level 5:colcon.colcon_core.verb:set package 'chaining_CDT' build argument 'cmake_target' from command line to 'None'
[0.186s] Level 5:colcon.colcon_core.verb:set package 'chaining_CDT' build argument 'cmake_target_skip_unavailable' from command line to 'False'
[0.186s] Level 5:colcon.colcon_core.verb:set package 'chaining_CDT' build argument 'cmake_clean_cache' from command line to 'False'
[0.186s] Level 5:colcon.colcon_core.verb:set package 'chaining_CDT' build argument 'cmake_clean_first' from command line to 'False'
[0.186s] Level 5:colcon.colcon_core.verb:set package 'chaining_CDT' build argument 'cmake_force_configure' from command line to 'False'
[0.186s] Level 5:colcon.colcon_core.verb:set package 'chaining_CDT' build argument 'ament_cmake_args' from command line to 'None'
[0.186s] Level 5:colcon.colcon_core.verb:set package 'chaining_CDT' build argument 'catkin_cmake_args' from command line to 'None'
[0.186s] Level 5:colcon.colcon_core.verb:set package 'chaining_CDT' build argument 'catkin_skip_building_tests' from command line to 'False'
[0.186s] DEBUG:colcon.colcon_core.verb:Building package 'chaining_CDT' with the following arguments: {'ament_cmake_args': None, 'build_base': '/home/aiv/ev_ws/planning/build/chaining_CDT', 'catkin_cmake_args': None, 'catkin_skip_building_tests': False, 'cmake_args': None, 'cmake_clean_cache': False, 'cmake_clean_first': False, 'cmake_force_configure': False, 'cmake_target': None, 'cmake_target_skip_unavailable': False, 'install_base': '/home/aiv/ev_ws/planning/install/chaining_CDT', 'merge_install': False, 'path': '/home/aiv/ev_ws/planning/src/chaining_CDT', 'symlink_install': False, 'test_result_base': None}
[0.186s] INFO:colcon.colcon_core.executor:Executing jobs using 'parallel' executor
[0.187s] DEBUG:colcon.colcon_parallel_executor.executor.parallel:run_until_complete
[0.187s] INFO:colcon.colcon_ros.task.ament_cmake.build:Building ROS package in '/home/aiv/ev_ws/planning/src/chaining_CDT' with build type 'ament_cmake'
[0.187s] INFO:colcon.colcon_cmake.task.cmake.build:Building CMake package in '/home/aiv/ev_ws/planning/src/chaining_CDT'
[0.188s] INFO:colcon.colcon_core.plugin_system:Skipping extension 'colcon_core.shell.bat': Not used on non-Windows systems
[0.188s] INFO:colcon.colcon_core.shell:Skip shell extension 'powershell' for command environment: Not usable outside of PowerShell
[0.188s] DEBUG:colcon.colcon_core.shell:Skip shell extension 'dsv' for command environment
[0.194s] DEBUG:colcon.colcon_core.event_handler.log_command:Invoking command in '/home/aiv/ev_ws/planning/build/chaining_CDT': CMAKE_PREFIX_PATH=${CMAKE_PREFIX_PATH}:/opt/ros/humble /usr/bin/cmake --build /home/aiv/ev_ws/planning/build/chaining_CDT -- -j28 -l28
[3.372s] DEBUG:colcon.colcon_core.event_handler.log_command:Invoked command in '/home/aiv/ev_ws/planning/build/chaining_CDT' returned '0': CMAKE_PREFIX_PATH=${CMAKE_PREFIX_PATH}:/opt/ros/humble /usr/bin/cmake --build /home/aiv/ev_ws/planning/build/chaining_CDT -- -j28 -l28
[3.377s] DEBUG:colcon.colcon_core.event_handler.log_command:Invoking command in '/home/aiv/ev_ws/planning/build/chaining_CDT': CMAKE_PREFIX_PATH=${CMAKE_PREFIX_PATH}:/opt/ros/humble /usr/bin/cmake --install /home/aiv/ev_ws/planning/build/chaining_CDT
[3.391s] Level 1:colcon.colcon_core.environment:create_environment_scripts_only(chaining_CDT)
[3.391s] DEBUG:colcon.colcon_core.event_handler.log_command:Invoked command in '/home/aiv/ev_ws/planning/build/chaining_CDT' returned '0': CMAKE_PREFIX_PATH=${CMAKE_PREFIX_PATH}:/opt/ros/humble /usr/bin/cmake --install /home/aiv/ev_ws/planning/build/chaining_CDT
[3.393s] Level 1:colcon.colcon_core.environment:checking '/home/aiv/ev_ws/planning/install/chaining_CDT' for CMake module files
[3.393s] Level 1:colcon.colcon_core.environment:checking '/home/aiv/ev_ws/planning/install/chaining_CDT' for CMake config files
[3.394s] Level 1:colcon.colcon_core.shell:create_environment_hook('chaining_CDT', 'cmake_prefix_path')
[3.394s] INFO:colcon.colcon_core.shell:Creating environment hook '/home/aiv/ev_ws/planning/install/chaining_CDT/share/chaining_CDT/hook/cmake_prefix_path.ps1'
[3.394s] INFO:colcon.colcon_core.shell:Creating environment descriptor '/home/aiv/ev_ws/planning/install/chaining_CDT/share/chaining_CDT/hook/cmake_prefix_path.dsv'
[3.395s] INFO:colcon.colcon_core.shell:Creating environment hook '/home/aiv/ev_ws/planning/install/chaining_CDT/share/chaining_CDT/hook/cmake_prefix_path.sh'
[3.395s] Level 1:colcon.colcon_core.environment:checking '/home/aiv/ev_ws/planning/install/chaining_CDT/lib'
[3.395s] Level 1:colcon.colcon_core.shell:create_environment_hook('chaining_CDT', 'ld_library_path_lib')
[3.396s] INFO:colcon.colcon_core.shell:Creating environment hook '/home/aiv/ev_ws/planning/install/chaining_CDT/share/chaining_CDT/hook/ld_library_path_lib.ps1'
[3.396s] INFO:colcon.colcon_core.shell:Creating environment descriptor '/home/aiv/ev_ws/planning/install/chaining_CDT/share/chaining_CDT/hook/ld_library_path_lib.dsv'
[3.396s] INFO:colcon.colcon_core.shell:Creating environment hook '/home/aiv/ev_ws/planning/install/chaining_CDT/share/chaining_CDT/hook/ld_library_path_lib.sh'
[3.396s] Level 1:colcon.colcon_core.environment:checking '/home/aiv/ev_ws/planning/install/chaining_CDT/bin'
[3.396s] Level 1:colcon.colcon_core.environment:checking '/home/aiv/ev_ws/planning/install/chaining_CDT/lib/pkgconfig/chaining_CDT.pc'
[3.397s] Level 1:colcon.colcon_core.environment:checking '/home/aiv/ev_ws/planning/install/chaining_CDT/lib/python3.10/site-packages'
[3.397s] Level 1:colcon.colcon_core.environment:checking '/home/aiv/ev_ws/planning/install/chaining_CDT/bin'
[3.397s] INFO:colcon.colcon_core.shell:Creating package script '/home/aiv/ev_ws/planning/install/chaining_CDT/share/chaining_CDT/package.ps1'
[3.398s] INFO:colcon.colcon_core.shell:Creating package descriptor '/home/aiv/ev_ws/planning/install/chaining_CDT/share/chaining_CDT/package.dsv'
[3.398s] INFO:colcon.colcon_core.shell:Creating package script '/home/aiv/ev_ws/planning/install/chaining_CDT/share/chaining_CDT/package.sh'
[3.399s] INFO:colcon.colcon_core.shell:Creating package script '/home/aiv/ev_ws/planning/install/chaining_CDT/share/chaining_CDT/package.bash'
[3.399s] INFO:colcon.colcon_core.shell:Creating package script '/home/aiv/ev_ws/planning/install/chaining_CDT/share/chaining_CDT/package.zsh'
[3.399s] Level 1:colcon.colcon_core.environment:create_file_with_runtime_dependencies(/home/aiv/ev_ws/planning/install/chaining_CDT/share/colcon-core/packages/chaining_CDT)
[3.400s] Level 1:colcon.colcon_core.environment:create_environment_scripts_only(chaining_CDT)
[3.400s] Level 1:colcon.colcon_core.environment:checking '/home/aiv/ev_ws/planning/install/chaining_CDT' for CMake module files
[3.400s] Level 1:colcon.colcon_core.environment:checking '/home/aiv/ev_ws/planning/install/chaining_CDT' for CMake config files
[3.400s] Level 1:colcon.colcon_core.shell:create_environment_hook('chaining_CDT', 'cmake_prefix_path')
[3.400s] INFO:colcon.colcon_core.shell:Creating environment hook '/home/aiv/ev_ws/planning/install/chaining_CDT/share/chaining_CDT/hook/cmake_prefix_path.ps1'
[3.400s] INFO:colcon.colcon_core.shell:Creating environment descriptor '/home/aiv/ev_ws/planning/install/chaining_CDT/share/chaining_CDT/hook/cmake_prefix_path.dsv'
[3.401s] INFO:colcon.colcon_core.shell:Creating environment hook '/home/aiv/ev_ws/planning/install/chaining_CDT/share/chaining_CDT/hook/cmake_prefix_path.sh'
[3.401s] Level 1:colcon.colcon_core.environment:checking '/home/aiv/ev_ws/planning/install/chaining_CDT/lib'
[3.401s] Level 1:colcon.colcon_core.shell:create_environment_hook('chaining_CDT', 'ld_library_path_lib')
[3.401s] INFO:colcon.colcon_core.shell:Creating environment hook '/home/aiv/ev_ws/planning/install/chaining_CDT/share/chaining_CDT/hook/ld_library_path_lib.ps1'
[3.401s] INFO:colcon.colcon_core.shell:Creating environment descriptor '/home/aiv/ev_ws/planning/install/chaining_CDT/share/chaining_CDT/hook/ld_library_path_lib.dsv'
[3.401s] INFO:colcon.colcon_core.shell:Creating environment hook '/home/aiv/ev_ws/planning/install/chaining_CDT/share/chaining_CDT/hook/ld_library_path_lib.sh'
[3.402s] Level 1:colcon.colcon_core.environment:checking '/home/aiv/ev_ws/planning/install/chaining_CDT/bin'
[3.402s] Level 1:colcon.colcon_core.environment:checking '/home/aiv/ev_ws/planning/install/chaining_CDT/lib/pkgconfig/chaining_CDT.pc'
[3.402s] Level 1:colcon.colcon_core.environment:checking '/home/aiv/ev_ws/planning/install/chaining_CDT/lib/python3.10/site-packages'
[3.402s] Level 1:colcon.colcon_core.environment:checking '/home/aiv/ev_ws/planning/install/chaining_CDT/bin'
[3.402s] INFO:colcon.colcon_core.shell:Creating package script '/home/aiv/ev_ws/planning/install/chaining_CDT/share/chaining_CDT/package.ps1'
[3.402s] INFO:colcon.colcon_core.shell:Creating package descriptor '/home/aiv/ev_ws/planning/install/chaining_CDT/share/chaining_CDT/package.dsv'
[3.402s] INFO:colcon.colcon_core.shell:Creating package script '/home/aiv/ev_ws/planning/install/chaining_CDT/share/chaining_CDT/package.sh'
[3.403s] INFO:colcon.colcon_core.shell:Creating package script '/home/aiv/ev_ws/planning/install/chaining_CDT/share/chaining_CDT/package.bash'
[3.403s] INFO:colcon.colcon_core.shell:Creating package script '/home/aiv/ev_ws/planning/install/chaining_CDT/share/chaining_CDT/package.zsh'
[3.403s] Level 1:colcon.colcon_core.environment:create_file_with_runtime_dependencies(/home/aiv/ev_ws/planning/install/chaining_CDT/share/colcon-core/packages/chaining_CDT)
[3.403s] DEBUG:colcon.colcon_parallel_executor.executor.parallel:closing loop
[3.403s] DEBUG:colcon.colcon_parallel_executor.executor.parallel:loop closed
[3.403s] DEBUG:colcon.colcon_parallel_executor.executor.parallel:run_until_complete finished with '0'
[3.403s] DEBUG:colcon.colcon_core.event_reactor:joining thread
[3.406s] INFO:colcon.colcon_core.plugin_system:Skipping extension 'colcon_notification.desktop_notification.terminal_notifier': Not used on non-Darwin systems
[3.406s] INFO:colcon.colcon_core.plugin_system:Skipping extension 'colcon_notification.desktop_notification.win32': Not used on non-Windows systems
[3.406s] INFO:colcon.colcon_notification.desktop_notification:Sending desktop notification using 'notify2'
[3.411s] DEBUG:colcon.colcon_core.event_reactor:joined thread
[3.411s] INFO:colcon.colcon_core.shell:Creating prefix script '/home/aiv/ev_ws/planning/install/local_setup.ps1'
[3.412s] INFO:colcon.colcon_core.shell:Creating prefix util module '/home/aiv/ev_ws/planning/install/_local_setup_util_ps1.py'
[3.413s] INFO:colcon.colcon_core.shell:Creating prefix chain script '/home/aiv/ev_ws/planning/install/setup.ps1'
[3.413s] INFO:colcon.colcon_core.shell:Creating prefix script '/home/aiv/ev_ws/planning/install/local_setup.sh'
[3.414s] INFO:colcon.colcon_core.shell:Creating prefix util module '/home/aiv/ev_ws/planning/install/_local_setup_util_sh.py'
[3.414s] INFO:colcon.colcon_core.shell:Creating prefix chain script '/home/aiv/ev_ws/planning/install/setup.sh'
[3.415s] INFO:colcon.colcon_core.shell:Creating prefix script '/home/aiv/ev_ws/planning/install/local_setup.bash'
[3.415s] INFO:colcon.colcon_core.shell:Creating prefix chain script '/home/aiv/ev_ws/planning/install/setup.bash'
[3.416s] INFO:colcon.colcon_core.shell:Creating prefix script '/home/aiv/ev_ws/planning/install/local_setup.zsh'
[3.416s] INFO:colcon.colcon_core.shell:Creating prefix chain script '/home/aiv/ev_ws/planning/install/setup.zsh'
