[0.007s] Invoking command in '/home/aiv/ev_ws/planning/build/planning_mr_ver': AMENT_PREFIX_PATH=/home/aiv/ev_ws/planning/install/track_msgs:${AMENT_PREFIX_PATH} CMAKE_PREFIX_PATH=/home/aiv/ev_ws/planning/install/track_msgs:/home/aiv/ev_ws/carsa_gazebo/install/carsa_gazebo:/home/aiv/ev_ws/erp42_ros/install/erp42_serial:/home/aiv/ev_ws/erp42_ros/install/erp42_rqt_plugin:/home/aiv/ev_ws/erp42_ros/install/erp42_gazebo:/home/aiv/ev_ws/erp42_ros/install/erp42_util:/home/aiv/ev_ws/erp42_ros/install/erp42_msgs:/home/aiv/ev_ws/erp42_ros/install/erp42_description:/home/aiv/ev_ws/erp42_ros/install/erp42_cmake:/home/aiv/ev_ws/perception/install/velodyne:/home/aiv/ev_ws/perception/install/lidar_launch:/home/aiv/ev_ws/perception/install/velodyne_pointcloud:/home/aiv/ev_ws/perception/install/velodyne_driver:/home/aiv/ev_ws/perception/install/velodyne_msgs:/home/aiv/ev_ws/perception/install/velodyne_laserscan:/home/aiv/ev_ws/perception/install/velodyne_cropbox:/home/aiv/ev_ws/perception/install/patchworkpp:/home/aiv/ev_ws/perception/install/lidar_voxel_grid:/home/aiv/ev_ws/perception/install/lidar_interfaces:/home/aiv/ev_ws/perception/install/dbscan_clustering:/home/aiv/ev_ws/perception/install/cluster_splitter:/opt/ros/humble LD_LIBRARY_PATH=/home/aiv/ev_ws/planning/install/track_msgs/lib:${LD_LIBRARY_PATH} PYTHONPATH=/home/aiv/ev_ws/planning/install/track_msgs/local/lib/python3.10/dist-packages:${PYTHONPATH} /usr/bin/cmake /home/aiv/ev_ws/planning/src/planning_mr_ver -DAMENT_CMAKE_SYMLINK_INSTALL=1 -DCMAKE_INSTALL_PREFIX=/home/aiv/ev_ws/planning/install/planning_mr_ver
[0.044s] -- The C compiler identification is GNU 11.4.0
[0.077s] -- The CXX compiler identification is GNU 11.4.0
[0.081s] -- Detecting C compiler ABI info
[0.127s] -- Detecting C compiler ABI info - done
[0.130s] -- Check for working C compiler: /usr/bin/cc - skipped
[0.131s] -- Detecting C compile features
[0.131s] -- Detecting C compile features - done
[0.132s] -- Detecting CXX compiler ABI info
[0.180s] -- Detecting CXX compiler ABI info - done
[0.186s] -- Check for working CXX compiler: /usr/bin/c++ - skipped
[0.186s] -- Detecting CXX compile features
[0.186s] -- Detecting CXX compile features - done
[0.188s] -- Found ament_cmake: 1.3.12 (/opt/ros/humble/share/ament_cmake/cmake)
[0.282s] -- Found Python3: /usr/bin/python3 (found version "3.10.12") found components: Interpreter 
[0.319s] -- Override CMake install command with custom implementation using symlinks instead of copying resources
[0.345s] -- Found rclcpp: 16.0.17 (/opt/ros/humble/share/rclcpp/cmake)
[0.375s] -- Found rosidl_generator_c: 3.1.8 (/opt/ros/humble/share/rosidl_generator_c/cmake)
[0.379s] -- Found rosidl_adapter: 3.1.8 (/opt/ros/humble/share/rosidl_adapter/cmake)
[0.384s] -- Found rosidl_generator_cpp: 3.1.8 (/opt/ros/humble/share/rosidl_generator_cpp/cmake)
[0.392s] -- Using all available rosidl_typesupport_c: rosidl_typesupport_fastrtps_c;rosidl_typesupport_introspection_c
[0.401s] -- Using all available rosidl_typesupport_cpp: rosidl_typesupport_fastrtps_cpp;rosidl_typesupport_introspection_cpp
[0.428s] -- Found rmw_implementation_cmake: 6.1.2 (/opt/ros/humble/share/rmw_implementation_cmake/cmake)
[0.430s] -- Found rmw_fastrtps_cpp: 6.2.9 (/opt/ros/humble/share/rmw_fastrtps_cpp/cmake)
[0.490s] -- Found OpenSSL: /usr/lib/x86_64-linux-gnu/libcrypto.so (found version "3.0.2")  
[0.510s] -- Found FastRTPS: /opt/ros/humble/include  
[0.539s] -- Using RMW implementation 'rmw_fastrtps_cpp' as default
[0.544s] -- Looking for pthread.h
[0.592s] -- Looking for pthread.h - found
[0.592s] -- Performing Test CMAKE_HAVE_LIBC_PTHREAD
[0.637s] -- Performing Test CMAKE_HAVE_LIBC_PTHREAD - Success
[0.638s] -- Found Threads: TRUE  
[0.668s] -- Found rclcpp_components: 16.0.17 (/opt/ros/humble/share/rclcpp_components/cmake)
[0.684s] -- Found nav_msgs: 4.9.0 (/opt/ros/humble/share/nav_msgs/cmake)
[0.700s] -- Found track_msgs: 0.1.0 (/home/aiv/ev_ws/planning/install/track_msgs/share/track_msgs/cmake)
[0.716s] -- Found ament_lint_auto: 0.12.14 (/opt/ros/humble/share/ament_lint_auto/cmake)
[0.761s] -- Added test 'cppcheck' to perform static code analysis on C / C++ code
[0.761s] -- Configured cppcheck include dirs: /home/aiv/ev_ws/planning/src/planning_mr_ver/include
[0.762s] -- Configured cppcheck exclude dirs and/or files: 
[0.762s] -- Added test 'flake8' to check Python code syntax and style conventions
[0.762s] -- Added test 'lint_cmake' to check CMake code style
[0.763s] -- Added test 'pep257' to check Python code against some of the docstring style conventions in PEP 257
[0.764s] -- Added test 'uncrustify' to check C / C++ code style
[0.764s] -- Configured uncrustify additional arguments: 
[0.764s] -- Added test 'xmllint' to check XML markup files
[0.765s] -- Configuring done
[0.776s] -- Generating done
[0.781s] -- Build files have been written to: /home/aiv/ev_ws/planning/build/planning_mr_ver
[0.786s] Invoked command in '/home/aiv/ev_ws/planning/build/planning_mr_ver' returned '0': AMENT_PREFIX_PATH=/home/aiv/ev_ws/planning/install/track_msgs:${AMENT_PREFIX_PATH} CMAKE_PREFIX_PATH=/home/aiv/ev_ws/planning/install/track_msgs:/home/aiv/ev_ws/carsa_gazebo/install/carsa_gazebo:/home/aiv/ev_ws/erp42_ros/install/erp42_serial:/home/aiv/ev_ws/erp42_ros/install/erp42_rqt_plugin:/home/aiv/ev_ws/erp42_ros/install/erp42_gazebo:/home/aiv/ev_ws/erp42_ros/install/erp42_util:/home/aiv/ev_ws/erp42_ros/install/erp42_msgs:/home/aiv/ev_ws/erp42_ros/install/erp42_description:/home/aiv/ev_ws/erp42_ros/install/erp42_cmake:/home/aiv/ev_ws/perception/install/velodyne:/home/aiv/ev_ws/perception/install/lidar_launch:/home/aiv/ev_ws/perception/install/velodyne_pointcloud:/home/aiv/ev_ws/perception/install/velodyne_driver:/home/aiv/ev_ws/perception/install/velodyne_msgs:/home/aiv/ev_ws/perception/install/velodyne_laserscan:/home/aiv/ev_ws/perception/install/velodyne_cropbox:/home/aiv/ev_ws/perception/install/patchworkpp:/home/aiv/ev_ws/perception/install/lidar_voxel_grid:/home/aiv/ev_ws/perception/install/lidar_interfaces:/home/aiv/ev_ws/perception/install/dbscan_clustering:/home/aiv/ev_ws/perception/install/cluster_splitter:/opt/ros/humble LD_LIBRARY_PATH=/home/aiv/ev_ws/planning/install/track_msgs/lib:${LD_LIBRARY_PATH} PYTHONPATH=/home/aiv/ev_ws/planning/install/track_msgs/local/lib/python3.10/dist-packages:${PYTHONPATH} /usr/bin/cmake /home/aiv/ev_ws/planning/src/planning_mr_ver -DAMENT_CMAKE_SYMLINK_INSTALL=1 -DCMAKE_INSTALL_PREFIX=/home/aiv/ev_ws/planning/install/planning_mr_ver
[0.787s] Invoking command in '/home/aiv/ev_ws/planning/build/planning_mr_ver': AMENT_PREFIX_PATH=/home/aiv/ev_ws/planning/install/track_msgs:${AMENT_PREFIX_PATH} CMAKE_PREFIX_PATH=/home/aiv/ev_ws/planning/install/track_msgs:/home/aiv/ev_ws/carsa_gazebo/install/carsa_gazebo:/home/aiv/ev_ws/erp42_ros/install/erp42_serial:/home/aiv/ev_ws/erp42_ros/install/erp42_rqt_plugin:/home/aiv/ev_ws/erp42_ros/install/erp42_gazebo:/home/aiv/ev_ws/erp42_ros/install/erp42_util:/home/aiv/ev_ws/erp42_ros/install/erp42_msgs:/home/aiv/ev_ws/erp42_ros/install/erp42_description:/home/aiv/ev_ws/erp42_ros/install/erp42_cmake:/home/aiv/ev_ws/perception/install/velodyne:/home/aiv/ev_ws/perception/install/lidar_launch:/home/aiv/ev_ws/perception/install/velodyne_pointcloud:/home/aiv/ev_ws/perception/install/velodyne_driver:/home/aiv/ev_ws/perception/install/velodyne_msgs:/home/aiv/ev_ws/perception/install/velodyne_laserscan:/home/aiv/ev_ws/perception/install/velodyne_cropbox:/home/aiv/ev_ws/perception/install/patchworkpp:/home/aiv/ev_ws/perception/install/lidar_voxel_grid:/home/aiv/ev_ws/perception/install/lidar_interfaces:/home/aiv/ev_ws/perception/install/dbscan_clustering:/home/aiv/ev_ws/perception/install/cluster_splitter:/opt/ros/humble LD_LIBRARY_PATH=/home/aiv/ev_ws/planning/install/track_msgs/lib:${LD_LIBRARY_PATH} PYTHONPATH=/home/aiv/ev_ws/planning/install/track_msgs/local/lib/python3.10/dist-packages:${PYTHONPATH} /usr/bin/cmake --build /home/aiv/ev_ws/planning/build/planning_mr_ver -- -j28 -l28
[0.825s] [ 10%] [32mBuilding CXX object CMakeFiles/planning_mr_planner.dir/src/planner/magnetic_planner.cpp.o[0m
[0.826s] [ 20%] [32mBuilding CXX object CMakeFiles/planning_mr_costmap.dir/src/costmap/costmap_generator.cpp.o[0m
[0.826s] [ 30%] [32mBuilding CXX object CMakeFiles/planning_mr_postprocess.dir/src/postprocess/path_postprocessor.cpp.o[0m
[0.826s] [ 40%] [32mBuilding CXX object CMakeFiles/mr_planner_node_exe.dir/rclcpp_components/node_main_mr_planner_node_exe.cpp.o[0m
[1.090s] [ 50%] [32m[1mLinking CXX shared library libplanning_mr_postprocess.so[0m
[1.163s] [ 50%] Built target planning_mr_postprocess
[2.178s] [ 60%] [32m[1mLinking CXX shared library libplanning_mr_costmap.so[0m
[2.185s] [ 70%] [32m[1mLinking CXX shared library libplanning_mr_planner.so[0m
[2.265s] [ 70%] Built target planning_mr_planner
[2.276s] [ 70%] Built target planning_mr_costmap
[2.288s] [ 80%] [32mBuilding CXX object CMakeFiles/mr_planner_component.dir/src/nodes/mr_planner_node.cpp.o[0m
[2.390s] [ 90%] [32m[1mLinking CXX executable mr_planner_node_exe[0m
[2.460s] [ 90%] Built target mr_planner_node_exe
[8.114s] [100%] [32m[1mLinking CXX shared library libmr_planner_component.so[0m
[8.453s] [100%] Built target mr_planner_component
[8.461s] Invoked command in '/home/aiv/ev_ws/planning/build/planning_mr_ver' returned '0': AMENT_PREFIX_PATH=/home/aiv/ev_ws/planning/install/track_msgs:${AMENT_PREFIX_PATH} CMAKE_PREFIX_PATH=/home/aiv/ev_ws/planning/install/track_msgs:/home/aiv/ev_ws/carsa_gazebo/install/carsa_gazebo:/home/aiv/ev_ws/erp42_ros/install/erp42_serial:/home/aiv/ev_ws/erp42_ros/install/erp42_rqt_plugin:/home/aiv/ev_ws/erp42_ros/install/erp42_gazebo:/home/aiv/ev_ws/erp42_ros/install/erp42_util:/home/aiv/ev_ws/erp42_ros/install/erp42_msgs:/home/aiv/ev_ws/erp42_ros/install/erp42_description:/home/aiv/ev_ws/erp42_ros/install/erp42_cmake:/home/aiv/ev_ws/perception/install/velodyne:/home/aiv/ev_ws/perception/install/lidar_launch:/home/aiv/ev_ws/perception/install/velodyne_pointcloud:/home/aiv/ev_ws/perception/install/velodyne_driver:/home/aiv/ev_ws/perception/install/velodyne_msgs:/home/aiv/ev_ws/perception/install/velodyne_laserscan:/home/aiv/ev_ws/perception/install/velodyne_cropbox:/home/aiv/ev_ws/perception/install/patchworkpp:/home/aiv/ev_ws/perception/install/lidar_voxel_grid:/home/aiv/ev_ws/perception/install/lidar_interfaces:/home/aiv/ev_ws/perception/install/dbscan_clustering:/home/aiv/ev_ws/perception/install/cluster_splitter:/opt/ros/humble LD_LIBRARY_PATH=/home/aiv/ev_ws/planning/install/track_msgs/lib:${LD_LIBRARY_PATH} PYTHONPATH=/home/aiv/ev_ws/planning/install/track_msgs/local/lib/python3.10/dist-packages:${PYTHONPATH} /usr/bin/cmake --build /home/aiv/ev_ws/planning/build/planning_mr_ver -- -j28 -l28
[8.462s] Invoking command in '/home/aiv/ev_ws/planning/build/planning_mr_ver': AMENT_PREFIX_PATH=/home/aiv/ev_ws/planning/install/track_msgs:${AMENT_PREFIX_PATH} CMAKE_PREFIX_PATH=/home/aiv/ev_ws/planning/install/track_msgs:/home/aiv/ev_ws/carsa_gazebo/install/carsa_gazebo:/home/aiv/ev_ws/erp42_ros/install/erp42_serial:/home/aiv/ev_ws/erp42_ros/install/erp42_rqt_plugin:/home/aiv/ev_ws/erp42_ros/install/erp42_gazebo:/home/aiv/ev_ws/erp42_ros/install/erp42_util:/home/aiv/ev_ws/erp42_ros/install/erp42_msgs:/home/aiv/ev_ws/erp42_ros/install/erp42_description:/home/aiv/ev_ws/erp42_ros/install/erp42_cmake:/home/aiv/ev_ws/perception/install/velodyne:/home/aiv/ev_ws/perception/install/lidar_launch:/home/aiv/ev_ws/perception/install/velodyne_pointcloud:/home/aiv/ev_ws/perception/install/velodyne_driver:/home/aiv/ev_ws/perception/install/velodyne_msgs:/home/aiv/ev_ws/perception/install/velodyne_laserscan:/home/aiv/ev_ws/perception/install/velodyne_cropbox:/home/aiv/ev_ws/perception/install/patchworkpp:/home/aiv/ev_ws/perception/install/lidar_voxel_grid:/home/aiv/ev_ws/perception/install/lidar_interfaces:/home/aiv/ev_ws/perception/install/dbscan_clustering:/home/aiv/ev_ws/perception/install/cluster_splitter:/opt/ros/humble LD_LIBRARY_PATH=/home/aiv/ev_ws/planning/install/track_msgs/lib:${LD_LIBRARY_PATH} PYTHONPATH=/home/aiv/ev_ws/planning/install/track_msgs/local/lib/python3.10/dist-packages:${PYTHONPATH} /usr/bin/cmake --install /home/aiv/ev_ws/planning/build/planning_mr_ver
[8.468s] -- Install configuration: ""
[8.469s] -- Execute custom install script
[8.469s] -- Symlinking: /home/aiv/ev_ws/planning/install/planning_mr_ver/lib/libplanning_mr_costmap.so
[8.475s] -- Symlinking: /home/aiv/ev_ws/planning/install/planning_mr_ver/lib/libplanning_mr_planner.so
[8.481s] -- Symlinking: /home/aiv/ev_ws/planning/install/planning_mr_ver/lib/libplanning_mr_postprocess.so
[8.487s] -- Symlinking: /home/aiv/ev_ws/planning/install/planning_mr_ver/lib/planning_mr_ver/mr_planner_node_exe
[8.493s] -- Symlinking: /home/aiv/ev_ws/planning/install/planning_mr_ver/lib/libmr_planner_component.so
[8.499s] -- Symlinking: /home/aiv/ev_ws/planning/install/planning_mr_ver/include/planning_mr_ver/common/debug_publish.hpp
[8.504s] -- Symlinking: /home/aiv/ev_ws/planning/install/planning_mr_ver/include/planning_mr_ver/common/geometry.hpp
[8.509s] -- Symlinking: /home/aiv/ev_ws/planning/install/planning_mr_ver/include/planning_mr_ver/common/params.hpp
[8.515s] -- Symlinking: /home/aiv/ev_ws/planning/install/planning_mr_ver/include/planning_mr_ver/common/types.hpp
[8.521s] -- Symlinking: /home/aiv/ev_ws/planning/install/planning_mr_ver/include/planning_mr_ver/costmap/costmap_generator.hpp
[8.525s] -- Symlinking: /home/aiv/ev_ws/planning/install/planning_mr_ver/include/planning_mr_ver/nodes/mr_planner_node.hpp
[8.532s] -- Symlinking: /home/aiv/ev_ws/planning/install/planning_mr_ver/include/planning_mr_ver/planner/magnetic_planner.hpp
[8.537s] -- Symlinking: /home/aiv/ev_ws/planning/install/planning_mr_ver/include/planning_mr_ver/postprocess/path_postprocessor.hpp
[8.543s] -- Symlinking: /home/aiv/ev_ws/planning/install/planning_mr_ver/include/planning_mr_ver/safety/safety_checker.hpp
[8.549s] -- Symlinking: /home/aiv/ev_ws/planning/install/planning_mr_ver/share/planning_mr_ver/config/planning_mr.yaml
[8.553s] -- Symlinking: /home/aiv/ev_ws/planning/install/planning_mr_ver/share/planning_mr_ver/launch/planning_mr.launch.py
[8.559s] -- Symlinking: /home/aiv/ev_ws/planning/install/planning_mr_ver/share/ament_index/resource_index/package_run_dependencies/planning_mr_ver
[8.565s] -- Symlinking: /home/aiv/ev_ws/planning/install/planning_mr_ver/share/ament_index/resource_index/parent_prefix_path/planning_mr_ver
[8.571s] -- Symlinking: /home/aiv/ev_ws/planning/install/planning_mr_ver/share/planning_mr_ver/environment/ament_prefix_path.sh
[8.577s] -- Symlinking: /home/aiv/ev_ws/planning/install/planning_mr_ver/share/planning_mr_ver/environment/ament_prefix_path.dsv
[8.582s] -- Symlinking: /home/aiv/ev_ws/planning/install/planning_mr_ver/share/planning_mr_ver/environment/path.sh
[8.587s] -- Symlinking: /home/aiv/ev_ws/planning/install/planning_mr_ver/share/planning_mr_ver/environment/path.dsv
[8.594s] -- Symlinking: /home/aiv/ev_ws/planning/install/planning_mr_ver/share/planning_mr_ver/local_setup.bash
[8.600s] -- Symlinking: /home/aiv/ev_ws/planning/install/planning_mr_ver/share/planning_mr_ver/local_setup.sh
[8.605s] -- Symlinking: /home/aiv/ev_ws/planning/install/planning_mr_ver/share/planning_mr_ver/local_setup.zsh
[8.610s] -- Symlinking: /home/aiv/ev_ws/planning/install/planning_mr_ver/share/planning_mr_ver/local_setup.dsv
[8.616s] -- Symlinking: /home/aiv/ev_ws/planning/install/planning_mr_ver/share/planning_mr_ver/package.dsv
[8.622s] -- Symlinking: /home/aiv/ev_ws/planning/install/planning_mr_ver/share/ament_index/resource_index/packages/planning_mr_ver
[8.628s] -- Symlinking: /home/aiv/ev_ws/planning/install/planning_mr_ver/share/ament_index/resource_index/rclcpp_components/planning_mr_ver
[8.633s] -- Symlinking: /home/aiv/ev_ws/planning/install/planning_mr_ver/share/planning_mr_ver/cmake/planning_mr_verConfig.cmake
[8.638s] -- Symlinking: /home/aiv/ev_ws/planning/install/planning_mr_ver/share/planning_mr_ver/cmake/planning_mr_verConfig-version.cmake
[8.644s] -- Symlinking: /home/aiv/ev_ws/planning/install/planning_mr_ver/share/planning_mr_ver/package.xml
[8.652s] Invoked command in '/home/aiv/ev_ws/planning/build/planning_mr_ver' returned '0': AMENT_PREFIX_PATH=/home/aiv/ev_ws/planning/install/track_msgs:${AMENT_PREFIX_PATH} CMAKE_PREFIX_PATH=/home/aiv/ev_ws/planning/install/track_msgs:/home/aiv/ev_ws/carsa_gazebo/install/carsa_gazebo:/home/aiv/ev_ws/erp42_ros/install/erp42_serial:/home/aiv/ev_ws/erp42_ros/install/erp42_rqt_plugin:/home/aiv/ev_ws/erp42_ros/install/erp42_gazebo:/home/aiv/ev_ws/erp42_ros/install/erp42_util:/home/aiv/ev_ws/erp42_ros/install/erp42_msgs:/home/aiv/ev_ws/erp42_ros/install/erp42_description:/home/aiv/ev_ws/erp42_ros/install/erp42_cmake:/home/aiv/ev_ws/perception/install/velodyne:/home/aiv/ev_ws/perception/install/lidar_launch:/home/aiv/ev_ws/perception/install/velodyne_pointcloud:/home/aiv/ev_ws/perception/install/velodyne_driver:/home/aiv/ev_ws/perception/install/velodyne_msgs:/home/aiv/ev_ws/perception/install/velodyne_laserscan:/home/aiv/ev_ws/perception/install/velodyne_cropbox:/home/aiv/ev_ws/perception/install/patchworkpp:/home/aiv/ev_ws/perception/install/lidar_voxel_grid:/home/aiv/ev_ws/perception/install/lidar_interfaces:/home/aiv/ev_ws/perception/install/dbscan_clustering:/home/aiv/ev_ws/perception/install/cluster_splitter:/opt/ros/humble LD_LIBRARY_PATH=/home/aiv/ev_ws/planning/install/track_msgs/lib:${LD_LIBRARY_PATH} PYTHONPATH=/home/aiv/ev_ws/planning/install/track_msgs/local/lib/python3.10/dist-packages:${PYTHONPATH} /usr/bin/cmake --install /home/aiv/ev_ws/planning/build/planning_mr_ver
