[0.012s] Invoking command in '/home/aiv/ev_ws/perception/build/patchworkpp': CMAKE_PREFIX_PATH=${CMAKE_PREFIX_PATH}:/opt/ros/humble /usr/bin/cmake /home/aiv/ev_ws/perception/src/lidar/patchwork-plusplus/ros -DAMENT_CMAKE_SYMLINK_INSTALL=1 -DCMAKE_INSTALL_PREFIX=/home/aiv/ev_ws/perception/install/patchworkpp
[0.054s] -- The CXX compiler identification is GNU 11.4.0
[0.058s] -- Detecting CXX compiler ABI info
[0.109s] -- Detecting CXX compiler ABI info - done
[0.114s] -- Check for working CXX compiler: /usr/bin/c++ - skipped
[0.114s] -- Detecting CXX compile features
[0.114s] -- Detecting CXX compile features - done
[0.137s] -- The C compiler identification is GNU 11.4.0
[0.140s] -- Detecting C compiler ABI info
[0.189s] -- Detecting C compiler ABI info - done
[0.194s] -- Check for working C compiler: /usr/bin/cc - skipped
[0.194s] -- Detecting C compile features
[0.194s] -- Detecting C compile features - done
[1.373s] -- Performing Test EIGEN_COMPILER_SUPPORT_CPP11
[1.422s] -- Performing Test EIGEN_COMPILER_SUPPORT_CPP11 - Success
[1.422s] -- Performing Test COMPILER_SUPPORT_std=cpp03
[1.479s] -- Performing Test COMPILER_SUPPORT_std=cpp03 - Success
[1.479s] -- Performing Test standard_math_library_linked_to_automatically
[1.577s] -- Performing Test standard_math_library_linked_to_automatically - Success
[1.577s] -- Standard libraries to link to explicitly: none
[1.577s] -- Performing Test COMPILER_SUPPORT_WERROR
[1.651s] -- Performing Test COMPILER_SUPPORT_WERROR - Success
[1.652s] -- Performing Test COMPILER_SUPPORT_pedantic
[1.733s] -- Performing Test COMPILER_SUPPORT_pedantic - Success
[1.734s] -- Performing Test COMPILER_SUPPORT_Wall
[1.830s] -- Performing Test COMPILER_SUPPORT_Wall - Success
[1.830s] -- Performing Test COMPILER_SUPPORT_Wextra
[1.918s] -- Performing Test COMPILER_SUPPORT_Wextra - Success
[1.918s] -- Performing Test COMPILER_SUPPORT_Wundef
[1.973s] -- Performing Test COMPILER_SUPPORT_Wundef - Success
[1.974s] -- Performing Test COMPILER_SUPPORT_Wcastalign
[2.028s] -- Performing Test COMPILER_SUPPORT_Wcastalign - Success
[2.028s] -- Performing Test COMPILER_SUPPORT_Wcharsubscripts
[2.083s] -- Performing Test COMPILER_SUPPORT_Wcharsubscripts - Success
[2.084s] -- Performing Test COMPILER_SUPPORT_Wnonvirtualdtor
[2.144s] -- Performing Test COMPILER_SUPPORT_Wnonvirtualdtor - Success
[2.144s] -- Performing Test COMPILER_SUPPORT_Wunusedlocaltypedefs
[2.204s] -- Performing Test COMPILER_SUPPORT_Wunusedlocaltypedefs - Success
[2.204s] -- Performing Test COMPILER_SUPPORT_Wpointerarith
[2.264s] -- Performing Test COMPILER_SUPPORT_Wpointerarith - Success
[2.264s] -- Performing Test COMPILER_SUPPORT_Wwritestrings
[2.319s] -- Performing Test COMPILER_SUPPORT_Wwritestrings - Success
[2.320s] -- Performing Test COMPILER_SUPPORT_Wformatsecurity
[2.393s] -- Performing Test COMPILER_SUPPORT_Wformatsecurity - Success
[2.393s] -- Performing Test COMPILER_SUPPORT_Wshorten64to32
[2.393s] -- Performing Test COMPILER_SUPPORT_Wshorten64to32 - Failed
[2.393s] -- Performing Test COMPILER_SUPPORT_Wlogicalop
[2.447s] -- Performing Test COMPILER_SUPPORT_Wlogicalop - Success
[2.448s] -- Performing Test COMPILER_SUPPORT_Wenumconversion
[2.512s] -- Performing Test COMPILER_SUPPORT_Wenumconversion - Success
[2.512s] -- Performing Test COMPILER_SUPPORT_Wcpp11extensions
[2.531s] -- Performing Test COMPILER_SUPPORT_Wcpp11extensions - Failed
[2.531s] -- Performing Test COMPILER_SUPPORT_Wdoublepromotion
[2.588s] -- Performing Test COMPILER_SUPPORT_Wdoublepromotion - Success
[2.589s] -- Performing Test COMPILER_SUPPORT_Wshadow
[2.650s] -- Performing Test COMPILER_SUPPORT_Wshadow - Success
[2.650s] -- Performing Test COMPILER_SUPPORT_Wnopsabi
[2.710s] -- Performing Test COMPILER_SUPPORT_Wnopsabi - Success
[2.711s] -- Performing Test COMPILER_SUPPORT_Wnovariadicmacros
[2.769s] -- Performing Test COMPILER_SUPPORT_Wnovariadicmacros - Success
[2.770s] -- Performing Test COMPILER_SUPPORT_Wnolonglong
[2.826s] -- Performing Test COMPILER_SUPPORT_Wnolonglong - Success
[2.827s] -- Performing Test COMPILER_SUPPORT_fnochecknew
[2.886s] -- Performing Test COMPILER_SUPPORT_fnochecknew - Success
[2.887s] -- Performing Test COMPILER_SUPPORT_fnocommon
[2.944s] -- Performing Test COMPILER_SUPPORT_fnocommon - Success
[2.944s] -- Performing Test COMPILER_SUPPORT_fstrictaliasing
[3.003s] -- Performing Test COMPILER_SUPPORT_fstrictaliasing - Success
[3.004s] -- Performing Test COMPILER_SUPPORT_wd981
[3.021s] -- Performing Test COMPILER_SUPPORT_wd981 - Failed
[3.021s] -- Performing Test COMPILER_SUPPORT_wd2304
[3.037s] -- Performing Test COMPILER_SUPPORT_wd2304 - Failed
[3.038s] -- Performing Test COMPILER_SUPPORT_STRICTANSI
[3.056s] -- Performing Test COMPILER_SUPPORT_STRICTANSI - Failed
[3.057s] -- Performing Test COMPILER_SUPPORT_Qunusedarguments
[3.076s] -- Performing Test COMPILER_SUPPORT_Qunusedarguments - Failed
[3.076s] -- Performing Test COMPILER_SUPPORT_ansi
[3.132s] -- Performing Test COMPILER_SUPPORT_ansi - Success
[3.132s] -- Performing Test COMPILER_SUPPORT_OPENMP
[3.191s] -- Performing Test COMPILER_SUPPORT_OPENMP - Success
[3.200s] -- Looking for a Fortran compiler
[3.378s] -- Looking for a Fortran compiler - /usr/bin/f95
[3.426s] -- The Fortran compiler identification is GNU 11.4.0
[3.436s] -- Detecting Fortran compiler ABI info
[3.499s] -- Detecting Fortran compiler ABI info - done
[3.503s] -- Check for working Fortran compiler: /usr/bin/f95 - skipped
[3.511s] -- Could NOT find CHOLMOD (missing: CHOLMOD_INCLUDES CHOLMOD_LIBRARIES) 
[3.512s] -- Could NOT find UMFPACK (missing: UMFPACK_INCLUDES UMFPACK_LIBRARIES) 
[3.514s] -- Could NOT find KLU (missing: KLU_INCLUDES KLU_LIBRARIES) 
[3.520s] -- Performing Test SUPERLU_HAS_GLOBAL_MEM_USAGE_T
[3.590s] -- Performing Test SUPERLU_HAS_GLOBAL_MEM_USAGE_T - Success
[3.590s] -- Performing Test SUPERLU_HAS_CLEAN_ENUMS
[3.649s] -- Performing Test SUPERLU_HAS_CLEAN_ENUMS - Success
[3.649s] -- Performing Test SUPERLU_HAS_GLOBALLU_T
[3.718s] -- Performing Test SUPERLU_HAS_GLOBALLU_T - Success
[3.719s] -- Found SuperLU: /usr/include/superlu (found suitable version "5.0", minimum required is "4.0") 
[3.834s] -- Checking for one of the modules 'hwloc'
[3.870s] -- Performing Test HAVE_HWLOC_PARENT_MEMBER
[3.937s] -- Performing Test HAVE_HWLOC_PARENT_MEMBER - Success
[3.938s] -- Performing Test HAVE_HWLOC_CACHE_ATTR
[4.008s] -- Performing Test HAVE_HWLOC_CACHE_ATTR - Success
[4.008s] -- Performing Test HAVE_HWLOC_OBJ_PU
[4.076s] -- Performing Test HAVE_HWLOC_OBJ_PU - Success
[4.076s] -- Looking for hwloc_bitmap_free in hwloc
[4.132s] -- Looking for hwloc_bitmap_free in hwloc - found
[4.148s] -- Looking for Fortran sgemm
[4.208s] -- Looking for Fortran sgemm - found
[4.212s] -- Performing Test SCOTCH_Num_4
[4.231s] -- Performing Test SCOTCH_Num_4 - Failed
[4.232s] -- Performing Test SCOTCH_Num_8
[4.253s] -- Performing Test SCOTCH_Num_8 - Failed
[4.255s] -- A version of Pastix has been found but pastix_nompi.h does not exist in the include directory. Because Eigen tests require a version without MPI, we disable the Pastix backend.
[4.259s] -- Could NOT find SPQR (missing: SPQR_INCLUDES SPQR_LIBRARIES) 
[4.271s] -- Found unsuitable Qt version "5.15.3" from /usr/bin/qmake
[4.405s] -- Performing Test COMPILER_SUPPORT_FASTMATH
[4.463s] -- Performing Test COMPILER_SUPPORT_FASTMATH - Success
[4.475s] -- Found Boost: /usr/lib/x86_64-linux-gnu/cmake/Boost-1.74.0/BoostConfig.cmake (found suitable version "1.74.0", minimum required is "1.53.0")  
[4.539s] -- The Fortran compiler identification is GNU 11.4.0
[4.553s] -- Found Threads: TRUE  
[4.554s] -- Could NOT find GoogleHash (missing: GOOGLEHASH_INCLUDES GOOGLEHASH_COMPILE) 
[4.556s] -- Could NOT find Adolc (missing: ADOLC_INCLUDES ADOLC_LIBRARIES) 
[4.567s] -- Could NOT find MPFR (missing: MPFR_INCLUDES MPFR_LIBRARIES MPFR_VERSION_OK) (Required is at least version "1.0.0")
[4.571s] -- Found PkgConfig: /usr/bin/pkg-config (found version "0.29.2") 
[4.577s] -- Could NOT find FFTW (missing: FFTW_INCLUDES FFTW_LIBRARIES) 
[4.606s] -- Found CUDA: /usr/local/cuda-12.6 (found suitable version "12.6", minimum required is "7.0") 
[4.613s] -- Found unsuitable Qt version "5.15.3" from /usr/bin/qmake
[4.613s] -- Qt4 not found, so disabling the mandelbrot and opengl demos
[4.616s] -- Could NOT find CHOLMOD (missing: CHOLMOD_INCLUDES CHOLMOD_LIBRARIES) 
[4.617s] -- Could NOT find UMFPACK (missing: UMFPACK_INCLUDES UMFPACK_LIBRARIES) 
[4.619s] -- Could NOT find KLU (missing: KLU_INCLUDES KLU_LIBRARIES) 
[4.627s] -- A version of Pastix has been found but pastix_nompi.h does not exist in the include directory. Because Eigen tests require a version without MPI, we disable the Pastix backend.
[4.628s] -- ************************************************************
[4.628s] -- ***    Eigen's unit tests configuration summary          ***
[4.628s] -- ************************************************************
[4.628s] -- 
[4.628s] -- Build type:        Release
[4.628s] -- Build site:        aiv
[4.628s] -- Build string:      linux-6.8.0-94-generic-_-11.4.0-sse2-64bit
[4.628s] -- Enabled backends:  SuperLU,  Boost.Multiprecision, 
[4.628s] -- Disabled backends: CHOLMOD,  UMFPACK,  KLU,  PaStiX,  METIS,  SPQR,  Qt4 support,  GoogleHash,  Adolc,  MPFR C++,  fftw,  OpenGL, 
[4.628s] -- Default order:     Column-major
[4.628s] -- Maximal matrix/vector size: 320
[4.628s] -- SSE2:              Using architecture defaults
[4.628s] -- SSE3:              Using architecture defaults
[4.628s] -- SSSE3:             Using architecture defaults
[4.628s] -- SSE4.1:            Using architecture defaults
[4.628s] -- SSE4.2:            Using architecture defaults
[4.628s] -- AVX:               Using architecture defaults
[4.628s] -- AVX2:              Using architecture defaults
[4.628s] -- FMA:               Using architecture defaults
[4.628s] -- AVX512:            Using architecture defaults
[4.628s] -- AVX512DQ:          Using architecture defaults
[4.628s] -- Altivec:           Using architecture defaults
[4.628s] -- VSX:               Using architecture defaults
[4.628s] -- MIPS MSA:          Using architecture defaults
[4.628s] -- ARM NEON:          Using architecture defaults
[4.628s] -- ARMv8 NEON:        Using architecture defaults
[4.629s] -- S390X ZVECTOR:     Using architecture defaults
[4.629s] -- C++11:             OFF
[4.629s] -- SYCL:              OFF
[4.629s] -- CUDA:              OFF
[4.629s] -- HIP:               OFF
[4.629s] -- 
[4.629s] CXX:               /usr/bin/c++
[4.629s]  CXX_VERSION:       c++ (Ubuntu 11.4.0-1ubuntu1~22.04.2) 11.4.0
[4.629s]  CXX_FLAGS:           -std=c++03 -pedantic -Wall -Wextra -Wundef -Wcast-align -Wchar-subscripts -Wnon-virtual-dtor -Wunused-local-typedefs -Wpointer-arith -Wwrite-strings -Wformat-security -Wlogical-op -Wenum-conversion -Wdouble-promotion -Wshadow -Wno-psabi -Wno-variadic-macros -Wno-long-long -fno-check-new -fno-common -fstrict-aliasing -ansi
[4.629s]  Sparse lib flags:   ;/usr/lib/x86_64-linux-gnu/libsuperlu.so;eigen_blas
[4.629s] 
[4.629s] -- ************************************************************
[4.629s] -- 
[4.629s] -- Configured Eigen 3.4.0
[4.629s] -- 
[4.629s] -- Available targets (use: make TARGET):
[4.629s] -- ---------+--------------------------------------------------------------
[4.629s] -- Target   |   Description
[4.629s] -- ---------+--------------------------------------------------------------
[4.629s] -- install  | Install Eigen. Headers will be installed to:
[4.629s] --          |     <CMAKE_INSTALL_PREFIX>/<INCLUDE_INSTALL_DIR>
[4.629s] --          |   Using the following values:
[4.629s] --          |     CMAKE_INSTALL_PREFIX: /home/aiv/ev_ws/perception/install/patchworkpp
[4.629s] --          |     INCLUDE_INSTALL_DIR:  include/eigen3
[4.629s] --          |   Change the install location of Eigen headers using:
[4.629s] --          |     cmake . -DCMAKE_INSTALL_PREFIX=yourprefix
[4.629s] --          |   Or:
[4.629s] --          |     cmake . -DINCLUDE_INSTALL_DIR=yourdir
[4.629s] -- doc      | Generate the API documentation, requires Doxygen & LaTeX
[4.629s] -- check    | Build and run the unit-tests. Read this page:
[4.629s] --          |   http://eigen.tuxfamily.org/index.php?title=Tests
[4.629s] -- blas     | Build BLAS library (not the same thing as Eigen)
[4.629s] -- uninstall| Remove files installed by the install target
[4.629s] -- ---------+--------------------------------------------------------------
[4.629s] -- 
[4.630s] [0mParent project name: patchworkpp[0m
[4.631s] -- Found ament_cmake: 1.3.12 (/opt/ros/humble/share/ament_cmake/cmake)
[4.744s] -- Found Python3: /usr/bin/python3 (found version "3.10.12") found components: Interpreter 
[4.791s] -- Override CMake install command with custom implementation using symlinks instead of copying resources
[4.824s] -- Found nav_msgs: 4.9.0 (/opt/ros/humble/share/nav_msgs/cmake)
[4.860s] -- Found rosidl_generator_c: 3.1.8 (/opt/ros/humble/share/rosidl_generator_c/cmake)
[4.866s] -- Found rosidl_adapter: 3.1.8 (/opt/ros/humble/share/rosidl_adapter/cmake)
[4.875s] -- Found rosidl_generator_cpp: 3.1.8 (/opt/ros/humble/share/rosidl_generator_cpp/cmake)
[4.889s] -- Using all available rosidl_typesupport_c: rosidl_typesupport_fastrtps_c;rosidl_typesupport_introspection_c
[4.900s] -- Using all available rosidl_typesupport_cpp: rosidl_typesupport_fastrtps_cpp;rosidl_typesupport_introspection_cpp
[4.939s] -- Found rclcpp: 16.0.17 (/opt/ros/humble/share/rclcpp/cmake)
[4.979s] -- Found rmw_implementation_cmake: 6.1.2 (/opt/ros/humble/share/rmw_implementation_cmake/cmake)
[4.982s] -- Found rmw_fastrtps_cpp: 6.2.9 (/opt/ros/humble/share/rmw_fastrtps_cpp/cmake)
[5.066s] -- Found OpenSSL: /usr/lib/x86_64-linux-gnu/libcrypto.so (found version "3.0.2")  
[5.091s] -- Found FastRTPS: /opt/ros/humble/include  
[5.133s] -- Using RMW implementation 'rmw_fastrtps_cpp' as default
[5.178s] -- Found rclcpp_components: 16.0.17 (/opt/ros/humble/share/rclcpp_components/cmake)
[5.205s] -- Found sensor_msgs: 4.9.0 (/opt/ros/humble/share/sensor_msgs/cmake)
[5.224s] -- Found tf2_ros: 0.25.18 (/opt/ros/humble/share/tf2_ros/cmake)
[5.330s] -- Configuring done
[5.969s] -- Generating done
[6.139s] -- Build files have been written to: /home/aiv/ev_ws/perception/build/patchworkpp
[6.186s] Invoked command in '/home/aiv/ev_ws/perception/build/patchworkpp' returned '0': CMAKE_PREFIX_PATH=${CMAKE_PREFIX_PATH}:/opt/ros/humble /usr/bin/cmake /home/aiv/ev_ws/perception/src/lidar/patchwork-plusplus/ros -DAMENT_CMAKE_SYMLINK_INSTALL=1 -DCMAKE_INSTALL_PREFIX=/home/aiv/ev_ws/perception/install/patchworkpp
[6.187s] Invoking command in '/home/aiv/ev_ws/perception/build/patchworkpp': CMAKE_PREFIX_PATH=${CMAKE_PREFIX_PATH}:/opt/ros/humble /usr/bin/cmake --build /home/aiv/ev_ws/perception/build/patchworkpp -- -j28 -l28
[6.294s] [32mBuilding CXX object CMakeFiles/patchworkpp_node.dir/rclcpp_components/node_main_patchworkpp_node.cpp.o[0m
[6.297s] [32mBuilding CXX object patchworkpp_cpp/patchworkpp/CMakeFiles/ground_seg_cores.dir/src/patchworkpp.cpp.o[0m
[8.501s] [32m[1mLinking CXX executable patchworkpp_node[0m
[8.613s] Built target patchworkpp_node
[15.065s] [32m[1mLinking CXX static library libground_seg_cores.a[0m
[15.089s] Built target ground_seg_cores
[15.104s] [32mBuilding CXX object CMakeFiles/gseg_component.dir/src/GroundSegmentationServer.cpp.o[0m
[22.787s] [32m[1mLinking CXX shared library libgseg_component.so[0m
[22.883s] Built target gseg_component
[22.889s] Invoked command in '/home/aiv/ev_ws/perception/build/patchworkpp' returned '0': CMAKE_PREFIX_PATH=${CMAKE_PREFIX_PATH}:/opt/ros/humble /usr/bin/cmake --build /home/aiv/ev_ws/perception/build/patchworkpp -- -j28 -l28
[22.892s] Invoking command in '/home/aiv/ev_ws/perception/build/patchworkpp': CMAKE_PREFIX_PATH=${CMAKE_PREFIX_PATH}:/opt/ros/humble /usr/bin/cmake --install /home/aiv/ev_ws/perception/build/patchworkpp
[22.898s] -- Install configuration: "Release"
[22.899s] -- Installing: /home/aiv/ev_ws/perception/install/patchworkpp/include
[22.899s] -- Installing: /home/aiv/ev_ws/perception/install/patchworkpp/include/patchwork
[22.899s] -- Installing: /home/aiv/ev_ws/perception/install/patchworkpp/include/patchwork/patchworkpp.h
[22.899s] -- Installing: /home/aiv/ev_ws/perception/install/patchworkpp/lib/libground_seg_cores.a
[22.899s] -- Installing: /home/aiv/ev_ws/perception/install/patchworkpp/lib/cmake/patchworkpp/patchworkppConfig.cmake
[22.899s] -- Installing: /home/aiv/ev_ws/perception/install/patchworkpp/lib/cmake/patchworkpp/patchworkppConfig-release.cmake
[22.899s] -- Installing: /home/aiv/ev_ws/perception/install/patchworkpp/lib/cmake/patchworkpp/patchworkppTargets.cmake
[22.900s] -- Installing: /home/aiv/ev_ws/perception/install/patchworkpp/lib/cmake/patchworkpp/patchworkppTargets-release.cmake
[22.900s] -- Execute custom install script
[22.900s] -- Symlinking: /home/aiv/ev_ws/perception/install/patchworkpp/lib/patchworkpp/patchworkpp_node
[22.905s] -- Symlinking: /home/aiv/ev_ws/perception/install/patchworkpp/lib/libgseg_component.so
[22.910s] -- Symlinking: /home/aiv/ev_ws/perception/install/patchworkpp/share/patchworkpp//launch/patchworkpp.launch.py
[22.915s] -- Symlinking: /home/aiv/ev_ws/perception/install/patchworkpp/share/patchworkpp//rviz/patchworkpp.rviz
[22.921s] -- Symlinking: /home/aiv/ev_ws/perception/install/patchworkpp/share/patchworkpp//config/patchworkpp_params.yaml
[22.926s] -- Symlinking: /home/aiv/ev_ws/perception/install/patchworkpp/share/ament_index/resource_index/package_run_dependencies/patchworkpp
[22.932s] -- Symlinking: /home/aiv/ev_ws/perception/install/patchworkpp/share/ament_index/resource_index/parent_prefix_path/patchworkpp
[22.937s] -- Symlinking: /home/aiv/ev_ws/perception/install/patchworkpp/share/patchworkpp/environment/ament_prefix_path.sh
[22.942s] -- Symlinking: /home/aiv/ev_ws/perception/install/patchworkpp/share/patchworkpp/environment/ament_prefix_path.dsv
[22.946s] -- Symlinking: /home/aiv/ev_ws/perception/install/patchworkpp/share/patchworkpp/environment/path.sh
[22.952s] -- Symlinking: /home/aiv/ev_ws/perception/install/patchworkpp/share/patchworkpp/environment/path.dsv
[22.957s] -- Symlinking: /home/aiv/ev_ws/perception/install/patchworkpp/share/patchworkpp/local_setup.bash
[22.962s] -- Symlinking: /home/aiv/ev_ws/perception/install/patchworkpp/share/patchworkpp/local_setup.sh
[22.966s] -- Symlinking: /home/aiv/ev_ws/perception/install/patchworkpp/share/patchworkpp/local_setup.zsh
[22.971s] -- Symlinking: /home/aiv/ev_ws/perception/install/patchworkpp/share/patchworkpp/local_setup.dsv
[22.976s] -- Symlinking: /home/aiv/ev_ws/perception/install/patchworkpp/share/patchworkpp/package.dsv
[22.980s] -- Symlinking: /home/aiv/ev_ws/perception/install/patchworkpp/share/ament_index/resource_index/packages/patchworkpp
[22.985s] -- Symlinking: /home/aiv/ev_ws/perception/install/patchworkpp/share/ament_index/resource_index/rclcpp_components/patchworkpp
[22.990s] -- Symlinking: /home/aiv/ev_ws/perception/install/patchworkpp/share/patchworkpp/cmake/patchworkppConfig.cmake
[22.996s] -- Symlinking: /home/aiv/ev_ws/perception/install/patchworkpp/share/patchworkpp/cmake/patchworkppConfig-version.cmake
[23.001s] -- Symlinking: /home/aiv/ev_ws/perception/install/patchworkpp/share/patchworkpp/package.xml
[23.008s] Invoked command in '/home/aiv/ev_ws/perception/build/patchworkpp' returned '0': CMAKE_PREFIX_PATH=${CMAKE_PREFIX_PATH}:/opt/ros/humble /usr/bin/cmake --install /home/aiv/ev_ws/perception/build/patchworkpp
