[0.006s] Invoking command in '/home/aiv/ev_ws/perception/build/velodyne_cropbox': CMAKE_PREFIX_PATH=${CMAKE_PREFIX_PATH}:/opt/ros/humble /usr/bin/cmake /home/aiv/ev_ws/perception/src/lidar/velodyne_cropbox -DCMAKE_INSTALL_PREFIX=/home/aiv/ev_ws/perception/install/velodyne_cropbox
[0.014s] -- Found ament_cmake: 1.3.12 (/opt/ros/humble/share/ament_cmake/cmake)
[0.078s] -- Override CMake install command with custom implementation using symlinks instead of copying resources
[0.083s] -- Found rclcpp: 16.0.17 (/opt/ros/humble/share/rclcpp/cmake)
[0.100s] -- Found rosidl_generator_c: 3.1.8 (/opt/ros/humble/share/rosidl_generator_c/cmake)
[0.101s] -- Found rosidl_adapter: 3.1.8 (/opt/ros/humble/share/rosidl_adapter/cmake)
[0.104s] -- Found rosidl_generator_cpp: 3.1.8 (/opt/ros/humble/share/rosidl_generator_cpp/cmake)
[0.109s] -- Using all available rosidl_typesupport_c: rosidl_typesupport_fastrtps_c;rosidl_typesupport_introspection_c
[0.116s] -- Using all available rosidl_typesupport_cpp: rosidl_typesupport_fastrtps_cpp;rosidl_typesupport_introspection_cpp
[0.133s] -- Found rmw_implementation_cmake: 6.1.2 (/opt/ros/humble/share/rmw_implementation_cmake/cmake)
[0.134s] -- Found rmw_fastrtps_cpp: 6.2.9 (/opt/ros/humble/share/rmw_fastrtps_cpp/cmake)
[0.196s] -- Using RMW implementation 'rmw_fastrtps_cpp' as default
[0.222s] -- Found rclcpp_components: 16.0.17 (/opt/ros/humble/share/rclcpp_components/cmake)
[0.231s] -- Found sensor_msgs: 4.9.0 (/opt/ros/humble/share/sensor_msgs/cmake)
[0.249s] -- Found ament_lint_auto: 0.12.14 (/opt/ros/humble/share/ament_lint_auto/cmake)
[0.291s] -- Added test 'cppcheck' to perform static code analysis on C / C++ code
[0.291s] -- Configured cppcheck include dirs: $<BUILD_INTERFACE:/home/aiv/ev_ws/perception/src/lidar/velodyne_cropbox/include>
[0.291s] -- Configured cppcheck exclude dirs and/or files: 
[0.291s] -- Added test 'flake8' to check Python code syntax and style conventions
[0.291s] -- Added test 'lint_cmake' to check CMake code style
[0.291s] -- Added test 'pep257' to check Python code against some of the docstring style conventions in PEP 257
[0.292s] -- Added test 'uncrustify' to check C / C++ code style
[0.292s] -- Configured uncrustify additional arguments: 
[0.292s] -- Added test 'xmllint' to check XML markup files
[0.293s] -- Configuring done
[0.298s] -- Generating done
[0.300s] -- Build files have been written to: /home/aiv/ev_ws/perception/build/velodyne_cropbox
[0.304s] Invoked command in '/home/aiv/ev_ws/perception/build/velodyne_cropbox' returned '0': CMAKE_PREFIX_PATH=${CMAKE_PREFIX_PATH}:/opt/ros/humble /usr/bin/cmake /home/aiv/ev_ws/perception/src/lidar/velodyne_cropbox -DCMAKE_INSTALL_PREFIX=/home/aiv/ev_ws/perception/install/velodyne_cropbox
[0.305s] Invoking command in '/home/aiv/ev_ws/perception/build/velodyne_cropbox': CMAKE_PREFIX_PATH=${CMAKE_PREFIX_PATH}:/opt/ros/humble /usr/bin/cmake --build /home/aiv/ev_ws/perception/build/velodyne_cropbox -- -j28 -l28
[0.336s] Consolidate compiler generated dependencies of target cropbox_component
[0.346s] [100%] Built target cropbox_component
[0.355s] Invoked command in '/home/aiv/ev_ws/perception/build/velodyne_cropbox' returned '0': CMAKE_PREFIX_PATH=${CMAKE_PREFIX_PATH}:/opt/ros/humble /usr/bin/cmake --build /home/aiv/ev_ws/perception/build/velodyne_cropbox -- -j28 -l28
[0.361s] Invoking command in '/home/aiv/ev_ws/perception/build/velodyne_cropbox': CMAKE_PREFIX_PATH=${CMAKE_PREFIX_PATH}:/opt/ros/humble /usr/bin/cmake --install /home/aiv/ev_ws/perception/build/velodyne_cropbox
[0.366s] -- Install configuration: ""
[0.366s] -- Execute custom install script
[0.367s] -- Up-to-date symlink: /home/aiv/ev_ws/perception/install/velodyne_cropbox/lib/libcropbox_component.so
[0.367s] -- Up-to-date symlink: /home/aiv/ev_ws/perception/install/velodyne_cropbox/include/velodyne_cropbox/cropbox_component.hpp
[0.367s] -- Up-to-date symlink: /home/aiv/ev_ws/perception/install/velodyne_cropbox/share/velodyne_cropbox/config/default_cropbox_params.yaml
[0.367s] -- Up-to-date symlink: /home/aiv/ev_ws/perception/install/velodyne_cropbox/share/velodyne_cropbox/launch/cropbox.launch.py
[0.367s] -- Up-to-date symlink: /home/aiv/ev_ws/perception/install/velodyne_cropbox/share/velodyne_cropbox/environment/library_path.sh
[0.367s] -- Up-to-date symlink: /home/aiv/ev_ws/perception/install/velodyne_cropbox/share/velodyne_cropbox/environment/library_path.dsv
[0.367s] -- Up-to-date symlink: /home/aiv/ev_ws/perception/install/velodyne_cropbox/share/ament_index/resource_index/package_run_dependencies/velodyne_cropbox
[0.367s] -- Up-to-date symlink: /home/aiv/ev_ws/perception/install/velodyne_cropbox/share/ament_index/resource_index/parent_prefix_path/velodyne_cropbox
[0.367s] -- Up-to-date symlink: /home/aiv/ev_ws/perception/install/velodyne_cropbox/share/velodyne_cropbox/environment/ament_prefix_path.sh
[0.367s] -- Up-to-date symlink: /home/aiv/ev_ws/perception/install/velodyne_cropbox/share/velodyne_cropbox/environment/ament_prefix_path.dsv
[0.367s] -- Up-to-date symlink: /home/aiv/ev_ws/perception/install/velodyne_cropbox/share/velodyne_cropbox/environment/path.sh
[0.368s] -- Up-to-date symlink: /home/aiv/ev_ws/perception/install/velodyne_cropbox/share/velodyne_cropbox/environment/path.dsv
[0.368s] -- Up-to-date symlink: /home/aiv/ev_ws/perception/install/velodyne_cropbox/share/velodyne_cropbox/local_setup.bash
[0.368s] -- Up-to-date symlink: /home/aiv/ev_ws/perception/install/velodyne_cropbox/share/velodyne_cropbox/local_setup.sh
[0.368s] -- Up-to-date symlink: /home/aiv/ev_ws/perception/install/velodyne_cropbox/share/velodyne_cropbox/local_setup.zsh
[0.368s] -- Up-to-date symlink: /home/aiv/ev_ws/perception/install/velodyne_cropbox/share/velodyne_cropbox/local_setup.dsv
[0.368s] -- Symlinking: /home/aiv/ev_ws/perception/install/velodyne_cropbox/share/velodyne_cropbox/package.dsv
[0.373s] -- Up-to-date symlink: /home/aiv/ev_ws/perception/install/velodyne_cropbox/share/ament_index/resource_index/packages/velodyne_cropbox
[0.373s] -- Up-to-date symlink: /home/aiv/ev_ws/perception/install/velodyne_cropbox/share/ament_index/resource_index/rclcpp_components/velodyne_cropbox
[0.373s] -- Up-to-date symlink: /home/aiv/ev_ws/perception/install/velodyne_cropbox/share/velodyne_cropbox/cmake/ament_cmake_export_include_directories-extras.cmake
[0.373s] -- Up-to-date symlink: /home/aiv/ev_ws/perception/install/velodyne_cropbox/share/velodyne_cropbox/cmake/ament_cmake_export_libraries-extras.cmake
[0.374s] -- Up-to-date symlink: /home/aiv/ev_ws/perception/install/velodyne_cropbox/share/velodyne_cropbox/cmake/ament_cmake_export_dependencies-extras.cmake
[0.374s] -- Up-to-date symlink: /home/aiv/ev_ws/perception/install/velodyne_cropbox/share/velodyne_cropbox/cmake/velodyne_cropboxConfig.cmake
[0.374s] -- Up-to-date symlink: /home/aiv/ev_ws/perception/install/velodyne_cropbox/share/velodyne_cropbox/cmake/velodyne_cropboxConfig-version.cmake
[0.374s] -- Up-to-date symlink: /home/aiv/ev_ws/perception/install/velodyne_cropbox/share/velodyne_cropbox/package.xml
[0.375s] Invoked command in '/home/aiv/ev_ws/perception/build/velodyne_cropbox' returned '0': CMAKE_PREFIX_PATH=${CMAKE_PREFIX_PATH}:/opt/ros/humble /usr/bin/cmake --install /home/aiv/ev_ws/perception/build/velodyne_cropbox
