[0.399s] Invoking command in '/home/woonggook/ev_ws/build/lane_seg': PYTHONPATH=/home/woonggook/ev_ws/build/lane_seg/prefix_override:/usr/lib/python3/dist-packages/colcon_core/task/python/colcon_distutils_commands:/home/woonggook/ev_ws/install/lane_seg/lib/python3.10/site-packages:${PYTHONPATH} /usr/bin/python3 -W ignore:setup.py install is deprecated -W ignore:easy_install command is deprecated setup.py develop --uninstall --editable --build-directory /home/woonggook/ev_ws/build/lane_seg/build
[0.565s] running develop
[0.684s] Removing /home/woonggook/ev_ws/install/lane_seg/lib/python3.10/site-packages/lane-seg.egg-link (link to .)
[0.706s] Invoked command in '/home/woonggook/ev_ws/build/lane_seg' returned '0': PYTHONPATH=/home/woonggook/ev_ws/build/lane_seg/prefix_override:/usr/lib/python3/dist-packages/colcon_core/task/python/colcon_distutils_commands:/home/woonggook/ev_ws/install/lane_seg/lib/python3.10/site-packages:${PYTHONPATH} /usr/bin/python3 -W ignore:setup.py install is deprecated -W ignore:easy_install command is deprecated setup.py develop --uninstall --editable --build-directory /home/woonggook/ev_ws/build/lane_seg/build
[0.707s] Invoking command in '/home/woonggook/ev_ws/src/lane_seg': PYTHONPATH=/home/woonggook/ev_ws/build/lane_seg/prefix_override:/usr/lib/python3/dist-packages/colcon_core/task/python/colcon_distutils_commands:/home/woonggook/ev_ws/install/lane_seg/lib/python3.10/site-packages:${PYTHONPATH} /usr/bin/python3 -W ignore:setup.py install is deprecated -W ignore:easy_install command is deprecated setup.py egg_info --egg-base ../../build/lane_seg build --build-base /home/woonggook/ev_ws/build/lane_seg/build install --record /home/woonggook/ev_ws/build/lane_seg/install.log --single-version-externally-managed install_data --force
[0.865s] running egg_info
[0.866s] writing ../../build/lane_seg/lane_seg.egg-info/PKG-INFO
[0.866s] writing dependency_links to ../../build/lane_seg/lane_seg.egg-info/dependency_links.txt
[0.866s] writing entry points to ../../build/lane_seg/lane_seg.egg-info/entry_points.txt
[0.866s] writing requirements to ../../build/lane_seg/lane_seg.egg-info/requires.txt
[0.866s] writing top-level names to ../../build/lane_seg/lane_seg.egg-info/top_level.txt
[0.867s] reading manifest file '../../build/lane_seg/lane_seg.egg-info/SOURCES.txt'
[0.868s] writing manifest file '../../build/lane_seg/lane_seg.egg-info/SOURCES.txt'
[0.868s] running build
[0.868s] running build_py
[0.868s] copying lane_seg/yolo_seg_node.py -> /home/woonggook/ev_ws/build/lane_seg/build/lib/lane_seg
[0.868s] copying lane_seg/bev_node.py -> /home/woonggook/ev_ws/build/lane_seg/build/lib/lane_seg
[0.869s] copying lane_seg/utils/test_yolo_videos.py -> /home/woonggook/ev_ws/build/lane_seg/build/lib/lane_seg/utils
[0.869s] copying lane_seg/utils/extract_frames.py -> /home/woonggook/ev_ws/build/lane_seg/build/lib/lane_seg/utils
[0.870s] copying lane_seg/utils/record_bev.py -> /home/woonggook/ev_ws/build/lane_seg/build/lib/lane_seg/utils
[0.870s] copying lane_seg/utils/bev_cali.py -> /home/woonggook/ev_ws/build/lane_seg/build/lib/lane_seg/utils
[0.870s] running install
[0.870s] running install_lib
[0.871s] copying /home/woonggook/ev_ws/build/lane_seg/build/lib/lane_seg/yolo_seg_node.py -> /home/woonggook/ev_ws/install/lane_seg/lib/python3.10/site-packages/lane_seg
[0.871s] copying /home/woonggook/ev_ws/build/lane_seg/build/lib/lane_seg/bev_node.py -> /home/woonggook/ev_ws/install/lane_seg/lib/python3.10/site-packages/lane_seg
[0.871s] creating /home/woonggook/ev_ws/install/lane_seg/lib/python3.10/site-packages/lane_seg/utils
[0.871s] copying /home/woonggook/ev_ws/build/lane_seg/build/lib/lane_seg/utils/convert_to_yolo.py -> /home/woonggook/ev_ws/install/lane_seg/lib/python3.10/site-packages/lane_seg/utils
[0.871s] copying /home/woonggook/ev_ws/build/lane_seg/build/lib/lane_seg/utils/get_points.py -> /home/woonggook/ev_ws/install/lane_seg/lib/python3.10/site-packages/lane_seg/utils
[0.871s] copying /home/woonggook/ev_ws/build/lane_seg/build/lib/lane_seg/utils/generate_synthetic_bev.py -> /home/woonggook/ev_ws/install/lane_seg/lib/python3.10/site-packages/lane_seg/utils
[0.872s] copying /home/woonggook/ev_ws/build/lane_seg/build/lib/lane_seg/utils/test_yolo_videos.py -> /home/woonggook/ev_ws/install/lane_seg/lib/python3.10/site-packages/lane_seg/utils
[0.872s] copying /home/woonggook/ev_ws/build/lane_seg/build/lib/lane_seg/utils/extract_frames.py -> /home/woonggook/ev_ws/install/lane_seg/lib/python3.10/site-packages/lane_seg/utils
[0.872s] copying /home/woonggook/ev_ws/build/lane_seg/build/lib/lane_seg/utils/record_bev.py -> /home/woonggook/ev_ws/install/lane_seg/lib/python3.10/site-packages/lane_seg/utils
[0.872s] copying /home/woonggook/ev_ws/build/lane_seg/build/lib/lane_seg/utils/__init__.py -> /home/woonggook/ev_ws/install/lane_seg/lib/python3.10/site-packages/lane_seg/utils
[0.872s] copying /home/woonggook/ev_ws/build/lane_seg/build/lib/lane_seg/utils/get_extrinsic.py -> /home/woonggook/ev_ws/install/lane_seg/lib/python3.10/site-packages/lane_seg/utils
[0.872s] copying /home/woonggook/ev_ws/build/lane_seg/build/lib/lane_seg/utils/bev_cali.py -> /home/woonggook/ev_ws/install/lane_seg/lib/python3.10/site-packages/lane_seg/utils
[0.872s] copying /home/woonggook/ev_ws/build/lane_seg/build/lib/lane_seg/__init__.py -> /home/woonggook/ev_ws/install/lane_seg/lib/python3.10/site-packages/lane_seg
[0.872s] byte-compiling /home/woonggook/ev_ws/install/lane_seg/lib/python3.10/site-packages/lane_seg/yolo_seg_node.py to yolo_seg_node.cpython-310.pyc
[0.873s] byte-compiling /home/woonggook/ev_ws/install/lane_seg/lib/python3.10/site-packages/lane_seg/bev_node.py to bev_node.cpython-310.pyc
[0.873s] byte-compiling /home/woonggook/ev_ws/install/lane_seg/lib/python3.10/site-packages/lane_seg/utils/convert_to_yolo.py to convert_to_yolo.cpython-310.pyc
[0.874s] byte-compiling /home/woonggook/ev_ws/install/lane_seg/lib/python3.10/site-packages/lane_seg/utils/get_points.py to get_points.cpython-310.pyc
[0.874s] byte-compiling /home/woonggook/ev_ws/install/lane_seg/lib/python3.10/site-packages/lane_seg/utils/generate_synthetic_bev.py to generate_synthetic_bev.cpython-310.pyc
[0.875s] byte-compiling /home/woonggook/ev_ws/install/lane_seg/lib/python3.10/site-packages/lane_seg/utils/test_yolo_videos.py to test_yolo_videos.cpython-310.pyc
[0.875s] byte-compiling /home/woonggook/ev_ws/install/lane_seg/lib/python3.10/site-packages/lane_seg/utils/extract_frames.py to extract_frames.cpython-310.pyc
[0.875s] byte-compiling /home/woonggook/ev_ws/install/lane_seg/lib/python3.10/site-packages/lane_seg/utils/record_bev.py to record_bev.cpython-310.pyc
[0.875s] byte-compiling /home/woonggook/ev_ws/install/lane_seg/lib/python3.10/site-packages/lane_seg/utils/__init__.py to __init__.cpython-310.pyc
[0.876s] byte-compiling /home/woonggook/ev_ws/install/lane_seg/lib/python3.10/site-packages/lane_seg/utils/get_extrinsic.py to get_extrinsic.cpython-310.pyc
[0.876s] byte-compiling /home/woonggook/ev_ws/install/lane_seg/lib/python3.10/site-packages/lane_seg/utils/bev_cali.py to bev_cali.cpython-310.pyc
[0.876s] byte-compiling /home/woonggook/ev_ws/install/lane_seg/lib/python3.10/site-packages/lane_seg/__init__.py to __init__.cpython-310.pyc
[0.876s] running install_data
[0.876s] copying resource/lane_seg -> /home/woonggook/ev_ws/install/lane_seg/share/ament_index/resource_index/packages
[0.876s] copying package.xml -> /home/woonggook/ev_ws/install/lane_seg/share/lane_seg
[0.876s] running install_egg_info
[0.878s] Copying ../../build/lane_seg/lane_seg.egg-info to /home/woonggook/ev_ws/install/lane_seg/lib/python3.10/site-packages/lane_seg-0.0.0-py3.10.egg-info
[0.878s] running install_scripts
[0.891s] Installing bev_node script to /home/woonggook/ev_ws/install/lane_seg/lib/lane_seg
[0.891s] Installing yolo_seg script to /home/woonggook/ev_ws/install/lane_seg/lib/lane_seg
[0.891s] writing list of installed files to '/home/woonggook/ev_ws/build/lane_seg/install.log'
[0.906s] Invoked command in '/home/woonggook/ev_ws/src/lane_seg' returned '0': PYTHONPATH=/home/woonggook/ev_ws/build/lane_seg/prefix_override:/usr/lib/python3/dist-packages/colcon_core/task/python/colcon_distutils_commands:/home/woonggook/ev_ws/install/lane_seg/lib/python3.10/site-packages:${PYTHONPATH} /usr/bin/python3 -W ignore:setup.py install is deprecated -W ignore:easy_install command is deprecated setup.py egg_info --egg-base ../../build/lane_seg build --build-base /home/woonggook/ev_ws/build/lane_seg/build install --record /home/woonggook/ev_ws/build/lane_seg/install.log --single-version-externally-managed install_data --force
