[0.618s] Invoking command in '/home/woonggook/ev_ws/build/lane_seg': PYTHONPATH=/home/woonggook/ev_ws/build/lane_seg/prefix_override:/usr/lib/python3/dist-packages/colcon_core/task/python/colcon_distutils_commands:/home/woonggook/ev_ws/install/lane_seg/lib/python3.10/site-packages:${PYTHONPATH} /usr/bin/python3 -W ignore:setup.py install is deprecated -W ignore:easy_install command is deprecated setup.py develop --editable --build-directory /home/woonggook/ev_ws/build/lane_seg/build --no-deps symlink_data
[0.792s] running develop
[0.906s] running egg_info
[0.907s] creating lane_seg.egg-info
[0.907s] writing lane_seg.egg-info/PKG-INFO
[0.907s] writing dependency_links to lane_seg.egg-info/dependency_links.txt
[0.907s] writing entry points to lane_seg.egg-info/entry_points.txt
[0.907s] writing requirements to lane_seg.egg-info/requires.txt
[0.907s] writing top-level names to lane_seg.egg-info/top_level.txt
[0.907s] writing manifest file 'lane_seg.egg-info/SOURCES.txt'
[0.908s] reading manifest file 'lane_seg.egg-info/SOURCES.txt'
[0.908s] writing manifest file 'lane_seg.egg-info/SOURCES.txt'
[0.909s] running build_ext
[0.909s] Creating /home/woonggook/ev_ws/install/lane_seg/lib/python3.10/site-packages/lane-seg.egg-link (link to .)
[0.910s] 
[0.910s] Installed /home/woonggook/ev_ws/build/lane_seg
[0.910s] running symlink_data
[0.910s] creating /home/woonggook/ev_ws/install/lane_seg/share/ament_index
[0.910s] creating /home/woonggook/ev_ws/install/lane_seg/share/ament_index/resource_index
[0.910s] creating /home/woonggook/ev_ws/install/lane_seg/share/ament_index/resource_index/packages
[0.910s] symbolically linking /home/woonggook/ev_ws/build/lane_seg/resource/lane_seg -> /home/woonggook/ev_ws/install/lane_seg/share/ament_index/resource_index/packages
[0.910s] symbolically linking /home/woonggook/ev_ws/build/lane_seg/package.xml -> /home/woonggook/ev_ws/install/lane_seg/share/lane_seg
[0.936s] Invoked command in '/home/woonggook/ev_ws/build/lane_seg' returned '0': PYTHONPATH=/home/woonggook/ev_ws/build/lane_seg/prefix_override:/usr/lib/python3/dist-packages/colcon_core/task/python/colcon_distutils_commands:/home/woonggook/ev_ws/install/lane_seg/lib/python3.10/site-packages:${PYTHONPATH} /usr/bin/python3 -W ignore:setup.py install is deprecated -W ignore:easy_install command is deprecated setup.py develop --editable --build-directory /home/woonggook/ev_ws/build/lane_seg/build --no-deps symlink_data
