[0.021s] Invoking command in '/home/kimsohee/ev-1-5/ev-Autonomous-Vehicle-1-5/build/t870_msgs': CMAKE_PREFIX_PATH=/opt/ros/humble /usr/bin/cmake --build /home/kimsohee/ev-1-5/ev-Autonomous-Vehicle-1-5/build/t870_msgs -- -j10 -l10
[0.048s] [  2%] Built target t870_msgs__cpp
[0.050s] [ 12%] Built target t870_msgs__rosidl_generator_c
[0.063s] [ 12%] Built target ament_cmake_python_symlink_t870_msgs
[0.076s] [ 23%] Built target t870_msgs__rosidl_typesupport_cpp
[0.079s] [ 34%] Built target t870_msgs__rosidl_typesupport_fastrtps_cpp
[0.080s] [ 44%] Built target t870_msgs__rosidl_typesupport_introspection_cpp
[0.088s] [ 55%] Built target t870_msgs__rosidl_typesupport_fastrtps_c
[0.118s] [ 65%] Built target t870_msgs__rosidl_typesupport_c
[0.130s] [ 76%] Built target t870_msgs__rosidl_typesupport_introspection_c
[0.156s] [ 76%] Built target t870_msgs
[0.166s] [ 78%] Built target t870_msgs__py
[0.177s] [ 87%] Built target t870_msgs__rosidl_generator_py
[0.187s] [ 91%] Built target t870_msgs__rosidl_typesupport_fastrtps_c__pyext
[0.189s] [ 95%] Built target t870_msgs__rosidl_typesupport_introspection_c__pyext
[0.196s] [100%] Built target t870_msgs__rosidl_typesupport_c__pyext
[0.229s] running egg_info
[0.229s] writing t870_msgs.egg-info/PKG-INFO
[0.229s] writing dependency_links to t870_msgs.egg-info/dependency_links.txt
[0.229s] writing top-level names to t870_msgs.egg-info/top_level.txt
[0.231s] reading manifest file 't870_msgs.egg-info/SOURCES.txt'
[0.231s] writing manifest file 't870_msgs.egg-info/SOURCES.txt'
[0.246s] [100%] Built target ament_cmake_python_build_t870_msgs_egg
[0.290s] Invoked command in '/home/kimsohee/ev-1-5/ev-Autonomous-Vehicle-1-5/build/t870_msgs' returned '0': CMAKE_PREFIX_PATH=/opt/ros/humble /usr/bin/cmake --build /home/kimsohee/ev-1-5/ev-Autonomous-Vehicle-1-5/build/t870_msgs -- -j10 -l10
[0.290s] Invoking command in '/home/kimsohee/ev-1-5/ev-Autonomous-Vehicle-1-5/build/t870_msgs': CMAKE_PREFIX_PATH=/opt/ros/humble /usr/bin/cmake --install /home/kimsohee/ev-1-5/ev-Autonomous-Vehicle-1-5/build/t870_msgs
[0.295s] -- Install configuration: ""
[0.295s] -- Execute custom install script
[0.295s] -- Up-to-date symlink: /home/kimsohee/ev-1-5/ev-Autonomous-Vehicle-1-5/install/t870_msgs/share/ament_index/resource_index/rosidl_interfaces/t870_msgs
[0.295s] -- Up-to-date symlink: /home/kimsohee/ev-1-5/ev-Autonomous-Vehicle-1-5/install/t870_msgs/include/t870_msgs/t870_msgs/msg/control_command.h
[0.295s] -- Up-to-date symlink: /home/kimsohee/ev-1-5/ev-Autonomous-Vehicle-1-5/install/t870_msgs/include/t870_msgs/t870_msgs/msg/detail/control_command__functions.h
[0.296s] -- Up-to-date symlink: /home/kimsohee/ev-1-5/ev-Autonomous-Vehicle-1-5/install/t870_msgs/include/t870_msgs/t870_msgs/msg/detail/control_command__struct.h
[0.297s] -- Up-to-date symlink: /home/kimsohee/ev-1-5/ev-Autonomous-Vehicle-1-5/install/t870_msgs/include/t870_msgs/t870_msgs/msg/detail/control_command__type_support.h
[0.297s] -- Up-to-date symlink: /home/kimsohee/ev-1-5/ev-Autonomous-Vehicle-1-5/install/t870_msgs/include/t870_msgs/t870_msgs/msg/detail/feedback__functions.h
[0.297s] -- Up-to-date symlink: /home/kimsohee/ev-1-5/ev-Autonomous-Vehicle-1-5/install/t870_msgs/include/t870_msgs/t870_msgs/msg/detail/feedback__struct.h
[0.297s] -- Up-to-date symlink: /home/kimsohee/ev-1-5/ev-Autonomous-Vehicle-1-5/install/t870_msgs/include/t870_msgs/t870_msgs/msg/detail/feedback__type_support.h
[0.298s] -- Up-to-date symlink: /home/kimsohee/ev-1-5/ev-Autonomous-Vehicle-1-5/install/t870_msgs/include/t870_msgs/t870_msgs/msg/feedback.h
[0.298s] -- Up-to-date symlink: /home/kimsohee/ev-1-5/ev-Autonomous-Vehicle-1-5/install/t870_msgs/include/t870_msgs/t870_msgs/msg/rosidl_generator_c__visibility_control.h
[0.298s] -- Up-to-date symlink: /home/kimsohee/ev-1-5/ev-Autonomous-Vehicle-1-5/install/t870_msgs/include/t870_msgs/t870_msgs/srv/detail/mode_command__functions.h
[0.298s] -- Up-to-date symlink: /home/kimsohee/ev-1-5/ev-Autonomous-Vehicle-1-5/install/t870_msgs/include/t870_msgs/t870_msgs/srv/detail/mode_command__struct.h
[0.299s] -- Up-to-date symlink: /home/kimsohee/ev-1-5/ev-Autonomous-Vehicle-1-5/install/t870_msgs/include/t870_msgs/t870_msgs/srv/detail/mode_command__type_support.h
[0.299s] -- Up-to-date symlink: /home/kimsohee/ev-1-5/ev-Autonomous-Vehicle-1-5/install/t870_msgs/include/t870_msgs/t870_msgs/srv/mode_command.h
[0.300s] -- Up-to-date symlink: /home/kimsohee/ev-1-5/ev-Autonomous-Vehicle-1-5/install/t870_msgs/share/t870_msgs/environment/library_path.sh
[0.300s] -- Up-to-date symlink: /home/kimsohee/ev-1-5/ev-Autonomous-Vehicle-1-5/install/t870_msgs/share/t870_msgs/environment/library_path.dsv
[0.301s] -- Up-to-date symlink: /home/kimsohee/ev-1-5/ev-Autonomous-Vehicle-1-5/install/t870_msgs/include/t870_msgs/t870_msgs/msg/detail/control_command__rosidl_typesupport_fastrtps_c.h
[0.301s] -- Up-to-date symlink: /home/kimsohee/ev-1-5/ev-Autonomous-Vehicle-1-5/install/t870_msgs/include/t870_msgs/t870_msgs/msg/detail/feedback__rosidl_typesupport_fastrtps_c.h
[0.301s] -- Up-to-date symlink: /home/kimsohee/ev-1-5/ev-Autonomous-Vehicle-1-5/install/t870_msgs/include/t870_msgs/t870_msgs/msg/rosidl_typesupport_fastrtps_c__visibility_control.h
[0.302s] -- Up-to-date symlink: /home/kimsohee/ev-1-5/ev-Autonomous-Vehicle-1-5/install/t870_msgs/include/t870_msgs/t870_msgs/srv/detail/mode_command__rosidl_typesupport_fastrtps_c.h
[0.303s] -- Up-to-date symlink: /home/kimsohee/ev-1-5/ev-Autonomous-Vehicle-1-5/install/t870_msgs/include/t870_msgs/t870_msgs/msg/control_command.hpp
[0.303s] -- Up-to-date symlink: /home/kimsohee/ev-1-5/ev-Autonomous-Vehicle-1-5/install/t870_msgs/include/t870_msgs/t870_msgs/msg/detail/control_command__builder.hpp
[0.303s] -- Up-to-date symlink: /home/kimsohee/ev-1-5/ev-Autonomous-Vehicle-1-5/install/t870_msgs/include/t870_msgs/t870_msgs/msg/detail/control_command__struct.hpp
[0.303s] -- Up-to-date symlink: /home/kimsohee/ev-1-5/ev-Autonomous-Vehicle-1-5/install/t870_msgs/include/t870_msgs/t870_msgs/msg/detail/control_command__traits.hpp
[0.303s] -- Up-to-date symlink: /home/kimsohee/ev-1-5/ev-Autonomous-Vehicle-1-5/install/t870_msgs/include/t870_msgs/t870_msgs/msg/detail/control_command__type_support.hpp
[0.303s] -- Up-to-date symlink: /home/kimsohee/ev-1-5/ev-Autonomous-Vehicle-1-5/install/t870_msgs/include/t870_msgs/t870_msgs/msg/detail/feedback__builder.hpp
[0.303s] -- Up-to-date symlink: /home/kimsohee/ev-1-5/ev-Autonomous-Vehicle-1-5/install/t870_msgs/include/t870_msgs/t870_msgs/msg/detail/feedback__struct.hpp
[0.303s] -- Up-to-date symlink: /home/kimsohee/ev-1-5/ev-Autonomous-Vehicle-1-5/install/t870_msgs/include/t870_msgs/t870_msgs/msg/detail/feedback__traits.hpp
[0.303s] -- Up-to-date symlink: /home/kimsohee/ev-1-5/ev-Autonomous-Vehicle-1-5/install/t870_msgs/include/t870_msgs/t870_msgs/msg/detail/feedback__type_support.hpp
[0.303s] -- Up-to-date symlink: /home/kimsohee/ev-1-5/ev-Autonomous-Vehicle-1-5/install/t870_msgs/include/t870_msgs/t870_msgs/msg/feedback.hpp
[0.303s] -- Up-to-date symlink: /home/kimsohee/ev-1-5/ev-Autonomous-Vehicle-1-5/install/t870_msgs/include/t870_msgs/t870_msgs/msg/rosidl_generator_cpp__visibility_control.hpp
[0.303s] -- Up-to-date symlink: /home/kimsohee/ev-1-5/ev-Autonomous-Vehicle-1-5/install/t870_msgs/include/t870_msgs/t870_msgs/srv/detail/mode_command__builder.hpp
[0.303s] -- Up-to-date symlink: /home/kimsohee/ev-1-5/ev-Autonomous-Vehicle-1-5/install/t870_msgs/include/t870_msgs/t870_msgs/srv/detail/mode_command__struct.hpp
[0.303s] -- Up-to-date symlink: /home/kimsohee/ev-1-5/ev-Autonomous-Vehicle-1-5/install/t870_msgs/include/t870_msgs/t870_msgs/srv/detail/mode_command__traits.hpp
[0.303s] -- Up-to-date symlink: /home/kimsohee/ev-1-5/ev-Autonomous-Vehicle-1-5/install/t870_msgs/include/t870_msgs/t870_msgs/srv/detail/mode_command__type_support.hpp
[0.303s] -- Up-to-date symlink: /home/kimsohee/ev-1-5/ev-Autonomous-Vehicle-1-5/install/t870_msgs/include/t870_msgs/t870_msgs/srv/mode_command.hpp
[0.303s] -- Up-to-date symlink: /home/kimsohee/ev-1-5/ev-Autonomous-Vehicle-1-5/install/t870_msgs/include/t870_msgs/t870_msgs/msg/detail/control_command__rosidl_typesupport_fastrtps_cpp.hpp
[0.303s] -- Up-to-date symlink: /home/kimsohee/ev-1-5/ev-Autonomous-Vehicle-1-5/install/t870_msgs/include/t870_msgs/t870_msgs/msg/detail/feedback__rosidl_typesupport_fastrtps_cpp.hpp
[0.305s] -- Up-to-date symlink: /home/kimsohee/ev-1-5/ev-Autonomous-Vehicle-1-5/install/t870_msgs/include/t870_msgs/t870_msgs/msg/rosidl_typesupport_fastrtps_cpp__visibility_control.h
[0.307s] -- Up-to-date symlink: /home/kimsohee/ev-1-5/ev-Autonomous-Vehicle-1-5/install/t870_msgs/include/t870_msgs/t870_msgs/srv/detail/mode_command__rosidl_typesupport_fastrtps_cpp.hpp
[0.307s] -- Up-to-date symlink: /home/kimsohee/ev-1-5/ev-Autonomous-Vehicle-1-5/install/t870_msgs/include/t870_msgs/t870_msgs/msg/detail/control_command__rosidl_typesupport_introspection_c.h
[0.307s] -- Up-to-date symlink: /home/kimsohee/ev-1-5/ev-Autonomous-Vehicle-1-5/install/t870_msgs/include/t870_msgs/t870_msgs/msg/detail/feedback__rosidl_typesupport_introspection_c.h
[0.307s] -- Up-to-date symlink: /home/kimsohee/ev-1-5/ev-Autonomous-Vehicle-1-5/install/t870_msgs/include/t870_msgs/t870_msgs/msg/rosidl_typesupport_introspection_c__visibility_control.h
[0.308s] -- Up-to-date symlink: /home/kimsohee/ev-1-5/ev-Autonomous-Vehicle-1-5/install/t870_msgs/include/t870_msgs/t870_msgs/srv/detail/mode_command__rosidl_typesupport_introspection_c.h
[0.309s] -- Up-to-date symlink: /home/kimsohee/ev-1-5/ev-Autonomous-Vehicle-1-5/install/t870_msgs/include/t870_msgs/t870_msgs/msg/detail/control_command__rosidl_typesupport_introspection_cpp.hpp
[0.309s] -- Up-to-date symlink: /home/kimsohee/ev-1-5/ev-Autonomous-Vehicle-1-5/install/t870_msgs/include/t870_msgs/t870_msgs/msg/detail/feedback__rosidl_typesupport_introspection_cpp.hpp
[0.309s] -- Up-to-date symlink: /home/kimsohee/ev-1-5/ev-Autonomous-Vehicle-1-5/install/t870_msgs/include/t870_msgs/t870_msgs/srv/detail/mode_command__rosidl_typesupport_introspection_cpp.hpp
[0.311s] -- Up-to-date symlink: /home/kimsohee/ev-1-5/ev-Autonomous-Vehicle-1-5/install/t870_msgs/share/t870_msgs/environment/pythonpath.sh
[0.311s] -- Up-to-date symlink: /home/kimsohee/ev-1-5/ev-Autonomous-Vehicle-1-5/install/t870_msgs/share/t870_msgs/environment/pythonpath.dsv
[0.311s] -- Up-to-date symlink: /home/kimsohee/ev-1-5/ev-Autonomous-Vehicle-1-5/install/t870_msgs/local/lib/python3.10/dist-packages/t870_msgs-0.0.0-py3.10.egg-info/PKG-INFO
[0.311s] -- Up-to-date symlink: /home/kimsohee/ev-1-5/ev-Autonomous-Vehicle-1-5/install/t870_msgs/local/lib/python3.10/dist-packages/t870_msgs-0.0.0-py3.10.egg-info/SOURCES.txt
[0.312s] -- Up-to-date symlink: /home/kimsohee/ev-1-5/ev-Autonomous-Vehicle-1-5/install/t870_msgs/local/lib/python3.10/dist-packages/t870_msgs-0.0.0-py3.10.egg-info/dependency_links.txt
[0.312s] -- Up-to-date symlink: /home/kimsohee/ev-1-5/ev-Autonomous-Vehicle-1-5/install/t870_msgs/local/lib/python3.10/dist-packages/t870_msgs-0.0.0-py3.10.egg-info/top_level.txt
[0.312s] -- Up-to-date symlink: /home/kimsohee/ev-1-5/ev-Autonomous-Vehicle-1-5/install/t870_msgs/local/lib/python3.10/dist-packages/t870_msgs/__init__.py
[0.312s] -- Up-to-date symlink: /home/kimsohee/ev-1-5/ev-Autonomous-Vehicle-1-5/install/t870_msgs/local/lib/python3.10/dist-packages/t870_msgs/_t870_msgs_s.ep.rosidl_typesupport_c.c
[0.313s] -- Up-to-date symlink: /home/kimsohee/ev-1-5/ev-Autonomous-Vehicle-1-5/install/t870_msgs/local/lib/python3.10/dist-packages/t870_msgs/_t870_msgs_s.ep.rosidl_typesupport_fastrtps_c.c
[0.313s] -- Up-to-date symlink: /home/kimsohee/ev-1-5/ev-Autonomous-Vehicle-1-5/install/t870_msgs/local/lib/python3.10/dist-packages/t870_msgs/_t870_msgs_s.ep.rosidl_typesupport_introspection_c.c
[0.313s] -- Up-to-date symlink: /home/kimsohee/ev-1-5/ev-Autonomous-Vehicle-1-5/install/t870_msgs/local/lib/python3.10/dist-packages/t870_msgs/libt870_msgs__rosidl_generator_py.so
[0.313s] -- Up-to-date symlink: /home/kimsohee/ev-1-5/ev-Autonomous-Vehicle-1-5/install/t870_msgs/local/lib/python3.10/dist-packages/t870_msgs/msg/__init__.py
[0.313s] -- Up-to-date symlink: /home/kimsohee/ev-1-5/ev-Autonomous-Vehicle-1-5/install/t870_msgs/local/lib/python3.10/dist-packages/t870_msgs/msg/_control_command.py
[0.313s] -- Up-to-date symlink: /home/kimsohee/ev-1-5/ev-Autonomous-Vehicle-1-5/install/t870_msgs/local/lib/python3.10/dist-packages/t870_msgs/msg/_control_command_s.c
[0.313s] -- Up-to-date symlink: /home/kimsohee/ev-1-5/ev-Autonomous-Vehicle-1-5/install/t870_msgs/local/lib/python3.10/dist-packages/t870_msgs/msg/_feedback.py
[0.313s] -- Up-to-date symlink: /home/kimsohee/ev-1-5/ev-Autonomous-Vehicle-1-5/install/t870_msgs/local/lib/python3.10/dist-packages/t870_msgs/msg/_feedback_s.c
[0.313s] -- Up-to-date symlink: /home/kimsohee/ev-1-5/ev-Autonomous-Vehicle-1-5/install/t870_msgs/local/lib/python3.10/dist-packages/t870_msgs/srv/__init__.py
[0.313s] -- Up-to-date symlink: /home/kimsohee/ev-1-5/ev-Autonomous-Vehicle-1-5/install/t870_msgs/local/lib/python3.10/dist-packages/t870_msgs/srv/_mode_command.py
[0.313s] -- Up-to-date symlink: /home/kimsohee/ev-1-5/ev-Autonomous-Vehicle-1-5/install/t870_msgs/local/lib/python3.10/dist-packages/t870_msgs/srv/_mode_command_s.c
[0.313s] -- Up-to-date symlink: /home/kimsohee/ev-1-5/ev-Autonomous-Vehicle-1-5/install/t870_msgs/local/lib/python3.10/dist-packages/t870_msgs/t870_msgs_s__rosidl_typesupport_c.cpython-310-aarch64-linux-gnu.so
[0.313s] -- Up-to-date symlink: /home/kimsohee/ev-1-5/ev-Autonomous-Vehicle-1-5/install/t870_msgs/local/lib/python3.10/dist-packages/t870_msgs/t870_msgs_s__rosidl_typesupport_fastrtps_c.cpython-310-aarch64-linux-gnu.so
[0.315s] -- Up-to-date symlink: /home/kimsohee/ev-1-5/ev-Autonomous-Vehicle-1-5/install/t870_msgs/local/lib/python3.10/dist-packages/t870_msgs/t870_msgs_s__rosidl_typesupport_introspection_c.cpython-310-aarch64-linux-gnu.so
[0.315s] -- Up-to-date symlink: /home/kimsohee/ev-1-5/ev-Autonomous-Vehicle-1-5/install/t870_msgs/local/lib/python3.10/dist-packages/t870_msgs/t870_msgs_s__rosidl_typesupport_fastrtps_c.cpython-310-aarch64-linux-gnu.so
[0.315s] -- Up-to-date symlink: /home/kimsohee/ev-1-5/ev-Autonomous-Vehicle-1-5/install/t870_msgs/local/lib/python3.10/dist-packages/t870_msgs/t870_msgs_s__rosidl_typesupport_introspection_c.cpython-310-aarch64-linux-gnu.so
[0.315s] -- Up-to-date symlink: /home/kimsohee/ev-1-5/ev-Autonomous-Vehicle-1-5/install/t870_msgs/local/lib/python3.10/dist-packages/t870_msgs/t870_msgs_s__rosidl_typesupport_c.cpython-310-aarch64-linux-gnu.so
[0.315s] -- Up-to-date symlink: /home/kimsohee/ev-1-5/ev-Autonomous-Vehicle-1-5/install/t870_msgs/share/t870_msgs/msg/ControlCommand.idl
[0.315s] -- Up-to-date symlink: /home/kimsohee/ev-1-5/ev-Autonomous-Vehicle-1-5/install/t870_msgs/share/t870_msgs/msg/Feedback.idl
[0.315s] -- Up-to-date symlink: /home/kimsohee/ev-1-5/ev-Autonomous-Vehicle-1-5/install/t870_msgs/share/t870_msgs/srv/ModeCommand.idl
[0.315s] -- Up-to-date symlink: /home/kimsohee/ev-1-5/ev-Autonomous-Vehicle-1-5/install/t870_msgs/share/t870_msgs/msg/ControlCommand.msg
[0.315s] -- Up-to-date symlink: /home/kimsohee/ev-1-5/ev-Autonomous-Vehicle-1-5/install/t870_msgs/share/t870_msgs/msg/Feedback.msg
[0.315s] -- Up-to-date symlink: /home/kimsohee/ev-1-5/ev-Autonomous-Vehicle-1-5/install/t870_msgs/share/t870_msgs/srv/ModeCommand.srv
[0.315s] -- Up-to-date symlink: /home/kimsohee/ev-1-5/ev-Autonomous-Vehicle-1-5/install/t870_msgs/share/t870_msgs/srv/ModeCommand_Request.msg
[0.315s] -- Up-to-date symlink: /home/kimsohee/ev-1-5/ev-Autonomous-Vehicle-1-5/install/t870_msgs/share/t870_msgs/srv/ModeCommand_Response.msg
[0.315s] -- Up-to-date symlink: /home/kimsohee/ev-1-5/ev-Autonomous-Vehicle-1-5/install/t870_msgs/share/ament_index/resource_index/package_run_dependencies/t870_msgs
[0.315s] -- Up-to-date symlink: /home/kimsohee/ev-1-5/ev-Autonomous-Vehicle-1-5/install/t870_msgs/share/ament_index/resource_index/parent_prefix_path/t870_msgs
[0.317s] -- Up-to-date symlink: /home/kimsohee/ev-1-5/ev-Autonomous-Vehicle-1-5/install/t870_msgs/share/t870_msgs/environment/ament_prefix_path.sh
[0.317s] -- Up-to-date symlink: /home/kimsohee/ev-1-5/ev-Autonomous-Vehicle-1-5/install/t870_msgs/share/t870_msgs/environment/ament_prefix_path.dsv
[0.319s] -- Up-to-date symlink: /home/kimsohee/ev-1-5/ev-Autonomous-Vehicle-1-5/install/t870_msgs/share/t870_msgs/environment/path.sh
[0.319s] -- Up-to-date symlink: /home/kimsohee/ev-1-5/ev-Autonomous-Vehicle-1-5/install/t870_msgs/share/t870_msgs/environment/path.dsv
[0.320s] -- Up-to-date symlink: /home/kimsohee/ev-1-5/ev-Autonomous-Vehicle-1-5/install/t870_msgs/share/t870_msgs/local_setup.bash
[0.320s] -- Up-to-date symlink: /home/kimsohee/ev-1-5/ev-Autonomous-Vehicle-1-5/install/t870_msgs/share/t870_msgs/local_setup.sh
[0.320s] -- Up-to-date symlink: /home/kimsohee/ev-1-5/ev-Autonomous-Vehicle-1-5/install/t870_msgs/share/t870_msgs/local_setup.zsh
[0.320s] -- Up-to-date symlink: /home/kimsohee/ev-1-5/ev-Autonomous-Vehicle-1-5/install/t870_msgs/share/t870_msgs/local_setup.dsv
[0.320s] -- Symlinking: /home/kimsohee/ev-1-5/ev-Autonomous-Vehicle-1-5/install/t870_msgs/share/t870_msgs/package.dsv
[0.323s] -- Up-to-date symlink: /home/kimsohee/ev-1-5/ev-Autonomous-Vehicle-1-5/install/t870_msgs/share/ament_index/resource_index/packages/t870_msgs
[0.323s] -- Up-to-date symlink: /home/kimsohee/ev-1-5/ev-Autonomous-Vehicle-1-5/install/t870_msgs/share/t870_msgs/cmake/rosidl_cmake-extras.cmake
[0.323s] -- Up-to-date symlink: /home/kimsohee/ev-1-5/ev-Autonomous-Vehicle-1-5/install/t870_msgs/share/t870_msgs/cmake/ament_cmake_export_dependencies-extras.cmake
[0.323s] -- Up-to-date symlink: /home/kimsohee/ev-1-5/ev-Autonomous-Vehicle-1-5/install/t870_msgs/share/t870_msgs/cmake/ament_cmake_export_include_directories-extras.cmake
[0.323s] -- Up-to-date symlink: /home/kimsohee/ev-1-5/ev-Autonomous-Vehicle-1-5/install/t870_msgs/share/t870_msgs/cmake/ament_cmake_export_libraries-extras.cmake
[0.323s] -- Up-to-date symlink: /home/kimsohee/ev-1-5/ev-Autonomous-Vehicle-1-5/install/t870_msgs/share/t870_msgs/cmake/ament_cmake_export_targets-extras.cmake
[0.323s] -- Up-to-date symlink: /home/kimsohee/ev-1-5/ev-Autonomous-Vehicle-1-5/install/t870_msgs/share/t870_msgs/cmake/rosidl_cmake_export_typesupport_targets-extras.cmake
[0.324s] -- Up-to-date symlink: /home/kimsohee/ev-1-5/ev-Autonomous-Vehicle-1-5/install/t870_msgs/share/t870_msgs/cmake/rosidl_cmake_export_typesupport_libraries-extras.cmake
[0.324s] -- Up-to-date symlink: /home/kimsohee/ev-1-5/ev-Autonomous-Vehicle-1-5/install/t870_msgs/share/t870_msgs/cmake/t870_msgsConfig.cmake
[0.324s] -- Up-to-date symlink: /home/kimsohee/ev-1-5/ev-Autonomous-Vehicle-1-5/install/t870_msgs/share/t870_msgs/cmake/t870_msgsConfig-version.cmake
[0.324s] -- Up-to-date symlink: /home/kimsohee/ev-1-5/ev-Autonomous-Vehicle-1-5/install/t870_msgs/share/t870_msgs/package.xml
[0.324s] -- Up-to-date: /home/kimsohee/ev-1-5/ev-Autonomous-Vehicle-1-5/install/t870_msgs/lib/libt870_msgs__rosidl_generator_c.so
[0.324s] -- Up-to-date: /home/kimsohee/ev-1-5/ev-Autonomous-Vehicle-1-5/install/t870_msgs/lib/libt870_msgs__rosidl_typesupport_fastrtps_c.so
[0.324s] -- Up-to-date: /home/kimsohee/ev-1-5/ev-Autonomous-Vehicle-1-5/install/t870_msgs/lib/libt870_msgs__rosidl_typesupport_fastrtps_cpp.so
[0.324s] -- Up-to-date: /home/kimsohee/ev-1-5/ev-Autonomous-Vehicle-1-5/install/t870_msgs/lib/libt870_msgs__rosidl_typesupport_introspection_c.so
[0.324s] -- Up-to-date: /home/kimsohee/ev-1-5/ev-Autonomous-Vehicle-1-5/install/t870_msgs/lib/libt870_msgs__rosidl_typesupport_c.so
[0.324s] -- Up-to-date: /home/kimsohee/ev-1-5/ev-Autonomous-Vehicle-1-5/install/t870_msgs/lib/libt870_msgs__rosidl_typesupport_introspection_cpp.so
[0.324s] -- Up-to-date: /home/kimsohee/ev-1-5/ev-Autonomous-Vehicle-1-5/install/t870_msgs/lib/libt870_msgs__rosidl_typesupport_cpp.so
[0.327s] Listing '/home/kimsohee/ev-1-5/ev-Autonomous-Vehicle-1-5/install/t870_msgs/local/lib/python3.10/dist-packages/t870_msgs'...
[0.327s] Listing '/home/kimsohee/ev-1-5/ev-Autonomous-Vehicle-1-5/install/t870_msgs/local/lib/python3.10/dist-packages/t870_msgs/msg'...
[0.327s] Listing '/home/kimsohee/ev-1-5/ev-Autonomous-Vehicle-1-5/install/t870_msgs/local/lib/python3.10/dist-packages/t870_msgs/srv'...
[0.327s] -- Up-to-date: /home/kimsohee/ev-1-5/ev-Autonomous-Vehicle-1-5/install/t870_msgs/lib/libt870_msgs__rosidl_generator_py.so
[0.327s] -- Up-to-date: /home/kimsohee/ev-1-5/ev-Autonomous-Vehicle-1-5/install/t870_msgs/share/t870_msgs/cmake/export_t870_msgs__rosidl_generator_cExport.cmake
[0.327s] -- Up-to-date: /home/kimsohee/ev-1-5/ev-Autonomous-Vehicle-1-5/install/t870_msgs/share/t870_msgs/cmake/export_t870_msgs__rosidl_generator_cExport-noconfig.cmake
[0.327s] -- Up-to-date: /home/kimsohee/ev-1-5/ev-Autonomous-Vehicle-1-5/install/t870_msgs/share/t870_msgs/cmake/export_t870_msgs__rosidl_typesupport_fastrtps_cExport.cmake
[0.327s] -- Up-to-date: /home/kimsohee/ev-1-5/ev-Autonomous-Vehicle-1-5/install/t870_msgs/share/t870_msgs/cmake/export_t870_msgs__rosidl_typesupport_fastrtps_cExport-noconfig.cmake
[0.327s] -- Up-to-date: /home/kimsohee/ev-1-5/ev-Autonomous-Vehicle-1-5/install/t870_msgs/share/t870_msgs/cmake/export_t870_msgs__rosidl_generator_cppExport.cmake
[0.328s] -- Up-to-date: /home/kimsohee/ev-1-5/ev-Autonomous-Vehicle-1-5/install/t870_msgs/share/t870_msgs/cmake/export_t870_msgs__rosidl_typesupport_fastrtps_cppExport.cmake
[0.328s] -- Up-to-date: /home/kimsohee/ev-1-5/ev-Autonomous-Vehicle-1-5/install/t870_msgs/share/t870_msgs/cmake/export_t870_msgs__rosidl_typesupport_fastrtps_cppExport-noconfig.cmake
[0.328s] -- Up-to-date: /home/kimsohee/ev-1-5/ev-Autonomous-Vehicle-1-5/install/t870_msgs/share/t870_msgs/cmake/t870_msgs__rosidl_typesupport_introspection_cExport.cmake
[0.328s] -- Up-to-date: /home/kimsohee/ev-1-5/ev-Autonomous-Vehicle-1-5/install/t870_msgs/share/t870_msgs/cmake/t870_msgs__rosidl_typesupport_introspection_cExport-noconfig.cmake
[0.328s] -- Up-to-date: /home/kimsohee/ev-1-5/ev-Autonomous-Vehicle-1-5/install/t870_msgs/share/t870_msgs/cmake/t870_msgs__rosidl_typesupport_cExport.cmake
[0.328s] -- Up-to-date: /home/kimsohee/ev-1-5/ev-Autonomous-Vehicle-1-5/install/t870_msgs/share/t870_msgs/cmake/t870_msgs__rosidl_typesupport_cExport-noconfig.cmake
[0.328s] -- Up-to-date: /home/kimsohee/ev-1-5/ev-Autonomous-Vehicle-1-5/install/t870_msgs/share/t870_msgs/cmake/t870_msgs__rosidl_typesupport_introspection_cppExport.cmake
[0.328s] -- Up-to-date: /home/kimsohee/ev-1-5/ev-Autonomous-Vehicle-1-5/install/t870_msgs/share/t870_msgs/cmake/t870_msgs__rosidl_typesupport_introspection_cppExport-noconfig.cmake
[0.328s] -- Up-to-date: /home/kimsohee/ev-1-5/ev-Autonomous-Vehicle-1-5/install/t870_msgs/share/t870_msgs/cmake/t870_msgs__rosidl_typesupport_cppExport.cmake
[0.328s] -- Up-to-date: /home/kimsohee/ev-1-5/ev-Autonomous-Vehicle-1-5/install/t870_msgs/share/t870_msgs/cmake/t870_msgs__rosidl_typesupport_cppExport-noconfig.cmake
[0.328s] -- Up-to-date: /home/kimsohee/ev-1-5/ev-Autonomous-Vehicle-1-5/install/t870_msgs/share/t870_msgs/cmake/export_t870_msgs__rosidl_generator_pyExport.cmake
[0.328s] -- Up-to-date: /home/kimsohee/ev-1-5/ev-Autonomous-Vehicle-1-5/install/t870_msgs/share/t870_msgs/cmake/export_t870_msgs__rosidl_generator_pyExport-noconfig.cmake
[0.343s] Invoked command in '/home/kimsohee/ev-1-5/ev-Autonomous-Vehicle-1-5/build/t870_msgs' returned '0': CMAKE_PREFIX_PATH=/opt/ros/humble /usr/bin/cmake --install /home/kimsohee/ev-1-5/ev-Autonomous-Vehicle-1-5/build/t870_msgs
