[0.056s] Invoking command in '/home/kimsohee/ev-1-5/ev_ws/perception/build/velodyne_pointcloud': AMENT_PREFIX_PATH=/home/kimsohee/ev-1-5/ev_ws/perception/install/velodyne_msgs:${AMENT_PREFIX_PATH} CMAKE_PREFIX_PATH=/home/kimsohee/ev-1-5/ev_ws/perception/install/velodyne_msgs:/home/kimsohee/ev-1-5/ev_ws/ev_msgs/install/ev_msgs:/home/kimsohee/workspace/ros2/erp42_ros/install/erp42_serial:/home/kimsohee/workspace/ros2/erp42_ros/install/erp42_rqt_plugin:/home/kimsohee/workspace/ros2/erp42_ros/install/erp42_gazebo:/home/kimsohee/workspace/ros2/erp42_ros/install/erp42_util:/home/kimsohee/workspace/ros2/erp42_ros/install/erp42_msgs:/home/kimsohee/workspace/ros2/erp42_ros/install/erp42_description:/home/kimsohee/workspace/ros2/erp42_ros/install/erp42_cmake:/opt/ros/humble LD_LIBRARY_PATH=/home/kimsohee/ev-1-5/ev_ws/perception/install/velodyne_msgs/lib:${LD_LIBRARY_PATH} PYTHONPATH=/home/kimsohee/ev-1-5/ev_ws/perception/install/velodyne_msgs/local/lib/python3.10/dist-packages:${PYTHONPATH} /usr/bin/cmake /home/kimsohee/ev-1-5/ev_ws/perception/src/lidar/velodyne_pointcloud -DAMENT_CMAKE_SYMLINK_INSTALL=1 -DCMAKE_INSTALL_PREFIX=/home/kimsohee/ev-1-5/ev_ws/perception/install/velodyne_pointcloud
[2.999s] -- The C compiler identification is GNU 11.4.0
[3.000s] -- The CXX compiler identification is GNU 11.4.0
[3.000s] -- Detecting C compiler ABI info
[3.000s] -- Detecting C compiler ABI info - done
[3.000s] -- Check for working C compiler: /usr/bin/cc - skipped
[3.000s] -- Detecting C compile features
[3.000s] -- Detecting C compile features - done
[3.000s] -- Detecting CXX compiler ABI info
[3.000s] -- Detecting CXX compiler ABI info - done
[3.000s] -- Check for working CXX compiler: /usr/bin/c++ - skipped
[3.000s] -- Detecting CXX compile features
[3.000s] -- Detecting CXX compile features - done
[3.001s] -- Found ament_cmake: 1.3.12 (/opt/ros/humble/share/ament_cmake/cmake)
[3.001s] -- Found Python3: /usr/bin/python3 (found version "3.10.12") found components: Interpreter 
[3.001s] -- Override CMake install command with custom implementation using symlinks instead of copying resources
[3.001s] -- Found angles: 1.15.0 (/opt/ros/humble/share/angles/cmake)
[3.001s] -- Found diagnostic_updater: 4.0.6 (/opt/ros/humble/share/diagnostic_updater/cmake)
[3.001s] -- Found rosidl_generator_c: 3.1.8 (/opt/ros/humble/share/rosidl_generator_c/cmake)
[3.001s] -- Found rosidl_adapter: 3.1.8 (/opt/ros/humble/share/rosidl_adapter/cmake)
[3.001s] -- Found rosidl_generator_cpp: 3.1.8 (/opt/ros/humble/share/rosidl_generator_cpp/cmake)
[3.001s] -- Using all available rosidl_typesupport_c: rosidl_typesupport_fastrtps_c;rosidl_typesupport_introspection_c
[3.001s] -- Using all available rosidl_typesupport_cpp: rosidl_typesupport_fastrtps_cpp;rosidl_typesupport_introspection_cpp
[3.001s] -- Found rmw_implementation_cmake: 6.1.2 (/opt/ros/humble/share/rmw_implementation_cmake/cmake)
[3.001s] -- Found rmw_fastrtps_cpp: 6.2.9 (/opt/ros/humble/share/rmw_fastrtps_cpp/cmake)
[3.006s] -- Found OpenSSL: /usr/lib/x86_64-linux-gnu/libcrypto.so (found version "3.0.2")  
[3.006s] -- Found FastRTPS: /opt/ros/humble/include  
[3.006s] -- Using RMW implementation 'rmw_fastrtps_cpp' as default
[3.006s] -- Looking for pthread.h
[3.006s] -- Looking for pthread.h - found
[3.006s] -- Performing Test CMAKE_HAVE_LIBC_PTHREAD
[3.006s] -- Performing Test CMAKE_HAVE_LIBC_PTHREAD - Success
[3.006s] -- Found Threads: TRUE  
[3.006s] -- Found geometry_msgs: 4.9.0 (/opt/ros/humble/share/geometry_msgs/cmake)
[3.007s] -- Found message_filters: 4.3.11 (/opt/ros/humble/share/message_filters/cmake)
[3.007s] -- Checking for module 'eigen3'
[3.007s] --   Found eigen3, version 3.4.0
[3.007s] -- Found Eigen: /usr/include/eigen3 (Required is at least version "3.1") 
[3.007s] -- Eigen found (include: /usr/include/eigen3, version: 3.4.0)
[3.007s] -- Found Boost: /usr/lib/x86_64-linux-gnu/cmake/Boost-1.74.0/BoostConfig.cmake (found suitable version "1.74.0", minimum required is "1.65.0") found components: system filesystem date_time iostreams serialization 
[3.007s] -- looking for PCL_COMMON
[3.007s] -- Found PCL_COMMON: /usr/lib/x86_64-linux-gnu/libpcl_common.so  
[3.007s] -- Found PCL: pcl_common;Boost::system;Boost::filesystem;Boost::date_time;Boost::iostreams;Boost::serialization  
[3.007s] -- Found rclcpp_components: 16.0.17 (/opt/ros/humble/share/rclcpp_components/cmake)
[3.007s] -- Found sensor_msgs: 4.9.0 (/opt/ros/humble/share/sensor_msgs/cmake)
[3.007s] -- Found tf2: 0.25.18 (/opt/ros/humble/share/tf2/cmake)
[3.008s] -- Found tf2_ros: 0.25.18 (/opt/ros/humble/share/tf2_ros/cmake)
[3.008s] -- Found velodyne_msgs: 2.5.1 (/home/kimsohee/ev-1-5/ev_ws/perception/install/velodyne_msgs/share/velodyne_msgs/cmake)
[3.008s] -- Found yaml_cpp_vendor: 8.0.2 (/opt/ros/humble/share/yaml_cpp_vendor/cmake)
[3.008s] -- Found ament_lint_auto: 0.12.14 (/opt/ros/humble/share/ament_lint_auto/cmake)
[3.156s] -- Found gtest sources under '/opt/ros/humble/src/gtest_vendor': C++ tests using 'Google Test' will be built
[3.191s] -- Added test 'copyright' to check source files copyright and LICENSE
[3.200s] -- Added test 'cppcheck' to perform static code analysis on C / C++ code
[3.200s] -- Configured cppcheck include dirs: $<BUILD_INTERFACE:/home/kimsohee/ev-1-5/ev_ws/perception/src/lidar/velodyne_pointcloud/include>
[3.200s] -- Configured cppcheck exclude dirs and/or files: 
[3.206s] -- Added test 'cpplint' to check C / C++ code against the Google style
[3.206s] -- Configured cpplint exclude dirs and/or files: 
[3.208s] -- Added test 'flake8' to check Python code syntax and style conventions
[3.211s] -- Added test 'lint_cmake' to check CMake code style
[3.214s] -- Added test 'pep257' to check Python code against some of the docstring style conventions in PEP 257
[3.220s] -- Added test 'uncrustify' to check C / C++ code style
[3.221s] -- Configured uncrustify additional arguments: 
[3.242s] -- Configuring done
[3.316s] -- Generating done
[3.346s] -- Build files have been written to: /home/kimsohee/ev-1-5/ev_ws/perception/build/velodyne_pointcloud
[3.365s] Invoked command in '/home/kimsohee/ev-1-5/ev_ws/perception/build/velodyne_pointcloud' returned '0': AMENT_PREFIX_PATH=/home/kimsohee/ev-1-5/ev_ws/perception/install/velodyne_msgs:${AMENT_PREFIX_PATH} CMAKE_PREFIX_PATH=/home/kimsohee/ev-1-5/ev_ws/perception/install/velodyne_msgs:/home/kimsohee/ev-1-5/ev_ws/ev_msgs/install/ev_msgs:/home/kimsohee/workspace/ros2/erp42_ros/install/erp42_serial:/home/kimsohee/workspace/ros2/erp42_ros/install/erp42_rqt_plugin:/home/kimsohee/workspace/ros2/erp42_ros/install/erp42_gazebo:/home/kimsohee/workspace/ros2/erp42_ros/install/erp42_util:/home/kimsohee/workspace/ros2/erp42_ros/install/erp42_msgs:/home/kimsohee/workspace/ros2/erp42_ros/install/erp42_description:/home/kimsohee/workspace/ros2/erp42_ros/install/erp42_cmake:/opt/ros/humble LD_LIBRARY_PATH=/home/kimsohee/ev-1-5/ev_ws/perception/install/velodyne_msgs/lib:${LD_LIBRARY_PATH} PYTHONPATH=/home/kimsohee/ev-1-5/ev_ws/perception/install/velodyne_msgs/local/lib/python3.10/dist-packages:${PYTHONPATH} /usr/bin/cmake /home/kimsohee/ev-1-5/ev_ws/perception/src/lidar/velodyne_pointcloud -DAMENT_CMAKE_SYMLINK_INSTALL=1 -DCMAKE_INSTALL_PREFIX=/home/kimsohee/ev-1-5/ev_ws/perception/install/velodyne_pointcloud
[3.367s] Invoking command in '/home/kimsohee/ev-1-5/ev_ws/perception/build/velodyne_pointcloud': AMENT_PREFIX_PATH=/home/kimsohee/ev-1-5/ev_ws/perception/install/velodyne_msgs:${AMENT_PREFIX_PATH} CMAKE_PREFIX_PATH=/home/kimsohee/ev-1-5/ev_ws/perception/install/velodyne_msgs:/home/kimsohee/ev-1-5/ev_ws/ev_msgs/install/ev_msgs:/home/kimsohee/workspace/ros2/erp42_ros/install/erp42_serial:/home/kimsohee/workspace/ros2/erp42_ros/install/erp42_rqt_plugin:/home/kimsohee/workspace/ros2/erp42_ros/install/erp42_gazebo:/home/kimsohee/workspace/ros2/erp42_ros/install/erp42_util:/home/kimsohee/workspace/ros2/erp42_ros/install/erp42_msgs:/home/kimsohee/workspace/ros2/erp42_ros/install/erp42_description:/home/kimsohee/workspace/ros2/erp42_ros/install/erp42_cmake:/opt/ros/humble LD_LIBRARY_PATH=/home/kimsohee/ev-1-5/ev_ws/perception/install/velodyne_msgs/lib:${LD_LIBRARY_PATH} PYTHONPATH=/home/kimsohee/ev-1-5/ev_ws/perception/install/velodyne_msgs/local/lib/python3.10/dist-packages:${PYTHONPATH} /usr/bin/cmake --build /home/kimsohee/ev-1-5/ev_ws/perception/build/velodyne_pointcloud -- -j8 -l8
[11.217s] [  5%] [32mBuilding CXX object CMakeFiles/velodyne_rawdata.dir/src/lib/rawdata.cpp.o[0m
[11.217s] [ 11%] [32mBuilding CXX object CMakeFiles/velodyne_cloud_types.dir/src/lib/pointcloudXYZIRT.cpp.o[0m
[11.217s] [ 16%] [32mBuilding CXX object CMakeFiles/velodyne_rawdata.dir/src/lib/calibration.cpp.o[0m
[11.217s] [ 22%] [32mBuilding CXX object CMakeFiles/velodyne_cloud_types.dir/src/lib/organized_cloudXYZIRT.cpp.o[0m
[11.217s] [ 27%] [32mBuilding CXX object gtest/CMakeFiles/gtest.dir/src/gtest-all.cc.o[0m
[11.217s] [ 33%] [32mBuilding CXX object gtest/CMakeFiles/gtest_main.dir/src/gtest_main.cc.o[0m
[11.218s] [ 38%] [32m[1mLinking CXX static library libgtest_main.a[0m
[11.218s] [ 38%] Built target gtest_main
[11.519s] [ 44%] [32m[1mLinking CXX static library libgtest.a[0m
[11.719s] [ 44%] Built target gtest
[11.794s] [ 50%] [32mBuilding CXX object tests/CMakeFiles/test_row_step.dir/test_row_step.cpp.o[0m
[14.986s] [ 55%] [32m[1mLinking CXX shared library libvelodyne_rawdata.so[0m
[15.301s] [ 55%] Built target velodyne_rawdata
[15.335s] [ 61%] [32mBuilding CXX object tests/CMakeFiles/test_calibration.dir/test_calibration.cpp.o[0m
[15.749s] [ 66%] [32m[1mLinking CXX shared library libvelodyne_cloud_types.so[0m
[16.002s] [ 66%] Built target velodyne_cloud_types
[16.046s] [ 72%] [32mBuilding CXX object CMakeFiles/transform.dir/src/conversions/transform.cpp.o[0m
[17.263s] [ 77%] [32m[1mLinking CXX executable test_calibration[0m
[17.645s] [ 77%] Built target test_calibration
[19.815s] [ 83%] [32m[1mLinking CXX executable test_row_step[0m
[20.179s] [ 83%] Built target test_row_step
[32.876s] [ 88%] [32m[1mLinking CXX shared library libtransform.so[0m
[33.702s] [ 88%] Built target transform
[33.733s] [ 94%] [32mBuilding CXX object CMakeFiles/velodyne_transform_node.dir/src/conversions/transform_node.cpp.o[0m
[40.605s] [100%] [32m[1mLinking CXX executable velodyne_transform_node[0m
[41.075s] [100%] Built target velodyne_transform_node
[41.092s] Invoked command in '/home/kimsohee/ev-1-5/ev_ws/perception/build/velodyne_pointcloud' returned '0': AMENT_PREFIX_PATH=/home/kimsohee/ev-1-5/ev_ws/perception/install/velodyne_msgs:${AMENT_PREFIX_PATH} CMAKE_PREFIX_PATH=/home/kimsohee/ev-1-5/ev_ws/perception/install/velodyne_msgs:/home/kimsohee/ev-1-5/ev_ws/ev_msgs/install/ev_msgs:/home/kimsohee/workspace/ros2/erp42_ros/install/erp42_serial:/home/kimsohee/workspace/ros2/erp42_ros/install/erp42_rqt_plugin:/home/kimsohee/workspace/ros2/erp42_ros/install/erp42_gazebo:/home/kimsohee/workspace/ros2/erp42_ros/install/erp42_util:/home/kimsohee/workspace/ros2/erp42_ros/install/erp42_msgs:/home/kimsohee/workspace/ros2/erp42_ros/install/erp42_description:/home/kimsohee/workspace/ros2/erp42_ros/install/erp42_cmake:/opt/ros/humble LD_LIBRARY_PATH=/home/kimsohee/ev-1-5/ev_ws/perception/install/velodyne_msgs/lib:${LD_LIBRARY_PATH} PYTHONPATH=/home/kimsohee/ev-1-5/ev_ws/perception/install/velodyne_msgs/local/lib/python3.10/dist-packages:${PYTHONPATH} /usr/bin/cmake --build /home/kimsohee/ev-1-5/ev_ws/perception/build/velodyne_pointcloud -- -j8 -l8
[41.097s] Invoking command in '/home/kimsohee/ev-1-5/ev_ws/perception/build/velodyne_pointcloud': AMENT_PREFIX_PATH=/home/kimsohee/ev-1-5/ev_ws/perception/install/velodyne_msgs:${AMENT_PREFIX_PATH} CMAKE_PREFIX_PATH=/home/kimsohee/ev-1-5/ev_ws/perception/install/velodyne_msgs:/home/kimsohee/ev-1-5/ev_ws/ev_msgs/install/ev_msgs:/home/kimsohee/workspace/ros2/erp42_ros/install/erp42_serial:/home/kimsohee/workspace/ros2/erp42_ros/install/erp42_rqt_plugin:/home/kimsohee/workspace/ros2/erp42_ros/install/erp42_gazebo:/home/kimsohee/workspace/ros2/erp42_ros/install/erp42_util:/home/kimsohee/workspace/ros2/erp42_ros/install/erp42_msgs:/home/kimsohee/workspace/ros2/erp42_ros/install/erp42_description:/home/kimsohee/workspace/ros2/erp42_ros/install/erp42_cmake:/opt/ros/humble LD_LIBRARY_PATH=/home/kimsohee/ev-1-5/ev_ws/perception/install/velodyne_msgs/lib:${LD_LIBRARY_PATH} PYTHONPATH=/home/kimsohee/ev-1-5/ev_ws/perception/install/velodyne_msgs/local/lib/python3.10/dist-packages:${PYTHONPATH} /usr/bin/cmake --install /home/kimsohee/ev-1-5/ev_ws/perception/build/velodyne_pointcloud
[41.108s] -- Install configuration: ""
[41.108s] -- Execute custom install script
[41.109s] -- Symlinking: /home/kimsohee/ev-1-5/ev_ws/perception/install/velodyne_pointcloud/lib/velodyne_pointcloud/velodyne_transform_node
[41.120s] -- Symlinking: /home/kimsohee/ev-1-5/ev_ws/perception/install/velodyne_pointcloud/include/velodyne_pointcloud/calibration.hpp
[41.133s] -- Symlinking: /home/kimsohee/ev-1-5/ev_ws/perception/install/velodyne_pointcloud/include/velodyne_pointcloud/datacontainerbase.hpp
[41.147s] -- Symlinking: /home/kimsohee/ev-1-5/ev_ws/perception/install/velodyne_pointcloud/include/velodyne_pointcloud/organized_cloudXYZIRT.hpp
[41.158s] -- Symlinking: /home/kimsohee/ev-1-5/ev_ws/perception/install/velodyne_pointcloud/include/velodyne_pointcloud/pointcloudXYZIRT.hpp
[41.172s] -- Symlinking: /home/kimsohee/ev-1-5/ev_ws/perception/install/velodyne_pointcloud/include/velodyne_pointcloud/rawdata.hpp
[41.184s] -- Symlinking: /home/kimsohee/ev-1-5/ev_ws/perception/install/velodyne_pointcloud/include/velodyne_pointcloud/transform.hpp
[41.197s] -- Symlinking: /home/kimsohee/ev-1-5/ev_ws/perception/install/velodyne_pointcloud/share/velodyne_pointcloud/config/VLP16-velodyne_transform_node-params.yaml
[41.209s] -- Symlinking: /home/kimsohee/ev-1-5/ev_ws/perception/install/velodyne_pointcloud/share/velodyne_pointcloud/config/VLP32C-velodyne_transform_node-params.yaml
[41.221s] -- Symlinking: /home/kimsohee/ev-1-5/ev_ws/perception/install/velodyne_pointcloud/share/velodyne_pointcloud/config/VLS128-velodyne_transform_node-params.yaml
[41.234s] -- Symlinking: /home/kimsohee/ev-1-5/ev_ws/perception/install/velodyne_pointcloud/share/velodyne_pointcloud/launch/velodyne_transform_node-VLP16-composed-launch.py
[41.248s] -- Symlinking: /home/kimsohee/ev-1-5/ev_ws/perception/install/velodyne_pointcloud/share/velodyne_pointcloud/launch/velodyne_transform_node-VLP16-launch.py
[41.258s] -- Symlinking: /home/kimsohee/ev-1-5/ev_ws/perception/install/velodyne_pointcloud/share/velodyne_pointcloud/launch/velodyne_transform_node-VLP32C-composed-launch.py
[41.271s] -- Symlinking: /home/kimsohee/ev-1-5/ev_ws/perception/install/velodyne_pointcloud/share/velodyne_pointcloud/launch/velodyne_transform_node-VLP32C-launch.py
[41.284s] -- Symlinking: /home/kimsohee/ev-1-5/ev_ws/perception/install/velodyne_pointcloud/share/velodyne_pointcloud/launch/velodyne_transform_node-VLS128-composed-launch.py
[41.296s] -- Symlinking: /home/kimsohee/ev-1-5/ev_ws/perception/install/velodyne_pointcloud/share/velodyne_pointcloud/launch/velodyne_transform_node-VLS128-launch.py
[41.308s] -- Symlinking: /home/kimsohee/ev-1-5/ev_ws/perception/install/velodyne_pointcloud/share/velodyne_pointcloud/params/32db.yaml
[41.320s] -- Symlinking: /home/kimsohee/ev-1-5/ev_ws/perception/install/velodyne_pointcloud/share/velodyne_pointcloud/params/64e_s2.1-sztaki.yaml
[41.332s] -- Symlinking: /home/kimsohee/ev-1-5/ev_ws/perception/install/velodyne_pointcloud/share/velodyne_pointcloud/params/64e_s3-xiesc.yaml
[41.344s] -- Symlinking: /home/kimsohee/ev-1-5/ev_ws/perception/install/velodyne_pointcloud/share/velodyne_pointcloud/params/64e_utexas.yaml
[41.357s] -- Symlinking: /home/kimsohee/ev-1-5/ev_ws/perception/install/velodyne_pointcloud/share/velodyne_pointcloud/params/VLP16_hires_db.yaml
[41.370s] -- Symlinking: /home/kimsohee/ev-1-5/ev_ws/perception/install/velodyne_pointcloud/share/velodyne_pointcloud/params/VLP16db.yaml
[41.382s] -- Symlinking: /home/kimsohee/ev-1-5/ev_ws/perception/install/velodyne_pointcloud/share/velodyne_pointcloud/params/VLS128.yaml
[41.395s] -- Symlinking: /home/kimsohee/ev-1-5/ev_ws/perception/install/velodyne_pointcloud/share/velodyne_pointcloud/params/VeloView-VLP-32C.yaml
[41.406s] -- Symlinking: /home/kimsohee/ev-1-5/ev_ws/perception/install/velodyne_pointcloud/share/velodyne_pointcloud/params/issue_84_float_intensities.yaml
[41.419s] -- Symlinking: /home/kimsohee/ev-1-5/ev_ws/perception/install/velodyne_pointcloud/share/velodyne_pointcloud/params/rviz_points.vcg
[41.431s] -- Symlinking: /home/kimsohee/ev-1-5/ev_ws/perception/install/velodyne_pointcloud/share/velodyne_pointcloud/environment/library_path.sh
[41.443s] -- Symlinking: /home/kimsohee/ev-1-5/ev_ws/perception/install/velodyne_pointcloud/share/velodyne_pointcloud/environment/library_path.dsv
[41.464s] -- Symlinking: /home/kimsohee/ev-1-5/ev_ws/perception/install/velodyne_pointcloud/share/ament_index/resource_index/package_run_dependencies/velodyne_pointcloud
[41.477s] -- Symlinking: /home/kimsohee/ev-1-5/ev_ws/perception/install/velodyne_pointcloud/share/ament_index/resource_index/parent_prefix_path/velodyne_pointcloud
[41.489s] -- Symlinking: /home/kimsohee/ev-1-5/ev_ws/perception/install/velodyne_pointcloud/share/velodyne_pointcloud/environment/ament_prefix_path.sh
[41.501s] -- Symlinking: /home/kimsohee/ev-1-5/ev_ws/perception/install/velodyne_pointcloud/share/velodyne_pointcloud/environment/ament_prefix_path.dsv
[41.513s] -- Symlinking: /home/kimsohee/ev-1-5/ev_ws/perception/install/velodyne_pointcloud/share/velodyne_pointcloud/environment/path.sh
[41.524s] -- Symlinking: /home/kimsohee/ev-1-5/ev_ws/perception/install/velodyne_pointcloud/share/velodyne_pointcloud/environment/path.dsv
[41.536s] -- Symlinking: /home/kimsohee/ev-1-5/ev_ws/perception/install/velodyne_pointcloud/share/velodyne_pointcloud/local_setup.bash
[41.559s] -- Symlinking: /home/kimsohee/ev-1-5/ev_ws/perception/install/velodyne_pointcloud/share/velodyne_pointcloud/local_setup.sh
[41.578s] -- Symlinking: /home/kimsohee/ev-1-5/ev_ws/perception/install/velodyne_pointcloud/share/velodyne_pointcloud/local_setup.zsh
[41.592s] -- Symlinking: /home/kimsohee/ev-1-5/ev_ws/perception/install/velodyne_pointcloud/share/velodyne_pointcloud/local_setup.dsv
[41.605s] -- Symlinking: /home/kimsohee/ev-1-5/ev_ws/perception/install/velodyne_pointcloud/share/velodyne_pointcloud/package.dsv
[41.625s] -- Symlinking: /home/kimsohee/ev-1-5/ev_ws/perception/install/velodyne_pointcloud/share/ament_index/resource_index/packages/velodyne_pointcloud
[41.640s] -- Symlinking: /home/kimsohee/ev-1-5/ev_ws/perception/install/velodyne_pointcloud/share/ament_index/resource_index/rclcpp_components/velodyne_pointcloud
[41.660s] -- Symlinking: /home/kimsohee/ev-1-5/ev_ws/perception/install/velodyne_pointcloud/share/velodyne_pointcloud/cmake/ament_cmake_export_include_directories-extras.cmake
[41.673s] -- Symlinking: /home/kimsohee/ev-1-5/ev_ws/perception/install/velodyne_pointcloud/share/velodyne_pointcloud/cmake/ament_cmake_export_dependencies-extras.cmake
[41.686s] -- Symlinking: /home/kimsohee/ev-1-5/ev_ws/perception/install/velodyne_pointcloud/share/velodyne_pointcloud/cmake/ament_cmake_export_libraries-extras.cmake
[41.699s] -- Symlinking: /home/kimsohee/ev-1-5/ev_ws/perception/install/velodyne_pointcloud/share/velodyne_pointcloud/cmake/ament_cmake_export_targets-extras.cmake
[41.710s] -- Symlinking: /home/kimsohee/ev-1-5/ev_ws/perception/install/velodyne_pointcloud/share/velodyne_pointcloud/cmake/velodyne_pointcloudConfig.cmake
[41.722s] -- Symlinking: /home/kimsohee/ev-1-5/ev_ws/perception/install/velodyne_pointcloud/share/velodyne_pointcloud/cmake/velodyne_pointcloudConfig-version.cmake
[41.734s] -- Symlinking: /home/kimsohee/ev-1-5/ev_ws/perception/install/velodyne_pointcloud/share/velodyne_pointcloud/package.xml
[41.747s] -- Installing: /home/kimsohee/ev-1-5/ev_ws/perception/install/velodyne_pointcloud/lib/libvelodyne_cloud_types.so
[41.748s] -- Set runtime path of "/home/kimsohee/ev-1-5/ev_ws/perception/install/velodyne_pointcloud/lib/libvelodyne_cloud_types.so" to ""
[41.748s] -- Installing: /home/kimsohee/ev-1-5/ev_ws/perception/install/velodyne_pointcloud/lib/libvelodyne_rawdata.so
[41.753s] -- Set runtime path of "/home/kimsohee/ev-1-5/ev_ws/perception/install/velodyne_pointcloud/lib/libvelodyne_rawdata.so" to ""
[41.762s] -- Installing: /home/kimsohee/ev-1-5/ev_ws/perception/install/velodyne_pointcloud/lib/libtransform.so
[41.765s] -- Set runtime path of "/home/kimsohee/ev-1-5/ev_ws/perception/install/velodyne_pointcloud/lib/libtransform.so" to ""
[41.765s] -- Installing: /home/kimsohee/ev-1-5/ev_ws/perception/install/velodyne_pointcloud/share/velodyne_pointcloud/cmake/velodyne_pointcloudExport.cmake
[41.768s] -- Installing: /home/kimsohee/ev-1-5/ev_ws/perception/install/velodyne_pointcloud/share/velodyne_pointcloud/cmake/velodyne_pointcloudExport-noconfig.cmake
[41.771s] Invoked command in '/home/kimsohee/ev-1-5/ev_ws/perception/build/velodyne_pointcloud' returned '0': AMENT_PREFIX_PATH=/home/kimsohee/ev-1-5/ev_ws/perception/install/velodyne_msgs:${AMENT_PREFIX_PATH} CMAKE_PREFIX_PATH=/home/kimsohee/ev-1-5/ev_ws/perception/install/velodyne_msgs:/home/kimsohee/ev-1-5/ev_ws/ev_msgs/install/ev_msgs:/home/kimsohee/workspace/ros2/erp42_ros/install/erp42_serial:/home/kimsohee/workspace/ros2/erp42_ros/install/erp42_rqt_plugin:/home/kimsohee/workspace/ros2/erp42_ros/install/erp42_gazebo:/home/kimsohee/workspace/ros2/erp42_ros/install/erp42_util:/home/kimsohee/workspace/ros2/erp42_ros/install/erp42_msgs:/home/kimsohee/workspace/ros2/erp42_ros/install/erp42_description:/home/kimsohee/workspace/ros2/erp42_ros/install/erp42_cmake:/opt/ros/humble LD_LIBRARY_PATH=/home/kimsohee/ev-1-5/ev_ws/perception/install/velodyne_msgs/lib:${LD_LIBRARY_PATH} PYTHONPATH=/home/kimsohee/ev-1-5/ev_ws/perception/install/velodyne_msgs/local/lib/python3.10/dist-packages:${PYTHONPATH} /usr/bin/cmake --install /home/kimsohee/ev-1-5/ev_ws/perception/build/velodyne_pointcloud
