-- CDT_USE_AS_COMPILED_LIBRARY is OFF
-- CDT_USE_64_BIT_INDEX_TYPE is OFF
-- CDT_ENABLE_CALLBACK_HANDLER is OFF
-- CDT_ENABLE_TESTING is OFF
-- CDT_USE_STRONG_TYPING is OFF
-- CDT_DEVELOPER_BUILD is OFF
-- CDT_DISABLE_EXCEPTIONS is OFF
-- Could NOT find Doxygen (missing: DOXYGEN_EXECUTABLE) (Required is at least version "1.9")
-- Found ament_cmake: 1.3.12 (/opt/ros/humble/share/ament_cmake/cmake)
-- Override CMake install command with custom implementation using symlinks instead of copying resources
-- Found rclcpp: 16.0.17 (/opt/ros/humble/share/rclcpp/cmake)
-- Found rosidl_generator_c: 3.1.8 (/opt/ros/humble/share/rosidl_generator_c/cmake)
-- Found rosidl_adapter: 3.1.8 (/opt/ros/humble/share/rosidl_adapter/cmake)
-- Found rosidl_generator_cpp: 3.1.8 (/opt/ros/humble/share/rosidl_generator_cpp/cmake)
-- Using all available rosidl_typesupport_c: rosidl_typesupport_fastrtps_c;rosidl_typesupport_introspection_c
-- Using all available rosidl_typesupport_cpp: rosidl_typesupport_fastrtps_cpp;rosidl_typesupport_introspection_cpp
-- Found rmw_implementation_cmake: 6.1.2 (/opt/ros/humble/share/rmw_implementation_cmake/cmake)
-- Found rmw_fastrtps_cpp: 6.2.9 (/opt/ros/humble/share/rmw_fastrtps_cpp/cmake)
-- Using RMW implementation 'rmw_fastrtps_cpp' as default
-- Found rclcpp_components: 16.0.17 (/opt/ros/humble/share/rclcpp_components/cmake)
-- Found nav_msgs: 4.9.0 (/opt/ros/humble/share/nav_msgs/cmake)
-- Found ev_msgs: 0.1.0 (/home/aiv/ev_ws/ev_msgs/install/ev_msgs/share/ev_msgs/cmake)
-- Found visualization_msgs: 4.9.0 (/opt/ros/humble/share/visualization_msgs/cmake)
-- Found ament_lint_auto: 0.12.14 (/opt/ros/humble/share/ament_lint_auto/cmake)
WARNING: Package name "chaining_CDT" does not follow the naming conventions. It should start with a lower case letter and only contain lower case letters, digits, underscores, and dashes.
-- Added test 'cppcheck' to perform static code analysis on C / C++ code
-- Configured cppcheck include dirs: /home/aiv/ev_ws/planning/src/chaining_CDT/include
-- Configured cppcheck exclude dirs and/or files: 
-- Added test 'flake8' to check Python code syntax and style conventions
-- Added test 'lint_cmake' to check CMake code style
-- Added test 'pep257' to check Python code against some of the docstring style conventions in PEP 257
-- Added test 'uncrustify' to check C / C++ code style
-- Configured uncrustify additional arguments: 
-- Added test 'xmllint' to check XML markup files
-- Configuring done
-- Generating done
-- Build files have been written to: /home/aiv/ev_ws/planning/build/chaining_CDT
Consolidate compiler generated dependencies of target chaining_cdt_planner
Consolidate compiler generated dependencies of target chaining_cdt_postprocess
Consolidate compiler generated dependencies of target chaining_cdt_chainer
Consolidate compiler generated dependencies of target lc_planner_node_exe
[ 10%] Building CXX object CMakeFiles/chaining_cdt_planner.dir/src/planner/cdt_centerline.cpp.o
[ 30%] Built target chaining_cdt_postprocess
[ 50%] Built target lc_planner_node_exe
[ 70%] Built target chaining_cdt_chainer
[ 80%] Linking CXX shared library libchaining_cdt_planner.so
[ 80%] Built target chaining_cdt_planner
Consolidate compiler generated dependencies of target lc_planner_component
[ 90%] Linking CXX shared library liblc_planner_component.so
[100%] Built target lc_planner_component
-- Install configuration: ""
-- Up-to-date: /home/aiv/ev_ws/planning/install/chaining_CDT/include
-- Up-to-date: /home/aiv/ev_ws/planning/install/chaining_CDT/include/CDT.hpp
-- Up-to-date: /home/aiv/ev_ws/planning/install/chaining_CDT/include/CDTUtils.hpp
-- Up-to-date: /home/aiv/ev_ws/planning/install/chaining_CDT/include/portable_nth_element.hpp
-- Up-to-date: /home/aiv/ev_ws/planning/install/chaining_CDT/include/Triangulation.h
-- Up-to-date: /home/aiv/ev_ws/planning/install/chaining_CDT/include/predicates.h
-- Up-to-date: /home/aiv/ev_ws/planning/install/chaining_CDT/include/LocatorKDTree.h
-- Up-to-date: /home/aiv/ev_ws/planning/install/chaining_CDT/include/remove_at.hpp
-- Up-to-date: /home/aiv/ev_ws/planning/install/chaining_CDT/include/Triangulation.hpp
-- Up-to-date: /home/aiv/ev_ws/planning/install/chaining_CDT/include/CDTUtils.h
-- Up-to-date: /home/aiv/ev_ws/planning/install/chaining_CDT/include/KDTree.h
-- Up-to-date: /home/aiv/ev_ws/planning/install/chaining_CDT/include/CDT.h
-- Up-to-date: /home/aiv/ev_ws/planning/install/chaining_CDT/include
-- Up-to-date: /home/aiv/ev_ws/planning/install/chaining_CDT/include/VerifyTopology.h
-- Up-to-date: /home/aiv/ev_ws/planning/install/chaining_CDT/include/InitializeWithGrid.h
-- Installing: /home/aiv/ev_ws/planning/install/chaining_CDT/cmake/CDTConfig.cmake
-- Execute custom install script
-- Up-to-date symlink: /home/aiv/ev_ws/planning/install/chaining_CDT/lib/libchaining_cdt_chainer.so
-- Up-to-date symlink: /home/aiv/ev_ws/planning/install/chaining_CDT/lib/libchaining_cdt_planner.so
-- Up-to-date symlink: /home/aiv/ev_ws/planning/install/chaining_CDT/lib/libchaining_cdt_postprocess.so
-- Up-to-date symlink: /home/aiv/ev_ws/planning/install/chaining_CDT/lib/chaining_CDT/lc_planner_node_exe
-- Up-to-date symlink: /home/aiv/ev_ws/planning/install/chaining_CDT/lib/liblc_planner_component.so
-- Up-to-date symlink: /home/aiv/ev_ws/planning/install/chaining_CDT/include/chaining_CDT/chainer/direction_chainer.hpp
-- Up-to-date symlink: /home/aiv/ev_ws/planning/install/chaining_CDT/include/chaining_CDT/common/debug_publish.hpp
-- Up-to-date symlink: /home/aiv/ev_ws/planning/install/chaining_CDT/include/chaining_CDT/common/geometry.hpp
-- Up-to-date symlink: /home/aiv/ev_ws/planning/install/chaining_CDT/include/chaining_CDT/common/params.hpp
-- Up-to-date symlink: /home/aiv/ev_ws/planning/install/chaining_CDT/include/chaining_CDT/common/types.hpp
-- Up-to-date symlink: /home/aiv/ev_ws/planning/install/chaining_CDT/include/chaining_CDT/nodes/chaining_CDT_node.hpp
-- Up-to-date symlink: /home/aiv/ev_ws/planning/install/chaining_CDT/include/chaining_CDT/planner/cdt_centerline.hpp
-- Up-to-date symlink: /home/aiv/ev_ws/planning/install/chaining_CDT/include/chaining_CDT/postprocess/path_postprocessor.hpp
-- Up-to-date symlink: /home/aiv/ev_ws/planning/install/chaining_CDT/include/chaining_CDT/safety/safety_checker.hpp
-- Up-to-date symlink: /home/aiv/ev_ws/planning/install/chaining_CDT/share/chaining_CDT/config/chaining_CDT.yaml
-- Up-to-date symlink: /home/aiv/ev_ws/planning/install/chaining_CDT/share/chaining_CDT/launch/chaining_CDT.launch.py
-- Up-to-date symlink: /home/aiv/ev_ws/planning/install/chaining_CDT/share/ament_index/resource_index/package_run_dependencies/chaining_CDT
-- Up-to-date symlink: /home/aiv/ev_ws/planning/install/chaining_CDT/share/ament_index/resource_index/parent_prefix_path/chaining_CDT
-- Up-to-date symlink: /home/aiv/ev_ws/planning/install/chaining_CDT/share/chaining_CDT/environment/ament_prefix_path.sh
-- Up-to-date symlink: /home/aiv/ev_ws/planning/install/chaining_CDT/share/chaining_CDT/environment/ament_prefix_path.dsv
-- Up-to-date symlink: /home/aiv/ev_ws/planning/install/chaining_CDT/share/chaining_CDT/environment/path.sh
-- Up-to-date symlink: /home/aiv/ev_ws/planning/install/chaining_CDT/share/chaining_CDT/environment/path.dsv
-- Up-to-date symlink: /home/aiv/ev_ws/planning/install/chaining_CDT/share/chaining_CDT/local_setup.bash
-- Up-to-date symlink: /home/aiv/ev_ws/planning/install/chaining_CDT/share/chaining_CDT/local_setup.sh
-- Up-to-date symlink: /home/aiv/ev_ws/planning/install/chaining_CDT/share/chaining_CDT/local_setup.zsh
-- Up-to-date symlink: /home/aiv/ev_ws/planning/install/chaining_CDT/share/chaining_CDT/local_setup.dsv
-- Symlinking: /home/aiv/ev_ws/planning/install/chaining_CDT/share/chaining_CDT/package.dsv
-- Up-to-date symlink: /home/aiv/ev_ws/planning/install/chaining_CDT/share/ament_index/resource_index/packages/chaining_CDT
-- Up-to-date symlink: /home/aiv/ev_ws/planning/install/chaining_CDT/share/ament_index/resource_index/rclcpp_components/chaining_CDT
-- Up-to-date symlink: /home/aiv/ev_ws/planning/install/chaining_CDT/share/chaining_CDT/cmake/chaining_CDTConfig.cmake
-- Up-to-date symlink: /home/aiv/ev_ws/planning/install/chaining_CDT/share/chaining_CDT/cmake/chaining_CDTConfig-version.cmake
-- Up-to-date symlink: /home/aiv/ev_ws/planning/install/chaining_CDT/share/chaining_CDT/package.xml
