[0.007s] Invoking command in '/home/aiv/ev_ws/planning/build/chaining_CDT': CMAKE_PREFIX_PATH=${CMAKE_PREFIX_PATH}:/opt/ros/humble /usr/bin/cmake /home/aiv/ev_ws/planning/src/chaining_CDT -DCMAKE_INSTALL_PREFIX=/home/aiv/ev_ws/planning/install/chaining_CDT
[0.955s] -- CDT_USE_AS_COMPILED_LIBRARY is OFF
[0.955s] -- CDT_USE_64_BIT_INDEX_TYPE is OFF
[0.955s] -- CDT_ENABLE_CALLBACK_HANDLER is OFF
[0.955s] -- CDT_ENABLE_TESTING is OFF
[0.955s] -- CDT_USE_STRONG_TYPING is OFF
[0.955s] -- CDT_DEVELOPER_BUILD is OFF
[0.955s] -- CDT_DISABLE_EXCEPTIONS is OFF
[0.957s] -- Could NOT find Doxygen (missing: DOXYGEN_EXECUTABLE) (Required is at least version "1.9")
[0.957s] -- Found ament_cmake: 1.3.12 (/opt/ros/humble/share/ament_cmake/cmake)
[1.022s] -- Override CMake install command with custom implementation using symlinks instead of copying resources
[1.025s] -- Found rclcpp: 16.0.17 (/opt/ros/humble/share/rclcpp/cmake)
[1.041s] -- Found rosidl_generator_c: 3.1.8 (/opt/ros/humble/share/rosidl_generator_c/cmake)
[1.042s] -- Found rosidl_adapter: 3.1.8 (/opt/ros/humble/share/rosidl_adapter/cmake)
[1.045s] -- Found rosidl_generator_cpp: 3.1.8 (/opt/ros/humble/share/rosidl_generator_cpp/cmake)
[1.050s] -- Using all available rosidl_typesupport_c: rosidl_typesupport_fastrtps_c;rosidl_typesupport_introspection_c
[1.056s] -- Using all available rosidl_typesupport_cpp: rosidl_typesupport_fastrtps_cpp;rosidl_typesupport_introspection_cpp
[1.073s] -- Found rmw_implementation_cmake: 6.1.2 (/opt/ros/humble/share/rmw_implementation_cmake/cmake)
[1.074s] -- Found rmw_fastrtps_cpp: 6.2.9 (/opt/ros/humble/share/rmw_fastrtps_cpp/cmake)
[1.132s] -- Using RMW implementation 'rmw_fastrtps_cpp' as default
[1.157s] -- Found rclcpp_components: 16.0.17 (/opt/ros/humble/share/rclcpp_components/cmake)
[1.166s] -- Found nav_msgs: 4.9.0 (/opt/ros/humble/share/nav_msgs/cmake)
[1.181s] -- Found ev_msgs: 0.1.0 (/home/aiv/ev_ws/ev_msgs/install/ev_msgs/share/ev_msgs/cmake)
[1.189s] -- Found visualization_msgs: 4.9.0 (/opt/ros/humble/share/visualization_msgs/cmake)
[1.216s] -- Found ament_lint_auto: 0.12.14 (/opt/ros/humble/share/ament_lint_auto/cmake)
[1.244s] WARNING: Package name "chaining_CDT" does not follow the naming conventions. It should start with a lower case letter and only contain lower case letters, digits, underscores, and dashes.
[1.253s] -- Added test 'cppcheck' to perform static code analysis on C / C++ code
[1.253s] -- Configured cppcheck include dirs: /home/aiv/ev_ws/planning/src/chaining_CDT/include
[1.253s] -- Configured cppcheck exclude dirs and/or files: 
[1.253s] -- Added test 'flake8' to check Python code syntax and style conventions
[1.254s] -- Added test 'lint_cmake' to check CMake code style
[1.254s] -- Added test 'pep257' to check Python code against some of the docstring style conventions in PEP 257
[1.255s] -- Added test 'uncrustify' to check C / C++ code style
[1.255s] -- Configured uncrustify additional arguments: 
[1.255s] -- Added test 'xmllint' to check XML markup files
[1.255s] -- Configuring done
[1.267s] -- Generating done
[1.271s] -- Build files have been written to: /home/aiv/ev_ws/planning/build/chaining_CDT
[1.276s] Invoked command in '/home/aiv/ev_ws/planning/build/chaining_CDT' returned '0': CMAKE_PREFIX_PATH=${CMAKE_PREFIX_PATH}:/opt/ros/humble /usr/bin/cmake /home/aiv/ev_ws/planning/src/chaining_CDT -DCMAKE_INSTALL_PREFIX=/home/aiv/ev_ws/planning/install/chaining_CDT
[1.277s] Invoking command in '/home/aiv/ev_ws/planning/build/chaining_CDT': CMAKE_PREFIX_PATH=${CMAKE_PREFIX_PATH}:/opt/ros/humble /usr/bin/cmake --build /home/aiv/ev_ws/planning/build/chaining_CDT -- -j28 -l28
[1.304s] Consolidate compiler generated dependencies of target chaining_cdt_planner
[1.304s] Consolidate compiler generated dependencies of target chaining_cdt_postprocess
[1.306s] Consolidate compiler generated dependencies of target chaining_cdt_chainer
[1.306s] Consolidate compiler generated dependencies of target lc_planner_node_exe
[1.313s] [ 10%] Building CXX object CMakeFiles/chaining_cdt_planner.dir/src/planner/cdt_centerline.cpp.o
[1.313s] [ 30%] Built target chaining_cdt_postprocess
[1.313s] [ 50%] Built target lc_planner_node_exe
[1.315s] [ 70%] Built target chaining_cdt_chainer
[4.006s] [ 80%] Linking CXX shared library libchaining_cdt_planner.so
[4.108s] [ 80%] Built target chaining_cdt_planner
[4.116s] Consolidate compiler generated dependencies of target lc_planner_component
[4.127s] [ 90%] Linking CXX shared library liblc_planner_component.so
[4.505s] [100%] Built target lc_planner_component
[4.514s] Invoked command in '/home/aiv/ev_ws/planning/build/chaining_CDT' returned '0': CMAKE_PREFIX_PATH=${CMAKE_PREFIX_PATH}:/opt/ros/humble /usr/bin/cmake --build /home/aiv/ev_ws/planning/build/chaining_CDT -- -j28 -l28
[4.520s] Invoking command in '/home/aiv/ev_ws/planning/build/chaining_CDT': CMAKE_PREFIX_PATH=${CMAKE_PREFIX_PATH}:/opt/ros/humble /usr/bin/cmake --install /home/aiv/ev_ws/planning/build/chaining_CDT
[4.524s] -- Install configuration: ""
[4.524s] -- Up-to-date: /home/aiv/ev_ws/planning/install/chaining_CDT/include
[4.524s] -- Up-to-date: /home/aiv/ev_ws/planning/install/chaining_CDT/include/CDT.hpp
[4.524s] -- Up-to-date: /home/aiv/ev_ws/planning/install/chaining_CDT/include/CDTUtils.hpp
[4.524s] -- Up-to-date: /home/aiv/ev_ws/planning/install/chaining_CDT/include/portable_nth_element.hpp
[4.524s] -- Up-to-date: /home/aiv/ev_ws/planning/install/chaining_CDT/include/Triangulation.h
[4.524s] -- Up-to-date: /home/aiv/ev_ws/planning/install/chaining_CDT/include/predicates.h
[4.525s] -- Up-to-date: /home/aiv/ev_ws/planning/install/chaining_CDT/include/LocatorKDTree.h
[4.525s] -- Up-to-date: /home/aiv/ev_ws/planning/install/chaining_CDT/include/remove_at.hpp
[4.525s] -- Up-to-date: /home/aiv/ev_ws/planning/install/chaining_CDT/include/Triangulation.hpp
[4.525s] -- Up-to-date: /home/aiv/ev_ws/planning/install/chaining_CDT/include/CDTUtils.h
[4.525s] -- Up-to-date: /home/aiv/ev_ws/planning/install/chaining_CDT/include/KDTree.h
[4.525s] -- Up-to-date: /home/aiv/ev_ws/planning/install/chaining_CDT/include/CDT.h
[4.525s] -- Up-to-date: /home/aiv/ev_ws/planning/install/chaining_CDT/include
[4.525s] -- Up-to-date: /home/aiv/ev_ws/planning/install/chaining_CDT/include/VerifyTopology.h
[4.525s] -- Up-to-date: /home/aiv/ev_ws/planning/install/chaining_CDT/include/InitializeWithGrid.h
[4.525s] -- Installing: /home/aiv/ev_ws/planning/install/chaining_CDT/cmake/CDTConfig.cmake
[4.525s] -- Execute custom install script
[4.525s] -- Up-to-date symlink: /home/aiv/ev_ws/planning/install/chaining_CDT/lib/libchaining_cdt_chainer.so
[4.525s] -- Up-to-date symlink: /home/aiv/ev_ws/planning/install/chaining_CDT/lib/libchaining_cdt_planner.so
[4.526s] -- Up-to-date symlink: /home/aiv/ev_ws/planning/install/chaining_CDT/lib/libchaining_cdt_postprocess.so
[4.526s] -- Up-to-date symlink: /home/aiv/ev_ws/planning/install/chaining_CDT/lib/chaining_CDT/lc_planner_node_exe
[4.526s] -- Up-to-date symlink: /home/aiv/ev_ws/planning/install/chaining_CDT/lib/liblc_planner_component.so
[4.526s] -- Up-to-date symlink: /home/aiv/ev_ws/planning/install/chaining_CDT/include/chaining_CDT/chainer/direction_chainer.hpp
[4.526s] -- Up-to-date symlink: /home/aiv/ev_ws/planning/install/chaining_CDT/include/chaining_CDT/common/debug_publish.hpp
[4.526s] -- Up-to-date symlink: /home/aiv/ev_ws/planning/install/chaining_CDT/include/chaining_CDT/common/geometry.hpp
[4.526s] -- Up-to-date symlink: /home/aiv/ev_ws/planning/install/chaining_CDT/include/chaining_CDT/common/params.hpp
[4.526s] -- Up-to-date symlink: /home/aiv/ev_ws/planning/install/chaining_CDT/include/chaining_CDT/common/types.hpp
[4.526s] -- Up-to-date symlink: /home/aiv/ev_ws/planning/install/chaining_CDT/include/chaining_CDT/nodes/chaining_CDT_node.hpp
[4.526s] -- Up-to-date symlink: /home/aiv/ev_ws/planning/install/chaining_CDT/include/chaining_CDT/planner/cdt_centerline.hpp
[4.526s] -- Up-to-date symlink: /home/aiv/ev_ws/planning/install/chaining_CDT/include/chaining_CDT/postprocess/path_postprocessor.hpp
[4.526s] -- Up-to-date symlink: /home/aiv/ev_ws/planning/install/chaining_CDT/include/chaining_CDT/safety/safety_checker.hpp
[4.526s] -- Up-to-date symlink: /home/aiv/ev_ws/planning/install/chaining_CDT/share/chaining_CDT/config/chaining_CDT.yaml
[4.526s] -- Up-to-date symlink: /home/aiv/ev_ws/planning/install/chaining_CDT/share/chaining_CDT/launch/chaining_CDT.launch.py
[4.526s] -- Up-to-date symlink: /home/aiv/ev_ws/planning/install/chaining_CDT/share/ament_index/resource_index/package_run_dependencies/chaining_CDT
[4.526s] -- Up-to-date symlink: /home/aiv/ev_ws/planning/install/chaining_CDT/share/ament_index/resource_index/parent_prefix_path/chaining_CDT
[4.526s] -- Up-to-date symlink: /home/aiv/ev_ws/planning/install/chaining_CDT/share/chaining_CDT/environment/ament_prefix_path.sh
[4.526s] -- Up-to-date symlink: /home/aiv/ev_ws/planning/install/chaining_CDT/share/chaining_CDT/environment/ament_prefix_path.dsv
[4.526s] -- Up-to-date symlink: /home/aiv/ev_ws/planning/install/chaining_CDT/share/chaining_CDT/environment/path.sh
[4.526s] -- Up-to-date symlink: /home/aiv/ev_ws/planning/install/chaining_CDT/share/chaining_CDT/environment/path.dsv
[4.526s] -- Up-to-date symlink: /home/aiv/ev_ws/planning/install/chaining_CDT/share/chaining_CDT/local_setup.bash
[4.526s] -- Up-to-date symlink: /home/aiv/ev_ws/planning/install/chaining_CDT/share/chaining_CDT/local_setup.sh
[4.526s] -- Up-to-date symlink: /home/aiv/ev_ws/planning/install/chaining_CDT/share/chaining_CDT/local_setup.zsh
[4.526s] -- Up-to-date symlink: /home/aiv/ev_ws/planning/install/chaining_CDT/share/chaining_CDT/local_setup.dsv
[4.526s] -- Symlinking: /home/aiv/ev_ws/planning/install/chaining_CDT/share/chaining_CDT/package.dsv
[4.532s] -- Up-to-date symlink: /home/aiv/ev_ws/planning/install/chaining_CDT/share/ament_index/resource_index/packages/chaining_CDT
[4.532s] -- Up-to-date symlink: /home/aiv/ev_ws/planning/install/chaining_CDT/share/ament_index/resource_index/rclcpp_components/chaining_CDT
[4.532s] -- Up-to-date symlink: /home/aiv/ev_ws/planning/install/chaining_CDT/share/chaining_CDT/cmake/chaining_CDTConfig.cmake
[4.532s] -- Up-to-date symlink: /home/aiv/ev_ws/planning/install/chaining_CDT/share/chaining_CDT/cmake/chaining_CDTConfig-version.cmake
[4.532s] -- Up-to-date symlink: /home/aiv/ev_ws/planning/install/chaining_CDT/share/chaining_CDT/package.xml
[4.534s] Invoked command in '/home/aiv/ev_ws/planning/build/chaining_CDT' returned '0': CMAKE_PREFIX_PATH=${CMAKE_PREFIX_PATH}:/opt/ros/humble /usr/bin/cmake --install /home/aiv/ev_ws/planning/build/chaining_CDT
