[0.024s] Invoking command in '/home/aiv/ev_ws/build/ev_msgs': CMAKE_PREFIX_PATH=${CMAKE_PREFIX_PATH}:/opt/ros/humble /usr/bin/cmake /home/aiv/ev_ws/ev_msgs -DAMENT_CMAKE_SYMLINK_INSTALL=1 -DCMAKE_INSTALL_PREFIX=/home/aiv/ev_ws/install/ev_msgs
[0.056s] -- The C compiler identification is GNU 11.4.0
[0.087s] -- The CXX compiler identification is GNU 11.4.0
[0.092s] -- Detecting C compiler ABI info
[0.136s] -- Detecting C compiler ABI info - done
[0.142s] -- Check for working C compiler: /usr/bin/cc - skipped
[0.142s] -- Detecting C compile features
[0.142s] -- Detecting C compile features - done
[0.143s] -- Detecting CXX compiler ABI info
[0.192s] -- Detecting CXX compiler ABI info - done
[0.196s] -- Check for working CXX compiler: /usr/bin/c++ - skipped
[0.196s] -- Detecting CXX compile features
[0.196s] -- Detecting CXX compile features - done
[0.198s] -- Found ament_cmake: 1.3.12 (/opt/ros/humble/share/ament_cmake/cmake)
[0.295s] -- Found Python3: /usr/bin/python3 (found version "3.10.12") found components: Interpreter 
[0.339s] -- Override CMake install command with custom implementation using symlinks instead of copying resources
[0.369s] -- Found rosidl_default_generators: 1.2.0 (/opt/ros/humble/share/rosidl_default_generators/cmake)
[0.373s] -- Using all available rosidl_typesupport_c: rosidl_typesupport_fastrtps_c;rosidl_typesupport_introspection_c
[0.379s] -- Found rosidl_adapter: 3.1.8 (/opt/ros/humble/share/rosidl_adapter/cmake)
[0.406s] -- Using all available rosidl_typesupport_cpp: rosidl_typesupport_fastrtps_cpp;rosidl_typesupport_introspection_cpp
[0.427s] -- Found geometry_msgs: 4.9.0 (/opt/ros/humble/share/geometry_msgs/cmake)
[0.621s] -- Found ament_cmake_ros: 0.10.0 (/opt/ros/humble/share/ament_cmake_ros/cmake)
[0.789s] -- Using all available rosidl_typesupport_c: rosidl_typesupport_fastrtps_c;rosidl_typesupport_introspection_c
[1.031s] -- Using all available rosidl_typesupport_cpp: rosidl_typesupport_fastrtps_cpp;rosidl_typesupport_introspection_cpp
[1.046s] -- Found PythonInterp: /usr/bin/python3 (found suitable version "3.10.12", minimum required is "3.6") 
[1.048s] -- Found python_cmake_module: 0.10.0 (/opt/ros/humble/share/python_cmake_module/cmake)
[1.066s] -- Found PythonLibs: /usr/lib/x86_64-linux-gnu/libpython3.10.so (found suitable version "3.10.12", minimum required is "3.5") 
[1.066s] -- Using PYTHON_EXECUTABLE: /usr/bin/python3
[1.066s] -- Using PYTHON_INCLUDE_DIRS: /usr/include/python3.10
[1.066s] -- Using PYTHON_LIBRARIES: /usr/lib/x86_64-linux-gnu/libpython3.10.so
[1.082s] -- Found PythonExtra: .so  
[1.132s] -- Configuring done
[1.151s] -- Generating done
[1.158s] -- Build files have been written to: /home/aiv/ev_ws/build/ev_msgs
[1.164s] Invoked command in '/home/aiv/ev_ws/build/ev_msgs' returned '0': CMAKE_PREFIX_PATH=${CMAKE_PREFIX_PATH}:/opt/ros/humble /usr/bin/cmake /home/aiv/ev_ws/ev_msgs -DAMENT_CMAKE_SYMLINK_INSTALL=1 -DCMAKE_INSTALL_PREFIX=/home/aiv/ev_ws/install/ev_msgs
[1.165s] Invoking command in '/home/aiv/ev_ws/build/ev_msgs': CMAKE_PREFIX_PATH=${CMAKE_PREFIX_PATH}:/opt/ros/humble /usr/bin/cmake --build /home/aiv/ev_ws/build/ev_msgs -- -j28 -l28
[1.197s] [  1%] [34m[1mGenerating C code for ROS interfaces[0m
[1.202s] [  3%] [34m[1mGenerating C++ code for ROS interfaces[0m
[1.207s] [  3%] Built target ament_cmake_python_symlink_ev_msgs
[1.349s] running egg_info
[1.349s] creating ev_msgs.egg-info
[1.349s] writing ev_msgs.egg-info/PKG-INFO
[1.349s] writing dependency_links to ev_msgs.egg-info/dependency_links.txt
[1.349s] writing top-level names to ev_msgs.egg-info/top_level.txt
[1.349s] writing manifest file 'ev_msgs.egg-info/SOURCES.txt'
[1.351s] reading manifest file 'ev_msgs.egg-info/SOURCES.txt'
[1.351s] writing manifest file 'ev_msgs.egg-info/SOURCES.txt'
[1.368s] [  3%] Built target ament_cmake_python_build_ev_msgs_egg
[1.597s] [  3%] Built target ev_msgs__cpp
[1.602s] [  9%] [32mBuilding C object CMakeFiles/ev_msgs__rosidl_generator_c.dir/rosidl_generator_c/ev_msgs/msg/detail/b_box_array__functions.c.o[0m
[1.602s] [  9%] [32mBuilding C object CMakeFiles/ev_msgs__rosidl_generator_c.dir/rosidl_generator_c/ev_msgs/msg/detail/lane_boundary_array__functions.c.o[0m
[1.603s] [  9%] [32mBuilding C object CMakeFiles/ev_msgs__rosidl_generator_c.dir/rosidl_generator_c/ev_msgs/msg/detail/lane_boundary__functions.c.o[0m
[1.603s] [ 10%] [32mBuilding C object CMakeFiles/ev_msgs__rosidl_generator_c.dir/rosidl_generator_c/ev_msgs/msg/detail/b_box__functions.c.o[0m
[1.606s] [ 12%] [34m[1mGenerating C++ introspection for ROS interfaces[0m
[1.606s] [ 14%] [34m[1mGenerating C++ type support for eProsima Fast-RTPS[0m
[1.606s] [ 16%] [34m[1mGenerating C++ type support dispatch for ROS interfaces[0m
[1.658s] [ 18%] [32m[1mLinking C shared library libev_msgs__rosidl_generator_c.so[0m
[1.693s] [ 18%] Built target ev_msgs__rosidl_generator_c
[1.712s] [ 20%] [34m[1mGenerating C type support dispatch for ROS interfaces[0m
[1.713s] [ 21%] [34m[1mGenerating C introspection for ROS interfaces[0m
[1.713s] [ 23%] [34m[1mGenerating C type support for eProsima Fast-RTPS[0m
[2.042s] [ 25%] [32mBuilding CXX object CMakeFiles/ev_msgs__rosidl_typesupport_cpp.dir/rosidl_typesupport_cpp/ev_msgs/msg/b_box__type_support.cpp.o[0m
[2.049s] [ 27%] [32mBuilding CXX object CMakeFiles/ev_msgs__rosidl_typesupport_cpp.dir/rosidl_typesupport_cpp/ev_msgs/msg/b_box_array__type_support.cpp.o[0m
[2.050s] [ 29%] [32mBuilding CXX object CMakeFiles/ev_msgs__rosidl_typesupport_cpp.dir/rosidl_typesupport_cpp/ev_msgs/msg/lane_boundary_array__type_support.cpp.o[0m
[2.051s] [ 30%] [32mBuilding CXX object CMakeFiles/ev_msgs__rosidl_typesupport_cpp.dir/rosidl_typesupport_cpp/ev_msgs/msg/lane_boundary__type_support.cpp.o[0m
[2.101s] [ 32%] [32mBuilding CXX object CMakeFiles/ev_msgs__rosidl_typesupport_introspection_cpp.dir/rosidl_typesupport_introspection_cpp/ev_msgs/msg/detail/b_box__type_support.cpp.o[0m
[2.108s] [ 34%] [32mBuilding CXX object CMakeFiles/ev_msgs__rosidl_typesupport_introspection_cpp.dir/rosidl_typesupport_introspection_cpp/ev_msgs/msg/detail/b_box_array__type_support.cpp.o[0m
[2.114s] [ 36%] [32mBuilding CXX object CMakeFiles/ev_msgs__rosidl_typesupport_introspection_cpp.dir/rosidl_typesupport_introspection_cpp/ev_msgs/msg/detail/lane_boundary__type_support.cpp.o[0m
[2.117s] [ 38%] [32mBuilding CXX object CMakeFiles/ev_msgs__rosidl_typesupport_introspection_cpp.dir/rosidl_typesupport_introspection_cpp/ev_msgs/msg/detail/lane_boundary_array__type_support.cpp.o[0m
[2.149s] [ 40%] [32mBuilding CXX object CMakeFiles/ev_msgs__rosidl_typesupport_c.dir/rosidl_typesupport_c/ev_msgs/msg/b_box__type_support.cpp.o[0m
[2.154s] [ 41%] [32mBuilding CXX object CMakeFiles/ev_msgs__rosidl_typesupport_c.dir/rosidl_typesupport_c/ev_msgs/msg/lane_boundary__type_support.cpp.o[0m
[2.155s] [ 43%] [32mBuilding CXX object CMakeFiles/ev_msgs__rosidl_typesupport_c.dir/rosidl_typesupport_c/ev_msgs/msg/lane_boundary_array__type_support.cpp.o[0m
[2.162s] [ 45%] [32mBuilding CXX object CMakeFiles/ev_msgs__rosidl_typesupport_c.dir/rosidl_typesupport_c/ev_msgs/msg/b_box_array__type_support.cpp.o[0m
[2.247s] [ 47%] [32m[1mLinking CXX shared library libev_msgs__rosidl_typesupport_c.so[0m
[2.259s] [ 49%] [32mBuilding C object CMakeFiles/ev_msgs__rosidl_typesupport_introspection_c.dir/rosidl_typesupport_introspection_c/ev_msgs/msg/detail/b_box__type_support.c.o[0m
[2.262s] [ 50%] [32mBuilding C object CMakeFiles/ev_msgs__rosidl_typesupport_introspection_c.dir/rosidl_typesupport_introspection_c/ev_msgs/msg/detail/b_box_array__type_support.c.o[0m
[2.272s] [ 52%] [32mBuilding C object CMakeFiles/ev_msgs__rosidl_typesupport_introspection_c.dir/rosidl_typesupport_introspection_c/ev_msgs/msg/detail/lane_boundary__type_support.c.o[0m
[2.275s] [ 56%] [32mBuilding C object CMakeFiles/ev_msgs__rosidl_typesupport_introspection_c.dir/rosidl_typesupport_introspection_c/ev_msgs/msg/detail/lane_boundary_array__type_support.c.o[0m
[2.278s] [ 56%] [32mBuilding CXX object CMakeFiles/ev_msgs__rosidl_typesupport_fastrtps_cpp.dir/rosidl_typesupport_fastrtps_cpp/ev_msgs/msg/detail/dds_fastrtps/b_box__type_support.cpp.o[0m
[2.282s] [ 58%] [32mBuilding CXX object CMakeFiles/ev_msgs__rosidl_typesupport_fastrtps_cpp.dir/rosidl_typesupport_fastrtps_cpp/ev_msgs/msg/detail/dds_fastrtps/lane_boundary_array__type_support.cpp.o[0m
[2.288s] [ 60%] [32mBuilding CXX object CMakeFiles/ev_msgs__rosidl_typesupport_fastrtps_cpp.dir/rosidl_typesupport_fastrtps_cpp/ev_msgs/msg/detail/dds_fastrtps/b_box_array__type_support.cpp.o[0m
[2.295s] [ 61%] [32mBuilding CXX object CMakeFiles/ev_msgs__rosidl_typesupport_fastrtps_cpp.dir/rosidl_typesupport_fastrtps_cpp/ev_msgs/msg/detail/dds_fastrtps/lane_boundary__type_support.cpp.o[0m
[2.298s] [ 63%] [32mBuilding CXX object CMakeFiles/ev_msgs__rosidl_typesupport_fastrtps_c.dir/rosidl_typesupport_fastrtps_c/ev_msgs/msg/detail/b_box__type_support_c.cpp.o[0m
[2.301s] [ 65%] [32mBuilding CXX object CMakeFiles/ev_msgs__rosidl_typesupport_fastrtps_c.dir/rosidl_typesupport_fastrtps_c/ev_msgs/msg/detail/b_box_array__type_support_c.cpp.o[0m
[2.312s] [ 69%] [32mBuilding CXX object CMakeFiles/ev_msgs__rosidl_typesupport_fastrtps_c.dir/rosidl_typesupport_fastrtps_c/ev_msgs/msg/detail/lane_boundary__type_support_c.cpp.o[0m
[2.312s] [ 69%] [32mBuilding CXX object CMakeFiles/ev_msgs__rosidl_typesupport_fastrtps_c.dir/rosidl_typesupport_fastrtps_c/ev_msgs/msg/detail/lane_boundary_array__type_support_c.cpp.o[0m
[2.354s] [ 69%] Built target ev_msgs__rosidl_typesupport_c
[2.387s] [ 70%] [32m[1mLinking C shared library libev_msgs__rosidl_typesupport_introspection_c.so[0m
[2.478s] [ 70%] Built target ev_msgs__rosidl_typesupport_introspection_c
[2.614s] [ 72%] [32m[1mLinking CXX shared library libev_msgs__rosidl_typesupport_cpp.so[0m
[2.710s] [ 72%] Built target ev_msgs__rosidl_typesupport_cpp
[2.896s] [ 74%] [32m[1mLinking CXX shared library libev_msgs__rosidl_typesupport_introspection_cpp.so[0m
[2.946s] [ 76%] [32m[1mLinking CXX shared library libev_msgs__rosidl_typesupport_fastrtps_c.so[0m
[2.952s] [ 76%] Built target ev_msgs__rosidl_typesupport_introspection_cpp
[2.995s] [ 76%] Built target ev_msgs__rosidl_typesupport_fastrtps_c
[3.035s] [ 78%] [32m[1mLinking CXX shared library libev_msgs__rosidl_typesupport_fastrtps_cpp.so[0m
[3.089s] [ 78%] Built target ev_msgs__rosidl_typesupport_fastrtps_cpp
[3.105s] [ 78%] Built target ev_msgs
[3.124s] [ 80%] [34m[1mGenerating Python code for ROS interfaces[0m
[3.548s] [ 80%] Built target ev_msgs__py
[3.566s] [ 81%] [32mBuilding C object CMakeFiles/ev_msgs__rosidl_generator_py.dir/rosidl_generator_py/ev_msgs/msg/_b_box_array_s.c.o[0m
[3.566s] [ 83%] [32mBuilding C object CMakeFiles/ev_msgs__rosidl_generator_py.dir/rosidl_generator_py/ev_msgs/msg/_lane_boundary_array_s.c.o[0m
[3.568s] [ 87%] [32mBuilding C object CMakeFiles/ev_msgs__rosidl_generator_py.dir/rosidl_generator_py/ev_msgs/msg/_lane_boundary_s.c.o[0m
[3.568s] [ 87%] [32mBuilding C object CMakeFiles/ev_msgs__rosidl_generator_py.dir/rosidl_generator_py/ev_msgs/msg/_b_box_s.c.o[0m
[3.659s] [ 89%] [32m[1mLinking C shared library rosidl_generator_py/ev_msgs/libev_msgs__rosidl_generator_py.so[0m
[3.689s] [ 89%] Built target ev_msgs__rosidl_generator_py
[3.703s] [ 90%] [32mBuilding C object CMakeFiles/ev_msgs__rosidl_typesupport_fastrtps_c__pyext.dir/rosidl_generator_py/ev_msgs/_ev_msgs_s.ep.rosidl_typesupport_fastrtps_c.c.o[0m
[3.708s] [ 94%] [32mBuilding C object CMakeFiles/ev_msgs__rosidl_typesupport_introspection_c__pyext.dir/rosidl_generator_py/ev_msgs/_ev_msgs_s.ep.rosidl_typesupport_introspection_c.c.o[0m
[3.708s] [ 94%] [32mBuilding C object CMakeFiles/ev_msgs__rosidl_typesupport_c__pyext.dir/rosidl_generator_py/ev_msgs/_ev_msgs_s.ep.rosidl_typesupport_c.c.o[0m
[3.765s] [ 96%] [32m[1mLinking C shared library rosidl_generator_py/ev_msgs/ev_msgs_s__rosidl_typesupport_fastrtps_c.cpython-310-x86_64-linux-gnu.so[0m
[3.780s] [ 98%] [32m[1mLinking C shared library rosidl_generator_py/ev_msgs/ev_msgs_s__rosidl_typesupport_c.cpython-310-x86_64-linux-gnu.so[0m
[3.784s] [100%] [32m[1mLinking C shared library rosidl_generator_py/ev_msgs/ev_msgs_s__rosidl_typesupport_introspection_c.cpython-310-x86_64-linux-gnu.so[0m
[3.801s] [100%] Built target ev_msgs__rosidl_typesupport_fastrtps_c__pyext
[3.805s] [100%] Built target ev_msgs__rosidl_typesupport_c__pyext
[3.822s] [100%] Built target ev_msgs__rosidl_typesupport_introspection_c__pyext
[3.833s] Invoked command in '/home/aiv/ev_ws/build/ev_msgs' returned '0': CMAKE_PREFIX_PATH=${CMAKE_PREFIX_PATH}:/opt/ros/humble /usr/bin/cmake --build /home/aiv/ev_ws/build/ev_msgs -- -j28 -l28
[3.834s] Invoking command in '/home/aiv/ev_ws/build/ev_msgs': CMAKE_PREFIX_PATH=${CMAKE_PREFIX_PATH}:/opt/ros/humble /usr/bin/cmake --install /home/aiv/ev_ws/build/ev_msgs
[3.841s] -- Install configuration: ""
[3.841s] -- Execute custom install script
[3.842s] -- Symlinking: /home/aiv/ev_ws/install/ev_msgs/share/ament_index/resource_index/rosidl_interfaces/ev_msgs
[3.850s] -- Symlinking: /home/aiv/ev_ws/install/ev_msgs/include/ev_msgs/ev_msgs/msg/b_box.h
[3.857s] -- Symlinking: /home/aiv/ev_ws/install/ev_msgs/include/ev_msgs/ev_msgs/msg/b_box_array.h
[3.866s] -- Symlinking: /home/aiv/ev_ws/install/ev_msgs/include/ev_msgs/ev_msgs/msg/detail/b_box__functions.h
[3.872s] -- Symlinking: /home/aiv/ev_ws/install/ev_msgs/include/ev_msgs/ev_msgs/msg/detail/b_box__struct.h
[3.879s] -- Symlinking: /home/aiv/ev_ws/install/ev_msgs/include/ev_msgs/ev_msgs/msg/detail/b_box__type_support.h
[3.886s] -- Symlinking: /home/aiv/ev_ws/install/ev_msgs/include/ev_msgs/ev_msgs/msg/detail/b_box_array__functions.h
[3.894s] -- Symlinking: /home/aiv/ev_ws/install/ev_msgs/include/ev_msgs/ev_msgs/msg/detail/b_box_array__struct.h
[3.899s] -- Symlinking: /home/aiv/ev_ws/install/ev_msgs/include/ev_msgs/ev_msgs/msg/detail/b_box_array__type_support.h
[3.904s] -- Symlinking: /home/aiv/ev_ws/install/ev_msgs/include/ev_msgs/ev_msgs/msg/detail/lane_boundary__functions.h
[3.909s] -- Symlinking: /home/aiv/ev_ws/install/ev_msgs/include/ev_msgs/ev_msgs/msg/detail/lane_boundary__struct.h
[3.915s] -- Symlinking: /home/aiv/ev_ws/install/ev_msgs/include/ev_msgs/ev_msgs/msg/detail/lane_boundary__type_support.h
[3.920s] -- Symlinking: /home/aiv/ev_ws/install/ev_msgs/include/ev_msgs/ev_msgs/msg/detail/lane_boundary_array__functions.h
[3.928s] -- Symlinking: /home/aiv/ev_ws/install/ev_msgs/include/ev_msgs/ev_msgs/msg/detail/lane_boundary_array__struct.h
[3.936s] -- Symlinking: /home/aiv/ev_ws/install/ev_msgs/include/ev_msgs/ev_msgs/msg/detail/lane_boundary_array__type_support.h
[3.944s] -- Symlinking: /home/aiv/ev_ws/install/ev_msgs/include/ev_msgs/ev_msgs/msg/lane_boundary.h
[3.951s] -- Symlinking: /home/aiv/ev_ws/install/ev_msgs/include/ev_msgs/ev_msgs/msg/lane_boundary_array.h
[3.959s] -- Symlinking: /home/aiv/ev_ws/install/ev_msgs/include/ev_msgs/ev_msgs/msg/rosidl_generator_c__visibility_control.h
[3.968s] -- Symlinking: /home/aiv/ev_ws/install/ev_msgs/share/ev_msgs/environment/library_path.sh
[3.976s] -- Symlinking: /home/aiv/ev_ws/install/ev_msgs/share/ev_msgs/environment/library_path.dsv
[3.984s] -- Symlinking: /home/aiv/ev_ws/install/ev_msgs/include/ev_msgs/ev_msgs/msg/detail/b_box__rosidl_typesupport_fastrtps_c.h
[3.990s] -- Symlinking: /home/aiv/ev_ws/install/ev_msgs/include/ev_msgs/ev_msgs/msg/detail/b_box_array__rosidl_typesupport_fastrtps_c.h
[3.995s] -- Symlinking: /home/aiv/ev_ws/install/ev_msgs/include/ev_msgs/ev_msgs/msg/detail/lane_boundary__rosidl_typesupport_fastrtps_c.h
[4.000s] -- Symlinking: /home/aiv/ev_ws/install/ev_msgs/include/ev_msgs/ev_msgs/msg/detail/lane_boundary_array__rosidl_typesupport_fastrtps_c.h
[4.005s] -- Symlinking: /home/aiv/ev_ws/install/ev_msgs/include/ev_msgs/ev_msgs/msg/rosidl_typesupport_fastrtps_c__visibility_control.h
[4.013s] -- Symlinking: /home/aiv/ev_ws/install/ev_msgs/include/ev_msgs/ev_msgs/msg/detail/b_box__rosidl_typesupport_introspection_c.h
[4.020s] -- Symlinking: /home/aiv/ev_ws/install/ev_msgs/include/ev_msgs/ev_msgs/msg/detail/b_box_array__rosidl_typesupport_introspection_c.h
[4.025s] -- Symlinking: /home/aiv/ev_ws/install/ev_msgs/include/ev_msgs/ev_msgs/msg/detail/lane_boundary__rosidl_typesupport_introspection_c.h
[4.031s] -- Symlinking: /home/aiv/ev_ws/install/ev_msgs/include/ev_msgs/ev_msgs/msg/detail/lane_boundary_array__rosidl_typesupport_introspection_c.h
[4.038s] -- Symlinking: /home/aiv/ev_ws/install/ev_msgs/include/ev_msgs/ev_msgs/msg/rosidl_typesupport_introspection_c__visibility_control.h
[4.045s] -- Symlinking: /home/aiv/ev_ws/install/ev_msgs/include/ev_msgs/ev_msgs/msg/b_box.hpp
[4.051s] -- Symlinking: /home/aiv/ev_ws/install/ev_msgs/include/ev_msgs/ev_msgs/msg/b_box_array.hpp
[4.057s] -- Symlinking: /home/aiv/ev_ws/install/ev_msgs/include/ev_msgs/ev_msgs/msg/detail/b_box__builder.hpp
[4.063s] -- Symlinking: /home/aiv/ev_ws/install/ev_msgs/include/ev_msgs/ev_msgs/msg/detail/b_box__struct.hpp
[4.071s] -- Symlinking: /home/aiv/ev_ws/install/ev_msgs/include/ev_msgs/ev_msgs/msg/detail/b_box__traits.hpp
[4.077s] -- Symlinking: /home/aiv/ev_ws/install/ev_msgs/include/ev_msgs/ev_msgs/msg/detail/b_box__type_support.hpp
[4.085s] -- Symlinking: /home/aiv/ev_ws/install/ev_msgs/include/ev_msgs/ev_msgs/msg/detail/b_box_array__builder.hpp
[4.093s] -- Symlinking: /home/aiv/ev_ws/install/ev_msgs/include/ev_msgs/ev_msgs/msg/detail/b_box_array__struct.hpp
[4.098s] -- Symlinking: /home/aiv/ev_ws/install/ev_msgs/include/ev_msgs/ev_msgs/msg/detail/b_box_array__traits.hpp
[4.104s] -- Symlinking: /home/aiv/ev_ws/install/ev_msgs/include/ev_msgs/ev_msgs/msg/detail/b_box_array__type_support.hpp
[4.109s] -- Symlinking: /home/aiv/ev_ws/install/ev_msgs/include/ev_msgs/ev_msgs/msg/detail/lane_boundary__builder.hpp
[4.115s] -- Symlinking: /home/aiv/ev_ws/install/ev_msgs/include/ev_msgs/ev_msgs/msg/detail/lane_boundary__struct.hpp
[4.120s] -- Symlinking: /home/aiv/ev_ws/install/ev_msgs/include/ev_msgs/ev_msgs/msg/detail/lane_boundary__traits.hpp
[4.126s] -- Symlinking: /home/aiv/ev_ws/install/ev_msgs/include/ev_msgs/ev_msgs/msg/detail/lane_boundary__type_support.hpp
[4.133s] -- Symlinking: /home/aiv/ev_ws/install/ev_msgs/include/ev_msgs/ev_msgs/msg/detail/lane_boundary_array__builder.hpp
[4.141s] -- Symlinking: /home/aiv/ev_ws/install/ev_msgs/include/ev_msgs/ev_msgs/msg/detail/lane_boundary_array__struct.hpp
[4.149s] -- Symlinking: /home/aiv/ev_ws/install/ev_msgs/include/ev_msgs/ev_msgs/msg/detail/lane_boundary_array__traits.hpp
[4.157s] -- Symlinking: /home/aiv/ev_ws/install/ev_msgs/include/ev_msgs/ev_msgs/msg/detail/lane_boundary_array__type_support.hpp
[4.164s] -- Symlinking: /home/aiv/ev_ws/install/ev_msgs/include/ev_msgs/ev_msgs/msg/lane_boundary.hpp
[4.172s] -- Symlinking: /home/aiv/ev_ws/install/ev_msgs/include/ev_msgs/ev_msgs/msg/lane_boundary_array.hpp
[4.180s] -- Symlinking: /home/aiv/ev_ws/install/ev_msgs/include/ev_msgs/ev_msgs/msg/rosidl_generator_cpp__visibility_control.hpp
[4.188s] -- Symlinking: /home/aiv/ev_ws/install/ev_msgs/include/ev_msgs/ev_msgs/msg/detail/b_box__rosidl_typesupport_fastrtps_cpp.hpp
[4.196s] -- Symlinking: /home/aiv/ev_ws/install/ev_msgs/include/ev_msgs/ev_msgs/msg/detail/b_box_array__rosidl_typesupport_fastrtps_cpp.hpp
[4.201s] -- Symlinking: /home/aiv/ev_ws/install/ev_msgs/include/ev_msgs/ev_msgs/msg/detail/lane_boundary__rosidl_typesupport_fastrtps_cpp.hpp
[4.207s] -- Symlinking: /home/aiv/ev_ws/install/ev_msgs/include/ev_msgs/ev_msgs/msg/detail/lane_boundary_array__rosidl_typesupport_fastrtps_cpp.hpp
[4.215s] -- Symlinking: /home/aiv/ev_ws/install/ev_msgs/include/ev_msgs/ev_msgs/msg/rosidl_typesupport_fastrtps_cpp__visibility_control.h
[4.221s] -- Symlinking: /home/aiv/ev_ws/install/ev_msgs/include/ev_msgs/ev_msgs/msg/detail/b_box__rosidl_typesupport_introspection_cpp.hpp
[4.227s] -- Symlinking: /home/aiv/ev_ws/install/ev_msgs/include/ev_msgs/ev_msgs/msg/detail/b_box_array__rosidl_typesupport_introspection_cpp.hpp
[4.235s] -- Symlinking: /home/aiv/ev_ws/install/ev_msgs/include/ev_msgs/ev_msgs/msg/detail/lane_boundary__rosidl_typesupport_introspection_cpp.hpp
[4.241s] -- Symlinking: /home/aiv/ev_ws/install/ev_msgs/include/ev_msgs/ev_msgs/msg/detail/lane_boundary_array__rosidl_typesupport_introspection_cpp.hpp
[4.246s] -- Symlinking: /home/aiv/ev_ws/install/ev_msgs/share/ev_msgs/environment/pythonpath.sh
[4.254s] -- Symlinking: /home/aiv/ev_ws/install/ev_msgs/share/ev_msgs/environment/pythonpath.dsv
[4.262s] -- Symlinking: /home/aiv/ev_ws/install/ev_msgs/local/lib/python3.10/dist-packages/ev_msgs-0.1.0-py3.10.egg-info/PKG-INFO
[4.267s] -- Symlinking: /home/aiv/ev_ws/install/ev_msgs/local/lib/python3.10/dist-packages/ev_msgs-0.1.0-py3.10.egg-info/SOURCES.txt
[4.273s] -- Symlinking: /home/aiv/ev_ws/install/ev_msgs/local/lib/python3.10/dist-packages/ev_msgs-0.1.0-py3.10.egg-info/dependency_links.txt
[4.279s] -- Symlinking: /home/aiv/ev_ws/install/ev_msgs/local/lib/python3.10/dist-packages/ev_msgs-0.1.0-py3.10.egg-info/top_level.txt
[4.284s] -- Symlinking: /home/aiv/ev_ws/install/ev_msgs/local/lib/python3.10/dist-packages/ev_msgs/__init__.py
[4.289s] -- Symlinking: /home/aiv/ev_ws/install/ev_msgs/local/lib/python3.10/dist-packages/ev_msgs/_ev_msgs_s.ep.rosidl_typesupport_c.c
[4.296s] -- Symlinking: /home/aiv/ev_ws/install/ev_msgs/local/lib/python3.10/dist-packages/ev_msgs/_ev_msgs_s.ep.rosidl_typesupport_fastrtps_c.c
[4.302s] -- Symlinking: /home/aiv/ev_ws/install/ev_msgs/local/lib/python3.10/dist-packages/ev_msgs/_ev_msgs_s.ep.rosidl_typesupport_introspection_c.c
[4.309s] -- Symlinking: /home/aiv/ev_ws/install/ev_msgs/local/lib/python3.10/dist-packages/ev_msgs/ev_msgs_s__rosidl_typesupport_c.cpython-310-x86_64-linux-gnu.so
[4.316s] -- Symlinking: /home/aiv/ev_ws/install/ev_msgs/local/lib/python3.10/dist-packages/ev_msgs/ev_msgs_s__rosidl_typesupport_fastrtps_c.cpython-310-x86_64-linux-gnu.so
[4.322s] -- Symlinking: /home/aiv/ev_ws/install/ev_msgs/local/lib/python3.10/dist-packages/ev_msgs/ev_msgs_s__rosidl_typesupport_introspection_c.cpython-310-x86_64-linux-gnu.so
[4.330s] -- Symlinking: /home/aiv/ev_ws/install/ev_msgs/local/lib/python3.10/dist-packages/ev_msgs/libev_msgs__rosidl_generator_py.so
[4.337s] -- Symlinking: /home/aiv/ev_ws/install/ev_msgs/local/lib/python3.10/dist-packages/ev_msgs/msg/__init__.py
[4.342s] -- Symlinking: /home/aiv/ev_ws/install/ev_msgs/local/lib/python3.10/dist-packages/ev_msgs/msg/_b_box.py
[4.350s] -- Symlinking: /home/aiv/ev_ws/install/ev_msgs/local/lib/python3.10/dist-packages/ev_msgs/msg/_b_box_array.py
[4.358s] -- Symlinking: /home/aiv/ev_ws/install/ev_msgs/local/lib/python3.10/dist-packages/ev_msgs/msg/_b_box_array_s.c
[4.365s] -- Symlinking: /home/aiv/ev_ws/install/ev_msgs/local/lib/python3.10/dist-packages/ev_msgs/msg/_b_box_s.c
[4.372s] -- Symlinking: /home/aiv/ev_ws/install/ev_msgs/local/lib/python3.10/dist-packages/ev_msgs/msg/_lane_boundary.py
[4.379s] -- Symlinking: /home/aiv/ev_ws/install/ev_msgs/local/lib/python3.10/dist-packages/ev_msgs/msg/_lane_boundary_array.py
[4.388s] -- Symlinking: /home/aiv/ev_ws/install/ev_msgs/local/lib/python3.10/dist-packages/ev_msgs/msg/_lane_boundary_array_s.c
[4.394s] -- Symlinking: /home/aiv/ev_ws/install/ev_msgs/local/lib/python3.10/dist-packages/ev_msgs/msg/_lane_boundary_s.c
[4.400s] -- Up-to-date symlink: /home/aiv/ev_ws/install/ev_msgs/local/lib/python3.10/dist-packages/ev_msgs/ev_msgs_s__rosidl_typesupport_fastrtps_c.cpython-310-x86_64-linux-gnu.so
[4.400s] -- Up-to-date symlink: /home/aiv/ev_ws/install/ev_msgs/local/lib/python3.10/dist-packages/ev_msgs/ev_msgs_s__rosidl_typesupport_introspection_c.cpython-310-x86_64-linux-gnu.so
[4.401s] -- Up-to-date symlink: /home/aiv/ev_ws/install/ev_msgs/local/lib/python3.10/dist-packages/ev_msgs/ev_msgs_s__rosidl_typesupport_c.cpython-310-x86_64-linux-gnu.so
[4.401s] -- Symlinking: /home/aiv/ev_ws/install/ev_msgs/share/ev_msgs/msg/BBox.idl
[4.407s] -- Symlinking: /home/aiv/ev_ws/install/ev_msgs/share/ev_msgs/msg/BBoxArray.idl
[4.416s] -- Symlinking: /home/aiv/ev_ws/install/ev_msgs/share/ev_msgs/msg/LaneBoundary.idl
[4.422s] -- Symlinking: /home/aiv/ev_ws/install/ev_msgs/share/ev_msgs/msg/LaneBoundaryArray.idl
[4.428s] -- Symlinking: /home/aiv/ev_ws/install/ev_msgs/share/ev_msgs/msg/BBox.msg
[4.434s] -- Symlinking: /home/aiv/ev_ws/install/ev_msgs/share/ev_msgs/msg/BBoxArray.msg
[4.439s] -- Symlinking: /home/aiv/ev_ws/install/ev_msgs/share/ev_msgs/msg/LaneBoundary.msg
[4.447s] -- Symlinking: /home/aiv/ev_ws/install/ev_msgs/share/ev_msgs/msg/LaneBoundaryArray.msg
[4.455s] -- Symlinking: /home/aiv/ev_ws/install/ev_msgs/share/ament_index/resource_index/package_run_dependencies/ev_msgs
[4.464s] -- Symlinking: /home/aiv/ev_ws/install/ev_msgs/share/ament_index/resource_index/parent_prefix_path/ev_msgs
[4.469s] -- Symlinking: /home/aiv/ev_ws/install/ev_msgs/share/ev_msgs/environment/ament_prefix_path.sh
[4.475s] -- Symlinking: /home/aiv/ev_ws/install/ev_msgs/share/ev_msgs/environment/ament_prefix_path.dsv
[4.482s] -- Symlinking: /home/aiv/ev_ws/install/ev_msgs/share/ev_msgs/environment/path.sh
[4.490s] -- Symlinking: /home/aiv/ev_ws/install/ev_msgs/share/ev_msgs/environment/path.dsv
[4.496s] -- Symlinking: /home/aiv/ev_ws/install/ev_msgs/share/ev_msgs/local_setup.bash
[4.503s] -- Symlinking: /home/aiv/ev_ws/install/ev_msgs/share/ev_msgs/local_setup.sh
[4.508s] -- Symlinking: /home/aiv/ev_ws/install/ev_msgs/share/ev_msgs/local_setup.zsh
[4.515s] -- Symlinking: /home/aiv/ev_ws/install/ev_msgs/share/ev_msgs/local_setup.dsv
[4.523s] -- Symlinking: /home/aiv/ev_ws/install/ev_msgs/share/ev_msgs/package.dsv
[4.532s] -- Symlinking: /home/aiv/ev_ws/install/ev_msgs/share/ament_index/resource_index/packages/ev_msgs
[4.540s] -- Symlinking: /home/aiv/ev_ws/install/ev_msgs/share/ev_msgs/cmake/rosidl_cmake-extras.cmake
[4.547s] -- Symlinking: /home/aiv/ev_ws/install/ev_msgs/share/ev_msgs/cmake/ament_cmake_export_dependencies-extras.cmake
[4.553s] -- Symlinking: /home/aiv/ev_ws/install/ev_msgs/share/ev_msgs/cmake/ament_cmake_export_include_directories-extras.cmake
[4.559s] -- Symlinking: /home/aiv/ev_ws/install/ev_msgs/share/ev_msgs/cmake/ament_cmake_export_libraries-extras.cmake
[4.567s] -- Symlinking: /home/aiv/ev_ws/install/ev_msgs/share/ev_msgs/cmake/ament_cmake_export_targets-extras.cmake
[4.576s] -- Symlinking: /home/aiv/ev_ws/install/ev_msgs/share/ev_msgs/cmake/rosidl_cmake_export_typesupport_targets-extras.cmake
[4.583s] -- Symlinking: /home/aiv/ev_ws/install/ev_msgs/share/ev_msgs/cmake/rosidl_cmake_export_typesupport_libraries-extras.cmake
[4.589s] -- Symlinking: /home/aiv/ev_ws/install/ev_msgs/share/ev_msgs/cmake/ev_msgsConfig.cmake
[4.595s] -- Symlinking: /home/aiv/ev_ws/install/ev_msgs/share/ev_msgs/cmake/ev_msgsConfig-version.cmake
[4.601s] -- Symlinking: /home/aiv/ev_ws/install/ev_msgs/share/ev_msgs/package.xml
[4.609s] -- Installing: /home/aiv/ev_ws/install/ev_msgs/lib/libev_msgs__rosidl_generator_c.so
[4.609s] -- Set runtime path of "/home/aiv/ev_ws/install/ev_msgs/lib/libev_msgs__rosidl_generator_c.so" to ""
[4.609s] -- Installing: /home/aiv/ev_ws/install/ev_msgs/lib/libev_msgs__rosidl_typesupport_fastrtps_c.so
[4.609s] -- Set runtime path of "/home/aiv/ev_ws/install/ev_msgs/lib/libev_msgs__rosidl_typesupport_fastrtps_c.so" to ""
[4.609s] -- Installing: /home/aiv/ev_ws/install/ev_msgs/lib/libev_msgs__rosidl_typesupport_introspection_c.so
[4.610s] -- Set runtime path of "/home/aiv/ev_ws/install/ev_msgs/lib/libev_msgs__rosidl_typesupport_introspection_c.so" to ""
[4.610s] -- Installing: /home/aiv/ev_ws/install/ev_msgs/lib/libev_msgs__rosidl_typesupport_c.so
[4.610s] -- Set runtime path of "/home/aiv/ev_ws/install/ev_msgs/lib/libev_msgs__rosidl_typesupport_c.so" to ""
[4.610s] -- Installing: /home/aiv/ev_ws/install/ev_msgs/lib/libev_msgs__rosidl_typesupport_fastrtps_cpp.so
[4.611s] -- Set runtime path of "/home/aiv/ev_ws/install/ev_msgs/lib/libev_msgs__rosidl_typesupport_fastrtps_cpp.so" to ""
[4.611s] -- Installing: /home/aiv/ev_ws/install/ev_msgs/lib/libev_msgs__rosidl_typesupport_introspection_cpp.so
[4.611s] -- Set runtime path of "/home/aiv/ev_ws/install/ev_msgs/lib/libev_msgs__rosidl_typesupport_introspection_cpp.so" to ""
[4.611s] -- Installing: /home/aiv/ev_ws/install/ev_msgs/lib/libev_msgs__rosidl_typesupport_cpp.so
[4.611s] -- Set runtime path of "/home/aiv/ev_ws/install/ev_msgs/lib/libev_msgs__rosidl_typesupport_cpp.so" to ""
[4.634s] Listing '/home/aiv/ev_ws/install/ev_msgs/local/lib/python3.10/dist-packages/ev_msgs'...
[4.634s] Compiling '/home/aiv/ev_ws/install/ev_msgs/local/lib/python3.10/dist-packages/ev_msgs/__init__.py'...
[4.634s] Listing '/home/aiv/ev_ws/install/ev_msgs/local/lib/python3.10/dist-packages/ev_msgs/msg'...
[4.634s] Compiling '/home/aiv/ev_ws/install/ev_msgs/local/lib/python3.10/dist-packages/ev_msgs/msg/__init__.py'...
[4.634s] Compiling '/home/aiv/ev_ws/install/ev_msgs/local/lib/python3.10/dist-packages/ev_msgs/msg/_b_box.py'...
[4.634s] Compiling '/home/aiv/ev_ws/install/ev_msgs/local/lib/python3.10/dist-packages/ev_msgs/msg/_b_box_array.py'...
[4.634s] Compiling '/home/aiv/ev_ws/install/ev_msgs/local/lib/python3.10/dist-packages/ev_msgs/msg/_lane_boundary.py'...
[4.634s] Compiling '/home/aiv/ev_ws/install/ev_msgs/local/lib/python3.10/dist-packages/ev_msgs/msg/_lane_boundary_array.py'...
[4.637s] -- Installing: /home/aiv/ev_ws/install/ev_msgs/lib/libev_msgs__rosidl_generator_py.so
[4.637s] -- Set runtime path of "/home/aiv/ev_ws/install/ev_msgs/lib/libev_msgs__rosidl_generator_py.so" to ""
[4.637s] -- Installing: /home/aiv/ev_ws/install/ev_msgs/share/ev_msgs/cmake/export_ev_msgs__rosidl_generator_cExport.cmake
[4.637s] -- Installing: /home/aiv/ev_ws/install/ev_msgs/share/ev_msgs/cmake/export_ev_msgs__rosidl_generator_cExport-noconfig.cmake
[4.637s] -- Installing: /home/aiv/ev_ws/install/ev_msgs/share/ev_msgs/cmake/export_ev_msgs__rosidl_typesupport_fastrtps_cExport.cmake
[4.637s] -- Installing: /home/aiv/ev_ws/install/ev_msgs/share/ev_msgs/cmake/export_ev_msgs__rosidl_typesupport_fastrtps_cExport-noconfig.cmake
[4.637s] -- Installing: /home/aiv/ev_ws/install/ev_msgs/share/ev_msgs/cmake/ev_msgs__rosidl_typesupport_introspection_cExport.cmake
[4.637s] -- Installing: /home/aiv/ev_ws/install/ev_msgs/share/ev_msgs/cmake/ev_msgs__rosidl_typesupport_introspection_cExport-noconfig.cmake
[4.637s] -- Installing: /home/aiv/ev_ws/install/ev_msgs/share/ev_msgs/cmake/ev_msgs__rosidl_typesupport_cExport.cmake
[4.638s] -- Installing: /home/aiv/ev_ws/install/ev_msgs/share/ev_msgs/cmake/ev_msgs__rosidl_typesupport_cExport-noconfig.cmake
[4.638s] -- Installing: /home/aiv/ev_ws/install/ev_msgs/share/ev_msgs/cmake/export_ev_msgs__rosidl_generator_cppExport.cmake
[4.638s] -- Installing: /home/aiv/ev_ws/install/ev_msgs/share/ev_msgs/cmake/export_ev_msgs__rosidl_typesupport_fastrtps_cppExport.cmake
[4.638s] -- Installing: /home/aiv/ev_ws/install/ev_msgs/share/ev_msgs/cmake/export_ev_msgs__rosidl_typesupport_fastrtps_cppExport-noconfig.cmake
[4.638s] -- Installing: /home/aiv/ev_ws/install/ev_msgs/share/ev_msgs/cmake/ev_msgs__rosidl_typesupport_introspection_cppExport.cmake
[4.638s] -- Installing: /home/aiv/ev_ws/install/ev_msgs/share/ev_msgs/cmake/ev_msgs__rosidl_typesupport_introspection_cppExport-noconfig.cmake
[4.638s] -- Installing: /home/aiv/ev_ws/install/ev_msgs/share/ev_msgs/cmake/ev_msgs__rosidl_typesupport_cppExport.cmake
[4.638s] -- Installing: /home/aiv/ev_ws/install/ev_msgs/share/ev_msgs/cmake/ev_msgs__rosidl_typesupport_cppExport-noconfig.cmake
[4.638s] -- Installing: /home/aiv/ev_ws/install/ev_msgs/share/ev_msgs/cmake/export_ev_msgs__rosidl_generator_pyExport.cmake
[4.638s] -- Installing: /home/aiv/ev_ws/install/ev_msgs/share/ev_msgs/cmake/export_ev_msgs__rosidl_generator_pyExport-noconfig.cmake
[4.641s] Invoked command in '/home/aiv/ev_ws/build/ev_msgs' returned '0': CMAKE_PREFIX_PATH=${CMAKE_PREFIX_PATH}:/opt/ros/humble /usr/bin/cmake --install /home/aiv/ev_ws/build/ev_msgs
