[0.019s] Invoking command in '/home/aiv/ev_ws/build/dbscan_clustering': CMAKE_PREFIX_PATH=${CMAKE_PREFIX_PATH}:/opt/ros/humble /usr/bin/cmake /home/aiv/ev_ws/perception/src/lidar/dbscan_clustering -DAMENT_CMAKE_SYMLINK_INSTALL=1 -DCMAKE_INSTALL_PREFIX=/home/aiv/ev_ws/install/dbscan_clustering
[0.065s] -- The CXX compiler identification is GNU 11.4.0
[0.876s] -- The CUDA compiler identification is NVIDIA 12.6.85
[0.881s] -- Detecting CXX compiler ABI info
[0.935s] -- Detecting CXX compiler ABI info - done
[0.939s] -- Check for working CXX compiler: /usr/bin/c++ - skipped
[0.939s] -- Detecting CXX compile features
[0.939s] -- Detecting CXX compile features - done
[0.941s] -- Detecting CUDA compiler ABI info
[1.565s] -- Detecting CUDA compiler ABI info - done
[1.592s] -- Check for working CUDA compiler: /usr/local/cuda-12.6/bin/nvcc - skipped
[1.592s] -- Detecting CUDA compile features
[1.592s] -- Detecting CUDA compile features - done
[1.596s] -- Found ament_cmake: 1.3.12 (/opt/ros/humble/share/ament_cmake/cmake)
[1.780s] -- Found Python3: /usr/bin/python3 (found version "3.10.12") found components: Interpreter 
[1.852s] -- Override CMake install command with custom implementation using symlinks instead of copying resources
[1.931s] -- Found rclcpp: 16.0.17 (/opt/ros/humble/share/rclcpp/cmake)
[2.049s] -- Found rosidl_generator_c: 3.1.8 (/opt/ros/humble/share/rosidl_generator_c/cmake)
[2.065s] -- Found rosidl_adapter: 3.1.8 (/opt/ros/humble/share/rosidl_adapter/cmake)
[2.088s] -- Found rosidl_generator_cpp: 3.1.8 (/opt/ros/humble/share/rosidl_generator_cpp/cmake)
[2.123s] -- Using all available rosidl_typesupport_c: rosidl_typesupport_fastrtps_c;rosidl_typesupport_introspection_c
[2.163s] -- Using all available rosidl_typesupport_cpp: rosidl_typesupport_fastrtps_cpp;rosidl_typesupport_introspection_cpp
[2.290s] -- Found rmw_implementation_cmake: 6.1.2 (/opt/ros/humble/share/rmw_implementation_cmake/cmake)
[2.302s] -- Found rmw_fastrtps_cpp: 6.2.9 (/opt/ros/humble/share/rmw_fastrtps_cpp/cmake)
[2.548s] -- Found OpenSSL: /usr/lib/x86_64-linux-gnu/libcrypto.so (found version "3.0.2")  
[2.625s] -- Found FastRTPS: /opt/ros/humble/include  
[2.722s] -- Using RMW implementation 'rmw_fastrtps_cpp' as default
[2.739s] -- Looking for C++ include pthread.h
[2.863s] -- Looking for C++ include pthread.h - found
[2.863s] -- Performing Test CMAKE_HAVE_LIBC_PTHREAD
[2.938s] -- Performing Test CMAKE_HAVE_LIBC_PTHREAD - Success
[2.939s] -- Found Threads: TRUE  
[2.995s] -- Found rclcpp_components: 16.0.17 (/opt/ros/humble/share/rclcpp_components/cmake)
[3.024s] -- Found sensor_msgs: 4.9.0 (/opt/ros/humble/share/sensor_msgs/cmake)
[3.104s] -- Configuring done
[3.116s] -- Generating done
[3.120s] -- Build files have been written to: /home/aiv/ev_ws/build/dbscan_clustering
[3.134s] Invoked command in '/home/aiv/ev_ws/build/dbscan_clustering' returned '0': CMAKE_PREFIX_PATH=${CMAKE_PREFIX_PATH}:/opt/ros/humble /usr/bin/cmake /home/aiv/ev_ws/perception/src/lidar/dbscan_clustering -DAMENT_CMAKE_SYMLINK_INSTALL=1 -DCMAKE_INSTALL_PREFIX=/home/aiv/ev_ws/install/dbscan_clustering
[3.135s] Invoking command in '/home/aiv/ev_ws/build/dbscan_clustering': CMAKE_PREFIX_PATH=${CMAKE_PREFIX_PATH}:/opt/ros/humble /usr/bin/cmake --build /home/aiv/ev_ws/build/dbscan_clustering -- -j28 -l28
[3.181s] [ 33%] [32mBuilding CXX object CMakeFiles/dbscan_node.dir/rclcpp_components/node_main_dbscan_node.cpp.o[0m
[3.181s] [ 33%] [32mBuilding CUDA object CMakeFiles/dbscan_gpu.dir/src/dbscan_gpu.cu.o[0m
[4.422s] [ 50%] [32m[1mLinking CUDA shared library libdbscan_gpu.so[0m
[4.461s] [ 50%] Built target dbscan_gpu
[4.480s] [ 66%] [32mBuilding CXX object CMakeFiles/dbscan_component.dir/src/dbscan_node.cpp.o[0m
[6.850s] [ 83%] [32m[1mLinking CXX executable dbscan_node[0m
[7.144s] [ 83%] Built target dbscan_node
[13.683s] [100%] [32m[1mLinking CXX shared library libdbscan_component.so[0m
[13.961s] [100%] Built target dbscan_component
[13.971s] Invoked command in '/home/aiv/ev_ws/build/dbscan_clustering' returned '0': CMAKE_PREFIX_PATH=${CMAKE_PREFIX_PATH}:/opt/ros/humble /usr/bin/cmake --build /home/aiv/ev_ws/build/dbscan_clustering -- -j28 -l28
[13.973s] Invoking command in '/home/aiv/ev_ws/build/dbscan_clustering': CMAKE_PREFIX_PATH=${CMAKE_PREFIX_PATH}:/opt/ros/humble /usr/bin/cmake --install /home/aiv/ev_ws/build/dbscan_clustering
[13.980s] -- Install configuration: ""
[13.980s] -- Execute custom install script
[13.981s] -- Symlinking: /home/aiv/ev_ws/install/dbscan_clustering/lib/dbscan_clustering/dbscan_node
[13.988s] -- Symlinking: /home/aiv/ev_ws/install/dbscan_clustering/lib/libdbscan_component.so
[13.996s] -- Symlinking: /home/aiv/ev_ws/install/dbscan_clustering/lib/libdbscan_gpu.so
[14.004s] -- Symlinking: /home/aiv/ev_ws/install/dbscan_clustering/share/dbscan_clustering//launch/dbscan_clustering.launch.py
[14.012s] -- Symlinking: /home/aiv/ev_ws/install/dbscan_clustering/share/dbscan_clustering//config/dbscan_params.yaml
[14.020s] -- Symlinking: /home/aiv/ev_ws/install/dbscan_clustering/share/ament_index/resource_index/package_run_dependencies/dbscan_clustering
[14.028s] -- Symlinking: /home/aiv/ev_ws/install/dbscan_clustering/share/ament_index/resource_index/parent_prefix_path/dbscan_clustering
[14.036s] -- Symlinking: /home/aiv/ev_ws/install/dbscan_clustering/share/dbscan_clustering/environment/ament_prefix_path.sh
[14.045s] -- Symlinking: /home/aiv/ev_ws/install/dbscan_clustering/share/dbscan_clustering/environment/ament_prefix_path.dsv
[14.054s] -- Symlinking: /home/aiv/ev_ws/install/dbscan_clustering/share/dbscan_clustering/environment/path.sh
[14.063s] -- Symlinking: /home/aiv/ev_ws/install/dbscan_clustering/share/dbscan_clustering/environment/path.dsv
[14.071s] -- Symlinking: /home/aiv/ev_ws/install/dbscan_clustering/share/dbscan_clustering/local_setup.bash
[14.079s] -- Symlinking: /home/aiv/ev_ws/install/dbscan_clustering/share/dbscan_clustering/local_setup.sh
[14.087s] -- Symlinking: /home/aiv/ev_ws/install/dbscan_clustering/share/dbscan_clustering/local_setup.zsh
[14.095s] -- Symlinking: /home/aiv/ev_ws/install/dbscan_clustering/share/dbscan_clustering/local_setup.dsv
[14.103s] -- Symlinking: /home/aiv/ev_ws/install/dbscan_clustering/share/dbscan_clustering/package.dsv
[14.111s] -- Symlinking: /home/aiv/ev_ws/install/dbscan_clustering/share/ament_index/resource_index/packages/dbscan_clustering
[14.120s] -- Symlinking: /home/aiv/ev_ws/install/dbscan_clustering/share/ament_index/resource_index/rclcpp_components/dbscan_clustering
[14.128s] -- Symlinking: /home/aiv/ev_ws/install/dbscan_clustering/share/dbscan_clustering/cmake/dbscan_clusteringConfig.cmake
[14.136s] -- Symlinking: /home/aiv/ev_ws/install/dbscan_clustering/share/dbscan_clustering/cmake/dbscan_clusteringConfig-version.cmake
[14.144s] -- Symlinking: /home/aiv/ev_ws/install/dbscan_clustering/share/dbscan_clustering/package.xml
[14.154s] Invoked command in '/home/aiv/ev_ws/build/dbscan_clustering' returned '0': CMAKE_PREFIX_PATH=${CMAKE_PREFIX_PATH}:/opt/ros/humble /usr/bin/cmake --install /home/aiv/ev_ws/build/dbscan_clustering
