[0.010s] Invoking command in '/home/aiv/ev_ws/planning/build/planning_mr_ver': CMAKE_PREFIX_PATH=/home/aiv/ev_ws/planning/install/track_msgs:/home/aiv/ev_ws/planning/install/track_planning:/home/aiv/ev_ws/carsa_gazebo/install/carsa_gazebo:/home/aiv/ev_ws/erp42_ros/install/erp42_serial:/home/aiv/ev_ws/erp42_ros/install/erp42_rqt_plugin:/home/aiv/ev_ws/erp42_ros/install/erp42_gazebo:/home/aiv/ev_ws/erp42_ros/install/erp42_util:/home/aiv/ev_ws/erp42_ros/install/erp42_msgs:/home/aiv/ev_ws/erp42_ros/install/erp42_description:/home/aiv/ev_ws/erp42_ros/install/erp42_cmake:/home/aiv/ev_ws/perception/install/velodyne:/home/aiv/ev_ws/perception/install/lidar_launch:/home/aiv/ev_ws/perception/install/velodyne_pointcloud:/home/aiv/ev_ws/perception/install/velodyne_driver:/home/aiv/ev_ws/perception/install/velodyne_msgs:/home/aiv/ev_ws/perception/install/velodyne_laserscan:/home/aiv/ev_ws/perception/install/velodyne_cropbox:/home/aiv/ev_ws/perception/install/patchworkpp:/home/aiv/ev_ws/perception/install/lidar_voxel_grid:/home/aiv/ev_ws/perception/install/lidar_interfaces:/home/aiv/ev_ws/perception/install/dbscan_clustering:/home/aiv/ev_ws/perception/install/cluster_splitter:/opt/ros/humble LD_LIBRARY_PATH=/home/aiv/ev_ws/planning/install/track_msgs/lib:/home/aiv/ev_ws/planning/install/track_planning/lib:/usr/local/cuda-12.6/lib64:/usr/local/cuda-12.6/lib64:/home/aiv/ev_ws/erp42_ros/install/erp42_serial/lib:/home/aiv/ev_ws/erp42_ros/install/erp42_rqt_plugin/lib:/home/aiv/ev_ws/erp42_ros/install/erp42_gazebo/lib:/home/aiv/ev_ws/erp42_ros/install/erp42_util/lib:/home/aiv/ev_ws/erp42_ros/install/erp42_msgs/lib:/home/aiv/ev_ws/perception/install/velodyne_pointcloud/lib:/home/aiv/ev_ws/perception/install/velodyne_driver/lib:/home/aiv/ev_ws/perception/install/velodyne_msgs/lib:/home/aiv/ev_ws/perception/install/velodyne_laserscan/lib:/home/aiv/ev_ws/perception/install/velodyne_cropbox/lib:/home/aiv/ev_ws/perception/install/patchworkpp/lib:/home/aiv/ev_ws/perception/install/lidar_voxel_grid/lib:/home/aiv/ev_ws/perception/install/lidar_interfaces/lib:/home/aiv/ev_ws/perception/install/dbscan_clustering/lib:/home/aiv/ev_ws/perception/install/cluster_splitter/lib:/usr/lib/x86_64-linux-gnu/gazebo-11/plugins:/opt/ros/humble/opt/rviz_ogre_vendor/lib:/opt/ros/humble/lib/x86_64-linux-gnu:/opt/ros/humble/lib:/usr/local/cuda-12.6/lib64 /usr/bin/cmake /home/aiv/ev_ws/planning/src/planning_mr_ver -DCMAKE_INSTALL_PREFIX=/home/aiv/ev_ws/planning/install/planning_mr_ver
[0.068s] -- The C compiler identification is GNU 11.4.0
[0.110s] -- The CXX compiler identification is GNU 11.4.0
[0.117s] -- Detecting C compiler ABI info
[0.164s] -- Detecting C compiler ABI info - done
[0.167s] -- Check for working C compiler: /usr/bin/cc - skipped
[0.168s] -- Detecting C compile features
[0.168s] -- Detecting C compile features - done
[0.170s] -- Detecting CXX compiler ABI info
[0.222s] -- Detecting CXX compiler ABI info - done
[0.226s] -- Check for working CXX compiler: /usr/bin/c++ - skipped
[0.226s] -- Detecting CXX compile features
[0.226s] -- Detecting CXX compile features - done
[0.230s] -- Found ament_cmake: 1.3.12 (/opt/ros/humble/share/ament_cmake/cmake)
[0.318s] -- Found Python3: /usr/bin/python3 (found version "3.10.12") found components: Interpreter 
[0.393s] -- Found rclcpp: 16.0.17 (/opt/ros/humble/share/rclcpp/cmake)
[0.434s] -- Found rosidl_generator_c: 3.1.8 (/opt/ros/humble/share/rosidl_generator_c/cmake)
[0.438s] -- Found rosidl_adapter: 3.1.8 (/opt/ros/humble/share/rosidl_adapter/cmake)
[0.449s] -- Found rosidl_generator_cpp: 3.1.8 (/opt/ros/humble/share/rosidl_generator_cpp/cmake)
[0.459s] -- Using all available rosidl_typesupport_c: rosidl_typesupport_fastrtps_c;rosidl_typesupport_introspection_c
[0.471s] -- Using all available rosidl_typesupport_cpp: rosidl_typesupport_fastrtps_cpp;rosidl_typesupport_introspection_cpp
[0.504s] -- Found rmw_implementation_cmake: 6.1.2 (/opt/ros/humble/share/rmw_implementation_cmake/cmake)
[0.506s] -- Found rmw_fastrtps_cpp: 6.2.9 (/opt/ros/humble/share/rmw_fastrtps_cpp/cmake)
[0.570s] -- Found OpenSSL: /usr/lib/x86_64-linux-gnu/libcrypto.so (found version "3.0.2")  
[0.586s] -- Found FastRTPS: /opt/ros/humble/include  
[0.610s] -- Using RMW implementation 'rmw_fastrtps_cpp' as default
[0.617s] -- Looking for pthread.h
[0.663s] -- Looking for pthread.h - found
[0.663s] -- Performing Test CMAKE_HAVE_LIBC_PTHREAD
[0.707s] -- Performing Test CMAKE_HAVE_LIBC_PTHREAD - Success
[0.708s] -- Found Threads: TRUE  
[0.743s] -- Found rclcpp_components: 16.0.17 (/opt/ros/humble/share/rclcpp_components/cmake)
[0.761s] -- Found nav_msgs: 4.9.0 (/opt/ros/humble/share/nav_msgs/cmake)
[0.779s] -- Found track_msgs: 0.1.0 (/home/aiv/ev_ws/planning/install/track_msgs/share/track_msgs/cmake)
[0.793s] -- Found ament_lint_auto: 0.12.14 (/opt/ros/humble/share/ament_lint_auto/cmake)
[0.844s] -- Added test 'cppcheck' to perform static code analysis on C / C++ code
[0.844s] -- Configured cppcheck include dirs: /home/aiv/ev_ws/planning/src/planning_mr_ver/include
[0.844s] -- Configured cppcheck exclude dirs and/or files: 
[0.845s] -- Added test 'flake8' to check Python code syntax and style conventions
[0.845s] -- Added test 'lint_cmake' to check CMake code style
[0.846s] -- Added test 'pep257' to check Python code against some of the docstring style conventions in PEP 257
[0.847s] -- Added test 'uncrustify' to check C / C++ code style
[0.847s] -- Configured uncrustify additional arguments: 
[0.847s] -- Added test 'xmllint' to check XML markup files
[0.848s] -- Configuring done
[0.859s] -- Generating done
[0.864s] -- Build files have been written to: /home/aiv/ev_ws/planning/build/planning_mr_ver
[0.869s] Invoked command in '/home/aiv/ev_ws/planning/build/planning_mr_ver' returned '0': CMAKE_PREFIX_PATH=/home/aiv/ev_ws/planning/install/track_msgs:/home/aiv/ev_ws/planning/install/track_planning:/home/aiv/ev_ws/carsa_gazebo/install/carsa_gazebo:/home/aiv/ev_ws/erp42_ros/install/erp42_serial:/home/aiv/ev_ws/erp42_ros/install/erp42_rqt_plugin:/home/aiv/ev_ws/erp42_ros/install/erp42_gazebo:/home/aiv/ev_ws/erp42_ros/install/erp42_util:/home/aiv/ev_ws/erp42_ros/install/erp42_msgs:/home/aiv/ev_ws/erp42_ros/install/erp42_description:/home/aiv/ev_ws/erp42_ros/install/erp42_cmake:/home/aiv/ev_ws/perception/install/velodyne:/home/aiv/ev_ws/perception/install/lidar_launch:/home/aiv/ev_ws/perception/install/velodyne_pointcloud:/home/aiv/ev_ws/perception/install/velodyne_driver:/home/aiv/ev_ws/perception/install/velodyne_msgs:/home/aiv/ev_ws/perception/install/velodyne_laserscan:/home/aiv/ev_ws/perception/install/velodyne_cropbox:/home/aiv/ev_ws/perception/install/patchworkpp:/home/aiv/ev_ws/perception/install/lidar_voxel_grid:/home/aiv/ev_ws/perception/install/lidar_interfaces:/home/aiv/ev_ws/perception/install/dbscan_clustering:/home/aiv/ev_ws/perception/install/cluster_splitter:/opt/ros/humble LD_LIBRARY_PATH=/home/aiv/ev_ws/planning/install/track_msgs/lib:/home/aiv/ev_ws/planning/install/track_planning/lib:/usr/local/cuda-12.6/lib64:/usr/local/cuda-12.6/lib64:/home/aiv/ev_ws/erp42_ros/install/erp42_serial/lib:/home/aiv/ev_ws/erp42_ros/install/erp42_rqt_plugin/lib:/home/aiv/ev_ws/erp42_ros/install/erp42_gazebo/lib:/home/aiv/ev_ws/erp42_ros/install/erp42_util/lib:/home/aiv/ev_ws/erp42_ros/install/erp42_msgs/lib:/home/aiv/ev_ws/perception/install/velodyne_pointcloud/lib:/home/aiv/ev_ws/perception/install/velodyne_driver/lib:/home/aiv/ev_ws/perception/install/velodyne_msgs/lib:/home/aiv/ev_ws/perception/install/velodyne_laserscan/lib:/home/aiv/ev_ws/perception/install/velodyne_cropbox/lib:/home/aiv/ev_ws/perception/install/patchworkpp/lib:/home/aiv/ev_ws/perception/install/lidar_voxel_grid/lib:/home/aiv/ev_ws/perception/install/lidar_interfaces/lib:/home/aiv/ev_ws/perception/install/dbscan_clustering/lib:/home/aiv/ev_ws/perception/install/cluster_splitter/lib:/usr/lib/x86_64-linux-gnu/gazebo-11/plugins:/opt/ros/humble/opt/rviz_ogre_vendor/lib:/opt/ros/humble/lib/x86_64-linux-gnu:/opt/ros/humble/lib:/usr/local/cuda-12.6/lib64 /usr/bin/cmake /home/aiv/ev_ws/planning/src/planning_mr_ver -DCMAKE_INSTALL_PREFIX=/home/aiv/ev_ws/planning/install/planning_mr_ver
[0.870s] Invoking command in '/home/aiv/ev_ws/planning/build/planning_mr_ver': CMAKE_PREFIX_PATH=/home/aiv/ev_ws/planning/install/track_msgs:/home/aiv/ev_ws/planning/install/track_planning:/home/aiv/ev_ws/carsa_gazebo/install/carsa_gazebo:/home/aiv/ev_ws/erp42_ros/install/erp42_serial:/home/aiv/ev_ws/erp42_ros/install/erp42_rqt_plugin:/home/aiv/ev_ws/erp42_ros/install/erp42_gazebo:/home/aiv/ev_ws/erp42_ros/install/erp42_util:/home/aiv/ev_ws/erp42_ros/install/erp42_msgs:/home/aiv/ev_ws/erp42_ros/install/erp42_description:/home/aiv/ev_ws/erp42_ros/install/erp42_cmake:/home/aiv/ev_ws/perception/install/velodyne:/home/aiv/ev_ws/perception/install/lidar_launch:/home/aiv/ev_ws/perception/install/velodyne_pointcloud:/home/aiv/ev_ws/perception/install/velodyne_driver:/home/aiv/ev_ws/perception/install/velodyne_msgs:/home/aiv/ev_ws/perception/install/velodyne_laserscan:/home/aiv/ev_ws/perception/install/velodyne_cropbox:/home/aiv/ev_ws/perception/install/patchworkpp:/home/aiv/ev_ws/perception/install/lidar_voxel_grid:/home/aiv/ev_ws/perception/install/lidar_interfaces:/home/aiv/ev_ws/perception/install/dbscan_clustering:/home/aiv/ev_ws/perception/install/cluster_splitter:/opt/ros/humble LD_LIBRARY_PATH=/home/aiv/ev_ws/planning/install/track_msgs/lib:/home/aiv/ev_ws/planning/install/track_planning/lib:/usr/local/cuda-12.6/lib64:/usr/local/cuda-12.6/lib64:/home/aiv/ev_ws/erp42_ros/install/erp42_serial/lib:/home/aiv/ev_ws/erp42_ros/install/erp42_rqt_plugin/lib:/home/aiv/ev_ws/erp42_ros/install/erp42_gazebo/lib:/home/aiv/ev_ws/erp42_ros/install/erp42_util/lib:/home/aiv/ev_ws/erp42_ros/install/erp42_msgs/lib:/home/aiv/ev_ws/perception/install/velodyne_pointcloud/lib:/home/aiv/ev_ws/perception/install/velodyne_driver/lib:/home/aiv/ev_ws/perception/install/velodyne_msgs/lib:/home/aiv/ev_ws/perception/install/velodyne_laserscan/lib:/home/aiv/ev_ws/perception/install/velodyne_cropbox/lib:/home/aiv/ev_ws/perception/install/patchworkpp/lib:/home/aiv/ev_ws/perception/install/lidar_voxel_grid/lib:/home/aiv/ev_ws/perception/install/lidar_interfaces/lib:/home/aiv/ev_ws/perception/install/dbscan_clustering/lib:/home/aiv/ev_ws/perception/install/cluster_splitter/lib:/usr/lib/x86_64-linux-gnu/gazebo-11/plugins:/opt/ros/humble/opt/rviz_ogre_vendor/lib:/opt/ros/humble/lib/x86_64-linux-gnu:/opt/ros/humble/lib:/usr/local/cuda-12.6/lib64 /usr/bin/cmake --build /home/aiv/ev_ws/planning/build/planning_mr_ver -- -j28 -l28
[0.906s] [ 10%] Building CXX object CMakeFiles/planning_mr_costmap.dir/src/costmap/costmap_generator.cpp.o
[0.907s] [ 20%] Building CXX object CMakeFiles/planning_mr_postprocess.dir/src/postprocess/path_postprocessor.cpp.o
[0.907s] [ 30%] Building CXX object CMakeFiles/mr_planner_node_exe.dir/rclcpp_components/node_main_mr_planner_node_exe.cpp.o
[0.907s] [ 40%] Building CXX object CMakeFiles/planning_mr_planner.dir/src/planner/magnetic_planner.cpp.o
[1.169s] [ 50%] Linking CXX shared library libplanning_mr_postprocess.so
[1.253s] [ 50%] Built target planning_mr_postprocess
[2.209s] [ 70%] Linking CXX shared library libplanning_mr_costmap.so
[2.209s] [ 70%] Linking CXX shared library libplanning_mr_planner.so
[2.284s] [ 70%] Built target planning_mr_planner
[2.300s] [ 70%] Built target planning_mr_costmap
[2.314s] [ 80%] Building CXX object CMakeFiles/mr_planner_component.dir/src/nodes/mr_planner_node.cpp.o
[2.344s] [ 90%] Linking CXX executable mr_planner_node_exe
[2.418s] [ 90%] Built target mr_planner_node_exe
[7.845s] [100%] Linking CXX shared library libmr_planner_component.so
[8.146s] [100%] Built target mr_planner_component
[8.155s] Invoked command in '/home/aiv/ev_ws/planning/build/planning_mr_ver' returned '0': CMAKE_PREFIX_PATH=/home/aiv/ev_ws/planning/install/track_msgs:/home/aiv/ev_ws/planning/install/track_planning:/home/aiv/ev_ws/carsa_gazebo/install/carsa_gazebo:/home/aiv/ev_ws/erp42_ros/install/erp42_serial:/home/aiv/ev_ws/erp42_ros/install/erp42_rqt_plugin:/home/aiv/ev_ws/erp42_ros/install/erp42_gazebo:/home/aiv/ev_ws/erp42_ros/install/erp42_util:/home/aiv/ev_ws/erp42_ros/install/erp42_msgs:/home/aiv/ev_ws/erp42_ros/install/erp42_description:/home/aiv/ev_ws/erp42_ros/install/erp42_cmake:/home/aiv/ev_ws/perception/install/velodyne:/home/aiv/ev_ws/perception/install/lidar_launch:/home/aiv/ev_ws/perception/install/velodyne_pointcloud:/home/aiv/ev_ws/perception/install/velodyne_driver:/home/aiv/ev_ws/perception/install/velodyne_msgs:/home/aiv/ev_ws/perception/install/velodyne_laserscan:/home/aiv/ev_ws/perception/install/velodyne_cropbox:/home/aiv/ev_ws/perception/install/patchworkpp:/home/aiv/ev_ws/perception/install/lidar_voxel_grid:/home/aiv/ev_ws/perception/install/lidar_interfaces:/home/aiv/ev_ws/perception/install/dbscan_clustering:/home/aiv/ev_ws/perception/install/cluster_splitter:/opt/ros/humble LD_LIBRARY_PATH=/home/aiv/ev_ws/planning/install/track_msgs/lib:/home/aiv/ev_ws/planning/install/track_planning/lib:/usr/local/cuda-12.6/lib64:/usr/local/cuda-12.6/lib64:/home/aiv/ev_ws/erp42_ros/install/erp42_serial/lib:/home/aiv/ev_ws/erp42_ros/install/erp42_rqt_plugin/lib:/home/aiv/ev_ws/erp42_ros/install/erp42_gazebo/lib:/home/aiv/ev_ws/erp42_ros/install/erp42_util/lib:/home/aiv/ev_ws/erp42_ros/install/erp42_msgs/lib:/home/aiv/ev_ws/perception/install/velodyne_pointcloud/lib:/home/aiv/ev_ws/perception/install/velodyne_driver/lib:/home/aiv/ev_ws/perception/install/velodyne_msgs/lib:/home/aiv/ev_ws/perception/install/velodyne_laserscan/lib:/home/aiv/ev_ws/perception/install/velodyne_cropbox/lib:/home/aiv/ev_ws/perception/install/patchworkpp/lib:/home/aiv/ev_ws/perception/install/lidar_voxel_grid/lib:/home/aiv/ev_ws/perception/install/lidar_interfaces/lib:/home/aiv/ev_ws/perception/install/dbscan_clustering/lib:/home/aiv/ev_ws/perception/install/cluster_splitter/lib:/usr/lib/x86_64-linux-gnu/gazebo-11/plugins:/opt/ros/humble/opt/rviz_ogre_vendor/lib:/opt/ros/humble/lib/x86_64-linux-gnu:/opt/ros/humble/lib:/usr/local/cuda-12.6/lib64 /usr/bin/cmake --build /home/aiv/ev_ws/planning/build/planning_mr_ver -- -j28 -l28
[8.161s] Invoking command in '/home/aiv/ev_ws/planning/build/planning_mr_ver': CMAKE_PREFIX_PATH=/home/aiv/ev_ws/planning/install/track_msgs:/home/aiv/ev_ws/planning/install/track_planning:/home/aiv/ev_ws/carsa_gazebo/install/carsa_gazebo:/home/aiv/ev_ws/erp42_ros/install/erp42_serial:/home/aiv/ev_ws/erp42_ros/install/erp42_rqt_plugin:/home/aiv/ev_ws/erp42_ros/install/erp42_gazebo:/home/aiv/ev_ws/erp42_ros/install/erp42_util:/home/aiv/ev_ws/erp42_ros/install/erp42_msgs:/home/aiv/ev_ws/erp42_ros/install/erp42_description:/home/aiv/ev_ws/erp42_ros/install/erp42_cmake:/home/aiv/ev_ws/perception/install/velodyne:/home/aiv/ev_ws/perception/install/lidar_launch:/home/aiv/ev_ws/perception/install/velodyne_pointcloud:/home/aiv/ev_ws/perception/install/velodyne_driver:/home/aiv/ev_ws/perception/install/velodyne_msgs:/home/aiv/ev_ws/perception/install/velodyne_laserscan:/home/aiv/ev_ws/perception/install/velodyne_cropbox:/home/aiv/ev_ws/perception/install/patchworkpp:/home/aiv/ev_ws/perception/install/lidar_voxel_grid:/home/aiv/ev_ws/perception/install/lidar_interfaces:/home/aiv/ev_ws/perception/install/dbscan_clustering:/home/aiv/ev_ws/perception/install/cluster_splitter:/opt/ros/humble LD_LIBRARY_PATH=/home/aiv/ev_ws/planning/install/track_msgs/lib:/home/aiv/ev_ws/planning/install/track_planning/lib:/usr/local/cuda-12.6/lib64:/usr/local/cuda-12.6/lib64:/home/aiv/ev_ws/erp42_ros/install/erp42_serial/lib:/home/aiv/ev_ws/erp42_ros/install/erp42_rqt_plugin/lib:/home/aiv/ev_ws/erp42_ros/install/erp42_gazebo/lib:/home/aiv/ev_ws/erp42_ros/install/erp42_util/lib:/home/aiv/ev_ws/erp42_ros/install/erp42_msgs/lib:/home/aiv/ev_ws/perception/install/velodyne_pointcloud/lib:/home/aiv/ev_ws/perception/install/velodyne_driver/lib:/home/aiv/ev_ws/perception/install/velodyne_msgs/lib:/home/aiv/ev_ws/perception/install/velodyne_laserscan/lib:/home/aiv/ev_ws/perception/install/velodyne_cropbox/lib:/home/aiv/ev_ws/perception/install/patchworkpp/lib:/home/aiv/ev_ws/perception/install/lidar_voxel_grid/lib:/home/aiv/ev_ws/perception/install/lidar_interfaces/lib:/home/aiv/ev_ws/perception/install/dbscan_clustering/lib:/home/aiv/ev_ws/perception/install/cluster_splitter/lib:/usr/lib/x86_64-linux-gnu/gazebo-11/plugins:/opt/ros/humble/opt/rviz_ogre_vendor/lib:/opt/ros/humble/lib/x86_64-linux-gnu:/opt/ros/humble/lib:/usr/local/cuda-12.6/lib64 /usr/bin/cmake --install /home/aiv/ev_ws/planning/build/planning_mr_ver
[8.166s] -- Install configuration: ""
[8.166s] -- Installing: /home/aiv/ev_ws/planning/install/planning_mr_ver/lib/libplanning_mr_costmap.so
[8.166s] -- Set runtime path of "/home/aiv/ev_ws/planning/install/planning_mr_ver/lib/libplanning_mr_costmap.so" to ""
[8.166s] -- Installing: /home/aiv/ev_ws/planning/install/planning_mr_ver/lib/libplanning_mr_planner.so
[8.166s] -- Set runtime path of "/home/aiv/ev_ws/planning/install/planning_mr_ver/lib/libplanning_mr_planner.so" to ""
[8.166s] -- Installing: /home/aiv/ev_ws/planning/install/planning_mr_ver/lib/libplanning_mr_postprocess.so
[8.166s] -- Set runtime path of "/home/aiv/ev_ws/planning/install/planning_mr_ver/lib/libplanning_mr_postprocess.so" to ""
[8.167s] -- Installing: /home/aiv/ev_ws/planning/install/planning_mr_ver/lib/planning_mr_ver/mr_planner_node_exe
[8.167s] -- Set runtime path of "/home/aiv/ev_ws/planning/install/planning_mr_ver/lib/planning_mr_ver/mr_planner_node_exe" to ""
[8.167s] -- Installing: /home/aiv/ev_ws/planning/install/planning_mr_ver/lib/libmr_planner_component.so
[8.171s] -- Set runtime path of "/home/aiv/ev_ws/planning/install/planning_mr_ver/lib/libmr_planner_component.so" to ""
[8.171s] -- Installing: /home/aiv/ev_ws/planning/install/planning_mr_ver/include
[8.171s] -- Installing: /home/aiv/ev_ws/planning/install/planning_mr_ver/include/planning_mr_ver
[8.171s] -- Installing: /home/aiv/ev_ws/planning/install/planning_mr_ver/include/planning_mr_ver/costmap
[8.171s] -- Installing: /home/aiv/ev_ws/planning/install/planning_mr_ver/include/planning_mr_ver/costmap/costmap_generator.hpp
[8.171s] -- Installing: /home/aiv/ev_ws/planning/install/planning_mr_ver/include/planning_mr_ver/common
[8.171s] -- Installing: /home/aiv/ev_ws/planning/install/planning_mr_ver/include/planning_mr_ver/common/geometry.hpp
[8.171s] -- Installing: /home/aiv/ev_ws/planning/install/planning_mr_ver/include/planning_mr_ver/common/types.hpp
[8.171s] -- Installing: /home/aiv/ev_ws/planning/install/planning_mr_ver/include/planning_mr_ver/common/params.hpp
[8.171s] -- Installing: /home/aiv/ev_ws/planning/install/planning_mr_ver/include/planning_mr_ver/common/debug_publish.hpp
[8.171s] -- Installing: /home/aiv/ev_ws/planning/install/planning_mr_ver/include/planning_mr_ver/planner
[8.171s] -- Installing: /home/aiv/ev_ws/planning/install/planning_mr_ver/include/planning_mr_ver/planner/magnetic_planner.hpp
[8.171s] -- Installing: /home/aiv/ev_ws/planning/install/planning_mr_ver/include/planning_mr_ver/nodes
[8.171s] -- Installing: /home/aiv/ev_ws/planning/install/planning_mr_ver/include/planning_mr_ver/nodes/mr_planner_node.hpp
[8.171s] -- Installing: /home/aiv/ev_ws/planning/install/planning_mr_ver/include/planning_mr_ver/safety
[8.171s] -- Installing: /home/aiv/ev_ws/planning/install/planning_mr_ver/include/planning_mr_ver/safety/safety_checker.hpp
[8.171s] -- Installing: /home/aiv/ev_ws/planning/install/planning_mr_ver/include/planning_mr_ver/postprocess
[8.171s] -- Installing: /home/aiv/ev_ws/planning/install/planning_mr_ver/include/planning_mr_ver/postprocess/path_postprocessor.hpp
[8.171s] -- Installing: /home/aiv/ev_ws/planning/install/planning_mr_ver/share/planning_mr_ver/config
[8.171s] -- Installing: /home/aiv/ev_ws/planning/install/planning_mr_ver/share/planning_mr_ver/config/planning_mr.yaml
[8.171s] -- Installing: /home/aiv/ev_ws/planning/install/planning_mr_ver/share/planning_mr_ver/launch
[8.171s] -- Installing: /home/aiv/ev_ws/planning/install/planning_mr_ver/share/planning_mr_ver/launch/planning_mr.launch.py
[8.171s] -- Installing: /home/aiv/ev_ws/planning/install/planning_mr_ver/share/ament_index/resource_index/package_run_dependencies/planning_mr_ver
[8.171s] -- Installing: /home/aiv/ev_ws/planning/install/planning_mr_ver/share/ament_index/resource_index/parent_prefix_path/planning_mr_ver
[8.171s] -- Installing: /home/aiv/ev_ws/planning/install/planning_mr_ver/share/planning_mr_ver/environment/ament_prefix_path.sh
[8.171s] -- Installing: /home/aiv/ev_ws/planning/install/planning_mr_ver/share/planning_mr_ver/environment/ament_prefix_path.dsv
[8.171s] -- Installing: /home/aiv/ev_ws/planning/install/planning_mr_ver/share/planning_mr_ver/environment/path.sh
[8.172s] -- Installing: /home/aiv/ev_ws/planning/install/planning_mr_ver/share/planning_mr_ver/environment/path.dsv
[8.172s] -- Installing: /home/aiv/ev_ws/planning/install/planning_mr_ver/share/planning_mr_ver/local_setup.bash
[8.172s] -- Installing: /home/aiv/ev_ws/planning/install/planning_mr_ver/share/planning_mr_ver/local_setup.sh
[8.172s] -- Installing: /home/aiv/ev_ws/planning/install/planning_mr_ver/share/planning_mr_ver/local_setup.zsh
[8.172s] -- Installing: /home/aiv/ev_ws/planning/install/planning_mr_ver/share/planning_mr_ver/local_setup.dsv
[8.172s] -- Installing: /home/aiv/ev_ws/planning/install/planning_mr_ver/share/planning_mr_ver/package.dsv
[8.172s] -- Installing: /home/aiv/ev_ws/planning/install/planning_mr_ver/share/ament_index/resource_index/packages/planning_mr_ver
[8.172s] -- Installing: /home/aiv/ev_ws/planning/install/planning_mr_ver/share/ament_index/resource_index/rclcpp_components/planning_mr_ver
[8.172s] -- Installing: /home/aiv/ev_ws/planning/install/planning_mr_ver/share/planning_mr_ver/cmake/planning_mr_verConfig.cmake
[8.172s] -- Installing: /home/aiv/ev_ws/planning/install/planning_mr_ver/share/planning_mr_ver/cmake/planning_mr_verConfig-version.cmake
[8.172s] -- Installing: /home/aiv/ev_ws/planning/install/planning_mr_ver/share/planning_mr_ver/package.xml
[8.173s] Invoked command in '/home/aiv/ev_ws/planning/build/planning_mr_ver' returned '0': CMAKE_PREFIX_PATH=/home/aiv/ev_ws/planning/install/track_msgs:/home/aiv/ev_ws/planning/install/track_planning:/home/aiv/ev_ws/carsa_gazebo/install/carsa_gazebo:/home/aiv/ev_ws/erp42_ros/install/erp42_serial:/home/aiv/ev_ws/erp42_ros/install/erp42_rqt_plugin:/home/aiv/ev_ws/erp42_ros/install/erp42_gazebo:/home/aiv/ev_ws/erp42_ros/install/erp42_util:/home/aiv/ev_ws/erp42_ros/install/erp42_msgs:/home/aiv/ev_ws/erp42_ros/install/erp42_description:/home/aiv/ev_ws/erp42_ros/install/erp42_cmake:/home/aiv/ev_ws/perception/install/velodyne:/home/aiv/ev_ws/perception/install/lidar_launch:/home/aiv/ev_ws/perception/install/velodyne_pointcloud:/home/aiv/ev_ws/perception/install/velodyne_driver:/home/aiv/ev_ws/perception/install/velodyne_msgs:/home/aiv/ev_ws/perception/install/velodyne_laserscan:/home/aiv/ev_ws/perception/install/velodyne_cropbox:/home/aiv/ev_ws/perception/install/patchworkpp:/home/aiv/ev_ws/perception/install/lidar_voxel_grid:/home/aiv/ev_ws/perception/install/lidar_interfaces:/home/aiv/ev_ws/perception/install/dbscan_clustering:/home/aiv/ev_ws/perception/install/cluster_splitter:/opt/ros/humble LD_LIBRARY_PATH=/home/aiv/ev_ws/planning/install/track_msgs/lib:/home/aiv/ev_ws/planning/install/track_planning/lib:/usr/local/cuda-12.6/lib64:/usr/local/cuda-12.6/lib64:/home/aiv/ev_ws/erp42_ros/install/erp42_serial/lib:/home/aiv/ev_ws/erp42_ros/install/erp42_rqt_plugin/lib:/home/aiv/ev_ws/erp42_ros/install/erp42_gazebo/lib:/home/aiv/ev_ws/erp42_ros/install/erp42_util/lib:/home/aiv/ev_ws/erp42_ros/install/erp42_msgs/lib:/home/aiv/ev_ws/perception/install/velodyne_pointcloud/lib:/home/aiv/ev_ws/perception/install/velodyne_driver/lib:/home/aiv/ev_ws/perception/install/velodyne_msgs/lib:/home/aiv/ev_ws/perception/install/velodyne_laserscan/lib:/home/aiv/ev_ws/perception/install/velodyne_cropbox/lib:/home/aiv/ev_ws/perception/install/patchworkpp/lib:/home/aiv/ev_ws/perception/install/lidar_voxel_grid/lib:/home/aiv/ev_ws/perception/install/lidar_interfaces/lib:/home/aiv/ev_ws/perception/install/dbscan_clustering/lib:/home/aiv/ev_ws/perception/install/cluster_splitter/lib:/usr/lib/x86_64-linux-gnu/gazebo-11/plugins:/opt/ros/humble/opt/rviz_ogre_vendor/lib:/opt/ros/humble/lib/x86_64-linux-gnu:/opt/ros/humble/lib:/usr/local/cuda-12.6/lib64 /usr/bin/cmake --install /home/aiv/ev_ws/planning/build/planning_mr_ver
