[0.006s] Invoking command in '/home/aiv/ev_ws/build/ev_msgs': CMAKE_PREFIX_PATH=${CMAKE_PREFIX_PATH}:/opt/ros/humble /usr/bin/cmake /home/aiv/ev_ws/ev_msgs -DCMAKE_INSTALL_PREFIX=/home/aiv/ev_ws/install/ev_msgs
[0.038s] -- The C compiler identification is GNU 11.4.0
[0.068s] -- The CXX compiler identification is GNU 11.4.0
[0.071s] -- Detecting C compiler ABI info
[0.112s] -- Detecting C compiler ABI info - done
[0.115s] -- Check for working C compiler: /usr/bin/cc - skipped
[0.115s] -- Detecting C compile features
[0.116s] -- Detecting C compile features - done
[0.117s] -- Detecting CXX compiler ABI info
[0.165s] -- Detecting CXX compiler ABI info - done
[0.168s] -- Check for working CXX compiler: /usr/bin/c++ - skipped
[0.168s] -- Detecting CXX compile features
[0.169s] -- Detecting CXX compile features - done
[0.170s] -- Found ament_cmake: 1.3.12 (/opt/ros/humble/share/ament_cmake/cmake)
[0.255s] -- Found Python3: /usr/bin/python3 (found version "3.10.12") found components: Interpreter 
[0.301s] -- Found rosidl_default_generators: 1.2.0 (/opt/ros/humble/share/rosidl_default_generators/cmake)
[0.306s] -- Using all available rosidl_typesupport_c: rosidl_typesupport_fastrtps_c;rosidl_typesupport_introspection_c
[0.309s] -- Found rosidl_adapter: 3.1.8 (/opt/ros/humble/share/rosidl_adapter/cmake)
[0.331s] -- Using all available rosidl_typesupport_cpp: rosidl_typesupport_fastrtps_cpp;rosidl_typesupport_introspection_cpp
[0.348s] -- Found geometry_msgs: 4.9.0 (/opt/ros/humble/share/geometry_msgs/cmake)
[0.523s] -- Found ament_cmake_ros: 0.10.0 (/opt/ros/humble/share/ament_cmake_ros/cmake)
[0.652s] -- Using all available rosidl_typesupport_c: rosidl_typesupport_fastrtps_c;rosidl_typesupport_introspection_c
[0.827s] -- Using all available rosidl_typesupport_cpp: rosidl_typesupport_fastrtps_cpp;rosidl_typesupport_introspection_cpp
[0.839s] -- Found PythonInterp: /usr/bin/python3 (found suitable version "3.10.12", minimum required is "3.6") 
[0.840s] -- Found python_cmake_module: 0.10.0 (/opt/ros/humble/share/python_cmake_module/cmake)
[0.855s] -- Found PythonLibs: /usr/lib/x86_64-linux-gnu/libpython3.10.so (found suitable version "3.10.12", minimum required is "3.5") 
[0.855s] -- Using PYTHON_EXECUTABLE: /usr/bin/python3
[0.855s] -- Using PYTHON_INCLUDE_DIRS: /usr/include/python3.10
[0.855s] -- Using PYTHON_LIBRARIES: /usr/lib/x86_64-linux-gnu/libpython3.10.so
[0.868s] -- Found PythonExtra: .so  
[0.904s] -- Configuring done
[0.920s] -- Generating done
[0.926s] -- Build files have been written to: /home/aiv/ev_ws/build/ev_msgs
[0.930s] Invoked command in '/home/aiv/ev_ws/build/ev_msgs' returned '0': CMAKE_PREFIX_PATH=${CMAKE_PREFIX_PATH}:/opt/ros/humble /usr/bin/cmake /home/aiv/ev_ws/ev_msgs -DCMAKE_INSTALL_PREFIX=/home/aiv/ev_ws/install/ev_msgs
[0.932s] Invoking command in '/home/aiv/ev_ws/build/ev_msgs': CMAKE_PREFIX_PATH=${CMAKE_PREFIX_PATH}:/opt/ros/humble /usr/bin/cmake --build /home/aiv/ev_ws/build/ev_msgs -- -j28 -l28
[0.960s] Consolidate compiler generated dependencies of target ev_msgs__rosidl_generator_c
[0.967s] [  1%] Built target ev_msgs__cpp
[0.968s] [ 12%] Built target ev_msgs__rosidl_generator_c
[0.973s] [ 12%] Built target ament_cmake_python_copy_ev_msgs
[0.974s] Consolidate compiler generated dependencies of target ev_msgs__rosidl_typesupport_c
[0.976s] Consolidate compiler generated dependencies of target ev_msgs__rosidl_typesupport_introspection_cpp
[0.977s] Consolidate compiler generated dependencies of target ev_msgs__rosidl_typesupport_fastrtps_cpp
[0.977s] Consolidate compiler generated dependencies of target ev_msgs__rosidl_typesupport_cpp
[0.978s] Consolidate compiler generated dependencies of target ev_msgs__rosidl_typesupport_introspection_c
[0.979s] Consolidate compiler generated dependencies of target ev_msgs__rosidl_typesupport_fastrtps_c
[0.981s] [ 23%] Built target ev_msgs__rosidl_typesupport_c
[0.984s] [ 34%] Built target ev_msgs__rosidl_typesupport_fastrtps_cpp
[0.984s] [ 45%] Built target ev_msgs__rosidl_typesupport_introspection_cpp
[0.986s] [ 63%] Built target ev_msgs__rosidl_typesupport_cpp
[0.986s] [ 67%] Built target ev_msgs__rosidl_typesupport_introspection_c
[0.988s] [ 78%] Built target ev_msgs__rosidl_typesupport_fastrtps_c
[1.003s] [ 78%] Built target ev_msgs
[1.017s] [ 80%] Built target ev_msgs__py
[1.026s] Consolidate compiler generated dependencies of target ev_msgs__rosidl_generator_py
[1.034s] [ 89%] Built target ev_msgs__rosidl_generator_py
[1.042s] Consolidate compiler generated dependencies of target ev_msgs__rosidl_typesupport_fastrtps_c__pyext
[1.043s] Consolidate compiler generated dependencies of target ev_msgs__rosidl_typesupport_introspection_c__pyext
[1.043s] Consolidate compiler generated dependencies of target ev_msgs__rosidl_typesupport_c__pyext
[1.051s] [ 92%] Built target ev_msgs__rosidl_typesupport_fastrtps_c__pyext
[1.051s] [ 96%] Built target ev_msgs__rosidl_typesupport_introspection_c__pyext
[1.052s] [100%] Built target ev_msgs__rosidl_typesupport_c__pyext
[1.101s] running egg_info
[1.101s] writing ev_msgs.egg-info/PKG-INFO
[1.101s] writing dependency_links to ev_msgs.egg-info/dependency_links.txt
[1.101s] writing top-level names to ev_msgs.egg-info/top_level.txt
[1.103s] reading manifest file 'ev_msgs.egg-info/SOURCES.txt'
[1.103s] writing manifest file 'ev_msgs.egg-info/SOURCES.txt'
[1.118s] [100%] Built target ament_cmake_python_build_ev_msgs_egg
[1.126s] Invoked command in '/home/aiv/ev_ws/build/ev_msgs' returned '0': CMAKE_PREFIX_PATH=${CMAKE_PREFIX_PATH}:/opt/ros/humble /usr/bin/cmake --build /home/aiv/ev_ws/build/ev_msgs -- -j28 -l28
[1.132s] Invoking command in '/home/aiv/ev_ws/build/ev_msgs': CMAKE_PREFIX_PATH=${CMAKE_PREFIX_PATH}:/opt/ros/humble /usr/bin/cmake --install /home/aiv/ev_ws/build/ev_msgs
[1.138s] -- Install configuration: ""
[1.138s] -- Up-to-date: /home/aiv/ev_ws/install/ev_msgs/share/ament_index/resource_index/rosidl_interfaces/ev_msgs
[1.138s] -- Up-to-date: /home/aiv/ev_ws/install/ev_msgs/include/ev_msgs/ev_msgs
[1.138s] -- Up-to-date: /home/aiv/ev_ws/install/ev_msgs/include/ev_msgs/ev_msgs/msg
[1.138s] -- Up-to-date: /home/aiv/ev_ws/install/ev_msgs/include/ev_msgs/ev_msgs/msg/lane_boundary.h
[1.138s] -- Up-to-date: /home/aiv/ev_ws/install/ev_msgs/include/ev_msgs/ev_msgs/msg/rosidl_generator_c__visibility_control.h
[1.138s] -- Up-to-date: /home/aiv/ev_ws/install/ev_msgs/include/ev_msgs/ev_msgs/msg/cone.h
[1.138s] -- Up-to-date: /home/aiv/ev_ws/install/ev_msgs/include/ev_msgs/ev_msgs/msg/lane_boundary_array.h
[1.138s] -- Up-to-date: /home/aiv/ev_ws/install/ev_msgs/include/ev_msgs/ev_msgs/msg/cone_array.h
[1.138s] -- Up-to-date: /home/aiv/ev_ws/install/ev_msgs/include/ev_msgs/ev_msgs/msg/detail
[1.138s] -- Up-to-date: /home/aiv/ev_ws/install/ev_msgs/include/ev_msgs/ev_msgs/msg/detail/cone__functions.c
[1.138s] -- Up-to-date: /home/aiv/ev_ws/install/ev_msgs/include/ev_msgs/ev_msgs/msg/detail/lane_boundary__functions.h
[1.138s] -- Up-to-date: /home/aiv/ev_ws/install/ev_msgs/include/ev_msgs/ev_msgs/msg/detail/cone_array__struct.h
[1.138s] -- Up-to-date: /home/aiv/ev_ws/install/ev_msgs/include/ev_msgs/ev_msgs/msg/detail/cone_array__functions.h
[1.138s] -- Up-to-date: /home/aiv/ev_ws/install/ev_msgs/include/ev_msgs/ev_msgs/msg/detail/cone_array__functions.c
[1.138s] -- Up-to-date: /home/aiv/ev_ws/install/ev_msgs/include/ev_msgs/ev_msgs/msg/detail/lane_boundary__functions.c
[1.139s] -- Up-to-date: /home/aiv/ev_ws/install/ev_msgs/include/ev_msgs/ev_msgs/msg/detail/lane_boundary_array__struct.h
[1.139s] -- Up-to-date: /home/aiv/ev_ws/install/ev_msgs/include/ev_msgs/ev_msgs/msg/detail/lane_boundary__struct.h
[1.139s] -- Up-to-date: /home/aiv/ev_ws/install/ev_msgs/include/ev_msgs/ev_msgs/msg/detail/lane_boundary_array__functions.c
[1.139s] -- Up-to-date: /home/aiv/ev_ws/install/ev_msgs/include/ev_msgs/ev_msgs/msg/detail/cone__type_support.h
[1.139s] -- Up-to-date: /home/aiv/ev_ws/install/ev_msgs/include/ev_msgs/ev_msgs/msg/detail/lane_boundary_array__functions.h
[1.139s] -- Up-to-date: /home/aiv/ev_ws/install/ev_msgs/include/ev_msgs/ev_msgs/msg/detail/cone__functions.h
[1.139s] -- Up-to-date: /home/aiv/ev_ws/install/ev_msgs/include/ev_msgs/ev_msgs/msg/detail/lane_boundary_array__type_support.h
[1.139s] -- Up-to-date: /home/aiv/ev_ws/install/ev_msgs/include/ev_msgs/ev_msgs/msg/detail/cone__struct.h
[1.139s] -- Up-to-date: /home/aiv/ev_ws/install/ev_msgs/include/ev_msgs/ev_msgs/msg/detail/cone_array__type_support.h
[1.139s] -- Up-to-date: /home/aiv/ev_ws/install/ev_msgs/include/ev_msgs/ev_msgs/msg/detail/lane_boundary__type_support.h
[1.139s] -- Up-to-date: /home/aiv/ev_ws/install/ev_msgs/share/ev_msgs/environment/library_path.sh
[1.139s] -- Installing: /home/aiv/ev_ws/install/ev_msgs/share/ev_msgs/environment/library_path.dsv
[1.139s] -- Up-to-date: /home/aiv/ev_ws/install/ev_msgs/lib/libev_msgs__rosidl_generator_c.so
[1.139s] -- Up-to-date: /home/aiv/ev_ws/install/ev_msgs/include/ev_msgs/ev_msgs
[1.139s] -- Up-to-date: /home/aiv/ev_ws/install/ev_msgs/include/ev_msgs/ev_msgs/msg
[1.139s] -- Up-to-date: /home/aiv/ev_ws/install/ev_msgs/include/ev_msgs/ev_msgs/msg/rosidl_typesupport_fastrtps_c__visibility_control.h
[1.139s] -- Up-to-date: /home/aiv/ev_ws/install/ev_msgs/include/ev_msgs/ev_msgs/msg/detail
[1.139s] -- Up-to-date: /home/aiv/ev_ws/install/ev_msgs/include/ev_msgs/ev_msgs/msg/detail/lane_boundary__rosidl_typesupport_fastrtps_c.h
[1.139s] -- Up-to-date: /home/aiv/ev_ws/install/ev_msgs/include/ev_msgs/ev_msgs/msg/detail/cone__rosidl_typesupport_fastrtps_c.h
[1.139s] -- Up-to-date: /home/aiv/ev_ws/install/ev_msgs/include/ev_msgs/ev_msgs/msg/detail/cone_array__rosidl_typesupport_fastrtps_c.h
[1.139s] -- Up-to-date: /home/aiv/ev_ws/install/ev_msgs/include/ev_msgs/ev_msgs/msg/detail/lane_boundary_array__rosidl_typesupport_fastrtps_c.h
[1.139s] -- Up-to-date: /home/aiv/ev_ws/install/ev_msgs/lib/libev_msgs__rosidl_typesupport_fastrtps_c.so
[1.139s] -- Up-to-date: /home/aiv/ev_ws/install/ev_msgs/include/ev_msgs/ev_msgs
[1.139s] -- Up-to-date: /home/aiv/ev_ws/install/ev_msgs/include/ev_msgs/ev_msgs/msg
[1.139s] -- Up-to-date: /home/aiv/ev_ws/install/ev_msgs/include/ev_msgs/ev_msgs/msg/detail
[1.139s] -- Up-to-date: /home/aiv/ev_ws/install/ev_msgs/include/ev_msgs/ev_msgs/msg/detail/lane_boundary_array__type_support.c
[1.139s] -- Up-to-date: /home/aiv/ev_ws/install/ev_msgs/include/ev_msgs/ev_msgs/msg/detail/cone_array__rosidl_typesupport_introspection_c.h
[1.139s] -- Up-to-date: /home/aiv/ev_ws/install/ev_msgs/include/ev_msgs/ev_msgs/msg/detail/cone__type_support.c
[1.139s] -- Up-to-date: /home/aiv/ev_ws/install/ev_msgs/include/ev_msgs/ev_msgs/msg/detail/cone__rosidl_typesupport_introspection_c.h
[1.139s] -- Up-to-date: /home/aiv/ev_ws/install/ev_msgs/include/ev_msgs/ev_msgs/msg/detail/lane_boundary__type_support.c
[1.139s] -- Up-to-date: /home/aiv/ev_ws/install/ev_msgs/include/ev_msgs/ev_msgs/msg/detail/lane_boundary_array__rosidl_typesupport_introspection_c.h
[1.139s] -- Up-to-date: /home/aiv/ev_ws/install/ev_msgs/include/ev_msgs/ev_msgs/msg/detail/cone_array__type_support.c
[1.139s] -- Up-to-date: /home/aiv/ev_ws/install/ev_msgs/include/ev_msgs/ev_msgs/msg/detail/lane_boundary__rosidl_typesupport_introspection_c.h
[1.139s] -- Up-to-date: /home/aiv/ev_ws/install/ev_msgs/include/ev_msgs/ev_msgs/msg/rosidl_typesupport_introspection_c__visibility_control.h
[1.140s] -- Up-to-date: /home/aiv/ev_ws/install/ev_msgs/lib/libev_msgs__rosidl_typesupport_introspection_c.so
[1.140s] -- Up-to-date: /home/aiv/ev_ws/install/ev_msgs/lib/libev_msgs__rosidl_typesupport_c.so
[1.140s] -- Up-to-date: /home/aiv/ev_ws/install/ev_msgs/include/ev_msgs/ev_msgs
[1.140s] -- Up-to-date: /home/aiv/ev_ws/install/ev_msgs/include/ev_msgs/ev_msgs/msg
[1.140s] -- Up-to-date: /home/aiv/ev_ws/install/ev_msgs/include/ev_msgs/ev_msgs/msg/cone_array.hpp
[1.140s] -- Up-to-date: /home/aiv/ev_ws/install/ev_msgs/include/ev_msgs/ev_msgs/msg/lane_boundary.hpp
[1.140s] -- Up-to-date: /home/aiv/ev_ws/install/ev_msgs/include/ev_msgs/ev_msgs/msg/rosidl_generator_cpp__visibility_control.hpp
[1.140s] -- Up-to-date: /home/aiv/ev_ws/install/ev_msgs/include/ev_msgs/ev_msgs/msg/detail
[1.140s] -- Up-to-date: /home/aiv/ev_ws/install/ev_msgs/include/ev_msgs/ev_msgs/msg/detail/cone__builder.hpp
[1.140s] -- Up-to-date: /home/aiv/ev_ws/install/ev_msgs/include/ev_msgs/ev_msgs/msg/detail/cone__type_support.hpp
[1.140s] -- Up-to-date: /home/aiv/ev_ws/install/ev_msgs/include/ev_msgs/ev_msgs/msg/detail/lane_boundary_array__traits.hpp
[1.140s] -- Up-to-date: /home/aiv/ev_ws/install/ev_msgs/include/ev_msgs/ev_msgs/msg/detail/lane_boundary_array__type_support.hpp
[1.140s] -- Up-to-date: /home/aiv/ev_ws/install/ev_msgs/include/ev_msgs/ev_msgs/msg/detail/cone__struct.hpp
[1.140s] -- Up-to-date: /home/aiv/ev_ws/install/ev_msgs/include/ev_msgs/ev_msgs/msg/detail/lane_boundary_array__struct.hpp
[1.140s] -- Up-to-date: /home/aiv/ev_ws/install/ev_msgs/include/ev_msgs/ev_msgs/msg/detail/cone_array__traits.hpp
[1.140s] -- Up-to-date: /home/aiv/ev_ws/install/ev_msgs/include/ev_msgs/ev_msgs/msg/detail/lane_boundary__type_support.hpp
[1.140s] -- Up-to-date: /home/aiv/ev_ws/install/ev_msgs/include/ev_msgs/ev_msgs/msg/detail/cone_array__struct.hpp
[1.140s] -- Up-to-date: /home/aiv/ev_ws/install/ev_msgs/include/ev_msgs/ev_msgs/msg/detail/cone__traits.hpp
[1.140s] -- Up-to-date: /home/aiv/ev_ws/install/ev_msgs/include/ev_msgs/ev_msgs/msg/detail/lane_boundary_array__builder.hpp
[1.140s] -- Up-to-date: /home/aiv/ev_ws/install/ev_msgs/include/ev_msgs/ev_msgs/msg/detail/lane_boundary__struct.hpp
[1.140s] -- Up-to-date: /home/aiv/ev_ws/install/ev_msgs/include/ev_msgs/ev_msgs/msg/detail/lane_boundary__builder.hpp
[1.140s] -- Up-to-date: /home/aiv/ev_ws/install/ev_msgs/include/ev_msgs/ev_msgs/msg/detail/lane_boundary__traits.hpp
[1.140s] -- Up-to-date: /home/aiv/ev_ws/install/ev_msgs/include/ev_msgs/ev_msgs/msg/detail/cone_array__type_support.hpp
[1.140s] -- Up-to-date: /home/aiv/ev_ws/install/ev_msgs/include/ev_msgs/ev_msgs/msg/detail/cone_array__builder.hpp
[1.140s] -- Up-to-date: /home/aiv/ev_ws/install/ev_msgs/include/ev_msgs/ev_msgs/msg/cone.hpp
[1.140s] -- Up-to-date: /home/aiv/ev_ws/install/ev_msgs/include/ev_msgs/ev_msgs/msg/lane_boundary_array.hpp
[1.140s] -- Up-to-date: /home/aiv/ev_ws/install/ev_msgs/include/ev_msgs/ev_msgs
[1.140s] -- Up-to-date: /home/aiv/ev_ws/install/ev_msgs/include/ev_msgs/ev_msgs/msg
[1.140s] -- Up-to-date: /home/aiv/ev_ws/install/ev_msgs/include/ev_msgs/ev_msgs/msg/detail
[1.140s] -- Up-to-date: /home/aiv/ev_ws/install/ev_msgs/include/ev_msgs/ev_msgs/msg/detail/dds_fastrtps
[1.140s] -- Up-to-date: /home/aiv/ev_ws/install/ev_msgs/include/ev_msgs/ev_msgs/msg/detail/lane_boundary__rosidl_typesupport_fastrtps_cpp.hpp
[1.140s] -- Up-to-date: /home/aiv/ev_ws/install/ev_msgs/include/ev_msgs/ev_msgs/msg/detail/cone__rosidl_typesupport_fastrtps_cpp.hpp
[1.140s] -- Up-to-date: /home/aiv/ev_ws/install/ev_msgs/include/ev_msgs/ev_msgs/msg/detail/cone_array__rosidl_typesupport_fastrtps_cpp.hpp
[1.140s] -- Up-to-date: /home/aiv/ev_ws/install/ev_msgs/include/ev_msgs/ev_msgs/msg/detail/lane_boundary_array__rosidl_typesupport_fastrtps_cpp.hpp
[1.140s] -- Up-to-date: /home/aiv/ev_ws/install/ev_msgs/include/ev_msgs/ev_msgs/msg/rosidl_typesupport_fastrtps_cpp__visibility_control.h
[1.140s] -- Up-to-date: /home/aiv/ev_ws/install/ev_msgs/lib/libev_msgs__rosidl_typesupport_fastrtps_cpp.so
[1.140s] -- Up-to-date: /home/aiv/ev_ws/install/ev_msgs/include/ev_msgs/ev_msgs
[1.140s] -- Up-to-date: /home/aiv/ev_ws/install/ev_msgs/include/ev_msgs/ev_msgs/msg
[1.140s] -- Up-to-date: /home/aiv/ev_ws/install/ev_msgs/include/ev_msgs/ev_msgs/msg/detail
[1.140s] -- Up-to-date: /home/aiv/ev_ws/install/ev_msgs/include/ev_msgs/ev_msgs/msg/detail/lane_boundary__type_support.cpp
[1.140s] -- Up-to-date: /home/aiv/ev_ws/install/ev_msgs/include/ev_msgs/ev_msgs/msg/detail/cone__type_support.cpp
[1.141s] -- Up-to-date: /home/aiv/ev_ws/install/ev_msgs/include/ev_msgs/ev_msgs/msg/detail/lane_boundary_array__rosidl_typesupport_introspection_cpp.hpp
[1.141s] -- Up-to-date: /home/aiv/ev_ws/install/ev_msgs/include/ev_msgs/ev_msgs/msg/detail/cone_array__rosidl_typesupport_introspection_cpp.hpp
[1.141s] -- Up-to-date: /home/aiv/ev_ws/install/ev_msgs/include/ev_msgs/ev_msgs/msg/detail/lane_boundary_array__type_support.cpp
[1.141s] -- Up-to-date: /home/aiv/ev_ws/install/ev_msgs/include/ev_msgs/ev_msgs/msg/detail/cone_array__type_support.cpp
[1.141s] -- Up-to-date: /home/aiv/ev_ws/install/ev_msgs/include/ev_msgs/ev_msgs/msg/detail/cone__rosidl_typesupport_introspection_cpp.hpp
[1.141s] -- Up-to-date: /home/aiv/ev_ws/install/ev_msgs/include/ev_msgs/ev_msgs/msg/detail/lane_boundary__rosidl_typesupport_introspection_cpp.hpp
[1.141s] -- Up-to-date: /home/aiv/ev_ws/install/ev_msgs/lib/libev_msgs__rosidl_typesupport_introspection_cpp.so
[1.141s] -- Up-to-date: /home/aiv/ev_ws/install/ev_msgs/lib/libev_msgs__rosidl_typesupport_cpp.so
[1.141s] -- Up-to-date: /home/aiv/ev_ws/install/ev_msgs/share/ev_msgs/environment/pythonpath.sh
[1.141s] -- Installing: /home/aiv/ev_ws/install/ev_msgs/share/ev_msgs/environment/pythonpath.dsv
[1.141s] -- Up-to-date: /home/aiv/ev_ws/install/ev_msgs/local/lib/python3.10/dist-packages/ev_msgs-0.1.0-py3.10.egg-info
[1.141s] -- Installing: /home/aiv/ev_ws/install/ev_msgs/local/lib/python3.10/dist-packages/ev_msgs-0.1.0-py3.10.egg-info/PKG-INFO
[1.141s] -- Installing: /home/aiv/ev_ws/install/ev_msgs/local/lib/python3.10/dist-packages/ev_msgs-0.1.0-py3.10.egg-info/top_level.txt
[1.141s] -- Installing: /home/aiv/ev_ws/install/ev_msgs/local/lib/python3.10/dist-packages/ev_msgs-0.1.0-py3.10.egg-info/SOURCES.txt
[1.141s] -- Installing: /home/aiv/ev_ws/install/ev_msgs/local/lib/python3.10/dist-packages/ev_msgs-0.1.0-py3.10.egg-info/dependency_links.txt
[1.141s] -- Up-to-date: /home/aiv/ev_ws/install/ev_msgs/local/lib/python3.10/dist-packages/ev_msgs
[1.141s] -- Up-to-date: /home/aiv/ev_ws/install/ev_msgs/local/lib/python3.10/dist-packages/ev_msgs/ev_msgs_s__rosidl_typesupport_c.cpython-310-x86_64-linux-gnu.so
[1.141s] -- Up-to-date: /home/aiv/ev_ws/install/ev_msgs/local/lib/python3.10/dist-packages/ev_msgs/ev_msgs_s__rosidl_typesupport_introspection_c.cpython-310-x86_64-linux-gnu.so
[1.141s] -- Installing: /home/aiv/ev_ws/install/ev_msgs/local/lib/python3.10/dist-packages/ev_msgs/__init__.py
[1.141s] -- Up-to-date: /home/aiv/ev_ws/install/ev_msgs/local/lib/python3.10/dist-packages/ev_msgs/_ev_msgs_s.ep.rosidl_typesupport_introspection_c.c
[1.141s] -- Up-to-date: /home/aiv/ev_ws/install/ev_msgs/local/lib/python3.10/dist-packages/ev_msgs/libev_msgs__rosidl_generator_py.so
[1.141s] -- Up-to-date: /home/aiv/ev_ws/install/ev_msgs/local/lib/python3.10/dist-packages/ev_msgs/msg
[1.141s] -- Up-to-date: /home/aiv/ev_ws/install/ev_msgs/local/lib/python3.10/dist-packages/ev_msgs/msg/_cone_array.py
[1.141s] -- Up-to-date: /home/aiv/ev_ws/install/ev_msgs/local/lib/python3.10/dist-packages/ev_msgs/msg/_lane_boundary.py
[1.141s] -- Up-to-date: /home/aiv/ev_ws/install/ev_msgs/local/lib/python3.10/dist-packages/ev_msgs/msg/_lane_boundary_s.c
[1.141s] -- Up-to-date: /home/aiv/ev_ws/install/ev_msgs/local/lib/python3.10/dist-packages/ev_msgs/msg/__init__.py
[1.141s] -- Up-to-date: /home/aiv/ev_ws/install/ev_msgs/local/lib/python3.10/dist-packages/ev_msgs/msg/_lane_boundary_array_s.c
[1.141s] -- Up-to-date: /home/aiv/ev_ws/install/ev_msgs/local/lib/python3.10/dist-packages/ev_msgs/msg/_cone_array_s.c
[1.141s] -- Up-to-date: /home/aiv/ev_ws/install/ev_msgs/local/lib/python3.10/dist-packages/ev_msgs/msg/_lane_boundary_array.py
[1.141s] -- Up-to-date: /home/aiv/ev_ws/install/ev_msgs/local/lib/python3.10/dist-packages/ev_msgs/msg/_cone_s.c
[1.141s] -- Up-to-date: /home/aiv/ev_ws/install/ev_msgs/local/lib/python3.10/dist-packages/ev_msgs/msg/_cone.py
[1.141s] -- Up-to-date: /home/aiv/ev_ws/install/ev_msgs/local/lib/python3.10/dist-packages/ev_msgs/_ev_msgs_s.ep.rosidl_typesupport_c.c
[1.141s] -- Up-to-date: /home/aiv/ev_ws/install/ev_msgs/local/lib/python3.10/dist-packages/ev_msgs/ev_msgs_s__rosidl_typesupport_fastrtps_c.cpython-310-x86_64-linux-gnu.so
[1.141s] -- Up-to-date: /home/aiv/ev_ws/install/ev_msgs/local/lib/python3.10/dist-packages/ev_msgs/_ev_msgs_s.ep.rosidl_typesupport_fastrtps_c.c
[1.158s] Listing '/home/aiv/ev_ws/install/ev_msgs/local/lib/python3.10/dist-packages/ev_msgs'...
[1.158s] Compiling '/home/aiv/ev_ws/install/ev_msgs/local/lib/python3.10/dist-packages/ev_msgs/__init__.py'...
[1.158s] Listing '/home/aiv/ev_ws/install/ev_msgs/local/lib/python3.10/dist-packages/ev_msgs/msg'...
[1.161s] -- Up-to-date: /home/aiv/ev_ws/install/ev_msgs/local/lib/python3.10/dist-packages/ev_msgs/ev_msgs_s__rosidl_typesupport_fastrtps_c.cpython-310-x86_64-linux-gnu.so
[1.161s] -- Up-to-date: /home/aiv/ev_ws/install/ev_msgs/local/lib/python3.10/dist-packages/ev_msgs/ev_msgs_s__rosidl_typesupport_introspection_c.cpython-310-x86_64-linux-gnu.so
[1.161s] -- Up-to-date: /home/aiv/ev_ws/install/ev_msgs/local/lib/python3.10/dist-packages/ev_msgs/ev_msgs_s__rosidl_typesupport_c.cpython-310-x86_64-linux-gnu.so
[1.161s] -- Up-to-date: /home/aiv/ev_ws/install/ev_msgs/lib/libev_msgs__rosidl_generator_py.so
[1.161s] -- Up-to-date: /home/aiv/ev_ws/install/ev_msgs/share/ev_msgs/msg/Cone.idl
[1.161s] -- Up-to-date: /home/aiv/ev_ws/install/ev_msgs/share/ev_msgs/msg/ConeArray.idl
[1.161s] -- Up-to-date: /home/aiv/ev_ws/install/ev_msgs/share/ev_msgs/msg/LaneBoundary.idl
[1.161s] -- Up-to-date: /home/aiv/ev_ws/install/ev_msgs/share/ev_msgs/msg/LaneBoundaryArray.idl
[1.161s] -- Up-to-date: /home/aiv/ev_ws/install/ev_msgs/share/ev_msgs/msg/Cone.msg
[1.161s] -- Up-to-date: /home/aiv/ev_ws/install/ev_msgs/share/ev_msgs/msg/ConeArray.msg
[1.161s] -- Up-to-date: /home/aiv/ev_ws/install/ev_msgs/share/ev_msgs/msg/LaneBoundary.msg
[1.161s] -- Up-to-date: /home/aiv/ev_ws/install/ev_msgs/share/ev_msgs/msg/LaneBoundaryArray.msg
[1.161s] -- Up-to-date: /home/aiv/ev_ws/install/ev_msgs/share/ament_index/resource_index/package_run_dependencies/ev_msgs
[1.161s] -- Up-to-date: /home/aiv/ev_ws/install/ev_msgs/share/ament_index/resource_index/parent_prefix_path/ev_msgs
[1.161s] -- Up-to-date: /home/aiv/ev_ws/install/ev_msgs/share/ev_msgs/environment/ament_prefix_path.sh
[1.161s] -- Installing: /home/aiv/ev_ws/install/ev_msgs/share/ev_msgs/environment/ament_prefix_path.dsv
[1.161s] -- Up-to-date: /home/aiv/ev_ws/install/ev_msgs/share/ev_msgs/environment/path.sh
[1.161s] -- Installing: /home/aiv/ev_ws/install/ev_msgs/share/ev_msgs/environment/path.dsv
[1.162s] -- Up-to-date: /home/aiv/ev_ws/install/ev_msgs/share/ev_msgs/local_setup.bash
[1.162s] -- Up-to-date: /home/aiv/ev_ws/install/ev_msgs/share/ev_msgs/local_setup.sh
[1.162s] -- Up-to-date: /home/aiv/ev_ws/install/ev_msgs/share/ev_msgs/local_setup.zsh
[1.162s] -- Installing: /home/aiv/ev_ws/install/ev_msgs/share/ev_msgs/local_setup.dsv
[1.162s] -- Installing: /home/aiv/ev_ws/install/ev_msgs/share/ev_msgs/package.dsv
[1.162s] -- Up-to-date: /home/aiv/ev_ws/install/ev_msgs/share/ament_index/resource_index/packages/ev_msgs
[1.162s] -- Up-to-date: /home/aiv/ev_ws/install/ev_msgs/share/ev_msgs/cmake/export_ev_msgs__rosidl_generator_cExport.cmake
[1.162s] -- Up-to-date: /home/aiv/ev_ws/install/ev_msgs/share/ev_msgs/cmake/export_ev_msgs__rosidl_generator_cExport-noconfig.cmake
[1.162s] -- Up-to-date: /home/aiv/ev_ws/install/ev_msgs/share/ev_msgs/cmake/export_ev_msgs__rosidl_typesupport_fastrtps_cExport.cmake
[1.162s] -- Up-to-date: /home/aiv/ev_ws/install/ev_msgs/share/ev_msgs/cmake/export_ev_msgs__rosidl_typesupport_fastrtps_cExport-noconfig.cmake
[1.162s] -- Up-to-date: /home/aiv/ev_ws/install/ev_msgs/share/ev_msgs/cmake/ev_msgs__rosidl_typesupport_introspection_cExport.cmake
[1.162s] -- Up-to-date: /home/aiv/ev_ws/install/ev_msgs/share/ev_msgs/cmake/ev_msgs__rosidl_typesupport_introspection_cExport-noconfig.cmake
[1.162s] -- Up-to-date: /home/aiv/ev_ws/install/ev_msgs/share/ev_msgs/cmake/ev_msgs__rosidl_typesupport_cExport.cmake
[1.162s] -- Up-to-date: /home/aiv/ev_ws/install/ev_msgs/share/ev_msgs/cmake/ev_msgs__rosidl_typesupport_cExport-noconfig.cmake
[1.162s] -- Up-to-date: /home/aiv/ev_ws/install/ev_msgs/share/ev_msgs/cmake/export_ev_msgs__rosidl_generator_cppExport.cmake
[1.162s] -- Up-to-date: /home/aiv/ev_ws/install/ev_msgs/share/ev_msgs/cmake/export_ev_msgs__rosidl_typesupport_fastrtps_cppExport.cmake
[1.162s] -- Up-to-date: /home/aiv/ev_ws/install/ev_msgs/share/ev_msgs/cmake/export_ev_msgs__rosidl_typesupport_fastrtps_cppExport-noconfig.cmake
[1.162s] -- Up-to-date: /home/aiv/ev_ws/install/ev_msgs/share/ev_msgs/cmake/ev_msgs__rosidl_typesupport_introspection_cppExport.cmake
[1.162s] -- Up-to-date: /home/aiv/ev_ws/install/ev_msgs/share/ev_msgs/cmake/ev_msgs__rosidl_typesupport_introspection_cppExport-noconfig.cmake
[1.162s] -- Up-to-date: /home/aiv/ev_ws/install/ev_msgs/share/ev_msgs/cmake/ev_msgs__rosidl_typesupport_cppExport.cmake
[1.162s] -- Up-to-date: /home/aiv/ev_ws/install/ev_msgs/share/ev_msgs/cmake/ev_msgs__rosidl_typesupport_cppExport-noconfig.cmake
[1.162s] -- Up-to-date: /home/aiv/ev_ws/install/ev_msgs/share/ev_msgs/cmake/export_ev_msgs__rosidl_generator_pyExport.cmake
[1.162s] -- Up-to-date: /home/aiv/ev_ws/install/ev_msgs/share/ev_msgs/cmake/export_ev_msgs__rosidl_generator_pyExport-noconfig.cmake
[1.162s] -- Up-to-date: /home/aiv/ev_ws/install/ev_msgs/share/ev_msgs/cmake/rosidl_cmake-extras.cmake
[1.162s] -- Up-to-date: /home/aiv/ev_ws/install/ev_msgs/share/ev_msgs/cmake/ament_cmake_export_dependencies-extras.cmake
[1.162s] -- Up-to-date: /home/aiv/ev_ws/install/ev_msgs/share/ev_msgs/cmake/ament_cmake_export_include_directories-extras.cmake
[1.162s] -- Up-to-date: /home/aiv/ev_ws/install/ev_msgs/share/ev_msgs/cmake/ament_cmake_export_libraries-extras.cmake
[1.162s] -- Up-to-date: /home/aiv/ev_ws/install/ev_msgs/share/ev_msgs/cmake/ament_cmake_export_targets-extras.cmake
[1.162s] -- Up-to-date: /home/aiv/ev_ws/install/ev_msgs/share/ev_msgs/cmake/rosidl_cmake_export_typesupport_targets-extras.cmake
[1.162s] -- Up-to-date: /home/aiv/ev_ws/install/ev_msgs/share/ev_msgs/cmake/rosidl_cmake_export_typesupport_libraries-extras.cmake
[1.162s] -- Up-to-date: /home/aiv/ev_ws/install/ev_msgs/share/ev_msgs/cmake/ev_msgsConfig.cmake
[1.162s] -- Up-to-date: /home/aiv/ev_ws/install/ev_msgs/share/ev_msgs/cmake/ev_msgsConfig-version.cmake
[1.162s] -- Up-to-date: /home/aiv/ev_ws/install/ev_msgs/share/ev_msgs/package.xml
[1.163s] Invoked command in '/home/aiv/ev_ws/build/ev_msgs' returned '0': CMAKE_PREFIX_PATH=${CMAKE_PREFIX_PATH}:/opt/ros/humble /usr/bin/cmake --install /home/aiv/ev_ws/build/ev_msgs
