[0.675s] Invoking command in '/home/woonggook/ev_ws/src/lane_seg': PYTHONPATH=/home/woonggook/ev_ws/build/lane_seg/prefix_override:/usr/lib/python3/dist-packages/colcon_core/task/python/colcon_distutils_commands:/home/woonggook/ev_ws/install/lane_seg/lib/python3.10/site-packages:${PYTHONPATH} /usr/bin/python3 -W ignore:setup.py install is deprecated -W ignore:easy_install command is deprecated setup.py egg_info --egg-base ../../build/lane_seg build --build-base /home/woonggook/ev_ws/build/lane_seg/build install --record /home/woonggook/ev_ws/build/lane_seg/install.log --single-version-externally-managed install_data
[0.844s] running egg_info
[0.844s] writing ../../build/lane_seg/lane_seg.egg-info/PKG-INFO
[0.846s] writing dependency_links to ../../build/lane_seg/lane_seg.egg-info/dependency_links.txt
[0.846s] writing entry points to ../../build/lane_seg/lane_seg.egg-info/entry_points.txt
[0.846s] writing requirements to ../../build/lane_seg/lane_seg.egg-info/requires.txt
[0.846s] writing top-level names to ../../build/lane_seg/lane_seg.egg-info/top_level.txt
[0.846s] reading manifest file '../../build/lane_seg/lane_seg.egg-info/SOURCES.txt'
[0.847s] writing manifest file '../../build/lane_seg/lane_seg.egg-info/SOURCES.txt'
[0.847s] running build
[0.847s] running build_py
[0.847s] copying lane_seg/bev_node.py -> /home/woonggook/ev_ws/build/lane_seg/build/lib/lane_seg
[0.847s] running install
[0.847s] running install_lib
[0.847s] copying /home/woonggook/ev_ws/build/lane_seg/build/lib/lane_seg/bev_node.py -> /home/woonggook/ev_ws/install/lane_seg/lib/python3.10/site-packages/lane_seg
[0.848s] byte-compiling /home/woonggook/ev_ws/install/lane_seg/lib/python3.10/site-packages/lane_seg/bev_node.py to bev_node.cpython-310.pyc
[0.849s] running install_data
[0.849s] running install_egg_info
[0.850s] removing '/home/woonggook/ev_ws/install/lane_seg/lib/python3.10/site-packages/lane_seg-0.0.0-py3.10.egg-info' (and everything under it)
[0.850s] Copying ../../build/lane_seg/lane_seg.egg-info to /home/woonggook/ev_ws/install/lane_seg/lib/python3.10/site-packages/lane_seg-0.0.0-py3.10.egg-info
[0.850s] running install_scripts
[0.864s] Installing bev_node script to /home/woonggook/ev_ws/install/lane_seg/lib/lane_seg
[0.864s] writing list of installed files to '/home/woonggook/ev_ws/build/lane_seg/install.log'
[0.882s] Invoked command in '/home/woonggook/ev_ws/src/lane_seg' returned '0': PYTHONPATH=/home/woonggook/ev_ws/build/lane_seg/prefix_override:/usr/lib/python3/dist-packages/colcon_core/task/python/colcon_distutils_commands:/home/woonggook/ev_ws/install/lane_seg/lib/python3.10/site-packages:${PYTHONPATH} /usr/bin/python3 -W ignore:setup.py install is deprecated -W ignore:easy_install command is deprecated setup.py egg_info --egg-base ../../build/lane_seg build --build-base /home/woonggook/ev_ws/build/lane_seg/build install --record /home/woonggook/ev_ws/build/lane_seg/install.log --single-version-externally-managed install_data
