[0.059s] DEBUG:colcon:Command line arguments: ['/usr/bin/colcon', 'build']
[0.059s] DEBUG:colcon:Parsed command line arguments: Namespace(log_base=None, log_level=None, verb_name='build', build_base='build', install_base='install', merge_install=False, symlink_install=False, test_result_base=None, continue_on_error=False, executor='parallel', parallel_workers=28, event_handlers=None, ignore_user_meta=False, metas=['./colcon.meta'], base_paths=['.'], packages_ignore=None, packages_ignore_regex=None, paths=None, packages_up_to=None, packages_up_to_regex=None, packages_above=None, packages_above_and_dependencies=None, packages_above_depth=None, packages_select_by_dep=None, packages_skip_by_dep=None, packages_skip_up_to=None, packages_select_build_failed=False, packages_skip_build_finished=False, packages_select_test_failures=False, packages_skip_test_passed=False, packages_select=None, packages_skip=None, packages_select_regex=None, packages_skip_regex=None, packages_start=None, packages_end=None, allow_overriding=[], cmake_args=None, cmake_target=None, cmake_target_skip_unavailable=False, cmake_clean_cache=False, cmake_clean_first=False, cmake_force_configure=False, ament_cmake_args=None, catkin_cmake_args=None, catkin_skip_building_tests=False, mixin_files=None, mixin=None, verb_parser=<colcon_mixin.mixin.mixin_argument.MixinArgumentDecorator object at 0x76593634f460>, verb_extension=<colcon_core.verb.build.BuildVerb object at 0x76593634ef80>, main=<bound method BuildVerb.main of <colcon_core.verb.build.BuildVerb object at 0x76593634ef80>>, mixin_verb=('build',))
[0.175s] Level 1:colcon.colcon_core.package_discovery:discover_packages(colcon_meta) check parameters
[0.175s] Level 1:colcon.colcon_core.package_discovery:discover_packages(recursive) check parameters
[0.175s] Level 1:colcon.colcon_core.package_discovery:discover_packages(ignore) check parameters
[0.175s] Level 1:colcon.colcon_core.package_discovery:discover_packages(path) check parameters
[0.175s] Level 1:colcon.colcon_core.package_discovery:discover_packages(colcon_meta) discover
[0.175s] Level 1:colcon.colcon_core.package_discovery:discover_packages(recursive) discover
[0.175s] INFO:colcon.colcon_core.package_discovery:Crawling recursively for packages in '/home/aiv/ev_ws/ev_msgs'
[0.175s] Level 1:colcon.colcon_core.package_identification:_identify(.) by extensions ['ignore', 'ignore_ament_install']
[0.175s] Level 1:colcon.colcon_core.package_identification:_identify(.) by extension 'ignore'
[0.175s] Level 1:colcon.colcon_core.package_identification:_identify(.) by extension 'ignore_ament_install'
[0.175s] Level 1:colcon.colcon_core.package_identification:_identify(.) by extensions ['colcon_pkg']
[0.175s] Level 1:colcon.colcon_core.package_identification:_identify(.) by extension 'colcon_pkg'
[0.175s] Level 1:colcon.colcon_core.package_identification:_identify(.) by extensions ['colcon_meta']
[0.175s] Level 1:colcon.colcon_core.package_identification:_identify(.) by extension 'colcon_meta'
[0.175s] Level 1:colcon.colcon_core.package_identification:_identify(.) by extensions ['ros']
[0.175s] Level 1:colcon.colcon_core.package_identification:_identify(.) by extension 'ros'
[0.183s] DEBUG:colcon.colcon_core.package_identification:Package '.' with type 'ros.ament_cmake' and name 'ev_msgs'
[0.183s] Level 1:colcon.colcon_core.package_discovery:discover_packages(recursive) using defaults
[0.183s] Level 1:colcon.colcon_core.package_discovery:discover_packages(ignore) discover
[0.183s] Level 1:colcon.colcon_core.package_discovery:discover_packages(ignore) using defaults
[0.183s] Level 1:colcon.colcon_core.package_discovery:discover_packages(path) discover
[0.183s] Level 1:colcon.colcon_core.package_discovery:discover_packages(path) using defaults
[0.198s] Level 1:colcon.colcon_core.package_discovery:discover_packages(prefix_path) check parameters
[0.198s] Level 1:colcon.colcon_core.package_discovery:discover_packages(prefix_path) discover
[0.199s] WARNING:colcon.colcon_ros.prefix_path.ament:The path '/home/aiv/ev_ws/ev_msgs/install/ev_msgs' in the environment variable AMENT_PREFIX_PATH doesn't exist
[0.200s] WARNING:colcon.colcon_ros.prefix_path.catkin:The path '/home/aiv/ev_ws/ev_msgs/install/ev_msgs' in the environment variable CMAKE_PREFIX_PATH doesn't exist
[0.200s] DEBUG:colcon.colcon_installed_package_information.package_discovery:Found 1 installed packages in /home/aiv/ev_ws/planning/install
[0.200s] DEBUG:colcon.colcon_installed_package_information.package_discovery:Found 11 installed packages in /home/aiv/ev_ws/perception/install
[0.201s] DEBUG:colcon.colcon_installed_package_information.package_discovery:Found 0 installed packages in /home/aiv/ev_ws/ev_msgs/install
[0.201s] DEBUG:colcon.colcon_installed_package_information.package_discovery:Found 1 installed packages in /home/aiv/ev_ws/carsa_gazebo/install
[0.201s] DEBUG:colcon.colcon_installed_package_information.package_discovery:Found 7 installed packages in /home/aiv/ev_ws/erp42_ros/install
[0.201s] DEBUG:colcon.colcon_installed_package_information.package_discovery:Found 302 installed packages in /opt/ros/humble
[0.202s] Level 1:colcon.colcon_core.package_discovery:discover_packages(prefix_path) using defaults
[0.221s] Level 5:colcon.colcon_core.verb:set package 'ev_msgs' build argument 'cmake_args' from command line to 'None'
[0.221s] Level 5:colcon.colcon_core.verb:set package 'ev_msgs' build argument 'cmake_target' from command line to 'None'
[0.221s] Level 5:colcon.colcon_core.verb:set package 'ev_msgs' build argument 'cmake_target_skip_unavailable' from command line to 'False'
[0.221s] Level 5:colcon.colcon_core.verb:set package 'ev_msgs' build argument 'cmake_clean_cache' from command line to 'False'
[0.221s] Level 5:colcon.colcon_core.verb:set package 'ev_msgs' build argument 'cmake_clean_first' from command line to 'False'
[0.221s] Level 5:colcon.colcon_core.verb:set package 'ev_msgs' build argument 'cmake_force_configure' from command line to 'False'
[0.221s] Level 5:colcon.colcon_core.verb:set package 'ev_msgs' build argument 'ament_cmake_args' from command line to 'None'
[0.221s] Level 5:colcon.colcon_core.verb:set package 'ev_msgs' build argument 'catkin_cmake_args' from command line to 'None'
[0.221s] Level 5:colcon.colcon_core.verb:set package 'ev_msgs' build argument 'catkin_skip_building_tests' from command line to 'False'
[0.221s] DEBUG:colcon.colcon_core.verb:Building package 'ev_msgs' with the following arguments: {'ament_cmake_args': None, 'build_base': '/home/aiv/ev_ws/ev_msgs/build/ev_msgs', 'catkin_cmake_args': None, 'catkin_skip_building_tests': False, 'cmake_args': None, 'cmake_clean_cache': False, 'cmake_clean_first': False, 'cmake_force_configure': False, 'cmake_target': None, 'cmake_target_skip_unavailable': False, 'install_base': '/home/aiv/ev_ws/ev_msgs/install/ev_msgs', 'merge_install': False, 'path': '/home/aiv/ev_ws/ev_msgs', 'symlink_install': False, 'test_result_base': None}
[0.221s] INFO:colcon.colcon_core.executor:Executing jobs using 'parallel' executor
[0.222s] DEBUG:colcon.colcon_parallel_executor.executor.parallel:run_until_complete
[0.222s] INFO:colcon.colcon_ros.task.ament_cmake.build:Building ROS package in '/home/aiv/ev_ws/ev_msgs' with build type 'ament_cmake'
[0.222s] INFO:colcon.colcon_cmake.task.cmake.build:Building CMake package in '/home/aiv/ev_ws/ev_msgs'
[0.223s] INFO:colcon.colcon_core.plugin_system:Skipping extension 'colcon_core.shell.bat': Not used on non-Windows systems
[0.223s] INFO:colcon.colcon_core.shell:Skip shell extension 'powershell' for command environment: Not usable outside of PowerShell
[0.224s] DEBUG:colcon.colcon_core.shell:Skip shell extension 'dsv' for command environment
[0.229s] DEBUG:colcon.colcon_core.event_handler.log_command:Invoking command in '/home/aiv/ev_ws/ev_msgs/build/ev_msgs': CMAKE_PREFIX_PATH=${CMAKE_PREFIX_PATH}:/opt/ros/humble /usr/bin/cmake /home/aiv/ev_ws/ev_msgs -DCMAKE_INSTALL_PREFIX=/home/aiv/ev_ws/ev_msgs/install/ev_msgs
[1.266s] DEBUG:colcon.colcon_core.event_handler.log_command:Invoked command in '/home/aiv/ev_ws/ev_msgs/build/ev_msgs' returned '0': CMAKE_PREFIX_PATH=${CMAKE_PREFIX_PATH}:/opt/ros/humble /usr/bin/cmake /home/aiv/ev_ws/ev_msgs -DCMAKE_INSTALL_PREFIX=/home/aiv/ev_ws/ev_msgs/install/ev_msgs
[1.267s] DEBUG:colcon.colcon_core.event_handler.log_command:Invoking command in '/home/aiv/ev_ws/ev_msgs/build/ev_msgs': CMAKE_PREFIX_PATH=${CMAKE_PREFIX_PATH}:/opt/ros/humble /usr/bin/cmake --build /home/aiv/ev_ws/ev_msgs/build/ev_msgs -- -j28 -l28
[2.712s] DEBUG:colcon.colcon_core.event_handler.log_command:Invoked command in '/home/aiv/ev_ws/ev_msgs/build/ev_msgs' returned '0': CMAKE_PREFIX_PATH=${CMAKE_PREFIX_PATH}:/opt/ros/humble /usr/bin/cmake --build /home/aiv/ev_ws/ev_msgs/build/ev_msgs -- -j28 -l28
[2.718s] DEBUG:colcon.colcon_core.event_handler.log_command:Invoking command in '/home/aiv/ev_ws/ev_msgs/build/ev_msgs': CMAKE_PREFIX_PATH=${CMAKE_PREFIX_PATH}:/opt/ros/humble /usr/bin/cmake --install /home/aiv/ev_ws/ev_msgs/build/ev_msgs
[2.754s] Level 1:colcon.colcon_core.environment:create_environment_scripts_only(ev_msgs)
[2.755s] DEBUG:colcon.colcon_core.event_handler.log_command:Invoked command in '/home/aiv/ev_ws/ev_msgs/build/ev_msgs' returned '0': CMAKE_PREFIX_PATH=${CMAKE_PREFIX_PATH}:/opt/ros/humble /usr/bin/cmake --install /home/aiv/ev_ws/ev_msgs/build/ev_msgs
[2.757s] Level 1:colcon.colcon_core.environment:checking '/home/aiv/ev_ws/ev_msgs/install/ev_msgs' for CMake module files
[2.757s] Level 1:colcon.colcon_core.environment:checking '/home/aiv/ev_ws/ev_msgs/install/ev_msgs' for CMake config files
[2.757s] Level 1:colcon.colcon_core.shell:create_environment_hook('ev_msgs', 'cmake_prefix_path')
[2.757s] INFO:colcon.colcon_core.shell:Creating environment hook '/home/aiv/ev_ws/ev_msgs/install/ev_msgs/share/ev_msgs/hook/cmake_prefix_path.ps1'
[2.758s] INFO:colcon.colcon_core.shell:Creating environment descriptor '/home/aiv/ev_ws/ev_msgs/install/ev_msgs/share/ev_msgs/hook/cmake_prefix_path.dsv'
[2.758s] INFO:colcon.colcon_core.shell:Creating environment hook '/home/aiv/ev_ws/ev_msgs/install/ev_msgs/share/ev_msgs/hook/cmake_prefix_path.sh'
[2.758s] Level 1:colcon.colcon_core.environment:checking '/home/aiv/ev_ws/ev_msgs/install/ev_msgs/lib'
[2.758s] Level 1:colcon.colcon_core.shell:create_environment_hook('ev_msgs', 'ld_library_path_lib')
[2.759s] INFO:colcon.colcon_core.shell:Creating environment hook '/home/aiv/ev_ws/ev_msgs/install/ev_msgs/share/ev_msgs/hook/ld_library_path_lib.ps1'
[2.759s] INFO:colcon.colcon_core.shell:Creating environment descriptor '/home/aiv/ev_ws/ev_msgs/install/ev_msgs/share/ev_msgs/hook/ld_library_path_lib.dsv'
[2.759s] INFO:colcon.colcon_core.shell:Creating environment hook '/home/aiv/ev_ws/ev_msgs/install/ev_msgs/share/ev_msgs/hook/ld_library_path_lib.sh'
[2.759s] Level 1:colcon.colcon_core.environment:checking '/home/aiv/ev_ws/ev_msgs/install/ev_msgs/bin'
[2.759s] Level 1:colcon.colcon_core.environment:checking '/home/aiv/ev_ws/ev_msgs/install/ev_msgs/lib/pkgconfig/ev_msgs.pc'
[2.759s] Level 1:colcon.colcon_core.environment:checking '/home/aiv/ev_ws/ev_msgs/install/ev_msgs/lib/python3.10/site-packages'
[2.759s] Level 1:colcon.colcon_core.environment:checking '/home/aiv/ev_ws/ev_msgs/install/ev_msgs/bin'
[2.759s] INFO:colcon.colcon_core.shell:Creating package script '/home/aiv/ev_ws/ev_msgs/install/ev_msgs/share/ev_msgs/package.ps1'
[2.760s] INFO:colcon.colcon_core.shell:Creating package descriptor '/home/aiv/ev_ws/ev_msgs/install/ev_msgs/share/ev_msgs/package.dsv'
[2.760s] INFO:colcon.colcon_core.shell:Creating package script '/home/aiv/ev_ws/ev_msgs/install/ev_msgs/share/ev_msgs/package.sh'
[2.761s] INFO:colcon.colcon_core.shell:Creating package script '/home/aiv/ev_ws/ev_msgs/install/ev_msgs/share/ev_msgs/package.bash'
[2.761s] INFO:colcon.colcon_core.shell:Creating package script '/home/aiv/ev_ws/ev_msgs/install/ev_msgs/share/ev_msgs/package.zsh'
[2.761s] Level 1:colcon.colcon_core.environment:create_file_with_runtime_dependencies(/home/aiv/ev_ws/ev_msgs/install/ev_msgs/share/colcon-core/packages/ev_msgs)
[2.762s] Level 1:colcon.colcon_core.environment:create_environment_scripts_only(ev_msgs)
[2.762s] Level 1:colcon.colcon_core.environment:checking '/home/aiv/ev_ws/ev_msgs/install/ev_msgs' for CMake module files
[2.762s] Level 1:colcon.colcon_core.environment:checking '/home/aiv/ev_ws/ev_msgs/install/ev_msgs' for CMake config files
[2.762s] Level 1:colcon.colcon_core.shell:create_environment_hook('ev_msgs', 'cmake_prefix_path')
[2.762s] INFO:colcon.colcon_core.shell:Creating environment hook '/home/aiv/ev_ws/ev_msgs/install/ev_msgs/share/ev_msgs/hook/cmake_prefix_path.ps1'
[2.762s] INFO:colcon.colcon_core.shell:Creating environment descriptor '/home/aiv/ev_ws/ev_msgs/install/ev_msgs/share/ev_msgs/hook/cmake_prefix_path.dsv'
[2.762s] INFO:colcon.colcon_core.shell:Creating environment hook '/home/aiv/ev_ws/ev_msgs/install/ev_msgs/share/ev_msgs/hook/cmake_prefix_path.sh'
[2.763s] Level 1:colcon.colcon_core.environment:checking '/home/aiv/ev_ws/ev_msgs/install/ev_msgs/lib'
[2.763s] Level 1:colcon.colcon_core.shell:create_environment_hook('ev_msgs', 'ld_library_path_lib')
[2.763s] INFO:colcon.colcon_core.shell:Creating environment hook '/home/aiv/ev_ws/ev_msgs/install/ev_msgs/share/ev_msgs/hook/ld_library_path_lib.ps1'
[2.763s] INFO:colcon.colcon_core.shell:Creating environment descriptor '/home/aiv/ev_ws/ev_msgs/install/ev_msgs/share/ev_msgs/hook/ld_library_path_lib.dsv'
[2.763s] INFO:colcon.colcon_core.shell:Creating environment hook '/home/aiv/ev_ws/ev_msgs/install/ev_msgs/share/ev_msgs/hook/ld_library_path_lib.sh'
[2.763s] Level 1:colcon.colcon_core.environment:checking '/home/aiv/ev_ws/ev_msgs/install/ev_msgs/bin'
[2.763s] Level 1:colcon.colcon_core.environment:checking '/home/aiv/ev_ws/ev_msgs/install/ev_msgs/lib/pkgconfig/ev_msgs.pc'
[2.763s] Level 1:colcon.colcon_core.environment:checking '/home/aiv/ev_ws/ev_msgs/install/ev_msgs/lib/python3.10/site-packages'
[2.763s] Level 1:colcon.colcon_core.environment:checking '/home/aiv/ev_ws/ev_msgs/install/ev_msgs/bin'
[2.763s] INFO:colcon.colcon_core.shell:Creating package script '/home/aiv/ev_ws/ev_msgs/install/ev_msgs/share/ev_msgs/package.ps1'
[2.764s] INFO:colcon.colcon_core.shell:Creating package descriptor '/home/aiv/ev_ws/ev_msgs/install/ev_msgs/share/ev_msgs/package.dsv'
[2.764s] INFO:colcon.colcon_core.shell:Creating package script '/home/aiv/ev_ws/ev_msgs/install/ev_msgs/share/ev_msgs/package.sh'
[2.764s] INFO:colcon.colcon_core.shell:Creating package script '/home/aiv/ev_ws/ev_msgs/install/ev_msgs/share/ev_msgs/package.bash'
[2.764s] INFO:colcon.colcon_core.shell:Creating package script '/home/aiv/ev_ws/ev_msgs/install/ev_msgs/share/ev_msgs/package.zsh'
[2.764s] Level 1:colcon.colcon_core.environment:create_file_with_runtime_dependencies(/home/aiv/ev_ws/ev_msgs/install/ev_msgs/share/colcon-core/packages/ev_msgs)
[2.764s] DEBUG:colcon.colcon_parallel_executor.executor.parallel:closing loop
[2.764s] DEBUG:colcon.colcon_parallel_executor.executor.parallel:loop closed
[2.764s] DEBUG:colcon.colcon_parallel_executor.executor.parallel:run_until_complete finished with '0'
[2.764s] DEBUG:colcon.colcon_core.event_reactor:joining thread
[2.767s] INFO:colcon.colcon_core.plugin_system:Skipping extension 'colcon_notification.desktop_notification.terminal_notifier': Not used on non-Darwin systems
[2.767s] INFO:colcon.colcon_core.plugin_system:Skipping extension 'colcon_notification.desktop_notification.win32': Not used on non-Windows systems
[2.767s] INFO:colcon.colcon_notification.desktop_notification:Sending desktop notification using 'notify2'
[2.777s] DEBUG:colcon.colcon_core.event_reactor:joined thread
[2.778s] INFO:colcon.colcon_core.shell:Creating prefix script '/home/aiv/ev_ws/ev_msgs/install/local_setup.ps1'
[2.778s] INFO:colcon.colcon_core.shell:Creating prefix util module '/home/aiv/ev_ws/ev_msgs/install/_local_setup_util_ps1.py'
[2.779s] INFO:colcon.colcon_core.shell:Creating prefix chain script '/home/aiv/ev_ws/ev_msgs/install/setup.ps1'
[2.779s] INFO:colcon.colcon_core.shell:Creating prefix script '/home/aiv/ev_ws/ev_msgs/install/local_setup.sh'
[2.780s] INFO:colcon.colcon_core.shell:Creating prefix util module '/home/aiv/ev_ws/ev_msgs/install/_local_setup_util_sh.py'
[2.780s] INFO:colcon.colcon_core.shell:Creating prefix chain script '/home/aiv/ev_ws/ev_msgs/install/setup.sh'
[2.781s] INFO:colcon.colcon_core.shell:Creating prefix script '/home/aiv/ev_ws/ev_msgs/install/local_setup.bash'
[2.781s] INFO:colcon.colcon_core.shell:Creating prefix chain script '/home/aiv/ev_ws/ev_msgs/install/setup.bash'
[2.782s] INFO:colcon.colcon_core.shell:Creating prefix script '/home/aiv/ev_ws/ev_msgs/install/local_setup.zsh'
[2.782s] INFO:colcon.colcon_core.shell:Creating prefix chain script '/home/aiv/ev_ws/ev_msgs/install/setup.zsh'
