[0.000000] (-) TimerEvent: {}
[0.000073] (-) JobUnselected: {'identifier': 'track_msgs'}
[0.000098] (track_planning) JobQueued: {'identifier': 'track_planning', 'dependencies': OrderedDict([('track_msgs', '/home/aiv/ev_ws/planning/install/track_msgs')])}
[0.000126] (track_planning) JobStarted: {'identifier': 'track_planning'}
[0.007247] (track_planning) JobProgress: {'identifier': 'track_planning', 'progress': 'cmake'}
[0.008241] (track_planning) JobProgress: {'identifier': 'track_planning', 'progress': 'build'}
[0.008328] (track_planning) Command: {'cmd': ['/usr/bin/cmake', '--build', '/home/aiv/ev_ws/planning/build/track_planning', '--', '-j28', '-l28'], 'cwd': '/home/aiv/ev_ws/planning/build/track_planning', 'env': OrderedDict([('GJS_DEBUG_TOPICS', 'JS ERROR;JS LOG'), ('USER', 'aiv'), ('CLAUDE_CODE_ENTRYPOINT', 'cli'), ('LC_TIME', 'ko_KR.UTF-8'), ('GIT_EDITOR', 'true'), ('XDG_SESSION_TYPE', 'x11'), ('SHLVL', '2'), ('LD_LIBRARY_PATH', '/home/aiv/ev_ws/planning/install/track_msgs/lib:/home/aiv/ev_ws/planning/install/track_planning/lib:/usr/local/cuda-12.6/lib64:/usr/local/cuda-12.6/lib64:/home/aiv/ev_ws/erp42_ros/install/erp42_serial/lib:/home/aiv/ev_ws/erp42_ros/install/erp42_rqt_plugin/lib:/home/aiv/ev_ws/erp42_ros/install/erp42_gazebo/lib:/home/aiv/ev_ws/erp42_ros/install/erp42_util/lib:/home/aiv/ev_ws/erp42_ros/install/erp42_msgs/lib:/home/aiv/ev_ws/perception/install/velodyne_pointcloud/lib:/home/aiv/ev_ws/perception/install/velodyne_driver/lib:/home/aiv/ev_ws/perception/install/velodyne_msgs/lib:/home/aiv/ev_ws/perception/install/velodyne_laserscan/lib:/home/aiv/ev_ws/perception/install/velodyne_cropbox/lib:/home/aiv/ev_ws/perception/install/patchworkpp/lib:/home/aiv/ev_ws/perception/install/lidar_voxel_grid/lib:/home/aiv/ev_ws/perception/install/lidar_interfaces/lib:/home/aiv/ev_ws/perception/install/dbscan_clustering/lib:/home/aiv/ev_ws/perception/install/cluster_splitter/lib:/usr/lib/x86_64-linux-gnu/gazebo-11/plugins:/opt/ros/humble/opt/rviz_ogre_vendor/lib:/opt/ros/humble/lib/x86_64-linux-gnu:/opt/ros/humble/lib:/usr/local/cuda-12.6/lib64'), ('HOME', '/home/aiv'), ('OLDPWD', '/home/aiv'), ('DESKTOP_SESSION', 'ubuntu'), ('NVM_BIN', '/home/aiv/.nvm/versions/node/v24.13.0/bin'), ('NVM_INC', '/home/aiv/.nvm/versions/node/v24.13.0/include/node'), ('GIO_LAUNCHED_DESKTOP_FILE', '/usr/share/applications/terminator.desktop'), ('ROS_PYTHON_VERSION', '3'), ('GNOME_SHELL_SESSION_MODE', 'ubuntu'), ('GTK_MODULES', 'gail:atk-bridge'), ('LC_MONETARY', 'ko_KR.UTF-8'), ('MANAGERPID', '2074'), ('SYSTEMD_EXEC_PID', '2584'), ('DBUS_SESSION_BUS_ADDRESS', 'unix:path=/run/user/1000/bus'), ('COLORTERM', 'truecolor'), ('TERMINATOR_DBUS_NAME', 'net.tenshu.Terminator23558193cd9818af7fe4d2c2f5bd9d00f'), ('GIO_LAUNCHED_DESKTOP_FILE_PID', '7953'), ('NVM_DIR', '/home/aiv/.nvm'), ('COLCON_PREFIX_PATH', '/home/aiv/ev_ws/planning/install:/home/aiv/ev_ws/perception/install:/home/aiv/ev_ws/carsa_gazebo/install:/home/aiv/ev_ws/erp42_ros/install'), ('ROS_DISTRO', 'humble'), ('GTK_IM_MODULE', 'ibus'), ('LOGNAME', 'aiv'), ('JOURNAL_STREAM', '8:15731'), ('_', '/usr/bin/colcon'), ('ROS_VERSION', '2'), ('XDG_SESSION_CLASS', 'user'), ('USERNAME', 'aiv'), ('TERM', 'xterm-256color'), ('OTEL_EXPORTER_OTLP_METRICS_TEMPORALITY_PREFERENCE', 'delta'), ('GNOME_DESKTOP_SESSION_ID', 'this-is-deprecated'), ('ROS_LOCALHOST_ONLY', '0'), ('WINDOWPATH', '2'), ('PATH', '/usr/local/cuda-12.6/bin:/home/aiv/.local/bin:/opt/ros/humble/bin:/home/aiv/.nvm/versions/node/v24.13.0/bin:/usr/local/cuda-12.6/bin:/usr/local/sbin:/usr/local/bin:/usr/sbin:/usr/bin:/sbin:/bin:/usr/games:/usr/local/games:/snap/bin:/snap/bin'), ('SESSION_MANAGER', 'local/aiv:@/tmp/.ICE-unix/2556,unix/aiv:/tmp/.ICE-unix/2556'), ('INVOCATION_ID', '1e48b71c64b846adb5029138dd925edc'), ('COREPACK_ENABLE_AUTO_PIN', '0'), ('XDG_MENU_PREFIX', 'gnome-'), ('LC_ADDRESS', 'ko_KR.UTF-8'), ('XDG_RUNTIME_DIR', '/run/user/1000'), ('DISPLAY', ':1'), ('TERMINATOR_DBUS_PATH', '/net/tenshu/Terminator2'), ('NoDefaultCurrentDirectoryInExePath', '1'), ('LANG', 'en_US.UTF-8'), ('XDG_CURRENT_DESKTOP', 'ubuntu:GNOME'), ('IBUS_DISABLE_SNOOPER', '1'), ('LC_TELEPHONE', 'ko_KR.UTF-8'), ('XMODIFIERS', '@im=ibus'), ('XDG_SESSION_DESKTOP', 'ubuntu'), ('XAUTHORITY', '/run/user/1000/gdm/Xauthority'), ('SSH_AGENT_LAUNCHER', 'gnome-keyring'), ('SSH_AUTH_SOCK', '/run/user/1000/keyring/ssh'), ('AMENT_PREFIX_PATH', '/home/aiv/ev_ws/planning/install/track_planning:/home/aiv/ev_ws/planning/install/track_msgs:/home/aiv/ev_ws/carsa_gazebo/install/carsa_gazebo:/home/aiv/ev_ws/erp42_ros/install/erp42_serial:/home/aiv/ev_ws/erp42_ros/install/erp42_rqt_plugin:/home/aiv/ev_ws/erp42_ros/install/erp42_gazebo:/home/aiv/ev_ws/erp42_ros/install/erp42_util:/home/aiv/ev_ws/erp42_ros/install/erp42_msgs:/home/aiv/ev_ws/erp42_ros/install/erp42_description:/home/aiv/ev_ws/erp42_ros/install/erp42_cmake:/home/aiv/ev_ws/perception/install/velodyne:/home/aiv/ev_ws/perception/install/lidar_launch:/home/aiv/ev_ws/perception/install/velodyne_pointcloud:/home/aiv/ev_ws/perception/install/velodyne_driver:/home/aiv/ev_ws/perception/install/velodyne_msgs:/home/aiv/ev_ws/perception/install/velodyne_laserscan:/home/aiv/ev_ws/perception/install/velodyne_cropbox:/home/aiv/ev_ws/perception/install/patchworkpp:/home/aiv/ev_ws/perception/install/lidar_voxel_grid:/home/aiv/ev_ws/perception/install/lidar_interfaces:/home/aiv/ev_ws/perception/install/dbscan_clustering:/home/aiv/ev_ws/perception/install/cluster_splitter:/opt/ros/humble'), ('SHELL', '/bin/bash'), ('LC_NAME', 'ko_KR.UTF-8'), ('TERMINATOR_UUID', 'urn:uuid:8a5ea92a-2740-47e4-b74e-c567117d0d1a'), ('QT_ACCESSIBILITY', '1'), ('GDMSESSION', 'ubuntu'), ('CLAUDECODE', '1'), ('LC_MEASUREMENT', 'ko_KR.UTF-8'), ('GPG_AGENT_INFO', '/run/user/1000/gnupg/S.gpg-agent:0:1'), ('GJS_DEBUG_OUTPUT', 'stderr'), ('LC_IDENTIFICATION', 'ko_KR.UTF-8'), ('QT_IM_MODULE', 'ibus'), ('PWD', '/home/aiv/ev_ws/planning/build/track_planning'), ('LC_ALL', 'en_US.UTF-8'), ('XDG_CONFIG_DIRS', '/etc/xdg/xdg-ubuntu:/etc/xdg'), ('NVM_CD_FLAGS', ''), ('XDG_DATA_DIRS', '/usr/share/ubuntu:/usr/share/gnome:/usr/local/share/:/usr/share/:/var/lib/snapd/desktop'), ('PYTHONPATH', '/home/aiv/ev_ws/planning/install/track_msgs/local/lib/python3.10/dist-packages:/home/aiv/ev_ws/erp42_ros/install/erp42_msgs/local/lib/python3.10/dist-packages:/home/aiv/ev_ws/perception/install/velodyne_msgs/local/lib/python3.10/dist-packages:/home/aiv/ev_ws/perception/install/lidar_interfaces/local/lib/python3.10/dist-packages:/opt/ros/humble/lib/python3.10/site-packages:/opt/ros/humble/local/lib/python3.10/dist-packages'), ('LC_NUMERIC', 'ko_KR.UTF-8'), ('LC_PAPER', 'ko_KR.UTF-8'), ('COLCON', '1'), ('VTE_VERSION', '6800'), ('EDITOR', 'code --wait'), ('CMAKE_PREFIX_PATH', '/home/aiv/ev_ws/planning/install/track_msgs:/home/aiv/ev_ws/planning/install/track_planning:/home/aiv/ev_ws/carsa_gazebo/install/carsa_gazebo:/home/aiv/ev_ws/erp42_ros/install/erp42_serial:/home/aiv/ev_ws/erp42_ros/install/erp42_rqt_plugin:/home/aiv/ev_ws/erp42_ros/install/erp42_gazebo:/home/aiv/ev_ws/erp42_ros/install/erp42_util:/home/aiv/ev_ws/erp42_ros/install/erp42_msgs:/home/aiv/ev_ws/erp42_ros/install/erp42_description:/home/aiv/ev_ws/erp42_ros/install/erp42_cmake:/home/aiv/ev_ws/perception/install/velodyne:/home/aiv/ev_ws/perception/install/lidar_launch:/home/aiv/ev_ws/perception/install/velodyne_pointcloud:/home/aiv/ev_ws/perception/install/velodyne_driver:/home/aiv/ev_ws/perception/install/velodyne_msgs:/home/aiv/ev_ws/perception/install/velodyne_laserscan:/home/aiv/ev_ws/perception/install/velodyne_cropbox:/home/aiv/ev_ws/perception/install/patchworkpp:/home/aiv/ev_ws/perception/install/lidar_voxel_grid:/home/aiv/ev_ws/perception/install/lidar_interfaces:/home/aiv/ev_ws/perception/install/dbscan_clustering:/home/aiv/ev_ws/perception/install/cluster_splitter:/opt/ros/humble')]), 'shell': False}
[0.024742] (track_planning) StdoutLine: {'line': b'-- Found ament_cmake: 1.3.12 (/opt/ros/humble/share/ament_cmake/cmake)\n'}
[0.091483] (track_planning) StdoutLine: {'line': b'-- Found rclcpp: 16.0.17 (/opt/ros/humble/share/rclcpp/cmake)\n'}
[0.099491] (-) TimerEvent: {}
[0.105978] (track_planning) StdoutLine: {'line': b'-- Found rosidl_generator_c: 3.1.8 (/opt/ros/humble/share/rosidl_generator_c/cmake)\n'}
[0.107315] (track_planning) StdoutLine: {'line': b'-- Found rosidl_adapter: 3.1.8 (/opt/ros/humble/share/rosidl_adapter/cmake)\n'}
[0.110148] (track_planning) StdoutLine: {'line': b'-- Found rosidl_generator_cpp: 3.1.8 (/opt/ros/humble/share/rosidl_generator_cpp/cmake)\n'}
[0.115349] (track_planning) StdoutLine: {'line': b'-- Using all available rosidl_typesupport_c: rosidl_typesupport_fastrtps_c;rosidl_typesupport_introspection_c\n'}
[0.122426] (track_planning) StdoutLine: {'line': b'-- Using all available rosidl_typesupport_cpp: rosidl_typesupport_fastrtps_cpp;rosidl_typesupport_introspection_cpp\n'}
[0.140133] (track_planning) StdoutLine: {'line': b'-- Found rmw_implementation_cmake: 6.1.2 (/opt/ros/humble/share/rmw_implementation_cmake/cmake)\n'}
[0.140911] (track_planning) StdoutLine: {'line': b'-- Found rmw_fastrtps_cpp: 6.2.9 (/opt/ros/humble/share/rmw_fastrtps_cpp/cmake)\n'}
[0.199625] (-) TimerEvent: {}
[0.199790] (track_planning) StdoutLine: {'line': b"-- Using RMW implementation 'rmw_fastrtps_cpp' as default\n"}
[0.224455] (track_planning) StdoutLine: {'line': b'-- Found rclcpp_components: 16.0.17 (/opt/ros/humble/share/rclcpp_components/cmake)\n'}
[0.233695] (track_planning) StdoutLine: {'line': b'-- Found nav_msgs: 4.9.0 (/opt/ros/humble/share/nav_msgs/cmake)\n'}
[0.248796] (track_planning) StdoutLine: {'line': b'-- Found visualization_msgs: 4.9.0 (/opt/ros/humble/share/visualization_msgs/cmake)\n'}
[0.267924] (track_planning) StdoutLine: {'line': b'-- Found track_msgs: 0.1.0 (/home/aiv/ev_ws/planning/install/track_msgs/share/track_msgs/cmake)\n'}
[0.285189] (track_planning) StdoutLine: {'line': b'-- Found ament_lint_auto: 0.12.14 (/opt/ros/humble/share/ament_lint_auto/cmake)\n'}
[0.299688] (-) TimerEvent: {}
[0.323673] (track_planning) StdoutLine: {'line': b"-- Added test 'cppcheck' to perform static code analysis on C / C++ code\n"}
[0.323911] (track_planning) StdoutLine: {'line': b'-- Configured cppcheck include dirs: /home/aiv/ev_ws/planning/src/track_planning/include\n'}
[0.323967] (track_planning) StdoutLine: {'line': b'-- Configured cppcheck exclude dirs and/or files: \n'}
[0.324383] (track_planning) StdoutLine: {'line': b"-- Added test 'flake8' to check Python code syntax and style conventions\n"}
[0.324994] (track_planning) StdoutLine: {'line': b"-- Added test 'lint_cmake' to check CMake code style\n"}
[0.325068] (track_planning) StdoutLine: {'line': b"-- Added test 'pep257' to check Python code against some of the docstring style conventions in PEP 257\n"}
[0.326127] (track_planning) StdoutLine: {'line': b"-- Added test 'uncrustify' to check C / C++ code style\n"}
[0.326243] (track_planning) StdoutLine: {'line': b'-- Configured uncrustify additional arguments: \n'}
[0.326451] (track_planning) StdoutLine: {'line': b"-- Added test 'xmllint' to check XML markup files\n"}
[0.326768] (track_planning) StdoutLine: {'line': b'-- Configuring done\n'}
[0.340396] (track_planning) StdoutLine: {'line': b'-- Generating done\n'}
[0.345805] (track_planning) StdoutLine: {'line': b'-- Build files have been written to: /home/aiv/ev_ws/planning/build/track_planning\n'}
[0.365394] (track_planning) StdoutLine: {'line': b'Consolidate compiler generated dependencies of target track_planning_postprocess\n'}
[0.365803] (track_planning) StdoutLine: {'line': b'Consolidate compiler generated dependencies of target track_planning_costmap\n'}
[0.366915] (track_planning) StdoutLine: {'line': b'Consolidate compiler generated dependencies of target track_planning_planner\n'}
[0.370907] (track_planning) StdoutLine: {'line': b'Consolidate compiler generated dependencies of target track_planning_corridor\n'}
[0.373687] (track_planning) StdoutLine: {'line': b'[  5%] Building CXX object CMakeFiles/local_planner_node_exe.dir/rclcpp_components/node_main_local_planner_node_exe.cpp.o\n'}
[0.374565] (track_planning) StdoutLine: {'line': b'[ 15%] Built target track_planning_postprocess\n'}
[0.377420] (track_planning) StdoutLine: {'line': b'[ 42%] Built target track_planning_costmap\n'}
[0.377957] (track_planning) StdoutLine: {'line': b'[ 57%] Built target track_planning_planner\n'}
[0.381909] (track_planning) StdoutLine: {'line': b'[ 84%] Built target track_planning_corridor\n'}
[0.398102] (track_planning) StdoutLine: {'line': b'[ 89%] Building CXX object CMakeFiles/local_planner_component.dir/src/nodes/local_planner_node.cpp.o\n'}
[0.399742] (-) TimerEvent: {}
[0.499860] (-) TimerEvent: {}
[0.600001] (-) TimerEvent: {}
[0.700140] (-) TimerEvent: {}
[0.800281] (-) TimerEvent: {}
[0.900448] (-) TimerEvent: {}
[1.000605] (-) TimerEvent: {}
[1.100765] (-) TimerEvent: {}
[1.200956] (-) TimerEvent: {}
[1.301174] (-) TimerEvent: {}
[1.401442] (-) TimerEvent: {}
[1.501590] (-) TimerEvent: {}
[1.601730] (-) TimerEvent: {}
[1.701871] (-) TimerEvent: {}
[1.802023] (-) TimerEvent: {}
[1.902171] (-) TimerEvent: {}
[1.920659] (track_planning) StdoutLine: {'line': b'[ 94%] Linking CXX executable local_planner_node_exe\n'}
[1.992887] (track_planning) StdoutLine: {'line': b'[ 94%] Built target local_planner_node_exe\n'}
[2.002245] (-) TimerEvent: {}
[2.102373] (-) TimerEvent: {}
[2.202543] (-) TimerEvent: {}
[2.302687] (-) TimerEvent: {}
[2.402839] (-) TimerEvent: {}
[2.502998] (-) TimerEvent: {}
[2.603135] (-) TimerEvent: {}
[2.703282] (-) TimerEvent: {}
[2.803432] (-) TimerEvent: {}
[2.903573] (-) TimerEvent: {}
[3.003715] (-) TimerEvent: {}
[3.103860] (-) TimerEvent: {}
[3.204029] (-) TimerEvent: {}
[3.304179] (-) TimerEvent: {}
[3.404307] (-) TimerEvent: {}
[3.504479] (-) TimerEvent: {}
[3.604621] (-) TimerEvent: {}
[3.704757] (-) TimerEvent: {}
[3.804891] (-) TimerEvent: {}
[3.905028] (-) TimerEvent: {}
[4.005179] (-) TimerEvent: {}
[4.105328] (-) TimerEvent: {}
[4.205478] (-) TimerEvent: {}
[4.305621] (-) TimerEvent: {}
[4.405763] (-) TimerEvent: {}
[4.505900] (-) TimerEvent: {}
[4.606051] (-) TimerEvent: {}
[4.706193] (-) TimerEvent: {}
[4.806333] (-) TimerEvent: {}
[4.906513] (-) TimerEvent: {}
[5.006756] (-) TimerEvent: {}
[5.107004] (-) TimerEvent: {}
[5.207152] (-) TimerEvent: {}
[5.307299] (-) TimerEvent: {}
[5.407447] (-) TimerEvent: {}
[5.507595] (-) TimerEvent: {}
[5.607743] (-) TimerEvent: {}
[5.707881] (-) TimerEvent: {}
[5.808006] (-) TimerEvent: {}
[5.908145] (-) TimerEvent: {}
[6.008321] (-) TimerEvent: {}
[6.108515] (-) TimerEvent: {}
[6.208649] (-) TimerEvent: {}
[6.308790] (-) TimerEvent: {}
[6.408959] (-) TimerEvent: {}
[6.509094] (-) TimerEvent: {}
[6.609223] (-) TimerEvent: {}
[6.709353] (-) TimerEvent: {}
[6.809506] (-) TimerEvent: {}
[6.909644] (-) TimerEvent: {}
[7.009779] (-) TimerEvent: {}
[7.109918] (-) TimerEvent: {}
[7.210105] (-) TimerEvent: {}
[7.310239] (-) TimerEvent: {}
[7.410371] (-) TimerEvent: {}
[7.510499] (-) TimerEvent: {}
[7.610630] (-) TimerEvent: {}
[7.710767] (-) TimerEvent: {}
[7.810902] (-) TimerEvent: {}
[7.911049] (-) TimerEvent: {}
[8.011193] (-) TimerEvent: {}
[8.111324] (-) TimerEvent: {}
[8.211490] (-) TimerEvent: {}
[8.311624] (-) TimerEvent: {}
[8.411757] (-) TimerEvent: {}
[8.511923] (-) TimerEvent: {}
[8.612059] (-) TimerEvent: {}
[8.712212] (-) TimerEvent: {}
[8.812363] (-) TimerEvent: {}
[8.912508] (-) TimerEvent: {}
[9.012640] (-) TimerEvent: {}
[9.112783] (-) TimerEvent: {}
[9.212915] (-) TimerEvent: {}
[9.313047] (-) TimerEvent: {}
[9.413182] (-) TimerEvent: {}
[9.513320] (-) TimerEvent: {}
[9.613473] (-) TimerEvent: {}
[9.713616] (-) TimerEvent: {}
[9.813761] (-) TimerEvent: {}
[9.913909] (-) TimerEvent: {}
[10.014055] (-) TimerEvent: {}
[10.114184] (-) TimerEvent: {}
[10.214324] (-) TimerEvent: {}
[10.314486] (-) TimerEvent: {}
[10.414626] (-) TimerEvent: {}
[10.514800] (-) TimerEvent: {}
[10.614953] (-) TimerEvent: {}
[10.715220] (-) TimerEvent: {}
[10.815376] (-) TimerEvent: {}
[10.915510] (-) TimerEvent: {}
[11.015735] (-) TimerEvent: {}
[11.039997] (track_planning) StdoutLine: {'line': b'[100%] Linking CXX shared library liblocal_planner_component.so\n'}
[11.115870] (-) TimerEvent: {}
[11.216044] (-) TimerEvent: {}
[11.316186] (-) TimerEvent: {}
[11.416337] (-) TimerEvent: {}
[11.516517] (-) TimerEvent: {}
[11.616659] (-) TimerEvent: {}
[11.694045] (track_planning) StdoutLine: {'line': b'[100%] Built target local_planner_component\n'}
[11.701062] (track_planning) CommandEnded: {'returncode': 0}
[11.701466] (track_planning) JobProgress: {'identifier': 'track_planning', 'progress': 'install'}
[11.706204] (track_planning) Command: {'cmd': ['/usr/bin/cmake', '--install', '/home/aiv/ev_ws/planning/build/track_planning'], 'cwd': '/home/aiv/ev_ws/planning/build/track_planning', 'env': OrderedDict([('GJS_DEBUG_TOPICS', 'JS ERROR;JS LOG'), ('USER', 'aiv'), ('CLAUDE_CODE_ENTRYPOINT', 'cli'), ('LC_TIME', 'ko_KR.UTF-8'), ('GIT_EDITOR', 'true'), ('XDG_SESSION_TYPE', 'x11'), ('SHLVL', '2'), ('LD_LIBRARY_PATH', '/home/aiv/ev_ws/planning/install/track_msgs/lib:/home/aiv/ev_ws/planning/install/track_planning/lib:/usr/local/cuda-12.6/lib64:/usr/local/cuda-12.6/lib64:/home/aiv/ev_ws/erp42_ros/install/erp42_serial/lib:/home/aiv/ev_ws/erp42_ros/install/erp42_rqt_plugin/lib:/home/aiv/ev_ws/erp42_ros/install/erp42_gazebo/lib:/home/aiv/ev_ws/erp42_ros/install/erp42_util/lib:/home/aiv/ev_ws/erp42_ros/install/erp42_msgs/lib:/home/aiv/ev_ws/perception/install/velodyne_pointcloud/lib:/home/aiv/ev_ws/perception/install/velodyne_driver/lib:/home/aiv/ev_ws/perception/install/velodyne_msgs/lib:/home/aiv/ev_ws/perception/install/velodyne_laserscan/lib:/home/aiv/ev_ws/perception/install/velodyne_cropbox/lib:/home/aiv/ev_ws/perception/install/patchworkpp/lib:/home/aiv/ev_ws/perception/install/lidar_voxel_grid/lib:/home/aiv/ev_ws/perception/install/lidar_interfaces/lib:/home/aiv/ev_ws/perception/install/dbscan_clustering/lib:/home/aiv/ev_ws/perception/install/cluster_splitter/lib:/usr/lib/x86_64-linux-gnu/gazebo-11/plugins:/opt/ros/humble/opt/rviz_ogre_vendor/lib:/opt/ros/humble/lib/x86_64-linux-gnu:/opt/ros/humble/lib:/usr/local/cuda-12.6/lib64'), ('HOME', '/home/aiv'), ('OLDPWD', '/home/aiv'), ('DESKTOP_SESSION', 'ubuntu'), ('NVM_BIN', '/home/aiv/.nvm/versions/node/v24.13.0/bin'), ('NVM_INC', '/home/aiv/.nvm/versions/node/v24.13.0/include/node'), ('GIO_LAUNCHED_DESKTOP_FILE', '/usr/share/applications/terminator.desktop'), ('ROS_PYTHON_VERSION', '3'), ('GNOME_SHELL_SESSION_MODE', 'ubuntu'), ('GTK_MODULES', 'gail:atk-bridge'), ('LC_MONETARY', 'ko_KR.UTF-8'), ('MANAGERPID', '2074'), ('SYSTEMD_EXEC_PID', '2584'), ('DBUS_SESSION_BUS_ADDRESS', 'unix:path=/run/user/1000/bus'), ('COLORTERM', 'truecolor'), ('TERMINATOR_DBUS_NAME', 'net.tenshu.Terminator23558193cd9818af7fe4d2c2f5bd9d00f'), ('GIO_LAUNCHED_DESKTOP_FILE_PID', '7953'), ('NVM_DIR', '/home/aiv/.nvm'), ('COLCON_PREFIX_PATH', '/home/aiv/ev_ws/planning/install:/home/aiv/ev_ws/perception/install:/home/aiv/ev_ws/carsa_gazebo/install:/home/aiv/ev_ws/erp42_ros/install'), ('ROS_DISTRO', 'humble'), ('GTK_IM_MODULE', 'ibus'), ('LOGNAME', 'aiv'), ('JOURNAL_STREAM', '8:15731'), ('_', '/usr/bin/colcon'), ('ROS_VERSION', '2'), ('XDG_SESSION_CLASS', 'user'), ('USERNAME', 'aiv'), ('TERM', 'xterm-256color'), ('OTEL_EXPORTER_OTLP_METRICS_TEMPORALITY_PREFERENCE', 'delta'), ('GNOME_DESKTOP_SESSION_ID', 'this-is-deprecated'), ('ROS_LOCALHOST_ONLY', '0'), ('WINDOWPATH', '2'), ('PATH', '/usr/local/cuda-12.6/bin:/home/aiv/.local/bin:/opt/ros/humble/bin:/home/aiv/.nvm/versions/node/v24.13.0/bin:/usr/local/cuda-12.6/bin:/usr/local/sbin:/usr/local/bin:/usr/sbin:/usr/bin:/sbin:/bin:/usr/games:/usr/local/games:/snap/bin:/snap/bin'), ('SESSION_MANAGER', 'local/aiv:@/tmp/.ICE-unix/2556,unix/aiv:/tmp/.ICE-unix/2556'), ('INVOCATION_ID', '1e48b71c64b846adb5029138dd925edc'), ('COREPACK_ENABLE_AUTO_PIN', '0'), ('XDG_MENU_PREFIX', 'gnome-'), ('LC_ADDRESS', 'ko_KR.UTF-8'), ('XDG_RUNTIME_DIR', '/run/user/1000'), ('DISPLAY', ':1'), ('TERMINATOR_DBUS_PATH', '/net/tenshu/Terminator2'), ('NoDefaultCurrentDirectoryInExePath', '1'), ('LANG', 'en_US.UTF-8'), ('XDG_CURRENT_DESKTOP', 'ubuntu:GNOME'), ('IBUS_DISABLE_SNOOPER', '1'), ('LC_TELEPHONE', 'ko_KR.UTF-8'), ('XMODIFIERS', '@im=ibus'), ('XDG_SESSION_DESKTOP', 'ubuntu'), ('XAUTHORITY', '/run/user/1000/gdm/Xauthority'), ('SSH_AGENT_LAUNCHER', 'gnome-keyring'), ('SSH_AUTH_SOCK', '/run/user/1000/keyring/ssh'), ('AMENT_PREFIX_PATH', '/home/aiv/ev_ws/planning/install/track_planning:/home/aiv/ev_ws/planning/install/track_msgs:/home/aiv/ev_ws/carsa_gazebo/install/carsa_gazebo:/home/aiv/ev_ws/erp42_ros/install/erp42_serial:/home/aiv/ev_ws/erp42_ros/install/erp42_rqt_plugin:/home/aiv/ev_ws/erp42_ros/install/erp42_gazebo:/home/aiv/ev_ws/erp42_ros/install/erp42_util:/home/aiv/ev_ws/erp42_ros/install/erp42_msgs:/home/aiv/ev_ws/erp42_ros/install/erp42_description:/home/aiv/ev_ws/erp42_ros/install/erp42_cmake:/home/aiv/ev_ws/perception/install/velodyne:/home/aiv/ev_ws/perception/install/lidar_launch:/home/aiv/ev_ws/perception/install/velodyne_pointcloud:/home/aiv/ev_ws/perception/install/velodyne_driver:/home/aiv/ev_ws/perception/install/velodyne_msgs:/home/aiv/ev_ws/perception/install/velodyne_laserscan:/home/aiv/ev_ws/perception/install/velodyne_cropbox:/home/aiv/ev_ws/perception/install/patchworkpp:/home/aiv/ev_ws/perception/install/lidar_voxel_grid:/home/aiv/ev_ws/perception/install/lidar_interfaces:/home/aiv/ev_ws/perception/install/dbscan_clustering:/home/aiv/ev_ws/perception/install/cluster_splitter:/opt/ros/humble'), ('SHELL', '/bin/bash'), ('LC_NAME', 'ko_KR.UTF-8'), ('TERMINATOR_UUID', 'urn:uuid:8a5ea92a-2740-47e4-b74e-c567117d0d1a'), ('QT_ACCESSIBILITY', '1'), ('GDMSESSION', 'ubuntu'), ('CLAUDECODE', '1'), ('LC_MEASUREMENT', 'ko_KR.UTF-8'), ('GPG_AGENT_INFO', '/run/user/1000/gnupg/S.gpg-agent:0:1'), ('GJS_DEBUG_OUTPUT', 'stderr'), ('LC_IDENTIFICATION', 'ko_KR.UTF-8'), ('QT_IM_MODULE', 'ibus'), ('PWD', '/home/aiv/ev_ws/planning/build/track_planning'), ('LC_ALL', 'en_US.UTF-8'), ('XDG_CONFIG_DIRS', '/etc/xdg/xdg-ubuntu:/etc/xdg'), ('NVM_CD_FLAGS', ''), ('XDG_DATA_DIRS', '/usr/share/ubuntu:/usr/share/gnome:/usr/local/share/:/usr/share/:/var/lib/snapd/desktop'), ('PYTHONPATH', '/home/aiv/ev_ws/planning/install/track_msgs/local/lib/python3.10/dist-packages:/home/aiv/ev_ws/erp42_ros/install/erp42_msgs/local/lib/python3.10/dist-packages:/home/aiv/ev_ws/perception/install/velodyne_msgs/local/lib/python3.10/dist-packages:/home/aiv/ev_ws/perception/install/lidar_interfaces/local/lib/python3.10/dist-packages:/opt/ros/humble/lib/python3.10/site-packages:/opt/ros/humble/local/lib/python3.10/dist-packages'), ('LC_NUMERIC', 'ko_KR.UTF-8'), ('LC_PAPER', 'ko_KR.UTF-8'), ('COLCON', '1'), ('VTE_VERSION', '6800'), ('EDITOR', 'code --wait'), ('CMAKE_PREFIX_PATH', '/home/aiv/ev_ws/planning/install/track_msgs:/home/aiv/ev_ws/planning/install/track_planning:/home/aiv/ev_ws/carsa_gazebo/install/carsa_gazebo:/home/aiv/ev_ws/erp42_ros/install/erp42_serial:/home/aiv/ev_ws/erp42_ros/install/erp42_rqt_plugin:/home/aiv/ev_ws/erp42_ros/install/erp42_gazebo:/home/aiv/ev_ws/erp42_ros/install/erp42_util:/home/aiv/ev_ws/erp42_ros/install/erp42_msgs:/home/aiv/ev_ws/erp42_ros/install/erp42_description:/home/aiv/ev_ws/erp42_ros/install/erp42_cmake:/home/aiv/ev_ws/perception/install/velodyne:/home/aiv/ev_ws/perception/install/lidar_launch:/home/aiv/ev_ws/perception/install/velodyne_pointcloud:/home/aiv/ev_ws/perception/install/velodyne_driver:/home/aiv/ev_ws/perception/install/velodyne_msgs:/home/aiv/ev_ws/perception/install/velodyne_laserscan:/home/aiv/ev_ws/perception/install/velodyne_cropbox:/home/aiv/ev_ws/perception/install/patchworkpp:/home/aiv/ev_ws/perception/install/lidar_voxel_grid:/home/aiv/ev_ws/perception/install/lidar_interfaces:/home/aiv/ev_ws/perception/install/dbscan_clustering:/home/aiv/ev_ws/perception/install/cluster_splitter:/opt/ros/humble')]), 'shell': False}
[11.711444] (track_planning) StdoutLine: {'line': b'-- Install configuration: ""\n'}
[11.711594] (track_planning) StdoutLine: {'line': b'-- Up-to-date: /home/aiv/ev_ws/planning/install/track_planning/lib/libtrack_planning_corridor.so\n'}
[11.711641] (track_planning) StdoutLine: {'line': b'-- Up-to-date: /home/aiv/ev_ws/planning/install/track_planning/lib/libtrack_planning_costmap.so\n'}
[11.711727] (track_planning) StdoutLine: {'line': b'-- Up-to-date: /home/aiv/ev_ws/planning/install/track_planning/lib/libtrack_planning_planner.so\n'}
[11.711820] (track_planning) StdoutLine: {'line': b'-- Up-to-date: /home/aiv/ev_ws/planning/install/track_planning/lib/libtrack_planning_postprocess.so\n'}
[11.711915] (track_planning) StdoutLine: {'line': b'-- Installing: /home/aiv/ev_ws/planning/install/track_planning/lib/track_planning/local_planner_node_exe\n'}
[11.712129] (track_planning) StdoutLine: {'line': b'-- Set runtime path of "/home/aiv/ev_ws/planning/install/track_planning/lib/track_planning/local_planner_node_exe" to ""\n'}
[11.712173] (track_planning) StdoutLine: {'line': b'-- Installing: /home/aiv/ev_ws/planning/install/track_planning/lib/liblocal_planner_component.so\n'}
[11.716717] (-) TimerEvent: {}
[11.724897] (track_planning) StdoutLine: {'line': b'-- Set runtime path of "/home/aiv/ev_ws/planning/install/track_planning/lib/liblocal_planner_component.so" to ""\n'}
[11.724984] (track_planning) StdoutLine: {'line': b'-- Up-to-date: /home/aiv/ev_ws/planning/install/track_planning/include\n'}
[11.725012] (track_planning) StdoutLine: {'line': b'-- Up-to-date: /home/aiv/ev_ws/planning/install/track_planning/include/track_planning\n'}
[11.725039] (track_planning) StdoutLine: {'line': b'-- Up-to-date: /home/aiv/ev_ws/planning/install/track_planning/include/track_planning/corridor\n'}
[11.725064] (track_planning) StdoutLine: {'line': b'-- Up-to-date: /home/aiv/ev_ws/planning/install/track_planning/include/track_planning/corridor/corridor_builder.hpp\n'}
[11.725123] (track_planning) StdoutLine: {'line': b'-- Up-to-date: /home/aiv/ev_ws/planning/install/track_planning/include/track_planning/corridor/virtual_boundary.hpp\n'}
[11.725147] (track_planning) StdoutLine: {'line': b'-- Up-to-date: /home/aiv/ev_ws/planning/install/track_planning/include/track_planning/corridor/centerline_builder.hpp\n'}
[11.725171] (track_planning) StdoutLine: {'line': b'-- Up-to-date: /home/aiv/ev_ws/planning/install/track_planning/include/track_planning/corridor/pair_validator.hpp\n'}
[11.725195] (track_planning) StdoutLine: {'line': b'-- Up-to-date: /home/aiv/ev_ws/planning/install/track_planning/include/track_planning/costmap\n'}
[11.725245] (track_planning) StdoutLine: {'line': b'-- Up-to-date: /home/aiv/ev_ws/planning/install/track_planning/include/track_planning/costmap/costmap_validation_builder.hpp\n'}
[11.725268] (track_planning) StdoutLine: {'line': b'-- Up-to-date: /home/aiv/ev_ws/planning/install/track_planning/include/track_planning/costmap/inflation.hpp\n'}
[11.725291] (track_planning) StdoutLine: {'line': b'-- Up-to-date: /home/aiv/ev_ws/planning/install/track_planning/include/track_planning/costmap/connected_component.hpp\n'}
[11.725315] (track_planning) StdoutLine: {'line': b'-- Up-to-date: /home/aiv/ev_ws/planning/install/track_planning/include/track_planning/costmap/drivable_mask_scanline.hpp\n'}
[11.725339] (track_planning) StdoutLine: {'line': b'-- Up-to-date: /home/aiv/ev_ws/planning/install/track_planning/include/track_planning/common\n'}
[11.725363] (track_planning) StdoutLine: {'line': b'-- Up-to-date: /home/aiv/ev_ws/planning/install/track_planning/include/track_planning/common/geometry.hpp\n'}
[11.725387] (track_planning) StdoutLine: {'line': b'-- Up-to-date: /home/aiv/ev_ws/planning/install/track_planning/include/track_planning/common/types.hpp\n'}
[11.725411] (track_planning) StdoutLine: {'line': b'-- Up-to-date: /home/aiv/ev_ws/planning/install/track_planning/include/track_planning/common/params.hpp\n'}
[11.725434] (track_planning) StdoutLine: {'line': b'-- Up-to-date: /home/aiv/ev_ws/planning/install/track_planning/include/track_planning/common/debug_publish.hpp\n'}
[11.725457] (track_planning) StdoutLine: {'line': b'-- Up-to-date: /home/aiv/ev_ws/planning/install/track_planning/include/track_planning/planner\n'}
[11.725486] (track_planning) StdoutLine: {'line': b'-- Up-to-date: /home/aiv/ev_ws/planning/install/track_planning/include/track_planning/planner/astar_planner.hpp\n'}
[11.725509] (track_planning) StdoutLine: {'line': b'-- Up-to-date: /home/aiv/ev_ws/planning/install/track_planning/include/track_planning/planner/mode_selector.hpp\n'}
[11.725529] (track_planning) StdoutLine: {'line': b'-- Up-to-date: /home/aiv/ev_ws/planning/install/track_planning/include/track_planning/goal\n'}
[11.725552] (track_planning) StdoutLine: {'line': b'-- Up-to-date: /home/aiv/ev_ws/planning/install/track_planning/include/track_planning/goal/goal_selector.hpp\n'}
[11.725573] (track_planning) StdoutLine: {'line': b'-- Installing: /home/aiv/ev_ws/planning/install/track_planning/include/track_planning/nodes\n'}
[11.725594] (track_planning) StdoutLine: {'line': b'-- Installing: /home/aiv/ev_ws/planning/install/track_planning/include/track_planning/nodes/local_planner_node.hpp\n'}
[11.725614] (track_planning) StdoutLine: {'line': b'-- Up-to-date: /home/aiv/ev_ws/planning/install/track_planning/include/track_planning/safety\n'}
[11.725635] (track_planning) StdoutLine: {'line': b'-- Up-to-date: /home/aiv/ev_ws/planning/install/track_planning/include/track_planning/safety/safety_checker.hpp\n'}
[11.725656] (track_planning) StdoutLine: {'line': b'-- Up-to-date: /home/aiv/ev_ws/planning/install/track_planning/include/track_planning/postprocess\n'}
[11.725677] (track_planning) StdoutLine: {'line': b'-- Up-to-date: /home/aiv/ev_ws/planning/install/track_planning/include/track_planning/postprocess/path_postprocessor.hpp\n'}
[11.725698] (track_planning) StdoutLine: {'line': b'-- Up-to-date: /home/aiv/ev_ws/planning/install/track_planning/share/track_planning/config\n'}
[11.725719] (track_planning) StdoutLine: {'line': b'-- Up-to-date: /home/aiv/ev_ws/planning/install/track_planning/share/track_planning/config/planning.yaml\n'}
[11.725740] (track_planning) StdoutLine: {'line': b'-- Up-to-date: /home/aiv/ev_ws/planning/install/track_planning/share/track_planning/launch\n'}
[11.725761] (track_planning) StdoutLine: {'line': b'-- Installing: /home/aiv/ev_ws/planning/install/track_planning/share/track_planning/launch/planning.launch.py\n'}
[11.725783] (track_planning) StdoutLine: {'line': b'-- Up-to-date: /home/aiv/ev_ws/planning/install/track_planning/share/ament_index/resource_index/package_run_dependencies/track_planning\n'}
[11.725804] (track_planning) StdoutLine: {'line': b'-- Installing: /home/aiv/ev_ws/planning/install/track_planning/share/ament_index/resource_index/parent_prefix_path/track_planning\n'}
[11.725825] (track_planning) StdoutLine: {'line': b'-- Up-to-date: /home/aiv/ev_ws/planning/install/track_planning/share/track_planning/environment/ament_prefix_path.sh\n'}
[11.725846] (track_planning) StdoutLine: {'line': b'-- Installing: /home/aiv/ev_ws/planning/install/track_planning/share/track_planning/environment/ament_prefix_path.dsv\n'}
[11.725979] (track_planning) StdoutLine: {'line': b'-- Up-to-date: /home/aiv/ev_ws/planning/install/track_planning/share/track_planning/environment/path.sh\n'}
[11.726005] (track_planning) StdoutLine: {'line': b'-- Installing: /home/aiv/ev_ws/planning/install/track_planning/share/track_planning/environment/path.dsv\n'}
[11.726026] (track_planning) StdoutLine: {'line': b'-- Up-to-date: /home/aiv/ev_ws/planning/install/track_planning/share/track_planning/local_setup.bash\n'}
[11.726048] (track_planning) StdoutLine: {'line': b'-- Up-to-date: /home/aiv/ev_ws/planning/install/track_planning/share/track_planning/local_setup.sh\n'}
[11.726069] (track_planning) StdoutLine: {'line': b'-- Up-to-date: /home/aiv/ev_ws/planning/install/track_planning/share/track_planning/local_setup.zsh\n'}
[11.726090] (track_planning) StdoutLine: {'line': b'-- Installing: /home/aiv/ev_ws/planning/install/track_planning/share/track_planning/local_setup.dsv\n'}
[11.726111] (track_planning) StdoutLine: {'line': b'-- Installing: /home/aiv/ev_ws/planning/install/track_planning/share/track_planning/package.dsv\n'}
[11.726137] (track_planning) StdoutLine: {'line': b'-- Up-to-date: /home/aiv/ev_ws/planning/install/track_planning/share/ament_index/resource_index/packages/track_planning\n'}
[11.726159] (track_planning) StdoutLine: {'line': b'-- Installing: /home/aiv/ev_ws/planning/install/track_planning/share/ament_index/resource_index/rclcpp_components/track_planning\n'}
[11.726179] (track_planning) StdoutLine: {'line': b'-- Up-to-date: /home/aiv/ev_ws/planning/install/track_planning/share/track_planning/cmake/track_planningConfig.cmake\n'}
[11.726202] (track_planning) StdoutLine: {'line': b'-- Up-to-date: /home/aiv/ev_ws/planning/install/track_planning/share/track_planning/cmake/track_planningConfig-version.cmake\n'}
[11.726246] (track_planning) StdoutLine: {'line': b'-- Up-to-date: /home/aiv/ev_ws/planning/install/track_planning/share/track_planning/package.xml\n'}
[11.726564] (track_planning) CommandEnded: {'returncode': 0}
[11.736116] (track_planning) JobEnded: {'identifier': 'track_planning', 'rc': 0}
[11.736354] (-) EventReactorShutdown: {}
