[0.057s] DEBUG:colcon:Command line arguments: ['/usr/bin/colcon', 'build', '--packages-select', 'track_planning']
[0.057s] DEBUG:colcon:Parsed command line arguments: Namespace(log_base=None, log_level=None, verb_name='build', build_base='build', install_base='install', merge_install=False, symlink_install=False, test_result_base=None, continue_on_error=False, executor='parallel', parallel_workers=28, event_handlers=None, ignore_user_meta=False, metas=['./colcon.meta'], base_paths=['.'], packages_ignore=None, packages_ignore_regex=None, paths=None, packages_up_to=None, packages_up_to_regex=None, packages_above=None, packages_above_and_dependencies=None, packages_above_depth=None, packages_select_by_dep=None, packages_skip_by_dep=None, packages_skip_up_to=None, packages_select_build_failed=False, packages_skip_build_finished=False, packages_select_test_failures=False, packages_skip_test_passed=False, packages_select=['track_planning'], packages_skip=None, packages_select_regex=None, packages_skip_regex=None, packages_start=None, packages_end=None, allow_overriding=[], cmake_args=None, cmake_target=None, cmake_target_skip_unavailable=False, cmake_clean_cache=False, cmake_clean_first=False, cmake_force_configure=False, ament_cmake_args=None, catkin_cmake_args=None, catkin_skip_building_tests=False, mixin_files=None, mixin=None, verb_parser=<colcon_mixin.mixin.mixin_argument.MixinArgumentDecorator object at 0x7024fbc53ac0>, verb_extension=<colcon_core.verb.build.BuildVerb object at 0x7024fbc53550>, main=<bound method BuildVerb.main of <colcon_core.verb.build.BuildVerb object at 0x7024fbc53550>>, mixin_verb=('build',))
[0.145s] Level 1:colcon.colcon_core.package_discovery:discover_packages(colcon_meta) check parameters
[0.145s] Level 1:colcon.colcon_core.package_discovery:discover_packages(recursive) check parameters
[0.146s] Level 1:colcon.colcon_core.package_discovery:discover_packages(ignore) check parameters
[0.146s] Level 1:colcon.colcon_core.package_discovery:discover_packages(path) check parameters
[0.146s] Level 1:colcon.colcon_core.package_discovery:discover_packages(colcon_meta) discover
[0.146s] Level 1:colcon.colcon_core.package_discovery:discover_packages(recursive) discover
[0.146s] INFO:colcon.colcon_core.package_discovery:Crawling recursively for packages in '/home/aiv/ev_ws/planning'
[0.146s] Level 1:colcon.colcon_core.package_identification:_identify(.) by extensions ['ignore', 'ignore_ament_install']
[0.146s] Level 1:colcon.colcon_core.package_identification:_identify(.) by extension 'ignore'
[0.146s] Level 1:colcon.colcon_core.package_identification:_identify(.) by extension 'ignore_ament_install'
[0.146s] Level 1:colcon.colcon_core.package_identification:_identify(.) by extensions ['colcon_pkg']
[0.146s] Level 1:colcon.colcon_core.package_identification:_identify(.) by extension 'colcon_pkg'
[0.146s] Level 1:colcon.colcon_core.package_identification:_identify(.) by extensions ['colcon_meta']
[0.146s] Level 1:colcon.colcon_core.package_identification:_identify(.) by extension 'colcon_meta'
[0.146s] Level 1:colcon.colcon_core.package_identification:_identify(.) by extensions ['ros']
[0.146s] Level 1:colcon.colcon_core.package_identification:_identify(.) by extension 'ros'
[0.152s] Level 1:colcon.colcon_core.package_identification:_identify(.) by extensions ['cmake', 'python']
[0.152s] Level 1:colcon.colcon_core.package_identification:_identify(.) by extension 'cmake'
[0.152s] Level 1:colcon.colcon_core.package_identification:_identify(.) by extension 'python'
[0.152s] Level 1:colcon.colcon_core.package_identification:_identify(.) by extensions ['python_setup_py']
[0.152s] Level 1:colcon.colcon_core.package_identification:_identify(.) by extension 'python_setup_py'
[0.152s] Level 1:colcon.colcon_core.package_identification:_identify(build) by extensions ['ignore', 'ignore_ament_install']
[0.152s] Level 1:colcon.colcon_core.package_identification:_identify(build) by extension 'ignore'
[0.152s] Level 1:colcon.colcon_core.package_identification:_identify(build) ignored
[0.152s] Level 1:colcon.colcon_core.package_identification:_identify(install) by extensions ['ignore', 'ignore_ament_install']
[0.152s] Level 1:colcon.colcon_core.package_identification:_identify(install) by extension 'ignore'
[0.152s] Level 1:colcon.colcon_core.package_identification:_identify(install) ignored
[0.152s] Level 1:colcon.colcon_core.package_identification:_identify(log) by extensions ['ignore', 'ignore_ament_install']
[0.152s] Level 1:colcon.colcon_core.package_identification:_identify(log) by extension 'ignore'
[0.152s] Level 1:colcon.colcon_core.package_identification:_identify(log) ignored
[0.152s] Level 1:colcon.colcon_core.package_identification:_identify(src) by extensions ['ignore', 'ignore_ament_install']
[0.152s] Level 1:colcon.colcon_core.package_identification:_identify(src) by extension 'ignore'
[0.152s] Level 1:colcon.colcon_core.package_identification:_identify(src) by extension 'ignore_ament_install'
[0.152s] Level 1:colcon.colcon_core.package_identification:_identify(src) by extensions ['colcon_pkg']
[0.152s] Level 1:colcon.colcon_core.package_identification:_identify(src) by extension 'colcon_pkg'
[0.152s] Level 1:colcon.colcon_core.package_identification:_identify(src) by extensions ['colcon_meta']
[0.152s] Level 1:colcon.colcon_core.package_identification:_identify(src) by extension 'colcon_meta'
[0.152s] Level 1:colcon.colcon_core.package_identification:_identify(src) by extensions ['ros']
[0.152s] Level 1:colcon.colcon_core.package_identification:_identify(src) by extension 'ros'
[0.152s] Level 1:colcon.colcon_core.package_identification:_identify(src) by extensions ['cmake', 'python']
[0.152s] Level 1:colcon.colcon_core.package_identification:_identify(src) by extension 'cmake'
[0.152s] Level 1:colcon.colcon_core.package_identification:_identify(src) by extension 'python'
[0.152s] Level 1:colcon.colcon_core.package_identification:_identify(src) by extensions ['python_setup_py']
[0.152s] Level 1:colcon.colcon_core.package_identification:_identify(src) by extension 'python_setup_py'
[0.152s] Level 1:colcon.colcon_core.package_identification:_identify(src/track_msgs) by extensions ['ignore', 'ignore_ament_install']
[0.152s] Level 1:colcon.colcon_core.package_identification:_identify(src/track_msgs) by extension 'ignore'
[0.152s] Level 1:colcon.colcon_core.package_identification:_identify(src/track_msgs) by extension 'ignore_ament_install'
[0.152s] Level 1:colcon.colcon_core.package_identification:_identify(src/track_msgs) by extensions ['colcon_pkg']
[0.152s] Level 1:colcon.colcon_core.package_identification:_identify(src/track_msgs) by extension 'colcon_pkg'
[0.152s] Level 1:colcon.colcon_core.package_identification:_identify(src/track_msgs) by extensions ['colcon_meta']
[0.152s] Level 1:colcon.colcon_core.package_identification:_identify(src/track_msgs) by extension 'colcon_meta'
[0.152s] Level 1:colcon.colcon_core.package_identification:_identify(src/track_msgs) by extensions ['ros']
[0.152s] Level 1:colcon.colcon_core.package_identification:_identify(src/track_msgs) by extension 'ros'
[0.154s] DEBUG:colcon.colcon_core.package_identification:Package 'src/track_msgs' with type 'ros.ament_cmake' and name 'track_msgs'
[0.154s] Level 1:colcon.colcon_core.package_identification:_identify(src/track_planning) by extensions ['ignore', 'ignore_ament_install']
[0.154s] Level 1:colcon.colcon_core.package_identification:_identify(src/track_planning) by extension 'ignore'
[0.154s] Level 1:colcon.colcon_core.package_identification:_identify(src/track_planning) by extension 'ignore_ament_install'
[0.154s] Level 1:colcon.colcon_core.package_identification:_identify(src/track_planning) by extensions ['colcon_pkg']
[0.154s] Level 1:colcon.colcon_core.package_identification:_identify(src/track_planning) by extension 'colcon_pkg'
[0.154s] Level 1:colcon.colcon_core.package_identification:_identify(src/track_planning) by extensions ['colcon_meta']
[0.154s] Level 1:colcon.colcon_core.package_identification:_identify(src/track_planning) by extension 'colcon_meta'
[0.154s] Level 1:colcon.colcon_core.package_identification:_identify(src/track_planning) by extensions ['ros']
[0.154s] Level 1:colcon.colcon_core.package_identification:_identify(src/track_planning) by extension 'ros'
[0.155s] DEBUG:colcon.colcon_core.package_identification:Package 'src/track_planning' with type 'ros.ament_cmake' and name 'track_planning'
[0.155s] Level 1:colcon.colcon_core.package_discovery:discover_packages(recursive) using defaults
[0.155s] Level 1:colcon.colcon_core.package_discovery:discover_packages(ignore) discover
[0.155s] Level 1:colcon.colcon_core.package_discovery:discover_packages(ignore) using defaults
[0.155s] Level 1:colcon.colcon_core.package_discovery:discover_packages(path) discover
[0.155s] Level 1:colcon.colcon_core.package_discovery:discover_packages(path) using defaults
[0.170s] INFO:colcon.colcon_core.package_selection:Skipping not selected package 'track_msgs' in 'src/track_msgs'
[0.170s] Level 1:colcon.colcon_core.package_discovery:discover_packages(prefix_path) check parameters
[0.170s] Level 1:colcon.colcon_core.package_discovery:discover_packages(prefix_path) discover
[0.171s] DEBUG:colcon.colcon_installed_package_information.package_discovery:Found 2 installed packages in /home/aiv/ev_ws/planning/install
[0.172s] DEBUG:colcon.colcon_installed_package_information.package_discovery:Found 12 installed packages in /home/aiv/ev_ws/perception/install
[0.172s] DEBUG:colcon.colcon_installed_package_information.package_discovery:Found 1 installed packages in /home/aiv/ev_ws/carsa_gazebo/install
[0.172s] DEBUG:colcon.colcon_installed_package_information.package_discovery:Found 7 installed packages in /home/aiv/ev_ws/erp42_ros/install
[0.173s] DEBUG:colcon.colcon_installed_package_information.package_discovery:Found 302 installed packages in /opt/ros/humble
[0.174s] Level 1:colcon.colcon_core.package_discovery:discover_packages(prefix_path) using defaults
[0.193s] Level 5:colcon.colcon_core.verb:set package 'track_planning' build argument 'cmake_args' from command line to 'None'
[0.193s] Level 5:colcon.colcon_core.verb:set package 'track_planning' build argument 'cmake_target' from command line to 'None'
[0.193s] Level 5:colcon.colcon_core.verb:set package 'track_planning' build argument 'cmake_target_skip_unavailable' from command line to 'False'
[0.193s] Level 5:colcon.colcon_core.verb:set package 'track_planning' build argument 'cmake_clean_cache' from command line to 'False'
[0.193s] Level 5:colcon.colcon_core.verb:set package 'track_planning' build argument 'cmake_clean_first' from command line to 'False'
[0.193s] Level 5:colcon.colcon_core.verb:set package 'track_planning' build argument 'cmake_force_configure' from command line to 'False'
[0.193s] Level 5:colcon.colcon_core.verb:set package 'track_planning' build argument 'ament_cmake_args' from command line to 'None'
[0.193s] Level 5:colcon.colcon_core.verb:set package 'track_planning' build argument 'catkin_cmake_args' from command line to 'None'
[0.193s] Level 5:colcon.colcon_core.verb:set package 'track_planning' build argument 'catkin_skip_building_tests' from command line to 'False'
[0.193s] DEBUG:colcon.colcon_core.verb:Building package 'track_planning' with the following arguments: {'ament_cmake_args': None, 'build_base': '/home/aiv/ev_ws/planning/build/track_planning', 'catkin_cmake_args': None, 'catkin_skip_building_tests': False, 'cmake_args': None, 'cmake_clean_cache': False, 'cmake_clean_first': False, 'cmake_force_configure': False, 'cmake_target': None, 'cmake_target_skip_unavailable': False, 'install_base': '/home/aiv/ev_ws/planning/install/track_planning', 'merge_install': False, 'path': '/home/aiv/ev_ws/planning/src/track_planning', 'symlink_install': False, 'test_result_base': None}
[0.193s] INFO:colcon.colcon_core.executor:Executing jobs using 'parallel' executor
[0.194s] DEBUG:colcon.colcon_parallel_executor.executor.parallel:run_until_complete
[0.194s] INFO:colcon.colcon_ros.task.ament_cmake.build:Building ROS package in '/home/aiv/ev_ws/planning/src/track_planning' with build type 'ament_cmake'
[0.194s] INFO:colcon.colcon_cmake.task.cmake.build:Building CMake package in '/home/aiv/ev_ws/planning/src/track_planning'
[0.195s] INFO:colcon.colcon_core.plugin_system:Skipping extension 'colcon_core.shell.bat': Not used on non-Windows systems
[0.195s] INFO:colcon.colcon_core.shell:Skip shell extension 'powershell' for command environment: Not usable outside of PowerShell
[0.195s] DEBUG:colcon.colcon_core.shell:Skip shell extension 'dsv' for command environment
[0.203s] DEBUG:colcon.colcon_core.event_handler.log_command:Invoking command in '/home/aiv/ev_ws/planning/build/track_planning': CMAKE_PREFIX_PATH=/home/aiv/ev_ws/planning/install/track_msgs:/home/aiv/ev_ws/planning/install/track_planning:/home/aiv/ev_ws/carsa_gazebo/install/carsa_gazebo:/home/aiv/ev_ws/erp42_ros/install/erp42_serial:/home/aiv/ev_ws/erp42_ros/install/erp42_rqt_plugin:/home/aiv/ev_ws/erp42_ros/install/erp42_gazebo:/home/aiv/ev_ws/erp42_ros/install/erp42_util:/home/aiv/ev_ws/erp42_ros/install/erp42_msgs:/home/aiv/ev_ws/erp42_ros/install/erp42_description:/home/aiv/ev_ws/erp42_ros/install/erp42_cmake:/home/aiv/ev_ws/perception/install/velodyne:/home/aiv/ev_ws/perception/install/lidar_launch:/home/aiv/ev_ws/perception/install/velodyne_pointcloud:/home/aiv/ev_ws/perception/install/velodyne_driver:/home/aiv/ev_ws/perception/install/velodyne_msgs:/home/aiv/ev_ws/perception/install/velodyne_laserscan:/home/aiv/ev_ws/perception/install/velodyne_cropbox:/home/aiv/ev_ws/perception/install/patchworkpp:/home/aiv/ev_ws/perception/install/lidar_voxel_grid:/home/aiv/ev_ws/perception/install/lidar_interfaces:/home/aiv/ev_ws/perception/install/dbscan_clustering:/home/aiv/ev_ws/perception/install/cluster_splitter:/opt/ros/humble LD_LIBRARY_PATH=/home/aiv/ev_ws/planning/install/track_msgs/lib:/home/aiv/ev_ws/planning/install/track_planning/lib:/usr/local/cuda-12.6/lib64:/usr/local/cuda-12.6/lib64:/home/aiv/ev_ws/erp42_ros/install/erp42_serial/lib:/home/aiv/ev_ws/erp42_ros/install/erp42_rqt_plugin/lib:/home/aiv/ev_ws/erp42_ros/install/erp42_gazebo/lib:/home/aiv/ev_ws/erp42_ros/install/erp42_util/lib:/home/aiv/ev_ws/erp42_ros/install/erp42_msgs/lib:/home/aiv/ev_ws/perception/install/velodyne_pointcloud/lib:/home/aiv/ev_ws/perception/install/velodyne_driver/lib:/home/aiv/ev_ws/perception/install/velodyne_msgs/lib:/home/aiv/ev_ws/perception/install/velodyne_laserscan/lib:/home/aiv/ev_ws/perception/install/velodyne_cropbox/lib:/home/aiv/ev_ws/perception/install/patchworkpp/lib:/home/aiv/ev_ws/perception/install/lidar_voxel_grid/lib:/home/aiv/ev_ws/perception/install/lidar_interfaces/lib:/home/aiv/ev_ws/perception/install/dbscan_clustering/lib:/home/aiv/ev_ws/perception/install/cluster_splitter/lib:/usr/lib/x86_64-linux-gnu/gazebo-11/plugins:/opt/ros/humble/opt/rviz_ogre_vendor/lib:/opt/ros/humble/lib/x86_64-linux-gnu:/opt/ros/humble/lib:/usr/local/cuda-12.6/lib64 /usr/bin/cmake --build /home/aiv/ev_ws/planning/build/track_planning -- -j28 -l28
[11.895s] DEBUG:colcon.colcon_core.event_handler.log_command:Invoked command in '/home/aiv/ev_ws/planning/build/track_planning' returned '0': CMAKE_PREFIX_PATH=/home/aiv/ev_ws/planning/install/track_msgs:/home/aiv/ev_ws/planning/install/track_planning:/home/aiv/ev_ws/carsa_gazebo/install/carsa_gazebo:/home/aiv/ev_ws/erp42_ros/install/erp42_serial:/home/aiv/ev_ws/erp42_ros/install/erp42_rqt_plugin:/home/aiv/ev_ws/erp42_ros/install/erp42_gazebo:/home/aiv/ev_ws/erp42_ros/install/erp42_util:/home/aiv/ev_ws/erp42_ros/install/erp42_msgs:/home/aiv/ev_ws/erp42_ros/install/erp42_description:/home/aiv/ev_ws/erp42_ros/install/erp42_cmake:/home/aiv/ev_ws/perception/install/velodyne:/home/aiv/ev_ws/perception/install/lidar_launch:/home/aiv/ev_ws/perception/install/velodyne_pointcloud:/home/aiv/ev_ws/perception/install/velodyne_driver:/home/aiv/ev_ws/perception/install/velodyne_msgs:/home/aiv/ev_ws/perception/install/velodyne_laserscan:/home/aiv/ev_ws/perception/install/velodyne_cropbox:/home/aiv/ev_ws/perception/install/patchworkpp:/home/aiv/ev_ws/perception/install/lidar_voxel_grid:/home/aiv/ev_ws/perception/install/lidar_interfaces:/home/aiv/ev_ws/perception/install/dbscan_clustering:/home/aiv/ev_ws/perception/install/cluster_splitter:/opt/ros/humble LD_LIBRARY_PATH=/home/aiv/ev_ws/planning/install/track_msgs/lib:/home/aiv/ev_ws/planning/install/track_planning/lib:/usr/local/cuda-12.6/lib64:/usr/local/cuda-12.6/lib64:/home/aiv/ev_ws/erp42_ros/install/erp42_serial/lib:/home/aiv/ev_ws/erp42_ros/install/erp42_rqt_plugin/lib:/home/aiv/ev_ws/erp42_ros/install/erp42_gazebo/lib:/home/aiv/ev_ws/erp42_ros/install/erp42_util/lib:/home/aiv/ev_ws/erp42_ros/install/erp42_msgs/lib:/home/aiv/ev_ws/perception/install/velodyne_pointcloud/lib:/home/aiv/ev_ws/perception/install/velodyne_driver/lib:/home/aiv/ev_ws/perception/install/velodyne_msgs/lib:/home/aiv/ev_ws/perception/install/velodyne_laserscan/lib:/home/aiv/ev_ws/perception/install/velodyne_cropbox/lib:/home/aiv/ev_ws/perception/install/patchworkpp/lib:/home/aiv/ev_ws/perception/install/lidar_voxel_grid/lib:/home/aiv/ev_ws/perception/install/lidar_interfaces/lib:/home/aiv/ev_ws/perception/install/dbscan_clustering/lib:/home/aiv/ev_ws/perception/install/cluster_splitter/lib:/usr/lib/x86_64-linux-gnu/gazebo-11/plugins:/opt/ros/humble/opt/rviz_ogre_vendor/lib:/opt/ros/humble/lib/x86_64-linux-gnu:/opt/ros/humble/lib:/usr/local/cuda-12.6/lib64 /usr/bin/cmake --build /home/aiv/ev_ws/planning/build/track_planning -- -j28 -l28
[11.901s] DEBUG:colcon.colcon_core.event_handler.log_command:Invoking command in '/home/aiv/ev_ws/planning/build/track_planning': CMAKE_PREFIX_PATH=/home/aiv/ev_ws/planning/install/track_msgs:/home/aiv/ev_ws/planning/install/track_planning:/home/aiv/ev_ws/carsa_gazebo/install/carsa_gazebo:/home/aiv/ev_ws/erp42_ros/install/erp42_serial:/home/aiv/ev_ws/erp42_ros/install/erp42_rqt_plugin:/home/aiv/ev_ws/erp42_ros/install/erp42_gazebo:/home/aiv/ev_ws/erp42_ros/install/erp42_util:/home/aiv/ev_ws/erp42_ros/install/erp42_msgs:/home/aiv/ev_ws/erp42_ros/install/erp42_description:/home/aiv/ev_ws/erp42_ros/install/erp42_cmake:/home/aiv/ev_ws/perception/install/velodyne:/home/aiv/ev_ws/perception/install/lidar_launch:/home/aiv/ev_ws/perception/install/velodyne_pointcloud:/home/aiv/ev_ws/perception/install/velodyne_driver:/home/aiv/ev_ws/perception/install/velodyne_msgs:/home/aiv/ev_ws/perception/install/velodyne_laserscan:/home/aiv/ev_ws/perception/install/velodyne_cropbox:/home/aiv/ev_ws/perception/install/patchworkpp:/home/aiv/ev_ws/perception/install/lidar_voxel_grid:/home/aiv/ev_ws/perception/install/lidar_interfaces:/home/aiv/ev_ws/perception/install/dbscan_clustering:/home/aiv/ev_ws/perception/install/cluster_splitter:/opt/ros/humble LD_LIBRARY_PATH=/home/aiv/ev_ws/planning/install/track_msgs/lib:/home/aiv/ev_ws/planning/install/track_planning/lib:/usr/local/cuda-12.6/lib64:/usr/local/cuda-12.6/lib64:/home/aiv/ev_ws/erp42_ros/install/erp42_serial/lib:/home/aiv/ev_ws/erp42_ros/install/erp42_rqt_plugin/lib:/home/aiv/ev_ws/erp42_ros/install/erp42_gazebo/lib:/home/aiv/ev_ws/erp42_ros/install/erp42_util/lib:/home/aiv/ev_ws/erp42_ros/install/erp42_msgs/lib:/home/aiv/ev_ws/perception/install/velodyne_pointcloud/lib:/home/aiv/ev_ws/perception/install/velodyne_driver/lib:/home/aiv/ev_ws/perception/install/velodyne_msgs/lib:/home/aiv/ev_ws/perception/install/velodyne_laserscan/lib:/home/aiv/ev_ws/perception/install/velodyne_cropbox/lib:/home/aiv/ev_ws/perception/install/patchworkpp/lib:/home/aiv/ev_ws/perception/install/lidar_voxel_grid/lib:/home/aiv/ev_ws/perception/install/lidar_interfaces/lib:/home/aiv/ev_ws/perception/install/dbscan_clustering/lib:/home/aiv/ev_ws/perception/install/cluster_splitter/lib:/usr/lib/x86_64-linux-gnu/gazebo-11/plugins:/opt/ros/humble/opt/rviz_ogre_vendor/lib:/opt/ros/humble/lib/x86_64-linux-gnu:/opt/ros/humble/lib:/usr/local/cuda-12.6/lib64 /usr/bin/cmake --install /home/aiv/ev_ws/planning/build/track_planning
[11.921s] Level 1:colcon.colcon_core.environment:create_environment_scripts_only(track_planning)
[11.921s] DEBUG:colcon.colcon_core.event_handler.log_command:Invoked command in '/home/aiv/ev_ws/planning/build/track_planning' returned '0': CMAKE_PREFIX_PATH=/home/aiv/ev_ws/planning/install/track_msgs:/home/aiv/ev_ws/planning/install/track_planning:/home/aiv/ev_ws/carsa_gazebo/install/carsa_gazebo:/home/aiv/ev_ws/erp42_ros/install/erp42_serial:/home/aiv/ev_ws/erp42_ros/install/erp42_rqt_plugin:/home/aiv/ev_ws/erp42_ros/install/erp42_gazebo:/home/aiv/ev_ws/erp42_ros/install/erp42_util:/home/aiv/ev_ws/erp42_ros/install/erp42_msgs:/home/aiv/ev_ws/erp42_ros/install/erp42_description:/home/aiv/ev_ws/erp42_ros/install/erp42_cmake:/home/aiv/ev_ws/perception/install/velodyne:/home/aiv/ev_ws/perception/install/lidar_launch:/home/aiv/ev_ws/perception/install/velodyne_pointcloud:/home/aiv/ev_ws/perception/install/velodyne_driver:/home/aiv/ev_ws/perception/install/velodyne_msgs:/home/aiv/ev_ws/perception/install/velodyne_laserscan:/home/aiv/ev_ws/perception/install/velodyne_cropbox:/home/aiv/ev_ws/perception/install/patchworkpp:/home/aiv/ev_ws/perception/install/lidar_voxel_grid:/home/aiv/ev_ws/perception/install/lidar_interfaces:/home/aiv/ev_ws/perception/install/dbscan_clustering:/home/aiv/ev_ws/perception/install/cluster_splitter:/opt/ros/humble LD_LIBRARY_PATH=/home/aiv/ev_ws/planning/install/track_msgs/lib:/home/aiv/ev_ws/planning/install/track_planning/lib:/usr/local/cuda-12.6/lib64:/usr/local/cuda-12.6/lib64:/home/aiv/ev_ws/erp42_ros/install/erp42_serial/lib:/home/aiv/ev_ws/erp42_ros/install/erp42_rqt_plugin/lib:/home/aiv/ev_ws/erp42_ros/install/erp42_gazebo/lib:/home/aiv/ev_ws/erp42_ros/install/erp42_util/lib:/home/aiv/ev_ws/erp42_ros/install/erp42_msgs/lib:/home/aiv/ev_ws/perception/install/velodyne_pointcloud/lib:/home/aiv/ev_ws/perception/install/velodyne_driver/lib:/home/aiv/ev_ws/perception/install/velodyne_msgs/lib:/home/aiv/ev_ws/perception/install/velodyne_laserscan/lib:/home/aiv/ev_ws/perception/install/velodyne_cropbox/lib:/home/aiv/ev_ws/perception/install/patchworkpp/lib:/home/aiv/ev_ws/perception/install/lidar_voxel_grid/lib:/home/aiv/ev_ws/perception/install/lidar_interfaces/lib:/home/aiv/ev_ws/perception/install/dbscan_clustering/lib:/home/aiv/ev_ws/perception/install/cluster_splitter/lib:/usr/lib/x86_64-linux-gnu/gazebo-11/plugins:/opt/ros/humble/opt/rviz_ogre_vendor/lib:/opt/ros/humble/lib/x86_64-linux-gnu:/opt/ros/humble/lib:/usr/local/cuda-12.6/lib64 /usr/bin/cmake --install /home/aiv/ev_ws/planning/build/track_planning
[11.922s] Level 1:colcon.colcon_core.environment:checking '/home/aiv/ev_ws/planning/install/track_planning' for CMake module files
[11.922s] Level 1:colcon.colcon_core.environment:checking '/home/aiv/ev_ws/planning/install/track_planning' for CMake config files
[11.922s] Level 1:colcon.colcon_core.shell:create_environment_hook('track_planning', 'cmake_prefix_path')
[11.922s] INFO:colcon.colcon_core.shell:Creating environment hook '/home/aiv/ev_ws/planning/install/track_planning/share/track_planning/hook/cmake_prefix_path.ps1'
[11.923s] INFO:colcon.colcon_core.shell:Creating environment descriptor '/home/aiv/ev_ws/planning/install/track_planning/share/track_planning/hook/cmake_prefix_path.dsv'
[11.923s] INFO:colcon.colcon_core.shell:Creating environment hook '/home/aiv/ev_ws/planning/install/track_planning/share/track_planning/hook/cmake_prefix_path.sh'
[11.923s] Level 1:colcon.colcon_core.environment:checking '/home/aiv/ev_ws/planning/install/track_planning/lib'
[11.924s] Level 1:colcon.colcon_core.shell:create_environment_hook('track_planning', 'ld_library_path_lib')
[11.924s] INFO:colcon.colcon_core.shell:Creating environment hook '/home/aiv/ev_ws/planning/install/track_planning/share/track_planning/hook/ld_library_path_lib.ps1'
[11.924s] INFO:colcon.colcon_core.shell:Creating environment descriptor '/home/aiv/ev_ws/planning/install/track_planning/share/track_planning/hook/ld_library_path_lib.dsv'
[11.924s] INFO:colcon.colcon_core.shell:Creating environment hook '/home/aiv/ev_ws/planning/install/track_planning/share/track_planning/hook/ld_library_path_lib.sh'
[11.924s] Level 1:colcon.colcon_core.environment:checking '/home/aiv/ev_ws/planning/install/track_planning/bin'
[11.924s] Level 1:colcon.colcon_core.environment:checking '/home/aiv/ev_ws/planning/install/track_planning/lib/pkgconfig/track_planning.pc'
[11.924s] Level 1:colcon.colcon_core.environment:checking '/home/aiv/ev_ws/planning/install/track_planning/lib/python3.10/site-packages'
[11.925s] Level 1:colcon.colcon_core.environment:checking '/home/aiv/ev_ws/planning/install/track_planning/bin'
[11.925s] INFO:colcon.colcon_core.shell:Creating package script '/home/aiv/ev_ws/planning/install/track_planning/share/track_planning/package.ps1'
[11.925s] INFO:colcon.colcon_core.shell:Creating package descriptor '/home/aiv/ev_ws/planning/install/track_planning/share/track_planning/package.dsv'
[11.925s] INFO:colcon.colcon_core.shell:Creating package script '/home/aiv/ev_ws/planning/install/track_planning/share/track_planning/package.sh'
[11.926s] INFO:colcon.colcon_core.shell:Creating package script '/home/aiv/ev_ws/planning/install/track_planning/share/track_planning/package.bash'
[11.926s] INFO:colcon.colcon_core.shell:Creating package script '/home/aiv/ev_ws/planning/install/track_planning/share/track_planning/package.zsh'
[11.926s] Level 1:colcon.colcon_core.environment:create_file_with_runtime_dependencies(/home/aiv/ev_ws/planning/install/track_planning/share/colcon-core/packages/track_planning)
[11.927s] Level 1:colcon.colcon_core.environment:create_environment_scripts_only(track_planning)
[11.927s] Level 1:colcon.colcon_core.environment:checking '/home/aiv/ev_ws/planning/install/track_planning' for CMake module files
[11.927s] Level 1:colcon.colcon_core.environment:checking '/home/aiv/ev_ws/planning/install/track_planning' for CMake config files
[11.927s] Level 1:colcon.colcon_core.shell:create_environment_hook('track_planning', 'cmake_prefix_path')
[11.927s] INFO:colcon.colcon_core.shell:Creating environment hook '/home/aiv/ev_ws/planning/install/track_planning/share/track_planning/hook/cmake_prefix_path.ps1'
[11.928s] INFO:colcon.colcon_core.shell:Creating environment descriptor '/home/aiv/ev_ws/planning/install/track_planning/share/track_planning/hook/cmake_prefix_path.dsv'
[11.928s] INFO:colcon.colcon_core.shell:Creating environment hook '/home/aiv/ev_ws/planning/install/track_planning/share/track_planning/hook/cmake_prefix_path.sh'
[11.928s] Level 1:colcon.colcon_core.environment:checking '/home/aiv/ev_ws/planning/install/track_planning/lib'
[11.928s] Level 1:colcon.colcon_core.shell:create_environment_hook('track_planning', 'ld_library_path_lib')
[11.928s] INFO:colcon.colcon_core.shell:Creating environment hook '/home/aiv/ev_ws/planning/install/track_planning/share/track_planning/hook/ld_library_path_lib.ps1'
[11.928s] INFO:colcon.colcon_core.shell:Creating environment descriptor '/home/aiv/ev_ws/planning/install/track_planning/share/track_planning/hook/ld_library_path_lib.dsv'
[11.928s] INFO:colcon.colcon_core.shell:Creating environment hook '/home/aiv/ev_ws/planning/install/track_planning/share/track_planning/hook/ld_library_path_lib.sh'
[11.929s] Level 1:colcon.colcon_core.environment:checking '/home/aiv/ev_ws/planning/install/track_planning/bin'
[11.929s] Level 1:colcon.colcon_core.environment:checking '/home/aiv/ev_ws/planning/install/track_planning/lib/pkgconfig/track_planning.pc'
[11.929s] Level 1:colcon.colcon_core.environment:checking '/home/aiv/ev_ws/planning/install/track_planning/lib/python3.10/site-packages'
[11.929s] Level 1:colcon.colcon_core.environment:checking '/home/aiv/ev_ws/planning/install/track_planning/bin'
[11.929s] INFO:colcon.colcon_core.shell:Creating package script '/home/aiv/ev_ws/planning/install/track_planning/share/track_planning/package.ps1'
[11.929s] INFO:colcon.colcon_core.shell:Creating package descriptor '/home/aiv/ev_ws/planning/install/track_planning/share/track_planning/package.dsv'
[11.930s] INFO:colcon.colcon_core.shell:Creating package script '/home/aiv/ev_ws/planning/install/track_planning/share/track_planning/package.sh'
[11.930s] INFO:colcon.colcon_core.shell:Creating package script '/home/aiv/ev_ws/planning/install/track_planning/share/track_planning/package.bash'
[11.930s] INFO:colcon.colcon_core.shell:Creating package script '/home/aiv/ev_ws/planning/install/track_planning/share/track_planning/package.zsh'
[11.930s] Level 1:colcon.colcon_core.environment:create_file_with_runtime_dependencies(/home/aiv/ev_ws/planning/install/track_planning/share/colcon-core/packages/track_planning)
[11.930s] DEBUG:colcon.colcon_parallel_executor.executor.parallel:closing loop
[11.930s] DEBUG:colcon.colcon_parallel_executor.executor.parallel:loop closed
[11.930s] DEBUG:colcon.colcon_parallel_executor.executor.parallel:run_until_complete finished with '0'
[11.930s] DEBUG:colcon.colcon_core.event_reactor:joining thread
[11.933s] INFO:colcon.colcon_core.plugin_system:Skipping extension 'colcon_notification.desktop_notification.terminal_notifier': Not used on non-Darwin systems
[11.933s] INFO:colcon.colcon_core.plugin_system:Skipping extension 'colcon_notification.desktop_notification.win32': Not used on non-Windows systems
[11.933s] INFO:colcon.colcon_notification.desktop_notification:Sending desktop notification using 'notify2'
[11.940s] DEBUG:colcon.colcon_core.event_reactor:joined thread
[11.940s] INFO:colcon.colcon_core.shell:Creating prefix script '/home/aiv/ev_ws/planning/install/local_setup.ps1'
[11.941s] INFO:colcon.colcon_core.shell:Creating prefix util module '/home/aiv/ev_ws/planning/install/_local_setup_util_ps1.py'
[11.942s] INFO:colcon.colcon_core.shell:Creating prefix chain script '/home/aiv/ev_ws/planning/install/setup.ps1'
[11.942s] INFO:colcon.colcon_core.shell:Creating prefix script '/home/aiv/ev_ws/planning/install/local_setup.sh'
[11.943s] INFO:colcon.colcon_core.shell:Creating prefix util module '/home/aiv/ev_ws/planning/install/_local_setup_util_sh.py'
[11.943s] INFO:colcon.colcon_core.shell:Creating prefix chain script '/home/aiv/ev_ws/planning/install/setup.sh'
[11.944s] INFO:colcon.colcon_core.shell:Creating prefix script '/home/aiv/ev_ws/planning/install/local_setup.bash'
[11.944s] INFO:colcon.colcon_core.shell:Creating prefix chain script '/home/aiv/ev_ws/planning/install/setup.bash'
[11.944s] INFO:colcon.colcon_core.shell:Creating prefix script '/home/aiv/ev_ws/planning/install/local_setup.zsh'
[11.945s] INFO:colcon.colcon_core.shell:Creating prefix chain script '/home/aiv/ev_ws/planning/install/setup.zsh'
