[0.006s] Invoking command in '/home/aiv/ev_ws/planning/build/track_msgs': CMAKE_PREFIX_PATH=${CMAKE_PREFIX_PATH}:/opt/ros/humble /usr/bin/cmake /home/aiv/ev_ws/planning/src/track_msgs -DCMAKE_INSTALL_PREFIX=/home/aiv/ev_ws/planning/install/track_msgs
[0.038s] -- The C compiler identification is GNU 11.4.0
[0.069s] -- The CXX compiler identification is GNU 11.4.0
[0.073s] -- Detecting C compiler ABI info
[0.116s] -- Detecting C compiler ABI info - done
[0.119s] -- Check for working C compiler: /usr/bin/cc - skipped
[0.120s] -- Detecting C compile features
[0.120s] -- Detecting C compile features - done
[0.121s] -- Detecting CXX compiler ABI info
[0.171s] -- Detecting CXX compiler ABI info - done
[0.174s] -- Check for working CXX compiler: /usr/bin/c++ - skipped
[0.175s] -- Detecting CXX compile features
[0.175s] -- Detecting CXX compile features - done
[0.177s] -- Found ament_cmake: 1.3.12 (/opt/ros/humble/share/ament_cmake/cmake)
[0.270s] -- Found Python3: /usr/bin/python3 (found version "3.10.12") found components: Interpreter 
[0.331s] -- Found rosidl_default_generators: 1.2.0 (/opt/ros/humble/share/rosidl_default_generators/cmake)
[0.334s] -- Using all available rosidl_typesupport_c: rosidl_typesupport_fastrtps_c;rosidl_typesupport_introspection_c
[0.340s] -- Found rosidl_adapter: 3.1.8 (/opt/ros/humble/share/rosidl_adapter/cmake)
[0.373s] -- Using all available rosidl_typesupport_cpp: rosidl_typesupport_fastrtps_cpp;rosidl_typesupport_introspection_cpp
[0.399s] -- Found geometry_msgs: 4.9.0 (/opt/ros/humble/share/geometry_msgs/cmake)
[0.603s] -- Found ament_cmake_ros: 0.10.0 (/opt/ros/humble/share/ament_cmake_ros/cmake)
[0.746s] -- Using all available rosidl_typesupport_c: rosidl_typesupport_fastrtps_c;rosidl_typesupport_introspection_c
[0.929s] -- Using all available rosidl_typesupport_cpp: rosidl_typesupport_fastrtps_cpp;rosidl_typesupport_introspection_cpp
[0.942s] -- Found PythonInterp: /usr/bin/python3 (found suitable version "3.10.12", minimum required is "3.6") 
[0.943s] -- Found python_cmake_module: 0.10.0 (/opt/ros/humble/share/python_cmake_module/cmake)
[0.958s] -- Found PythonLibs: /usr/lib/x86_64-linux-gnu/libpython3.10.so (found suitable version "3.10.12", minimum required is "3.5") 
[0.958s] -- Using PYTHON_EXECUTABLE: /usr/bin/python3
[0.958s] -- Using PYTHON_INCLUDE_DIRS: /usr/include/python3.10
[0.958s] -- Using PYTHON_LIBRARIES: /usr/lib/x86_64-linux-gnu/libpython3.10.so
[0.971s] -- Found PythonExtra: .so  
[1.011s] -- Found ament_lint_auto: 0.12.14 (/opt/ros/humble/share/ament_lint_auto/cmake)
[1.027s] -- Added test 'lint_cmake' to check CMake code style
[1.028s] -- Added test 'xmllint' to check XML markup files
[1.029s] -- Configuring done
[1.051s] -- Generating done
[1.058s] -- Build files have been written to: /home/aiv/ev_ws/planning/build/track_msgs
[1.064s] Invoked command in '/home/aiv/ev_ws/planning/build/track_msgs' returned '0': CMAKE_PREFIX_PATH=${CMAKE_PREFIX_PATH}:/opt/ros/humble /usr/bin/cmake /home/aiv/ev_ws/planning/src/track_msgs -DCMAKE_INSTALL_PREFIX=/home/aiv/ev_ws/planning/install/track_msgs
[1.065s] Invoking command in '/home/aiv/ev_ws/planning/build/track_msgs': CMAKE_PREFIX_PATH=${CMAKE_PREFIX_PATH}:/opt/ros/humble /usr/bin/cmake --build /home/aiv/ev_ws/planning/build/track_msgs -- -j28 -l28
[1.092s] [  1%] Generating C code for ROS interfaces
[1.102s] [  2%] Generating C++ code for ROS interfaces
[1.103s] [  2%] Built target ament_cmake_python_copy_track_msgs
[1.242s] running egg_info
[1.242s] creating track_msgs.egg-info
[1.242s] writing track_msgs.egg-info/PKG-INFO
[1.242s] writing dependency_links to track_msgs.egg-info/dependency_links.txt
[1.242s] writing top-level names to track_msgs.egg-info/top_level.txt
[1.242s] writing manifest file 'track_msgs.egg-info/SOURCES.txt'
[1.244s] reading manifest file 'track_msgs.egg-info/SOURCES.txt'
[1.244s] writing manifest file 'track_msgs.egg-info/SOURCES.txt'
[1.262s] [  2%] Built target ament_cmake_python_build_track_msgs_egg
[1.526s] [  2%] Built target track_msgs__cpp
[1.534s] [  3%] Generating C++ type support dispatch for ROS interfaces
[1.534s] [  4%] Generating C++ introspection for ROS interfaces
[1.535s] [  5%] Generating C++ type support for eProsima Fast-RTPS
[1.536s] [  6%] Building C object CMakeFiles/track_msgs__rosidl_generator_c.dir/rosidl_generator_c/track_msgs/msg/detail/cone_array__functions.c.o
[1.536s] [  8%] Building C object CMakeFiles/track_msgs__rosidl_generator_c.dir/rosidl_generator_c/track_msgs/msg/detail/lane_boundary_array__functions.c.o
[1.536s] [  9%] Building C object CMakeFiles/track_msgs__rosidl_generator_c.dir/rosidl_generator_c/track_msgs/msg/detail/cone__functions.c.o
[1.536s] [ 10%] Building C object CMakeFiles/track_msgs__rosidl_generator_c.dir/rosidl_generator_c/track_msgs/msg/detail/obstacle_array__functions.c.o
[1.537s] [ 11%] Building C object CMakeFiles/track_msgs__rosidl_generator_c.dir/rosidl_generator_c/track_msgs/msg/detail/planner_status__functions.c.o
[1.537s] [ 12%] Building C object CMakeFiles/track_msgs__rosidl_generator_c.dir/rosidl_generator_c/track_msgs/msg/detail/system_state__functions.c.o
[1.537s] [ 13%] Building C object CMakeFiles/track_msgs__rosidl_generator_c.dir/rosidl_generator_c/track_msgs/msg/detail/lane_boundary__functions.c.o
[1.538s] [ 14%] Building C object CMakeFiles/track_msgs__rosidl_generator_c.dir/rosidl_generator_c/track_msgs/msg/detail/obstacle__functions.c.o
[1.578s] [ 16%] Linking C shared library libtrack_msgs__rosidl_generator_c.so
[1.606s] [ 16%] Built target track_msgs__rosidl_generator_c
[1.615s] [ 17%] Generating C introspection for ROS interfaces
[1.616s] [ 19%] Generating C type support dispatch for ROS interfaces
[1.616s] [ 19%] Generating C type support for eProsima Fast-RTPS
[1.858s] [ 20%] Building CXX object CMakeFiles/track_msgs__rosidl_typesupport_cpp.dir/rosidl_typesupport_cpp/track_msgs/msg/lane_boundary__type_support.cpp.o
[1.858s] [ 21%] Building CXX object CMakeFiles/track_msgs__rosidl_typesupport_cpp.dir/rosidl_typesupport_cpp/track_msgs/msg/cone__type_support.cpp.o
[1.859s] [ 22%] Building CXX object CMakeFiles/track_msgs__rosidl_typesupport_cpp.dir/rosidl_typesupport_cpp/track_msgs/msg/cone_array__type_support.cpp.o
[1.860s] [ 24%] Building CXX object CMakeFiles/track_msgs__rosidl_typesupport_cpp.dir/rosidl_typesupport_cpp/track_msgs/msg/lane_boundary_array__type_support.cpp.o
[1.861s] [ 25%] Building CXX object CMakeFiles/track_msgs__rosidl_typesupport_cpp.dir/rosidl_typesupport_cpp/track_msgs/msg/obstacle__type_support.cpp.o
[1.861s] [ 27%] Building CXX object CMakeFiles/track_msgs__rosidl_typesupport_cpp.dir/rosidl_typesupport_cpp/track_msgs/msg/planner_status__type_support.cpp.o
[1.861s] [ 27%] Building CXX object CMakeFiles/track_msgs__rosidl_typesupport_cpp.dir/rosidl_typesupport_cpp/track_msgs/msg/obstacle_array__type_support.cpp.o
[1.861s] [ 28%] Building CXX object CMakeFiles/track_msgs__rosidl_typesupport_cpp.dir/rosidl_typesupport_cpp/track_msgs/msg/system_state__type_support.cpp.o
[1.911s] [ 31%] Building CXX object CMakeFiles/track_msgs__rosidl_typesupport_introspection_cpp.dir/rosidl_typesupport_introspection_cpp/track_msgs/msg/detail/cone_array__type_support.cpp.o
[1.911s] [ 31%] Building CXX object CMakeFiles/track_msgs__rosidl_typesupport_introspection_cpp.dir/rosidl_typesupport_introspection_cpp/track_msgs/msg/detail/lane_boundary__type_support.cpp.o
[1.913s] [ 32%] Building CXX object CMakeFiles/track_msgs__rosidl_typesupport_introspection_cpp.dir/rosidl_typesupport_introspection_cpp/track_msgs/msg/detail/obstacle__type_support.cpp.o
[1.913s] [ 35%] Building CXX object CMakeFiles/track_msgs__rosidl_typesupport_introspection_cpp.dir/rosidl_typesupport_introspection_cpp/track_msgs/msg/detail/system_state__type_support.cpp.o
[1.913s] [ 35%] Building CXX object CMakeFiles/track_msgs__rosidl_typesupport_introspection_cpp.dir/rosidl_typesupport_introspection_cpp/track_msgs/msg/detail/cone__type_support.cpp.o
[1.913s] [ 35%] Building CXX object CMakeFiles/track_msgs__rosidl_typesupport_introspection_cpp.dir/rosidl_typesupport_introspection_cpp/track_msgs/msg/detail/lane_boundary_array__type_support.cpp.o
[1.913s] [ 37%] Building CXX object CMakeFiles/track_msgs__rosidl_typesupport_introspection_cpp.dir/rosidl_typesupport_introspection_cpp/track_msgs/msg/detail/obstacle_array__type_support.cpp.o
[1.913s] [ 37%] Building CXX object CMakeFiles/track_msgs__rosidl_typesupport_introspection_cpp.dir/rosidl_typesupport_introspection_cpp/track_msgs/msg/detail/planner_status__type_support.cpp.o
[2.018s] [ 39%] Building CXX object CMakeFiles/track_msgs__rosidl_typesupport_c.dir/rosidl_typesupport_c/track_msgs/msg/cone_array__type_support.cpp.o
[2.024s] [ 41%] Building CXX object CMakeFiles/track_msgs__rosidl_typesupport_fastrtps_cpp.dir/rosidl_typesupport_fastrtps_cpp/track_msgs/msg/detail/dds_fastrtps/lane_boundary_array__type_support.cpp.o
[2.024s] [ 44%] Building CXX object CMakeFiles/track_msgs__rosidl_typesupport_c.dir/rosidl_typesupport_c/track_msgs/msg/lane_boundary_array__type_support.cpp.o
[2.024s] [ 44%] Building CXX object CMakeFiles/track_msgs__rosidl_typesupport_fastrtps_cpp.dir/rosidl_typesupport_fastrtps_cpp/track_msgs/msg/detail/dds_fastrtps/lane_boundary__type_support.cpp.o
[2.024s] [ 45%] Building CXX object CMakeFiles/track_msgs__rosidl_typesupport_c.dir/rosidl_typesupport_c/track_msgs/msg/cone__type_support.cpp.o
[2.024s] [ 47%] Building CXX object CMakeFiles/track_msgs__rosidl_typesupport_c.dir/rosidl_typesupport_c/track_msgs/msg/obstacle__type_support.cpp.o
[2.024s] [ 47%] Building CXX object CMakeFiles/track_msgs__rosidl_typesupport_c.dir/rosidl_typesupport_c/track_msgs/msg/obstacle_array__type_support.cpp.o
[2.024s] [ 47%] Building CXX object CMakeFiles/track_msgs__rosidl_typesupport_c.dir/rosidl_typesupport_c/track_msgs/msg/lane_boundary__type_support.cpp.o
[2.024s] [ 48%] Building CXX object CMakeFiles/track_msgs__rosidl_typesupport_fastrtps_cpp.dir/rosidl_typesupport_fastrtps_cpp/track_msgs/msg/detail/dds_fastrtps/cone__type_support.cpp.o
[2.030s] [ 49%] Building CXX object CMakeFiles/track_msgs__rosidl_typesupport_fastrtps_cpp.dir/rosidl_typesupport_fastrtps_cpp/track_msgs/msg/detail/dds_fastrtps/cone_array__type_support.cpp.o
[2.073s] [ 51%] Building CXX object CMakeFiles/track_msgs__rosidl_typesupport_fastrtps_cpp.dir/rosidl_typesupport_fastrtps_cpp/track_msgs/msg/detail/dds_fastrtps/planner_status__type_support.cpp.o
[2.073s] [ 52%] Building CXX object CMakeFiles/track_msgs__rosidl_typesupport_fastrtps_cpp.dir/rosidl_typesupport_fastrtps_cpp/track_msgs/msg/detail/dds_fastrtps/obstacle_array__type_support.cpp.o
[2.073s] [ 52%] Building CXX object CMakeFiles/track_msgs__rosidl_typesupport_fastrtps_cpp.dir/rosidl_typesupport_fastrtps_cpp/track_msgs/msg/detail/dds_fastrtps/obstacle__type_support.cpp.o
[2.074s] [ 54%] Building CXX object CMakeFiles/track_msgs__rosidl_typesupport_c.dir/rosidl_typesupport_c/track_msgs/msg/planner_status__type_support.cpp.o
[2.082s] [ 55%] Building CXX object CMakeFiles/track_msgs__rosidl_typesupport_fastrtps_cpp.dir/rosidl_typesupport_fastrtps_cpp/track_msgs/msg/detail/dds_fastrtps/system_state__type_support.cpp.o
[2.082s] [ 56%] Building CXX object CMakeFiles/track_msgs__rosidl_typesupport_c.dir/rosidl_typesupport_c/track_msgs/msg/system_state__type_support.cpp.o
[2.149s] [ 57%] Linking CXX shared library libtrack_msgs__rosidl_typesupport_c.so
[2.161s] [ 58%] Linking CXX shared library libtrack_msgs__rosidl_typesupport_cpp.so
[2.169s] [ 60%] Building C object CMakeFiles/track_msgs__rosidl_typesupport_introspection_c.dir/rosidl_typesupport_introspection_c/track_msgs/msg/detail/obstacle__type_support.c.o
[2.169s] [ 60%] Building C object CMakeFiles/track_msgs__rosidl_typesupport_introspection_c.dir/rosidl_typesupport_introspection_c/track_msgs/msg/detail/obstacle_array__type_support.c.o
[2.172s] [ 63%] Building C object CMakeFiles/track_msgs__rosidl_typesupport_introspection_c.dir/rosidl_typesupport_introspection_c/track_msgs/msg/detail/cone_array__type_support.c.o
[2.172s] [ 63%] Building C object CMakeFiles/track_msgs__rosidl_typesupport_introspection_c.dir/rosidl_typesupport_introspection_c/track_msgs/msg/detail/lane_boundary__type_support.c.o
[2.174s] [ 64%] Building C object CMakeFiles/track_msgs__rosidl_typesupport_introspection_c.dir/rosidl_typesupport_introspection_c/track_msgs/msg/detail/planner_status__type_support.c.o
[2.174s] [ 65%] Building C object CMakeFiles/track_msgs__rosidl_typesupport_introspection_c.dir/rosidl_typesupport_introspection_c/track_msgs/msg/detail/system_state__type_support.c.o
[2.174s] [ 66%] Building C object CMakeFiles/track_msgs__rosidl_typesupport_introspection_c.dir/rosidl_typesupport_introspection_c/track_msgs/msg/detail/cone__type_support.c.o
[2.174s] [ 67%] Building CXX object CMakeFiles/track_msgs__rosidl_typesupport_fastrtps_c.dir/rosidl_typesupport_fastrtps_c/track_msgs/msg/detail/lane_boundary__type_support_c.cpp.o
[2.176s] [ 68%] Building C object CMakeFiles/track_msgs__rosidl_typesupport_introspection_c.dir/rosidl_typesupport_introspection_c/track_msgs/msg/detail/lane_boundary_array__type_support.c.o
[2.177s] [ 70%] Building CXX object CMakeFiles/track_msgs__rosidl_typesupport_fastrtps_c.dir/rosidl_typesupport_fastrtps_c/track_msgs/msg/detail/lane_boundary_array__type_support_c.cpp.o
[2.212s] [ 70%] Built target track_msgs__rosidl_typesupport_c
[2.217s] [ 73%] Building CXX object CMakeFiles/track_msgs__rosidl_typesupport_fastrtps_c.dir/rosidl_typesupport_fastrtps_c/track_msgs/msg/detail/cone__type_support_c.cpp.o
[2.217s] [ 73%] Building CXX object CMakeFiles/track_msgs__rosidl_typesupport_fastrtps_c.dir/rosidl_typesupport_fastrtps_c/track_msgs/msg/detail/obstacle_array__type_support_c.cpp.o
[2.217s] [ 74%] Building CXX object CMakeFiles/track_msgs__rosidl_typesupport_fastrtps_c.dir/rosidl_typesupport_fastrtps_c/track_msgs/msg/detail/obstacle__type_support_c.cpp.o
[2.217s] [ 74%] Built target track_msgs__rosidl_typesupport_cpp
[2.220s] [ 77%] Building CXX object CMakeFiles/track_msgs__rosidl_typesupport_fastrtps_c.dir/rosidl_typesupport_fastrtps_c/track_msgs/msg/detail/cone_array__type_support_c.cpp.o
[2.220s] [ 73%] Building CXX object CMakeFiles/track_msgs__rosidl_typesupport_fastrtps_c.dir/rosidl_typesupport_fastrtps_c/track_msgs/msg/detail/planner_status__type_support_c.cpp.o
[2.221s] [ 77%] Building CXX object CMakeFiles/track_msgs__rosidl_typesupport_fastrtps_c.dir/rosidl_typesupport_fastrtps_c/track_msgs/msg/detail/system_state__type_support_c.cpp.o
[2.241s] [ 78%] Linking C shared library libtrack_msgs__rosidl_typesupport_introspection_c.so
[2.290s] [ 78%] Built target track_msgs__rosidl_typesupport_introspection_c
[2.394s] [ 79%] Linking CXX shared library libtrack_msgs__rosidl_typesupport_introspection_cpp.so
[2.518s] [ 79%] Built target track_msgs__rosidl_typesupport_introspection_cpp
[2.559s] [ 80%] Linking CXX shared library libtrack_msgs__rosidl_typesupport_fastrtps_c.so
[2.578s] [ 81%] Linking CXX shared library libtrack_msgs__rosidl_typesupport_fastrtps_cpp.so
[2.611s] [ 81%] Built target track_msgs__rosidl_typesupport_fastrtps_c
[2.634s] [ 81%] Built target track_msgs__rosidl_typesupport_fastrtps_cpp
[2.650s] [ 81%] Built target track_msgs
[2.667s] [ 82%] Generating Python code for ROS interfaces
[3.386s] [ 82%] Built target track_msgs__py
[3.402s] [ 83%] Building C object CMakeFiles/track_msgs__rosidl_generator_py.dir/rosidl_generator_py/track_msgs/msg/_obstacle_array_s.c.o
[3.402s] [ 86%] Building C object CMakeFiles/track_msgs__rosidl_generator_py.dir/rosidl_generator_py/track_msgs/msg/_system_state_s.c.o
[3.402s] [ 86%] Building C object CMakeFiles/track_msgs__rosidl_generator_py.dir/rosidl_generator_py/track_msgs/msg/_planner_status_s.c.o
[3.404s] [ 88%] Building C object CMakeFiles/track_msgs__rosidl_generator_py.dir/rosidl_generator_py/track_msgs/msg/_lane_boundary_s.c.o
[3.404s] [ 89%] Building C object CMakeFiles/track_msgs__rosidl_generator_py.dir/rosidl_generator_py/track_msgs/msg/_cone_s.c.o
[3.404s] [ 90%] Building C object CMakeFiles/track_msgs__rosidl_generator_py.dir/rosidl_generator_py/track_msgs/msg/_obstacle_s.c.o
[3.404s] [ 88%] Building C object CMakeFiles/track_msgs__rosidl_generator_py.dir/rosidl_generator_py/track_msgs/msg/_lane_boundary_array_s.c.o
[3.404s] [ 91%] Building C object CMakeFiles/track_msgs__rosidl_generator_py.dir/rosidl_generator_py/track_msgs/msg/_cone_array_s.c.o
[3.487s] [ 93%] Linking C shared library rosidl_generator_py/track_msgs/libtrack_msgs__rosidl_generator_py.so
[3.519s] [ 93%] Built target track_msgs__rosidl_generator_py
[3.536s] [ 94%] Building C object CMakeFiles/track_msgs__rosidl_typesupport_c__pyext.dir/rosidl_generator_py/track_msgs/_track_msgs_s.ep.rosidl_typesupport_c.c.o
[3.537s] [ 96%] Building C object CMakeFiles/track_msgs__rosidl_typesupport_introspection_c__pyext.dir/rosidl_generator_py/track_msgs/_track_msgs_s.ep.rosidl_typesupport_introspection_c.c.o
[3.537s] [ 96%] Building C object CMakeFiles/track_msgs__rosidl_typesupport_fastrtps_c__pyext.dir/rosidl_generator_py/track_msgs/_track_msgs_s.ep.rosidl_typesupport_fastrtps_c.c.o
[3.609s] [ 97%] Linking C shared library rosidl_generator_py/track_msgs/track_msgs_s__rosidl_typesupport_introspection_c.cpython-310-x86_64-linux-gnu.so
[3.610s] [ 98%] Linking C shared library rosidl_generator_py/track_msgs/track_msgs_s__rosidl_typesupport_c.cpython-310-x86_64-linux-gnu.so
[3.614s] [100%] Linking C shared library rosidl_generator_py/track_msgs/track_msgs_s__rosidl_typesupport_fastrtps_c.cpython-310-x86_64-linux-gnu.so
[3.637s] [100%] Built target track_msgs__rosidl_typesupport_c__pyext
[3.638s] [100%] Built target track_msgs__rosidl_typesupport_introspection_c__pyext
[3.641s] [100%] Built target track_msgs__rosidl_typesupport_fastrtps_c__pyext
[3.649s] Invoked command in '/home/aiv/ev_ws/planning/build/track_msgs' returned '0': CMAKE_PREFIX_PATH=${CMAKE_PREFIX_PATH}:/opt/ros/humble /usr/bin/cmake --build /home/aiv/ev_ws/planning/build/track_msgs -- -j28 -l28
[3.656s] Invoking command in '/home/aiv/ev_ws/planning/build/track_msgs': CMAKE_PREFIX_PATH=${CMAKE_PREFIX_PATH}:/opt/ros/humble /usr/bin/cmake --install /home/aiv/ev_ws/planning/build/track_msgs
[3.662s] -- Install configuration: ""
[3.662s] -- Installing: /home/aiv/ev_ws/planning/install/track_msgs/share/ament_index/resource_index/rosidl_interfaces/track_msgs
[3.663s] -- Installing: /home/aiv/ev_ws/planning/install/track_msgs/include/track_msgs/track_msgs
[3.663s] -- Installing: /home/aiv/ev_ws/planning/install/track_msgs/include/track_msgs/track_msgs/msg
[3.663s] -- Installing: /home/aiv/ev_ws/planning/install/track_msgs/include/track_msgs/track_msgs/msg/lane_boundary.h
[3.663s] -- Installing: /home/aiv/ev_ws/planning/install/track_msgs/include/track_msgs/track_msgs/msg/rosidl_generator_c__visibility_control.h
[3.663s] -- Installing: /home/aiv/ev_ws/planning/install/track_msgs/include/track_msgs/track_msgs/msg/system_state.h
[3.663s] -- Installing: /home/aiv/ev_ws/planning/install/track_msgs/include/track_msgs/track_msgs/msg/obstacle_array.h
[3.663s] -- Installing: /home/aiv/ev_ws/planning/install/track_msgs/include/track_msgs/track_msgs/msg/cone.h
[3.663s] -- Installing: /home/aiv/ev_ws/planning/install/track_msgs/include/track_msgs/track_msgs/msg/lane_boundary_array.h
[3.663s] -- Installing: /home/aiv/ev_ws/planning/install/track_msgs/include/track_msgs/track_msgs/msg/cone_array.h
[3.663s] -- Installing: /home/aiv/ev_ws/planning/install/track_msgs/include/track_msgs/track_msgs/msg/detail
[3.663s] -- Installing: /home/aiv/ev_ws/planning/install/track_msgs/include/track_msgs/track_msgs/msg/detail/obstacle_array__functions.h
[3.663s] -- Installing: /home/aiv/ev_ws/planning/install/track_msgs/include/track_msgs/track_msgs/msg/detail/obstacle__struct.h
[3.663s] -- Installing: /home/aiv/ev_ws/planning/install/track_msgs/include/track_msgs/track_msgs/msg/detail/obstacle_array__functions.c
[3.663s] -- Installing: /home/aiv/ev_ws/planning/install/track_msgs/include/track_msgs/track_msgs/msg/detail/cone__functions.c
[3.663s] -- Installing: /home/aiv/ev_ws/planning/install/track_msgs/include/track_msgs/track_msgs/msg/detail/obstacle__functions.c
[3.664s] -- Installing: /home/aiv/ev_ws/planning/install/track_msgs/include/track_msgs/track_msgs/msg/detail/obstacle_array__type_support.h
[3.664s] -- Installing: /home/aiv/ev_ws/planning/install/track_msgs/include/track_msgs/track_msgs/msg/detail/obstacle__functions.h
[3.664s] -- Installing: /home/aiv/ev_ws/planning/install/track_msgs/include/track_msgs/track_msgs/msg/detail/lane_boundary__functions.h
[3.664s] -- Installing: /home/aiv/ev_ws/planning/install/track_msgs/include/track_msgs/track_msgs/msg/detail/cone_array__struct.h
[3.664s] -- Installing: /home/aiv/ev_ws/planning/install/track_msgs/include/track_msgs/track_msgs/msg/detail/cone_array__functions.h
[3.664s] -- Installing: /home/aiv/ev_ws/planning/install/track_msgs/include/track_msgs/track_msgs/msg/detail/cone_array__functions.c
[3.664s] -- Installing: /home/aiv/ev_ws/planning/install/track_msgs/include/track_msgs/track_msgs/msg/detail/lane_boundary__functions.c
[3.664s] -- Installing: /home/aiv/ev_ws/planning/install/track_msgs/include/track_msgs/track_msgs/msg/detail/planner_status__functions.h
[3.664s] -- Installing: /home/aiv/ev_ws/planning/install/track_msgs/include/track_msgs/track_msgs/msg/detail/lane_boundary_array__struct.h
[3.664s] -- Installing: /home/aiv/ev_ws/planning/install/track_msgs/include/track_msgs/track_msgs/msg/detail/obstacle__type_support.h
[3.664s] -- Installing: /home/aiv/ev_ws/planning/install/track_msgs/include/track_msgs/track_msgs/msg/detail/planner_status__struct.h
[3.664s] -- Installing: /home/aiv/ev_ws/planning/install/track_msgs/include/track_msgs/track_msgs/msg/detail/lane_boundary__struct.h
[3.664s] -- Installing: /home/aiv/ev_ws/planning/install/track_msgs/include/track_msgs/track_msgs/msg/detail/obstacle_array__struct.h
[3.664s] -- Installing: /home/aiv/ev_ws/planning/install/track_msgs/include/track_msgs/track_msgs/msg/detail/lane_boundary_array__functions.c
[3.664s] -- Installing: /home/aiv/ev_ws/planning/install/track_msgs/include/track_msgs/track_msgs/msg/detail/system_state__type_support.h
[3.664s] -- Installing: /home/aiv/ev_ws/planning/install/track_msgs/include/track_msgs/track_msgs/msg/detail/cone__type_support.h
[3.664s] -- Installing: /home/aiv/ev_ws/planning/install/track_msgs/include/track_msgs/track_msgs/msg/detail/lane_boundary_array__functions.h
[3.664s] -- Installing: /home/aiv/ev_ws/planning/install/track_msgs/include/track_msgs/track_msgs/msg/detail/cone__functions.h
[3.664s] -- Installing: /home/aiv/ev_ws/planning/install/track_msgs/include/track_msgs/track_msgs/msg/detail/system_state__functions.h
[3.664s] -- Installing: /home/aiv/ev_ws/planning/install/track_msgs/include/track_msgs/track_msgs/msg/detail/system_state__functions.c
[3.664s] -- Installing: /home/aiv/ev_ws/planning/install/track_msgs/include/track_msgs/track_msgs/msg/detail/planner_status__type_support.h
[3.664s] -- Installing: /home/aiv/ev_ws/planning/install/track_msgs/include/track_msgs/track_msgs/msg/detail/planner_status__functions.c
[3.664s] -- Installing: /home/aiv/ev_ws/planning/install/track_msgs/include/track_msgs/track_msgs/msg/detail/lane_boundary_array__type_support.h
[3.665s] -- Installing: /home/aiv/ev_ws/planning/install/track_msgs/include/track_msgs/track_msgs/msg/detail/cone__struct.h
[3.665s] -- Installing: /home/aiv/ev_ws/planning/install/track_msgs/include/track_msgs/track_msgs/msg/detail/cone_array__type_support.h
[3.665s] -- Installing: /home/aiv/ev_ws/planning/install/track_msgs/include/track_msgs/track_msgs/msg/detail/system_state__struct.h
[3.665s] -- Installing: /home/aiv/ev_ws/planning/install/track_msgs/include/track_msgs/track_msgs/msg/detail/lane_boundary__type_support.h
[3.665s] -- Installing: /home/aiv/ev_ws/planning/install/track_msgs/include/track_msgs/track_msgs/msg/obstacle.h
[3.665s] -- Installing: /home/aiv/ev_ws/planning/install/track_msgs/include/track_msgs/track_msgs/msg/planner_status.h
[3.665s] -- Installing: /home/aiv/ev_ws/planning/install/track_msgs/share/track_msgs/environment/library_path.sh
[3.665s] -- Installing: /home/aiv/ev_ws/planning/install/track_msgs/share/track_msgs/environment/library_path.dsv
[3.665s] -- Installing: /home/aiv/ev_ws/planning/install/track_msgs/lib/libtrack_msgs__rosidl_generator_c.so
[3.665s] -- Set runtime path of "/home/aiv/ev_ws/planning/install/track_msgs/lib/libtrack_msgs__rosidl_generator_c.so" to ""
[3.665s] -- Up-to-date: /home/aiv/ev_ws/planning/install/track_msgs/include/track_msgs/track_msgs
[3.665s] -- Up-to-date: /home/aiv/ev_ws/planning/install/track_msgs/include/track_msgs/track_msgs/msg
[3.665s] -- Installing: /home/aiv/ev_ws/planning/install/track_msgs/include/track_msgs/track_msgs/msg/rosidl_typesupport_fastrtps_c__visibility_control.h
[3.665s] -- Up-to-date: /home/aiv/ev_ws/planning/install/track_msgs/include/track_msgs/track_msgs/msg/detail
[3.665s] -- Installing: /home/aiv/ev_ws/planning/install/track_msgs/include/track_msgs/track_msgs/msg/detail/obstacle_array__rosidl_typesupport_fastrtps_c.h
[3.665s] -- Installing: /home/aiv/ev_ws/planning/install/track_msgs/include/track_msgs/track_msgs/msg/detail/system_state__rosidl_typesupport_fastrtps_c.h
[3.665s] -- Installing: /home/aiv/ev_ws/planning/install/track_msgs/include/track_msgs/track_msgs/msg/detail/lane_boundary__rosidl_typesupport_fastrtps_c.h
[3.665s] -- Installing: /home/aiv/ev_ws/planning/install/track_msgs/include/track_msgs/track_msgs/msg/detail/cone__rosidl_typesupport_fastrtps_c.h
[3.665s] -- Installing: /home/aiv/ev_ws/planning/install/track_msgs/include/track_msgs/track_msgs/msg/detail/planner_status__rosidl_typesupport_fastrtps_c.h
[3.665s] -- Installing: /home/aiv/ev_ws/planning/install/track_msgs/include/track_msgs/track_msgs/msg/detail/obstacle__rosidl_typesupport_fastrtps_c.h
[3.665s] -- Installing: /home/aiv/ev_ws/planning/install/track_msgs/include/track_msgs/track_msgs/msg/detail/cone_array__rosidl_typesupport_fastrtps_c.h
[3.665s] -- Installing: /home/aiv/ev_ws/planning/install/track_msgs/include/track_msgs/track_msgs/msg/detail/lane_boundary_array__rosidl_typesupport_fastrtps_c.h
[3.666s] -- Installing: /home/aiv/ev_ws/planning/install/track_msgs/lib/libtrack_msgs__rosidl_typesupport_fastrtps_c.so
[3.666s] -- Set runtime path of "/home/aiv/ev_ws/planning/install/track_msgs/lib/libtrack_msgs__rosidl_typesupport_fastrtps_c.so" to ""
[3.666s] -- Up-to-date: /home/aiv/ev_ws/planning/install/track_msgs/include/track_msgs/track_msgs
[3.666s] -- Up-to-date: /home/aiv/ev_ws/planning/install/track_msgs/include/track_msgs/track_msgs/msg
[3.666s] -- Up-to-date: /home/aiv/ev_ws/planning/install/track_msgs/include/track_msgs/track_msgs/msg/detail
[3.666s] -- Installing: /home/aiv/ev_ws/planning/install/track_msgs/include/track_msgs/track_msgs/msg/detail/system_state__rosidl_typesupport_introspection_c.h
[3.666s] -- Installing: /home/aiv/ev_ws/planning/install/track_msgs/include/track_msgs/track_msgs/msg/detail/obstacle_array__rosidl_typesupport_introspection_c.h
[3.666s] -- Installing: /home/aiv/ev_ws/planning/install/track_msgs/include/track_msgs/track_msgs/msg/detail/lane_boundary_array__type_support.c
[3.666s] -- Installing: /home/aiv/ev_ws/planning/install/track_msgs/include/track_msgs/track_msgs/msg/detail/cone_array__rosidl_typesupport_introspection_c.h
[3.666s] -- Installing: /home/aiv/ev_ws/planning/install/track_msgs/include/track_msgs/track_msgs/msg/detail/obstacle__type_support.c
[3.666s] -- Installing: /home/aiv/ev_ws/planning/install/track_msgs/include/track_msgs/track_msgs/msg/detail/cone__type_support.c
[3.666s] -- Installing: /home/aiv/ev_ws/planning/install/track_msgs/include/track_msgs/track_msgs/msg/detail/system_state__type_support.c
[3.666s] -- Installing: /home/aiv/ev_ws/planning/install/track_msgs/include/track_msgs/track_msgs/msg/detail/obstacle_array__type_support.c
[3.666s] -- Installing: /home/aiv/ev_ws/planning/install/track_msgs/include/track_msgs/track_msgs/msg/detail/cone__rosidl_typesupport_introspection_c.h
[3.666s] -- Installing: /home/aiv/ev_ws/planning/install/track_msgs/include/track_msgs/track_msgs/msg/detail/obstacle__rosidl_typesupport_introspection_c.h
[3.666s] -- Installing: /home/aiv/ev_ws/planning/install/track_msgs/include/track_msgs/track_msgs/msg/detail/lane_boundary__type_support.c
[3.666s] -- Installing: /home/aiv/ev_ws/planning/install/track_msgs/include/track_msgs/track_msgs/msg/detail/lane_boundary_array__rosidl_typesupport_introspection_c.h
[3.666s] -- Installing: /home/aiv/ev_ws/planning/install/track_msgs/include/track_msgs/track_msgs/msg/detail/planner_status__type_support.c
[3.666s] -- Installing: /home/aiv/ev_ws/planning/install/track_msgs/include/track_msgs/track_msgs/msg/detail/cone_array__type_support.c
[3.666s] -- Installing: /home/aiv/ev_ws/planning/install/track_msgs/include/track_msgs/track_msgs/msg/detail/planner_status__rosidl_typesupport_introspection_c.h
[3.666s] -- Installing: /home/aiv/ev_ws/planning/install/track_msgs/include/track_msgs/track_msgs/msg/detail/lane_boundary__rosidl_typesupport_introspection_c.h
[3.666s] -- Installing: /home/aiv/ev_ws/planning/install/track_msgs/include/track_msgs/track_msgs/msg/rosidl_typesupport_introspection_c__visibility_control.h
[3.666s] -- Installing: /home/aiv/ev_ws/planning/install/track_msgs/lib/libtrack_msgs__rosidl_typesupport_introspection_c.so
[3.667s] -- Set runtime path of "/home/aiv/ev_ws/planning/install/track_msgs/lib/libtrack_msgs__rosidl_typesupport_introspection_c.so" to ""
[3.667s] -- Installing: /home/aiv/ev_ws/planning/install/track_msgs/lib/libtrack_msgs__rosidl_typesupport_c.so
[3.667s] -- Set runtime path of "/home/aiv/ev_ws/planning/install/track_msgs/lib/libtrack_msgs__rosidl_typesupport_c.so" to ""
[3.667s] -- Up-to-date: /home/aiv/ev_ws/planning/install/track_msgs/include/track_msgs/track_msgs
[3.667s] -- Up-to-date: /home/aiv/ev_ws/planning/install/track_msgs/include/track_msgs/track_msgs/msg
[3.667s] -- Installing: /home/aiv/ev_ws/planning/install/track_msgs/include/track_msgs/track_msgs/msg/system_state.hpp
[3.667s] -- Installing: /home/aiv/ev_ws/planning/install/track_msgs/include/track_msgs/track_msgs/msg/cone_array.hpp
[3.667s] -- Installing: /home/aiv/ev_ws/planning/install/track_msgs/include/track_msgs/track_msgs/msg/planner_status.hpp
[3.667s] -- Installing: /home/aiv/ev_ws/planning/install/track_msgs/include/track_msgs/track_msgs/msg/obstacle_array.hpp
[3.667s] -- Installing: /home/aiv/ev_ws/planning/install/track_msgs/include/track_msgs/track_msgs/msg/lane_boundary.hpp
[3.667s] -- Installing: /home/aiv/ev_ws/planning/install/track_msgs/include/track_msgs/track_msgs/msg/rosidl_generator_cpp__visibility_control.hpp
[3.667s] -- Installing: /home/aiv/ev_ws/planning/install/track_msgs/include/track_msgs/track_msgs/msg/obstacle.hpp
[3.667s] -- Up-to-date: /home/aiv/ev_ws/planning/install/track_msgs/include/track_msgs/track_msgs/msg/detail
[3.667s] -- Installing: /home/aiv/ev_ws/planning/install/track_msgs/include/track_msgs/track_msgs/msg/detail/cone__builder.hpp
[3.667s] -- Installing: /home/aiv/ev_ws/planning/install/track_msgs/include/track_msgs/track_msgs/msg/detail/obstacle__builder.hpp
[3.667s] -- Installing: /home/aiv/ev_ws/planning/install/track_msgs/include/track_msgs/track_msgs/msg/detail/cone__type_support.hpp
[3.667s] -- Installing: /home/aiv/ev_ws/planning/install/track_msgs/include/track_msgs/track_msgs/msg/detail/lane_boundary_array__traits.hpp
[3.667s] -- Installing: /home/aiv/ev_ws/planning/install/track_msgs/include/track_msgs/track_msgs/msg/detail/lane_boundary_array__type_support.hpp
[3.667s] -- Installing: /home/aiv/ev_ws/planning/install/track_msgs/include/track_msgs/track_msgs/msg/detail/cone__struct.hpp
[3.667s] -- Installing: /home/aiv/ev_ws/planning/install/track_msgs/include/track_msgs/track_msgs/msg/detail/lane_boundary_array__struct.hpp
[3.667s] -- Installing: /home/aiv/ev_ws/planning/install/track_msgs/include/track_msgs/track_msgs/msg/detail/cone_array__traits.hpp
[3.667s] -- Installing: /home/aiv/ev_ws/planning/install/track_msgs/include/track_msgs/track_msgs/msg/detail/planner_status__struct.hpp
[3.667s] -- Installing: /home/aiv/ev_ws/planning/install/track_msgs/include/track_msgs/track_msgs/msg/detail/planner_status__type_support.hpp
[3.667s] -- Installing: /home/aiv/ev_ws/planning/install/track_msgs/include/track_msgs/track_msgs/msg/detail/planner_status__traits.hpp
[3.668s] -- Installing: /home/aiv/ev_ws/planning/install/track_msgs/include/track_msgs/track_msgs/msg/detail/lane_boundary__type_support.hpp
[3.668s] -- Installing: /home/aiv/ev_ws/planning/install/track_msgs/include/track_msgs/track_msgs/msg/detail/obstacle__traits.hpp
[3.668s] -- Installing: /home/aiv/ev_ws/planning/install/track_msgs/include/track_msgs/track_msgs/msg/detail/cone_array__struct.hpp
[3.668s] -- Installing: /home/aiv/ev_ws/planning/install/track_msgs/include/track_msgs/track_msgs/msg/detail/cone__traits.hpp
[3.668s] -- Installing: /home/aiv/ev_ws/planning/install/track_msgs/include/track_msgs/track_msgs/msg/detail/lane_boundary_array__builder.hpp
[3.668s] -- Installing: /home/aiv/ev_ws/planning/install/track_msgs/include/track_msgs/track_msgs/msg/detail/system_state__builder.hpp
[3.668s] -- Installing: /home/aiv/ev_ws/planning/install/track_msgs/include/track_msgs/track_msgs/msg/detail/lane_boundary__struct.hpp
[3.668s] -- Installing: /home/aiv/ev_ws/planning/install/track_msgs/include/track_msgs/track_msgs/msg/detail/lane_boundary__builder.hpp
[3.668s] -- Installing: /home/aiv/ev_ws/planning/install/track_msgs/include/track_msgs/track_msgs/msg/detail/lane_boundary__traits.hpp
[3.668s] -- Installing: /home/aiv/ev_ws/planning/install/track_msgs/include/track_msgs/track_msgs/msg/detail/obstacle_array__builder.hpp
[3.668s] -- Installing: /home/aiv/ev_ws/planning/install/track_msgs/include/track_msgs/track_msgs/msg/detail/system_state__traits.hpp
[3.668s] -- Installing: /home/aiv/ev_ws/planning/install/track_msgs/include/track_msgs/track_msgs/msg/detail/cone_array__type_support.hpp
[3.668s] -- Installing: /home/aiv/ev_ws/planning/install/track_msgs/include/track_msgs/track_msgs/msg/detail/system_state__struct.hpp
[3.668s] -- Installing: /home/aiv/ev_ws/planning/install/track_msgs/include/track_msgs/track_msgs/msg/detail/obstacle_array__struct.hpp
[3.668s] -- Installing: /home/aiv/ev_ws/planning/install/track_msgs/include/track_msgs/track_msgs/msg/detail/cone_array__builder.hpp
[3.668s] -- Installing: /home/aiv/ev_ws/planning/install/track_msgs/include/track_msgs/track_msgs/msg/detail/planner_status__builder.hpp
[3.668s] -- Installing: /home/aiv/ev_ws/planning/install/track_msgs/include/track_msgs/track_msgs/msg/detail/obstacle__type_support.hpp
[3.669s] -- Installing: /home/aiv/ev_ws/planning/install/track_msgs/include/track_msgs/track_msgs/msg/detail/system_state__type_support.hpp
[3.669s] -- Installing: /home/aiv/ev_ws/planning/install/track_msgs/include/track_msgs/track_msgs/msg/detail/obstacle_array__traits.hpp
[3.669s] -- Installing: /home/aiv/ev_ws/planning/install/track_msgs/include/track_msgs/track_msgs/msg/detail/obstacle__struct.hpp
[3.669s] -- Installing: /home/aiv/ev_ws/planning/install/track_msgs/include/track_msgs/track_msgs/msg/detail/obstacle_array__type_support.hpp
[3.669s] -- Installing: /home/aiv/ev_ws/planning/install/track_msgs/include/track_msgs/track_msgs/msg/cone.hpp
[3.669s] -- Installing: /home/aiv/ev_ws/planning/install/track_msgs/include/track_msgs/track_msgs/msg/lane_boundary_array.hpp
[3.669s] -- Up-to-date: /home/aiv/ev_ws/planning/install/track_msgs/include/track_msgs/track_msgs
[3.669s] -- Up-to-date: /home/aiv/ev_ws/planning/install/track_msgs/include/track_msgs/track_msgs/msg
[3.669s] -- Up-to-date: /home/aiv/ev_ws/planning/install/track_msgs/include/track_msgs/track_msgs/msg/detail
[3.669s] -- Installing: /home/aiv/ev_ws/planning/install/track_msgs/include/track_msgs/track_msgs/msg/detail/system_state__rosidl_typesupport_fastrtps_cpp.hpp
[3.669s] -- Installing: /home/aiv/ev_ws/planning/install/track_msgs/include/track_msgs/track_msgs/msg/detail/dds_fastrtps
[3.669s] -- Installing: /home/aiv/ev_ws/planning/install/track_msgs/include/track_msgs/track_msgs/msg/detail/lane_boundary__rosidl_typesupport_fastrtps_cpp.hpp
[3.669s] -- Installing: /home/aiv/ev_ws/planning/install/track_msgs/include/track_msgs/track_msgs/msg/detail/planner_status__rosidl_typesupport_fastrtps_cpp.hpp
[3.669s] -- Installing: /home/aiv/ev_ws/planning/install/track_msgs/include/track_msgs/track_msgs/msg/detail/cone__rosidl_typesupport_fastrtps_cpp.hpp
[3.670s] -- Installing: /home/aiv/ev_ws/planning/install/track_msgs/include/track_msgs/track_msgs/msg/detail/cone_array__rosidl_typesupport_fastrtps_cpp.hpp
[3.670s] -- Installing: /home/aiv/ev_ws/planning/install/track_msgs/include/track_msgs/track_msgs/msg/detail/obstacle_array__rosidl_typesupport_fastrtps_cpp.hpp
[3.670s] -- Installing: /home/aiv/ev_ws/planning/install/track_msgs/include/track_msgs/track_msgs/msg/detail/lane_boundary_array__rosidl_typesupport_fastrtps_cpp.hpp
[3.670s] -- Installing: /home/aiv/ev_ws/planning/install/track_msgs/include/track_msgs/track_msgs/msg/detail/obstacle__rosidl_typesupport_fastrtps_cpp.hpp
[3.670s] -- Installing: /home/aiv/ev_ws/planning/install/track_msgs/include/track_msgs/track_msgs/msg/rosidl_typesupport_fastrtps_cpp__visibility_control.h
[3.670s] -- Installing: /home/aiv/ev_ws/planning/install/track_msgs/lib/libtrack_msgs__rosidl_typesupport_fastrtps_cpp.so
[3.670s] -- Set runtime path of "/home/aiv/ev_ws/planning/install/track_msgs/lib/libtrack_msgs__rosidl_typesupport_fastrtps_cpp.so" to ""
[3.670s] -- Up-to-date: /home/aiv/ev_ws/planning/install/track_msgs/include/track_msgs/track_msgs
[3.670s] -- Up-to-date: /home/aiv/ev_ws/planning/install/track_msgs/include/track_msgs/track_msgs/msg
[3.670s] -- Up-to-date: /home/aiv/ev_ws/planning/install/track_msgs/include/track_msgs/track_msgs/msg/detail
[3.670s] -- Installing: /home/aiv/ev_ws/planning/install/track_msgs/include/track_msgs/track_msgs/msg/detail/lane_boundary__type_support.cpp
[3.670s] -- Installing: /home/aiv/ev_ws/planning/install/track_msgs/include/track_msgs/track_msgs/msg/detail/obstacle_array__rosidl_typesupport_introspection_cpp.hpp
[3.670s] -- Installing: /home/aiv/ev_ws/planning/install/track_msgs/include/track_msgs/track_msgs/msg/detail/system_state__type_support.cpp
[3.670s] -- Installing: /home/aiv/ev_ws/planning/install/track_msgs/include/track_msgs/track_msgs/msg/detail/cone__type_support.cpp
[3.670s] -- Installing: /home/aiv/ev_ws/planning/install/track_msgs/include/track_msgs/track_msgs/msg/detail/system_state__rosidl_typesupport_introspection_cpp.hpp
[3.670s] -- Installing: /home/aiv/ev_ws/planning/install/track_msgs/include/track_msgs/track_msgs/msg/detail/planner_status__type_support.cpp
[3.671s] -- Installing: /home/aiv/ev_ws/planning/install/track_msgs/include/track_msgs/track_msgs/msg/detail/lane_boundary_array__rosidl_typesupport_introspection_cpp.hpp
[3.671s] -- Installing: /home/aiv/ev_ws/planning/install/track_msgs/include/track_msgs/track_msgs/msg/detail/cone_array__rosidl_typesupport_introspection_cpp.hpp
[3.671s] -- Installing: /home/aiv/ev_ws/planning/install/track_msgs/include/track_msgs/track_msgs/msg/detail/obstacle__type_support.cpp
[3.671s] -- Installing: /home/aiv/ev_ws/planning/install/track_msgs/include/track_msgs/track_msgs/msg/detail/planner_status__rosidl_typesupport_introspection_cpp.hpp
[3.671s] -- Installing: /home/aiv/ev_ws/planning/install/track_msgs/include/track_msgs/track_msgs/msg/detail/obstacle_array__type_support.cpp
[3.671s] -- Installing: /home/aiv/ev_ws/planning/install/track_msgs/include/track_msgs/track_msgs/msg/detail/lane_boundary_array__type_support.cpp
[3.671s] -- Installing: /home/aiv/ev_ws/planning/install/track_msgs/include/track_msgs/track_msgs/msg/detail/cone_array__type_support.cpp
[3.671s] -- Installing: /home/aiv/ev_ws/planning/install/track_msgs/include/track_msgs/track_msgs/msg/detail/cone__rosidl_typesupport_introspection_cpp.hpp
[3.671s] -- Installing: /home/aiv/ev_ws/planning/install/track_msgs/include/track_msgs/track_msgs/msg/detail/obstacle__rosidl_typesupport_introspection_cpp.hpp
[3.671s] -- Installing: /home/aiv/ev_ws/planning/install/track_msgs/include/track_msgs/track_msgs/msg/detail/lane_boundary__rosidl_typesupport_introspection_cpp.hpp
[3.671s] -- Installing: /home/aiv/ev_ws/planning/install/track_msgs/lib/libtrack_msgs__rosidl_typesupport_introspection_cpp.so
[3.671s] -- Set runtime path of "/home/aiv/ev_ws/planning/install/track_msgs/lib/libtrack_msgs__rosidl_typesupport_introspection_cpp.so" to ""
[3.671s] -- Installing: /home/aiv/ev_ws/planning/install/track_msgs/lib/libtrack_msgs__rosidl_typesupport_cpp.so
[3.671s] -- Set runtime path of "/home/aiv/ev_ws/planning/install/track_msgs/lib/libtrack_msgs__rosidl_typesupport_cpp.so" to ""
[3.672s] -- Installing: /home/aiv/ev_ws/planning/install/track_msgs/share/track_msgs/environment/pythonpath.sh
[3.672s] -- Installing: /home/aiv/ev_ws/planning/install/track_msgs/share/track_msgs/environment/pythonpath.dsv
[3.672s] -- Installing: /home/aiv/ev_ws/planning/install/track_msgs/local/lib/python3.10/dist-packages/track_msgs-0.1.0-py3.10.egg-info
[3.672s] -- Installing: /home/aiv/ev_ws/planning/install/track_msgs/local/lib/python3.10/dist-packages/track_msgs-0.1.0-py3.10.egg-info/PKG-INFO
[3.672s] -- Installing: /home/aiv/ev_ws/planning/install/track_msgs/local/lib/python3.10/dist-packages/track_msgs-0.1.0-py3.10.egg-info/top_level.txt
[3.672s] -- Installing: /home/aiv/ev_ws/planning/install/track_msgs/local/lib/python3.10/dist-packages/track_msgs-0.1.0-py3.10.egg-info/SOURCES.txt
[3.672s] -- Installing: /home/aiv/ev_ws/planning/install/track_msgs/local/lib/python3.10/dist-packages/track_msgs-0.1.0-py3.10.egg-info/dependency_links.txt
[3.672s] -- Installing: /home/aiv/ev_ws/planning/install/track_msgs/local/lib/python3.10/dist-packages/track_msgs
[3.672s] -- Installing: /home/aiv/ev_ws/planning/install/track_msgs/local/lib/python3.10/dist-packages/track_msgs/track_msgs_s__rosidl_typesupport_c.cpython-310-x86_64-linux-gnu.so
[3.672s] -- Installing: /home/aiv/ev_ws/planning/install/track_msgs/local/lib/python3.10/dist-packages/track_msgs/track_msgs_s__rosidl_typesupport_introspection_c.cpython-310-x86_64-linux-gnu.so
[3.672s] -- Installing: /home/aiv/ev_ws/planning/install/track_msgs/local/lib/python3.10/dist-packages/track_msgs/__init__.py
[3.672s] -- Installing: /home/aiv/ev_ws/planning/install/track_msgs/local/lib/python3.10/dist-packages/track_msgs/msg
[3.672s] -- Installing: /home/aiv/ev_ws/planning/install/track_msgs/local/lib/python3.10/dist-packages/track_msgs/msg/_cone_array.py
[3.672s] -- Installing: /home/aiv/ev_ws/planning/install/track_msgs/local/lib/python3.10/dist-packages/track_msgs/msg/_planner_status.py
[3.673s] -- Installing: /home/aiv/ev_ws/planning/install/track_msgs/local/lib/python3.10/dist-packages/track_msgs/msg/_lane_boundary.py
[3.673s] -- Installing: /home/aiv/ev_ws/planning/install/track_msgs/local/lib/python3.10/dist-packages/track_msgs/msg/_lane_boundary_s.c
[3.673s] -- Installing: /home/aiv/ev_ws/planning/install/track_msgs/local/lib/python3.10/dist-packages/track_msgs/msg/__init__.py
[3.673s] -- Installing: /home/aiv/ev_ws/planning/install/track_msgs/local/lib/python3.10/dist-packages/track_msgs/msg/_system_state_s.c
[3.673s] -- Installing: /home/aiv/ev_ws/planning/install/track_msgs/local/lib/python3.10/dist-packages/track_msgs/msg/_lane_boundary_array_s.c
[3.673s] -- Installing: /home/aiv/ev_ws/planning/install/track_msgs/local/lib/python3.10/dist-packages/track_msgs/msg/_planner_status_s.c
[3.673s] -- Installing: /home/aiv/ev_ws/planning/install/track_msgs/local/lib/python3.10/dist-packages/track_msgs/msg/_obstacle_array_s.c
[3.673s] -- Installing: /home/aiv/ev_ws/planning/install/track_msgs/local/lib/python3.10/dist-packages/track_msgs/msg/_cone_array_s.c
[3.673s] -- Installing: /home/aiv/ev_ws/planning/install/track_msgs/local/lib/python3.10/dist-packages/track_msgs/msg/_lane_boundary_array.py
[3.673s] -- Installing: /home/aiv/ev_ws/planning/install/track_msgs/local/lib/python3.10/dist-packages/track_msgs/msg/_obstacle_array.py
[3.673s] -- Installing: /home/aiv/ev_ws/planning/install/track_msgs/local/lib/python3.10/dist-packages/track_msgs/msg/_obstacle.py
[3.673s] -- Installing: /home/aiv/ev_ws/planning/install/track_msgs/local/lib/python3.10/dist-packages/track_msgs/msg/_cone_s.c
[3.673s] -- Installing: /home/aiv/ev_ws/planning/install/track_msgs/local/lib/python3.10/dist-packages/track_msgs/msg/_system_state.py
[3.673s] -- Installing: /home/aiv/ev_ws/planning/install/track_msgs/local/lib/python3.10/dist-packages/track_msgs/msg/_cone.py
[3.673s] -- Installing: /home/aiv/ev_ws/planning/install/track_msgs/local/lib/python3.10/dist-packages/track_msgs/msg/_obstacle_s.c
[3.673s] -- Installing: /home/aiv/ev_ws/planning/install/track_msgs/local/lib/python3.10/dist-packages/track_msgs/_track_msgs_s.ep.rosidl_typesupport_introspection_c.c
[3.673s] -- Installing: /home/aiv/ev_ws/planning/install/track_msgs/local/lib/python3.10/dist-packages/track_msgs/track_msgs_s__rosidl_typesupport_fastrtps_c.cpython-310-x86_64-linux-gnu.so
[3.673s] -- Installing: /home/aiv/ev_ws/planning/install/track_msgs/local/lib/python3.10/dist-packages/track_msgs/libtrack_msgs__rosidl_generator_py.so
[3.673s] -- Installing: /home/aiv/ev_ws/planning/install/track_msgs/local/lib/python3.10/dist-packages/track_msgs/_track_msgs_s.ep.rosidl_typesupport_fastrtps_c.c
[3.673s] -- Installing: /home/aiv/ev_ws/planning/install/track_msgs/local/lib/python3.10/dist-packages/track_msgs/_track_msgs_s.ep.rosidl_typesupport_c.c
[3.698s] Listing '/home/aiv/ev_ws/planning/install/track_msgs/local/lib/python3.10/dist-packages/track_msgs'...
[3.698s] Compiling '/home/aiv/ev_ws/planning/install/track_msgs/local/lib/python3.10/dist-packages/track_msgs/__init__.py'...
[3.698s] Listing '/home/aiv/ev_ws/planning/install/track_msgs/local/lib/python3.10/dist-packages/track_msgs/msg'...
[3.699s] Compiling '/home/aiv/ev_ws/planning/install/track_msgs/local/lib/python3.10/dist-packages/track_msgs/msg/__init__.py'...
[3.699s] Compiling '/home/aiv/ev_ws/planning/install/track_msgs/local/lib/python3.10/dist-packages/track_msgs/msg/_cone.py'...
[3.699s] Compiling '/home/aiv/ev_ws/planning/install/track_msgs/local/lib/python3.10/dist-packages/track_msgs/msg/_cone_array.py'...
[3.699s] Compiling '/home/aiv/ev_ws/planning/install/track_msgs/local/lib/python3.10/dist-packages/track_msgs/msg/_lane_boundary.py'...
[3.699s] Compiling '/home/aiv/ev_ws/planning/install/track_msgs/local/lib/python3.10/dist-packages/track_msgs/msg/_lane_boundary_array.py'...
[3.699s] Compiling '/home/aiv/ev_ws/planning/install/track_msgs/local/lib/python3.10/dist-packages/track_msgs/msg/_obstacle.py'...
[3.699s] Compiling '/home/aiv/ev_ws/planning/install/track_msgs/local/lib/python3.10/dist-packages/track_msgs/msg/_obstacle_array.py'...
[3.699s] Compiling '/home/aiv/ev_ws/planning/install/track_msgs/local/lib/python3.10/dist-packages/track_msgs/msg/_planner_status.py'...
[3.699s] Compiling '/home/aiv/ev_ws/planning/install/track_msgs/local/lib/python3.10/dist-packages/track_msgs/msg/_system_state.py'...
[3.701s] -- Installing: /home/aiv/ev_ws/planning/install/track_msgs/local/lib/python3.10/dist-packages/track_msgs/track_msgs_s__rosidl_typesupport_fastrtps_c.cpython-310-x86_64-linux-gnu.so
[3.701s] -- Set runtime path of "/home/aiv/ev_ws/planning/install/track_msgs/local/lib/python3.10/dist-packages/track_msgs/track_msgs_s__rosidl_typesupport_fastrtps_c.cpython-310-x86_64-linux-gnu.so" to ""
[3.701s] -- Installing: /home/aiv/ev_ws/planning/install/track_msgs/local/lib/python3.10/dist-packages/track_msgs/track_msgs_s__rosidl_typesupport_introspection_c.cpython-310-x86_64-linux-gnu.so
[3.701s] -- Set runtime path of "/home/aiv/ev_ws/planning/install/track_msgs/local/lib/python3.10/dist-packages/track_msgs/track_msgs_s__rosidl_typesupport_introspection_c.cpython-310-x86_64-linux-gnu.so" to ""
[3.702s] -- Installing: /home/aiv/ev_ws/planning/install/track_msgs/local/lib/python3.10/dist-packages/track_msgs/track_msgs_s__rosidl_typesupport_c.cpython-310-x86_64-linux-gnu.so
[3.702s] -- Set runtime path of "/home/aiv/ev_ws/planning/install/track_msgs/local/lib/python3.10/dist-packages/track_msgs/track_msgs_s__rosidl_typesupport_c.cpython-310-x86_64-linux-gnu.so" to ""
[3.702s] -- Installing: /home/aiv/ev_ws/planning/install/track_msgs/lib/libtrack_msgs__rosidl_generator_py.so
[3.702s] -- Set runtime path of "/home/aiv/ev_ws/planning/install/track_msgs/lib/libtrack_msgs__rosidl_generator_py.so" to ""
[3.702s] -- Installing: /home/aiv/ev_ws/planning/install/track_msgs/share/track_msgs/msg/LaneBoundary.idl
[3.702s] -- Installing: /home/aiv/ev_ws/planning/install/track_msgs/share/track_msgs/msg/LaneBoundaryArray.idl
[3.702s] -- Installing: /home/aiv/ev_ws/planning/install/track_msgs/share/track_msgs/msg/Cone.idl
[3.702s] -- Installing: /home/aiv/ev_ws/planning/install/track_msgs/share/track_msgs/msg/ConeArray.idl
[3.702s] -- Installing: /home/aiv/ev_ws/planning/install/track_msgs/share/track_msgs/msg/Obstacle.idl
[3.702s] -- Installing: /home/aiv/ev_ws/planning/install/track_msgs/share/track_msgs/msg/ObstacleArray.idl
[3.702s] -- Installing: /home/aiv/ev_ws/planning/install/track_msgs/share/track_msgs/msg/PlannerStatus.idl
[3.702s] -- Installing: /home/aiv/ev_ws/planning/install/track_msgs/share/track_msgs/msg/SystemState.idl
[3.702s] -- Installing: /home/aiv/ev_ws/planning/install/track_msgs/share/track_msgs/msg/LaneBoundary.msg
[3.702s] -- Installing: /home/aiv/ev_ws/planning/install/track_msgs/share/track_msgs/msg/LaneBoundaryArray.msg
[3.702s] -- Installing: /home/aiv/ev_ws/planning/install/track_msgs/share/track_msgs/msg/Cone.msg
[3.703s] -- Installing: /home/aiv/ev_ws/planning/install/track_msgs/share/track_msgs/msg/ConeArray.msg
[3.703s] -- Installing: /home/aiv/ev_ws/planning/install/track_msgs/share/track_msgs/msg/Obstacle.msg
[3.703s] -- Installing: /home/aiv/ev_ws/planning/install/track_msgs/share/track_msgs/msg/ObstacleArray.msg
[3.703s] -- Installing: /home/aiv/ev_ws/planning/install/track_msgs/share/track_msgs/msg/PlannerStatus.msg
[3.703s] -- Installing: /home/aiv/ev_ws/planning/install/track_msgs/share/track_msgs/msg/SystemState.msg
[3.703s] -- Installing: /home/aiv/ev_ws/planning/install/track_msgs/share/ament_index/resource_index/package_run_dependencies/track_msgs
[3.703s] -- Installing: /home/aiv/ev_ws/planning/install/track_msgs/share/ament_index/resource_index/parent_prefix_path/track_msgs
[3.703s] -- Installing: /home/aiv/ev_ws/planning/install/track_msgs/share/track_msgs/environment/ament_prefix_path.sh
[3.703s] -- Installing: /home/aiv/ev_ws/planning/install/track_msgs/share/track_msgs/environment/ament_prefix_path.dsv
[3.703s] -- Installing: /home/aiv/ev_ws/planning/install/track_msgs/share/track_msgs/environment/path.sh
[3.703s] -- Installing: /home/aiv/ev_ws/planning/install/track_msgs/share/track_msgs/environment/path.dsv
[3.703s] -- Installing: /home/aiv/ev_ws/planning/install/track_msgs/share/track_msgs/local_setup.bash
[3.703s] -- Installing: /home/aiv/ev_ws/planning/install/track_msgs/share/track_msgs/local_setup.sh
[3.703s] -- Installing: /home/aiv/ev_ws/planning/install/track_msgs/share/track_msgs/local_setup.zsh
[3.703s] -- Installing: /home/aiv/ev_ws/planning/install/track_msgs/share/track_msgs/local_setup.dsv
[3.703s] -- Installing: /home/aiv/ev_ws/planning/install/track_msgs/share/track_msgs/package.dsv
[3.703s] -- Installing: /home/aiv/ev_ws/planning/install/track_msgs/share/ament_index/resource_index/packages/track_msgs
[3.703s] -- Installing: /home/aiv/ev_ws/planning/install/track_msgs/share/track_msgs/cmake/export_track_msgs__rosidl_generator_cExport.cmake
[3.703s] -- Installing: /home/aiv/ev_ws/planning/install/track_msgs/share/track_msgs/cmake/export_track_msgs__rosidl_generator_cExport-noconfig.cmake
[3.703s] -- Installing: /home/aiv/ev_ws/planning/install/track_msgs/share/track_msgs/cmake/export_track_msgs__rosidl_typesupport_fastrtps_cExport.cmake
[3.703s] -- Installing: /home/aiv/ev_ws/planning/install/track_msgs/share/track_msgs/cmake/export_track_msgs__rosidl_typesupport_fastrtps_cExport-noconfig.cmake
[3.703s] -- Installing: /home/aiv/ev_ws/planning/install/track_msgs/share/track_msgs/cmake/track_msgs__rosidl_typesupport_introspection_cExport.cmake
[3.703s] -- Installing: /home/aiv/ev_ws/planning/install/track_msgs/share/track_msgs/cmake/track_msgs__rosidl_typesupport_introspection_cExport-noconfig.cmake
[3.704s] -- Installing: /home/aiv/ev_ws/planning/install/track_msgs/share/track_msgs/cmake/track_msgs__rosidl_typesupport_cExport.cmake
[3.704s] -- Installing: /home/aiv/ev_ws/planning/install/track_msgs/share/track_msgs/cmake/track_msgs__rosidl_typesupport_cExport-noconfig.cmake
[3.704s] -- Installing: /home/aiv/ev_ws/planning/install/track_msgs/share/track_msgs/cmake/export_track_msgs__rosidl_generator_cppExport.cmake
[3.704s] -- Installing: /home/aiv/ev_ws/planning/install/track_msgs/share/track_msgs/cmake/export_track_msgs__rosidl_typesupport_fastrtps_cppExport.cmake
[3.704s] -- Installing: /home/aiv/ev_ws/planning/install/track_msgs/share/track_msgs/cmake/export_track_msgs__rosidl_typesupport_fastrtps_cppExport-noconfig.cmake
[3.704s] -- Installing: /home/aiv/ev_ws/planning/install/track_msgs/share/track_msgs/cmake/track_msgs__rosidl_typesupport_introspection_cppExport.cmake
[3.704s] -- Installing: /home/aiv/ev_ws/planning/install/track_msgs/share/track_msgs/cmake/track_msgs__rosidl_typesupport_introspection_cppExport-noconfig.cmake
[3.704s] -- Installing: /home/aiv/ev_ws/planning/install/track_msgs/share/track_msgs/cmake/track_msgs__rosidl_typesupport_cppExport.cmake
[3.704s] -- Installing: /home/aiv/ev_ws/planning/install/track_msgs/share/track_msgs/cmake/track_msgs__rosidl_typesupport_cppExport-noconfig.cmake
[3.704s] -- Installing: /home/aiv/ev_ws/planning/install/track_msgs/share/track_msgs/cmake/export_track_msgs__rosidl_generator_pyExport.cmake
[3.704s] -- Installing: /home/aiv/ev_ws/planning/install/track_msgs/share/track_msgs/cmake/export_track_msgs__rosidl_generator_pyExport-noconfig.cmake
[3.704s] -- Installing: /home/aiv/ev_ws/planning/install/track_msgs/share/track_msgs/cmake/rosidl_cmake-extras.cmake
[3.704s] -- Installing: /home/aiv/ev_ws/planning/install/track_msgs/share/track_msgs/cmake/ament_cmake_export_dependencies-extras.cmake
[3.704s] -- Installing: /home/aiv/ev_ws/planning/install/track_msgs/share/track_msgs/cmake/ament_cmake_export_include_directories-extras.cmake
[3.704s] -- Installing: /home/aiv/ev_ws/planning/install/track_msgs/share/track_msgs/cmake/ament_cmake_export_libraries-extras.cmake
[3.704s] -- Installing: /home/aiv/ev_ws/planning/install/track_msgs/share/track_msgs/cmake/ament_cmake_export_targets-extras.cmake
[3.704s] -- Installing: /home/aiv/ev_ws/planning/install/track_msgs/share/track_msgs/cmake/rosidl_cmake_export_typesupport_targets-extras.cmake
[3.704s] -- Installing: /home/aiv/ev_ws/planning/install/track_msgs/share/track_msgs/cmake/rosidl_cmake_export_typesupport_libraries-extras.cmake
[3.704s] -- Installing: /home/aiv/ev_ws/planning/install/track_msgs/share/track_msgs/cmake/track_msgsConfig.cmake
[3.704s] -- Installing: /home/aiv/ev_ws/planning/install/track_msgs/share/track_msgs/cmake/track_msgsConfig-version.cmake
[3.704s] -- Installing: /home/aiv/ev_ws/planning/install/track_msgs/share/track_msgs/package.xml
[3.706s] Invoked command in '/home/aiv/ev_ws/planning/build/track_msgs' returned '0': CMAKE_PREFIX_PATH=${CMAKE_PREFIX_PATH}:/opt/ros/humble /usr/bin/cmake --install /home/aiv/ev_ws/planning/build/track_msgs
