[0.023s] Invoking command in '/home/kimsohee/ev-1-5/ev-Autonomous-Vehicle-1-5/build/velodyne_msgs': CMAKE_PREFIX_PATH=/opt/ros/humble /usr/bin/cmake --build /home/kimsohee/ev-1-5/ev-Autonomous-Vehicle-1-5/build/velodyne_msgs -- -j10 -l10
[0.078s] [  2%] [34m[1mGenerating C code for ROS interfaces[0m
[0.080s] [  5%] [34m[1mGenerating C++ code for ROS interfaces[0m
[0.129s] [  5%] Built target ament_cmake_python_copy_velodyne_msgs
[0.377s] running egg_info
[0.377s] creating velodyne_msgs.egg-info
[0.378s] writing velodyne_msgs.egg-info/PKG-INFO
[0.378s] writing dependency_links to velodyne_msgs.egg-info/dependency_links.txt
[0.378s] writing top-level names to velodyne_msgs.egg-info/top_level.txt
[0.378s] writing manifest file 'velodyne_msgs.egg-info/SOURCES.txt'
[0.379s] reading manifest file 'velodyne_msgs.egg-info/SOURCES.txt'
[0.379s] writing manifest file 'velodyne_msgs.egg-info/SOURCES.txt'
[0.429s] [  5%] Built target ament_cmake_python_build_velodyne_msgs_egg
[0.497s] [  7%] [32mBuilding C object CMakeFiles/velodyne_msgs__rosidl_generator_c.dir/rosidl_generator_c/velodyne_msgs/msg/detail/velodyne_packet__functions.c.o[0m
[0.500s] [ 10%] [32mBuilding C object CMakeFiles/velodyne_msgs__rosidl_generator_c.dir/rosidl_generator_c/velodyne_msgs/msg/detail/velodyne_scan__functions.c.o[0m
[0.505s] [ 10%] Built target velodyne_msgs__cpp
[0.542s] [ 12%] [34m[1mGenerating C++ type support dispatch for ROS interfaces[0m
[0.555s] [ 15%] [34m[1mGenerating C++ introspection for ROS interfaces[0m
[0.566s] [ 17%] [34m[1mGenerating C++ type support for eProsima Fast-RTPS[0m
[0.614s] [ 20%] [32m[1mLinking C shared library libvelodyne_msgs__rosidl_generator_c.so[0m
[0.740s] [ 20%] Built target velodyne_msgs__rosidl_generator_c
[0.776s] [ 23%] [34m[1mGenerating C introspection for ROS interfaces[0m
[0.807s] [ 25%] [34m[1mGenerating C type support dispatch for ROS interfaces[0m
[0.831s] [ 28%] [34m[1mGenerating C type support for eProsima Fast-RTPS[0m
[0.862s] [ 30%] [32mBuilding CXX object CMakeFiles/velodyne_msgs__rosidl_typesupport_cpp.dir/rosidl_typesupport_cpp/velodyne_msgs/msg/velodyne_scan__type_support.cpp.o[0m
[0.862s] [ 33%] [32mBuilding CXX object CMakeFiles/velodyne_msgs__rosidl_typesupport_cpp.dir/rosidl_typesupport_cpp/velodyne_msgs/msg/velodyne_packet__type_support.cpp.o[0m
[1.243s] [ 35%] [32mBuilding CXX object CMakeFiles/velodyne_msgs__rosidl_typesupport_fastrtps_cpp.dir/rosidl_typesupport_fastrtps_cpp/velodyne_msgs/msg/detail/dds_fastrtps/velodyne_scan__type_support.cpp.o[0m
[1.247s] [ 38%] [32mBuilding CXX object CMakeFiles/velodyne_msgs__rosidl_typesupport_introspection_cpp.dir/rosidl_typesupport_introspection_cpp/velodyne_msgs/msg/detail/velodyne_packet__type_support.cpp.o[0m
[1.262s] [ 41%] [32mBuilding CXX object CMakeFiles/velodyne_msgs__rosidl_typesupport_fastrtps_cpp.dir/rosidl_typesupport_fastrtps_cpp/velodyne_msgs/msg/detail/dds_fastrtps/velodyne_packet__type_support.cpp.o[0m
[1.274s] [ 43%] [32mBuilding CXX object CMakeFiles/velodyne_msgs__rosidl_typesupport_introspection_cpp.dir/rosidl_typesupport_introspection_cpp/velodyne_msgs/msg/detail/velodyne_scan__type_support.cpp.o[0m
[1.349s] [ 46%] [32m[1mLinking CXX shared library libvelodyne_msgs__rosidl_typesupport_cpp.so[0m
[1.396s] [ 48%] [32mBuilding CXX object CMakeFiles/velodyne_msgs__rosidl_typesupport_fastrtps_c.dir/rosidl_typesupport_fastrtps_c/velodyne_msgs/msg/detail/velodyne_packet__type_support_c.cpp.o[0m
[1.411s] [ 48%] Built target velodyne_msgs__rosidl_typesupport_cpp
[1.438s] [ 53%] [32mBuilding CXX object CMakeFiles/velodyne_msgs__rosidl_typesupport_c.dir/rosidl_typesupport_c/velodyne_msgs/msg/velodyne_packet__type_support.cpp.o[0m
[1.439s] [ 56%] [32mBuilding CXX object CMakeFiles/velodyne_msgs__rosidl_typesupport_fastrtps_c.dir/rosidl_typesupport_fastrtps_c/velodyne_msgs/msg/detail/velodyne_scan__type_support_c.cpp.o[0m
[1.442s] [ 56%] [32mBuilding CXX object CMakeFiles/velodyne_msgs__rosidl_typesupport_c.dir/rosidl_typesupport_c/velodyne_msgs/msg/velodyne_scan__type_support.cpp.o[0m
[1.458s] [ 58%] [32mBuilding C object CMakeFiles/velodyne_msgs__rosidl_typesupport_introspection_c.dir/rosidl_typesupport_introspection_c/velodyne_msgs/msg/detail/velodyne_packet__type_support.c.o[0m
[1.466s] [ 61%] [32mBuilding C object CMakeFiles/velodyne_msgs__rosidl_typesupport_introspection_c.dir/rosidl_typesupport_introspection_c/velodyne_msgs/msg/detail/velodyne_scan__type_support.c.o[0m
[1.583s] [ 64%] [32m[1mLinking CXX shared library libvelodyne_msgs__rosidl_typesupport_c.so[0m
[1.661s] [ 66%] [32m[1mLinking C shared library libvelodyne_msgs__rosidl_typesupport_introspection_c.so[0m
[1.745s] [ 66%] Built target velodyne_msgs__rosidl_typesupport_c
[1.800s] [ 66%] Built target velodyne_msgs__rosidl_typesupport_introspection_c
[2.262s] [ 69%] [32m[1mLinking CXX shared library libvelodyne_msgs__rosidl_typesupport_fastrtps_cpp.so[0m
[2.263s] [ 71%] [32m[1mLinking CXX shared library libvelodyne_msgs__rosidl_typesupport_fastrtps_c.so[0m
[2.298s] [ 74%] [32m[1mLinking CXX shared library libvelodyne_msgs__rosidl_typesupport_introspection_cpp.so[0m
[2.446s] [ 74%] Built target velodyne_msgs__rosidl_typesupport_fastrtps_c
[2.527s] [ 74%] Built target velodyne_msgs__rosidl_typesupport_fastrtps_cpp
[2.546s] [ 74%] Built target velodyne_msgs__rosidl_typesupport_introspection_cpp
[2.748s] [ 74%] Built target velodyne_msgs
[2.865s] [ 76%] [34m[1mGenerating Python code for ROS interfaces[0m
[3.409s] [ 76%] Built target velodyne_msgs__py
[3.425s] [ 79%] [32mBuilding C object CMakeFiles/velodyne_msgs__rosidl_generator_py.dir/rosidl_generator_py/velodyne_msgs/msg/_velodyne_packet_s.c.o[0m
[3.435s] [ 82%] [32mBuilding C object CMakeFiles/velodyne_msgs__rosidl_generator_py.dir/rosidl_generator_py/velodyne_msgs/msg/_velodyne_scan_s.c.o[0m
[3.525s] [ 84%] [32m[1mLinking C shared library rosidl_generator_py/velodyne_msgs/libvelodyne_msgs__rosidl_generator_py.so[0m
[3.584s] [ 84%] Built target velodyne_msgs__rosidl_generator_py
[3.670s] [ 87%] [32mBuilding C object CMakeFiles/velodyne_msgs__rosidl_typesupport_fastrtps_c__pyext.dir/rosidl_generator_py/velodyne_msgs/_velodyne_msgs_s.ep.rosidl_typesupport_fastrtps_c.c.o[0m
[3.690s] [ 89%] [32mBuilding C object CMakeFiles/velodyne_msgs__rosidl_typesupport_c__pyext.dir/rosidl_generator_py/velodyne_msgs/_velodyne_msgs_s.ep.rosidl_typesupport_c.c.o[0m
[3.706s] [ 92%] [32mBuilding C object CMakeFiles/velodyne_msgs__rosidl_typesupport_introspection_c__pyext.dir/rosidl_generator_py/velodyne_msgs/_velodyne_msgs_s.ep.rosidl_typesupport_introspection_c.c.o[0m
[3.849s] [ 94%] [32m[1mLinking C shared library rosidl_generator_py/velodyne_msgs/velodyne_msgs_s__rosidl_typesupport_fastrtps_c.cpython-310-aarch64-linux-gnu.so[0m
[3.857s] [ 97%] [32m[1mLinking C shared library rosidl_generator_py/velodyne_msgs/velodyne_msgs_s__rosidl_typesupport_c.cpython-310-aarch64-linux-gnu.so[0m
[3.866s] [100%] [32m[1mLinking C shared library rosidl_generator_py/velodyne_msgs/velodyne_msgs_s__rosidl_typesupport_introspection_c.cpython-310-aarch64-linux-gnu.so[0m
[3.899s] [100%] Built target velodyne_msgs__rosidl_typesupport_fastrtps_c__pyext
[3.903s] [100%] Built target velodyne_msgs__rosidl_typesupport_c__pyext
[3.937s] [100%] Built target velodyne_msgs__rosidl_typesupport_introspection_c__pyext
