[0.000000] (-) TimerEvent: {}
[0.000483] (-) JobUnselected: {'identifier': 'track_msgs'}
[0.000513] (track_planning) JobQueued: {'identifier': 'track_planning', 'dependencies': OrderedDict([('track_msgs', '/home/aiv/ev_ws/planning/install/track_msgs')])}
[0.000887] (track_planning) JobStarted: {'identifier': 'track_planning'}
[0.008343] (track_planning) JobProgress: {'identifier': 'track_planning', 'progress': 'cmake'}
[0.008880] (track_planning) JobProgress: {'identifier': 'track_planning', 'progress': 'build'}
[0.009395] (track_planning) Command: {'cmd': ['/usr/bin/cmake', '--build', '/home/aiv/ev_ws/planning/build/track_planning', '--', '-j28', '-l28'], 'cwd': '/home/aiv/ev_ws/planning/build/track_planning', 'env': OrderedDict([('GJS_DEBUG_TOPICS', 'JS ERROR;JS LOG'), ('USER', 'aiv'), ('CLAUDE_CODE_ENTRYPOINT', 'cli'), ('LC_TIME', 'ko_KR.UTF-8'), ('GIT_EDITOR', 'true'), ('XDG_SESSION_TYPE', 'x11'), ('SHLVL', '2'), ('LD_LIBRARY_PATH', '/home/aiv/ev_ws/planning/install/track_msgs/lib:/usr/local/cuda-12.6/lib64:/usr/local/cuda-12.6/lib64:/home/aiv/ev_ws/erp42_ros/install/erp42_serial/lib:/home/aiv/ev_ws/erp42_ros/install/erp42_rqt_plugin/lib:/home/aiv/ev_ws/erp42_ros/install/erp42_gazebo/lib:/home/aiv/ev_ws/erp42_ros/install/erp42_util/lib:/home/aiv/ev_ws/erp42_ros/install/erp42_msgs/lib:/home/aiv/ev_ws/perception/install/velodyne_pointcloud/lib:/home/aiv/ev_ws/perception/install/velodyne_driver/lib:/home/aiv/ev_ws/perception/install/velodyne_msgs/lib:/home/aiv/ev_ws/perception/install/velodyne_laserscan/lib:/home/aiv/ev_ws/perception/install/velodyne_cropbox/lib:/home/aiv/ev_ws/perception/install/patchworkpp/lib:/home/aiv/ev_ws/perception/install/lidar_voxel_grid/lib:/home/aiv/ev_ws/perception/install/lidar_interfaces/lib:/home/aiv/ev_ws/perception/install/dbscan_clustering/lib:/home/aiv/ev_ws/perception/install/cluster_splitter/lib:/usr/lib/x86_64-linux-gnu/gazebo-11/plugins:/opt/ros/humble/opt/rviz_ogre_vendor/lib:/opt/ros/humble/lib/x86_64-linux-gnu:/opt/ros/humble/lib:/usr/local/cuda-12.6/lib64'), ('HOME', '/home/aiv'), ('OLDPWD', '/home/aiv'), ('DESKTOP_SESSION', 'ubuntu'), ('NVM_BIN', '/home/aiv/.nvm/versions/node/v24.13.0/bin'), ('NVM_INC', '/home/aiv/.nvm/versions/node/v24.13.0/include/node'), ('GIO_LAUNCHED_DESKTOP_FILE', '/usr/share/applications/terminator.desktop'), ('ROS_PYTHON_VERSION', '3'), ('GNOME_SHELL_SESSION_MODE', 'ubuntu'), ('GTK_MODULES', 'gail:atk-bridge'), ('LC_MONETARY', 'ko_KR.UTF-8'), ('MANAGERPID', '2074'), ('SYSTEMD_EXEC_PID', '2584'), ('DBUS_SESSION_BUS_ADDRESS', 'unix:path=/run/user/1000/bus'), ('COLORTERM', 'truecolor'), ('TERMINATOR_DBUS_NAME', 'net.tenshu.Terminator23558193cd9818af7fe4d2c2f5bd9d00f'), ('GIO_LAUNCHED_DESKTOP_FILE_PID', '7953'), ('NVM_DIR', '/home/aiv/.nvm'), ('COLCON_PREFIX_PATH', '/home/aiv/ev_ws/planning/install:/home/aiv/ev_ws/perception/install:/home/aiv/ev_ws/carsa_gazebo/install:/home/aiv/ev_ws/erp42_ros/install'), ('ROS_DISTRO', 'humble'), ('GTK_IM_MODULE', 'ibus'), ('LOGNAME', 'aiv'), ('JOURNAL_STREAM', '8:15731'), ('_', '/usr/bin/colcon'), ('ROS_VERSION', '2'), ('XDG_SESSION_CLASS', 'user'), ('USERNAME', 'aiv'), ('TERM', 'xterm-256color'), ('OTEL_EXPORTER_OTLP_METRICS_TEMPORALITY_PREFERENCE', 'delta'), ('GNOME_DESKTOP_SESSION_ID', 'this-is-deprecated'), ('ROS_LOCALHOST_ONLY', '0'), ('WINDOWPATH', '2'), ('PATH', '/usr/local/cuda-12.6/bin:/home/aiv/.local/bin:/opt/ros/humble/bin:/home/aiv/.nvm/versions/node/v24.13.0/bin:/usr/local/cuda-12.6/bin:/usr/local/sbin:/usr/local/bin:/usr/sbin:/usr/bin:/sbin:/bin:/usr/games:/usr/local/games:/snap/bin:/snap/bin'), ('SESSION_MANAGER', 'local/aiv:@/tmp/.ICE-unix/2556,unix/aiv:/tmp/.ICE-unix/2556'), ('INVOCATION_ID', '1e48b71c64b846adb5029138dd925edc'), ('COREPACK_ENABLE_AUTO_PIN', '0'), ('XDG_MENU_PREFIX', 'gnome-'), ('LC_ADDRESS', 'ko_KR.UTF-8'), ('XDG_RUNTIME_DIR', '/run/user/1000'), ('DISPLAY', ':1'), ('TERMINATOR_DBUS_PATH', '/net/tenshu/Terminator2'), ('NoDefaultCurrentDirectoryInExePath', '1'), ('LANG', 'en_US.UTF-8'), ('XDG_CURRENT_DESKTOP', 'ubuntu:GNOME'), ('IBUS_DISABLE_SNOOPER', '1'), ('LC_TELEPHONE', 'ko_KR.UTF-8'), ('XMODIFIERS', '@im=ibus'), ('XDG_SESSION_DESKTOP', 'ubuntu'), ('XAUTHORITY', '/run/user/1000/gdm/Xauthority'), ('SSH_AGENT_LAUNCHER', 'gnome-keyring'), ('SSH_AUTH_SOCK', '/run/user/1000/keyring/ssh'), ('AMENT_PREFIX_PATH', '/home/aiv/ev_ws/planning/install/track_planning:/home/aiv/ev_ws/planning/install/track_msgs:/home/aiv/ev_ws/carsa_gazebo/install/carsa_gazebo:/home/aiv/ev_ws/erp42_ros/install/erp42_serial:/home/aiv/ev_ws/erp42_ros/install/erp42_rqt_plugin:/home/aiv/ev_ws/erp42_ros/install/erp42_gazebo:/home/aiv/ev_ws/erp42_ros/install/erp42_util:/home/aiv/ev_ws/erp42_ros/install/erp42_msgs:/home/aiv/ev_ws/erp42_ros/install/erp42_description:/home/aiv/ev_ws/erp42_ros/install/erp42_cmake:/home/aiv/ev_ws/perception/install/velodyne:/home/aiv/ev_ws/perception/install/lidar_launch:/home/aiv/ev_ws/perception/install/velodyne_pointcloud:/home/aiv/ev_ws/perception/install/velodyne_driver:/home/aiv/ev_ws/perception/install/velodyne_msgs:/home/aiv/ev_ws/perception/install/velodyne_laserscan:/home/aiv/ev_ws/perception/install/velodyne_cropbox:/home/aiv/ev_ws/perception/install/patchworkpp:/home/aiv/ev_ws/perception/install/lidar_voxel_grid:/home/aiv/ev_ws/perception/install/lidar_interfaces:/home/aiv/ev_ws/perception/install/dbscan_clustering:/home/aiv/ev_ws/perception/install/cluster_splitter:/opt/ros/humble'), ('SHELL', '/bin/bash'), ('LC_NAME', 'ko_KR.UTF-8'), ('TERMINATOR_UUID', 'urn:uuid:8a5ea92a-2740-47e4-b74e-c567117d0d1a'), ('QT_ACCESSIBILITY', '1'), ('GDMSESSION', 'ubuntu'), ('CLAUDECODE', '1'), ('LC_MEASUREMENT', 'ko_KR.UTF-8'), ('GPG_AGENT_INFO', '/run/user/1000/gnupg/S.gpg-agent:0:1'), ('GJS_DEBUG_OUTPUT', 'stderr'), ('LC_IDENTIFICATION', 'ko_KR.UTF-8'), ('QT_IM_MODULE', 'ibus'), ('PWD', '/home/aiv/ev_ws/planning/build/track_planning'), ('LC_ALL', 'en_US.UTF-8'), ('XDG_CONFIG_DIRS', '/etc/xdg/xdg-ubuntu:/etc/xdg'), ('NVM_CD_FLAGS', ''), ('XDG_DATA_DIRS', '/usr/share/ubuntu:/usr/share/gnome:/usr/local/share/:/usr/share/:/var/lib/snapd/desktop'), ('PYTHONPATH', '/home/aiv/ev_ws/planning/install/track_msgs/local/lib/python3.10/dist-packages:/home/aiv/ev_ws/erp42_ros/install/erp42_msgs/local/lib/python3.10/dist-packages:/home/aiv/ev_ws/perception/install/velodyne_msgs/local/lib/python3.10/dist-packages:/home/aiv/ev_ws/perception/install/lidar_interfaces/local/lib/python3.10/dist-packages:/opt/ros/humble/lib/python3.10/site-packages:/opt/ros/humble/local/lib/python3.10/dist-packages'), ('LC_NUMERIC', 'ko_KR.UTF-8'), ('LC_PAPER', 'ko_KR.UTF-8'), ('COLCON', '1'), ('VTE_VERSION', '6800'), ('EDITOR', 'code --wait'), ('CMAKE_PREFIX_PATH', '/home/aiv/ev_ws/planning/install/track_msgs:/home/aiv/ev_ws/planning/install/track_planning:/home/aiv/ev_ws/carsa_gazebo/install/carsa_gazebo:/home/aiv/ev_ws/erp42_ros/install/erp42_serial:/home/aiv/ev_ws/erp42_ros/install/erp42_rqt_plugin:/home/aiv/ev_ws/erp42_ros/install/erp42_gazebo:/home/aiv/ev_ws/erp42_ros/install/erp42_util:/home/aiv/ev_ws/erp42_ros/install/erp42_msgs:/home/aiv/ev_ws/erp42_ros/install/erp42_description:/home/aiv/ev_ws/erp42_ros/install/erp42_cmake:/home/aiv/ev_ws/perception/install/velodyne:/home/aiv/ev_ws/perception/install/lidar_launch:/home/aiv/ev_ws/perception/install/velodyne_pointcloud:/home/aiv/ev_ws/perception/install/velodyne_driver:/home/aiv/ev_ws/perception/install/velodyne_msgs:/home/aiv/ev_ws/perception/install/velodyne_laserscan:/home/aiv/ev_ws/perception/install/velodyne_cropbox:/home/aiv/ev_ws/perception/install/patchworkpp:/home/aiv/ev_ws/perception/install/lidar_voxel_grid:/home/aiv/ev_ws/perception/install/lidar_interfaces:/home/aiv/ev_ws/perception/install/dbscan_clustering:/home/aiv/ev_ws/perception/install/cluster_splitter:/opt/ros/humble')]), 'shell': False}
[0.027013] (track_planning) StdoutLine: {'line': b'-- Found ament_cmake: 1.3.12 (/opt/ros/humble/share/ament_cmake/cmake)\n'}
[0.094602] (track_planning) StdoutLine: {'line': b'-- Found rclcpp: 16.0.17 (/opt/ros/humble/share/rclcpp/cmake)\n'}
[0.099971] (-) TimerEvent: {}
[0.108953] (track_planning) StdoutLine: {'line': b'-- Found rosidl_generator_c: 3.1.8 (/opt/ros/humble/share/rosidl_generator_c/cmake)\n'}
[0.110120] (track_planning) StdoutLine: {'line': b'-- Found rosidl_adapter: 3.1.8 (/opt/ros/humble/share/rosidl_adapter/cmake)\n'}
[0.113135] (track_planning) StdoutLine: {'line': b'-- Found rosidl_generator_cpp: 3.1.8 (/opt/ros/humble/share/rosidl_generator_cpp/cmake)\n'}
[0.118158] (track_planning) StdoutLine: {'line': b'-- Using all available rosidl_typesupport_c: rosidl_typesupport_fastrtps_c;rosidl_typesupport_introspection_c\n'}
[0.124965] (track_planning) StdoutLine: {'line': b'-- Using all available rosidl_typesupport_cpp: rosidl_typesupport_fastrtps_cpp;rosidl_typesupport_introspection_cpp\n'}
[0.141421] (track_planning) StdoutLine: {'line': b'-- Found rmw_implementation_cmake: 6.1.2 (/opt/ros/humble/share/rmw_implementation_cmake/cmake)\n'}
[0.142354] (track_planning) StdoutLine: {'line': b'-- Found rmw_fastrtps_cpp: 6.2.9 (/opt/ros/humble/share/rmw_fastrtps_cpp/cmake)\n'}
[0.200161] (track_planning) StdoutLine: {'line': b"-- Using RMW implementation 'rmw_fastrtps_cpp' as default\n"}
[0.200287] (-) TimerEvent: {}
[0.225170] (track_planning) StdoutLine: {'line': b'-- Found rclcpp_components: 16.0.17 (/opt/ros/humble/share/rclcpp_components/cmake)\n'}
[0.234855] (track_planning) StdoutLine: {'line': b'-- Found nav_msgs: 4.9.0 (/opt/ros/humble/share/nav_msgs/cmake)\n'}
[0.250005] (track_planning) StdoutLine: {'line': b'-- Found visualization_msgs: 4.9.0 (/opt/ros/humble/share/visualization_msgs/cmake)\n'}
[0.269298] (track_planning) StdoutLine: {'line': b'-- Found track_msgs: 0.1.0 (/home/aiv/ev_ws/planning/install/track_msgs/share/track_msgs/cmake)\n'}
[0.278104] (track_planning) StdoutLine: {'line': b'-- Found ament_lint_auto: 0.12.14 (/opt/ros/humble/share/ament_lint_auto/cmake)\n'}
[0.300358] (-) TimerEvent: {}
[0.315810] (track_planning) StdoutLine: {'line': b"-- Added test 'cppcheck' to perform static code analysis on C / C++ code\n"}
[0.315887] (track_planning) StdoutLine: {'line': b'-- Configured cppcheck include dirs: /home/aiv/ev_ws/planning/src/track_planning/include\n'}
[0.315936] (track_planning) StdoutLine: {'line': b'-- Configured cppcheck exclude dirs and/or files: \n'}
[0.316074] (track_planning) StdoutLine: {'line': b"-- Added test 'lint_cmake' to check CMake code style\n"}
[0.316768] (track_planning) StdoutLine: {'line': b"-- Added test 'uncrustify' to check C / C++ code style\n"}
[0.316822] (track_planning) StdoutLine: {'line': b'-- Configured uncrustify additional arguments: \n'}
[0.317075] (track_planning) StdoutLine: {'line': b"-- Added test 'xmllint' to check XML markup files\n"}
[0.317180] (track_planning) StdoutLine: {'line': b'-- Configuring done\n'}
[0.321921] (track_planning) StdoutLine: {'line': b'-- Generating done\n'}
[0.323817] (track_planning) StdoutLine: {'line': b'-- Build files have been written to: /home/aiv/ev_ws/planning/build/track_planning\n'}
[0.350773] (track_planning) StdoutLine: {'line': b'[ 25%] Building CXX object CMakeFiles/track_planning_corridor.dir/src/corridor/virtual_boundary.cpp.o\n'}
[0.351286] (track_planning) StdoutLine: {'line': b'[ 50%] Building CXX object CMakeFiles/track_planning_corridor.dir/src/corridor/pair_validator.cpp.o\n'}
[0.351423] (track_planning) StdoutLine: {'line': b'[ 75%] Building CXX object CMakeFiles/track_planning_corridor.dir/src/corridor/corridor_builder.cpp.o\n'}
[0.400485] (-) TimerEvent: {}
[0.500667] (-) TimerEvent: {}
[0.600984] (-) TimerEvent: {}
[0.701187] (-) TimerEvent: {}
[0.801363] (-) TimerEvent: {}
[0.901544] (-) TimerEvent: {}
[1.001782] (-) TimerEvent: {}
[1.101990] (-) TimerEvent: {}
[1.202294] (-) TimerEvent: {}
[1.302553] (-) TimerEvent: {}
[1.402736] (-) TimerEvent: {}
[1.502913] (-) TimerEvent: {}
[1.561596] (track_planning) StderrLine: {'line': b'/home/aiv/ev_ws/planning/src/track_planning/src/corridor/corridor_builder.cpp: In member function \xe2\x80\x98std::vector<track_planning::Point2D> track_planning::CorridorBuilder::build_one_side(const std::vector<track_planning::Point2D>&, const std::vector<track_planning::Point2D>&, const track_planning::Point2D&, const track_planning::Point2D&, const track_planning::Point2D&, const track_planning::PlanningParams&)\xe2\x80\x99:\n'}
[1.561790] (track_planning) StderrLine: {'line': b'/home/aiv/ev_ws/planning/src/track_planning/src/corridor/corridor_builder.cpp:182:19: warning: unused parameter \xe2\x80\x98c_end\xe2\x80\x99 [-Wunused-parameter]\n'}
[1.561853] (track_planning) StderrLine: {'line': b'  182 |   const Point2D & c_end,\n'}
[1.561904] (track_planning) StderrLine: {'line': b'      |   ~~~~~~~~~~~~~~~~^~~~~\n'}
[1.603095] (-) TimerEvent: {}
[1.703417] (-) TimerEvent: {}
[1.803633] (-) TimerEvent: {}
[1.891578] (track_planning) StdoutLine: {'line': b'[100%] Linking CXX shared library libtrack_planning_corridor.so\n'}
[1.903741] (-) TimerEvent: {}
[1.978115] (track_planning) StdoutLine: {'line': b'[100%] Built target track_planning_corridor\n'}
[1.986386] (track_planning) CommandEnded: {'returncode': 0}
[1.986821] (track_planning) JobProgress: {'identifier': 'track_planning', 'progress': 'install'}
[1.991845] (track_planning) Command: {'cmd': ['/usr/bin/cmake', '--install', '/home/aiv/ev_ws/planning/build/track_planning'], 'cwd': '/home/aiv/ev_ws/planning/build/track_planning', 'env': OrderedDict([('GJS_DEBUG_TOPICS', 'JS ERROR;JS LOG'), ('USER', 'aiv'), ('CLAUDE_CODE_ENTRYPOINT', 'cli'), ('LC_TIME', 'ko_KR.UTF-8'), ('GIT_EDITOR', 'true'), ('XDG_SESSION_TYPE', 'x11'), ('SHLVL', '2'), ('LD_LIBRARY_PATH', '/home/aiv/ev_ws/planning/install/track_msgs/lib:/usr/local/cuda-12.6/lib64:/usr/local/cuda-12.6/lib64:/home/aiv/ev_ws/erp42_ros/install/erp42_serial/lib:/home/aiv/ev_ws/erp42_ros/install/erp42_rqt_plugin/lib:/home/aiv/ev_ws/erp42_ros/install/erp42_gazebo/lib:/home/aiv/ev_ws/erp42_ros/install/erp42_util/lib:/home/aiv/ev_ws/erp42_ros/install/erp42_msgs/lib:/home/aiv/ev_ws/perception/install/velodyne_pointcloud/lib:/home/aiv/ev_ws/perception/install/velodyne_driver/lib:/home/aiv/ev_ws/perception/install/velodyne_msgs/lib:/home/aiv/ev_ws/perception/install/velodyne_laserscan/lib:/home/aiv/ev_ws/perception/install/velodyne_cropbox/lib:/home/aiv/ev_ws/perception/install/patchworkpp/lib:/home/aiv/ev_ws/perception/install/lidar_voxel_grid/lib:/home/aiv/ev_ws/perception/install/lidar_interfaces/lib:/home/aiv/ev_ws/perception/install/dbscan_clustering/lib:/home/aiv/ev_ws/perception/install/cluster_splitter/lib:/usr/lib/x86_64-linux-gnu/gazebo-11/plugins:/opt/ros/humble/opt/rviz_ogre_vendor/lib:/opt/ros/humble/lib/x86_64-linux-gnu:/opt/ros/humble/lib:/usr/local/cuda-12.6/lib64'), ('HOME', '/home/aiv'), ('OLDPWD', '/home/aiv'), ('DESKTOP_SESSION', 'ubuntu'), ('NVM_BIN', '/home/aiv/.nvm/versions/node/v24.13.0/bin'), ('NVM_INC', '/home/aiv/.nvm/versions/node/v24.13.0/include/node'), ('GIO_LAUNCHED_DESKTOP_FILE', '/usr/share/applications/terminator.desktop'), ('ROS_PYTHON_VERSION', '3'), ('GNOME_SHELL_SESSION_MODE', 'ubuntu'), ('GTK_MODULES', 'gail:atk-bridge'), ('LC_MONETARY', 'ko_KR.UTF-8'), ('MANAGERPID', '2074'), ('SYSTEMD_EXEC_PID', '2584'), ('DBUS_SESSION_BUS_ADDRESS', 'unix:path=/run/user/1000/bus'), ('COLORTERM', 'truecolor'), ('TERMINATOR_DBUS_NAME', 'net.tenshu.Terminator23558193cd9818af7fe4d2c2f5bd9d00f'), ('GIO_LAUNCHED_DESKTOP_FILE_PID', '7953'), ('NVM_DIR', '/home/aiv/.nvm'), ('COLCON_PREFIX_PATH', '/home/aiv/ev_ws/planning/install:/home/aiv/ev_ws/perception/install:/home/aiv/ev_ws/carsa_gazebo/install:/home/aiv/ev_ws/erp42_ros/install'), ('ROS_DISTRO', 'humble'), ('GTK_IM_MODULE', 'ibus'), ('LOGNAME', 'aiv'), ('JOURNAL_STREAM', '8:15731'), ('_', '/usr/bin/colcon'), ('ROS_VERSION', '2'), ('XDG_SESSION_CLASS', 'user'), ('USERNAME', 'aiv'), ('TERM', 'xterm-256color'), ('OTEL_EXPORTER_OTLP_METRICS_TEMPORALITY_PREFERENCE', 'delta'), ('GNOME_DESKTOP_SESSION_ID', 'this-is-deprecated'), ('ROS_LOCALHOST_ONLY', '0'), ('WINDOWPATH', '2'), ('PATH', '/usr/local/cuda-12.6/bin:/home/aiv/.local/bin:/opt/ros/humble/bin:/home/aiv/.nvm/versions/node/v24.13.0/bin:/usr/local/cuda-12.6/bin:/usr/local/sbin:/usr/local/bin:/usr/sbin:/usr/bin:/sbin:/bin:/usr/games:/usr/local/games:/snap/bin:/snap/bin'), ('SESSION_MANAGER', 'local/aiv:@/tmp/.ICE-unix/2556,unix/aiv:/tmp/.ICE-unix/2556'), ('INVOCATION_ID', '1e48b71c64b846adb5029138dd925edc'), ('COREPACK_ENABLE_AUTO_PIN', '0'), ('XDG_MENU_PREFIX', 'gnome-'), ('LC_ADDRESS', 'ko_KR.UTF-8'), ('XDG_RUNTIME_DIR', '/run/user/1000'), ('DISPLAY', ':1'), ('TERMINATOR_DBUS_PATH', '/net/tenshu/Terminator2'), ('NoDefaultCurrentDirectoryInExePath', '1'), ('LANG', 'en_US.UTF-8'), ('XDG_CURRENT_DESKTOP', 'ubuntu:GNOME'), ('IBUS_DISABLE_SNOOPER', '1'), ('LC_TELEPHONE', 'ko_KR.UTF-8'), ('XMODIFIERS', '@im=ibus'), ('XDG_SESSION_DESKTOP', 'ubuntu'), ('XAUTHORITY', '/run/user/1000/gdm/Xauthority'), ('SSH_AGENT_LAUNCHER', 'gnome-keyring'), ('SSH_AUTH_SOCK', '/run/user/1000/keyring/ssh'), ('AMENT_PREFIX_PATH', '/home/aiv/ev_ws/planning/install/track_planning:/home/aiv/ev_ws/planning/install/track_msgs:/home/aiv/ev_ws/carsa_gazebo/install/carsa_gazebo:/home/aiv/ev_ws/erp42_ros/install/erp42_serial:/home/aiv/ev_ws/erp42_ros/install/erp42_rqt_plugin:/home/aiv/ev_ws/erp42_ros/install/erp42_gazebo:/home/aiv/ev_ws/erp42_ros/install/erp42_util:/home/aiv/ev_ws/erp42_ros/install/erp42_msgs:/home/aiv/ev_ws/erp42_ros/install/erp42_description:/home/aiv/ev_ws/erp42_ros/install/erp42_cmake:/home/aiv/ev_ws/perception/install/velodyne:/home/aiv/ev_ws/perception/install/lidar_launch:/home/aiv/ev_ws/perception/install/velodyne_pointcloud:/home/aiv/ev_ws/perception/install/velodyne_driver:/home/aiv/ev_ws/perception/install/velodyne_msgs:/home/aiv/ev_ws/perception/install/velodyne_laserscan:/home/aiv/ev_ws/perception/install/velodyne_cropbox:/home/aiv/ev_ws/perception/install/patchworkpp:/home/aiv/ev_ws/perception/install/lidar_voxel_grid:/home/aiv/ev_ws/perception/install/lidar_interfaces:/home/aiv/ev_ws/perception/install/dbscan_clustering:/home/aiv/ev_ws/perception/install/cluster_splitter:/opt/ros/humble'), ('SHELL', '/bin/bash'), ('LC_NAME', 'ko_KR.UTF-8'), ('TERMINATOR_UUID', 'urn:uuid:8a5ea92a-2740-47e4-b74e-c567117d0d1a'), ('QT_ACCESSIBILITY', '1'), ('GDMSESSION', 'ubuntu'), ('CLAUDECODE', '1'), ('LC_MEASUREMENT', 'ko_KR.UTF-8'), ('GPG_AGENT_INFO', '/run/user/1000/gnupg/S.gpg-agent:0:1'), ('GJS_DEBUG_OUTPUT', 'stderr'), ('LC_IDENTIFICATION', 'ko_KR.UTF-8'), ('QT_IM_MODULE', 'ibus'), ('PWD', '/home/aiv/ev_ws/planning/build/track_planning'), ('LC_ALL', 'en_US.UTF-8'), ('XDG_CONFIG_DIRS', '/etc/xdg/xdg-ubuntu:/etc/xdg'), ('NVM_CD_FLAGS', ''), ('XDG_DATA_DIRS', '/usr/share/ubuntu:/usr/share/gnome:/usr/local/share/:/usr/share/:/var/lib/snapd/desktop'), ('PYTHONPATH', '/home/aiv/ev_ws/planning/install/track_msgs/local/lib/python3.10/dist-packages:/home/aiv/ev_ws/erp42_ros/install/erp42_msgs/local/lib/python3.10/dist-packages:/home/aiv/ev_ws/perception/install/velodyne_msgs/local/lib/python3.10/dist-packages:/home/aiv/ev_ws/perception/install/lidar_interfaces/local/lib/python3.10/dist-packages:/opt/ros/humble/lib/python3.10/site-packages:/opt/ros/humble/local/lib/python3.10/dist-packages'), ('LC_NUMERIC', 'ko_KR.UTF-8'), ('LC_PAPER', 'ko_KR.UTF-8'), ('COLCON', '1'), ('VTE_VERSION', '6800'), ('EDITOR', 'code --wait'), ('CMAKE_PREFIX_PATH', '/home/aiv/ev_ws/planning/install/track_msgs:/home/aiv/ev_ws/planning/install/track_planning:/home/aiv/ev_ws/carsa_gazebo/install/carsa_gazebo:/home/aiv/ev_ws/erp42_ros/install/erp42_serial:/home/aiv/ev_ws/erp42_ros/install/erp42_rqt_plugin:/home/aiv/ev_ws/erp42_ros/install/erp42_gazebo:/home/aiv/ev_ws/erp42_ros/install/erp42_util:/home/aiv/ev_ws/erp42_ros/install/erp42_msgs:/home/aiv/ev_ws/erp42_ros/install/erp42_description:/home/aiv/ev_ws/erp42_ros/install/erp42_cmake:/home/aiv/ev_ws/perception/install/velodyne:/home/aiv/ev_ws/perception/install/lidar_launch:/home/aiv/ev_ws/perception/install/velodyne_pointcloud:/home/aiv/ev_ws/perception/install/velodyne_driver:/home/aiv/ev_ws/perception/install/velodyne_msgs:/home/aiv/ev_ws/perception/install/velodyne_laserscan:/home/aiv/ev_ws/perception/install/velodyne_cropbox:/home/aiv/ev_ws/perception/install/patchworkpp:/home/aiv/ev_ws/perception/install/lidar_voxel_grid:/home/aiv/ev_ws/perception/install/lidar_interfaces:/home/aiv/ev_ws/perception/install/dbscan_clustering:/home/aiv/ev_ws/perception/install/cluster_splitter:/opt/ros/humble')]), 'shell': False}
[1.996430] (track_planning) StdoutLine: {'line': b'-- Install configuration: ""\n'}
[1.996560] (track_planning) StdoutLine: {'line': b'-- Installing: /home/aiv/ev_ws/planning/install/track_planning/lib/libtrack_planning_corridor.so\n'}
[1.996820] (track_planning) StdoutLine: {'line': b'-- Set runtime path of "/home/aiv/ev_ws/planning/install/track_planning/lib/libtrack_planning_corridor.so" to ""\n'}
[1.996848] (track_planning) StdoutLine: {'line': b'-- Up-to-date: /home/aiv/ev_ws/planning/install/track_planning/include\n'}
[1.996873] (track_planning) StdoutLine: {'line': b'-- Up-to-date: /home/aiv/ev_ws/planning/install/track_planning/include/track_planning\n'}
[1.996897] (track_planning) StdoutLine: {'line': b'-- Up-to-date: /home/aiv/ev_ws/planning/install/track_planning/include/track_planning/corridor\n'}
[1.996920] (track_planning) StdoutLine: {'line': b'-- Installing: /home/aiv/ev_ws/planning/install/track_planning/include/track_planning/corridor/corridor_builder.hpp\n'}
[1.997035] (track_planning) StdoutLine: {'line': b'-- Installing: /home/aiv/ev_ws/planning/install/track_planning/include/track_planning/corridor/virtual_boundary.hpp\n'}
[1.997060] (track_planning) StdoutLine: {'line': b'-- Installing: /home/aiv/ev_ws/planning/install/track_planning/include/track_planning/corridor/pair_validator.hpp\n'}
[1.997085] (track_planning) StdoutLine: {'line': b'-- Up-to-date: /home/aiv/ev_ws/planning/install/track_planning/include/track_planning/costmap\n'}
[1.997108] (track_planning) StdoutLine: {'line': b'-- Up-to-date: /home/aiv/ev_ws/planning/install/track_planning/include/track_planning/common\n'}
[1.997131] (track_planning) StdoutLine: {'line': b'-- Up-to-date: /home/aiv/ev_ws/planning/install/track_planning/include/track_planning/common/geometry.hpp\n'}
[1.997263] (track_planning) StdoutLine: {'line': b'-- Up-to-date: /home/aiv/ev_ws/planning/install/track_planning/include/track_planning/common/types.hpp\n'}
[1.997288] (track_planning) StdoutLine: {'line': b'-- Up-to-date: /home/aiv/ev_ws/planning/install/track_planning/include/track_planning/common/params.hpp\n'}
[1.997437] (track_planning) StdoutLine: {'line': b'-- Up-to-date: /home/aiv/ev_ws/planning/install/track_planning/include/track_planning/common/debug_publish.hpp\n'}
[1.997479] (track_planning) StdoutLine: {'line': b'-- Up-to-date: /home/aiv/ev_ws/planning/install/track_planning/include/track_planning/goal\n'}
[1.997504] (track_planning) StdoutLine: {'line': b'-- Up-to-date: /home/aiv/ev_ws/planning/install/track_planning/share/track_planning/config\n'}
[1.997526] (track_planning) StdoutLine: {'line': b'-- Up-to-date: /home/aiv/ev_ws/planning/install/track_planning/share/track_planning/config/planning.yaml\n'}
[1.997550] (track_planning) StdoutLine: {'line': b'-- Up-to-date: /home/aiv/ev_ws/planning/install/track_planning/share/track_planning/launch\n'}
[1.997571] (track_planning) StdoutLine: {'line': b'-- Up-to-date: /home/aiv/ev_ws/planning/install/track_planning/share/ament_index/resource_index/package_run_dependencies/track_planning\n'}
[1.997598] (track_planning) StdoutLine: {'line': b'-- Installing: /home/aiv/ev_ws/planning/install/track_planning/share/ament_index/resource_index/parent_prefix_path/track_planning\n'}
[1.997619] (track_planning) StdoutLine: {'line': b'-- Up-to-date: /home/aiv/ev_ws/planning/install/track_planning/share/track_planning/environment/ament_prefix_path.sh\n'}
[1.997640] (track_planning) StdoutLine: {'line': b'-- Installing: /home/aiv/ev_ws/planning/install/track_planning/share/track_planning/environment/ament_prefix_path.dsv\n'}
[1.997659] (track_planning) StdoutLine: {'line': b'-- Up-to-date: /home/aiv/ev_ws/planning/install/track_planning/share/track_planning/environment/path.sh\n'}
[1.997680] (track_planning) StdoutLine: {'line': b'-- Installing: /home/aiv/ev_ws/planning/install/track_planning/share/track_planning/environment/path.dsv\n'}
[1.997700] (track_planning) StdoutLine: {'line': b'-- Up-to-date: /home/aiv/ev_ws/planning/install/track_planning/share/track_planning/local_setup.bash\n'}
[1.997722] (track_planning) StdoutLine: {'line': b'-- Up-to-date: /home/aiv/ev_ws/planning/install/track_planning/share/track_planning/local_setup.sh\n'}
[1.997742] (track_planning) StdoutLine: {'line': b'-- Up-to-date: /home/aiv/ev_ws/planning/install/track_planning/share/track_planning/local_setup.zsh\n'}
[1.997762] (track_planning) StdoutLine: {'line': b'-- Installing: /home/aiv/ev_ws/planning/install/track_planning/share/track_planning/local_setup.dsv\n'}
[1.997782] (track_planning) StdoutLine: {'line': b'-- Installing: /home/aiv/ev_ws/planning/install/track_planning/share/track_planning/package.dsv\n'}
[1.997803] (track_planning) StdoutLine: {'line': b'-- Up-to-date: /home/aiv/ev_ws/planning/install/track_planning/share/ament_index/resource_index/packages/track_planning\n'}
[1.997823] (track_planning) StdoutLine: {'line': b'-- Up-to-date: /home/aiv/ev_ws/planning/install/track_planning/share/track_planning/cmake/track_planningConfig.cmake\n'}
[1.997843] (track_planning) StdoutLine: {'line': b'-- Up-to-date: /home/aiv/ev_ws/planning/install/track_planning/share/track_planning/cmake/track_planningConfig-version.cmake\n'}
[1.997864] (track_planning) StdoutLine: {'line': b'-- Up-to-date: /home/aiv/ev_ws/planning/install/track_planning/share/track_planning/package.xml\n'}
[1.998070] (track_planning) CommandEnded: {'returncode': 0}
[2.003968] (-) TimerEvent: {}
[2.007516] (track_planning) JobEnded: {'identifier': 'track_planning', 'rc': 0}
[2.007764] (-) EventReactorShutdown: {}
