[0.016s] Invoking command in '/home/aiv/ev_ws/perception/build/patchworkpp': CMAKE_PREFIX_PATH=${CMAKE_PREFIX_PATH}:/opt/ros/humble /usr/bin/cmake --build /home/aiv/ev_ws/perception/build/patchworkpp -- -j28 -l28
[0.140s] [32mBuilding CXX object patchworkpp_cpp/patchworkpp/CMakeFiles/ground_seg_cores.dir/src/patchworkpp.cpp.o[0m
[0.141s] Built target patchworkpp_node
[7.691s] [32m[1mLinking CXX static library libground_seg_cores.a[0m
[7.713s] Built target ground_seg_cores
[7.732s] [32mBuilding CXX object CMakeFiles/gseg_component.dir/src/GroundSegmentationServer.cpp.o[0m
[16.285s] [32m[1mLinking CXX shared library libgseg_component.so[0m
[16.386s] Built target gseg_component
[16.393s] Invoked command in '/home/aiv/ev_ws/perception/build/patchworkpp' returned '0': CMAKE_PREFIX_PATH=${CMAKE_PREFIX_PATH}:/opt/ros/humble /usr/bin/cmake --build /home/aiv/ev_ws/perception/build/patchworkpp -- -j28 -l28
[16.395s] Invoking command in '/home/aiv/ev_ws/perception/build/patchworkpp': CMAKE_PREFIX_PATH=${CMAKE_PREFIX_PATH}:/opt/ros/humble /usr/bin/cmake --install /home/aiv/ev_ws/perception/build/patchworkpp
[16.401s] -- Install configuration: "Release"
[16.401s] -- Up-to-date: /home/aiv/ev_ws/perception/install/patchworkpp/include
[16.401s] -- Up-to-date: /home/aiv/ev_ws/perception/install/patchworkpp/include/patchwork
[16.401s] -- Installing: /home/aiv/ev_ws/perception/install/patchworkpp/include/patchwork/patchworkpp.h
[16.401s] -- Installing: /home/aiv/ev_ws/perception/install/patchworkpp/lib/libground_seg_cores.a
[16.401s] -- Up-to-date: /home/aiv/ev_ws/perception/install/patchworkpp/lib/cmake/patchworkpp/patchworkppConfig.cmake
[16.401s] -- Up-to-date: /home/aiv/ev_ws/perception/install/patchworkpp/lib/cmake/patchworkpp/patchworkppConfig-release.cmake
[16.401s] -- Up-to-date: /home/aiv/ev_ws/perception/install/patchworkpp/lib/cmake/patchworkpp/patchworkppTargets.cmake
[16.401s] -- Up-to-date: /home/aiv/ev_ws/perception/install/patchworkpp/lib/cmake/patchworkpp/patchworkppTargets-release.cmake
[16.401s] -- Up-to-date: /home/aiv/ev_ws/perception/install/patchworkpp/lib/patchworkpp/patchworkpp_node
[16.402s] -- Installing: /home/aiv/ev_ws/perception/install/patchworkpp/lib/libgseg_component.so
[16.402s] -- Set runtime path of "/home/aiv/ev_ws/perception/install/patchworkpp/lib/libgseg_component.so" to ""
[16.403s] -- Up-to-date: /home/aiv/ev_ws/perception/install/patchworkpp/share/patchworkpp//launch
[16.403s] -- Up-to-date: /home/aiv/ev_ws/perception/install/patchworkpp/share/patchworkpp//launch/patchworkpp.launch.py
[16.403s] -- Up-to-date: /home/aiv/ev_ws/perception/install/patchworkpp/share/patchworkpp//rviz
[16.403s] -- Up-to-date: /home/aiv/ev_ws/perception/install/patchworkpp/share/patchworkpp//rviz/patchworkpp.rviz
[16.403s] -- Up-to-date: /home/aiv/ev_ws/perception/install/patchworkpp/share/patchworkpp//config
[16.403s] -- Up-to-date: /home/aiv/ev_ws/perception/install/patchworkpp/share/patchworkpp//config/patchworkpp_params.yaml
[16.403s] -- Up-to-date: /home/aiv/ev_ws/perception/install/patchworkpp/share/ament_index/resource_index/package_run_dependencies/patchworkpp
[16.403s] -- Up-to-date: /home/aiv/ev_ws/perception/install/patchworkpp/share/ament_index/resource_index/parent_prefix_path/patchworkpp
[16.403s] -- Up-to-date: /home/aiv/ev_ws/perception/install/patchworkpp/share/patchworkpp/environment/ament_prefix_path.sh
[16.403s] -- Up-to-date: /home/aiv/ev_ws/perception/install/patchworkpp/share/patchworkpp/environment/ament_prefix_path.dsv
[16.403s] -- Up-to-date: /home/aiv/ev_ws/perception/install/patchworkpp/share/patchworkpp/environment/path.sh
[16.403s] -- Up-to-date: /home/aiv/ev_ws/perception/install/patchworkpp/share/patchworkpp/environment/path.dsv
[16.403s] -- Up-to-date: /home/aiv/ev_ws/perception/install/patchworkpp/share/patchworkpp/local_setup.bash
[16.403s] -- Up-to-date: /home/aiv/ev_ws/perception/install/patchworkpp/share/patchworkpp/local_setup.sh
[16.403s] -- Up-to-date: /home/aiv/ev_ws/perception/install/patchworkpp/share/patchworkpp/local_setup.zsh
[16.403s] -- Up-to-date: /home/aiv/ev_ws/perception/install/patchworkpp/share/patchworkpp/local_setup.dsv
[16.403s] -- Installing: /home/aiv/ev_ws/perception/install/patchworkpp/share/patchworkpp/package.dsv
[16.403s] -- Up-to-date: /home/aiv/ev_ws/perception/install/patchworkpp/share/ament_index/resource_index/packages/patchworkpp
[16.403s] -- Up-to-date: /home/aiv/ev_ws/perception/install/patchworkpp/share/ament_index/resource_index/rclcpp_components/patchworkpp
[16.403s] -- Up-to-date: /home/aiv/ev_ws/perception/install/patchworkpp/share/patchworkpp/cmake/patchworkppConfig.cmake
[16.403s] -- Up-to-date: /home/aiv/ev_ws/perception/install/patchworkpp/share/patchworkpp/cmake/patchworkppConfig-version.cmake
[16.403s] -- Up-to-date: /home/aiv/ev_ws/perception/install/patchworkpp/share/patchworkpp/package.xml
[16.404s] Invoked command in '/home/aiv/ev_ws/perception/build/patchworkpp' returned '0': CMAKE_PREFIX_PATH=${CMAKE_PREFIX_PATH}:/opt/ros/humble /usr/bin/cmake --install /home/aiv/ev_ws/perception/build/patchworkpp
