[35m[1mConsolidate compiler generated dependencies of target voxel_grid_component[0m
[35m[1mConsolidate compiler generated dependencies of target voxel_grid_node[0m
[ 50%] Built target voxel_grid_node
[100%] Built target voxel_grid_component
-- Install configuration: ""
-- Installing: /home/kimsohee/ev-1-5/ev-Autonomous-Vehicle-1-5/install/lidar_voxel_grid/lib/lidar_voxel_grid/voxel_grid_node
-- Set runtime path of "/home/kimsohee/ev-1-5/ev-Autonomous-Vehicle-1-5/install/lidar_voxel_grid/lib/lidar_voxel_grid/voxel_grid_node" to ""
-- Installing: /home/kimsohee/ev-1-5/ev-Autonomous-Vehicle-1-5/install/lidar_voxel_grid/lib/libvoxel_grid_component.so
-- Set runtime path of "/home/kimsohee/ev-1-5/ev-Autonomous-Vehicle-1-5/install/lidar_voxel_grid/lib/libvoxel_grid_component.so" to ""
-- Installing: /home/kimsohee/ev-1-5/ev-Autonomous-Vehicle-1-5/install/lidar_voxel_grid/include
-- Installing: /home/kimsohee/ev-1-5/ev-Autonomous-Vehicle-1-5/install/lidar_voxel_grid/include/lidar_voxel_grid
-- Installing: /home/kimsohee/ev-1-5/ev-Autonomous-Vehicle-1-5/install/lidar_voxel_grid/include/lidar_voxel_grid/voxel_grid_component.hpp
-- Installing: /home/kimsohee/ev-1-5/ev-Autonomous-Vehicle-1-5/install/lidar_voxel_grid/share/lidar_voxel_grid/config
-- Installing: /home/kimsohee/ev-1-5/ev-Autonomous-Vehicle-1-5/install/lidar_voxel_grid/share/lidar_voxel_grid/config/voxel_grid_params.yaml
-- Installing: /home/kimsohee/ev-1-5/ev-Autonomous-Vehicle-1-5/install/lidar_voxel_grid/share/lidar_voxel_grid/launch
-- Installing: /home/kimsohee/ev-1-5/ev-Autonomous-Vehicle-1-5/install/lidar_voxel_grid/share/lidar_voxel_grid/launch/voxel_grid.launch.py
-- Installing: /home/kimsohee/ev-1-5/ev-Autonomous-Vehicle-1-5/install/lidar_voxel_grid/share/ament_index/resource_index/package_run_dependencies/lidar_voxel_grid
-- Installing: /home/kimsohee/ev-1-5/ev-Autonomous-Vehicle-1-5/install/lidar_voxel_grid/share/ament_index/resource_index/parent_prefix_path/lidar_voxel_grid
-- Installing: /home/kimsohee/ev-1-5/ev-Autonomous-Vehicle-1-5/install/lidar_voxel_grid/share/lidar_voxel_grid/environment/ament_prefix_path.sh
-- Installing: /home/kimsohee/ev-1-5/ev-Autonomous-Vehicle-1-5/install/lidar_voxel_grid/share/lidar_voxel_grid/environment/ament_prefix_path.dsv
-- Installing: /home/kimsohee/ev-1-5/ev-Autonomous-Vehicle-1-5/install/lidar_voxel_grid/share/lidar_voxel_grid/environment/path.sh
-- Installing: /home/kimsohee/ev-1-5/ev-Autonomous-Vehicle-1-5/install/lidar_voxel_grid/share/lidar_voxel_grid/environment/path.dsv
-- Installing: /home/kimsohee/ev-1-5/ev-Autonomous-Vehicle-1-5/install/lidar_voxel_grid/share/lidar_voxel_grid/local_setup.bash
-- Installing: /home/kimsohee/ev-1-5/ev-Autonomous-Vehicle-1-5/install/lidar_voxel_grid/share/lidar_voxel_grid/local_setup.sh
-- Installing: /home/kimsohee/ev-1-5/ev-Autonomous-Vehicle-1-5/install/lidar_voxel_grid/share/lidar_voxel_grid/local_setup.zsh
-- Installing: /home/kimsohee/ev-1-5/ev-Autonomous-Vehicle-1-5/install/lidar_voxel_grid/share/lidar_voxel_grid/local_setup.dsv
-- Installing: /home/kimsohee/ev-1-5/ev-Autonomous-Vehicle-1-5/install/lidar_voxel_grid/share/lidar_voxel_grid/package.dsv
-- Installing: /home/kimsohee/ev-1-5/ev-Autonomous-Vehicle-1-5/install/lidar_voxel_grid/share/ament_index/resource_index/packages/lidar_voxel_grid
-- Installing: /home/kimsohee/ev-1-5/ev-Autonomous-Vehicle-1-5/install/lidar_voxel_grid/share/ament_index/resource_index/rclcpp_components/lidar_voxel_grid
-- Installing: /home/kimsohee/ev-1-5/ev-Autonomous-Vehicle-1-5/install/lidar_voxel_grid/share/lidar_voxel_grid/cmake/lidar_voxel_gridConfig.cmake
-- Installing: /home/kimsohee/ev-1-5/ev-Autonomous-Vehicle-1-5/install/lidar_voxel_grid/share/lidar_voxel_grid/cmake/lidar_voxel_gridConfig-version.cmake
-- Installing: /home/kimsohee/ev-1-5/ev-Autonomous-Vehicle-1-5/install/lidar_voxel_grid/share/lidar_voxel_grid/package.xml
