[0.413s] Invoking command in '/home/woonggook/ev_ws/src/my_bev_package': PYTHONPATH=/home/woonggook/ev_ws/build/my_bev_package/prefix_override:/usr/lib/python3/dist-packages/colcon_core/task/python/colcon_distutils_commands:/home/woonggook/ev_ws/install/my_bev_package/lib/python3.10/site-packages:${PYTHONPATH} /usr/bin/python3 -W ignore:setup.py install is deprecated -W ignore:easy_install command is deprecated setup.py egg_info --egg-base ../../build/my_bev_package build --build-base /home/woonggook/ev_ws/build/my_bev_package/build install --record /home/woonggook/ev_ws/build/my_bev_package/install.log --single-version-externally-managed install_data
[0.567s] running egg_info
[0.567s] writing ../../build/my_bev_package/my_bev_package.egg-info/PKG-INFO
[0.567s] writing dependency_links to ../../build/my_bev_package/my_bev_package.egg-info/dependency_links.txt
[0.567s] writing entry points to ../../build/my_bev_package/my_bev_package.egg-info/entry_points.txt
[0.568s] writing requirements to ../../build/my_bev_package/my_bev_package.egg-info/requires.txt
[0.568s] writing top-level names to ../../build/my_bev_package/my_bev_package.egg-info/top_level.txt
[0.569s] reading manifest file '../../build/my_bev_package/my_bev_package.egg-info/SOURCES.txt'
[0.569s] writing manifest file '../../build/my_bev_package/my_bev_package.egg-info/SOURCES.txt'
[0.569s] running build
[0.569s] running build_py
[0.569s] copying my_bev_package/find_points.py -> /home/woonggook/ev_ws/build/my_bev_package/build/lib/my_bev_package
[0.569s] copying my_bev_package/bev_node.py -> /home/woonggook/ev_ws/build/my_bev_package/build/lib/my_bev_package
[0.569s] running install
[0.570s] running install_lib
[0.570s] copying /home/woonggook/ev_ws/build/my_bev_package/build/lib/my_bev_package/find_points.py -> /home/woonggook/ev_ws/install/my_bev_package/lib/python3.10/site-packages/my_bev_package
[0.570s] copying /home/woonggook/ev_ws/build/my_bev_package/build/lib/my_bev_package/bev_node.py -> /home/woonggook/ev_ws/install/my_bev_package/lib/python3.10/site-packages/my_bev_package
[0.571s] byte-compiling /home/woonggook/ev_ws/install/my_bev_package/lib/python3.10/site-packages/my_bev_package/find_points.py to find_points.cpython-310.pyc
[0.571s] byte-compiling /home/woonggook/ev_ws/install/my_bev_package/lib/python3.10/site-packages/my_bev_package/bev_node.py to bev_node.cpython-310.pyc
[0.571s] running install_data
[0.571s] running install_egg_info
[0.573s] removing '/home/woonggook/ev_ws/install/my_bev_package/lib/python3.10/site-packages/my_bev_package-0.0.0-py3.10.egg-info' (and everything under it)
[0.573s] Copying ../../build/my_bev_package/my_bev_package.egg-info to /home/woonggook/ev_ws/install/my_bev_package/lib/python3.10/site-packages/my_bev_package-0.0.0-py3.10.egg-info
[0.573s] running install_scripts
[0.586s] Installing bev_node script to /home/woonggook/ev_ws/install/my_bev_package/lib/my_bev_package
[0.587s] Installing lane_yolo_seg script to /home/woonggook/ev_ws/install/my_bev_package/lib/my_bev_package
[0.587s] writing list of installed files to '/home/woonggook/ev_ws/build/my_bev_package/install.log'
[0.602s] Invoked command in '/home/woonggook/ev_ws/src/my_bev_package' returned '0': PYTHONPATH=/home/woonggook/ev_ws/build/my_bev_package/prefix_override:/usr/lib/python3/dist-packages/colcon_core/task/python/colcon_distutils_commands:/home/woonggook/ev_ws/install/my_bev_package/lib/python3.10/site-packages:${PYTHONPATH} /usr/bin/python3 -W ignore:setup.py install is deprecated -W ignore:easy_install command is deprecated setup.py egg_info --egg-base ../../build/my_bev_package build --build-base /home/woonggook/ev_ws/build/my_bev_package/build install --record /home/woonggook/ev_ws/build/my_bev_package/install.log --single-version-externally-managed install_data
