[0.008s] Invoking command in '/home/aiv/ev_ws/planning/build/chaining_costmap_ver': CMAKE_PREFIX_PATH=${CMAKE_PREFIX_PATH}:/opt/ros/humble /usr/bin/cmake --build /home/aiv/ev_ws/planning/build/chaining_costmap_ver -- -j28 -l28
[0.060s] [  8%] Building CXX object CMakeFiles/chaining_costmap_postprocess.dir/src/postprocess/path_postprocessor.cpp.o
[0.066s] [ 16%] Building CXX object CMakeFiles/chaining_costmap_astar.dir/src/planner/astar_planner.cpp.o
[0.067s] [ 25%] Building CXX object CMakeFiles/chaining_costmap_chainer.dir/src/chainer/direction_chainer.cpp.o
[0.067s] [ 33%] Building CXX object CMakeFiles/chaining_costmap_costmap.dir/src/costmap/costmap_generator.cpp.o
[0.067s] [ 50%] Built target lc_planner_node_exe
[0.380s] [ 58%] Linking CXX shared library libchaining_costmap_postprocess.so
[0.458s] [ 58%] Built target chaining_costmap_postprocess
[1.574s] [ 66%] Linking CXX shared library libchaining_costmap_costmap.so
[1.615s] [ 75%] Linking CXX shared library libchaining_costmap_astar.so
[1.641s] [ 75%] Built target chaining_costmap_costmap
[1.683s] [ 75%] Built target chaining_costmap_astar
[1.879s] [ 83%] Linking CXX shared library libchaining_costmap_chainer.so
[1.953s] [ 83%] Built target chaining_costmap_chainer
[1.967s] Consolidate compiler generated dependencies of target lc_planner_component
[1.981s] [ 91%] Building CXX object CMakeFiles/lc_planner_component.dir/src/nodes/chaining_costmap_ver_node.cpp.o
[8.478s] [100%] Linking CXX shared library liblc_planner_component.so
[8.852s] [100%] Built target lc_planner_component
[8.859s] Invoked command in '/home/aiv/ev_ws/planning/build/chaining_costmap_ver' returned '0': CMAKE_PREFIX_PATH=${CMAKE_PREFIX_PATH}:/opt/ros/humble /usr/bin/cmake --build /home/aiv/ev_ws/planning/build/chaining_costmap_ver -- -j28 -l28
[8.866s] Invoking command in '/home/aiv/ev_ws/planning/build/chaining_costmap_ver': CMAKE_PREFIX_PATH=${CMAKE_PREFIX_PATH}:/opt/ros/humble /usr/bin/cmake --install /home/aiv/ev_ws/planning/build/chaining_costmap_ver
[8.870s] -- Install configuration: ""
[8.870s] -- Execute custom install script
[8.870s] -- Up-to-date symlink: /home/aiv/ev_ws/planning/install/chaining_costmap_ver/lib/libchaining_costmap_chainer.so
[8.871s] -- Up-to-date symlink: /home/aiv/ev_ws/planning/install/chaining_costmap_ver/lib/libchaining_costmap_costmap.so
[8.871s] -- Up-to-date symlink: /home/aiv/ev_ws/planning/install/chaining_costmap_ver/lib/libchaining_costmap_astar.so
[8.871s] -- Up-to-date symlink: /home/aiv/ev_ws/planning/install/chaining_costmap_ver/lib/libchaining_costmap_postprocess.so
[8.871s] -- Up-to-date symlink: /home/aiv/ev_ws/planning/install/chaining_costmap_ver/lib/chaining_costmap_ver/lc_planner_node_exe
[8.871s] -- Up-to-date symlink: /home/aiv/ev_ws/planning/install/chaining_costmap_ver/lib/liblc_planner_component.so
[8.872s] -- Up-to-date symlink: /home/aiv/ev_ws/planning/install/chaining_costmap_ver/include/chaining_costmap_ver/chainer/direction_chainer.hpp
[8.872s] -- Up-to-date symlink: /home/aiv/ev_ws/planning/install/chaining_costmap_ver/include/chaining_costmap_ver/common/debug_publish.hpp
[8.872s] -- Up-to-date symlink: /home/aiv/ev_ws/planning/install/chaining_costmap_ver/include/chaining_costmap_ver/common/geometry.hpp
[8.872s] -- Up-to-date symlink: /home/aiv/ev_ws/planning/install/chaining_costmap_ver/include/chaining_costmap_ver/common/params.hpp
[8.872s] -- Up-to-date symlink: /home/aiv/ev_ws/planning/install/chaining_costmap_ver/include/chaining_costmap_ver/common/types.hpp
[8.872s] -- Up-to-date symlink: /home/aiv/ev_ws/planning/install/chaining_costmap_ver/include/chaining_costmap_ver/costmap/costmap_generator.hpp
[8.872s] -- Up-to-date symlink: /home/aiv/ev_ws/planning/install/chaining_costmap_ver/include/chaining_costmap_ver/nodes/chaining_costmap_ver_node.hpp
[8.872s] -- Up-to-date symlink: /home/aiv/ev_ws/planning/install/chaining_costmap_ver/include/chaining_costmap_ver/planner/astar_planner.hpp
[8.872s] -- Up-to-date symlink: /home/aiv/ev_ws/planning/install/chaining_costmap_ver/include/chaining_costmap_ver/postprocess/path_postprocessor.hpp
[8.872s] -- Up-to-date symlink: /home/aiv/ev_ws/planning/install/chaining_costmap_ver/include/chaining_costmap_ver/safety/safety_checker.hpp
[8.872s] -- Up-to-date symlink: /home/aiv/ev_ws/planning/install/chaining_costmap_ver/share/chaining_costmap_ver/config/chaining_costmap_ver.yaml
[8.872s] -- Up-to-date symlink: /home/aiv/ev_ws/planning/install/chaining_costmap_ver/share/chaining_costmap_ver/launch/chaining_costmap_ver.launch.py
[8.872s] -- Up-to-date symlink: /home/aiv/ev_ws/planning/install/chaining_costmap_ver/share/ament_index/resource_index/package_run_dependencies/chaining_costmap_ver
[8.872s] -- Up-to-date symlink: /home/aiv/ev_ws/planning/install/chaining_costmap_ver/share/ament_index/resource_index/parent_prefix_path/chaining_costmap_ver
[8.872s] -- Up-to-date symlink: /home/aiv/ev_ws/planning/install/chaining_costmap_ver/share/chaining_costmap_ver/environment/ament_prefix_path.sh
[8.872s] -- Up-to-date symlink: /home/aiv/ev_ws/planning/install/chaining_costmap_ver/share/chaining_costmap_ver/environment/ament_prefix_path.dsv
[8.873s] -- Up-to-date symlink: /home/aiv/ev_ws/planning/install/chaining_costmap_ver/share/chaining_costmap_ver/environment/path.sh
[8.873s] -- Up-to-date symlink: /home/aiv/ev_ws/planning/install/chaining_costmap_ver/share/chaining_costmap_ver/environment/path.dsv
[8.873s] -- Up-to-date symlink: /home/aiv/ev_ws/planning/install/chaining_costmap_ver/share/chaining_costmap_ver/local_setup.bash
[8.873s] -- Up-to-date symlink: /home/aiv/ev_ws/planning/install/chaining_costmap_ver/share/chaining_costmap_ver/local_setup.sh
[8.873s] -- Up-to-date symlink: /home/aiv/ev_ws/planning/install/chaining_costmap_ver/share/chaining_costmap_ver/local_setup.zsh
[8.873s] -- Up-to-date symlink: /home/aiv/ev_ws/planning/install/chaining_costmap_ver/share/chaining_costmap_ver/local_setup.dsv
[8.873s] -- Symlinking: /home/aiv/ev_ws/planning/install/chaining_costmap_ver/share/chaining_costmap_ver/package.dsv
[8.877s] -- Up-to-date symlink: /home/aiv/ev_ws/planning/install/chaining_costmap_ver/share/ament_index/resource_index/packages/chaining_costmap_ver
[8.877s] -- Up-to-date symlink: /home/aiv/ev_ws/planning/install/chaining_costmap_ver/share/ament_index/resource_index/rclcpp_components/chaining_costmap_ver
[8.878s] -- Up-to-date symlink: /home/aiv/ev_ws/planning/install/chaining_costmap_ver/share/chaining_costmap_ver/cmake/chaining_costmap_verConfig.cmake
[8.878s] -- Up-to-date symlink: /home/aiv/ev_ws/planning/install/chaining_costmap_ver/share/chaining_costmap_ver/cmake/chaining_costmap_verConfig-version.cmake
[8.878s] -- Up-to-date symlink: /home/aiv/ev_ws/planning/install/chaining_costmap_ver/share/chaining_costmap_ver/package.xml
[8.878s] Invoked command in '/home/aiv/ev_ws/planning/build/chaining_costmap_ver' returned '0': CMAKE_PREFIX_PATH=${CMAKE_PREFIX_PATH}:/opt/ros/humble /usr/bin/cmake --install /home/aiv/ev_ws/planning/build/chaining_costmap_ver
