[0.027s] Invoking command in '/home/aiv/ev_ws/build/velodyne_msgs': CMAKE_PREFIX_PATH=${CMAKE_PREFIX_PATH}:/opt/ros/humble /usr/bin/cmake /home/aiv/ev_ws/perception/src/lidar/velodyne_msgs -DAMENT_CMAKE_SYMLINK_INSTALL=1 -DCMAKE_INSTALL_PREFIX=/home/aiv/ev_ws/install/velodyne_msgs
[0.061s] -- The C compiler identification is GNU 11.4.0
[0.092s] -- The CXX compiler identification is GNU 11.4.0
[0.096s] -- Detecting C compiler ABI info
[0.134s] -- Detecting C compiler ABI info - done
[0.139s] -- Check for working C compiler: /usr/bin/cc - skipped
[0.139s] -- Detecting C compile features
[0.139s] -- Detecting C compile features - done
[0.141s] -- Detecting CXX compiler ABI info
[0.187s] -- Detecting CXX compiler ABI info - done
[0.194s] -- Check for working CXX compiler: /usr/bin/c++ - skipped
[0.194s] -- Detecting CXX compile features
[0.194s] -- Detecting CXX compile features - done
[0.197s] -- Found ament_cmake: 1.3.12 (/opt/ros/humble/share/ament_cmake/cmake)
[0.287s] -- Found Python3: /usr/bin/python3 (found version "3.10.12") found components: Interpreter 
[0.321s] -- Override CMake install command with custom implementation using symlinks instead of copying resources
[0.347s] -- Found builtin_interfaces: 1.2.2 (/opt/ros/humble/share/builtin_interfaces/cmake)
[0.384s] -- Found rosidl_generator_c: 3.1.8 (/opt/ros/humble/share/rosidl_generator_c/cmake)
[0.390s] -- Found rosidl_adapter: 3.1.8 (/opt/ros/humble/share/rosidl_adapter/cmake)
[0.399s] -- Found rosidl_generator_cpp: 3.1.8 (/opt/ros/humble/share/rosidl_generator_cpp/cmake)
[0.413s] -- Using all available rosidl_typesupport_c: rosidl_typesupport_fastrtps_c;rosidl_typesupport_introspection_c
[0.430s] -- Using all available rosidl_typesupport_cpp: rosidl_typesupport_fastrtps_cpp;rosidl_typesupport_introspection_cpp
[0.446s] -- Found rosidl_default_generators: 1.2.0 (/opt/ros/humble/share/rosidl_default_generators/cmake)
[0.457s] -- Found std_msgs: 4.9.0 (/opt/ros/humble/share/std_msgs/cmake)
[0.660s] -- Found ament_cmake_cppcheck: 0.12.14 (/opt/ros/humble/share/ament_cmake_cppcheck/cmake)
[0.663s] -- Found ament_cmake_cpplint: 0.12.14 (/opt/ros/humble/share/ament_cmake_cpplint/cmake)
[0.667s] -- Found ament_cmake_uncrustify: 0.12.14 (/opt/ros/humble/share/ament_cmake_uncrustify/cmake)
[0.670s] -- Found ament_cmake_ros: 0.10.0 (/opt/ros/humble/share/ament_cmake_ros/cmake)
[0.908s] -- Using all available rosidl_typesupport_c: rosidl_typesupport_fastrtps_c;rosidl_typesupport_introspection_c
[1.014s] -- Using all available rosidl_typesupport_cpp: rosidl_typesupport_fastrtps_cpp;rosidl_typesupport_introspection_cpp
[1.029s] -- Found PythonInterp: /usr/bin/python3 (found suitable version "3.10.12", minimum required is "3.6") 
[1.032s] -- Found python_cmake_module: 0.10.0 (/opt/ros/humble/share/python_cmake_module/cmake)
[1.054s] -- Found PythonLibs: /usr/lib/x86_64-linux-gnu/libpython3.10.so (found suitable version "3.10.12", minimum required is "3.5") 
[1.054s] -- Using PYTHON_EXECUTABLE: /usr/bin/python3
[1.054s] -- Using PYTHON_INCLUDE_DIRS: /usr/include/python3.10
[1.054s] -- Using PYTHON_LIBRARIES: /usr/lib/x86_64-linux-gnu/libpython3.10.so
[1.073s] -- Found PythonExtra: .so  
[1.124s] -- Found ament_cmake_flake8: 0.12.14 (/opt/ros/humble/share/ament_cmake_flake8/cmake)
[1.127s] -- Found ament_cmake_pep257: 0.12.14 (/opt/ros/humble/share/ament_cmake_pep257/cmake)
[1.131s] -- Found ament_lint_auto: 0.12.14 (/opt/ros/humble/share/ament_lint_auto/cmake)
[1.148s] -- Added test 'copyright' to check source files copyright and LICENSE
[1.149s] -- Added test 'lint_cmake' to check CMake code style
[1.149s] -- Added test 'xmllint' to check XML markup files
[1.153s] -- Configuring done
[1.180s] -- Generating done
[1.189s] -- Build files have been written to: /home/aiv/ev_ws/build/velodyne_msgs
[1.203s] Invoked command in '/home/aiv/ev_ws/build/velodyne_msgs' returned '0': CMAKE_PREFIX_PATH=${CMAKE_PREFIX_PATH}:/opt/ros/humble /usr/bin/cmake /home/aiv/ev_ws/perception/src/lidar/velodyne_msgs -DAMENT_CMAKE_SYMLINK_INSTALL=1 -DCMAKE_INSTALL_PREFIX=/home/aiv/ev_ws/install/velodyne_msgs
[1.204s] Invoking command in '/home/aiv/ev_ws/build/velodyne_msgs': CMAKE_PREFIX_PATH=${CMAKE_PREFIX_PATH}:/opt/ros/humble /usr/bin/cmake --build /home/aiv/ev_ws/build/velodyne_msgs -- -j28 -l28
[1.237s] [  2%] [34m[1mGenerating C code for ROS interfaces[0m
[1.246s] [  5%] [34m[1mGenerating C++ code for ROS interfaces[0m
[1.252s] [  5%] Built target ament_cmake_python_symlink_velodyne_msgs
[1.416s] running egg_info
[1.417s] creating velodyne_msgs.egg-info
[1.417s] writing velodyne_msgs.egg-info/PKG-INFO
[1.417s] writing dependency_links to velodyne_msgs.egg-info/dependency_links.txt
[1.417s] writing top-level names to velodyne_msgs.egg-info/top_level.txt
[1.417s] writing manifest file 'velodyne_msgs.egg-info/SOURCES.txt'
[1.419s] reading manifest file 'velodyne_msgs.egg-info/SOURCES.txt'
[1.419s] writing manifest file 'velodyne_msgs.egg-info/SOURCES.txt'
[1.437s] [  5%] Built target ament_cmake_python_build_velodyne_msgs_egg
[1.447s] [  7%] [32mBuilding C object CMakeFiles/velodyne_msgs__rosidl_generator_c.dir/rosidl_generator_c/velodyne_msgs/msg/detail/velodyne_scan__functions.c.o[0m
[1.449s] [ 10%] [32mBuilding C object CMakeFiles/velodyne_msgs__rosidl_generator_c.dir/rosidl_generator_c/velodyne_msgs/msg/detail/velodyne_packet__functions.c.o[0m
[1.476s] [ 12%] [32m[1mLinking C shared library libvelodyne_msgs__rosidl_generator_c.so[0m
[1.505s] [ 12%] Built target velodyne_msgs__rosidl_generator_c
[1.511s] [ 15%] [34m[1mGenerating C type support for eProsima Fast-RTPS[0m
[1.512s] [ 17%] [34m[1mGenerating C introspection for ROS interfaces[0m
[1.513s] [ 20%] [34m[1mGenerating C type support dispatch for ROS interfaces[0m
[1.541s] [ 20%] Built target velodyne_msgs__cpp
[1.550s] [ 23%] [34m[1mGenerating C++ introspection for ROS interfaces[0m
[1.550s] [ 28%] [34m[1mGenerating C++ type support for eProsima Fast-RTPS[0m
[1.550s] [ 28%] [34m[1mGenerating C++ type support dispatch for ROS interfaces[0m
[1.756s] [ 30%] [32mBuilding CXX object CMakeFiles/velodyne_msgs__rosidl_typesupport_c.dir/rosidl_typesupport_c/velodyne_msgs/msg/velodyne_packet__type_support.cpp.o[0m
[1.765s] [ 33%] [32mBuilding CXX object CMakeFiles/velodyne_msgs__rosidl_typesupport_c.dir/rosidl_typesupport_c/velodyne_msgs/msg/velodyne_scan__type_support.cpp.o[0m
[1.794s] [ 35%] [32m[1mLinking CXX shared library libvelodyne_msgs__rosidl_typesupport_c.so[0m
[1.807s] [ 38%] [32mBuilding C object CMakeFiles/velodyne_msgs__rosidl_typesupport_introspection_c.dir/rosidl_typesupport_introspection_c/velodyne_msgs/msg/detail/velodyne_packet__type_support.c.o[0m
[1.812s] [ 41%] [32mBuilding C object CMakeFiles/velodyne_msgs__rosidl_typesupport_introspection_c.dir/rosidl_typesupport_introspection_c/velodyne_msgs/msg/detail/velodyne_scan__type_support.c.o[0m
[1.831s] [ 43%] [32mBuilding CXX object CMakeFiles/velodyne_msgs__rosidl_typesupport_cpp.dir/rosidl_typesupport_cpp/velodyne_msgs/msg/velodyne_packet__type_support.cpp.o[0m
[1.833s] [ 46%] [32mBuilding CXX object CMakeFiles/velodyne_msgs__rosidl_typesupport_cpp.dir/rosidl_typesupport_cpp/velodyne_msgs/msg/velodyne_scan__type_support.cpp.o[0m
[1.844s] [ 46%] Built target velodyne_msgs__rosidl_typesupport_c
[1.860s] [ 48%] [32mBuilding CXX object CMakeFiles/velodyne_msgs__rosidl_typesupport_fastrtps_c.dir/rosidl_typesupport_fastrtps_c/velodyne_msgs/msg/detail/velodyne_packet__type_support_c.cpp.o[0m
[1.869s] [ 51%] [32mBuilding CXX object CMakeFiles/velodyne_msgs__rosidl_typesupport_fastrtps_c.dir/rosidl_typesupport_fastrtps_c/velodyne_msgs/msg/detail/velodyne_scan__type_support_c.cpp.o[0m
[1.879s] [ 53%] [32m[1mLinking C shared library libvelodyne_msgs__rosidl_typesupport_introspection_c.so[0m
[1.893s] [ 56%] [32mBuilding CXX object CMakeFiles/velodyne_msgs__rosidl_typesupport_introspection_cpp.dir/rosidl_typesupport_introspection_cpp/velodyne_msgs/msg/detail/velodyne_packet__type_support.cpp.o[0m
[1.899s] [ 58%] [32mBuilding CXX object CMakeFiles/velodyne_msgs__rosidl_typesupport_fastrtps_cpp.dir/rosidl_typesupport_fastrtps_cpp/velodyne_msgs/msg/detail/dds_fastrtps/velodyne_scan__type_support.cpp.o[0m
[1.899s] [ 61%] [32mBuilding CXX object CMakeFiles/velodyne_msgs__rosidl_typesupport_fastrtps_cpp.dir/rosidl_typesupport_fastrtps_cpp/velodyne_msgs/msg/detail/dds_fastrtps/velodyne_packet__type_support.cpp.o[0m
[1.903s] [ 64%] [32mBuilding CXX object CMakeFiles/velodyne_msgs__rosidl_typesupport_introspection_cpp.dir/rosidl_typesupport_introspection_cpp/velodyne_msgs/msg/detail/velodyne_scan__type_support.cpp.o[0m
[1.943s] [ 64%] Built target velodyne_msgs__rosidl_typesupport_introspection_c
[2.223s] [ 66%] [32m[1mLinking CXX shared library libvelodyne_msgs__rosidl_typesupport_fastrtps_c.so[0m
[2.317s] [ 69%] [32m[1mLinking CXX shared library libvelodyne_msgs__rosidl_typesupport_cpp.so[0m
[2.450s] [ 69%] Built target velodyne_msgs__rosidl_typesupport_cpp
[2.477s] [ 69%] Built target velodyne_msgs__rosidl_typesupport_fastrtps_c
[2.601s] [ 71%] [32m[1mLinking CXX shared library libvelodyne_msgs__rosidl_typesupport_fastrtps_cpp.so[0m
[2.652s] [ 74%] [32m[1mLinking CXX shared library libvelodyne_msgs__rosidl_typesupport_introspection_cpp.so[0m
[2.733s] [ 74%] Built target velodyne_msgs__rosidl_typesupport_fastrtps_cpp
[2.750s] [ 74%] Built target velodyne_msgs__rosidl_typesupport_introspection_cpp
[2.772s] [ 74%] Built target velodyne_msgs
[2.809s] [ 76%] [34m[1mGenerating Python code for ROS interfaces[0m
[3.199s] [ 76%] Built target velodyne_msgs__py
[3.220s] [ 82%] [32mBuilding C object CMakeFiles/velodyne_msgs__rosidl_generator_py.dir/rosidl_generator_py/velodyne_msgs/msg/_velodyne_scan_s.c.o[0m
[3.220s] [ 82%] [32mBuilding C object CMakeFiles/velodyne_msgs__rosidl_generator_py.dir/rosidl_generator_py/velodyne_msgs/msg/_velodyne_packet_s.c.o[0m
[3.311s] [ 84%] [32m[1mLinking C shared library rosidl_generator_py/velodyne_msgs/libvelodyne_msgs__rosidl_generator_py.so[0m
[3.345s] [ 84%] Built target velodyne_msgs__rosidl_generator_py
[3.361s] [ 87%] [32mBuilding C object CMakeFiles/velodyne_msgs__rosidl_typesupport_fastrtps_c__pyext.dir/rosidl_generator_py/velodyne_msgs/_velodyne_msgs_s.ep.rosidl_typesupport_fastrtps_c.c.o[0m
[3.362s] [ 89%] [32mBuilding C object CMakeFiles/velodyne_msgs__rosidl_typesupport_c__pyext.dir/rosidl_generator_py/velodyne_msgs/_velodyne_msgs_s.ep.rosidl_typesupport_c.c.o[0m
[3.363s] [ 92%] [32mBuilding C object CMakeFiles/velodyne_msgs__rosidl_typesupport_introspection_c__pyext.dir/rosidl_generator_py/velodyne_msgs/_velodyne_msgs_s.ep.rosidl_typesupport_introspection_c.c.o[0m
[3.421s] [ 94%] [32m[1mLinking C shared library rosidl_generator_py/velodyne_msgs/velodyne_msgs_s__rosidl_typesupport_introspection_c.cpython-310-x86_64-linux-gnu.so[0m
[3.441s] [ 97%] [32m[1mLinking C shared library rosidl_generator_py/velodyne_msgs/velodyne_msgs_s__rosidl_typesupport_c.cpython-310-x86_64-linux-gnu.so[0m
[3.441s] [100%] [32m[1mLinking C shared library rosidl_generator_py/velodyne_msgs/velodyne_msgs_s__rosidl_typesupport_fastrtps_c.cpython-310-x86_64-linux-gnu.so[0m
[3.457s] [100%] Built target velodyne_msgs__rosidl_typesupport_introspection_c__pyext
[3.469s] [100%] Built target velodyne_msgs__rosidl_typesupport_c__pyext
[3.476s] [100%] Built target velodyne_msgs__rosidl_typesupport_fastrtps_c__pyext
[3.483s] Invoked command in '/home/aiv/ev_ws/build/velodyne_msgs' returned '0': CMAKE_PREFIX_PATH=${CMAKE_PREFIX_PATH}:/opt/ros/humble /usr/bin/cmake --build /home/aiv/ev_ws/build/velodyne_msgs -- -j28 -l28
[3.484s] Invoking command in '/home/aiv/ev_ws/build/velodyne_msgs': CMAKE_PREFIX_PATH=${CMAKE_PREFIX_PATH}:/opt/ros/humble /usr/bin/cmake --install /home/aiv/ev_ws/build/velodyne_msgs
[3.491s] -- Install configuration: ""
[3.491s] -- Execute custom install script
[3.491s] -- Symlinking: /home/aiv/ev_ws/install/velodyne_msgs/share/ament_index/resource_index/rosidl_interfaces/velodyne_msgs
[3.499s] -- Symlinking: /home/aiv/ev_ws/install/velodyne_msgs/include/velodyne_msgs/velodyne_msgs/msg/detail/velodyne_packet__functions.h
[3.508s] -- Symlinking: /home/aiv/ev_ws/install/velodyne_msgs/include/velodyne_msgs/velodyne_msgs/msg/detail/velodyne_packet__struct.h
[3.516s] -- Symlinking: /home/aiv/ev_ws/install/velodyne_msgs/include/velodyne_msgs/velodyne_msgs/msg/detail/velodyne_packet__type_support.h
[3.524s] -- Symlinking: /home/aiv/ev_ws/install/velodyne_msgs/include/velodyne_msgs/velodyne_msgs/msg/detail/velodyne_scan__functions.h
[3.533s] -- Symlinking: /home/aiv/ev_ws/install/velodyne_msgs/include/velodyne_msgs/velodyne_msgs/msg/detail/velodyne_scan__struct.h
[3.543s] -- Symlinking: /home/aiv/ev_ws/install/velodyne_msgs/include/velodyne_msgs/velodyne_msgs/msg/detail/velodyne_scan__type_support.h
[3.552s] -- Symlinking: /home/aiv/ev_ws/install/velodyne_msgs/include/velodyne_msgs/velodyne_msgs/msg/rosidl_generator_c__visibility_control.h
[3.558s] -- Symlinking: /home/aiv/ev_ws/install/velodyne_msgs/include/velodyne_msgs/velodyne_msgs/msg/velodyne_packet.h
[3.563s] -- Symlinking: /home/aiv/ev_ws/install/velodyne_msgs/include/velodyne_msgs/velodyne_msgs/msg/velodyne_scan.h
[3.571s] -- Symlinking: /home/aiv/ev_ws/install/velodyne_msgs/share/velodyne_msgs/environment/library_path.sh
[3.580s] -- Symlinking: /home/aiv/ev_ws/install/velodyne_msgs/share/velodyne_msgs/environment/library_path.dsv
[3.589s] -- Symlinking: /home/aiv/ev_ws/install/velodyne_msgs/include/velodyne_msgs/velodyne_msgs/msg/detail/velodyne_packet__rosidl_typesupport_fastrtps_c.h
[3.598s] -- Symlinking: /home/aiv/ev_ws/install/velodyne_msgs/include/velodyne_msgs/velodyne_msgs/msg/detail/velodyne_scan__rosidl_typesupport_fastrtps_c.h
[3.607s] -- Symlinking: /home/aiv/ev_ws/install/velodyne_msgs/include/velodyne_msgs/velodyne_msgs/msg/rosidl_typesupport_fastrtps_c__visibility_control.h
[3.616s] -- Symlinking: /home/aiv/ev_ws/install/velodyne_msgs/include/velodyne_msgs/velodyne_msgs/msg/detail/velodyne_packet__builder.hpp
[3.623s] -- Symlinking: /home/aiv/ev_ws/install/velodyne_msgs/include/velodyne_msgs/velodyne_msgs/msg/detail/velodyne_packet__struct.hpp
[3.630s] -- Symlinking: /home/aiv/ev_ws/install/velodyne_msgs/include/velodyne_msgs/velodyne_msgs/msg/detail/velodyne_packet__traits.hpp
[3.637s] -- Symlinking: /home/aiv/ev_ws/install/velodyne_msgs/include/velodyne_msgs/velodyne_msgs/msg/detail/velodyne_packet__type_support.hpp
[3.646s] -- Symlinking: /home/aiv/ev_ws/install/velodyne_msgs/include/velodyne_msgs/velodyne_msgs/msg/detail/velodyne_scan__builder.hpp
[3.652s] -- Symlinking: /home/aiv/ev_ws/install/velodyne_msgs/include/velodyne_msgs/velodyne_msgs/msg/detail/velodyne_scan__struct.hpp
[3.658s] -- Symlinking: /home/aiv/ev_ws/install/velodyne_msgs/include/velodyne_msgs/velodyne_msgs/msg/detail/velodyne_scan__traits.hpp
[3.663s] -- Symlinking: /home/aiv/ev_ws/install/velodyne_msgs/include/velodyne_msgs/velodyne_msgs/msg/detail/velodyne_scan__type_support.hpp
[3.669s] -- Symlinking: /home/aiv/ev_ws/install/velodyne_msgs/include/velodyne_msgs/velodyne_msgs/msg/rosidl_generator_cpp__visibility_control.hpp
[3.675s] -- Symlinking: /home/aiv/ev_ws/install/velodyne_msgs/include/velodyne_msgs/velodyne_msgs/msg/velodyne_packet.hpp
[3.681s] -- Symlinking: /home/aiv/ev_ws/install/velodyne_msgs/include/velodyne_msgs/velodyne_msgs/msg/velodyne_scan.hpp
[3.688s] -- Symlinking: /home/aiv/ev_ws/install/velodyne_msgs/include/velodyne_msgs/velodyne_msgs/msg/detail/velodyne_packet__rosidl_typesupport_fastrtps_cpp.hpp
[3.694s] -- Symlinking: /home/aiv/ev_ws/install/velodyne_msgs/include/velodyne_msgs/velodyne_msgs/msg/detail/velodyne_scan__rosidl_typesupport_fastrtps_cpp.hpp
[3.700s] -- Symlinking: /home/aiv/ev_ws/install/velodyne_msgs/include/velodyne_msgs/velodyne_msgs/msg/rosidl_typesupport_fastrtps_cpp__visibility_control.h
[3.705s] -- Symlinking: /home/aiv/ev_ws/install/velodyne_msgs/include/velodyne_msgs/velodyne_msgs/msg/detail/velodyne_packet__rosidl_typesupport_introspection_c.h
[3.710s] -- Symlinking: /home/aiv/ev_ws/install/velodyne_msgs/include/velodyne_msgs/velodyne_msgs/msg/detail/velodyne_scan__rosidl_typesupport_introspection_c.h
[3.716s] -- Symlinking: /home/aiv/ev_ws/install/velodyne_msgs/include/velodyne_msgs/velodyne_msgs/msg/rosidl_typesupport_introspection_c__visibility_control.h
[3.724s] -- Symlinking: /home/aiv/ev_ws/install/velodyne_msgs/include/velodyne_msgs/velodyne_msgs/msg/detail/velodyne_packet__rosidl_typesupport_introspection_cpp.hpp
[3.729s] -- Symlinking: /home/aiv/ev_ws/install/velodyne_msgs/include/velodyne_msgs/velodyne_msgs/msg/detail/velodyne_scan__rosidl_typesupport_introspection_cpp.hpp
[3.738s] -- Symlinking: /home/aiv/ev_ws/install/velodyne_msgs/share/velodyne_msgs/environment/pythonpath.sh
[3.748s] -- Symlinking: /home/aiv/ev_ws/install/velodyne_msgs/share/velodyne_msgs/environment/pythonpath.dsv
[3.757s] -- Symlinking: /home/aiv/ev_ws/install/velodyne_msgs/local/lib/python3.10/dist-packages/velodyne_msgs-2.5.1-py3.10.egg-info/PKG-INFO
[3.763s] -- Symlinking: /home/aiv/ev_ws/install/velodyne_msgs/local/lib/python3.10/dist-packages/velodyne_msgs-2.5.1-py3.10.egg-info/SOURCES.txt
[3.769s] -- Symlinking: /home/aiv/ev_ws/install/velodyne_msgs/local/lib/python3.10/dist-packages/velodyne_msgs-2.5.1-py3.10.egg-info/dependency_links.txt
[3.775s] -- Symlinking: /home/aiv/ev_ws/install/velodyne_msgs/local/lib/python3.10/dist-packages/velodyne_msgs-2.5.1-py3.10.egg-info/top_level.txt
[3.780s] -- Symlinking: /home/aiv/ev_ws/install/velodyne_msgs/local/lib/python3.10/dist-packages/velodyne_msgs/__init__.py
[3.786s] -- Symlinking: /home/aiv/ev_ws/install/velodyne_msgs/local/lib/python3.10/dist-packages/velodyne_msgs/_velodyne_msgs_s.ep.rosidl_typesupport_c.c
[3.792s] -- Symlinking: /home/aiv/ev_ws/install/velodyne_msgs/local/lib/python3.10/dist-packages/velodyne_msgs/_velodyne_msgs_s.ep.rosidl_typesupport_fastrtps_c.c
[3.801s] -- Symlinking: /home/aiv/ev_ws/install/velodyne_msgs/local/lib/python3.10/dist-packages/velodyne_msgs/_velodyne_msgs_s.ep.rosidl_typesupport_introspection_c.c
[3.810s] -- Symlinking: /home/aiv/ev_ws/install/velodyne_msgs/local/lib/python3.10/dist-packages/velodyne_msgs/libvelodyne_msgs__rosidl_generator_py.so
[3.818s] -- Symlinking: /home/aiv/ev_ws/install/velodyne_msgs/local/lib/python3.10/dist-packages/velodyne_msgs/msg/__init__.py
[3.827s] -- Symlinking: /home/aiv/ev_ws/install/velodyne_msgs/local/lib/python3.10/dist-packages/velodyne_msgs/msg/_velodyne_packet.py
[3.835s] -- Symlinking: /home/aiv/ev_ws/install/velodyne_msgs/local/lib/python3.10/dist-packages/velodyne_msgs/msg/_velodyne_packet_s.c
[3.840s] -- Symlinking: /home/aiv/ev_ws/install/velodyne_msgs/local/lib/python3.10/dist-packages/velodyne_msgs/msg/_velodyne_scan.py
[3.846s] -- Symlinking: /home/aiv/ev_ws/install/velodyne_msgs/local/lib/python3.10/dist-packages/velodyne_msgs/msg/_velodyne_scan_s.c
[3.853s] -- Symlinking: /home/aiv/ev_ws/install/velodyne_msgs/local/lib/python3.10/dist-packages/velodyne_msgs/velodyne_msgs_s__rosidl_typesupport_c.cpython-310-x86_64-linux-gnu.so
[3.861s] -- Symlinking: /home/aiv/ev_ws/install/velodyne_msgs/local/lib/python3.10/dist-packages/velodyne_msgs/velodyne_msgs_s__rosidl_typesupport_fastrtps_c.cpython-310-x86_64-linux-gnu.so
[3.870s] -- Symlinking: /home/aiv/ev_ws/install/velodyne_msgs/local/lib/python3.10/dist-packages/velodyne_msgs/velodyne_msgs_s__rosidl_typesupport_introspection_c.cpython-310-x86_64-linux-gnu.so
[3.876s] -- Up-to-date symlink: /home/aiv/ev_ws/install/velodyne_msgs/local/lib/python3.10/dist-packages/velodyne_msgs/velodyne_msgs_s__rosidl_typesupport_fastrtps_c.cpython-310-x86_64-linux-gnu.so
[3.876s] -- Up-to-date symlink: /home/aiv/ev_ws/install/velodyne_msgs/local/lib/python3.10/dist-packages/velodyne_msgs/velodyne_msgs_s__rosidl_typesupport_introspection_c.cpython-310-x86_64-linux-gnu.so
[3.877s] -- Up-to-date symlink: /home/aiv/ev_ws/install/velodyne_msgs/local/lib/python3.10/dist-packages/velodyne_msgs/velodyne_msgs_s__rosidl_typesupport_c.cpython-310-x86_64-linux-gnu.so
[3.877s] -- Symlinking: /home/aiv/ev_ws/install/velodyne_msgs/share/velodyne_msgs/msg/VelodynePacket.idl
[3.886s] -- Symlinking: /home/aiv/ev_ws/install/velodyne_msgs/share/velodyne_msgs/msg/VelodyneScan.idl
[3.893s] -- Symlinking: /home/aiv/ev_ws/install/velodyne_msgs/share/velodyne_msgs/msg/VelodynePacket.msg
[3.901s] -- Symlinking: /home/aiv/ev_ws/install/velodyne_msgs/share/velodyne_msgs/msg/VelodyneScan.msg
[3.909s] -- Symlinking: /home/aiv/ev_ws/install/velodyne_msgs/share/ament_index/resource_index/package_run_dependencies/velodyne_msgs
[3.915s] -- Symlinking: /home/aiv/ev_ws/install/velodyne_msgs/share/ament_index/resource_index/parent_prefix_path/velodyne_msgs
[3.921s] -- Symlinking: /home/aiv/ev_ws/install/velodyne_msgs/share/velodyne_msgs/environment/ament_prefix_path.sh
[3.930s] -- Symlinking: /home/aiv/ev_ws/install/velodyne_msgs/share/velodyne_msgs/environment/ament_prefix_path.dsv
[3.938s] -- Symlinking: /home/aiv/ev_ws/install/velodyne_msgs/share/velodyne_msgs/environment/path.sh
[3.946s] -- Symlinking: /home/aiv/ev_ws/install/velodyne_msgs/share/velodyne_msgs/environment/path.dsv
[3.955s] -- Symlinking: /home/aiv/ev_ws/install/velodyne_msgs/share/velodyne_msgs/local_setup.bash
[3.964s] -- Symlinking: /home/aiv/ev_ws/install/velodyne_msgs/share/velodyne_msgs/local_setup.sh
[3.972s] -- Symlinking: /home/aiv/ev_ws/install/velodyne_msgs/share/velodyne_msgs/local_setup.zsh
[3.980s] -- Symlinking: /home/aiv/ev_ws/install/velodyne_msgs/share/velodyne_msgs/local_setup.dsv
[3.986s] -- Symlinking: /home/aiv/ev_ws/install/velodyne_msgs/share/velodyne_msgs/package.dsv
[3.992s] -- Symlinking: /home/aiv/ev_ws/install/velodyne_msgs/share/ament_index/resource_index/packages/velodyne_msgs
[3.998s] -- Symlinking: /home/aiv/ev_ws/install/velodyne_msgs/share/velodyne_msgs/cmake/rosidl_cmake-extras.cmake
[4.004s] -- Symlinking: /home/aiv/ev_ws/install/velodyne_msgs/share/velodyne_msgs/cmake/ament_cmake_export_dependencies-extras.cmake
[4.012s] -- Symlinking: /home/aiv/ev_ws/install/velodyne_msgs/share/velodyne_msgs/cmake/ament_cmake_export_include_directories-extras.cmake
[4.017s] -- Symlinking: /home/aiv/ev_ws/install/velodyne_msgs/share/velodyne_msgs/cmake/ament_cmake_export_libraries-extras.cmake
[4.024s] -- Symlinking: /home/aiv/ev_ws/install/velodyne_msgs/share/velodyne_msgs/cmake/ament_cmake_export_targets-extras.cmake
[4.030s] -- Symlinking: /home/aiv/ev_ws/install/velodyne_msgs/share/velodyne_msgs/cmake/rosidl_cmake_export_typesupport_targets-extras.cmake
[4.035s] -- Symlinking: /home/aiv/ev_ws/install/velodyne_msgs/share/velodyne_msgs/cmake/rosidl_cmake_export_typesupport_libraries-extras.cmake
[4.042s] -- Symlinking: /home/aiv/ev_ws/install/velodyne_msgs/share/velodyne_msgs/cmake/velodyne_msgsConfig.cmake
[4.049s] -- Symlinking: /home/aiv/ev_ws/install/velodyne_msgs/share/velodyne_msgs/cmake/velodyne_msgsConfig-version.cmake
[4.058s] -- Symlinking: /home/aiv/ev_ws/install/velodyne_msgs/share/velodyne_msgs/package.xml
[4.064s] -- Installing: /home/aiv/ev_ws/install/velodyne_msgs/lib/libvelodyne_msgs__rosidl_generator_c.so
[4.064s] -- Set runtime path of "/home/aiv/ev_ws/install/velodyne_msgs/lib/libvelodyne_msgs__rosidl_generator_c.so" to ""
[4.064s] -- Installing: /home/aiv/ev_ws/install/velodyne_msgs/lib/libvelodyne_msgs__rosidl_typesupport_fastrtps_c.so
[4.065s] -- Set runtime path of "/home/aiv/ev_ws/install/velodyne_msgs/lib/libvelodyne_msgs__rosidl_typesupport_fastrtps_c.so" to ""
[4.065s] -- Installing: /home/aiv/ev_ws/install/velodyne_msgs/lib/libvelodyne_msgs__rosidl_typesupport_fastrtps_cpp.so
[4.065s] -- Set runtime path of "/home/aiv/ev_ws/install/velodyne_msgs/lib/libvelodyne_msgs__rosidl_typesupport_fastrtps_cpp.so" to ""
[4.065s] -- Installing: /home/aiv/ev_ws/install/velodyne_msgs/lib/libvelodyne_msgs__rosidl_typesupport_introspection_c.so
[4.065s] -- Set runtime path of "/home/aiv/ev_ws/install/velodyne_msgs/lib/libvelodyne_msgs__rosidl_typesupport_introspection_c.so" to ""
[4.065s] -- Installing: /home/aiv/ev_ws/install/velodyne_msgs/lib/libvelodyne_msgs__rosidl_typesupport_c.so
[4.066s] -- Set runtime path of "/home/aiv/ev_ws/install/velodyne_msgs/lib/libvelodyne_msgs__rosidl_typesupport_c.so" to ""
[4.066s] -- Installing: /home/aiv/ev_ws/install/velodyne_msgs/lib/libvelodyne_msgs__rosidl_typesupport_introspection_cpp.so
[4.066s] -- Set runtime path of "/home/aiv/ev_ws/install/velodyne_msgs/lib/libvelodyne_msgs__rosidl_typesupport_introspection_cpp.so" to ""
[4.066s] -- Installing: /home/aiv/ev_ws/install/velodyne_msgs/lib/libvelodyne_msgs__rosidl_typesupport_cpp.so
[4.066s] -- Set runtime path of "/home/aiv/ev_ws/install/velodyne_msgs/lib/libvelodyne_msgs__rosidl_typesupport_cpp.so" to ""
[4.089s] Listing '/home/aiv/ev_ws/install/velodyne_msgs/local/lib/python3.10/dist-packages/velodyne_msgs'...
[4.089s] Compiling '/home/aiv/ev_ws/install/velodyne_msgs/local/lib/python3.10/dist-packages/velodyne_msgs/__init__.py'...
[4.090s] Listing '/home/aiv/ev_ws/install/velodyne_msgs/local/lib/python3.10/dist-packages/velodyne_msgs/msg'...
[4.090s] Compiling '/home/aiv/ev_ws/install/velodyne_msgs/local/lib/python3.10/dist-packages/velodyne_msgs/msg/__init__.py'...
[4.090s] Compiling '/home/aiv/ev_ws/install/velodyne_msgs/local/lib/python3.10/dist-packages/velodyne_msgs/msg/_velodyne_packet.py'...
[4.090s] Compiling '/home/aiv/ev_ws/install/velodyne_msgs/local/lib/python3.10/dist-packages/velodyne_msgs/msg/_velodyne_scan.py'...
[4.093s] -- Installing: /home/aiv/ev_ws/install/velodyne_msgs/lib/libvelodyne_msgs__rosidl_generator_py.so
[4.093s] -- Set runtime path of "/home/aiv/ev_ws/install/velodyne_msgs/lib/libvelodyne_msgs__rosidl_generator_py.so" to ""
[4.093s] -- Installing: /home/aiv/ev_ws/install/velodyne_msgs/share/velodyne_msgs/cmake/export_velodyne_msgs__rosidl_generator_cExport.cmake
[4.093s] -- Installing: /home/aiv/ev_ws/install/velodyne_msgs/share/velodyne_msgs/cmake/export_velodyne_msgs__rosidl_generator_cExport-noconfig.cmake
[4.093s] -- Installing: /home/aiv/ev_ws/install/velodyne_msgs/share/velodyne_msgs/cmake/export_velodyne_msgs__rosidl_typesupport_fastrtps_cExport.cmake
[4.094s] -- Installing: /home/aiv/ev_ws/install/velodyne_msgs/share/velodyne_msgs/cmake/export_velodyne_msgs__rosidl_typesupport_fastrtps_cExport-noconfig.cmake
[4.094s] -- Installing: /home/aiv/ev_ws/install/velodyne_msgs/share/velodyne_msgs/cmake/export_velodyne_msgs__rosidl_generator_cppExport.cmake
[4.094s] -- Installing: /home/aiv/ev_ws/install/velodyne_msgs/share/velodyne_msgs/cmake/export_velodyne_msgs__rosidl_typesupport_fastrtps_cppExport.cmake
[4.094s] -- Installing: /home/aiv/ev_ws/install/velodyne_msgs/share/velodyne_msgs/cmake/export_velodyne_msgs__rosidl_typesupport_fastrtps_cppExport-noconfig.cmake
[4.094s] -- Installing: /home/aiv/ev_ws/install/velodyne_msgs/share/velodyne_msgs/cmake/velodyne_msgs__rosidl_typesupport_introspection_cExport.cmake
[4.094s] -- Installing: /home/aiv/ev_ws/install/velodyne_msgs/share/velodyne_msgs/cmake/velodyne_msgs__rosidl_typesupport_introspection_cExport-noconfig.cmake
[4.094s] -- Installing: /home/aiv/ev_ws/install/velodyne_msgs/share/velodyne_msgs/cmake/velodyne_msgs__rosidl_typesupport_cExport.cmake
[4.094s] -- Installing: /home/aiv/ev_ws/install/velodyne_msgs/share/velodyne_msgs/cmake/velodyne_msgs__rosidl_typesupport_cExport-noconfig.cmake
[4.094s] -- Installing: /home/aiv/ev_ws/install/velodyne_msgs/share/velodyne_msgs/cmake/velodyne_msgs__rosidl_typesupport_introspection_cppExport.cmake
[4.095s] -- Installing: /home/aiv/ev_ws/install/velodyne_msgs/share/velodyne_msgs/cmake/velodyne_msgs__rosidl_typesupport_introspection_cppExport-noconfig.cmake
[4.095s] -- Installing: /home/aiv/ev_ws/install/velodyne_msgs/share/velodyne_msgs/cmake/velodyne_msgs__rosidl_typesupport_cppExport.cmake
[4.095s] -- Installing: /home/aiv/ev_ws/install/velodyne_msgs/share/velodyne_msgs/cmake/velodyne_msgs__rosidl_typesupport_cppExport-noconfig.cmake
[4.095s] -- Installing: /home/aiv/ev_ws/install/velodyne_msgs/share/velodyne_msgs/cmake/export_velodyne_msgs__rosidl_generator_pyExport.cmake
[4.095s] -- Installing: /home/aiv/ev_ws/install/velodyne_msgs/share/velodyne_msgs/cmake/export_velodyne_msgs__rosidl_generator_pyExport-noconfig.cmake
[4.098s] Invoked command in '/home/aiv/ev_ws/build/velodyne_msgs' returned '0': CMAKE_PREFIX_PATH=${CMAKE_PREFIX_PATH}:/opt/ros/humble /usr/bin/cmake --install /home/aiv/ev_ws/build/velodyne_msgs
