[0.010s] Invoking command in '/home/aiv/ev_ws/perception/build/dbscan_clustering': CMAKE_PREFIX_PATH=${CMAKE_PREFIX_PATH}:/opt/ros/humble /usr/bin/cmake /home/aiv/ev_ws/perception/src/lidar/dbscan_clustering -DCMAKE_INSTALL_PREFIX=/home/aiv/ev_ws/perception/install/dbscan_clustering
[0.018s] -- Found ament_cmake: 1.3.12 (/opt/ros/humble/share/ament_cmake/cmake)
[0.092s] -- Override CMake install command with custom implementation using symlinks instead of copying resources
[0.095s] -- Found rclcpp: 16.0.17 (/opt/ros/humble/share/rclcpp/cmake)
[0.112s] -- Found rosidl_generator_c: 3.1.8 (/opt/ros/humble/share/rosidl_generator_c/cmake)
[0.113s] -- Found rosidl_adapter: 3.1.8 (/opt/ros/humble/share/rosidl_adapter/cmake)
[0.116s] -- Found rosidl_generator_cpp: 3.1.8 (/opt/ros/humble/share/rosidl_generator_cpp/cmake)
[0.122s] -- Using all available rosidl_typesupport_c: rosidl_typesupport_fastrtps_c;rosidl_typesupport_introspection_c
[0.129s] -- Using all available rosidl_typesupport_cpp: rosidl_typesupport_fastrtps_cpp;rosidl_typesupport_introspection_cpp
[0.146s] -- Found rmw_implementation_cmake: 6.1.2 (/opt/ros/humble/share/rmw_implementation_cmake/cmake)
[0.147s] -- Found rmw_fastrtps_cpp: 6.2.9 (/opt/ros/humble/share/rmw_fastrtps_cpp/cmake)
[0.210s] -- Using RMW implementation 'rmw_fastrtps_cpp' as default
[0.236s] -- Found rclcpp_components: 16.0.17 (/opt/ros/humble/share/rclcpp_components/cmake)
[0.246s] -- Found sensor_msgs: 4.9.0 (/opt/ros/humble/share/sensor_msgs/cmake)
[0.310s] -- Configuring done
[0.321s] -- Generating done
[0.325s] -- Build files have been written to: /home/aiv/ev_ws/perception/build/dbscan_clustering
[0.330s] Invoked command in '/home/aiv/ev_ws/perception/build/dbscan_clustering' returned '0': CMAKE_PREFIX_PATH=${CMAKE_PREFIX_PATH}:/opt/ros/humble /usr/bin/cmake /home/aiv/ev_ws/perception/src/lidar/dbscan_clustering -DCMAKE_INSTALL_PREFIX=/home/aiv/ev_ws/perception/install/dbscan_clustering
[0.331s] Invoking command in '/home/aiv/ev_ws/perception/build/dbscan_clustering': CMAKE_PREFIX_PATH=${CMAKE_PREFIX_PATH}:/opt/ros/humble /usr/bin/cmake --build /home/aiv/ev_ws/perception/build/dbscan_clustering -- -j28 -l28
[0.362s] Consolidate compiler generated dependencies of target dbscan_gpu
[0.363s] Consolidate compiler generated dependencies of target dbscan_node
[0.372s] [ 33%] Built target dbscan_gpu
[0.373s] [ 66%] Built target dbscan_node
[0.381s] Consolidate compiler generated dependencies of target dbscan_component
[0.391s] [ 83%] Building CXX object CMakeFiles/dbscan_component.dir/src/dbscan_node.cpp.o
[5.782s] [100%] Linking CXX shared library libdbscan_component.so
[6.065s] [100%] Built target dbscan_component
[6.073s] Invoked command in '/home/aiv/ev_ws/perception/build/dbscan_clustering' returned '0': CMAKE_PREFIX_PATH=${CMAKE_PREFIX_PATH}:/opt/ros/humble /usr/bin/cmake --build /home/aiv/ev_ws/perception/build/dbscan_clustering -- -j28 -l28
[6.074s] Invoking command in '/home/aiv/ev_ws/perception/build/dbscan_clustering': CMAKE_PREFIX_PATH=${CMAKE_PREFIX_PATH}:/opt/ros/humble /usr/bin/cmake --install /home/aiv/ev_ws/perception/build/dbscan_clustering
[6.079s] -- Install configuration: ""
[6.079s] -- Execute custom install script
[6.080s] -- Up-to-date symlink: /home/aiv/ev_ws/perception/install/dbscan_clustering/lib/dbscan_clustering/dbscan_node
[6.080s] -- Up-to-date symlink: /home/aiv/ev_ws/perception/install/dbscan_clustering/lib/libdbscan_component.so
[6.080s] -- Up-to-date symlink: /home/aiv/ev_ws/perception/install/dbscan_clustering/lib/libdbscan_gpu.so
[6.081s] -- Up-to-date symlink: /home/aiv/ev_ws/perception/install/dbscan_clustering/share/dbscan_clustering//launch/dbscan_clustering.launch.py
[6.081s] -- Up-to-date symlink: /home/aiv/ev_ws/perception/install/dbscan_clustering/share/dbscan_clustering//config/dbscan_params.yaml
[6.081s] -- Up-to-date symlink: /home/aiv/ev_ws/perception/install/dbscan_clustering/share/ament_index/resource_index/package_run_dependencies/dbscan_clustering
[6.081s] -- Up-to-date symlink: /home/aiv/ev_ws/perception/install/dbscan_clustering/share/ament_index/resource_index/parent_prefix_path/dbscan_clustering
[6.081s] -- Up-to-date symlink: /home/aiv/ev_ws/perception/install/dbscan_clustering/share/dbscan_clustering/environment/ament_prefix_path.sh
[6.081s] -- Up-to-date symlink: /home/aiv/ev_ws/perception/install/dbscan_clustering/share/dbscan_clustering/environment/ament_prefix_path.dsv
[6.082s] -- Up-to-date symlink: /home/aiv/ev_ws/perception/install/dbscan_clustering/share/dbscan_clustering/environment/path.sh
[6.082s] -- Up-to-date symlink: /home/aiv/ev_ws/perception/install/dbscan_clustering/share/dbscan_clustering/environment/path.dsv
[6.082s] -- Up-to-date symlink: /home/aiv/ev_ws/perception/install/dbscan_clustering/share/dbscan_clustering/local_setup.bash
[6.082s] -- Up-to-date symlink: /home/aiv/ev_ws/perception/install/dbscan_clustering/share/dbscan_clustering/local_setup.sh
[6.082s] -- Up-to-date symlink: /home/aiv/ev_ws/perception/install/dbscan_clustering/share/dbscan_clustering/local_setup.zsh
[6.082s] -- Up-to-date symlink: /home/aiv/ev_ws/perception/install/dbscan_clustering/share/dbscan_clustering/local_setup.dsv
[6.082s] -- Symlinking: /home/aiv/ev_ws/perception/install/dbscan_clustering/share/dbscan_clustering/package.dsv
[6.088s] -- Up-to-date symlink: /home/aiv/ev_ws/perception/install/dbscan_clustering/share/ament_index/resource_index/packages/dbscan_clustering
[6.088s] -- Up-to-date symlink: /home/aiv/ev_ws/perception/install/dbscan_clustering/share/ament_index/resource_index/rclcpp_components/dbscan_clustering
[6.088s] -- Up-to-date symlink: /home/aiv/ev_ws/perception/install/dbscan_clustering/share/dbscan_clustering/cmake/dbscan_clusteringConfig.cmake
[6.088s] -- Up-to-date symlink: /home/aiv/ev_ws/perception/install/dbscan_clustering/share/dbscan_clustering/cmake/dbscan_clusteringConfig-version.cmake
[6.088s] -- Up-to-date symlink: /home/aiv/ev_ws/perception/install/dbscan_clustering/share/dbscan_clustering/package.xml
[6.090s] Invoked command in '/home/aiv/ev_ws/perception/build/dbscan_clustering' returned '0': CMAKE_PREFIX_PATH=${CMAKE_PREFIX_PATH}:/opt/ros/humble /usr/bin/cmake --install /home/aiv/ev_ws/perception/build/dbscan_clustering
