[0.010s] Invoking command in '/home/aiv/ev_ws/perception/build/velodyne_pointcloud': CMAKE_PREFIX_PATH=/home/aiv/ev_ws/perception/install/velodyne_msgs:/home/aiv/ev_ws/ev_msgs/install/ev_msgs:/home/aiv/ev_ws/perception/install/make_cylinder:/home/aiv/ev_ws/planning/install/planning_mr_ver:/home/aiv/ev_ws/planning/install/track_msgs:/home/aiv/ev_ws/carsa_gazebo/install/carsa_gazebo:/home/aiv/ev_ws/erp42_ros/install/erp42_serial:/home/aiv/ev_ws/erp42_ros/install/erp42_rqt_plugin:/home/aiv/ev_ws/erp42_ros/install/erp42_gazebo:/home/aiv/ev_ws/erp42_ros/install/erp42_util:/home/aiv/ev_ws/erp42_ros/install/erp42_msgs:/home/aiv/ev_ws/erp42_ros/install/erp42_description:/home/aiv/ev_ws/erp42_ros/install/erp42_cmake:/home/aiv/ev_ws/perception/install/velodyne:/home/aiv/ev_ws/perception/install/lidar_launch:/home/aiv/ev_ws/perception/install/velodyne_pointcloud:/home/aiv/ev_ws/perception/install/velodyne_driver:/home/aiv/ev_ws/perception/install/velodyne_laserscan:/home/aiv/ev_ws/perception/install/velodyne_cropbox:/home/aiv/ev_ws/perception/install/patchworkpp:/home/aiv/ev_ws/perception/install/lidar_voxel_grid:/home/aiv/ev_ws/perception/install/lidar_interfaces:/home/aiv/ev_ws/perception/install/dbscan_clustering:/home/aiv/ev_ws/perception/install/cluster_splitter:/opt/ros/humble LD_LIBRARY_PATH=/home/aiv/ev_ws/perception/install/velodyne_msgs/lib:/home/aiv/ev_ws/ev_msgs/install/ev_msgs/lib:/home/aiv/ev_ws/perception/install/make_cylinder/lib:/usr/local/cuda-12.6/lib64:/home/aiv/ev_ws/planning/install/planning_mr_ver/lib:/home/aiv/ev_ws/planning/install/track_msgs/lib:/usr/local/cuda-12.6/lib64:/home/aiv/ev_ws/erp42_ros/install/erp42_serial/lib:/home/aiv/ev_ws/erp42_ros/install/erp42_rqt_plugin/lib:/home/aiv/ev_ws/erp42_ros/install/erp42_gazebo/lib:/home/aiv/ev_ws/erp42_ros/install/erp42_util/lib:/home/aiv/ev_ws/erp42_ros/install/erp42_msgs/lib:/home/aiv/ev_ws/perception/install/velodyne_pointcloud/lib:/home/aiv/ev_ws/perception/install/velodyne_driver/lib:/home/aiv/ev_ws/perception/install/velodyne_laserscan/lib:/home/aiv/ev_ws/perception/install/velodyne_cropbox/lib:/home/aiv/ev_ws/perception/install/patchworkpp/lib:/home/aiv/ev_ws/perception/install/lidar_voxel_grid/lib:/home/aiv/ev_ws/perception/install/lidar_interfaces/lib:/home/aiv/ev_ws/perception/install/dbscan_clustering/lib:/home/aiv/ev_ws/perception/install/cluster_splitter/lib:/usr/lib/x86_64-linux-gnu/gazebo-11/plugins:/opt/ros/humble/opt/rviz_ogre_vendor/lib:/opt/ros/humble/lib/x86_64-linux-gnu:/opt/ros/humble/lib:/usr/local/cuda-12.6/lib64 /usr/bin/cmake /home/aiv/ev_ws/perception/src/lidar/velodyne_pointcloud -DAMENT_CMAKE_SYMLINK_INSTALL=1 -DCMAKE_INSTALL_PREFIX=/home/aiv/ev_ws/perception/install/velodyne_pointcloud
[0.053s] -- The C compiler identification is GNU 11.4.0
[0.100s] -- The CXX compiler identification is GNU 11.4.0
[0.106s] -- Detecting C compiler ABI info
[0.170s] -- Detecting C compiler ABI info - done
[0.178s] -- Check for working C compiler: /usr/bin/cc - skipped
[0.178s] -- Detecting C compile features
[0.178s] -- Detecting C compile features - done
[0.182s] -- Detecting CXX compiler ABI info
[0.254s] -- Detecting CXX compiler ABI info - done
[0.261s] -- Check for working CXX compiler: /usr/bin/c++ - skipped
[0.261s] -- Detecting CXX compile features
[0.262s] -- Detecting CXX compile features - done
[0.263s] -- Found ament_cmake: 1.3.12 (/opt/ros/humble/share/ament_cmake/cmake)
[0.418s] -- Found Python3: /usr/bin/python3 (found version "3.10.12") found components: Interpreter 
[0.475s] -- Override CMake install command with custom implementation using symlinks instead of copying resources
[0.509s] -- Found angles: 1.15.0 (/opt/ros/humble/share/angles/cmake)
[0.512s] -- Found diagnostic_updater: 4.0.6 (/opt/ros/humble/share/diagnostic_updater/cmake)
[0.556s] -- Found rosidl_generator_c: 3.1.8 (/opt/ros/humble/share/rosidl_generator_c/cmake)
[0.561s] -- Found rosidl_adapter: 3.1.8 (/opt/ros/humble/share/rosidl_adapter/cmake)
[0.568s] -- Found rosidl_generator_cpp: 3.1.8 (/opt/ros/humble/share/rosidl_generator_cpp/cmake)
[0.578s] -- Using all available rosidl_typesupport_c: rosidl_typesupport_fastrtps_c;rosidl_typesupport_introspection_c
[0.592s] -- Using all available rosidl_typesupport_cpp: rosidl_typesupport_fastrtps_cpp;rosidl_typesupport_introspection_cpp
[0.665s] -- Found rmw_implementation_cmake: 6.1.2 (/opt/ros/humble/share/rmw_implementation_cmake/cmake)
[0.668s] -- Found rmw_fastrtps_cpp: 6.2.9 (/opt/ros/humble/share/rmw_fastrtps_cpp/cmake)
[0.752s] -- Found OpenSSL: /usr/lib/x86_64-linux-gnu/libcrypto.so (found version "3.0.2")  
[0.784s] -- Found FastRTPS: /opt/ros/humble/include  
[0.823s] -- Using RMW implementation 'rmw_fastrtps_cpp' as default
[0.830s] -- Looking for pthread.h
[0.903s] -- Looking for pthread.h - found
[0.904s] -- Performing Test CMAKE_HAVE_LIBC_PTHREAD
[0.966s] -- Performing Test CMAKE_HAVE_LIBC_PTHREAD - Success
[0.966s] -- Found Threads: TRUE  
[1.003s] -- Found geometry_msgs: 4.9.0 (/opt/ros/humble/share/geometry_msgs/cmake)
[1.013s] -- Found message_filters: 4.3.11 (/opt/ros/humble/share/message_filters/cmake)
[1.026s] -- Checking for module 'eigen3'
[1.040s] --   Found eigen3, version 3.4.0
[1.070s] -- Found Eigen: /usr/include/eigen3 (Required is at least version "3.1") 
[1.070s] -- Eigen found (include: /usr/include/eigen3, version: 3.4.0)
[1.090s] -- Found Boost: /usr/lib/x86_64-linux-gnu/cmake/Boost-1.74.0/BoostConfig.cmake (found suitable version "1.74.0", minimum required is "1.65.0") found components: system filesystem date_time iostreams serialization 
[1.091s] -- looking for PCL_COMMON
[1.093s] -- Found PCL_COMMON: /usr/lib/x86_64-linux-gnu/libpcl_common.so  
[1.093s] -- Found PCL: pcl_common;Boost::system;Boost::filesystem;Boost::date_time;Boost::iostreams;Boost::serialization  
[1.096s] -- Found rclcpp_components: 16.0.17 (/opt/ros/humble/share/rclcpp_components/cmake)
[1.130s] -- Found sensor_msgs: 4.9.0 (/opt/ros/humble/share/sensor_msgs/cmake)
[1.143s] -- Found tf2: 0.25.18 (/opt/ros/humble/share/tf2/cmake)
[1.147s] -- Found tf2_ros: 0.25.18 (/opt/ros/humble/share/tf2_ros/cmake)
[1.193s] -- Found velodyne_msgs: 2.5.1 (/home/aiv/ev_ws/perception/install/velodyne_msgs/share/velodyne_msgs/cmake)
[1.204s] -- Found yaml_cpp_vendor: 8.0.2 (/opt/ros/humble/share/yaml_cpp_vendor/cmake)
[1.209s] -- Found ament_lint_auto: 0.12.14 (/opt/ros/humble/share/ament_lint_auto/cmake)
[1.290s] -- Found gtest sources under '/opt/ros/humble/src/gtest_vendor': C++ tests using 'Google Test' will be built
[1.300s] -- Added test 'copyright' to check source files copyright and LICENSE
[1.302s] -- Added test 'cppcheck' to perform static code analysis on C / C++ code
[1.302s] -- Configured cppcheck include dirs: $<BUILD_INTERFACE:/home/aiv/ev_ws/perception/src/lidar/velodyne_pointcloud/include>
[1.302s] -- Configured cppcheck exclude dirs and/or files: 
[1.304s] -- Added test 'cpplint' to check C / C++ code against the Google style
[1.304s] -- Configured cpplint exclude dirs and/or files: 
[1.304s] -- Added test 'flake8' to check Python code syntax and style conventions
[1.305s] -- Added test 'lint_cmake' to check CMake code style
[1.305s] -- Added test 'pep257' to check Python code against some of the docstring style conventions in PEP 257
[1.307s] -- Added test 'uncrustify' to check C / C++ code style
[1.307s] -- Configured uncrustify additional arguments: 
[1.309s] -- Configuring done
[1.339s] -- Generating done
[1.351s] -- Build files have been written to: /home/aiv/ev_ws/perception/build/velodyne_pointcloud
[1.361s] Invoked command in '/home/aiv/ev_ws/perception/build/velodyne_pointcloud' returned '0': CMAKE_PREFIX_PATH=/home/aiv/ev_ws/perception/install/velodyne_msgs:/home/aiv/ev_ws/ev_msgs/install/ev_msgs:/home/aiv/ev_ws/perception/install/make_cylinder:/home/aiv/ev_ws/planning/install/planning_mr_ver:/home/aiv/ev_ws/planning/install/track_msgs:/home/aiv/ev_ws/carsa_gazebo/install/carsa_gazebo:/home/aiv/ev_ws/erp42_ros/install/erp42_serial:/home/aiv/ev_ws/erp42_ros/install/erp42_rqt_plugin:/home/aiv/ev_ws/erp42_ros/install/erp42_gazebo:/home/aiv/ev_ws/erp42_ros/install/erp42_util:/home/aiv/ev_ws/erp42_ros/install/erp42_msgs:/home/aiv/ev_ws/erp42_ros/install/erp42_description:/home/aiv/ev_ws/erp42_ros/install/erp42_cmake:/home/aiv/ev_ws/perception/install/velodyne:/home/aiv/ev_ws/perception/install/lidar_launch:/home/aiv/ev_ws/perception/install/velodyne_pointcloud:/home/aiv/ev_ws/perception/install/velodyne_driver:/home/aiv/ev_ws/perception/install/velodyne_laserscan:/home/aiv/ev_ws/perception/install/velodyne_cropbox:/home/aiv/ev_ws/perception/install/patchworkpp:/home/aiv/ev_ws/perception/install/lidar_voxel_grid:/home/aiv/ev_ws/perception/install/lidar_interfaces:/home/aiv/ev_ws/perception/install/dbscan_clustering:/home/aiv/ev_ws/perception/install/cluster_splitter:/opt/ros/humble LD_LIBRARY_PATH=/home/aiv/ev_ws/perception/install/velodyne_msgs/lib:/home/aiv/ev_ws/ev_msgs/install/ev_msgs/lib:/home/aiv/ev_ws/perception/install/make_cylinder/lib:/usr/local/cuda-12.6/lib64:/home/aiv/ev_ws/planning/install/planning_mr_ver/lib:/home/aiv/ev_ws/planning/install/track_msgs/lib:/usr/local/cuda-12.6/lib64:/home/aiv/ev_ws/erp42_ros/install/erp42_serial/lib:/home/aiv/ev_ws/erp42_ros/install/erp42_rqt_plugin/lib:/home/aiv/ev_ws/erp42_ros/install/erp42_gazebo/lib:/home/aiv/ev_ws/erp42_ros/install/erp42_util/lib:/home/aiv/ev_ws/erp42_ros/install/erp42_msgs/lib:/home/aiv/ev_ws/perception/install/velodyne_pointcloud/lib:/home/aiv/ev_ws/perception/install/velodyne_driver/lib:/home/aiv/ev_ws/perception/install/velodyne_laserscan/lib:/home/aiv/ev_ws/perception/install/velodyne_cropbox/lib:/home/aiv/ev_ws/perception/install/patchworkpp/lib:/home/aiv/ev_ws/perception/install/lidar_voxel_grid/lib:/home/aiv/ev_ws/perception/install/lidar_interfaces/lib:/home/aiv/ev_ws/perception/install/dbscan_clustering/lib:/home/aiv/ev_ws/perception/install/cluster_splitter/lib:/usr/lib/x86_64-linux-gnu/gazebo-11/plugins:/opt/ros/humble/opt/rviz_ogre_vendor/lib:/opt/ros/humble/lib/x86_64-linux-gnu:/opt/ros/humble/lib:/usr/local/cuda-12.6/lib64 /usr/bin/cmake /home/aiv/ev_ws/perception/src/lidar/velodyne_pointcloud -DAMENT_CMAKE_SYMLINK_INSTALL=1 -DCMAKE_INSTALL_PREFIX=/home/aiv/ev_ws/perception/install/velodyne_pointcloud
[1.362s] Invoking command in '/home/aiv/ev_ws/perception/build/velodyne_pointcloud': CMAKE_PREFIX_PATH=/home/aiv/ev_ws/perception/install/velodyne_msgs:/home/aiv/ev_ws/ev_msgs/install/ev_msgs:/home/aiv/ev_ws/perception/install/make_cylinder:/home/aiv/ev_ws/planning/install/planning_mr_ver:/home/aiv/ev_ws/planning/install/track_msgs:/home/aiv/ev_ws/carsa_gazebo/install/carsa_gazebo:/home/aiv/ev_ws/erp42_ros/install/erp42_serial:/home/aiv/ev_ws/erp42_ros/install/erp42_rqt_plugin:/home/aiv/ev_ws/erp42_ros/install/erp42_gazebo:/home/aiv/ev_ws/erp42_ros/install/erp42_util:/home/aiv/ev_ws/erp42_ros/install/erp42_msgs:/home/aiv/ev_ws/erp42_ros/install/erp42_description:/home/aiv/ev_ws/erp42_ros/install/erp42_cmake:/home/aiv/ev_ws/perception/install/velodyne:/home/aiv/ev_ws/perception/install/lidar_launch:/home/aiv/ev_ws/perception/install/velodyne_pointcloud:/home/aiv/ev_ws/perception/install/velodyne_driver:/home/aiv/ev_ws/perception/install/velodyne_laserscan:/home/aiv/ev_ws/perception/install/velodyne_cropbox:/home/aiv/ev_ws/perception/install/patchworkpp:/home/aiv/ev_ws/perception/install/lidar_voxel_grid:/home/aiv/ev_ws/perception/install/lidar_interfaces:/home/aiv/ev_ws/perception/install/dbscan_clustering:/home/aiv/ev_ws/perception/install/cluster_splitter:/opt/ros/humble LD_LIBRARY_PATH=/home/aiv/ev_ws/perception/install/velodyne_msgs/lib:/home/aiv/ev_ws/ev_msgs/install/ev_msgs/lib:/home/aiv/ev_ws/perception/install/make_cylinder/lib:/usr/local/cuda-12.6/lib64:/home/aiv/ev_ws/planning/install/planning_mr_ver/lib:/home/aiv/ev_ws/planning/install/track_msgs/lib:/usr/local/cuda-12.6/lib64:/home/aiv/ev_ws/erp42_ros/install/erp42_serial/lib:/home/aiv/ev_ws/erp42_ros/install/erp42_rqt_plugin/lib:/home/aiv/ev_ws/erp42_ros/install/erp42_gazebo/lib:/home/aiv/ev_ws/erp42_ros/install/erp42_util/lib:/home/aiv/ev_ws/erp42_ros/install/erp42_msgs/lib:/home/aiv/ev_ws/perception/install/velodyne_pointcloud/lib:/home/aiv/ev_ws/perception/install/velodyne_driver/lib:/home/aiv/ev_ws/perception/install/velodyne_laserscan/lib:/home/aiv/ev_ws/perception/install/velodyne_cropbox/lib:/home/aiv/ev_ws/perception/install/patchworkpp/lib:/home/aiv/ev_ws/perception/install/lidar_voxel_grid/lib:/home/aiv/ev_ws/perception/install/lidar_interfaces/lib:/home/aiv/ev_ws/perception/install/dbscan_clustering/lib:/home/aiv/ev_ws/perception/install/cluster_splitter/lib:/usr/lib/x86_64-linux-gnu/gazebo-11/plugins:/opt/ros/humble/opt/rviz_ogre_vendor/lib:/opt/ros/humble/lib/x86_64-linux-gnu:/opt/ros/humble/lib:/usr/local/cuda-12.6/lib64 /usr/bin/cmake --build /home/aiv/ev_ws/perception/build/velodyne_pointcloud -- -j28 -l28
[1.411s] [  5%] [32mBuilding CXX object gtest/CMakeFiles/gtest.dir/src/gtest-all.cc.o[0m
[1.412s] [ 11%] [32mBuilding CXX object gtest/CMakeFiles/gtest_main.dir/src/gtest_main.cc.o[0m
[1.415s] [ 16%] [32mBuilding CXX object CMakeFiles/velodyne_cloud_types.dir/src/lib/pointcloudXYZIRT.cpp.o[0m
[1.415s] [ 33%] [32mBuilding CXX object CMakeFiles/velodyne_rawdata.dir/src/lib/calibration.cpp.o[0m
[1.415s] [ 33%] [32mBuilding CXX object CMakeFiles/velodyne_rawdata.dir/src/lib/rawdata.cpp.o[0m
[1.415s] [ 33%] [32mBuilding CXX object CMakeFiles/velodyne_cloud_types.dir/src/lib/organized_cloudXYZIRT.cpp.o[0m
[1.870s] [ 38%] [32m[1mLinking CXX static library libgtest_main.a[0m
[1.900s] [ 38%] Built target gtest_main
[3.938s] [ 44%] [32m[1mLinking CXX static library libgtest.a[0m
[4.004s] [ 44%] Built target gtest
[4.030s] [ 50%] [32mBuilding CXX object tests/CMakeFiles/test_row_step.dir/test_row_step.cpp.o[0m
[5.383s] [ 55%] [32m[1mLinking CXX shared library libvelodyne_rawdata.so[0m
[5.545s] [ 55%] Built target velodyne_rawdata
[5.570s] [ 61%] [32mBuilding CXX object tests/CMakeFiles/test_calibration.dir/test_calibration.cpp.o[0m
[5.870s] [ 66%] [32m[1mLinking CXX shared library libvelodyne_cloud_types.so[0m
[5.974s] [ 66%] Built target velodyne_cloud_types
[5.999s] [ 72%] [32mBuilding CXX object CMakeFiles/transform.dir/src/conversions/transform.cpp.o[0m
[6.370s] [ 77%] [32m[1mLinking CXX executable test_calibration[0m
[6.576s] [ 77%] Built target test_calibration
[7.917s] [ 83%] [32m[1mLinking CXX executable test_row_step[0m
[8.070s] [ 83%] Built target test_row_step
[12.919s] [ 88%] [32m[1mLinking CXX shared library libtransform.so[0m
[13.247s] [ 88%] Built target transform
[13.263s] [ 94%] [32mBuilding CXX object CMakeFiles/velodyne_transform_node.dir/src/conversions/transform_node.cpp.o[0m
[16.110s] [100%] [32m[1mLinking CXX executable velodyne_transform_node[0m
[16.274s] [100%] Built target velodyne_transform_node
[16.290s] Invoked command in '/home/aiv/ev_ws/perception/build/velodyne_pointcloud' returned '0': CMAKE_PREFIX_PATH=/home/aiv/ev_ws/perception/install/velodyne_msgs:/home/aiv/ev_ws/ev_msgs/install/ev_msgs:/home/aiv/ev_ws/perception/install/make_cylinder:/home/aiv/ev_ws/planning/install/planning_mr_ver:/home/aiv/ev_ws/planning/install/track_msgs:/home/aiv/ev_ws/carsa_gazebo/install/carsa_gazebo:/home/aiv/ev_ws/erp42_ros/install/erp42_serial:/home/aiv/ev_ws/erp42_ros/install/erp42_rqt_plugin:/home/aiv/ev_ws/erp42_ros/install/erp42_gazebo:/home/aiv/ev_ws/erp42_ros/install/erp42_util:/home/aiv/ev_ws/erp42_ros/install/erp42_msgs:/home/aiv/ev_ws/erp42_ros/install/erp42_description:/home/aiv/ev_ws/erp42_ros/install/erp42_cmake:/home/aiv/ev_ws/perception/install/velodyne:/home/aiv/ev_ws/perception/install/lidar_launch:/home/aiv/ev_ws/perception/install/velodyne_pointcloud:/home/aiv/ev_ws/perception/install/velodyne_driver:/home/aiv/ev_ws/perception/install/velodyne_laserscan:/home/aiv/ev_ws/perception/install/velodyne_cropbox:/home/aiv/ev_ws/perception/install/patchworkpp:/home/aiv/ev_ws/perception/install/lidar_voxel_grid:/home/aiv/ev_ws/perception/install/lidar_interfaces:/home/aiv/ev_ws/perception/install/dbscan_clustering:/home/aiv/ev_ws/perception/install/cluster_splitter:/opt/ros/humble LD_LIBRARY_PATH=/home/aiv/ev_ws/perception/install/velodyne_msgs/lib:/home/aiv/ev_ws/ev_msgs/install/ev_msgs/lib:/home/aiv/ev_ws/perception/install/make_cylinder/lib:/usr/local/cuda-12.6/lib64:/home/aiv/ev_ws/planning/install/planning_mr_ver/lib:/home/aiv/ev_ws/planning/install/track_msgs/lib:/usr/local/cuda-12.6/lib64:/home/aiv/ev_ws/erp42_ros/install/erp42_serial/lib:/home/aiv/ev_ws/erp42_ros/install/erp42_rqt_plugin/lib:/home/aiv/ev_ws/erp42_ros/install/erp42_gazebo/lib:/home/aiv/ev_ws/erp42_ros/install/erp42_util/lib:/home/aiv/ev_ws/erp42_ros/install/erp42_msgs/lib:/home/aiv/ev_ws/perception/install/velodyne_pointcloud/lib:/home/aiv/ev_ws/perception/install/velodyne_driver/lib:/home/aiv/ev_ws/perception/install/velodyne_laserscan/lib:/home/aiv/ev_ws/perception/install/velodyne_cropbox/lib:/home/aiv/ev_ws/perception/install/patchworkpp/lib:/home/aiv/ev_ws/perception/install/lidar_voxel_grid/lib:/home/aiv/ev_ws/perception/install/lidar_interfaces/lib:/home/aiv/ev_ws/perception/install/dbscan_clustering/lib:/home/aiv/ev_ws/perception/install/cluster_splitter/lib:/usr/lib/x86_64-linux-gnu/gazebo-11/plugins:/opt/ros/humble/opt/rviz_ogre_vendor/lib:/opt/ros/humble/lib/x86_64-linux-gnu:/opt/ros/humble/lib:/usr/local/cuda-12.6/lib64 /usr/bin/cmake --build /home/aiv/ev_ws/perception/build/velodyne_pointcloud -- -j28 -l28
[16.291s] Invoking command in '/home/aiv/ev_ws/perception/build/velodyne_pointcloud': CMAKE_PREFIX_PATH=/home/aiv/ev_ws/perception/install/velodyne_msgs:/home/aiv/ev_ws/ev_msgs/install/ev_msgs:/home/aiv/ev_ws/perception/install/make_cylinder:/home/aiv/ev_ws/planning/install/planning_mr_ver:/home/aiv/ev_ws/planning/install/track_msgs:/home/aiv/ev_ws/carsa_gazebo/install/carsa_gazebo:/home/aiv/ev_ws/erp42_ros/install/erp42_serial:/home/aiv/ev_ws/erp42_ros/install/erp42_rqt_plugin:/home/aiv/ev_ws/erp42_ros/install/erp42_gazebo:/home/aiv/ev_ws/erp42_ros/install/erp42_util:/home/aiv/ev_ws/erp42_ros/install/erp42_msgs:/home/aiv/ev_ws/erp42_ros/install/erp42_description:/home/aiv/ev_ws/erp42_ros/install/erp42_cmake:/home/aiv/ev_ws/perception/install/velodyne:/home/aiv/ev_ws/perception/install/lidar_launch:/home/aiv/ev_ws/perception/install/velodyne_pointcloud:/home/aiv/ev_ws/perception/install/velodyne_driver:/home/aiv/ev_ws/perception/install/velodyne_laserscan:/home/aiv/ev_ws/perception/install/velodyne_cropbox:/home/aiv/ev_ws/perception/install/patchworkpp:/home/aiv/ev_ws/perception/install/lidar_voxel_grid:/home/aiv/ev_ws/perception/install/lidar_interfaces:/home/aiv/ev_ws/perception/install/dbscan_clustering:/home/aiv/ev_ws/perception/install/cluster_splitter:/opt/ros/humble LD_LIBRARY_PATH=/home/aiv/ev_ws/perception/install/velodyne_msgs/lib:/home/aiv/ev_ws/ev_msgs/install/ev_msgs/lib:/home/aiv/ev_ws/perception/install/make_cylinder/lib:/usr/local/cuda-12.6/lib64:/home/aiv/ev_ws/planning/install/planning_mr_ver/lib:/home/aiv/ev_ws/planning/install/track_msgs/lib:/usr/local/cuda-12.6/lib64:/home/aiv/ev_ws/erp42_ros/install/erp42_serial/lib:/home/aiv/ev_ws/erp42_ros/install/erp42_rqt_plugin/lib:/home/aiv/ev_ws/erp42_ros/install/erp42_gazebo/lib:/home/aiv/ev_ws/erp42_ros/install/erp42_util/lib:/home/aiv/ev_ws/erp42_ros/install/erp42_msgs/lib:/home/aiv/ev_ws/perception/install/velodyne_pointcloud/lib:/home/aiv/ev_ws/perception/install/velodyne_driver/lib:/home/aiv/ev_ws/perception/install/velodyne_laserscan/lib:/home/aiv/ev_ws/perception/install/velodyne_cropbox/lib:/home/aiv/ev_ws/perception/install/patchworkpp/lib:/home/aiv/ev_ws/perception/install/lidar_voxel_grid/lib:/home/aiv/ev_ws/perception/install/lidar_interfaces/lib:/home/aiv/ev_ws/perception/install/dbscan_clustering/lib:/home/aiv/ev_ws/perception/install/cluster_splitter/lib:/usr/lib/x86_64-linux-gnu/gazebo-11/plugins:/opt/ros/humble/opt/rviz_ogre_vendor/lib:/opt/ros/humble/lib/x86_64-linux-gnu:/opt/ros/humble/lib:/usr/local/cuda-12.6/lib64 /usr/bin/cmake --install /home/aiv/ev_ws/perception/build/velodyne_pointcloud
[16.297s] -- Install configuration: ""
[16.297s] -- Execute custom install script
[16.297s] -- Symlinking: /home/aiv/ev_ws/perception/install/velodyne_pointcloud/lib/velodyne_pointcloud/velodyne_transform_node
[16.303s] -- Symlinking: /home/aiv/ev_ws/perception/install/velodyne_pointcloud/include/velodyne_pointcloud/calibration.hpp
[16.308s] -- Symlinking: /home/aiv/ev_ws/perception/install/velodyne_pointcloud/include/velodyne_pointcloud/datacontainerbase.hpp
[16.314s] -- Symlinking: /home/aiv/ev_ws/perception/install/velodyne_pointcloud/include/velodyne_pointcloud/organized_cloudXYZIRT.hpp
[16.319s] -- Symlinking: /home/aiv/ev_ws/perception/install/velodyne_pointcloud/include/velodyne_pointcloud/pointcloudXYZIRT.hpp
[16.324s] -- Symlinking: /home/aiv/ev_ws/perception/install/velodyne_pointcloud/include/velodyne_pointcloud/rawdata.hpp
[16.331s] -- Symlinking: /home/aiv/ev_ws/perception/install/velodyne_pointcloud/include/velodyne_pointcloud/transform.hpp
[16.337s] -- Symlinking: /home/aiv/ev_ws/perception/install/velodyne_pointcloud/share/velodyne_pointcloud/config/VLP16-velodyne_transform_node-params.yaml
[16.344s] -- Symlinking: /home/aiv/ev_ws/perception/install/velodyne_pointcloud/share/velodyne_pointcloud/config/VLP32C-velodyne_transform_node-params.yaml
[16.351s] -- Symlinking: /home/aiv/ev_ws/perception/install/velodyne_pointcloud/share/velodyne_pointcloud/config/VLS128-velodyne_transform_node-params.yaml
[16.358s] -- Symlinking: /home/aiv/ev_ws/perception/install/velodyne_pointcloud/share/velodyne_pointcloud/launch/velodyne_transform_node-VLP16-composed-launch.py
[16.363s] -- Symlinking: /home/aiv/ev_ws/perception/install/velodyne_pointcloud/share/velodyne_pointcloud/launch/velodyne_transform_node-VLP16-launch.py
[16.368s] -- Symlinking: /home/aiv/ev_ws/perception/install/velodyne_pointcloud/share/velodyne_pointcloud/launch/velodyne_transform_node-VLP32C-composed-launch.py
[16.374s] -- Symlinking: /home/aiv/ev_ws/perception/install/velodyne_pointcloud/share/velodyne_pointcloud/launch/velodyne_transform_node-VLP32C-launch.py
[16.380s] -- Symlinking: /home/aiv/ev_ws/perception/install/velodyne_pointcloud/share/velodyne_pointcloud/launch/velodyne_transform_node-VLS128-composed-launch.py
[16.387s] -- Symlinking: /home/aiv/ev_ws/perception/install/velodyne_pointcloud/share/velodyne_pointcloud/launch/velodyne_transform_node-VLS128-launch.py
[16.393s] -- Symlinking: /home/aiv/ev_ws/perception/install/velodyne_pointcloud/share/velodyne_pointcloud/params/32db.yaml
[16.400s] -- Symlinking: /home/aiv/ev_ws/perception/install/velodyne_pointcloud/share/velodyne_pointcloud/params/64e_s2.1-sztaki.yaml
[16.405s] -- Symlinking: /home/aiv/ev_ws/perception/install/velodyne_pointcloud/share/velodyne_pointcloud/params/64e_s3-xiesc.yaml
[16.412s] -- Symlinking: /home/aiv/ev_ws/perception/install/velodyne_pointcloud/share/velodyne_pointcloud/params/64e_utexas.yaml
[16.417s] -- Symlinking: /home/aiv/ev_ws/perception/install/velodyne_pointcloud/share/velodyne_pointcloud/params/VLP16_hires_db.yaml
[16.424s] -- Symlinking: /home/aiv/ev_ws/perception/install/velodyne_pointcloud/share/velodyne_pointcloud/params/VLP16db.yaml
[16.430s] -- Symlinking: /home/aiv/ev_ws/perception/install/velodyne_pointcloud/share/velodyne_pointcloud/params/VLS128.yaml
[16.437s] -- Symlinking: /home/aiv/ev_ws/perception/install/velodyne_pointcloud/share/velodyne_pointcloud/params/VeloView-VLP-32C.yaml
[16.443s] -- Symlinking: /home/aiv/ev_ws/perception/install/velodyne_pointcloud/share/velodyne_pointcloud/params/issue_84_float_intensities.yaml
[16.448s] -- Symlinking: /home/aiv/ev_ws/perception/install/velodyne_pointcloud/share/velodyne_pointcloud/params/rviz_points.vcg
[16.453s] -- Symlinking: /home/aiv/ev_ws/perception/install/velodyne_pointcloud/share/velodyne_pointcloud/environment/library_path.sh
[16.459s] -- Symlinking: /home/aiv/ev_ws/perception/install/velodyne_pointcloud/share/velodyne_pointcloud/environment/library_path.dsv
[16.466s] -- Symlinking: /home/aiv/ev_ws/perception/install/velodyne_pointcloud/share/ament_index/resource_index/package_run_dependencies/velodyne_pointcloud
[16.472s] -- Symlinking: /home/aiv/ev_ws/perception/install/velodyne_pointcloud/share/ament_index/resource_index/parent_prefix_path/velodyne_pointcloud
[16.478s] -- Symlinking: /home/aiv/ev_ws/perception/install/velodyne_pointcloud/share/velodyne_pointcloud/environment/ament_prefix_path.sh
[16.485s] -- Symlinking: /home/aiv/ev_ws/perception/install/velodyne_pointcloud/share/velodyne_pointcloud/environment/ament_prefix_path.dsv
[16.491s] -- Symlinking: /home/aiv/ev_ws/perception/install/velodyne_pointcloud/share/velodyne_pointcloud/environment/path.sh
[16.497s] -- Symlinking: /home/aiv/ev_ws/perception/install/velodyne_pointcloud/share/velodyne_pointcloud/environment/path.dsv
[16.503s] -- Symlinking: /home/aiv/ev_ws/perception/install/velodyne_pointcloud/share/velodyne_pointcloud/local_setup.bash
[16.508s] -- Symlinking: /home/aiv/ev_ws/perception/install/velodyne_pointcloud/share/velodyne_pointcloud/local_setup.sh
[16.514s] -- Symlinking: /home/aiv/ev_ws/perception/install/velodyne_pointcloud/share/velodyne_pointcloud/local_setup.zsh
[16.521s] -- Symlinking: /home/aiv/ev_ws/perception/install/velodyne_pointcloud/share/velodyne_pointcloud/local_setup.dsv
[16.525s] -- Symlinking: /home/aiv/ev_ws/perception/install/velodyne_pointcloud/share/velodyne_pointcloud/package.dsv
[16.531s] -- Symlinking: /home/aiv/ev_ws/perception/install/velodyne_pointcloud/share/ament_index/resource_index/packages/velodyne_pointcloud
[16.536s] -- Symlinking: /home/aiv/ev_ws/perception/install/velodyne_pointcloud/share/ament_index/resource_index/rclcpp_components/velodyne_pointcloud
[16.541s] -- Symlinking: /home/aiv/ev_ws/perception/install/velodyne_pointcloud/share/velodyne_pointcloud/cmake/ament_cmake_export_include_directories-extras.cmake
[16.546s] -- Symlinking: /home/aiv/ev_ws/perception/install/velodyne_pointcloud/share/velodyne_pointcloud/cmake/ament_cmake_export_dependencies-extras.cmake
[16.552s] -- Symlinking: /home/aiv/ev_ws/perception/install/velodyne_pointcloud/share/velodyne_pointcloud/cmake/ament_cmake_export_libraries-extras.cmake
[16.558s] -- Symlinking: /home/aiv/ev_ws/perception/install/velodyne_pointcloud/share/velodyne_pointcloud/cmake/ament_cmake_export_targets-extras.cmake
[16.564s] -- Symlinking: /home/aiv/ev_ws/perception/install/velodyne_pointcloud/share/velodyne_pointcloud/cmake/velodyne_pointcloudConfig.cmake
[16.570s] -- Symlinking: /home/aiv/ev_ws/perception/install/velodyne_pointcloud/share/velodyne_pointcloud/cmake/velodyne_pointcloudConfig-version.cmake
[16.575s] -- Symlinking: /home/aiv/ev_ws/perception/install/velodyne_pointcloud/share/velodyne_pointcloud/package.xml
[16.580s] -- Installing: /home/aiv/ev_ws/perception/install/velodyne_pointcloud/lib/libvelodyne_cloud_types.so
[16.581s] -- Set runtime path of "/home/aiv/ev_ws/perception/install/velodyne_pointcloud/lib/libvelodyne_cloud_types.so" to ""
[16.581s] -- Installing: /home/aiv/ev_ws/perception/install/velodyne_pointcloud/lib/libvelodyne_rawdata.so
[16.581s] -- Set runtime path of "/home/aiv/ev_ws/perception/install/velodyne_pointcloud/lib/libvelodyne_rawdata.so" to ""
[16.581s] -- Installing: /home/aiv/ev_ws/perception/install/velodyne_pointcloud/lib/libtransform.so
[16.584s] -- Set runtime path of "/home/aiv/ev_ws/perception/install/velodyne_pointcloud/lib/libtransform.so" to ""
[16.584s] -- Installing: /home/aiv/ev_ws/perception/install/velodyne_pointcloud/share/velodyne_pointcloud/cmake/velodyne_pointcloudExport.cmake
[16.584s] -- Installing: /home/aiv/ev_ws/perception/install/velodyne_pointcloud/share/velodyne_pointcloud/cmake/velodyne_pointcloudExport-noconfig.cmake
[16.586s] Invoked command in '/home/aiv/ev_ws/perception/build/velodyne_pointcloud' returned '0': CMAKE_PREFIX_PATH=/home/aiv/ev_ws/perception/install/velodyne_msgs:/home/aiv/ev_ws/ev_msgs/install/ev_msgs:/home/aiv/ev_ws/perception/install/make_cylinder:/home/aiv/ev_ws/planning/install/planning_mr_ver:/home/aiv/ev_ws/planning/install/track_msgs:/home/aiv/ev_ws/carsa_gazebo/install/carsa_gazebo:/home/aiv/ev_ws/erp42_ros/install/erp42_serial:/home/aiv/ev_ws/erp42_ros/install/erp42_rqt_plugin:/home/aiv/ev_ws/erp42_ros/install/erp42_gazebo:/home/aiv/ev_ws/erp42_ros/install/erp42_util:/home/aiv/ev_ws/erp42_ros/install/erp42_msgs:/home/aiv/ev_ws/erp42_ros/install/erp42_description:/home/aiv/ev_ws/erp42_ros/install/erp42_cmake:/home/aiv/ev_ws/perception/install/velodyne:/home/aiv/ev_ws/perception/install/lidar_launch:/home/aiv/ev_ws/perception/install/velodyne_pointcloud:/home/aiv/ev_ws/perception/install/velodyne_driver:/home/aiv/ev_ws/perception/install/velodyne_laserscan:/home/aiv/ev_ws/perception/install/velodyne_cropbox:/home/aiv/ev_ws/perception/install/patchworkpp:/home/aiv/ev_ws/perception/install/lidar_voxel_grid:/home/aiv/ev_ws/perception/install/lidar_interfaces:/home/aiv/ev_ws/perception/install/dbscan_clustering:/home/aiv/ev_ws/perception/install/cluster_splitter:/opt/ros/humble LD_LIBRARY_PATH=/home/aiv/ev_ws/perception/install/velodyne_msgs/lib:/home/aiv/ev_ws/ev_msgs/install/ev_msgs/lib:/home/aiv/ev_ws/perception/install/make_cylinder/lib:/usr/local/cuda-12.6/lib64:/home/aiv/ev_ws/planning/install/planning_mr_ver/lib:/home/aiv/ev_ws/planning/install/track_msgs/lib:/usr/local/cuda-12.6/lib64:/home/aiv/ev_ws/erp42_ros/install/erp42_serial/lib:/home/aiv/ev_ws/erp42_ros/install/erp42_rqt_plugin/lib:/home/aiv/ev_ws/erp42_ros/install/erp42_gazebo/lib:/home/aiv/ev_ws/erp42_ros/install/erp42_util/lib:/home/aiv/ev_ws/erp42_ros/install/erp42_msgs/lib:/home/aiv/ev_ws/perception/install/velodyne_pointcloud/lib:/home/aiv/ev_ws/perception/install/velodyne_driver/lib:/home/aiv/ev_ws/perception/install/velodyne_laserscan/lib:/home/aiv/ev_ws/perception/install/velodyne_cropbox/lib:/home/aiv/ev_ws/perception/install/patchworkpp/lib:/home/aiv/ev_ws/perception/install/lidar_voxel_grid/lib:/home/aiv/ev_ws/perception/install/lidar_interfaces/lib:/home/aiv/ev_ws/perception/install/dbscan_clustering/lib:/home/aiv/ev_ws/perception/install/cluster_splitter/lib:/usr/lib/x86_64-linux-gnu/gazebo-11/plugins:/opt/ros/humble/opt/rviz_ogre_vendor/lib:/opt/ros/humble/lib/x86_64-linux-gnu:/opt/ros/humble/lib:/usr/local/cuda-12.6/lib64 /usr/bin/cmake --install /home/aiv/ev_ws/perception/build/velodyne_pointcloud
