[  1%] [34m[1mGenerating C code for ROS interfaces[0m
[  1%] Built target ament_cmake_python_copy_ev_msgs
[  3%] [34m[1mGenerating C++ code for ROS interfaces[0m
running egg_info
creating ev_msgs.egg-info
writing ev_msgs.egg-info/PKG-INFO
writing dependency_links to ev_msgs.egg-info/dependency_links.txt
writing top-level names to ev_msgs.egg-info/top_level.txt
writing manifest file 'ev_msgs.egg-info/SOURCES.txt'
reading manifest file 'ev_msgs.egg-info/SOURCES.txt'
writing manifest file 'ev_msgs.egg-info/SOURCES.txt'
[  3%] Built target ament_cmake_python_build_ev_msgs_egg
[  3%] Built target ev_msgs__cpp
[  5%] [34m[1mGenerating C++ type support dispatch for ROS interfaces[0m
[  7%] [34m[1mGenerating C++ introspection for ROS interfaces[0m
[  9%] [34m[1mGenerating C++ type support for eProsima Fast-RTPS[0m
[ 10%] [32mBuilding C object CMakeFiles/ev_msgs__rosidl_generator_c.dir/rosidl_generator_c/ev_msgs/msg/detail/b_box__functions.c.o[0m
[ 14%] [32mBuilding C object CMakeFiles/ev_msgs__rosidl_generator_c.dir/rosidl_generator_c/ev_msgs/msg/detail/lane_boundary__functions.c.o[0m
[ 14%] [32mBuilding C object CMakeFiles/ev_msgs__rosidl_generator_c.dir/rosidl_generator_c/ev_msgs/msg/detail/b_box_array__functions.c.o[0m
[ 16%] [32mBuilding C object CMakeFiles/ev_msgs__rosidl_generator_c.dir/rosidl_generator_c/ev_msgs/msg/detail/lane_boundary_array__functions.c.o[0m
[ 18%] [32m[1mLinking C shared library libev_msgs__rosidl_generator_c.so[0m
[ 18%] Built target ev_msgs__rosidl_generator_c
[ 20%] [34m[1mGenerating C type support for eProsima Fast-RTPS[0m
[ 21%] [34m[1mGenerating C type support dispatch for ROS interfaces[0m
[ 23%] [34m[1mGenerating C introspection for ROS interfaces[0m
[ 25%] [32mBuilding CXX object CMakeFiles/ev_msgs__rosidl_typesupport_cpp.dir/rosidl_typesupport_cpp/ev_msgs/msg/b_box__type_support.cpp.o[0m
[ 27%] [32mBuilding CXX object CMakeFiles/ev_msgs__rosidl_typesupport_cpp.dir/rosidl_typesupport_cpp/ev_msgs/msg/b_box_array__type_support.cpp.o[0m
[ 29%] [32mBuilding CXX object CMakeFiles/ev_msgs__rosidl_typesupport_cpp.dir/rosidl_typesupport_cpp/ev_msgs/msg/lane_boundary__type_support.cpp.o[0m
[ 32%] [32mBuilding CXX object CMakeFiles/ev_msgs__rosidl_typesupport_fastrtps_cpp.dir/rosidl_typesupport_fastrtps_cpp/ev_msgs/msg/detail/dds_fastrtps/b_box__type_support.cpp.o[0m
[ 32%] [32mBuilding CXX object CMakeFiles/ev_msgs__rosidl_typesupport_cpp.dir/rosidl_typesupport_cpp/ev_msgs/msg/lane_boundary_array__type_support.cpp.o[0m
[ 34%] [32mBuilding CXX object CMakeFiles/ev_msgs__rosidl_typesupport_fastrtps_cpp.dir/rosidl_typesupport_fastrtps_cpp/ev_msgs/msg/detail/dds_fastrtps/b_box_array__type_support.cpp.o[0m
[ 36%] [32mBuilding CXX object CMakeFiles/ev_msgs__rosidl_typesupport_introspection_cpp.dir/rosidl_typesupport_introspection_cpp/ev_msgs/msg/detail/b_box__type_support.cpp.o[0m
[ 38%] [32mBuilding CXX object CMakeFiles/ev_msgs__rosidl_typesupport_c.dir/rosidl_typesupport_c/ev_msgs/msg/b_box__type_support.cpp.o[0m
[ 40%] [32mBuilding CXX object CMakeFiles/ev_msgs__rosidl_typesupport_introspection_cpp.dir/rosidl_typesupport_introspection_cpp/ev_msgs/msg/detail/b_box_array__type_support.cpp.o[0m
[ 41%] [32mBuilding CXX object CMakeFiles/ev_msgs__rosidl_typesupport_introspection_cpp.dir/rosidl_typesupport_introspection_cpp/ev_msgs/msg/detail/lane_boundary__type_support.cpp.o[0m
[ 43%] [32mBuilding CXX object CMakeFiles/ev_msgs__rosidl_typesupport_c.dir/rosidl_typesupport_c/ev_msgs/msg/b_box_array__type_support.cpp.o[0m
[ 45%] [32m[1mLinking CXX shared library libev_msgs__rosidl_typesupport_cpp.so[0m
[ 47%] [32mBuilding CXX object CMakeFiles/ev_msgs__rosidl_typesupport_c.dir/rosidl_typesupport_c/ev_msgs/msg/lane_boundary__type_support.cpp.o[0m
[ 49%] [32mBuilding C object CMakeFiles/ev_msgs__rosidl_typesupport_introspection_c.dir/rosidl_typesupport_introspection_c/ev_msgs/msg/detail/b_box__type_support.c.o[0m
[ 50%] [32mBuilding CXX object CMakeFiles/ev_msgs__rosidl_typesupport_fastrtps_c.dir/rosidl_typesupport_fastrtps_c/ev_msgs/msg/detail/b_box__type_support_c.cpp.o[0m
[ 52%] [32mBuilding CXX object CMakeFiles/ev_msgs__rosidl_typesupport_fastrtps_cpp.dir/rosidl_typesupport_fastrtps_cpp/ev_msgs/msg/detail/dds_fastrtps/lane_boundary__type_support.cpp.o[0m
[ 54%] [32mBuilding CXX object CMakeFiles/ev_msgs__rosidl_typesupport_introspection_cpp.dir/rosidl_typesupport_introspection_cpp/ev_msgs/msg/detail/lane_boundary_array__type_support.cpp.o[0m
[ 56%] [32mBuilding CXX object CMakeFiles/ev_msgs__rosidl_typesupport_c.dir/rosidl_typesupport_c/ev_msgs/msg/lane_boundary_array__type_support.cpp.o[0m
[ 56%] Built target ev_msgs__rosidl_typesupport_cpp
[ 58%] [32mBuilding C object CMakeFiles/ev_msgs__rosidl_typesupport_introspection_c.dir/rosidl_typesupport_introspection_c/ev_msgs/msg/detail/b_box_array__type_support.c.o[0m
[ 60%] [32mBuilding C object CMakeFiles/ev_msgs__rosidl_typesupport_introspection_c.dir/rosidl_typesupport_introspection_c/ev_msgs/msg/detail/lane_boundary__type_support.c.o[0m
[ 61%] [32mBuilding CXX object CMakeFiles/ev_msgs__rosidl_typesupport_fastrtps_cpp.dir/rosidl_typesupport_fastrtps_cpp/ev_msgs/msg/detail/dds_fastrtps/lane_boundary_array__type_support.cpp.o[0m
[ 63%] [32m[1mLinking CXX shared library libev_msgs__rosidl_typesupport_c.so[0m
[ 65%] [32mBuilding C object CMakeFiles/ev_msgs__rosidl_typesupport_introspection_c.dir/rosidl_typesupport_introspection_c/ev_msgs/msg/detail/lane_boundary_array__type_support.c.o[0m
[ 67%] [32mBuilding CXX object CMakeFiles/ev_msgs__rosidl_typesupport_fastrtps_c.dir/rosidl_typesupport_fastrtps_c/ev_msgs/msg/detail/b_box_array__type_support_c.cpp.o[0m
[ 69%] [32mBuilding CXX object CMakeFiles/ev_msgs__rosidl_typesupport_fastrtps_c.dir/rosidl_typesupport_fastrtps_c/ev_msgs/msg/detail/lane_boundary__type_support_c.cpp.o[0m
[ 70%] [32m[1mLinking C shared library libev_msgs__rosidl_typesupport_introspection_c.so[0m
[ 70%] Built target ev_msgs__rosidl_typesupport_c
[ 72%] [32mBuilding CXX object CMakeFiles/ev_msgs__rosidl_typesupport_fastrtps_c.dir/rosidl_typesupport_fastrtps_c/ev_msgs/msg/detail/lane_boundary_array__type_support_c.cpp.o[0m
[ 72%] Built target ev_msgs__rosidl_typesupport_introspection_c
[ 74%] [32m[1mLinking CXX shared library libev_msgs__rosidl_typesupport_introspection_cpp.so[0m
[ 76%] [32m[1mLinking CXX shared library libev_msgs__rosidl_typesupport_fastrtps_cpp.so[0m
[ 76%] Built target ev_msgs__rosidl_typesupport_fastrtps_cpp
[ 78%] [32m[1mLinking CXX shared library libev_msgs__rosidl_typesupport_fastrtps_c.so[0m
[ 78%] Built target ev_msgs__rosidl_typesupport_introspection_cpp
[ 78%] Built target ev_msgs__rosidl_typesupport_fastrtps_c
[ 78%] Built target ev_msgs
[ 80%] [34m[1mGenerating Python code for ROS interfaces[0m
[ 80%] Built target ev_msgs__py
[ 81%] [32mBuilding C object CMakeFiles/ev_msgs__rosidl_generator_py.dir/rosidl_generator_py/ev_msgs/msg/_b_box_s.c.o[0m
[ 83%] [32mBuilding C object CMakeFiles/ev_msgs__rosidl_generator_py.dir/rosidl_generator_py/ev_msgs/msg/_b_box_array_s.c.o[0m
[ 85%] [32mBuilding C object CMakeFiles/ev_msgs__rosidl_generator_py.dir/rosidl_generator_py/ev_msgs/msg/_lane_boundary_s.c.o[0m
[ 87%] [32mBuilding C object CMakeFiles/ev_msgs__rosidl_generator_py.dir/rosidl_generator_py/ev_msgs/msg/_lane_boundary_array_s.c.o[0m
[ 89%] [32m[1mLinking C shared library rosidl_generator_py/ev_msgs/libev_msgs__rosidl_generator_py.so[0m
[ 89%] Built target ev_msgs__rosidl_generator_py
[ 90%] [32mBuilding C object CMakeFiles/ev_msgs__rosidl_typesupport_fastrtps_c__pyext.dir/rosidl_generator_py/ev_msgs/_ev_msgs_s.ep.rosidl_typesupport_fastrtps_c.c.o[0m
[ 92%] [32mBuilding C object CMakeFiles/ev_msgs__rosidl_typesupport_c__pyext.dir/rosidl_generator_py/ev_msgs/_ev_msgs_s.ep.rosidl_typesupport_c.c.o[0m
[ 94%] [32mBuilding C object CMakeFiles/ev_msgs__rosidl_typesupport_introspection_c__pyext.dir/rosidl_generator_py/ev_msgs/_ev_msgs_s.ep.rosidl_typesupport_introspection_c.c.o[0m
[ 96%] [32m[1mLinking C shared library rosidl_generator_py/ev_msgs/ev_msgs_s__rosidl_typesupport_fastrtps_c.cpython-310-aarch64-linux-gnu.so[0m
[ 98%] [32m[1mLinking C shared library rosidl_generator_py/ev_msgs/ev_msgs_s__rosidl_typesupport_introspection_c.cpython-310-aarch64-linux-gnu.so[0m
[100%] [32m[1mLinking C shared library rosidl_generator_py/ev_msgs/ev_msgs_s__rosidl_typesupport_c.cpython-310-aarch64-linux-gnu.so[0m
[100%] Built target ev_msgs__rosidl_typesupport_fastrtps_c__pyext
[100%] Built target ev_msgs__rosidl_typesupport_c__pyext
[100%] Built target ev_msgs__rosidl_typesupport_introspection_c__pyext
