[0.020s] Invoking command in '/home/kimsohee/ev-1-5/ev_ws/perception/build/velodyne_driver': AMENT_PREFIX_PATH=/home/kimsohee/ev-1-5/ev_ws/perception/install/velodyne_msgs:${AMENT_PREFIX_PATH} CMAKE_PREFIX_PATH=/home/kimsohee/ev-1-5/ev_ws/perception/install/velodyne_msgs:/home/kimsohee/ev-1-5/ev_ws/ev_msgs/install/ev_msgs:/home/kimsohee/workspace/ros2/erp42_ros/install/erp42_serial:/home/kimsohee/workspace/ros2/erp42_ros/install/erp42_rqt_plugin:/home/kimsohee/workspace/ros2/erp42_ros/install/erp42_gazebo:/home/kimsohee/workspace/ros2/erp42_ros/install/erp42_util:/home/kimsohee/workspace/ros2/erp42_ros/install/erp42_msgs:/home/kimsohee/workspace/ros2/erp42_ros/install/erp42_description:/home/kimsohee/workspace/ros2/erp42_ros/install/erp42_cmake:/opt/ros/humble LD_LIBRARY_PATH=/home/kimsohee/ev-1-5/ev_ws/perception/install/velodyne_msgs/lib:${LD_LIBRARY_PATH} PYTHONPATH=/home/kimsohee/ev-1-5/ev_ws/perception/install/velodyne_msgs/local/lib/python3.10/dist-packages:${PYTHONPATH} /usr/bin/cmake --build /home/kimsohee/ev-1-5/ev_ws/perception/build/velodyne_driver -- -j8 -l8
[0.119s] [35m[1mConsolidate compiler generated dependencies of target gtest_main[0m
[0.121s] [35m[1mConsolidate compiler generated dependencies of target gtest[0m
[0.121s] [35m[1mConsolidate compiler generated dependencies of target velodyne_input[0m
[0.177s] [ 16%] Built target gtest
[0.180s] [ 33%] Built target gtest_main
[0.192s] [ 50%] Built target velodyne_input
[0.214s] [35m[1mConsolidate compiler generated dependencies of target velodyne_driver[0m
[0.214s] [35m[1mConsolidate compiler generated dependencies of target time_test[0m
[0.242s] [ 66%] Built target time_test
[0.260s] [ 83%] Built target velodyne_driver
[0.279s] [35m[1mConsolidate compiler generated dependencies of target velodyne_driver_node[0m
[0.305s] [100%] Built target velodyne_driver_node
[0.322s] Invoked command in '/home/kimsohee/ev-1-5/ev_ws/perception/build/velodyne_driver' returned '0': AMENT_PREFIX_PATH=/home/kimsohee/ev-1-5/ev_ws/perception/install/velodyne_msgs:${AMENT_PREFIX_PATH} CMAKE_PREFIX_PATH=/home/kimsohee/ev-1-5/ev_ws/perception/install/velodyne_msgs:/home/kimsohee/ev-1-5/ev_ws/ev_msgs/install/ev_msgs:/home/kimsohee/workspace/ros2/erp42_ros/install/erp42_serial:/home/kimsohee/workspace/ros2/erp42_ros/install/erp42_rqt_plugin:/home/kimsohee/workspace/ros2/erp42_ros/install/erp42_gazebo:/home/kimsohee/workspace/ros2/erp42_ros/install/erp42_util:/home/kimsohee/workspace/ros2/erp42_ros/install/erp42_msgs:/home/kimsohee/workspace/ros2/erp42_ros/install/erp42_description:/home/kimsohee/workspace/ros2/erp42_ros/install/erp42_cmake:/opt/ros/humble LD_LIBRARY_PATH=/home/kimsohee/ev-1-5/ev_ws/perception/install/velodyne_msgs/lib:${LD_LIBRARY_PATH} PYTHONPATH=/home/kimsohee/ev-1-5/ev_ws/perception/install/velodyne_msgs/local/lib/python3.10/dist-packages:${PYTHONPATH} /usr/bin/cmake --build /home/kimsohee/ev-1-5/ev_ws/perception/build/velodyne_driver -- -j8 -l8
[0.325s] Invoking command in '/home/kimsohee/ev-1-5/ev_ws/perception/build/velodyne_driver': AMENT_PREFIX_PATH=/home/kimsohee/ev-1-5/ev_ws/perception/install/velodyne_msgs:${AMENT_PREFIX_PATH} CMAKE_PREFIX_PATH=/home/kimsohee/ev-1-5/ev_ws/perception/install/velodyne_msgs:/home/kimsohee/ev-1-5/ev_ws/ev_msgs/install/ev_msgs:/home/kimsohee/workspace/ros2/erp42_ros/install/erp42_serial:/home/kimsohee/workspace/ros2/erp42_ros/install/erp42_rqt_plugin:/home/kimsohee/workspace/ros2/erp42_ros/install/erp42_gazebo:/home/kimsohee/workspace/ros2/erp42_ros/install/erp42_util:/home/kimsohee/workspace/ros2/erp42_ros/install/erp42_msgs:/home/kimsohee/workspace/ros2/erp42_ros/install/erp42_description:/home/kimsohee/workspace/ros2/erp42_ros/install/erp42_cmake:/opt/ros/humble LD_LIBRARY_PATH=/home/kimsohee/ev-1-5/ev_ws/perception/install/velodyne_msgs/lib:${LD_LIBRARY_PATH} PYTHONPATH=/home/kimsohee/ev-1-5/ev_ws/perception/install/velodyne_msgs/local/lib/python3.10/dist-packages:${PYTHONPATH} /usr/bin/cmake --install /home/kimsohee/ev-1-5/ev_ws/perception/build/velodyne_driver
[0.349s] -- Install configuration: ""
[0.351s] -- Execute custom install script
[0.351s] -- Up-to-date symlink: /home/kimsohee/ev-1-5/ev_ws/perception/install/velodyne_driver/lib/velodyne_driver/velodyne_driver_node
[0.352s] -- Up-to-date symlink: /home/kimsohee/ev-1-5/ev_ws/perception/install/velodyne_driver/include/velodyne_driver/driver.hpp
[0.352s] -- Up-to-date symlink: /home/kimsohee/ev-1-5/ev_ws/perception/install/velodyne_driver/include/velodyne_driver/input.hpp
[0.352s] -- Up-to-date symlink: /home/kimsohee/ev-1-5/ev_ws/perception/install/velodyne_driver/include/velodyne_driver/time_conversion.hpp
[0.353s] -- Up-to-date symlink: /home/kimsohee/ev-1-5/ev_ws/perception/install/velodyne_driver/share/velodyne_driver/config/VLP16-velodyne_driver_node-params.yaml
[0.360s] -- Up-to-date symlink: /home/kimsohee/ev-1-5/ev_ws/perception/install/velodyne_driver/share/velodyne_driver/config/VLP32C-velodyne_driver_node-params.yaml
[0.360s] -- Up-to-date symlink: /home/kimsohee/ev-1-5/ev_ws/perception/install/velodyne_driver/share/velodyne_driver/config/VLS128-velodyne_driver_node-params.yaml
[0.360s] -- Up-to-date symlink: /home/kimsohee/ev-1-5/ev_ws/perception/install/velodyne_driver/share/velodyne_driver/launch/velodyne_driver_node-VLP16-composed-launch.py
[0.360s] -- Up-to-date symlink: /home/kimsohee/ev-1-5/ev_ws/perception/install/velodyne_driver/share/velodyne_driver/launch/velodyne_driver_node-VLP16-launch.py
[0.361s] -- Up-to-date symlink: /home/kimsohee/ev-1-5/ev_ws/perception/install/velodyne_driver/share/velodyne_driver/launch/velodyne_driver_node-VLP32C-composed-launch.py
[0.361s] -- Up-to-date symlink: /home/kimsohee/ev-1-5/ev_ws/perception/install/velodyne_driver/share/velodyne_driver/launch/velodyne_driver_node-VLP32C-launch.py
[0.361s] -- Up-to-date symlink: /home/kimsohee/ev-1-5/ev_ws/perception/install/velodyne_driver/share/velodyne_driver/launch/velodyne_driver_node-VLS128-composed-launch.py
[0.361s] -- Up-to-date symlink: /home/kimsohee/ev-1-5/ev_ws/perception/install/velodyne_driver/share/velodyne_driver/launch/velodyne_driver_node-VLS128-launch.py
[0.361s] -- Up-to-date symlink: /home/kimsohee/ev-1-5/ev_ws/perception/install/velodyne_driver/lib/velodyne_driver/vdump
[0.361s] -- Up-to-date symlink: /home/kimsohee/ev-1-5/ev_ws/perception/install/velodyne_driver/share/ament_index/resource_index/package_run_dependencies/velodyne_driver
[0.361s] -- Up-to-date symlink: /home/kimsohee/ev-1-5/ev_ws/perception/install/velodyne_driver/share/ament_index/resource_index/parent_prefix_path/velodyne_driver
[0.361s] -- Up-to-date symlink: /home/kimsohee/ev-1-5/ev_ws/perception/install/velodyne_driver/share/velodyne_driver/environment/ament_prefix_path.sh
[0.361s] -- Up-to-date symlink: /home/kimsohee/ev-1-5/ev_ws/perception/install/velodyne_driver/share/velodyne_driver/environment/ament_prefix_path.dsv
[0.361s] -- Up-to-date symlink: /home/kimsohee/ev-1-5/ev_ws/perception/install/velodyne_driver/share/velodyne_driver/environment/path.sh
[0.362s] -- Up-to-date symlink: /home/kimsohee/ev-1-5/ev_ws/perception/install/velodyne_driver/share/velodyne_driver/environment/path.dsv
[0.362s] -- Up-to-date symlink: /home/kimsohee/ev-1-5/ev_ws/perception/install/velodyne_driver/share/velodyne_driver/local_setup.bash
[0.362s] -- Up-to-date symlink: /home/kimsohee/ev-1-5/ev_ws/perception/install/velodyne_driver/share/velodyne_driver/local_setup.sh
[0.362s] -- Up-to-date symlink: /home/kimsohee/ev-1-5/ev_ws/perception/install/velodyne_driver/share/velodyne_driver/local_setup.zsh
[0.362s] -- Up-to-date symlink: /home/kimsohee/ev-1-5/ev_ws/perception/install/velodyne_driver/share/velodyne_driver/local_setup.dsv
[0.362s] -- Symlinking: /home/kimsohee/ev-1-5/ev_ws/perception/install/velodyne_driver/share/velodyne_driver/package.dsv
[0.375s] -- Up-to-date symlink: /home/kimsohee/ev-1-5/ev_ws/perception/install/velodyne_driver/share/ament_index/resource_index/packages/velodyne_driver
[0.376s] -- Up-to-date symlink: /home/kimsohee/ev-1-5/ev_ws/perception/install/velodyne_driver/share/ament_index/resource_index/rclcpp_components/velodyne_driver
[0.376s] -- Up-to-date symlink: /home/kimsohee/ev-1-5/ev_ws/perception/install/velodyne_driver/share/velodyne_driver/cmake/ament_cmake_export_include_directories-extras.cmake
[0.381s] -- Up-to-date symlink: /home/kimsohee/ev-1-5/ev_ws/perception/install/velodyne_driver/share/velodyne_driver/cmake/ament_cmake_export_targets-extras.cmake
[0.381s] -- Up-to-date symlink: /home/kimsohee/ev-1-5/ev_ws/perception/install/velodyne_driver/share/velodyne_driver/cmake/ament_cmake_export_dependencies-extras.cmake
[0.381s] -- Up-to-date symlink: /home/kimsohee/ev-1-5/ev_ws/perception/install/velodyne_driver/share/velodyne_driver/cmake/velodyne_driverConfig.cmake
[0.381s] -- Up-to-date symlink: /home/kimsohee/ev-1-5/ev_ws/perception/install/velodyne_driver/share/velodyne_driver/cmake/velodyne_driverConfig-version.cmake
[0.381s] -- Up-to-date symlink: /home/kimsohee/ev-1-5/ev_ws/perception/install/velodyne_driver/share/velodyne_driver/package.xml
[0.381s] -- Up-to-date: /home/kimsohee/ev-1-5/ev_ws/perception/install/velodyne_driver/lib/libvelodyne_input.so
[0.381s] -- Up-to-date: /home/kimsohee/ev-1-5/ev_ws/perception/install/velodyne_driver/lib/libvelodyne_driver.so
[0.385s] -- Up-to-date: /home/kimsohee/ev-1-5/ev_ws/perception/install/velodyne_driver/share/velodyne_driver/cmake/velodyne_driverExport.cmake
[0.385s] -- Up-to-date: /home/kimsohee/ev-1-5/ev_ws/perception/install/velodyne_driver/share/velodyne_driver/cmake/velodyne_driverExport-noconfig.cmake
[0.388s] Invoked command in '/home/kimsohee/ev-1-5/ev_ws/perception/build/velodyne_driver' returned '0': AMENT_PREFIX_PATH=/home/kimsohee/ev-1-5/ev_ws/perception/install/velodyne_msgs:${AMENT_PREFIX_PATH} CMAKE_PREFIX_PATH=/home/kimsohee/ev-1-5/ev_ws/perception/install/velodyne_msgs:/home/kimsohee/ev-1-5/ev_ws/ev_msgs/install/ev_msgs:/home/kimsohee/workspace/ros2/erp42_ros/install/erp42_serial:/home/kimsohee/workspace/ros2/erp42_ros/install/erp42_rqt_plugin:/home/kimsohee/workspace/ros2/erp42_ros/install/erp42_gazebo:/home/kimsohee/workspace/ros2/erp42_ros/install/erp42_util:/home/kimsohee/workspace/ros2/erp42_ros/install/erp42_msgs:/home/kimsohee/workspace/ros2/erp42_ros/install/erp42_description:/home/kimsohee/workspace/ros2/erp42_ros/install/erp42_cmake:/opt/ros/humble LD_LIBRARY_PATH=/home/kimsohee/ev-1-5/ev_ws/perception/install/velodyne_msgs/lib:${LD_LIBRARY_PATH} PYTHONPATH=/home/kimsohee/ev-1-5/ev_ws/perception/install/velodyne_msgs/local/lib/python3.10/dist-packages:${PYTHONPATH} /usr/bin/cmake --install /home/kimsohee/ev-1-5/ev_ws/perception/build/velodyne_driver
