[0.012s] Invoking command in '/home/aiv/ev_ws/perception/build/lidar_voxel_grid': CMAKE_PREFIX_PATH=${CMAKE_PREFIX_PATH}:/opt/ros/humble /usr/bin/cmake /home/aiv/ev_ws/perception/src/lidar/lidar_voxel_grid -DAMENT_CMAKE_SYMLINK_INSTALL=1 -DCMAKE_INSTALL_PREFIX=/home/aiv/ev_ws/perception/install/lidar_voxel_grid
[0.045s] -- The C compiler identification is GNU 11.4.0
[0.083s] -- The CXX compiler identification is GNU 11.4.0
[0.087s] -- Detecting C compiler ABI info
[0.134s] -- Detecting C compiler ABI info - done
[0.138s] -- Check for working C compiler: /usr/bin/cc - skipped
[0.138s] -- Detecting C compile features
[0.138s] -- Detecting C compile features - done
[0.140s] -- Detecting CXX compiler ABI info
[0.189s] -- Detecting CXX compiler ABI info - done
[0.193s] -- Check for working CXX compiler: /usr/bin/c++ - skipped
[0.193s] -- Detecting CXX compile features
[0.194s] -- Detecting CXX compile features - done
[0.195s] -- Found ament_cmake: 1.3.12 (/opt/ros/humble/share/ament_cmake/cmake)
[0.282s] -- Found Python3: /usr/bin/python3 (found version "3.10.12") found components: Interpreter 
[0.320s] -- Override CMake install command with custom implementation using symlinks instead of copying resources
[0.347s] -- Found rclcpp: 16.0.17 (/opt/ros/humble/share/rclcpp/cmake)
[0.378s] -- Found rosidl_generator_c: 3.1.8 (/opt/ros/humble/share/rosidl_generator_c/cmake)
[0.381s] -- Found rosidl_adapter: 3.1.8 (/opt/ros/humble/share/rosidl_adapter/cmake)
[0.386s] -- Found rosidl_generator_cpp: 3.1.8 (/opt/ros/humble/share/rosidl_generator_cpp/cmake)
[0.393s] -- Using all available rosidl_typesupport_c: rosidl_typesupport_fastrtps_c;rosidl_typesupport_introspection_c
[0.402s] -- Using all available rosidl_typesupport_cpp: rosidl_typesupport_fastrtps_cpp;rosidl_typesupport_introspection_cpp
[0.427s] -- Found rmw_implementation_cmake: 6.1.2 (/opt/ros/humble/share/rmw_implementation_cmake/cmake)
[0.429s] -- Found rmw_fastrtps_cpp: 6.2.9 (/opt/ros/humble/share/rmw_fastrtps_cpp/cmake)
[0.487s] -- Found OpenSSL: /usr/lib/x86_64-linux-gnu/libcrypto.so (found version "3.0.2")  
[0.506s] -- Found FastRTPS: /opt/ros/humble/include  
[0.537s] -- Using RMW implementation 'rmw_fastrtps_cpp' as default
[0.545s] -- Looking for pthread.h
[0.592s] -- Looking for pthread.h - found
[0.592s] -- Performing Test CMAKE_HAVE_LIBC_PTHREAD
[0.642s] -- Performing Test CMAKE_HAVE_LIBC_PTHREAD - Success
[0.643s] -- Found Threads: TRUE  
[0.674s] -- Found rclcpp_components: 16.0.17 (/opt/ros/humble/share/rclcpp_components/cmake)
[0.689s] -- Found sensor_msgs: 4.9.0 (/opt/ros/humble/share/sensor_msgs/cmake)
[0.705s] -- Found pcl_conversions: 2.4.5 (/opt/ros/humble/share/pcl_conversions/cmake)
[0.727s] -- Checking for module 'eigen3'
[0.737s] --   Found eigen3, version 3.4.0
[0.761s] -- Found Eigen: /usr/include/eigen3 (Required is at least version "3.1") 
[0.761s] -- Eigen found (include: /usr/include/eigen3, version: 3.4.0)
[0.782s] -- Checking for module 'flann'
[0.792s] --   Found flann, version 1.9.1
[0.825s] -- Found FLANN: /usr/lib/x86_64-linux-gnu/libflann_cpp.so  
[0.825s] -- FLANN found (include: /usr/include, lib: /usr/lib/x86_64-linux-gnu/libflann_cpp.so)
[1.543s] -- Checking for module 'libusb-1.0'
[1.556s] --   Found libusb-1.0, version 1.0.25
[1.592s] -- Found libusb: /usr/lib/x86_64-linux-gnu/libusb-1.0.so  
[1.593s] -- OpenNI found (version: 1.5.4.0, include: /usr/include/ni, lib: /usr/lib/libOpenNI.so;libusb::libusb)
[1.646s] -- OpenNI2 found (version: 2.2.0.33, include: /usr/include/openni2, lib: /usr/lib/x86_64-linux-gnu/libOpenNI2.so;libusb::libusb)
[1.780s] -- Eigen found (include: /usr/include/eigen3, version: 3.4.0)
[1.787s] -- OpenNI found (version: 1.5.4.0, include: /usr/include/ni, lib: /usr/lib/libOpenNI.so;libusb::libusb)
[1.793s] -- OpenNI2 found (version: 2.2.0.33, include: /usr/include/openni2, lib: /usr/lib/x86_64-linux-gnu/libOpenNI2.so;libusb::libusb)
[1.920s] -- Found Qhull version 8.0.2
[2.041s] -- OpenNI found (version: 1.5.4.0, include: /usr/include/ni, lib: /usr/lib/libOpenNI.so;libusb::libusb)
[2.171s] -- Found PCL_COMMON: /usr/lib/x86_64-linux-gnu/libpcl_common.so  
[2.172s] -- Found PCL_KDTREE: /usr/lib/x86_64-linux-gnu/libpcl_kdtree.so  
[2.173s] -- Found PCL_OCTREE: /usr/lib/x86_64-linux-gnu/libpcl_octree.so  
[2.173s] -- Found PCL_SEARCH: /usr/lib/x86_64-linux-gnu/libpcl_search.so  
[2.174s] -- Found PCL_SAMPLE_CONSENSUS: /usr/lib/x86_64-linux-gnu/libpcl_sample_consensus.so  
[2.175s] -- Found PCL_FILTERS: /usr/lib/x86_64-linux-gnu/libpcl_filters.so  
[2.175s] -- Found PCL_2D: /usr/include/pcl-1.12  
[2.175s] -- Found PCL_GEOMETRY: /usr/include/pcl-1.12  
[2.176s] -- Found PCL_IO: /usr/lib/x86_64-linux-gnu/libpcl_io.so  
[2.177s] -- Found PCL_FEATURES: /usr/lib/x86_64-linux-gnu/libpcl_features.so  
[2.177s] -- Found PCL_ML: /usr/lib/x86_64-linux-gnu/libpcl_ml.so  
[2.178s] -- Found PCL_SEGMENTATION: /usr/lib/x86_64-linux-gnu/libpcl_segmentation.so  
[2.178s] -- Found PCL_VISUALIZATION: /usr/lib/x86_64-linux-gnu/libpcl_visualization.so  
[2.179s] -- Found PCL_SURFACE: /usr/lib/x86_64-linux-gnu/libpcl_surface.so  
[2.180s] -- Found PCL_REGISTRATION: /usr/lib/x86_64-linux-gnu/libpcl_registration.so  
[2.180s] -- Found PCL_KEYPOINTS: /usr/lib/x86_64-linux-gnu/libpcl_keypoints.so  
[2.181s] -- Found PCL_TRACKING: /usr/lib/x86_64-linux-gnu/libpcl_tracking.so  
[2.181s] -- Found PCL_RECOGNITION: /usr/lib/x86_64-linux-gnu/libpcl_recognition.so  
[2.182s] -- Found PCL_STEREO: /usr/lib/x86_64-linux-gnu/libpcl_stereo.so  
[2.182s] -- Found PCL_APPS: /usr/lib/x86_64-linux-gnu/libpcl_apps.so  
[2.183s] -- Found PCL_IN_HAND_SCANNER: /usr/include/pcl-1.12  
[2.183s] -- Found PCL_MODELER: /usr/include/pcl-1.12  
[2.183s] -- Found PCL_POINT_CLOUD_EDITOR: /usr/include/pcl-1.12  
[2.184s] -- Found PCL_OUTOFCORE: /usr/lib/x86_64-linux-gnu/libpcl_outofcore.so  
[2.184s] -- Found PCL_PEOPLE: /usr/lib/x86_64-linux-gnu/libpcl_people.so  
[2.205s] -- Found ament_lint_auto: 0.12.14 (/opt/ros/humble/share/ament_lint_auto/cmake)
[2.260s] -- Added test 'cppcheck' to perform static code analysis on C / C++ code
[2.260s] -- Configured cppcheck include dirs: /home/aiv/ev_ws/perception/src/lidar/lidar_voxel_grid/include
[2.260s] -- Configured cppcheck exclude dirs and/or files: 
[2.261s] -- Added test 'flake8' to check Python code syntax and style conventions
[2.262s] -- Added test 'lint_cmake' to check CMake code style
[2.262s] -- Added test 'pep257' to check Python code against some of the docstring style conventions in PEP 257
[2.263s] -- Added test 'uncrustify' to check C / C++ code style
[2.263s] -- Configured uncrustify additional arguments: 
[2.264s] -- Added test 'xmllint' to check XML markup files
[2.266s] -- Configuring done
[2.293s] -- Generating done
[2.298s] -- Build files have been written to: /home/aiv/ev_ws/perception/build/lidar_voxel_grid
[2.311s] Invoked command in '/home/aiv/ev_ws/perception/build/lidar_voxel_grid' returned '0': CMAKE_PREFIX_PATH=${CMAKE_PREFIX_PATH}:/opt/ros/humble /usr/bin/cmake /home/aiv/ev_ws/perception/src/lidar/lidar_voxel_grid -DAMENT_CMAKE_SYMLINK_INSTALL=1 -DCMAKE_INSTALL_PREFIX=/home/aiv/ev_ws/perception/install/lidar_voxel_grid
[2.312s] Invoking command in '/home/aiv/ev_ws/perception/build/lidar_voxel_grid': CMAKE_PREFIX_PATH=${CMAKE_PREFIX_PATH}:/opt/ros/humble /usr/bin/cmake --build /home/aiv/ev_ws/perception/build/lidar_voxel_grid -- -j28 -l28
[2.354s] [ 25%] [32mBuilding CXX object CMakeFiles/voxel_grid_component.dir/src/voxel_grid_component.cpp.o[0m
[2.357s] [ 50%] [32mBuilding CXX object CMakeFiles/voxel_grid_node.dir/rclcpp_components/node_main_voxel_grid_node.cpp.o[0m
[4.138s] [ 75%] [32m[1mLinking CXX executable voxel_grid_node[0m
[4.221s] [ 75%] Built target voxel_grid_node
[9.632s] [100%] [32m[1mLinking CXX shared library libvoxel_grid_component.so[0m
[10.178s] [100%] Built target voxel_grid_component
[10.184s] Invoked command in '/home/aiv/ev_ws/perception/build/lidar_voxel_grid' returned '0': CMAKE_PREFIX_PATH=${CMAKE_PREFIX_PATH}:/opt/ros/humble /usr/bin/cmake --build /home/aiv/ev_ws/perception/build/lidar_voxel_grid -- -j28 -l28
[10.185s] Invoking command in '/home/aiv/ev_ws/perception/build/lidar_voxel_grid': CMAKE_PREFIX_PATH=${CMAKE_PREFIX_PATH}:/opt/ros/humble /usr/bin/cmake --install /home/aiv/ev_ws/perception/build/lidar_voxel_grid
[10.190s] -- Install configuration: ""
[10.191s] -- Execute custom install script
[10.191s] -- Symlinking: /home/aiv/ev_ws/perception/install/lidar_voxel_grid/lib/lidar_voxel_grid/voxel_grid_node
[10.198s] -- Symlinking: /home/aiv/ev_ws/perception/install/lidar_voxel_grid/lib/libvoxel_grid_component.so
[10.203s] -- Symlinking: /home/aiv/ev_ws/perception/install/lidar_voxel_grid/include/lidar_voxel_grid/voxel_grid_component.hpp
[10.210s] -- Symlinking: /home/aiv/ev_ws/perception/install/lidar_voxel_grid/share/lidar_voxel_grid/config/voxel_grid_params.yaml
[10.218s] -- Symlinking: /home/aiv/ev_ws/perception/install/lidar_voxel_grid/share/lidar_voxel_grid/launch/voxel_grid.launch.py
[10.224s] -- Symlinking: /home/aiv/ev_ws/perception/install/lidar_voxel_grid/share/ament_index/resource_index/package_run_dependencies/lidar_voxel_grid
[10.231s] -- Symlinking: /home/aiv/ev_ws/perception/install/lidar_voxel_grid/share/ament_index/resource_index/parent_prefix_path/lidar_voxel_grid
[10.236s] -- Symlinking: /home/aiv/ev_ws/perception/install/lidar_voxel_grid/share/lidar_voxel_grid/environment/ament_prefix_path.sh
[10.243s] -- Symlinking: /home/aiv/ev_ws/perception/install/lidar_voxel_grid/share/lidar_voxel_grid/environment/ament_prefix_path.dsv
[10.251s] -- Symlinking: /home/aiv/ev_ws/perception/install/lidar_voxel_grid/share/lidar_voxel_grid/environment/path.sh
[10.258s] -- Symlinking: /home/aiv/ev_ws/perception/install/lidar_voxel_grid/share/lidar_voxel_grid/environment/path.dsv
[10.263s] -- Symlinking: /home/aiv/ev_ws/perception/install/lidar_voxel_grid/share/lidar_voxel_grid/local_setup.bash
[10.268s] -- Symlinking: /home/aiv/ev_ws/perception/install/lidar_voxel_grid/share/lidar_voxel_grid/local_setup.sh
[10.275s] -- Symlinking: /home/aiv/ev_ws/perception/install/lidar_voxel_grid/share/lidar_voxel_grid/local_setup.zsh
[10.282s] -- Symlinking: /home/aiv/ev_ws/perception/install/lidar_voxel_grid/share/lidar_voxel_grid/local_setup.dsv
[10.288s] -- Symlinking: /home/aiv/ev_ws/perception/install/lidar_voxel_grid/share/lidar_voxel_grid/package.dsv
[10.294s] -- Symlinking: /home/aiv/ev_ws/perception/install/lidar_voxel_grid/share/ament_index/resource_index/packages/lidar_voxel_grid
[10.300s] -- Symlinking: /home/aiv/ev_ws/perception/install/lidar_voxel_grid/share/ament_index/resource_index/rclcpp_components/lidar_voxel_grid
[10.307s] -- Symlinking: /home/aiv/ev_ws/perception/install/lidar_voxel_grid/share/lidar_voxel_grid/cmake/lidar_voxel_gridConfig.cmake
[10.313s] -- Symlinking: /home/aiv/ev_ws/perception/install/lidar_voxel_grid/share/lidar_voxel_grid/cmake/lidar_voxel_gridConfig-version.cmake
[10.318s] -- Symlinking: /home/aiv/ev_ws/perception/install/lidar_voxel_grid/share/lidar_voxel_grid/package.xml
[10.325s] Invoked command in '/home/aiv/ev_ws/perception/build/lidar_voxel_grid' returned '0': CMAKE_PREFIX_PATH=${CMAKE_PREFIX_PATH}:/opt/ros/humble /usr/bin/cmake --install /home/aiv/ev_ws/perception/build/lidar_voxel_grid
