[0.013s] Invoking command in '/home/aiv/ev_ws/perception/build/lidar_voxel_grid': CMAKE_PREFIX_PATH=${CMAKE_PREFIX_PATH}:/opt/ros/humble /usr/bin/cmake /home/aiv/ev_ws/perception/src/lidar/lidar_voxel_grid -DAMENT_CMAKE_SYMLINK_INSTALL=1 -DCMAKE_INSTALL_PREFIX=/home/aiv/ev_ws/perception/install/lidar_voxel_grid
[0.047s] -- The C compiler identification is GNU 11.4.0
[0.079s] -- The CXX compiler identification is GNU 11.4.0
[0.084s] -- Detecting C compiler ABI info
[0.128s] -- Detecting C compiler ABI info - done
[0.134s] -- Check for working C compiler: /usr/bin/cc - skipped
[0.134s] -- Detecting C compile features
[0.134s] -- Detecting C compile features - done
[0.137s] -- Detecting CXX compiler ABI info
[0.191s] -- Detecting CXX compiler ABI info - done
[0.195s] -- Check for working CXX compiler: /usr/bin/c++ - skipped
[0.195s] -- Detecting CXX compile features
[0.195s] -- Detecting CXX compile features - done
[0.197s] -- Found ament_cmake: 1.3.12 (/opt/ros/humble/share/ament_cmake/cmake)
[0.298s] -- Found Python3: /usr/bin/python3 (found version "3.10.12") found components: Interpreter 
[0.334s] -- Override CMake install command with custom implementation using symlinks instead of copying resources
[0.352s] -- Found rclcpp: 16.0.17 (/opt/ros/humble/share/rclcpp/cmake)
[0.388s] -- Found rosidl_generator_c: 3.1.8 (/opt/ros/humble/share/rosidl_generator_c/cmake)
[0.392s] -- Found rosidl_adapter: 3.1.8 (/opt/ros/humble/share/rosidl_adapter/cmake)
[0.397s] -- Found rosidl_generator_cpp: 3.1.8 (/opt/ros/humble/share/rosidl_generator_cpp/cmake)
[0.403s] -- Using all available rosidl_typesupport_c: rosidl_typesupport_fastrtps_c;rosidl_typesupport_introspection_c
[0.412s] -- Using all available rosidl_typesupport_cpp: rosidl_typesupport_fastrtps_cpp;rosidl_typesupport_introspection_cpp
[0.435s] -- Found rmw_implementation_cmake: 6.1.2 (/opt/ros/humble/share/rmw_implementation_cmake/cmake)
[0.436s] -- Found rmw_fastrtps_cpp: 6.2.9 (/opt/ros/humble/share/rmw_fastrtps_cpp/cmake)
[0.489s] -- Found OpenSSL: /usr/lib/x86_64-linux-gnu/libcrypto.so (found version "3.0.2")  
[0.504s] -- Found FastRTPS: /opt/ros/humble/include  
[0.534s] -- Using RMW implementation 'rmw_fastrtps_cpp' as default
[0.541s] -- Looking for pthread.h
[0.589s] -- Looking for pthread.h - found
[0.590s] -- Performing Test CMAKE_HAVE_LIBC_PTHREAD
[0.638s] -- Performing Test CMAKE_HAVE_LIBC_PTHREAD - Success
[0.638s] -- Found Threads: TRUE  
[0.666s] -- Found rclcpp_components: 16.0.17 (/opt/ros/humble/share/rclcpp_components/cmake)
[0.680s] -- Found sensor_msgs: 4.9.0 (/opt/ros/humble/share/sensor_msgs/cmake)
[0.695s] -- Found pcl_conversions: 2.4.5 (/opt/ros/humble/share/pcl_conversions/cmake)
[0.715s] -- Checking for module 'eigen3'
[0.725s] --   Found eigen3, version 3.4.0
[0.748s] -- Found Eigen: /usr/include/eigen3 (Required is at least version "3.1") 
[0.748s] -- Eigen found (include: /usr/include/eigen3, version: 3.4.0)
[0.770s] -- Checking for module 'flann'
[0.781s] --   Found flann, version 1.9.1
[0.810s] -- Found FLANN: /usr/lib/x86_64-linux-gnu/libflann_cpp.so  
[0.810s] -- FLANN found (include: /usr/include, lib: /usr/lib/x86_64-linux-gnu/libflann_cpp.so)
[1.486s] -- Checking for module 'libusb-1.0'
[1.495s] --   Found libusb-1.0, version 1.0.25
[1.517s] -- Found libusb: /usr/lib/x86_64-linux-gnu/libusb-1.0.so  
[1.517s] -- OpenNI found (version: 1.5.4.0, include: /usr/include/ni, lib: /usr/lib/libOpenNI.so;libusb::libusb)
[1.576s] -- OpenNI2 found (version: 2.2.0.33, include: /usr/include/openni2, lib: /usr/lib/x86_64-linux-gnu/libOpenNI2.so;libusb::libusb)
[1.729s] -- Eigen found (include: /usr/include/eigen3, version: 3.4.0)
[1.734s] -- OpenNI found (version: 1.5.4.0, include: /usr/include/ni, lib: /usr/lib/libOpenNI.so;libusb::libusb)
[1.741s] -- OpenNI2 found (version: 2.2.0.33, include: /usr/include/openni2, lib: /usr/lib/x86_64-linux-gnu/libOpenNI2.so;libusb::libusb)
[1.906s] -- Found Qhull version 8.0.2
[2.050s] -- OpenNI found (version: 1.5.4.0, include: /usr/include/ni, lib: /usr/lib/libOpenNI.so;libusb::libusb)
[2.152s] -- Found PCL_COMMON: /usr/lib/x86_64-linux-gnu/libpcl_common.so  
[2.152s] -- Found PCL_KDTREE: /usr/lib/x86_64-linux-gnu/libpcl_kdtree.so  
[2.152s] -- Found PCL_OCTREE: /usr/lib/x86_64-linux-gnu/libpcl_octree.so  
[2.153s] -- Found PCL_SEARCH: /usr/lib/x86_64-linux-gnu/libpcl_search.so  
[2.153s] -- Found PCL_SAMPLE_CONSENSUS: /usr/lib/x86_64-linux-gnu/libpcl_sample_consensus.so  
[2.154s] -- Found PCL_FILTERS: /usr/lib/x86_64-linux-gnu/libpcl_filters.so  
[2.154s] -- Found PCL_2D: /usr/include/pcl-1.12  
[2.154s] -- Found PCL_GEOMETRY: /usr/include/pcl-1.12  
[2.155s] -- Found PCL_IO: /usr/lib/x86_64-linux-gnu/libpcl_io.so  
[2.155s] -- Found PCL_FEATURES: /usr/lib/x86_64-linux-gnu/libpcl_features.so  
[2.156s] -- Found PCL_ML: /usr/lib/x86_64-linux-gnu/libpcl_ml.so  
[2.156s] -- Found PCL_SEGMENTATION: /usr/lib/x86_64-linux-gnu/libpcl_segmentation.so  
[2.157s] -- Found PCL_VISUALIZATION: /usr/lib/x86_64-linux-gnu/libpcl_visualization.so  
[2.157s] -- Found PCL_SURFACE: /usr/lib/x86_64-linux-gnu/libpcl_surface.so  
[2.158s] -- Found PCL_REGISTRATION: /usr/lib/x86_64-linux-gnu/libpcl_registration.so  
[2.158s] -- Found PCL_KEYPOINTS: /usr/lib/x86_64-linux-gnu/libpcl_keypoints.so  
[2.159s] -- Found PCL_TRACKING: /usr/lib/x86_64-linux-gnu/libpcl_tracking.so  
[2.159s] -- Found PCL_RECOGNITION: /usr/lib/x86_64-linux-gnu/libpcl_recognition.so  
[2.160s] -- Found PCL_STEREO: /usr/lib/x86_64-linux-gnu/libpcl_stereo.so  
[2.160s] -- Found PCL_APPS: /usr/lib/x86_64-linux-gnu/libpcl_apps.so  
[2.161s] -- Found PCL_IN_HAND_SCANNER: /usr/include/pcl-1.12  
[2.161s] -- Found PCL_MODELER: /usr/include/pcl-1.12  
[2.161s] -- Found PCL_POINT_CLOUD_EDITOR: /usr/include/pcl-1.12  
[2.162s] -- Found PCL_OUTOFCORE: /usr/lib/x86_64-linux-gnu/libpcl_outofcore.so  
[2.162s] -- Found PCL_PEOPLE: /usr/lib/x86_64-linux-gnu/libpcl_people.so  
[2.179s] -- Found ament_lint_auto: 0.12.14 (/opt/ros/humble/share/ament_lint_auto/cmake)
[2.228s] -- Added test 'cppcheck' to perform static code analysis on C / C++ code
[2.228s] -- Configured cppcheck include dirs: /home/aiv/ev_ws/perception/src/lidar/lidar_voxel_grid/include
[2.228s] -- Configured cppcheck exclude dirs and/or files: 
[2.229s] -- Added test 'flake8' to check Python code syntax and style conventions
[2.229s] -- Added test 'lint_cmake' to check CMake code style
[2.229s] -- Added test 'pep257' to check Python code against some of the docstring style conventions in PEP 257
[2.230s] -- Added test 'uncrustify' to check C / C++ code style
[2.230s] -- Configured uncrustify additional arguments: 
[2.230s] -- Added test 'xmllint' to check XML markup files
[2.231s] -- Configuring done
[2.248s] -- Generating done
[2.254s] -- Build files have been written to: /home/aiv/ev_ws/perception/build/lidar_voxel_grid
[2.264s] Invoked command in '/home/aiv/ev_ws/perception/build/lidar_voxel_grid' returned '0': CMAKE_PREFIX_PATH=${CMAKE_PREFIX_PATH}:/opt/ros/humble /usr/bin/cmake /home/aiv/ev_ws/perception/src/lidar/lidar_voxel_grid -DAMENT_CMAKE_SYMLINK_INSTALL=1 -DCMAKE_INSTALL_PREFIX=/home/aiv/ev_ws/perception/install/lidar_voxel_grid
[2.265s] Invoking command in '/home/aiv/ev_ws/perception/build/lidar_voxel_grid': CMAKE_PREFIX_PATH=${CMAKE_PREFIX_PATH}:/opt/ros/humble /usr/bin/cmake --build /home/aiv/ev_ws/perception/build/lidar_voxel_grid -- -j28 -l28
[2.307s] [ 50%] [32mBuilding CXX object CMakeFiles/voxel_grid_node.dir/rclcpp_components/node_main_voxel_grid_node.cpp.o[0m
[2.307s] [ 50%] [32mBuilding CXX object CMakeFiles/voxel_grid_component.dir/src/voxel_grid_component.cpp.o[0m
[4.219s] [ 75%] [32m[1mLinking CXX executable voxel_grid_node[0m
[4.293s] [ 75%] Built target voxel_grid_node
[10.033s] [100%] [32m[1mLinking CXX shared library libvoxel_grid_component.so[0m
[10.692s] [100%] Built target voxel_grid_component
[10.706s] Invoked command in '/home/aiv/ev_ws/perception/build/lidar_voxel_grid' returned '0': CMAKE_PREFIX_PATH=${CMAKE_PREFIX_PATH}:/opt/ros/humble /usr/bin/cmake --build /home/aiv/ev_ws/perception/build/lidar_voxel_grid -- -j28 -l28
[10.707s] Invoking command in '/home/aiv/ev_ws/perception/build/lidar_voxel_grid': CMAKE_PREFIX_PATH=${CMAKE_PREFIX_PATH}:/opt/ros/humble /usr/bin/cmake --install /home/aiv/ev_ws/perception/build/lidar_voxel_grid
[10.714s] -- Install configuration: ""
[10.714s] -- Execute custom install script
[10.714s] -- Symlinking: /home/aiv/ev_ws/perception/install/lidar_voxel_grid/lib/lidar_voxel_grid/voxel_grid_node
[10.720s] -- Symlinking: /home/aiv/ev_ws/perception/install/lidar_voxel_grid/lib/libvoxel_grid_component.so
[10.728s] -- Symlinking: /home/aiv/ev_ws/perception/install/lidar_voxel_grid/include/lidar_voxel_grid/voxel_grid_component.hpp
[10.734s] -- Symlinking: /home/aiv/ev_ws/perception/install/lidar_voxel_grid/share/lidar_voxel_grid/config/voxel_grid_params.yaml
[10.741s] -- Symlinking: /home/aiv/ev_ws/perception/install/lidar_voxel_grid/share/lidar_voxel_grid/launch/voxel_grid.launch.py
[10.747s] -- Symlinking: /home/aiv/ev_ws/perception/install/lidar_voxel_grid/share/ament_index/resource_index/package_run_dependencies/lidar_voxel_grid
[10.755s] -- Symlinking: /home/aiv/ev_ws/perception/install/lidar_voxel_grid/share/ament_index/resource_index/parent_prefix_path/lidar_voxel_grid
[10.761s] -- Symlinking: /home/aiv/ev_ws/perception/install/lidar_voxel_grid/share/lidar_voxel_grid/environment/ament_prefix_path.sh
[10.769s] -- Symlinking: /home/aiv/ev_ws/perception/install/lidar_voxel_grid/share/lidar_voxel_grid/environment/ament_prefix_path.dsv
[10.775s] -- Symlinking: /home/aiv/ev_ws/perception/install/lidar_voxel_grid/share/lidar_voxel_grid/environment/path.sh
[10.782s] -- Symlinking: /home/aiv/ev_ws/perception/install/lidar_voxel_grid/share/lidar_voxel_grid/environment/path.dsv
[10.789s] -- Symlinking: /home/aiv/ev_ws/perception/install/lidar_voxel_grid/share/lidar_voxel_grid/local_setup.bash
[10.796s] -- Symlinking: /home/aiv/ev_ws/perception/install/lidar_voxel_grid/share/lidar_voxel_grid/local_setup.sh
[10.803s] -- Symlinking: /home/aiv/ev_ws/perception/install/lidar_voxel_grid/share/lidar_voxel_grid/local_setup.zsh
[10.808s] -- Symlinking: /home/aiv/ev_ws/perception/install/lidar_voxel_grid/share/lidar_voxel_grid/local_setup.dsv
[10.815s] -- Symlinking: /home/aiv/ev_ws/perception/install/lidar_voxel_grid/share/lidar_voxel_grid/package.dsv
[10.823s] -- Symlinking: /home/aiv/ev_ws/perception/install/lidar_voxel_grid/share/ament_index/resource_index/packages/lidar_voxel_grid
[10.830s] -- Symlinking: /home/aiv/ev_ws/perception/install/lidar_voxel_grid/share/ament_index/resource_index/rclcpp_components/lidar_voxel_grid
[10.837s] -- Symlinking: /home/aiv/ev_ws/perception/install/lidar_voxel_grid/share/lidar_voxel_grid/cmake/lidar_voxel_gridConfig.cmake
[10.844s] -- Symlinking: /home/aiv/ev_ws/perception/install/lidar_voxel_grid/share/lidar_voxel_grid/cmake/lidar_voxel_gridConfig-version.cmake
[10.852s] -- Symlinking: /home/aiv/ev_ws/perception/install/lidar_voxel_grid/share/lidar_voxel_grid/package.xml
[10.861s] Invoked command in '/home/aiv/ev_ws/perception/build/lidar_voxel_grid' returned '0': CMAKE_PREFIX_PATH=${CMAKE_PREFIX_PATH}:/opt/ros/humble /usr/bin/cmake --install /home/aiv/ev_ws/perception/build/lidar_voxel_grid
