[0.000000] (-) TimerEvent: {}
[0.000427] (chaining_costmap_ver) JobQueued: {'identifier': 'chaining_costmap_ver', 'dependencies': OrderedDict()}
[0.000665] (chaining_costmap_ver) JobStarted: {'identifier': 'chaining_costmap_ver'}
[0.006975] (chaining_costmap_ver) JobProgress: {'identifier': 'chaining_costmap_ver', 'progress': 'cmake'}
[0.007271] (chaining_costmap_ver) Command: {'cmd': ['/usr/bin/cmake', '/home/aiv/ev_ws/planning/src/chaining_costmap_ver', '-DAMENT_CMAKE_SYMLINK_INSTALL=1', '-DCMAKE_INSTALL_PREFIX=/home/aiv/ev_ws/planning/install/chaining_costmap_ver'], 'cwd': '/home/aiv/ev_ws/planning/build/chaining_costmap_ver', 'env': OrderedDict([('GJS_DEBUG_TOPICS', 'JS ERROR;JS LOG'), ('USER', 'aiv'), ('LC_TIME', 'ko_KR.UTF-8'), ('XDG_SESSION_TYPE', 'x11'), ('SHLVL', '1'), ('LD_LIBRARY_PATH', '/home/aiv/ev_ws/install/velodyne_pointcloud/lib:/home/aiv/ev_ws/install/velodyne_driver/lib:/home/aiv/ev_ws/install/velodyne_msgs/lib:/home/aiv/ev_ws/install/velodyne_cropbox/lib:/home/aiv/ev_ws/install/t870_serial/lib:/home/aiv/ev_ws/install/t870_rqt_plugin/lib:/home/aiv/ev_ws/install/t870_util/lib:/home/aiv/ev_ws/install/t870_msgs/lib:/home/aiv/ev_ws/install/patchworkpp/lib:/home/aiv/ev_ws/install/make_bbox/lib:/home/aiv/ev_ws/install/lidar_voxel_grid/lib:/home/aiv/ev_ws/install/chaining_costmap_ver/lib:/home/aiv/ev_ws/install/ev_msgs/lib:/home/aiv/ev_ws/install/erp42_serial/lib:/home/aiv/ev_ws/install/erp42_rqt_plugin/lib:/home/aiv/ev_ws/install/erp42_gazebo/lib:/home/aiv/ev_ws/install/erp42_util/lib:/home/aiv/ev_ws/install/erp42_msgs/lib:/home/aiv/ev_ws/install/dbscan_clustering/lib:/home/aiv/ev_ws/install/cluster_splitter/lib:/usr/local/cuda-12.6/lib64:/home/aiv/ev_ws/planning/install/chaining_costmap_ver/lib:/home/aiv/ev_ws/ev_msgs/install/ev_msgs/lib:/home/aiv/ev_ws/erp42_ros/install/erp42_serial/lib:/home/aiv/ev_ws/erp42_ros/install/erp42_rqt_plugin/lib:/home/aiv/ev_ws/erp42_ros/install/erp42_gazebo/lib:/home/aiv/ev_ws/erp42_ros/install/erp42_util/lib:/home/aiv/ev_ws/erp42_ros/install/erp42_msgs/lib:/home/aiv/ev_ws/perception/install/velodyne_pointcloud/lib:/home/aiv/ev_ws/perception/install/velodyne_driver/lib:/home/aiv/ev_ws/perception/install/velodyne_msgs/lib:/home/aiv/ev_ws/perception/install/velodyne_cropbox/lib:/home/aiv/ev_ws/perception/install/patchworkpp/lib:/home/aiv/ev_ws/perception/install/make_bbox/lib:/home/aiv/ev_ws/perception/install/lidar_voxel_grid/lib:/home/aiv/ev_ws/perception/install/dbscan_clustering/lib:/home/aiv/ev_ws/perception/install/cluster_splitter/lib:/usr/lib/x86_64-linux-gnu/gazebo-11/plugins:/opt/ros/humble/opt/rviz_ogre_vendor/lib:/opt/ros/humble/lib/x86_64-linux-gnu:/opt/ros/humble/lib:/usr/local/cuda-12.6/lib64'), ('HOME', '/home/aiv'), ('OLDPWD', '/home/aiv/ev_ws'), ('DESKTOP_SESSION', 'ubuntu'), ('NVM_BIN', '/home/aiv/.nvm/versions/node/v24.13.1/bin'), ('NVM_INC', '/home/aiv/.nvm/versions/node/v24.13.1/include/node'), ('GIO_LAUNCHED_DESKTOP_FILE', '/usr/share/applications/terminator.desktop'), ('ROS_PYTHON_VERSION', '3'), ('GNOME_SHELL_SESSION_MODE', 'ubuntu'), ('GTK_MODULES', 'gail:atk-bridge'), ('LC_MONETARY', 'ko_KR.UTF-8'), ('MANAGERPID', '2053'), ('SYSTEMD_EXEC_PID', '2600'), ('DBUS_SESSION_BUS_ADDRESS', 'unix:path=/run/user/1000/bus'), ('COLORTERM', 'truecolor'), ('TERMINATOR_DBUS_NAME', 'net.tenshu.Terminator23558193cd9818af7fe4d2c2f5bd9d00f'), ('GIO_LAUNCHED_DESKTOP_FILE_PID', '4566'), ('NVM_DIR', '/home/aiv/.nvm'), ('COLCON_PREFIX_PATH', '/home/aiv/ev_ws/install:/home/aiv/ev_ws/planning/install:/home/aiv/ev_ws/perception/install:/home/aiv/ev_ws/ev_msgs/install:/home/aiv/ev_ws/carsa_gazebo/install:/home/aiv/ev_ws/erp42_ros/install'), ('ROS_DISTRO', 'humble'), ('GTK_IM_MODULE', 'ibus'), ('LOGNAME', 'aiv'), ('JOURNAL_STREAM', '8:17728'), ('_', '/usr/bin/colcon'), ('ROS_VERSION', '2'), ('XDG_SESSION_CLASS', 'user'), ('USERNAME', 'aiv'), ('TERM', 'xterm-256color'), ('GNOME_DESKTOP_SESSION_ID', 'this-is-deprecated'), ('ROS_LOCALHOST_ONLY', '0'), ('WINDOWPATH', '2'), ('PATH', '/usr/local/cuda-12.6/bin:/home/aiv/.local/bin:/opt/ros/humble/bin:/home/aiv/.nvm/versions/node/v24.13.1/bin:/usr/local/cuda-12.6/bin:/usr/local/sbin:/usr/local/bin:/usr/sbin:/usr/bin:/sbin:/bin:/usr/games:/usr/local/games:/snap/bin:/snap/bin'), ('SESSION_MANAGER', 'local/aiv:@/tmp/.ICE-unix/2572,unix/aiv:/tmp/.ICE-unix/2572'), ('INVOCATION_ID', '73361147c32d477cab63523844691b36'), ('XDG_MENU_PREFIX', 'gnome-'), ('LC_ADDRESS', 'ko_KR.UTF-8'), ('XDG_RUNTIME_DIR', '/run/user/1000'), ('DISPLAY', ':1'), ('TERMINATOR_DBUS_PATH', '/net/tenshu/Terminator2'), ('LANG', 'en_US.UTF-8'), ('XDG_CURRENT_DESKTOP', 'ubuntu:GNOME'), ('IBUS_DISABLE_SNOOPER', '1'), ('LC_TELEPHONE', 'ko_KR.UTF-8'), ('XMODIFIERS', '@im=ibus'), ('XDG_SESSION_DESKTOP', 'ubuntu'), ('XAUTHORITY', '/run/user/1000/gdm/Xauthority'), ('SSH_AGENT_LAUNCHER', 'gnome-keyring'), ('SSH_AUTH_SOCK', '/run/user/1000/keyring/ssh'), ('AMENT_PREFIX_PATH', '/home/aiv/ev_ws/install/velodyne:/home/aiv/ev_ws/install/lidar_launch:/home/aiv/ev_ws/install/velodyne_pointcloud:/home/aiv/ev_ws/install/velodyne_driver:/home/aiv/ev_ws/install/velodyne_msgs:/home/aiv/ev_ws/install/velodyne_cropbox:/home/aiv/ev_ws/install/t870_serial:/home/aiv/ev_ws/install/t870_rqt_plugin:/home/aiv/ev_ws/install/t870_util:/home/aiv/ev_ws/install/t870_msgs:/home/aiv/ev_ws/install/t870_cmake:/home/aiv/ev_ws/install/patchworkpp:/home/aiv/ev_ws/install/make_bbox:/home/aiv/ev_ws/install/lidar_voxel_grid:/home/aiv/ev_ws/install/chaining_costmap_ver:/home/aiv/ev_ws/install/ev_msgs:/home/aiv/ev_ws/install/erp42_serial:/home/aiv/ev_ws/install/erp42_rqt_plugin:/home/aiv/ev_ws/install/erp42_gazebo:/home/aiv/ev_ws/install/erp42_util:/home/aiv/ev_ws/install/erp42_msgs:/home/aiv/ev_ws/install/erp42_description:/home/aiv/ev_ws/install/erp42_cmake:/home/aiv/ev_ws/install/dbscan_clustering:/home/aiv/ev_ws/install/cluster_splitter:/home/aiv/ev_ws/install/carsa_gazebo:/home/aiv/ev_ws/carsa_gazebo/install/carsa_gazebo:/home/aiv/ev_ws/planning/install/chaining_costmap_ver:/home/aiv/ev_ws/ev_msgs/install/ev_msgs:/home/aiv/ev_ws/erp42_ros/install/erp42_serial:/home/aiv/ev_ws/erp42_ros/install/erp42_rqt_plugin:/home/aiv/ev_ws/erp42_ros/install/erp42_gazebo:/home/aiv/ev_ws/erp42_ros/install/erp42_util:/home/aiv/ev_ws/erp42_ros/install/erp42_msgs:/home/aiv/ev_ws/erp42_ros/install/erp42_description:/home/aiv/ev_ws/erp42_ros/install/erp42_cmake:/home/aiv/ev_ws/perception/install/velodyne:/home/aiv/ev_ws/perception/install/lidar_launch:/home/aiv/ev_ws/perception/install/velodyne_pointcloud:/home/aiv/ev_ws/perception/install/velodyne_driver:/home/aiv/ev_ws/perception/install/velodyne_msgs:/home/aiv/ev_ws/perception/install/velodyne_cropbox:/home/aiv/ev_ws/perception/install/patchworkpp:/home/aiv/ev_ws/perception/install/make_bbox:/home/aiv/ev_ws/perception/install/lidar_voxel_grid:/home/aiv/ev_ws/perception/install/dbscan_clustering:/home/aiv/ev_ws/perception/install/cluster_splitter:/opt/ros/humble'), ('SHELL', '/bin/bash'), ('LC_NAME', 'ko_KR.UTF-8'), ('TERMINATOR_UUID', 'urn:uuid:649f8eee-ab0a-4607-9cf2-d249579fdefa'), ('QT_ACCESSIBILITY', '1'), ('GDMSESSION', 'ubuntu'), ('LC_MEASUREMENT', 'ko_KR.UTF-8'), ('GPG_AGENT_INFO', '/run/user/1000/gnupg/S.gpg-agent:0:1'), ('GJS_DEBUG_OUTPUT', 'stderr'), ('LC_IDENTIFICATION', 'ko_KR.UTF-8'), ('QT_IM_MODULE', 'ibus'), ('PWD', '/home/aiv/ev_ws/planning/build/chaining_costmap_ver'), ('LC_ALL', 'en_US.UTF-8'), ('XDG_CONFIG_DIRS', '/etc/xdg/xdg-ubuntu:/etc/xdg'), ('NVM_CD_FLAGS', ''), ('XDG_DATA_DIRS', '/usr/share/ubuntu:/usr/share/gnome:/usr/local/share/:/usr/share/:/var/lib/snapd/desktop'), ('PYTHONPATH', '/home/aiv/ev_ws/install/velodyne_msgs/local/lib/python3.10/dist-packages:/home/aiv/ev_ws/install/t870_msgs/local/lib/python3.10/dist-packages:/home/aiv/ev_ws/install/ev_msgs/local/lib/python3.10/dist-packages:/home/aiv/ev_ws/install/erp42_msgs/local/lib/python3.10/dist-packages:/home/aiv/ev_ws/ev_msgs/install/ev_msgs/local/lib/python3.10/dist-packages:/home/aiv/ev_ws/erp42_ros/install/erp42_msgs/local/lib/python3.10/dist-packages:/home/aiv/ev_ws/perception/install/velodyne_msgs/local/lib/python3.10/dist-packages:/opt/ros/humble/lib/python3.10/site-packages:/opt/ros/humble/local/lib/python3.10/dist-packages'), ('LC_NUMERIC', 'ko_KR.UTF-8'), ('LC_PAPER', 'ko_KR.UTF-8'), ('COLCON', '1'), ('VTE_VERSION', '6800'), ('EDITOR', 'code --wait'), ('CMAKE_PREFIX_PATH', '/home/aiv/ev_ws/install/velodyne:/home/aiv/ev_ws/install/lidar_launch:/home/aiv/ev_ws/install/velodyne_pointcloud:/home/aiv/ev_ws/install/velodyne_driver:/home/aiv/ev_ws/install/velodyne_msgs:/home/aiv/ev_ws/install/velodyne_cropbox:/home/aiv/ev_ws/install/t870_serial:/home/aiv/ev_ws/install/t870_rqt_plugin:/home/aiv/ev_ws/install/t870_util:/home/aiv/ev_ws/install/t870_msgs:/home/aiv/ev_ws/install/t870_cmake:/home/aiv/ev_ws/install/patchworkpp:/home/aiv/ev_ws/install/make_bbox:/home/aiv/ev_ws/install/lidar_voxel_grid:/home/aiv/ev_ws/install/chaining_costmap_ver:/home/aiv/ev_ws/install/ev_msgs:/home/aiv/ev_ws/install/erp42_serial:/home/aiv/ev_ws/install/erp42_rqt_plugin:/home/aiv/ev_ws/install/erp42_gazebo:/home/aiv/ev_ws/install/erp42_util:/home/aiv/ev_ws/install/erp42_msgs:/home/aiv/ev_ws/install/erp42_description:/home/aiv/ev_ws/install/erp42_cmake:/home/aiv/ev_ws/install/dbscan_clustering:/home/aiv/ev_ws/install/cluster_splitter:/home/aiv/ev_ws/install/carsa_gazebo:/home/aiv/ev_ws/carsa_gazebo/install/carsa_gazebo:/home/aiv/ev_ws/planning/install/chaining_costmap_ver:/home/aiv/ev_ws/ev_msgs/install/ev_msgs:/home/aiv/ev_ws/erp42_ros/install/erp42_serial:/home/aiv/ev_ws/erp42_ros/install/erp42_rqt_plugin:/home/aiv/ev_ws/erp42_ros/install/erp42_gazebo:/home/aiv/ev_ws/erp42_ros/install/erp42_util:/home/aiv/ev_ws/erp42_ros/install/erp42_msgs:/home/aiv/ev_ws/erp42_ros/install/erp42_description:/home/aiv/ev_ws/erp42_ros/install/erp42_cmake:/home/aiv/ev_ws/perception/install/velodyne:/home/aiv/ev_ws/perception/install/lidar_launch:/home/aiv/ev_ws/perception/install/velodyne_pointcloud:/home/aiv/ev_ws/perception/install/velodyne_driver:/home/aiv/ev_ws/perception/install/velodyne_msgs:/home/aiv/ev_ws/perception/install/velodyne_cropbox:/home/aiv/ev_ws/perception/install/patchworkpp:/home/aiv/ev_ws/perception/install/make_bbox:/home/aiv/ev_ws/perception/install/lidar_voxel_grid:/home/aiv/ev_ws/perception/install/dbscan_clustering:/home/aiv/ev_ws/perception/install/cluster_splitter:/opt/ros/humble')]), 'shell': False}
[0.060424] (chaining_costmap_ver) StdoutLine: {'line': b'-- The C compiler identification is GNU 11.4.0\n'}
[0.096235] (chaining_costmap_ver) StdoutLine: {'line': b'-- The CXX compiler identification is GNU 11.4.0\n'}
[0.100065] (-) TimerEvent: {}
[0.102749] (chaining_costmap_ver) StdoutLine: {'line': b'-- Detecting C compiler ABI info\n'}
[0.152829] (chaining_costmap_ver) StdoutLine: {'line': b'-- Detecting C compiler ABI info - done\n'}
[0.156755] (chaining_costmap_ver) StdoutLine: {'line': b'-- Check for working C compiler: /usr/bin/cc - skipped\n'}
[0.157105] (chaining_costmap_ver) StdoutLine: {'line': b'-- Detecting C compile features\n'}
[0.157439] (chaining_costmap_ver) StdoutLine: {'line': b'-- Detecting C compile features - done\n'}
[0.159433] (chaining_costmap_ver) StdoutLine: {'line': b'-- Detecting CXX compiler ABI info\n'}
[0.200165] (-) TimerEvent: {}
[0.216729] (chaining_costmap_ver) StdoutLine: {'line': b'-- Detecting CXX compiler ABI info - done\n'}
[0.220768] (chaining_costmap_ver) StdoutLine: {'line': b'-- Check for working CXX compiler: /usr/bin/c++ - skipped\n'}
[0.220881] (chaining_costmap_ver) StdoutLine: {'line': b'-- Detecting CXX compile features\n'}
[0.221138] (chaining_costmap_ver) StdoutLine: {'line': b'-- Detecting CXX compile features - done\n'}
[0.223849] (chaining_costmap_ver) StdoutLine: {'line': b'-- Found ament_cmake: 1.3.12 (/opt/ros/humble/share/ament_cmake/cmake)\n'}
[0.300236] (-) TimerEvent: {}
[0.321279] (chaining_costmap_ver) StdoutLine: {'line': b'-- Found Python3: /usr/bin/python3 (found version "3.10.12") found components: Interpreter \n'}
[0.361254] (chaining_costmap_ver) StdoutLine: {'line': b'-- Override CMake install command with custom implementation using symlinks instead of copying resources\n'}
[0.395717] (chaining_costmap_ver) StdoutLine: {'line': b'-- Found rclcpp: 16.0.17 (/opt/ros/humble/share/rclcpp/cmake)\n'}
[0.400297] (-) TimerEvent: {}
[0.434905] (chaining_costmap_ver) StdoutLine: {'line': b'-- Found rosidl_generator_c: 3.1.8 (/opt/ros/humble/share/rosidl_generator_c/cmake)\n'}
[0.439248] (chaining_costmap_ver) StdoutLine: {'line': b'-- Found rosidl_adapter: 3.1.8 (/opt/ros/humble/share/rosidl_adapter/cmake)\n'}
[0.446404] (chaining_costmap_ver) StdoutLine: {'line': b'-- Found rosidl_generator_cpp: 3.1.8 (/opt/ros/humble/share/rosidl_generator_cpp/cmake)\n'}
[0.456766] (chaining_costmap_ver) StdoutLine: {'line': b'-- Using all available rosidl_typesupport_c: rosidl_typesupport_fastrtps_c;rosidl_typesupport_introspection_c\n'}
[0.469701] (chaining_costmap_ver) StdoutLine: {'line': b'-- Using all available rosidl_typesupport_cpp: rosidl_typesupport_fastrtps_cpp;rosidl_typesupport_introspection_cpp\n'}
[0.500370] (-) TimerEvent: {}
[0.506003] (chaining_costmap_ver) StdoutLine: {'line': b'-- Found rmw_implementation_cmake: 6.1.2 (/opt/ros/humble/share/rmw_implementation_cmake/cmake)\n'}
[0.509297] (chaining_costmap_ver) StdoutLine: {'line': b'-- Found rmw_fastrtps_cpp: 6.2.9 (/opt/ros/humble/share/rmw_fastrtps_cpp/cmake)\n'}
[0.584072] (chaining_costmap_ver) StdoutLine: {'line': b'-- Found OpenSSL: /usr/lib/x86_64-linux-gnu/libcrypto.so (found version "3.0.2")  \n'}
[0.600437] (-) TimerEvent: {}
[0.603573] (chaining_costmap_ver) StdoutLine: {'line': b'-- Found FastRTPS: /opt/ros/humble/include  \n'}
[0.629633] (chaining_costmap_ver) StdoutLine: {'line': b"-- Using RMW implementation 'rmw_fastrtps_cpp' as default\n"}
[0.637917] (chaining_costmap_ver) StdoutLine: {'line': b'-- Looking for pthread.h\n'}
[0.689592] (chaining_costmap_ver) StdoutLine: {'line': b'-- Looking for pthread.h - found\n'}
[0.689876] (chaining_costmap_ver) StdoutLine: {'line': b'-- Performing Test CMAKE_HAVE_LIBC_PTHREAD\n'}
[0.700532] (-) TimerEvent: {}
[0.743578] (chaining_costmap_ver) StdoutLine: {'line': b'-- Performing Test CMAKE_HAVE_LIBC_PTHREAD - Success\n'}
[0.744193] (chaining_costmap_ver) StdoutLine: {'line': b'-- Found Threads: TRUE  \n'}
[0.783820] (chaining_costmap_ver) StdoutLine: {'line': b'-- Found rclcpp_components: 16.0.17 (/opt/ros/humble/share/rclcpp_components/cmake)\n'}
[0.800596] (-) TimerEvent: {}
[0.804348] (chaining_costmap_ver) StdoutLine: {'line': b'-- Found nav_msgs: 4.9.0 (/opt/ros/humble/share/nav_msgs/cmake)\n'}
[0.823752] (chaining_costmap_ver) StdoutLine: {'line': b'-- Found ev_msgs: 0.1.0 (/home/aiv/ev_ws/ev_msgs/install/ev_msgs/share/ev_msgs/cmake)\n'}
[0.834599] (chaining_costmap_ver) StdoutLine: {'line': b'-- Found visualization_msgs: 4.9.0 (/opt/ros/humble/share/visualization_msgs/cmake)\n'}
[0.874747] (chaining_costmap_ver) StdoutLine: {'line': b'-- Found ament_lint_auto: 0.12.14 (/opt/ros/humble/share/ament_lint_auto/cmake)\n'}
[0.900678] (-) TimerEvent: {}
[0.927419] (chaining_costmap_ver) StdoutLine: {'line': b"-- Added test 'cppcheck' to perform static code analysis on C / C++ code\n"}
[0.927592] (chaining_costmap_ver) StdoutLine: {'line': b'-- Configured cppcheck include dirs: /home/aiv/ev_ws/planning/src/chaining_costmap_ver/include\n'}
[0.927635] (chaining_costmap_ver) StdoutLine: {'line': b'-- Configured cppcheck exclude dirs and/or files: \n'}
[0.928308] (chaining_costmap_ver) StdoutLine: {'line': b"-- Added test 'flake8' to check Python code syntax and style conventions\n"}
[0.929032] (chaining_costmap_ver) StdoutLine: {'line': b"-- Added test 'lint_cmake' to check CMake code style\n"}
[0.929659] (chaining_costmap_ver) StdoutLine: {'line': b"-- Added test 'pep257' to check Python code against some of the docstring style conventions in PEP 257\n"}
[0.930866] (chaining_costmap_ver) StdoutLine: {'line': b"-- Added test 'uncrustify' to check C / C++ code style\n"}
[0.930929] (chaining_costmap_ver) StdoutLine: {'line': b'-- Configured uncrustify additional arguments: \n'}
[0.931505] (chaining_costmap_ver) StdoutLine: {'line': b"-- Added test 'xmllint' to check XML markup files\n"}
[0.932952] (chaining_costmap_ver) StdoutLine: {'line': b'-- Configuring done\n'}
[0.945788] (chaining_costmap_ver) StdoutLine: {'line': b'-- Generating done\n'}
[0.950670] (chaining_costmap_ver) StdoutLine: {'line': b'-- Build files have been written to: /home/aiv/ev_ws/planning/build/chaining_costmap_ver\n'}
[0.956472] (chaining_costmap_ver) CommandEnded: {'returncode': 0}
[0.956789] (chaining_costmap_ver) JobProgress: {'identifier': 'chaining_costmap_ver', 'progress': 'build'}
[0.957129] (chaining_costmap_ver) Command: {'cmd': ['/usr/bin/cmake', '--build', '/home/aiv/ev_ws/planning/build/chaining_costmap_ver', '--', '-j28', '-l28'], 'cwd': '/home/aiv/ev_ws/planning/build/chaining_costmap_ver', 'env': OrderedDict([('GJS_DEBUG_TOPICS', 'JS ERROR;JS LOG'), ('USER', 'aiv'), ('LC_TIME', 'ko_KR.UTF-8'), ('XDG_SESSION_TYPE', 'x11'), ('SHLVL', '1'), ('LD_LIBRARY_PATH', '/home/aiv/ev_ws/install/velodyne_pointcloud/lib:/home/aiv/ev_ws/install/velodyne_driver/lib:/home/aiv/ev_ws/install/velodyne_msgs/lib:/home/aiv/ev_ws/install/velodyne_cropbox/lib:/home/aiv/ev_ws/install/t870_serial/lib:/home/aiv/ev_ws/install/t870_rqt_plugin/lib:/home/aiv/ev_ws/install/t870_util/lib:/home/aiv/ev_ws/install/t870_msgs/lib:/home/aiv/ev_ws/install/patchworkpp/lib:/home/aiv/ev_ws/install/make_bbox/lib:/home/aiv/ev_ws/install/lidar_voxel_grid/lib:/home/aiv/ev_ws/install/chaining_costmap_ver/lib:/home/aiv/ev_ws/install/ev_msgs/lib:/home/aiv/ev_ws/install/erp42_serial/lib:/home/aiv/ev_ws/install/erp42_rqt_plugin/lib:/home/aiv/ev_ws/install/erp42_gazebo/lib:/home/aiv/ev_ws/install/erp42_util/lib:/home/aiv/ev_ws/install/erp42_msgs/lib:/home/aiv/ev_ws/install/dbscan_clustering/lib:/home/aiv/ev_ws/install/cluster_splitter/lib:/usr/local/cuda-12.6/lib64:/home/aiv/ev_ws/planning/install/chaining_costmap_ver/lib:/home/aiv/ev_ws/ev_msgs/install/ev_msgs/lib:/home/aiv/ev_ws/erp42_ros/install/erp42_serial/lib:/home/aiv/ev_ws/erp42_ros/install/erp42_rqt_plugin/lib:/home/aiv/ev_ws/erp42_ros/install/erp42_gazebo/lib:/home/aiv/ev_ws/erp42_ros/install/erp42_util/lib:/home/aiv/ev_ws/erp42_ros/install/erp42_msgs/lib:/home/aiv/ev_ws/perception/install/velodyne_pointcloud/lib:/home/aiv/ev_ws/perception/install/velodyne_driver/lib:/home/aiv/ev_ws/perception/install/velodyne_msgs/lib:/home/aiv/ev_ws/perception/install/velodyne_cropbox/lib:/home/aiv/ev_ws/perception/install/patchworkpp/lib:/home/aiv/ev_ws/perception/install/make_bbox/lib:/home/aiv/ev_ws/perception/install/lidar_voxel_grid/lib:/home/aiv/ev_ws/perception/install/dbscan_clustering/lib:/home/aiv/ev_ws/perception/install/cluster_splitter/lib:/usr/lib/x86_64-linux-gnu/gazebo-11/plugins:/opt/ros/humble/opt/rviz_ogre_vendor/lib:/opt/ros/humble/lib/x86_64-linux-gnu:/opt/ros/humble/lib:/usr/local/cuda-12.6/lib64'), ('HOME', '/home/aiv'), ('OLDPWD', '/home/aiv/ev_ws'), ('DESKTOP_SESSION', 'ubuntu'), ('NVM_BIN', '/home/aiv/.nvm/versions/node/v24.13.1/bin'), ('NVM_INC', '/home/aiv/.nvm/versions/node/v24.13.1/include/node'), ('GIO_LAUNCHED_DESKTOP_FILE', '/usr/share/applications/terminator.desktop'), ('ROS_PYTHON_VERSION', '3'), ('GNOME_SHELL_SESSION_MODE', 'ubuntu'), ('GTK_MODULES', 'gail:atk-bridge'), ('LC_MONETARY', 'ko_KR.UTF-8'), ('MANAGERPID', '2053'), ('SYSTEMD_EXEC_PID', '2600'), ('DBUS_SESSION_BUS_ADDRESS', 'unix:path=/run/user/1000/bus'), ('COLORTERM', 'truecolor'), ('TERMINATOR_DBUS_NAME', 'net.tenshu.Terminator23558193cd9818af7fe4d2c2f5bd9d00f'), ('GIO_LAUNCHED_DESKTOP_FILE_PID', '4566'), ('NVM_DIR', '/home/aiv/.nvm'), ('COLCON_PREFIX_PATH', '/home/aiv/ev_ws/install:/home/aiv/ev_ws/planning/install:/home/aiv/ev_ws/perception/install:/home/aiv/ev_ws/ev_msgs/install:/home/aiv/ev_ws/carsa_gazebo/install:/home/aiv/ev_ws/erp42_ros/install'), ('ROS_DISTRO', 'humble'), ('GTK_IM_MODULE', 'ibus'), ('LOGNAME', 'aiv'), ('JOURNAL_STREAM', '8:17728'), ('_', '/usr/bin/colcon'), ('ROS_VERSION', '2'), ('XDG_SESSION_CLASS', 'user'), ('USERNAME', 'aiv'), ('TERM', 'xterm-256color'), ('GNOME_DESKTOP_SESSION_ID', 'this-is-deprecated'), ('ROS_LOCALHOST_ONLY', '0'), ('WINDOWPATH', '2'), ('PATH', '/usr/local/cuda-12.6/bin:/home/aiv/.local/bin:/opt/ros/humble/bin:/home/aiv/.nvm/versions/node/v24.13.1/bin:/usr/local/cuda-12.6/bin:/usr/local/sbin:/usr/local/bin:/usr/sbin:/usr/bin:/sbin:/bin:/usr/games:/usr/local/games:/snap/bin:/snap/bin'), ('SESSION_MANAGER', 'local/aiv:@/tmp/.ICE-unix/2572,unix/aiv:/tmp/.ICE-unix/2572'), ('INVOCATION_ID', '73361147c32d477cab63523844691b36'), ('XDG_MENU_PREFIX', 'gnome-'), ('LC_ADDRESS', 'ko_KR.UTF-8'), ('XDG_RUNTIME_DIR', '/run/user/1000'), ('DISPLAY', ':1'), ('TERMINATOR_DBUS_PATH', '/net/tenshu/Terminator2'), ('LANG', 'en_US.UTF-8'), ('XDG_CURRENT_DESKTOP', 'ubuntu:GNOME'), ('IBUS_DISABLE_SNOOPER', '1'), ('LC_TELEPHONE', 'ko_KR.UTF-8'), ('XMODIFIERS', '@im=ibus'), ('XDG_SESSION_DESKTOP', 'ubuntu'), ('XAUTHORITY', '/run/user/1000/gdm/Xauthority'), ('SSH_AGENT_LAUNCHER', 'gnome-keyring'), ('SSH_AUTH_SOCK', '/run/user/1000/keyring/ssh'), ('AMENT_PREFIX_PATH', '/home/aiv/ev_ws/install/velodyne:/home/aiv/ev_ws/install/lidar_launch:/home/aiv/ev_ws/install/velodyne_pointcloud:/home/aiv/ev_ws/install/velodyne_driver:/home/aiv/ev_ws/install/velodyne_msgs:/home/aiv/ev_ws/install/velodyne_cropbox:/home/aiv/ev_ws/install/t870_serial:/home/aiv/ev_ws/install/t870_rqt_plugin:/home/aiv/ev_ws/install/t870_util:/home/aiv/ev_ws/install/t870_msgs:/home/aiv/ev_ws/install/t870_cmake:/home/aiv/ev_ws/install/patchworkpp:/home/aiv/ev_ws/install/make_bbox:/home/aiv/ev_ws/install/lidar_voxel_grid:/home/aiv/ev_ws/install/chaining_costmap_ver:/home/aiv/ev_ws/install/ev_msgs:/home/aiv/ev_ws/install/erp42_serial:/home/aiv/ev_ws/install/erp42_rqt_plugin:/home/aiv/ev_ws/install/erp42_gazebo:/home/aiv/ev_ws/install/erp42_util:/home/aiv/ev_ws/install/erp42_msgs:/home/aiv/ev_ws/install/erp42_description:/home/aiv/ev_ws/install/erp42_cmake:/home/aiv/ev_ws/install/dbscan_clustering:/home/aiv/ev_ws/install/cluster_splitter:/home/aiv/ev_ws/install/carsa_gazebo:/home/aiv/ev_ws/carsa_gazebo/install/carsa_gazebo:/home/aiv/ev_ws/planning/install/chaining_costmap_ver:/home/aiv/ev_ws/ev_msgs/install/ev_msgs:/home/aiv/ev_ws/erp42_ros/install/erp42_serial:/home/aiv/ev_ws/erp42_ros/install/erp42_rqt_plugin:/home/aiv/ev_ws/erp42_ros/install/erp42_gazebo:/home/aiv/ev_ws/erp42_ros/install/erp42_util:/home/aiv/ev_ws/erp42_ros/install/erp42_msgs:/home/aiv/ev_ws/erp42_ros/install/erp42_description:/home/aiv/ev_ws/erp42_ros/install/erp42_cmake:/home/aiv/ev_ws/perception/install/velodyne:/home/aiv/ev_ws/perception/install/lidar_launch:/home/aiv/ev_ws/perception/install/velodyne_pointcloud:/home/aiv/ev_ws/perception/install/velodyne_driver:/home/aiv/ev_ws/perception/install/velodyne_msgs:/home/aiv/ev_ws/perception/install/velodyne_cropbox:/home/aiv/ev_ws/perception/install/patchworkpp:/home/aiv/ev_ws/perception/install/make_bbox:/home/aiv/ev_ws/perception/install/lidar_voxel_grid:/home/aiv/ev_ws/perception/install/dbscan_clustering:/home/aiv/ev_ws/perception/install/cluster_splitter:/opt/ros/humble'), ('SHELL', '/bin/bash'), ('LC_NAME', 'ko_KR.UTF-8'), ('TERMINATOR_UUID', 'urn:uuid:649f8eee-ab0a-4607-9cf2-d249579fdefa'), ('QT_ACCESSIBILITY', '1'), ('GDMSESSION', 'ubuntu'), ('LC_MEASUREMENT', 'ko_KR.UTF-8'), ('GPG_AGENT_INFO', '/run/user/1000/gnupg/S.gpg-agent:0:1'), ('GJS_DEBUG_OUTPUT', 'stderr'), ('LC_IDENTIFICATION', 'ko_KR.UTF-8'), ('QT_IM_MODULE', 'ibus'), ('PWD', '/home/aiv/ev_ws/planning/build/chaining_costmap_ver'), ('LC_ALL', 'en_US.UTF-8'), ('XDG_CONFIG_DIRS', '/etc/xdg/xdg-ubuntu:/etc/xdg'), ('NVM_CD_FLAGS', ''), ('XDG_DATA_DIRS', '/usr/share/ubuntu:/usr/share/gnome:/usr/local/share/:/usr/share/:/var/lib/snapd/desktop'), ('PYTHONPATH', '/home/aiv/ev_ws/install/velodyne_msgs/local/lib/python3.10/dist-packages:/home/aiv/ev_ws/install/t870_msgs/local/lib/python3.10/dist-packages:/home/aiv/ev_ws/install/ev_msgs/local/lib/python3.10/dist-packages:/home/aiv/ev_ws/install/erp42_msgs/local/lib/python3.10/dist-packages:/home/aiv/ev_ws/ev_msgs/install/ev_msgs/local/lib/python3.10/dist-packages:/home/aiv/ev_ws/erp42_ros/install/erp42_msgs/local/lib/python3.10/dist-packages:/home/aiv/ev_ws/perception/install/velodyne_msgs/local/lib/python3.10/dist-packages:/opt/ros/humble/lib/python3.10/site-packages:/opt/ros/humble/local/lib/python3.10/dist-packages'), ('LC_NUMERIC', 'ko_KR.UTF-8'), ('LC_PAPER', 'ko_KR.UTF-8'), ('COLCON', '1'), ('VTE_VERSION', '6800'), ('EDITOR', 'code --wait'), ('CMAKE_PREFIX_PATH', '/home/aiv/ev_ws/install/velodyne:/home/aiv/ev_ws/install/lidar_launch:/home/aiv/ev_ws/install/velodyne_pointcloud:/home/aiv/ev_ws/install/velodyne_driver:/home/aiv/ev_ws/install/velodyne_msgs:/home/aiv/ev_ws/install/velodyne_cropbox:/home/aiv/ev_ws/install/t870_serial:/home/aiv/ev_ws/install/t870_rqt_plugin:/home/aiv/ev_ws/install/t870_util:/home/aiv/ev_ws/install/t870_msgs:/home/aiv/ev_ws/install/t870_cmake:/home/aiv/ev_ws/install/patchworkpp:/home/aiv/ev_ws/install/make_bbox:/home/aiv/ev_ws/install/lidar_voxel_grid:/home/aiv/ev_ws/install/chaining_costmap_ver:/home/aiv/ev_ws/install/ev_msgs:/home/aiv/ev_ws/install/erp42_serial:/home/aiv/ev_ws/install/erp42_rqt_plugin:/home/aiv/ev_ws/install/erp42_gazebo:/home/aiv/ev_ws/install/erp42_util:/home/aiv/ev_ws/install/erp42_msgs:/home/aiv/ev_ws/install/erp42_description:/home/aiv/ev_ws/install/erp42_cmake:/home/aiv/ev_ws/install/dbscan_clustering:/home/aiv/ev_ws/install/cluster_splitter:/home/aiv/ev_ws/install/carsa_gazebo:/home/aiv/ev_ws/carsa_gazebo/install/carsa_gazebo:/home/aiv/ev_ws/planning/install/chaining_costmap_ver:/home/aiv/ev_ws/ev_msgs/install/ev_msgs:/home/aiv/ev_ws/erp42_ros/install/erp42_serial:/home/aiv/ev_ws/erp42_ros/install/erp42_rqt_plugin:/home/aiv/ev_ws/erp42_ros/install/erp42_gazebo:/home/aiv/ev_ws/erp42_ros/install/erp42_util:/home/aiv/ev_ws/erp42_ros/install/erp42_msgs:/home/aiv/ev_ws/erp42_ros/install/erp42_description:/home/aiv/ev_ws/erp42_ros/install/erp42_cmake:/home/aiv/ev_ws/perception/install/velodyne:/home/aiv/ev_ws/perception/install/lidar_launch:/home/aiv/ev_ws/perception/install/velodyne_pointcloud:/home/aiv/ev_ws/perception/install/velodyne_driver:/home/aiv/ev_ws/perception/install/velodyne_msgs:/home/aiv/ev_ws/perception/install/velodyne_cropbox:/home/aiv/ev_ws/perception/install/patchworkpp:/home/aiv/ev_ws/perception/install/make_bbox:/home/aiv/ev_ws/perception/install/lidar_voxel_grid:/home/aiv/ev_ws/perception/install/dbscan_clustering:/home/aiv/ev_ws/perception/install/cluster_splitter:/opt/ros/humble')]), 'shell': False}
[0.996988] (chaining_costmap_ver) StdoutLine: {'line': b'[ 33%] \x1b[32mBuilding CXX object CMakeFiles/chaining_costmap_chainer.dir/src/chainer/direction_chainer.cpp.o\x1b[0m\n'}
[0.997200] (chaining_costmap_ver) StdoutLine: {'line': b'[ 33%] \x1b[32mBuilding CXX object CMakeFiles/chaining_costmap_astar.dir/src/planner/astar_planner.cpp.o\x1b[0m\n'}
[0.997266] (chaining_costmap_ver) StdoutLine: {'line': b'[ 33%] \x1b[32mBuilding CXX object CMakeFiles/chaining_costmap_costmap.dir/src/costmap/costmap_generator.cpp.o\x1b[0m\n'}
[0.997324] (chaining_costmap_ver) StdoutLine: {'line': b'[ 33%] \x1b[32mBuilding CXX object CMakeFiles/chaining_costmap_postprocess.dir/src/postprocess/path_postprocessor.cpp.o\x1b[0m\n'}
[0.997962] (chaining_costmap_ver) StdoutLine: {'line': b'[ 41%] \x1b[32mBuilding CXX object CMakeFiles/lc_planner_node_exe.dir/rclcpp_components/node_main_lc_planner_node_exe.cpp.o\x1b[0m\n'}
[1.000751] (-) TimerEvent: {}
[1.100948] (-) TimerEvent: {}
[1.201220] (-) TimerEvent: {}
[1.301495] (-) TimerEvent: {}
[1.324090] (chaining_costmap_ver) StdoutLine: {'line': b'[ 50%] \x1b[32m\x1b[1mLinking CXX shared library libchaining_costmap_postprocess.so\x1b[0m\n'}
[1.400977] (chaining_costmap_ver) StdoutLine: {'line': b'[ 50%] Built target chaining_costmap_postprocess\n'}
[1.401550] (-) TimerEvent: {}
[1.501760] (-) TimerEvent: {}
[1.602051] (-) TimerEvent: {}
[1.702336] (-) TimerEvent: {}
[1.802598] (-) TimerEvent: {}
[1.902865] (-) TimerEvent: {}
[2.003150] (-) TimerEvent: {}
[2.103425] (-) TimerEvent: {}
[2.203736] (-) TimerEvent: {}
[2.304062] (-) TimerEvent: {}
[2.404363] (-) TimerEvent: {}
[2.504637] (-) TimerEvent: {}
[2.596821] (chaining_costmap_ver) StdoutLine: {'line': b'[ 58%] \x1b[32m\x1b[1mLinking CXX shared library libchaining_costmap_costmap.so\x1b[0m\n'}
[2.604713] (-) TimerEvent: {}
[2.651864] (chaining_costmap_ver) StdoutLine: {'line': b'[ 66%] \x1b[32m\x1b[1mLinking CXX shared library libchaining_costmap_astar.so\x1b[0m\n'}
[2.679648] (chaining_costmap_ver) StdoutLine: {'line': b'[ 66%] Built target chaining_costmap_costmap\n'}
[2.704829] (-) TimerEvent: {}
[2.724707] (chaining_costmap_ver) StdoutLine: {'line': b'[ 66%] Built target chaining_costmap_astar\n'}
[2.768427] (chaining_costmap_ver) StdoutLine: {'line': b'[ 75%] \x1b[32m\x1b[1mLinking CXX executable lc_planner_node_exe\x1b[0m\n'}
[2.804934] (-) TimerEvent: {}
[2.843902] (chaining_costmap_ver) StdoutLine: {'line': b'[ 75%] Built target lc_planner_node_exe\n'}
[2.905031] (-) TimerEvent: {}
[2.925681] (chaining_costmap_ver) StdoutLine: {'line': b'[ 83%] \x1b[32m\x1b[1mLinking CXX shared library libchaining_costmap_chainer.so\x1b[0m\n'}
[3.001445] (chaining_costmap_ver) StdoutLine: {'line': b'[ 83%] Built target chaining_costmap_chainer\n'}
[3.005089] (-) TimerEvent: {}
[3.019250] (chaining_costmap_ver) StdoutLine: {'line': b'[ 91%] \x1b[32mBuilding CXX object CMakeFiles/lc_planner_component.dir/src/nodes/chaining_costmap_ver_node.cpp.o\x1b[0m\n'}
[3.105200] (-) TimerEvent: {}
[3.205462] (-) TimerEvent: {}
[3.305714] (-) TimerEvent: {}
[3.405978] (-) TimerEvent: {}
[3.506170] (-) TimerEvent: {}
[3.606359] (-) TimerEvent: {}
[3.706560] (-) TimerEvent: {}
[3.806764] (-) TimerEvent: {}
[3.906925] (-) TimerEvent: {}
[4.007127] (-) TimerEvent: {}
[4.107326] (-) TimerEvent: {}
[4.207524] (-) TimerEvent: {}
[4.307715] (-) TimerEvent: {}
[4.407956] (-) TimerEvent: {}
[4.508161] (-) TimerEvent: {}
[4.608374] (-) TimerEvent: {}
[4.708587] (-) TimerEvent: {}
[4.808848] (-) TimerEvent: {}
[4.909064] (-) TimerEvent: {}
[5.009250] (-) TimerEvent: {}
[5.109444] (-) TimerEvent: {}
[5.209655] (-) TimerEvent: {}
[5.309940] (-) TimerEvent: {}
[5.410142] (-) TimerEvent: {}
[5.510333] (-) TimerEvent: {}
[5.610569] (-) TimerEvent: {}
[5.710833] (-) TimerEvent: {}
[5.811030] (-) TimerEvent: {}
[5.911236] (-) TimerEvent: {}
[6.011440] (-) TimerEvent: {}
[6.111646] (-) TimerEvent: {}
[6.211887] (-) TimerEvent: {}
[6.312099] (-) TimerEvent: {}
[6.412296] (-) TimerEvent: {}
[6.512506] (-) TimerEvent: {}
[6.612725] (-) TimerEvent: {}
[6.712921] (-) TimerEvent: {}
[6.813121] (-) TimerEvent: {}
[6.913378] (-) TimerEvent: {}
[7.013588] (-) TimerEvent: {}
[7.113800] (-) TimerEvent: {}
[7.214023] (-) TimerEvent: {}
[7.314233] (-) TimerEvent: {}
[7.414424] (-) TimerEvent: {}
[7.514609] (-) TimerEvent: {}
[7.614835] (-) TimerEvent: {}
[7.715055] (-) TimerEvent: {}
[7.815261] (-) TimerEvent: {}
[7.915453] (-) TimerEvent: {}
[8.015647] (-) TimerEvent: {}
[8.115871] (-) TimerEvent: {}
[8.216104] (-) TimerEvent: {}
[8.316295] (-) TimerEvent: {}
[8.416502] (-) TimerEvent: {}
[8.516723] (-) TimerEvent: {}
[8.616960] (-) TimerEvent: {}
[8.717153] (-) TimerEvent: {}
[8.817345] (-) TimerEvent: {}
[8.917536] (-) TimerEvent: {}
[9.017724] (-) TimerEvent: {}
[9.117951] (-) TimerEvent: {}
[9.218133] (-) TimerEvent: {}
[9.318351] (-) TimerEvent: {}
[9.418571] (-) TimerEvent: {}
[9.518765] (-) TimerEvent: {}
[9.557830] (chaining_costmap_ver) StdoutLine: {'line': b'[100%] \x1b[32m\x1b[1mLinking CXX shared library liblc_planner_component.so\x1b[0m\n'}
[9.618951] (-) TimerEvent: {}
[9.719151] (-) TimerEvent: {}
[9.819353] (-) TimerEvent: {}
[9.919569] (-) TimerEvent: {}
[9.941582] (chaining_costmap_ver) StdoutLine: {'line': b'[100%] Built target lc_planner_component\n'}
[9.948637] (chaining_costmap_ver) CommandEnded: {'returncode': 0}
[9.949149] (chaining_costmap_ver) JobProgress: {'identifier': 'chaining_costmap_ver', 'progress': 'install'}
[9.955637] (chaining_costmap_ver) Command: {'cmd': ['/usr/bin/cmake', '--install', '/home/aiv/ev_ws/planning/build/chaining_costmap_ver'], 'cwd': '/home/aiv/ev_ws/planning/build/chaining_costmap_ver', 'env': OrderedDict([('GJS_DEBUG_TOPICS', 'JS ERROR;JS LOG'), ('USER', 'aiv'), ('LC_TIME', 'ko_KR.UTF-8'), ('XDG_SESSION_TYPE', 'x11'), ('SHLVL', '1'), ('LD_LIBRARY_PATH', '/home/aiv/ev_ws/install/velodyne_pointcloud/lib:/home/aiv/ev_ws/install/velodyne_driver/lib:/home/aiv/ev_ws/install/velodyne_msgs/lib:/home/aiv/ev_ws/install/velodyne_cropbox/lib:/home/aiv/ev_ws/install/t870_serial/lib:/home/aiv/ev_ws/install/t870_rqt_plugin/lib:/home/aiv/ev_ws/install/t870_util/lib:/home/aiv/ev_ws/install/t870_msgs/lib:/home/aiv/ev_ws/install/patchworkpp/lib:/home/aiv/ev_ws/install/make_bbox/lib:/home/aiv/ev_ws/install/lidar_voxel_grid/lib:/home/aiv/ev_ws/install/chaining_costmap_ver/lib:/home/aiv/ev_ws/install/ev_msgs/lib:/home/aiv/ev_ws/install/erp42_serial/lib:/home/aiv/ev_ws/install/erp42_rqt_plugin/lib:/home/aiv/ev_ws/install/erp42_gazebo/lib:/home/aiv/ev_ws/install/erp42_util/lib:/home/aiv/ev_ws/install/erp42_msgs/lib:/home/aiv/ev_ws/install/dbscan_clustering/lib:/home/aiv/ev_ws/install/cluster_splitter/lib:/usr/local/cuda-12.6/lib64:/home/aiv/ev_ws/planning/install/chaining_costmap_ver/lib:/home/aiv/ev_ws/ev_msgs/install/ev_msgs/lib:/home/aiv/ev_ws/erp42_ros/install/erp42_serial/lib:/home/aiv/ev_ws/erp42_ros/install/erp42_rqt_plugin/lib:/home/aiv/ev_ws/erp42_ros/install/erp42_gazebo/lib:/home/aiv/ev_ws/erp42_ros/install/erp42_util/lib:/home/aiv/ev_ws/erp42_ros/install/erp42_msgs/lib:/home/aiv/ev_ws/perception/install/velodyne_pointcloud/lib:/home/aiv/ev_ws/perception/install/velodyne_driver/lib:/home/aiv/ev_ws/perception/install/velodyne_msgs/lib:/home/aiv/ev_ws/perception/install/velodyne_cropbox/lib:/home/aiv/ev_ws/perception/install/patchworkpp/lib:/home/aiv/ev_ws/perception/install/make_bbox/lib:/home/aiv/ev_ws/perception/install/lidar_voxel_grid/lib:/home/aiv/ev_ws/perception/install/dbscan_clustering/lib:/home/aiv/ev_ws/perception/install/cluster_splitter/lib:/usr/lib/x86_64-linux-gnu/gazebo-11/plugins:/opt/ros/humble/opt/rviz_ogre_vendor/lib:/opt/ros/humble/lib/x86_64-linux-gnu:/opt/ros/humble/lib:/usr/local/cuda-12.6/lib64'), ('HOME', '/home/aiv'), ('OLDPWD', '/home/aiv/ev_ws'), ('DESKTOP_SESSION', 'ubuntu'), ('NVM_BIN', '/home/aiv/.nvm/versions/node/v24.13.1/bin'), ('NVM_INC', '/home/aiv/.nvm/versions/node/v24.13.1/include/node'), ('GIO_LAUNCHED_DESKTOP_FILE', '/usr/share/applications/terminator.desktop'), ('ROS_PYTHON_VERSION', '3'), ('GNOME_SHELL_SESSION_MODE', 'ubuntu'), ('GTK_MODULES', 'gail:atk-bridge'), ('LC_MONETARY', 'ko_KR.UTF-8'), ('MANAGERPID', '2053'), ('SYSTEMD_EXEC_PID', '2600'), ('DBUS_SESSION_BUS_ADDRESS', 'unix:path=/run/user/1000/bus'), ('COLORTERM', 'truecolor'), ('TERMINATOR_DBUS_NAME', 'net.tenshu.Terminator23558193cd9818af7fe4d2c2f5bd9d00f'), ('GIO_LAUNCHED_DESKTOP_FILE_PID', '4566'), ('NVM_DIR', '/home/aiv/.nvm'), ('COLCON_PREFIX_PATH', '/home/aiv/ev_ws/install:/home/aiv/ev_ws/planning/install:/home/aiv/ev_ws/perception/install:/home/aiv/ev_ws/ev_msgs/install:/home/aiv/ev_ws/carsa_gazebo/install:/home/aiv/ev_ws/erp42_ros/install'), ('ROS_DISTRO', 'humble'), ('GTK_IM_MODULE', 'ibus'), ('LOGNAME', 'aiv'), ('JOURNAL_STREAM', '8:17728'), ('_', '/usr/bin/colcon'), ('ROS_VERSION', '2'), ('XDG_SESSION_CLASS', 'user'), ('USERNAME', 'aiv'), ('TERM', 'xterm-256color'), ('GNOME_DESKTOP_SESSION_ID', 'this-is-deprecated'), ('ROS_LOCALHOST_ONLY', '0'), ('WINDOWPATH', '2'), ('PATH', '/usr/local/cuda-12.6/bin:/home/aiv/.local/bin:/opt/ros/humble/bin:/home/aiv/.nvm/versions/node/v24.13.1/bin:/usr/local/cuda-12.6/bin:/usr/local/sbin:/usr/local/bin:/usr/sbin:/usr/bin:/sbin:/bin:/usr/games:/usr/local/games:/snap/bin:/snap/bin'), ('SESSION_MANAGER', 'local/aiv:@/tmp/.ICE-unix/2572,unix/aiv:/tmp/.ICE-unix/2572'), ('INVOCATION_ID', '73361147c32d477cab63523844691b36'), ('XDG_MENU_PREFIX', 'gnome-'), ('LC_ADDRESS', 'ko_KR.UTF-8'), ('XDG_RUNTIME_DIR', '/run/user/1000'), ('DISPLAY', ':1'), ('TERMINATOR_DBUS_PATH', '/net/tenshu/Terminator2'), ('LANG', 'en_US.UTF-8'), ('XDG_CURRENT_DESKTOP', 'ubuntu:GNOME'), ('IBUS_DISABLE_SNOOPER', '1'), ('LC_TELEPHONE', 'ko_KR.UTF-8'), ('XMODIFIERS', '@im=ibus'), ('XDG_SESSION_DESKTOP', 'ubuntu'), ('XAUTHORITY', '/run/user/1000/gdm/Xauthority'), ('SSH_AGENT_LAUNCHER', 'gnome-keyring'), ('SSH_AUTH_SOCK', '/run/user/1000/keyring/ssh'), ('AMENT_PREFIX_PATH', '/home/aiv/ev_ws/install/velodyne:/home/aiv/ev_ws/install/lidar_launch:/home/aiv/ev_ws/install/velodyne_pointcloud:/home/aiv/ev_ws/install/velodyne_driver:/home/aiv/ev_ws/install/velodyne_msgs:/home/aiv/ev_ws/install/velodyne_cropbox:/home/aiv/ev_ws/install/t870_serial:/home/aiv/ev_ws/install/t870_rqt_plugin:/home/aiv/ev_ws/install/t870_util:/home/aiv/ev_ws/install/t870_msgs:/home/aiv/ev_ws/install/t870_cmake:/home/aiv/ev_ws/install/patchworkpp:/home/aiv/ev_ws/install/make_bbox:/home/aiv/ev_ws/install/lidar_voxel_grid:/home/aiv/ev_ws/install/chaining_costmap_ver:/home/aiv/ev_ws/install/ev_msgs:/home/aiv/ev_ws/install/erp42_serial:/home/aiv/ev_ws/install/erp42_rqt_plugin:/home/aiv/ev_ws/install/erp42_gazebo:/home/aiv/ev_ws/install/erp42_util:/home/aiv/ev_ws/install/erp42_msgs:/home/aiv/ev_ws/install/erp42_description:/home/aiv/ev_ws/install/erp42_cmake:/home/aiv/ev_ws/install/dbscan_clustering:/home/aiv/ev_ws/install/cluster_splitter:/home/aiv/ev_ws/install/carsa_gazebo:/home/aiv/ev_ws/carsa_gazebo/install/carsa_gazebo:/home/aiv/ev_ws/planning/install/chaining_costmap_ver:/home/aiv/ev_ws/ev_msgs/install/ev_msgs:/home/aiv/ev_ws/erp42_ros/install/erp42_serial:/home/aiv/ev_ws/erp42_ros/install/erp42_rqt_plugin:/home/aiv/ev_ws/erp42_ros/install/erp42_gazebo:/home/aiv/ev_ws/erp42_ros/install/erp42_util:/home/aiv/ev_ws/erp42_ros/install/erp42_msgs:/home/aiv/ev_ws/erp42_ros/install/erp42_description:/home/aiv/ev_ws/erp42_ros/install/erp42_cmake:/home/aiv/ev_ws/perception/install/velodyne:/home/aiv/ev_ws/perception/install/lidar_launch:/home/aiv/ev_ws/perception/install/velodyne_pointcloud:/home/aiv/ev_ws/perception/install/velodyne_driver:/home/aiv/ev_ws/perception/install/velodyne_msgs:/home/aiv/ev_ws/perception/install/velodyne_cropbox:/home/aiv/ev_ws/perception/install/patchworkpp:/home/aiv/ev_ws/perception/install/make_bbox:/home/aiv/ev_ws/perception/install/lidar_voxel_grid:/home/aiv/ev_ws/perception/install/dbscan_clustering:/home/aiv/ev_ws/perception/install/cluster_splitter:/opt/ros/humble'), ('SHELL', '/bin/bash'), ('LC_NAME', 'ko_KR.UTF-8'), ('TERMINATOR_UUID', 'urn:uuid:649f8eee-ab0a-4607-9cf2-d249579fdefa'), ('QT_ACCESSIBILITY', '1'), ('GDMSESSION', 'ubuntu'), ('LC_MEASUREMENT', 'ko_KR.UTF-8'), ('GPG_AGENT_INFO', '/run/user/1000/gnupg/S.gpg-agent:0:1'), ('GJS_DEBUG_OUTPUT', 'stderr'), ('LC_IDENTIFICATION', 'ko_KR.UTF-8'), ('QT_IM_MODULE', 'ibus'), ('PWD', '/home/aiv/ev_ws/planning/build/chaining_costmap_ver'), ('LC_ALL', 'en_US.UTF-8'), ('XDG_CONFIG_DIRS', '/etc/xdg/xdg-ubuntu:/etc/xdg'), ('NVM_CD_FLAGS', ''), ('XDG_DATA_DIRS', '/usr/share/ubuntu:/usr/share/gnome:/usr/local/share/:/usr/share/:/var/lib/snapd/desktop'), ('PYTHONPATH', '/home/aiv/ev_ws/install/velodyne_msgs/local/lib/python3.10/dist-packages:/home/aiv/ev_ws/install/t870_msgs/local/lib/python3.10/dist-packages:/home/aiv/ev_ws/install/ev_msgs/local/lib/python3.10/dist-packages:/home/aiv/ev_ws/install/erp42_msgs/local/lib/python3.10/dist-packages:/home/aiv/ev_ws/ev_msgs/install/ev_msgs/local/lib/python3.10/dist-packages:/home/aiv/ev_ws/erp42_ros/install/erp42_msgs/local/lib/python3.10/dist-packages:/home/aiv/ev_ws/perception/install/velodyne_msgs/local/lib/python3.10/dist-packages:/opt/ros/humble/lib/python3.10/site-packages:/opt/ros/humble/local/lib/python3.10/dist-packages'), ('LC_NUMERIC', 'ko_KR.UTF-8'), ('LC_PAPER', 'ko_KR.UTF-8'), ('COLCON', '1'), ('VTE_VERSION', '6800'), ('EDITOR', 'code --wait'), ('CMAKE_PREFIX_PATH', '/home/aiv/ev_ws/install/velodyne:/home/aiv/ev_ws/install/lidar_launch:/home/aiv/ev_ws/install/velodyne_pointcloud:/home/aiv/ev_ws/install/velodyne_driver:/home/aiv/ev_ws/install/velodyne_msgs:/home/aiv/ev_ws/install/velodyne_cropbox:/home/aiv/ev_ws/install/t870_serial:/home/aiv/ev_ws/install/t870_rqt_plugin:/home/aiv/ev_ws/install/t870_util:/home/aiv/ev_ws/install/t870_msgs:/home/aiv/ev_ws/install/t870_cmake:/home/aiv/ev_ws/install/patchworkpp:/home/aiv/ev_ws/install/make_bbox:/home/aiv/ev_ws/install/lidar_voxel_grid:/home/aiv/ev_ws/install/chaining_costmap_ver:/home/aiv/ev_ws/install/ev_msgs:/home/aiv/ev_ws/install/erp42_serial:/home/aiv/ev_ws/install/erp42_rqt_plugin:/home/aiv/ev_ws/install/erp42_gazebo:/home/aiv/ev_ws/install/erp42_util:/home/aiv/ev_ws/install/erp42_msgs:/home/aiv/ev_ws/install/erp42_description:/home/aiv/ev_ws/install/erp42_cmake:/home/aiv/ev_ws/install/dbscan_clustering:/home/aiv/ev_ws/install/cluster_splitter:/home/aiv/ev_ws/install/carsa_gazebo:/home/aiv/ev_ws/carsa_gazebo/install/carsa_gazebo:/home/aiv/ev_ws/planning/install/chaining_costmap_ver:/home/aiv/ev_ws/ev_msgs/install/ev_msgs:/home/aiv/ev_ws/erp42_ros/install/erp42_serial:/home/aiv/ev_ws/erp42_ros/install/erp42_rqt_plugin:/home/aiv/ev_ws/erp42_ros/install/erp42_gazebo:/home/aiv/ev_ws/erp42_ros/install/erp42_util:/home/aiv/ev_ws/erp42_ros/install/erp42_msgs:/home/aiv/ev_ws/erp42_ros/install/erp42_description:/home/aiv/ev_ws/erp42_ros/install/erp42_cmake:/home/aiv/ev_ws/perception/install/velodyne:/home/aiv/ev_ws/perception/install/lidar_launch:/home/aiv/ev_ws/perception/install/velodyne_pointcloud:/home/aiv/ev_ws/perception/install/velodyne_driver:/home/aiv/ev_ws/perception/install/velodyne_msgs:/home/aiv/ev_ws/perception/install/velodyne_cropbox:/home/aiv/ev_ws/perception/install/patchworkpp:/home/aiv/ev_ws/perception/install/make_bbox:/home/aiv/ev_ws/perception/install/lidar_voxel_grid:/home/aiv/ev_ws/perception/install/dbscan_clustering:/home/aiv/ev_ws/perception/install/cluster_splitter:/opt/ros/humble')]), 'shell': False}
[9.961372] (chaining_costmap_ver) StdoutLine: {'line': b'-- Install configuration: ""\n'}
[9.961644] (chaining_costmap_ver) StdoutLine: {'line': b'-- Execute custom install script\n'}
[9.961816] (chaining_costmap_ver) StdoutLine: {'line': b'-- Symlinking: /home/aiv/ev_ws/planning/install/chaining_costmap_ver/lib/libchaining_costmap_chainer.so\n'}
[9.967495] (chaining_costmap_ver) StdoutLine: {'line': b'-- Symlinking: /home/aiv/ev_ws/planning/install/chaining_costmap_ver/lib/libchaining_costmap_costmap.so\n'}
[9.972703] (chaining_costmap_ver) StdoutLine: {'line': b'-- Symlinking: /home/aiv/ev_ws/planning/install/chaining_costmap_ver/lib/libchaining_costmap_astar.so\n'}
[9.978912] (chaining_costmap_ver) StdoutLine: {'line': b'-- Symlinking: /home/aiv/ev_ws/planning/install/chaining_costmap_ver/lib/libchaining_costmap_postprocess.so\n'}
[9.985229] (chaining_costmap_ver) StdoutLine: {'line': b'-- Symlinking: /home/aiv/ev_ws/planning/install/chaining_costmap_ver/lib/chaining_costmap_ver/lc_planner_node_exe\n'}
[9.990492] (chaining_costmap_ver) StdoutLine: {'line': b'-- Symlinking: /home/aiv/ev_ws/planning/install/chaining_costmap_ver/lib/liblc_planner_component.so\n'}
[9.996156] (chaining_costmap_ver) StdoutLine: {'line': b'-- Symlinking: /home/aiv/ev_ws/planning/install/chaining_costmap_ver/include/chaining_costmap_ver/chainer/direction_chainer.hpp\n'}
[10.001317] (chaining_costmap_ver) StdoutLine: {'line': b'-- Symlinking: /home/aiv/ev_ws/planning/install/chaining_costmap_ver/include/chaining_costmap_ver/common/debug_publish.hpp\n'}
[10.008266] (chaining_costmap_ver) StdoutLine: {'line': b'-- Symlinking: /home/aiv/ev_ws/planning/install/chaining_costmap_ver/include/chaining_costmap_ver/common/geometry.hpp\n'}
[10.013254] (chaining_costmap_ver) StdoutLine: {'line': b'-- Symlinking: /home/aiv/ev_ws/planning/install/chaining_costmap_ver/include/chaining_costmap_ver/common/params.hpp\n'}
[10.019247] (chaining_costmap_ver) StdoutLine: {'line': b'-- Symlinking: /home/aiv/ev_ws/planning/install/chaining_costmap_ver/include/chaining_costmap_ver/common/types.hpp\n'}
[10.019620] (-) TimerEvent: {}
[10.024316] (chaining_costmap_ver) StdoutLine: {'line': b'-- Symlinking: /home/aiv/ev_ws/planning/install/chaining_costmap_ver/include/chaining_costmap_ver/costmap/costmap_generator.hpp\n'}
[10.030553] (chaining_costmap_ver) StdoutLine: {'line': b'-- Symlinking: /home/aiv/ev_ws/planning/install/chaining_costmap_ver/include/chaining_costmap_ver/nodes/chaining_costmap_ver_node.hpp\n'}
[10.036719] (chaining_costmap_ver) StdoutLine: {'line': b'-- Symlinking: /home/aiv/ev_ws/planning/install/chaining_costmap_ver/include/chaining_costmap_ver/planner/astar_planner.hpp\n'}
[10.042019] (chaining_costmap_ver) StdoutLine: {'line': b'-- Symlinking: /home/aiv/ev_ws/planning/install/chaining_costmap_ver/include/chaining_costmap_ver/postprocess/path_postprocessor.hpp\n'}
[10.047056] (chaining_costmap_ver) StdoutLine: {'line': b'-- Symlinking: /home/aiv/ev_ws/planning/install/chaining_costmap_ver/include/chaining_costmap_ver/safety/safety_checker.hpp\n'}
[10.052187] (chaining_costmap_ver) StdoutLine: {'line': b'-- Symlinking: /home/aiv/ev_ws/planning/install/chaining_costmap_ver/share/chaining_costmap_ver/config/chaining_costmap_ver.yaml\n'}
[10.057195] (chaining_costmap_ver) StdoutLine: {'line': b'-- Symlinking: /home/aiv/ev_ws/planning/install/chaining_costmap_ver/share/chaining_costmap_ver/launch/chaining_costmap_ver.launch.py\n'}
[10.062545] (chaining_costmap_ver) StdoutLine: {'line': b'-- Symlinking: /home/aiv/ev_ws/planning/install/chaining_costmap_ver/share/ament_index/resource_index/package_run_dependencies/chaining_costmap_ver\n'}
[10.067606] (chaining_costmap_ver) StdoutLine: {'line': b'-- Symlinking: /home/aiv/ev_ws/planning/install/chaining_costmap_ver/share/ament_index/resource_index/parent_prefix_path/chaining_costmap_ver\n'}
[10.072986] (chaining_costmap_ver) StdoutLine: {'line': b'-- Symlinking: /home/aiv/ev_ws/planning/install/chaining_costmap_ver/share/chaining_costmap_ver/environment/ament_prefix_path.sh\n'}
[10.078778] (chaining_costmap_ver) StdoutLine: {'line': b'-- Symlinking: /home/aiv/ev_ws/planning/install/chaining_costmap_ver/share/chaining_costmap_ver/environment/ament_prefix_path.dsv\n'}
[10.084029] (chaining_costmap_ver) StdoutLine: {'line': b'-- Symlinking: /home/aiv/ev_ws/planning/install/chaining_costmap_ver/share/chaining_costmap_ver/environment/path.sh\n'}
[10.089034] (chaining_costmap_ver) StdoutLine: {'line': b'-- Symlinking: /home/aiv/ev_ws/planning/install/chaining_costmap_ver/share/chaining_costmap_ver/environment/path.dsv\n'}
[10.094686] (chaining_costmap_ver) StdoutLine: {'line': b'-- Symlinking: /home/aiv/ev_ws/planning/install/chaining_costmap_ver/share/chaining_costmap_ver/local_setup.bash\n'}
[10.100245] (chaining_costmap_ver) StdoutLine: {'line': b'-- Symlinking: /home/aiv/ev_ws/planning/install/chaining_costmap_ver/share/chaining_costmap_ver/local_setup.sh\n'}
[10.105468] (chaining_costmap_ver) StdoutLine: {'line': b'-- Symlinking: /home/aiv/ev_ws/planning/install/chaining_costmap_ver/share/chaining_costmap_ver/local_setup.zsh\n'}
[10.110733] (chaining_costmap_ver) StdoutLine: {'line': b'-- Symlinking: /home/aiv/ev_ws/planning/install/chaining_costmap_ver/share/chaining_costmap_ver/local_setup.dsv\n'}
[10.116203] (chaining_costmap_ver) StdoutLine: {'line': b'-- Symlinking: /home/aiv/ev_ws/planning/install/chaining_costmap_ver/share/chaining_costmap_ver/package.dsv\n'}
[10.119694] (-) TimerEvent: {}
[10.120957] (chaining_costmap_ver) StdoutLine: {'line': b'-- Symlinking: /home/aiv/ev_ws/planning/install/chaining_costmap_ver/share/ament_index/resource_index/packages/chaining_costmap_ver\n'}
[10.125790] (chaining_costmap_ver) StdoutLine: {'line': b'-- Symlinking: /home/aiv/ev_ws/planning/install/chaining_costmap_ver/share/ament_index/resource_index/rclcpp_components/chaining_costmap_ver\n'}
[10.130380] (chaining_costmap_ver) StdoutLine: {'line': b'-- Symlinking: /home/aiv/ev_ws/planning/install/chaining_costmap_ver/share/chaining_costmap_ver/cmake/chaining_costmap_verConfig.cmake\n'}
[10.135222] (chaining_costmap_ver) StdoutLine: {'line': b'-- Symlinking: /home/aiv/ev_ws/planning/install/chaining_costmap_ver/share/chaining_costmap_ver/cmake/chaining_costmap_verConfig-version.cmake\n'}
[10.139894] (chaining_costmap_ver) StdoutLine: {'line': b'-- Symlinking: /home/aiv/ev_ws/planning/install/chaining_costmap_ver/share/chaining_costmap_ver/package.xml\n'}
[10.146008] (chaining_costmap_ver) CommandEnded: {'returncode': 0}
[10.155243] (chaining_costmap_ver) JobEnded: {'identifier': 'chaining_costmap_ver', 'rc': 0}
[10.155606] (-) EventReactorShutdown: {}
