[0.021s] Invoking command in '/home/aiv/ev_ws/perception/build/velodyne_msgs': CMAKE_PREFIX_PATH=${CMAKE_PREFIX_PATH}:/opt/ros/humble /usr/bin/cmake /home/aiv/ev_ws/perception/src/lidar/velodyne_msgs -DAMENT_CMAKE_SYMLINK_INSTALL=1 -DCMAKE_INSTALL_PREFIX=/home/aiv/ev_ws/perception/install/velodyne_msgs
[0.061s] -- The C compiler identification is GNU 11.4.0
[0.093s] -- The CXX compiler identification is GNU 11.4.0
[0.098s] -- Detecting C compiler ABI info
[0.147s] -- Detecting C compiler ABI info - done
[0.152s] -- Check for working C compiler: /usr/bin/cc - skipped
[0.152s] -- Detecting C compile features
[0.152s] -- Detecting C compile features - done
[0.154s] -- Detecting CXX compiler ABI info
[0.209s] -- Detecting CXX compiler ABI info - done
[0.214s] -- Check for working CXX compiler: /usr/bin/c++ - skipped
[0.214s] -- Detecting CXX compile features
[0.215s] -- Detecting CXX compile features - done
[0.217s] -- Found ament_cmake: 1.3.12 (/opt/ros/humble/share/ament_cmake/cmake)
[0.318s] -- Found Python3: /usr/bin/python3 (found version "3.10.12") found components: Interpreter 
[0.361s] -- Override CMake install command with custom implementation using symlinks instead of copying resources
[0.383s] -- Found builtin_interfaces: 1.2.2 (/opt/ros/humble/share/builtin_interfaces/cmake)
[0.415s] -- Found rosidl_generator_c: 3.1.8 (/opt/ros/humble/share/rosidl_generator_c/cmake)
[0.421s] -- Found rosidl_adapter: 3.1.8 (/opt/ros/humble/share/rosidl_adapter/cmake)
[0.426s] -- Found rosidl_generator_cpp: 3.1.8 (/opt/ros/humble/share/rosidl_generator_cpp/cmake)
[0.434s] -- Using all available rosidl_typesupport_c: rosidl_typesupport_fastrtps_c;rosidl_typesupport_introspection_c
[0.443s] -- Using all available rosidl_typesupport_cpp: rosidl_typesupport_fastrtps_cpp;rosidl_typesupport_introspection_cpp
[0.452s] -- Found rosidl_default_generators: 1.2.0 (/opt/ros/humble/share/rosidl_default_generators/cmake)
[0.459s] -- Found std_msgs: 4.9.0 (/opt/ros/humble/share/std_msgs/cmake)
[0.626s] -- Found ament_cmake_cppcheck: 0.12.14 (/opt/ros/humble/share/ament_cmake_cppcheck/cmake)
[0.628s] -- Found ament_cmake_cpplint: 0.12.14 (/opt/ros/humble/share/ament_cmake_cpplint/cmake)
[0.629s] -- Found ament_cmake_uncrustify: 0.12.14 (/opt/ros/humble/share/ament_cmake_uncrustify/cmake)
[0.632s] -- Found ament_cmake_ros: 0.10.0 (/opt/ros/humble/share/ament_cmake_ros/cmake)
[0.890s] -- Using all available rosidl_typesupport_c: rosidl_typesupport_fastrtps_c;rosidl_typesupport_introspection_c
[0.985s] -- Using all available rosidl_typesupport_cpp: rosidl_typesupport_fastrtps_cpp;rosidl_typesupport_introspection_cpp
[1.003s] -- Found PythonInterp: /usr/bin/python3 (found suitable version "3.10.12", minimum required is "3.6") 
[1.005s] -- Found python_cmake_module: 0.10.0 (/opt/ros/humble/share/python_cmake_module/cmake)
[1.024s] -- Found PythonLibs: /usr/lib/x86_64-linux-gnu/libpython3.10.so (found suitable version "3.10.12", minimum required is "3.5") 
[1.024s] -- Using PYTHON_EXECUTABLE: /usr/bin/python3
[1.024s] -- Using PYTHON_INCLUDE_DIRS: /usr/include/python3.10
[1.024s] -- Using PYTHON_LIBRARIES: /usr/lib/x86_64-linux-gnu/libpython3.10.so
[1.044s] -- Found PythonExtra: .so  
[1.099s] -- Found ament_cmake_flake8: 0.12.14 (/opt/ros/humble/share/ament_cmake_flake8/cmake)
[1.101s] -- Found ament_cmake_pep257: 0.12.14 (/opt/ros/humble/share/ament_cmake_pep257/cmake)
[1.105s] -- Found ament_lint_auto: 0.12.14 (/opt/ros/humble/share/ament_lint_auto/cmake)
[1.120s] -- Added test 'copyright' to check source files copyright and LICENSE
[1.120s] -- Added test 'lint_cmake' to check CMake code style
[1.121s] -- Added test 'xmllint' to check XML markup files
[1.124s] -- Configuring done
[1.154s] -- Generating done
[1.163s] -- Build files have been written to: /home/aiv/ev_ws/perception/build/velodyne_msgs
[1.175s] Invoked command in '/home/aiv/ev_ws/perception/build/velodyne_msgs' returned '0': CMAKE_PREFIX_PATH=${CMAKE_PREFIX_PATH}:/opt/ros/humble /usr/bin/cmake /home/aiv/ev_ws/perception/src/lidar/velodyne_msgs -DAMENT_CMAKE_SYMLINK_INSTALL=1 -DCMAKE_INSTALL_PREFIX=/home/aiv/ev_ws/perception/install/velodyne_msgs
[1.177s] Invoking command in '/home/aiv/ev_ws/perception/build/velodyne_msgs': CMAKE_PREFIX_PATH=${CMAKE_PREFIX_PATH}:/opt/ros/humble /usr/bin/cmake --build /home/aiv/ev_ws/perception/build/velodyne_msgs -- -j28 -l28
[1.213s] [  2%] [34m[1mGenerating C code for ROS interfaces[0m
[1.226s] [  5%] [34m[1mGenerating C++ code for ROS interfaces[0m
[1.226s] [  5%] Built target ament_cmake_python_symlink_velodyne_msgs
[1.369s] running egg_info
[1.370s] creating velodyne_msgs.egg-info
[1.370s] writing velodyne_msgs.egg-info/PKG-INFO
[1.370s] writing dependency_links to velodyne_msgs.egg-info/dependency_links.txt
[1.370s] writing top-level names to velodyne_msgs.egg-info/top_level.txt
[1.370s] writing manifest file 'velodyne_msgs.egg-info/SOURCES.txt'
[1.372s] reading manifest file 'velodyne_msgs.egg-info/SOURCES.txt'
[1.372s] writing manifest file 'velodyne_msgs.egg-info/SOURCES.txt'
[1.393s] [  5%] Built target ament_cmake_python_build_velodyne_msgs_egg
[1.535s] [  7%] [32mBuilding C object CMakeFiles/velodyne_msgs__rosidl_generator_c.dir/rosidl_generator_c/velodyne_msgs/msg/detail/velodyne_scan__functions.c.o[0m
[1.537s] [ 10%] [32mBuilding C object CMakeFiles/velodyne_msgs__rosidl_generator_c.dir/rosidl_generator_c/velodyne_msgs/msg/detail/velodyne_packet__functions.c.o[0m
[1.537s] [ 10%] Built target velodyne_msgs__cpp
[1.545s] [ 12%] [34m[1mGenerating C++ type support dispatch for ROS interfaces[0m
[1.546s] [ 15%] [34m[1mGenerating C++ type support for eProsima Fast-RTPS[0m
[1.547s] [ 17%] [34m[1mGenerating C++ introspection for ROS interfaces[0m
[1.579s] [ 20%] [32m[1mLinking C shared library libvelodyne_msgs__rosidl_generator_c.so[0m
[1.613s] [ 20%] Built target velodyne_msgs__rosidl_generator_c
[1.625s] [ 28%] [34m[1mGenerating C type support for eProsima Fast-RTPS[0m
[1.625s] [ 28%] [34m[1mGenerating C introspection for ROS interfaces[0m
[1.625s] [ 28%] [34m[1mGenerating C type support dispatch for ROS interfaces[0m
[1.728s] [ 30%] [32mBuilding CXX object CMakeFiles/velodyne_msgs__rosidl_typesupport_cpp.dir/rosidl_typesupport_cpp/velodyne_msgs/msg/velodyne_scan__type_support.cpp.o[0m
[1.729s] [ 33%] [32mBuilding CXX object CMakeFiles/velodyne_msgs__rosidl_typesupport_cpp.dir/rosidl_typesupport_cpp/velodyne_msgs/msg/velodyne_packet__type_support.cpp.o[0m
[1.738s] [ 35%] [32mBuilding CXX object CMakeFiles/velodyne_msgs__rosidl_typesupport_introspection_cpp.dir/rosidl_typesupport_introspection_cpp/velodyne_msgs/msg/detail/velodyne_packet__type_support.cpp.o[0m
[1.740s] [ 38%] [32mBuilding CXX object CMakeFiles/velodyne_msgs__rosidl_typesupport_introspection_cpp.dir/rosidl_typesupport_introspection_cpp/velodyne_msgs/msg/detail/velodyne_scan__type_support.cpp.o[0m
[1.788s] [ 41%] [32mBuilding CXX object CMakeFiles/velodyne_msgs__rosidl_typesupport_fastrtps_cpp.dir/rosidl_typesupport_fastrtps_cpp/velodyne_msgs/msg/detail/dds_fastrtps/velodyne_scan__type_support.cpp.o[0m
[1.789s] [ 43%] [32mBuilding CXX object CMakeFiles/velodyne_msgs__rosidl_typesupport_fastrtps_cpp.dir/rosidl_typesupport_fastrtps_cpp/velodyne_msgs/msg/detail/dds_fastrtps/velodyne_packet__type_support.cpp.o[0m
[1.829s] [ 48%] [32mBuilding C object CMakeFiles/velodyne_msgs__rosidl_typesupport_introspection_c.dir/rosidl_typesupport_introspection_c/velodyne_msgs/msg/detail/velodyne_scan__type_support.c.o[0m
[1.830s] [ 48%] [32mBuilding C object CMakeFiles/velodyne_msgs__rosidl_typesupport_introspection_c.dir/rosidl_typesupport_introspection_c/velodyne_msgs/msg/detail/velodyne_packet__type_support.c.o[0m
[1.864s] [ 51%] [32m[1mLinking C shared library libvelodyne_msgs__rosidl_typesupport_introspection_c.so[0m
[1.886s] [ 51%] Built target velodyne_msgs__rosidl_typesupport_introspection_c
[1.892s] [ 53%] [32m[1mLinking CXX shared library libvelodyne_msgs__rosidl_typesupport_cpp.so[0m
[1.906s] [ 56%] [32mBuilding CXX object CMakeFiles/velodyne_msgs__rosidl_typesupport_c.dir/rosidl_typesupport_c/velodyne_msgs/msg/velodyne_scan__type_support.cpp.o[0m
[1.907s] [ 58%] [32mBuilding CXX object CMakeFiles/velodyne_msgs__rosidl_typesupport_c.dir/rosidl_typesupport_c/velodyne_msgs/msg/velodyne_packet__type_support.cpp.o[0m
[1.918s] [ 58%] Built target velodyne_msgs__rosidl_typesupport_cpp
[1.927s] [ 61%] [32m[1mLinking CXX shared library libvelodyne_msgs__rosidl_typesupport_c.so[0m
[1.932s] [ 66%] [32mBuilding CXX object CMakeFiles/velodyne_msgs__rosidl_typesupport_fastrtps_c.dir/rosidl_typesupport_fastrtps_c/velodyne_msgs/msg/detail/velodyne_packet__type_support_c.cpp.o[0m
[1.932s] [ 66%] [32mBuilding CXX object CMakeFiles/velodyne_msgs__rosidl_typesupport_fastrtps_c.dir/rosidl_typesupport_fastrtps_c/velodyne_msgs/msg/detail/velodyne_scan__type_support_c.cpp.o[0m
[1.964s] [ 66%] Built target velodyne_msgs__rosidl_typesupport_c
[2.128s] [ 69%] [32m[1mLinking CXX shared library libvelodyne_msgs__rosidl_typesupport_introspection_cpp.so[0m
[2.192s] [ 71%] [32m[1mLinking CXX shared library libvelodyne_msgs__rosidl_typesupport_fastrtps_cpp.so[0m
[2.196s] [ 71%] Built target velodyne_msgs__rosidl_typesupport_introspection_cpp
[2.225s] [ 74%] [32m[1mLinking CXX shared library libvelodyne_msgs__rosidl_typesupport_fastrtps_c.so[0m
[2.246s] [ 74%] Built target velodyne_msgs__rosidl_typesupport_fastrtps_cpp
[2.282s] [ 74%] Built target velodyne_msgs__rosidl_typesupport_fastrtps_c
[2.302s] [ 74%] Built target velodyne_msgs
[2.320s] [ 76%] [34m[1mGenerating Python code for ROS interfaces[0m
[2.597s] [ 76%] Built target velodyne_msgs__py
[2.616s] [ 79%] [32mBuilding C object CMakeFiles/velodyne_msgs__rosidl_generator_py.dir/rosidl_generator_py/velodyne_msgs/msg/_velodyne_packet_s.c.o[0m
[2.618s] [ 82%] [32mBuilding C object CMakeFiles/velodyne_msgs__rosidl_generator_py.dir/rosidl_generator_py/velodyne_msgs/msg/_velodyne_scan_s.c.o[0m
[2.709s] [ 84%] [32m[1mLinking C shared library rosidl_generator_py/velodyne_msgs/libvelodyne_msgs__rosidl_generator_py.so[0m
[2.747s] [ 84%] Built target velodyne_msgs__rosidl_generator_py
[2.762s] [ 87%] [32mBuilding C object CMakeFiles/velodyne_msgs__rosidl_typesupport_c__pyext.dir/rosidl_generator_py/velodyne_msgs/_velodyne_msgs_s.ep.rosidl_typesupport_c.c.o[0m
[2.766s] [ 89%] [32mBuilding C object CMakeFiles/velodyne_msgs__rosidl_typesupport_fastrtps_c__pyext.dir/rosidl_generator_py/velodyne_msgs/_velodyne_msgs_s.ep.rosidl_typesupport_fastrtps_c.c.o[0m
[2.767s] [ 92%] [32mBuilding C object CMakeFiles/velodyne_msgs__rosidl_typesupport_introspection_c__pyext.dir/rosidl_generator_py/velodyne_msgs/_velodyne_msgs_s.ep.rosidl_typesupport_introspection_c.c.o[0m
[2.837s] [ 94%] [32m[1mLinking C shared library rosidl_generator_py/velodyne_msgs/velodyne_msgs_s__rosidl_typesupport_fastrtps_c.cpython-310-x86_64-linux-gnu.so[0m
[2.854s] [ 97%] [32m[1mLinking C shared library rosidl_generator_py/velodyne_msgs/velodyne_msgs_s__rosidl_typesupport_c.cpython-310-x86_64-linux-gnu.so[0m
[2.859s] [100%] [32m[1mLinking C shared library rosidl_generator_py/velodyne_msgs/velodyne_msgs_s__rosidl_typesupport_introspection_c.cpython-310-x86_64-linux-gnu.so[0m
[2.868s] [100%] Built target velodyne_msgs__rosidl_typesupport_fastrtps_c__pyext
[2.890s] [100%] Built target velodyne_msgs__rosidl_typesupport_introspection_c__pyext
[2.890s] [100%] Built target velodyne_msgs__rosidl_typesupport_c__pyext
[2.902s] Invoked command in '/home/aiv/ev_ws/perception/build/velodyne_msgs' returned '0': CMAKE_PREFIX_PATH=${CMAKE_PREFIX_PATH}:/opt/ros/humble /usr/bin/cmake --build /home/aiv/ev_ws/perception/build/velodyne_msgs -- -j28 -l28
[2.914s] Invoking command in '/home/aiv/ev_ws/perception/build/velodyne_msgs': CMAKE_PREFIX_PATH=${CMAKE_PREFIX_PATH}:/opt/ros/humble /usr/bin/cmake --install /home/aiv/ev_ws/perception/build/velodyne_msgs
[2.922s] -- Install configuration: ""
[2.922s] -- Execute custom install script
[2.922s] -- Symlinking: /home/aiv/ev_ws/perception/install/velodyne_msgs/share/ament_index/resource_index/rosidl_interfaces/velodyne_msgs
[2.933s] -- Symlinking: /home/aiv/ev_ws/perception/install/velodyne_msgs/include/velodyne_msgs/velodyne_msgs/msg/detail/velodyne_packet__functions.h
[2.942s] -- Symlinking: /home/aiv/ev_ws/perception/install/velodyne_msgs/include/velodyne_msgs/velodyne_msgs/msg/detail/velodyne_packet__struct.h
[2.952s] -- Symlinking: /home/aiv/ev_ws/perception/install/velodyne_msgs/include/velodyne_msgs/velodyne_msgs/msg/detail/velodyne_packet__type_support.h
[2.961s] -- Symlinking: /home/aiv/ev_ws/perception/install/velodyne_msgs/include/velodyne_msgs/velodyne_msgs/msg/detail/velodyne_scan__functions.h
[2.971s] -- Symlinking: /home/aiv/ev_ws/perception/install/velodyne_msgs/include/velodyne_msgs/velodyne_msgs/msg/detail/velodyne_scan__struct.h
[2.981s] -- Symlinking: /home/aiv/ev_ws/perception/install/velodyne_msgs/include/velodyne_msgs/velodyne_msgs/msg/detail/velodyne_scan__type_support.h
[2.990s] -- Symlinking: /home/aiv/ev_ws/perception/install/velodyne_msgs/include/velodyne_msgs/velodyne_msgs/msg/rosidl_generator_c__visibility_control.h
[3.000s] -- Symlinking: /home/aiv/ev_ws/perception/install/velodyne_msgs/include/velodyne_msgs/velodyne_msgs/msg/velodyne_packet.h
[3.009s] -- Symlinking: /home/aiv/ev_ws/perception/install/velodyne_msgs/include/velodyne_msgs/velodyne_msgs/msg/velodyne_scan.h
[3.019s] -- Symlinking: /home/aiv/ev_ws/perception/install/velodyne_msgs/share/velodyne_msgs/environment/library_path.sh
[3.025s] -- Symlinking: /home/aiv/ev_ws/perception/install/velodyne_msgs/share/velodyne_msgs/environment/library_path.dsv
[3.033s] -- Symlinking: /home/aiv/ev_ws/perception/install/velodyne_msgs/include/velodyne_msgs/velodyne_msgs/msg/detail/velodyne_packet__rosidl_typesupport_fastrtps_c.h
[3.042s] -- Symlinking: /home/aiv/ev_ws/perception/install/velodyne_msgs/include/velodyne_msgs/velodyne_msgs/msg/detail/velodyne_scan__rosidl_typesupport_fastrtps_c.h
[3.049s] -- Symlinking: /home/aiv/ev_ws/perception/install/velodyne_msgs/include/velodyne_msgs/velodyne_msgs/msg/rosidl_typesupport_fastrtps_c__visibility_control.h
[3.058s] -- Symlinking: /home/aiv/ev_ws/perception/install/velodyne_msgs/include/velodyne_msgs/velodyne_msgs/msg/detail/velodyne_packet__builder.hpp
[3.065s] -- Symlinking: /home/aiv/ev_ws/perception/install/velodyne_msgs/include/velodyne_msgs/velodyne_msgs/msg/detail/velodyne_packet__struct.hpp
[3.074s] -- Symlinking: /home/aiv/ev_ws/perception/install/velodyne_msgs/include/velodyne_msgs/velodyne_msgs/msg/detail/velodyne_packet__traits.hpp
[3.083s] -- Symlinking: /home/aiv/ev_ws/perception/install/velodyne_msgs/include/velodyne_msgs/velodyne_msgs/msg/detail/velodyne_packet__type_support.hpp
[3.090s] -- Symlinking: /home/aiv/ev_ws/perception/install/velodyne_msgs/include/velodyne_msgs/velodyne_msgs/msg/detail/velodyne_scan__builder.hpp
[3.100s] -- Symlinking: /home/aiv/ev_ws/perception/install/velodyne_msgs/include/velodyne_msgs/velodyne_msgs/msg/detail/velodyne_scan__struct.hpp
[3.106s] -- Symlinking: /home/aiv/ev_ws/perception/install/velodyne_msgs/include/velodyne_msgs/velodyne_msgs/msg/detail/velodyne_scan__traits.hpp
[3.116s] -- Symlinking: /home/aiv/ev_ws/perception/install/velodyne_msgs/include/velodyne_msgs/velodyne_msgs/msg/detail/velodyne_scan__type_support.hpp
[3.124s] -- Symlinking: /home/aiv/ev_ws/perception/install/velodyne_msgs/include/velodyne_msgs/velodyne_msgs/msg/rosidl_generator_cpp__visibility_control.hpp
[3.135s] -- Symlinking: /home/aiv/ev_ws/perception/install/velodyne_msgs/include/velodyne_msgs/velodyne_msgs/msg/velodyne_packet.hpp
[3.146s] -- Symlinking: /home/aiv/ev_ws/perception/install/velodyne_msgs/include/velodyne_msgs/velodyne_msgs/msg/velodyne_scan.hpp
[3.152s] -- Symlinking: /home/aiv/ev_ws/perception/install/velodyne_msgs/include/velodyne_msgs/velodyne_msgs/msg/detail/velodyne_packet__rosidl_typesupport_fastrtps_cpp.hpp
[3.161s] -- Symlinking: /home/aiv/ev_ws/perception/install/velodyne_msgs/include/velodyne_msgs/velodyne_msgs/msg/detail/velodyne_scan__rosidl_typesupport_fastrtps_cpp.hpp
[3.171s] -- Symlinking: /home/aiv/ev_ws/perception/install/velodyne_msgs/include/velodyne_msgs/velodyne_msgs/msg/rosidl_typesupport_fastrtps_cpp__visibility_control.h
[3.181s] -- Symlinking: /home/aiv/ev_ws/perception/install/velodyne_msgs/include/velodyne_msgs/velodyne_msgs/msg/detail/velodyne_packet__rosidl_typesupport_introspection_c.h
[3.191s] -- Symlinking: /home/aiv/ev_ws/perception/install/velodyne_msgs/include/velodyne_msgs/velodyne_msgs/msg/detail/velodyne_scan__rosidl_typesupport_introspection_c.h
[3.198s] -- Symlinking: /home/aiv/ev_ws/perception/install/velodyne_msgs/include/velodyne_msgs/velodyne_msgs/msg/rosidl_typesupport_introspection_c__visibility_control.h
[3.205s] -- Symlinking: /home/aiv/ev_ws/perception/install/velodyne_msgs/include/velodyne_msgs/velodyne_msgs/msg/detail/velodyne_packet__rosidl_typesupport_introspection_cpp.hpp
[3.212s] -- Symlinking: /home/aiv/ev_ws/perception/install/velodyne_msgs/include/velodyne_msgs/velodyne_msgs/msg/detail/velodyne_scan__rosidl_typesupport_introspection_cpp.hpp
[3.224s] -- Symlinking: /home/aiv/ev_ws/perception/install/velodyne_msgs/share/velodyne_msgs/environment/pythonpath.sh
[3.235s] -- Symlinking: /home/aiv/ev_ws/perception/install/velodyne_msgs/share/velodyne_msgs/environment/pythonpath.dsv
[3.243s] -- Symlinking: /home/aiv/ev_ws/perception/install/velodyne_msgs/local/lib/python3.10/dist-packages/velodyne_msgs-2.5.1-py3.10.egg-info/PKG-INFO
[3.250s] -- Symlinking: /home/aiv/ev_ws/perception/install/velodyne_msgs/local/lib/python3.10/dist-packages/velodyne_msgs-2.5.1-py3.10.egg-info/SOURCES.txt
[3.260s] -- Symlinking: /home/aiv/ev_ws/perception/install/velodyne_msgs/local/lib/python3.10/dist-packages/velodyne_msgs-2.5.1-py3.10.egg-info/dependency_links.txt
[3.273s] -- Symlinking: /home/aiv/ev_ws/perception/install/velodyne_msgs/local/lib/python3.10/dist-packages/velodyne_msgs-2.5.1-py3.10.egg-info/top_level.txt
[3.282s] -- Symlinking: /home/aiv/ev_ws/perception/install/velodyne_msgs/local/lib/python3.10/dist-packages/velodyne_msgs/__init__.py
[3.288s] -- Symlinking: /home/aiv/ev_ws/perception/install/velodyne_msgs/local/lib/python3.10/dist-packages/velodyne_msgs/_velodyne_msgs_s.ep.rosidl_typesupport_c.c
[3.296s] -- Symlinking: /home/aiv/ev_ws/perception/install/velodyne_msgs/local/lib/python3.10/dist-packages/velodyne_msgs/_velodyne_msgs_s.ep.rosidl_typesupport_fastrtps_c.c
[3.305s] -- Symlinking: /home/aiv/ev_ws/perception/install/velodyne_msgs/local/lib/python3.10/dist-packages/velodyne_msgs/_velodyne_msgs_s.ep.rosidl_typesupport_introspection_c.c
[3.313s] -- Symlinking: /home/aiv/ev_ws/perception/install/velodyne_msgs/local/lib/python3.10/dist-packages/velodyne_msgs/libvelodyne_msgs__rosidl_generator_py.so
[3.322s] -- Symlinking: /home/aiv/ev_ws/perception/install/velodyne_msgs/local/lib/python3.10/dist-packages/velodyne_msgs/msg/__init__.py
[3.331s] -- Symlinking: /home/aiv/ev_ws/perception/install/velodyne_msgs/local/lib/python3.10/dist-packages/velodyne_msgs/msg/_velodyne_packet.py
[3.340s] -- Symlinking: /home/aiv/ev_ws/perception/install/velodyne_msgs/local/lib/python3.10/dist-packages/velodyne_msgs/msg/_velodyne_packet_s.c
[3.348s] -- Symlinking: /home/aiv/ev_ws/perception/install/velodyne_msgs/local/lib/python3.10/dist-packages/velodyne_msgs/msg/_velodyne_scan.py
[3.357s] -- Symlinking: /home/aiv/ev_ws/perception/install/velodyne_msgs/local/lib/python3.10/dist-packages/velodyne_msgs/msg/_velodyne_scan_s.c
[3.365s] -- Symlinking: /home/aiv/ev_ws/perception/install/velodyne_msgs/local/lib/python3.10/dist-packages/velodyne_msgs/velodyne_msgs_s__rosidl_typesupport_c.cpython-310-x86_64-linux-gnu.so
[3.371s] -- Symlinking: /home/aiv/ev_ws/perception/install/velodyne_msgs/local/lib/python3.10/dist-packages/velodyne_msgs/velodyne_msgs_s__rosidl_typesupport_fastrtps_c.cpython-310-x86_64-linux-gnu.so
[3.380s] -- Symlinking: /home/aiv/ev_ws/perception/install/velodyne_msgs/local/lib/python3.10/dist-packages/velodyne_msgs/velodyne_msgs_s__rosidl_typesupport_introspection_c.cpython-310-x86_64-linux-gnu.so
[3.386s] -- Up-to-date symlink: /home/aiv/ev_ws/perception/install/velodyne_msgs/local/lib/python3.10/dist-packages/velodyne_msgs/velodyne_msgs_s__rosidl_typesupport_fastrtps_c.cpython-310-x86_64-linux-gnu.so
[3.386s] -- Up-to-date symlink: /home/aiv/ev_ws/perception/install/velodyne_msgs/local/lib/python3.10/dist-packages/velodyne_msgs/velodyne_msgs_s__rosidl_typesupport_introspection_c.cpython-310-x86_64-linux-gnu.so
[3.386s] -- Up-to-date symlink: /home/aiv/ev_ws/perception/install/velodyne_msgs/local/lib/python3.10/dist-packages/velodyne_msgs/velodyne_msgs_s__rosidl_typesupport_c.cpython-310-x86_64-linux-gnu.so
[3.386s] -- Symlinking: /home/aiv/ev_ws/perception/install/velodyne_msgs/share/velodyne_msgs/msg/VelodynePacket.idl
[3.395s] -- Symlinking: /home/aiv/ev_ws/perception/install/velodyne_msgs/share/velodyne_msgs/msg/VelodyneScan.idl
[3.403s] -- Symlinking: /home/aiv/ev_ws/perception/install/velodyne_msgs/share/velodyne_msgs/msg/VelodynePacket.msg
[3.412s] -- Symlinking: /home/aiv/ev_ws/perception/install/velodyne_msgs/share/velodyne_msgs/msg/VelodyneScan.msg
[3.422s] -- Symlinking: /home/aiv/ev_ws/perception/install/velodyne_msgs/share/ament_index/resource_index/package_run_dependencies/velodyne_msgs
[3.431s] -- Symlinking: /home/aiv/ev_ws/perception/install/velodyne_msgs/share/ament_index/resource_index/parent_prefix_path/velodyne_msgs
[3.440s] -- Symlinking: /home/aiv/ev_ws/perception/install/velodyne_msgs/share/velodyne_msgs/environment/ament_prefix_path.sh
[3.449s] -- Symlinking: /home/aiv/ev_ws/perception/install/velodyne_msgs/share/velodyne_msgs/environment/ament_prefix_path.dsv
[3.458s] -- Symlinking: /home/aiv/ev_ws/perception/install/velodyne_msgs/share/velodyne_msgs/environment/path.sh
[3.467s] -- Symlinking: /home/aiv/ev_ws/perception/install/velodyne_msgs/share/velodyne_msgs/environment/path.dsv
[3.476s] -- Symlinking: /home/aiv/ev_ws/perception/install/velodyne_msgs/share/velodyne_msgs/local_setup.bash
[3.485s] -- Symlinking: /home/aiv/ev_ws/perception/install/velodyne_msgs/share/velodyne_msgs/local_setup.sh
[3.494s] -- Symlinking: /home/aiv/ev_ws/perception/install/velodyne_msgs/share/velodyne_msgs/local_setup.zsh
[3.500s] -- Symlinking: /home/aiv/ev_ws/perception/install/velodyne_msgs/share/velodyne_msgs/local_setup.dsv
[3.508s] -- Symlinking: /home/aiv/ev_ws/perception/install/velodyne_msgs/share/velodyne_msgs/package.dsv
[3.516s] -- Symlinking: /home/aiv/ev_ws/perception/install/velodyne_msgs/share/ament_index/resource_index/packages/velodyne_msgs
[3.524s] -- Symlinking: /home/aiv/ev_ws/perception/install/velodyne_msgs/share/velodyne_msgs/cmake/rosidl_cmake-extras.cmake
[3.533s] -- Symlinking: /home/aiv/ev_ws/perception/install/velodyne_msgs/share/velodyne_msgs/cmake/ament_cmake_export_dependencies-extras.cmake
[3.542s] -- Symlinking: /home/aiv/ev_ws/perception/install/velodyne_msgs/share/velodyne_msgs/cmake/ament_cmake_export_include_directories-extras.cmake
[3.551s] -- Symlinking: /home/aiv/ev_ws/perception/install/velodyne_msgs/share/velodyne_msgs/cmake/ament_cmake_export_libraries-extras.cmake
[3.557s] -- Symlinking: /home/aiv/ev_ws/perception/install/velodyne_msgs/share/velodyne_msgs/cmake/ament_cmake_export_targets-extras.cmake
[3.566s] -- Symlinking: /home/aiv/ev_ws/perception/install/velodyne_msgs/share/velodyne_msgs/cmake/rosidl_cmake_export_typesupport_targets-extras.cmake
[3.575s] -- Symlinking: /home/aiv/ev_ws/perception/install/velodyne_msgs/share/velodyne_msgs/cmake/rosidl_cmake_export_typesupport_libraries-extras.cmake
[3.582s] -- Symlinking: /home/aiv/ev_ws/perception/install/velodyne_msgs/share/velodyne_msgs/cmake/velodyne_msgsConfig.cmake
[3.587s] -- Symlinking: /home/aiv/ev_ws/perception/install/velodyne_msgs/share/velodyne_msgs/cmake/velodyne_msgsConfig-version.cmake
[3.593s] -- Symlinking: /home/aiv/ev_ws/perception/install/velodyne_msgs/share/velodyne_msgs/package.xml
[3.600s] -- Installing: /home/aiv/ev_ws/perception/install/velodyne_msgs/lib/libvelodyne_msgs__rosidl_generator_c.so
[3.600s] -- Set runtime path of "/home/aiv/ev_ws/perception/install/velodyne_msgs/lib/libvelodyne_msgs__rosidl_generator_c.so" to ""
[3.600s] -- Installing: /home/aiv/ev_ws/perception/install/velodyne_msgs/lib/libvelodyne_msgs__rosidl_typesupport_fastrtps_c.so
[3.600s] -- Set runtime path of "/home/aiv/ev_ws/perception/install/velodyne_msgs/lib/libvelodyne_msgs__rosidl_typesupport_fastrtps_c.so" to ""
[3.600s] -- Installing: /home/aiv/ev_ws/perception/install/velodyne_msgs/lib/libvelodyne_msgs__rosidl_typesupport_fastrtps_cpp.so
[3.601s] -- Set runtime path of "/home/aiv/ev_ws/perception/install/velodyne_msgs/lib/libvelodyne_msgs__rosidl_typesupport_fastrtps_cpp.so" to ""
[3.601s] -- Installing: /home/aiv/ev_ws/perception/install/velodyne_msgs/lib/libvelodyne_msgs__rosidl_typesupport_introspection_c.so
[3.601s] -- Set runtime path of "/home/aiv/ev_ws/perception/install/velodyne_msgs/lib/libvelodyne_msgs__rosidl_typesupport_introspection_c.so" to ""
[3.601s] -- Installing: /home/aiv/ev_ws/perception/install/velodyne_msgs/lib/libvelodyne_msgs__rosidl_typesupport_c.so
[3.601s] -- Set runtime path of "/home/aiv/ev_ws/perception/install/velodyne_msgs/lib/libvelodyne_msgs__rosidl_typesupport_c.so" to ""
[3.601s] -- Installing: /home/aiv/ev_ws/perception/install/velodyne_msgs/lib/libvelodyne_msgs__rosidl_typesupport_introspection_cpp.so
[3.602s] -- Set runtime path of "/home/aiv/ev_ws/perception/install/velodyne_msgs/lib/libvelodyne_msgs__rosidl_typesupport_introspection_cpp.so" to ""
[3.602s] -- Installing: /home/aiv/ev_ws/perception/install/velodyne_msgs/lib/libvelodyne_msgs__rosidl_typesupport_cpp.so
[3.602s] -- Set runtime path of "/home/aiv/ev_ws/perception/install/velodyne_msgs/lib/libvelodyne_msgs__rosidl_typesupport_cpp.so" to ""
[3.634s] Listing '/home/aiv/ev_ws/perception/install/velodyne_msgs/local/lib/python3.10/dist-packages/velodyne_msgs'...
[3.634s] Compiling '/home/aiv/ev_ws/perception/install/velodyne_msgs/local/lib/python3.10/dist-packages/velodyne_msgs/__init__.py'...
[3.634s] Listing '/home/aiv/ev_ws/perception/install/velodyne_msgs/local/lib/python3.10/dist-packages/velodyne_msgs/msg'...
[3.635s] Compiling '/home/aiv/ev_ws/perception/install/velodyne_msgs/local/lib/python3.10/dist-packages/velodyne_msgs/msg/__init__.py'...
[3.635s] Compiling '/home/aiv/ev_ws/perception/install/velodyne_msgs/local/lib/python3.10/dist-packages/velodyne_msgs/msg/_velodyne_packet.py'...
[3.635s] Compiling '/home/aiv/ev_ws/perception/install/velodyne_msgs/local/lib/python3.10/dist-packages/velodyne_msgs/msg/_velodyne_scan.py'...
[3.639s] -- Installing: /home/aiv/ev_ws/perception/install/velodyne_msgs/lib/libvelodyne_msgs__rosidl_generator_py.so
[3.639s] -- Set runtime path of "/home/aiv/ev_ws/perception/install/velodyne_msgs/lib/libvelodyne_msgs__rosidl_generator_py.so" to ""
[3.639s] -- Installing: /home/aiv/ev_ws/perception/install/velodyne_msgs/share/velodyne_msgs/cmake/export_velodyne_msgs__rosidl_generator_cExport.cmake
[3.639s] -- Installing: /home/aiv/ev_ws/perception/install/velodyne_msgs/share/velodyne_msgs/cmake/export_velodyne_msgs__rosidl_generator_cExport-noconfig.cmake
[3.639s] -- Installing: /home/aiv/ev_ws/perception/install/velodyne_msgs/share/velodyne_msgs/cmake/export_velodyne_msgs__rosidl_typesupport_fastrtps_cExport.cmake
[3.639s] -- Installing: /home/aiv/ev_ws/perception/install/velodyne_msgs/share/velodyne_msgs/cmake/export_velodyne_msgs__rosidl_typesupport_fastrtps_cExport-noconfig.cmake
[3.639s] -- Installing: /home/aiv/ev_ws/perception/install/velodyne_msgs/share/velodyne_msgs/cmake/export_velodyne_msgs__rosidl_generator_cppExport.cmake
[3.640s] -- Installing: /home/aiv/ev_ws/perception/install/velodyne_msgs/share/velodyne_msgs/cmake/export_velodyne_msgs__rosidl_typesupport_fastrtps_cppExport.cmake
[3.640s] -- Installing: /home/aiv/ev_ws/perception/install/velodyne_msgs/share/velodyne_msgs/cmake/export_velodyne_msgs__rosidl_typesupport_fastrtps_cppExport-noconfig.cmake
[3.640s] -- Installing: /home/aiv/ev_ws/perception/install/velodyne_msgs/share/velodyne_msgs/cmake/velodyne_msgs__rosidl_typesupport_introspection_cExport.cmake
[3.640s] -- Installing: /home/aiv/ev_ws/perception/install/velodyne_msgs/share/velodyne_msgs/cmake/velodyne_msgs__rosidl_typesupport_introspection_cExport-noconfig.cmake
[3.640s] -- Installing: /home/aiv/ev_ws/perception/install/velodyne_msgs/share/velodyne_msgs/cmake/velodyne_msgs__rosidl_typesupport_cExport.cmake
[3.640s] -- Installing: /home/aiv/ev_ws/perception/install/velodyne_msgs/share/velodyne_msgs/cmake/velodyne_msgs__rosidl_typesupport_cExport-noconfig.cmake
[3.640s] -- Installing: /home/aiv/ev_ws/perception/install/velodyne_msgs/share/velodyne_msgs/cmake/velodyne_msgs__rosidl_typesupport_introspection_cppExport.cmake
[3.640s] -- Installing: /home/aiv/ev_ws/perception/install/velodyne_msgs/share/velodyne_msgs/cmake/velodyne_msgs__rosidl_typesupport_introspection_cppExport-noconfig.cmake
[3.640s] -- Installing: /home/aiv/ev_ws/perception/install/velodyne_msgs/share/velodyne_msgs/cmake/velodyne_msgs__rosidl_typesupport_cppExport.cmake
[3.640s] -- Installing: /home/aiv/ev_ws/perception/install/velodyne_msgs/share/velodyne_msgs/cmake/velodyne_msgs__rosidl_typesupport_cppExport-noconfig.cmake
[3.641s] -- Installing: /home/aiv/ev_ws/perception/install/velodyne_msgs/share/velodyne_msgs/cmake/export_velodyne_msgs__rosidl_generator_pyExport.cmake
[3.641s] -- Installing: /home/aiv/ev_ws/perception/install/velodyne_msgs/share/velodyne_msgs/cmake/export_velodyne_msgs__rosidl_generator_pyExport-noconfig.cmake
[3.643s] Invoked command in '/home/aiv/ev_ws/perception/build/velodyne_msgs' returned '0': CMAKE_PREFIX_PATH=${CMAKE_PREFIX_PATH}:/opt/ros/humble /usr/bin/cmake --install /home/aiv/ev_ws/perception/build/velodyne_msgs
