[0.013s] Invoking command in '/home/aiv/ev_ws/perception/build/patchworkpp': CMAKE_PREFIX_PATH=${CMAKE_PREFIX_PATH}:/opt/ros/humble /usr/bin/cmake --build /home/aiv/ev_ws/perception/build/patchworkpp -- -j28 -l28
[0.035s] [35m[1mConsolidate compiler generated dependencies of target ground_seg_cores[0m
[0.038s] [35m[1mConsolidate compiler generated dependencies of target patchworkpp_node[0m
[0.043s] [ 33%] Built target ground_seg_cores
[0.052s] [35m[1mConsolidate compiler generated dependencies of target gseg_component[0m
[0.052s] [ 66%] Built target patchworkpp_node
[0.066s] [100%] Built target gseg_component
[0.071s] Invoked command in '/home/aiv/ev_ws/perception/build/patchworkpp' returned '0': CMAKE_PREFIX_PATH=${CMAKE_PREFIX_PATH}:/opt/ros/humble /usr/bin/cmake --build /home/aiv/ev_ws/perception/build/patchworkpp -- -j28 -l28
[0.071s] Invoking command in '/home/aiv/ev_ws/perception/build/patchworkpp': CMAKE_PREFIX_PATH=${CMAKE_PREFIX_PATH}:/opt/ros/humble /usr/bin/cmake --install /home/aiv/ev_ws/perception/build/patchworkpp
[0.076s] -- Install configuration: "Release"
[0.076s] -- Installing: /home/aiv/ev_ws/perception/install/patchworkpp/include
[0.076s] -- Installing: /home/aiv/ev_ws/perception/install/patchworkpp/include/patchwork
[0.076s] -- Installing: /home/aiv/ev_ws/perception/install/patchworkpp/include/patchwork/patchworkpp.h
[0.076s] -- Installing: /home/aiv/ev_ws/perception/install/patchworkpp/lib/libground_seg_cores.a
[0.076s] -- Installing: /home/aiv/ev_ws/perception/install/patchworkpp/lib/cmake/patchworkpp/patchworkppConfig.cmake
[0.077s] -- Installing: /home/aiv/ev_ws/perception/install/patchworkpp/lib/cmake/patchworkpp/patchworkppConfig-release.cmake
[0.077s] -- Installing: /home/aiv/ev_ws/perception/install/patchworkpp/lib/cmake/patchworkpp/patchworkppTargets.cmake
[0.077s] -- Installing: /home/aiv/ev_ws/perception/install/patchworkpp/lib/cmake/patchworkpp/patchworkppTargets-release.cmake
[0.077s] -- Execute custom install script
[0.077s] -- Symlinking: /home/aiv/ev_ws/perception/install/patchworkpp/lib/patchworkpp/patchworkpp_node
[0.083s] -- Symlinking: /home/aiv/ev_ws/perception/install/patchworkpp/lib/libgseg_component.so
[0.087s] -- Symlinking: /home/aiv/ev_ws/perception/install/patchworkpp/share/patchworkpp//launch/patchworkpp.launch.py
[0.092s] -- Symlinking: /home/aiv/ev_ws/perception/install/patchworkpp/share/patchworkpp//rviz/patchworkpp.rviz
[0.099s] -- Symlinking: /home/aiv/ev_ws/perception/install/patchworkpp/share/ament_index/resource_index/package_run_dependencies/patchworkpp
[0.106s] -- Symlinking: /home/aiv/ev_ws/perception/install/patchworkpp/share/ament_index/resource_index/parent_prefix_path/patchworkpp
[0.113s] -- Symlinking: /home/aiv/ev_ws/perception/install/patchworkpp/share/patchworkpp/environment/ament_prefix_path.sh
[0.118s] -- Symlinking: /home/aiv/ev_ws/perception/install/patchworkpp/share/patchworkpp/environment/ament_prefix_path.dsv
[0.125s] -- Symlinking: /home/aiv/ev_ws/perception/install/patchworkpp/share/patchworkpp/environment/path.sh
[0.131s] -- Symlinking: /home/aiv/ev_ws/perception/install/patchworkpp/share/patchworkpp/environment/path.dsv
[0.137s] -- Symlinking: /home/aiv/ev_ws/perception/install/patchworkpp/share/patchworkpp/local_setup.bash
[0.141s] -- Symlinking: /home/aiv/ev_ws/perception/install/patchworkpp/share/patchworkpp/local_setup.sh
[0.148s] -- Symlinking: /home/aiv/ev_ws/perception/install/patchworkpp/share/patchworkpp/local_setup.zsh
[0.154s] -- Symlinking: /home/aiv/ev_ws/perception/install/patchworkpp/share/patchworkpp/local_setup.dsv
[0.159s] -- Symlinking: /home/aiv/ev_ws/perception/install/patchworkpp/share/patchworkpp/package.dsv
[0.166s] -- Symlinking: /home/aiv/ev_ws/perception/install/patchworkpp/share/ament_index/resource_index/packages/patchworkpp
[0.172s] -- Symlinking: /home/aiv/ev_ws/perception/install/patchworkpp/share/ament_index/resource_index/rclcpp_components/patchworkpp
[0.179s] -- Symlinking: /home/aiv/ev_ws/perception/install/patchworkpp/share/patchworkpp/cmake/patchworkppConfig.cmake
[0.186s] -- Symlinking: /home/aiv/ev_ws/perception/install/patchworkpp/share/patchworkpp/cmake/patchworkppConfig-version.cmake
[0.193s] -- Symlinking: /home/aiv/ev_ws/perception/install/patchworkpp/share/patchworkpp/package.xml
[0.199s] Invoked command in '/home/aiv/ev_ws/perception/build/patchworkpp' returned '0': CMAKE_PREFIX_PATH=${CMAKE_PREFIX_PATH}:/opt/ros/humble /usr/bin/cmake --install /home/aiv/ev_ws/perception/build/patchworkpp
