[0.008s] Invoking command in '/home/aiv/ev_ws/planning/build/planning_lc_ver': CMAKE_PREFIX_PATH=${CMAKE_PREFIX_PATH}:/opt/ros/humble /usr/bin/cmake --build /home/aiv/ev_ws/planning/build/planning_lc_ver -- -j28 -l28
[0.035s] [35m[1mConsolidate compiler generated dependencies of target planning_lc_chainer[0m
[0.037s] [35m[1mConsolidate compiler generated dependencies of target planning_lc_postprocess[0m
[0.037s] [35m[1mConsolidate compiler generated dependencies of target planning_lc_planner[0m
[0.037s] [35m[1mConsolidate compiler generated dependencies of target lc_planner_node_exe[0m
[0.037s] [35m[1mConsolidate compiler generated dependencies of target planning_lc_costmap[0m
[0.046s] [ 16%] Built target planning_lc_chainer
[0.047s] [ 33%] Built target planning_lc_postprocess
[0.048s] [ 50%] Built target planning_lc_planner
[0.050s] [ 66%] Built target lc_planner_node_exe
[0.050s] [ 83%] Built target planning_lc_costmap
[0.058s] [35m[1mConsolidate compiler generated dependencies of target lc_planner_component[0m
[0.070s] [100%] Built target lc_planner_component
[0.077s] Invoked command in '/home/aiv/ev_ws/planning/build/planning_lc_ver' returned '0': CMAKE_PREFIX_PATH=${CMAKE_PREFIX_PATH}:/opt/ros/humble /usr/bin/cmake --build /home/aiv/ev_ws/planning/build/planning_lc_ver -- -j28 -l28
[0.083s] Invoking command in '/home/aiv/ev_ws/planning/build/planning_lc_ver': CMAKE_PREFIX_PATH=${CMAKE_PREFIX_PATH}:/opt/ros/humble /usr/bin/cmake --install /home/aiv/ev_ws/planning/build/planning_lc_ver
[0.087s] -- Install configuration: ""
[0.087s] -- Execute custom install script
[0.088s] -- Up-to-date symlink: /home/aiv/ev_ws/planning/install/planning_lc_ver/lib/libplanning_lc_chainer.so
[0.088s] -- Up-to-date symlink: /home/aiv/ev_ws/planning/install/planning_lc_ver/lib/libplanning_lc_costmap.so
[0.088s] -- Up-to-date symlink: /home/aiv/ev_ws/planning/install/planning_lc_ver/lib/libplanning_lc_planner.so
[0.088s] -- Up-to-date symlink: /home/aiv/ev_ws/planning/install/planning_lc_ver/lib/libplanning_lc_postprocess.so
[0.088s] -- Up-to-date symlink: /home/aiv/ev_ws/planning/install/planning_lc_ver/lib/planning_lc_ver/lc_planner_node_exe
[0.088s] -- Up-to-date symlink: /home/aiv/ev_ws/planning/install/planning_lc_ver/lib/liblc_planner_component.so
[0.088s] -- Up-to-date symlink: /home/aiv/ev_ws/planning/install/planning_lc_ver/include/planning_lc_ver/chainer/line_chainer.hpp
[0.088s] -- Up-to-date symlink: /home/aiv/ev_ws/planning/install/planning_lc_ver/include/planning_lc_ver/common/debug_publish.hpp
[0.088s] -- Up-to-date symlink: /home/aiv/ev_ws/planning/install/planning_lc_ver/include/planning_lc_ver/common/geometry.hpp
[0.088s] -- Up-to-date symlink: /home/aiv/ev_ws/planning/install/planning_lc_ver/include/planning_lc_ver/common/params.hpp
[0.088s] -- Up-to-date symlink: /home/aiv/ev_ws/planning/install/planning_lc_ver/include/planning_lc_ver/common/types.hpp
[0.089s] -- Up-to-date symlink: /home/aiv/ev_ws/planning/install/planning_lc_ver/include/planning_lc_ver/costmap/costmap_generator.hpp
[0.089s] -- Up-to-date symlink: /home/aiv/ev_ws/planning/install/planning_lc_ver/include/planning_lc_ver/nodes/lc_planner_node.hpp
[0.089s] -- Up-to-date symlink: /home/aiv/ev_ws/planning/install/planning_lc_ver/include/planning_lc_ver/planner/magnetic_planner.hpp
[0.089s] -- Up-to-date symlink: /home/aiv/ev_ws/planning/install/planning_lc_ver/include/planning_lc_ver/postprocess/path_postprocessor.hpp
[0.089s] -- Up-to-date symlink: /home/aiv/ev_ws/planning/install/planning_lc_ver/include/planning_lc_ver/safety/safety_checker.hpp
[0.089s] -- Up-to-date symlink: /home/aiv/ev_ws/planning/install/planning_lc_ver/share/planning_lc_ver/config/planning_lc.yaml
[0.089s] -- Up-to-date symlink: /home/aiv/ev_ws/planning/install/planning_lc_ver/share/planning_lc_ver/launch/planning_lc.launch.py
[0.089s] -- Up-to-date symlink: /home/aiv/ev_ws/planning/install/planning_lc_ver/share/ament_index/resource_index/package_run_dependencies/planning_lc_ver
[0.089s] -- Up-to-date symlink: /home/aiv/ev_ws/planning/install/planning_lc_ver/share/ament_index/resource_index/parent_prefix_path/planning_lc_ver
[0.089s] -- Up-to-date symlink: /home/aiv/ev_ws/planning/install/planning_lc_ver/share/planning_lc_ver/environment/ament_prefix_path.sh
[0.089s] -- Up-to-date symlink: /home/aiv/ev_ws/planning/install/planning_lc_ver/share/planning_lc_ver/environment/ament_prefix_path.dsv
[0.089s] -- Up-to-date symlink: /home/aiv/ev_ws/planning/install/planning_lc_ver/share/planning_lc_ver/environment/path.sh
[0.089s] -- Up-to-date symlink: /home/aiv/ev_ws/planning/install/planning_lc_ver/share/planning_lc_ver/environment/path.dsv
[0.089s] -- Up-to-date symlink: /home/aiv/ev_ws/planning/install/planning_lc_ver/share/planning_lc_ver/local_setup.bash
[0.089s] -- Up-to-date symlink: /home/aiv/ev_ws/planning/install/planning_lc_ver/share/planning_lc_ver/local_setup.sh
[0.090s] -- Up-to-date symlink: /home/aiv/ev_ws/planning/install/planning_lc_ver/share/planning_lc_ver/local_setup.zsh
[0.090s] -- Up-to-date symlink: /home/aiv/ev_ws/planning/install/planning_lc_ver/share/planning_lc_ver/local_setup.dsv
[0.090s] -- Symlinking: /home/aiv/ev_ws/planning/install/planning_lc_ver/share/planning_lc_ver/package.dsv
[0.095s] -- Up-to-date symlink: /home/aiv/ev_ws/planning/install/planning_lc_ver/share/ament_index/resource_index/packages/planning_lc_ver
[0.095s] -- Up-to-date symlink: /home/aiv/ev_ws/planning/install/planning_lc_ver/share/ament_index/resource_index/rclcpp_components/planning_lc_ver
[0.095s] -- Up-to-date symlink: /home/aiv/ev_ws/planning/install/planning_lc_ver/share/planning_lc_ver/cmake/planning_lc_verConfig.cmake
[0.095s] -- Up-to-date symlink: /home/aiv/ev_ws/planning/install/planning_lc_ver/share/planning_lc_ver/cmake/planning_lc_verConfig-version.cmake
[0.095s] -- Up-to-date symlink: /home/aiv/ev_ws/planning/install/planning_lc_ver/share/planning_lc_ver/package.xml
[0.096s] Invoked command in '/home/aiv/ev_ws/planning/build/planning_lc_ver' returned '0': CMAKE_PREFIX_PATH=${CMAKE_PREFIX_PATH}:/opt/ros/humble /usr/bin/cmake --install /home/aiv/ev_ws/planning/build/planning_lc_ver
