[0.026s] Invoking command in '/home/kimsohee/ev-1-5/ev-Autonomous-Vehicle-1-5/build/t870_rqt_plugin': AMENT_PREFIX_PATH=/home/kimsohee/ev-1-5/ev-Autonomous-Vehicle-1-5/install/t870_util:/home/kimsohee/ev-1-5/ev-Autonomous-Vehicle-1-5/install/t870_msgs:/home/kimsohee/ev-1-5/ev-Autonomous-Vehicle-1-5/install/t870_cmake:${AMENT_PREFIX_PATH} CMAKE_PREFIX_PATH=/home/kimsohee/ev-1-5/ev-Autonomous-Vehicle-1-5/install/t870_util:/home/kimsohee/ev-1-5/ev-Autonomous-Vehicle-1-5/install/t870_msgs:/home/kimsohee/ev-1-5/ev-Autonomous-Vehicle-1-5/install/t870_cmake:/opt/ros/humble LD_LIBRARY_PATH=/home/kimsohee/ev-1-5/ev-Autonomous-Vehicle-1-5/install/t870_util/lib:/home/kimsohee/ev-1-5/ev-Autonomous-Vehicle-1-5/install/t870_msgs/lib:${LD_LIBRARY_PATH} PYTHONPATH=/home/kimsohee/ev-1-5/ev-Autonomous-Vehicle-1-5/install/t870_msgs/local/lib/python3.10/dist-packages:${PYTHONPATH} /usr/bin/cmake /home/kimsohee/ev-1-5/ev-Autonomous-Vehicle-1-5/t870_ros/src/t870_rqt_plugin -DAMENT_CMAKE_SYMLINK_INSTALL=1 -DCMAKE_INSTALL_PREFIX=/home/kimsohee/ev-1-5/ev-Autonomous-Vehicle-1-5/install/t870_rqt_plugin
[3.336s] -- The C compiler identification is GNU 11.4.0
[3.337s] -- The CXX compiler identification is GNU 11.4.0
[3.337s] -- Detecting C compiler ABI info
[3.337s] -- Detecting C compiler ABI info - done
[3.337s] -- Check for working C compiler: /usr/bin/cc - skipped
[3.337s] -- Detecting C compile features
[3.337s] -- Detecting C compile features - done
[3.337s] -- Detecting CXX compiler ABI info
[3.337s] -- Detecting CXX compiler ABI info - done
[3.337s] -- Check for working CXX compiler: /usr/bin/c++ - skipped
[3.337s] -- Detecting CXX compile features
[3.337s] -- Detecting CXX compile features - done
[3.337s] -- Found t870_cmake: 0.0.0 (/home/kimsohee/ev-1-5/ev-Autonomous-Vehicle-1-5/install/t870_cmake/share/t870_cmake/cmake)
[3.337s] -- Found ament_cmake_auto: 1.3.12 (/opt/ros/humble/share/ament_cmake_auto/cmake)
[3.337s] -- Found Python3: /usr/bin/python3 (found version "3.10.12") found components: Interpreter 
[3.337s] -- Override CMake install command with custom implementation using symlinks instead of copying resources
[3.337s] -- Found rosidl_generator_c: 3.1.8 (/opt/ros/humble/share/rosidl_generator_c/cmake)
[3.337s] -- Found rosidl_adapter: 3.1.8 (/opt/ros/humble/share/rosidl_adapter/cmake)
[3.337s] -- Found rosidl_generator_cpp: 3.1.8 (/opt/ros/humble/share/rosidl_generator_cpp/cmake)
[3.337s] -- Using all available rosidl_typesupport_c: rosidl_typesupport_fastrtps_c;rosidl_typesupport_introspection_c
[3.337s] -- Using all available rosidl_typesupport_cpp: rosidl_typesupport_fastrtps_cpp;rosidl_typesupport_introspection_cpp
[3.337s] -- Found rmw_implementation_cmake: 6.1.2 (/opt/ros/humble/share/rmw_implementation_cmake/cmake)
[3.337s] -- Found rmw_fastrtps_cpp: 6.2.9 (/opt/ros/humble/share/rmw_fastrtps_cpp/cmake)
[3.337s] -- Found OpenSSL: /usr/lib/aarch64-linux-gnu/libcrypto.so (found version "3.0.2")  
[3.337s] -- Found FastRTPS: /opt/ros/humble/include  
[3.337s] -- Using RMW implementation 'rmw_fastrtps_cpp' as default
[3.337s] -- Looking for pthread.h
[3.337s] -- Looking for pthread.h - found
[3.337s] -- Performing Test CMAKE_HAVE_LIBC_PTHREAD
[3.337s] -- Performing Test CMAKE_HAVE_LIBC_PTHREAD - Success
[3.337s] -- Found Threads: TRUE  
[3.337s] -- Configuring done
[3.337s] -- Generating done
[3.337s] -- Build files have been written to: /home/kimsohee/ev-1-5/ev-Autonomous-Vehicle-1-5/build/t870_rqt_plugin
[3.416s] Invoked command in '/home/kimsohee/ev-1-5/ev-Autonomous-Vehicle-1-5/build/t870_rqt_plugin' returned '0': AMENT_PREFIX_PATH=/home/kimsohee/ev-1-5/ev-Autonomous-Vehicle-1-5/install/t870_util:/home/kimsohee/ev-1-5/ev-Autonomous-Vehicle-1-5/install/t870_msgs:/home/kimsohee/ev-1-5/ev-Autonomous-Vehicle-1-5/install/t870_cmake:${AMENT_PREFIX_PATH} CMAKE_PREFIX_PATH=/home/kimsohee/ev-1-5/ev-Autonomous-Vehicle-1-5/install/t870_util:/home/kimsohee/ev-1-5/ev-Autonomous-Vehicle-1-5/install/t870_msgs:/home/kimsohee/ev-1-5/ev-Autonomous-Vehicle-1-5/install/t870_cmake:/opt/ros/humble LD_LIBRARY_PATH=/home/kimsohee/ev-1-5/ev-Autonomous-Vehicle-1-5/install/t870_util/lib:/home/kimsohee/ev-1-5/ev-Autonomous-Vehicle-1-5/install/t870_msgs/lib:${LD_LIBRARY_PATH} PYTHONPATH=/home/kimsohee/ev-1-5/ev-Autonomous-Vehicle-1-5/install/t870_msgs/local/lib/python3.10/dist-packages:${PYTHONPATH} /usr/bin/cmake /home/kimsohee/ev-1-5/ev-Autonomous-Vehicle-1-5/t870_ros/src/t870_rqt_plugin -DAMENT_CMAKE_SYMLINK_INSTALL=1 -DCMAKE_INSTALL_PREFIX=/home/kimsohee/ev-1-5/ev-Autonomous-Vehicle-1-5/install/t870_rqt_plugin
[3.416s] Invoking command in '/home/kimsohee/ev-1-5/ev-Autonomous-Vehicle-1-5/build/t870_rqt_plugin': AMENT_PREFIX_PATH=/home/kimsohee/ev-1-5/ev-Autonomous-Vehicle-1-5/install/t870_util:/home/kimsohee/ev-1-5/ev-Autonomous-Vehicle-1-5/install/t870_msgs:/home/kimsohee/ev-1-5/ev-Autonomous-Vehicle-1-5/install/t870_cmake:${AMENT_PREFIX_PATH} CMAKE_PREFIX_PATH=/home/kimsohee/ev-1-5/ev-Autonomous-Vehicle-1-5/install/t870_util:/home/kimsohee/ev-1-5/ev-Autonomous-Vehicle-1-5/install/t870_msgs:/home/kimsohee/ev-1-5/ev-Autonomous-Vehicle-1-5/install/t870_cmake:/opt/ros/humble LD_LIBRARY_PATH=/home/kimsohee/ev-1-5/ev-Autonomous-Vehicle-1-5/install/t870_util/lib:/home/kimsohee/ev-1-5/ev-Autonomous-Vehicle-1-5/install/t870_msgs/lib:${LD_LIBRARY_PATH} PYTHONPATH=/home/kimsohee/ev-1-5/ev-Autonomous-Vehicle-1-5/install/t870_msgs/local/lib/python3.10/dist-packages:${PYTHONPATH} /usr/bin/cmake --build /home/kimsohee/ev-1-5/ev-Autonomous-Vehicle-1-5/build/t870_rqt_plugin -- -j10 -l10
[28.041s] [ 11%] [34m[1mGenerating include/t870_rqt_plugin/moc_control_panel_plugin.cpp[0m
[28.062s] [ 22%] [34m[1mGenerating ui_feedback_monitor.h[0m
[28.062s] [ 33%] [34m[1mGenerating include/t870_rqt_plugin/moc_feedback_monitor_plugin.cpp[0m
[28.062s] [ 44%] [34m[1mGenerating ui_control_panel.h[0m
[28.062s] [ 55%] [32mBuilding CXX object CMakeFiles/t870_rqt_plugin.dir/src/control_panel_plugin.cpp.o[0m
[28.062s] [ 66%] [32mBuilding CXX object CMakeFiles/t870_rqt_plugin.dir/src/feedback_monitor_plugin.cpp.o[0m
[28.062s] [ 77%] [32mBuilding CXX object CMakeFiles/t870_rqt_plugin.dir/include/t870_rqt_plugin/moc_control_panel_plugin.cpp.o[0m
[28.062s] [ 88%] [32mBuilding CXX object CMakeFiles/t870_rqt_plugin.dir/include/t870_rqt_plugin/moc_feedback_monitor_plugin.cpp.o[0m
[28.062s] [100%] [32m[1mLinking CXX shared library libt870_rqt_plugin.so[0m
[28.062s] [100%] Built target t870_rqt_plugin
[28.440s] Invoked command in '/home/kimsohee/ev-1-5/ev-Autonomous-Vehicle-1-5/build/t870_rqt_plugin' returned '0': AMENT_PREFIX_PATH=/home/kimsohee/ev-1-5/ev-Autonomous-Vehicle-1-5/install/t870_util:/home/kimsohee/ev-1-5/ev-Autonomous-Vehicle-1-5/install/t870_msgs:/home/kimsohee/ev-1-5/ev-Autonomous-Vehicle-1-5/install/t870_cmake:${AMENT_PREFIX_PATH} CMAKE_PREFIX_PATH=/home/kimsohee/ev-1-5/ev-Autonomous-Vehicle-1-5/install/t870_util:/home/kimsohee/ev-1-5/ev-Autonomous-Vehicle-1-5/install/t870_msgs:/home/kimsohee/ev-1-5/ev-Autonomous-Vehicle-1-5/install/t870_cmake:/opt/ros/humble LD_LIBRARY_PATH=/home/kimsohee/ev-1-5/ev-Autonomous-Vehicle-1-5/install/t870_util/lib:/home/kimsohee/ev-1-5/ev-Autonomous-Vehicle-1-5/install/t870_msgs/lib:${LD_LIBRARY_PATH} PYTHONPATH=/home/kimsohee/ev-1-5/ev-Autonomous-Vehicle-1-5/install/t870_msgs/local/lib/python3.10/dist-packages:${PYTHONPATH} /usr/bin/cmake --build /home/kimsohee/ev-1-5/ev-Autonomous-Vehicle-1-5/build/t870_rqt_plugin -- -j10 -l10
[28.452s] Invoking command in '/home/kimsohee/ev-1-5/ev-Autonomous-Vehicle-1-5/build/t870_rqt_plugin': AMENT_PREFIX_PATH=/home/kimsohee/ev-1-5/ev-Autonomous-Vehicle-1-5/install/t870_util:/home/kimsohee/ev-1-5/ev-Autonomous-Vehicle-1-5/install/t870_msgs:/home/kimsohee/ev-1-5/ev-Autonomous-Vehicle-1-5/install/t870_cmake:${AMENT_PREFIX_PATH} CMAKE_PREFIX_PATH=/home/kimsohee/ev-1-5/ev-Autonomous-Vehicle-1-5/install/t870_util:/home/kimsohee/ev-1-5/ev-Autonomous-Vehicle-1-5/install/t870_msgs:/home/kimsohee/ev-1-5/ev-Autonomous-Vehicle-1-5/install/t870_cmake:/opt/ros/humble LD_LIBRARY_PATH=/home/kimsohee/ev-1-5/ev-Autonomous-Vehicle-1-5/install/t870_util/lib:/home/kimsohee/ev-1-5/ev-Autonomous-Vehicle-1-5/install/t870_msgs/lib:${LD_LIBRARY_PATH} PYTHONPATH=/home/kimsohee/ev-1-5/ev-Autonomous-Vehicle-1-5/install/t870_msgs/local/lib/python3.10/dist-packages:${PYTHONPATH} /usr/bin/cmake --install /home/kimsohee/ev-1-5/ev-Autonomous-Vehicle-1-5/build/t870_rqt_plugin
[29.187s] -- Install configuration: ""
[29.187s] -- Execute custom install script
[29.187s] -- Symlinking: /home/kimsohee/ev-1-5/ev-Autonomous-Vehicle-1-5/install/t870_rqt_plugin/share/t870_rqt_plugin//plugin.xml
[29.187s] -- Symlinking: /home/kimsohee/ev-1-5/ev-Autonomous-Vehicle-1-5/install/t870_rqt_plugin/include/t870_rqt_plugin/t870_rqt_plugin/control_panel_plugin.hpp
[29.187s] -- Symlinking: /home/kimsohee/ev-1-5/ev-Autonomous-Vehicle-1-5/install/t870_rqt_plugin/include/t870_rqt_plugin/t870_rqt_plugin/feedback_monitor_plugin.hpp
[29.187s] -- Symlinking: /home/kimsohee/ev-1-5/ev-Autonomous-Vehicle-1-5/install/t870_rqt_plugin/share/t870_rqt_plugin/environment/library_path.sh
[29.187s] -- Symlinking: /home/kimsohee/ev-1-5/ev-Autonomous-Vehicle-1-5/install/t870_rqt_plugin/share/t870_rqt_plugin/environment/library_path.dsv
[29.187s] -- Symlinking: /home/kimsohee/ev-1-5/ev-Autonomous-Vehicle-1-5/install/t870_rqt_plugin/lib/libt870_rqt_plugin.so
[29.187s] -- Symlinking: /home/kimsohee/ev-1-5/ev-Autonomous-Vehicle-1-5/install/t870_rqt_plugin/share/ament_index/resource_index/package_run_dependencies/t870_rqt_plugin
[29.187s] -- Symlinking: /home/kimsohee/ev-1-5/ev-Autonomous-Vehicle-1-5/install/t870_rqt_plugin/share/ament_index/resource_index/parent_prefix_path/t870_rqt_plugin
[29.187s] -- Symlinking: /home/kimsohee/ev-1-5/ev-Autonomous-Vehicle-1-5/install/t870_rqt_plugin/share/t870_rqt_plugin/environment/ament_prefix_path.sh
[29.187s] -- Symlinking: /home/kimsohee/ev-1-5/ev-Autonomous-Vehicle-1-5/install/t870_rqt_plugin/share/t870_rqt_plugin/environment/ament_prefix_path.dsv
[29.187s] -- Symlinking: /home/kimsohee/ev-1-5/ev-Autonomous-Vehicle-1-5/install/t870_rqt_plugin/share/t870_rqt_plugin/environment/path.sh
[29.187s] -- Symlinking: /home/kimsohee/ev-1-5/ev-Autonomous-Vehicle-1-5/install/t870_rqt_plugin/share/t870_rqt_plugin/environment/path.dsv
[29.187s] -- Symlinking: /home/kimsohee/ev-1-5/ev-Autonomous-Vehicle-1-5/install/t870_rqt_plugin/share/t870_rqt_plugin/local_setup.bash
[29.187s] -- Symlinking: /home/kimsohee/ev-1-5/ev-Autonomous-Vehicle-1-5/install/t870_rqt_plugin/share/t870_rqt_plugin/local_setup.sh
[29.188s] -- Symlinking: /home/kimsohee/ev-1-5/ev-Autonomous-Vehicle-1-5/install/t870_rqt_plugin/share/t870_rqt_plugin/local_setup.zsh
[29.188s] -- Symlinking: /home/kimsohee/ev-1-5/ev-Autonomous-Vehicle-1-5/install/t870_rqt_plugin/share/t870_rqt_plugin/local_setup.dsv
[29.188s] -- Symlinking: /home/kimsohee/ev-1-5/ev-Autonomous-Vehicle-1-5/install/t870_rqt_plugin/share/t870_rqt_plugin/package.dsv
[29.188s] -- Symlinking: /home/kimsohee/ev-1-5/ev-Autonomous-Vehicle-1-5/install/t870_rqt_plugin/share/ament_index/resource_index/packages/t870_rqt_plugin
[29.188s] -- Symlinking: /home/kimsohee/ev-1-5/ev-Autonomous-Vehicle-1-5/install/t870_rqt_plugin/share/ament_index/resource_index/rqt_gui__pluginlib__plugin/t870_rqt_plugin
[29.188s] -- Symlinking: /home/kimsohee/ev-1-5/ev-Autonomous-Vehicle-1-5/install/t870_rqt_plugin/share/t870_rqt_plugin/cmake/ament_cmake_export_dependencies-extras.cmake
[29.188s] -- Symlinking: /home/kimsohee/ev-1-5/ev-Autonomous-Vehicle-1-5/install/t870_rqt_plugin/share/t870_rqt_plugin/cmake/ament_cmake_export_include_directories-extras.cmake
[29.188s] -- Symlinking: /home/kimsohee/ev-1-5/ev-Autonomous-Vehicle-1-5/install/t870_rqt_plugin/share/t870_rqt_plugin/cmake/ament_cmake_export_libraries-extras.cmake
[29.188s] -- Symlinking: /home/kimsohee/ev-1-5/ev-Autonomous-Vehicle-1-5/install/t870_rqt_plugin/share/t870_rqt_plugin/cmake/t870_rqt_pluginConfig.cmake
[29.188s] -- Symlinking: /home/kimsohee/ev-1-5/ev-Autonomous-Vehicle-1-5/install/t870_rqt_plugin/share/t870_rqt_plugin/cmake/t870_rqt_pluginConfig-version.cmake
[29.188s] -- Symlinking: /home/kimsohee/ev-1-5/ev-Autonomous-Vehicle-1-5/install/t870_rqt_plugin/share/t870_rqt_plugin/package.xml
[29.188s] -- Up-to-date symlink: /home/kimsohee/ev-1-5/ev-Autonomous-Vehicle-1-5/install/t870_rqt_plugin/share/t870_rqt_plugin/plugin.xml
[29.188s] -- Symlinking: /home/kimsohee/ev-1-5/ev-Autonomous-Vehicle-1-5/install/t870_rqt_plugin/share/t870_rqt_plugin/ui/control_panel.ui
[29.188s] -- Symlinking: /home/kimsohee/ev-1-5/ev-Autonomous-Vehicle-1-5/install/t870_rqt_plugin/share/t870_rqt_plugin/ui/feedback_monitor.ui
[29.214s] Invoked command in '/home/kimsohee/ev-1-5/ev-Autonomous-Vehicle-1-5/build/t870_rqt_plugin' returned '0': AMENT_PREFIX_PATH=/home/kimsohee/ev-1-5/ev-Autonomous-Vehicle-1-5/install/t870_util:/home/kimsohee/ev-1-5/ev-Autonomous-Vehicle-1-5/install/t870_msgs:/home/kimsohee/ev-1-5/ev-Autonomous-Vehicle-1-5/install/t870_cmake:${AMENT_PREFIX_PATH} CMAKE_PREFIX_PATH=/home/kimsohee/ev-1-5/ev-Autonomous-Vehicle-1-5/install/t870_util:/home/kimsohee/ev-1-5/ev-Autonomous-Vehicle-1-5/install/t870_msgs:/home/kimsohee/ev-1-5/ev-Autonomous-Vehicle-1-5/install/t870_cmake:/opt/ros/humble LD_LIBRARY_PATH=/home/kimsohee/ev-1-5/ev-Autonomous-Vehicle-1-5/install/t870_util/lib:/home/kimsohee/ev-1-5/ev-Autonomous-Vehicle-1-5/install/t870_msgs/lib:${LD_LIBRARY_PATH} PYTHONPATH=/home/kimsohee/ev-1-5/ev-Autonomous-Vehicle-1-5/install/t870_msgs/local/lib/python3.10/dist-packages:${PYTHONPATH} /usr/bin/cmake --install /home/kimsohee/ev-1-5/ev-Autonomous-Vehicle-1-5/build/t870_rqt_plugin
