[0.000000] (-) TimerEvent: {}
[0.000167] (planning_lc_ver) JobQueued: {'identifier': 'planning_lc_ver', 'dependencies': OrderedDict()}
[0.000193] (planning_lc_ver) JobStarted: {'identifier': 'planning_lc_ver'}
[0.005247] (planning_lc_ver) JobProgress: {'identifier': 'planning_lc_ver', 'progress': 'cmake'}
[0.005516] (planning_lc_ver) Command: {'cmd': ['/usr/bin/cmake', '/home/aiv/ev_ws/planning/src/planning_lc_ver', '-DAMENT_CMAKE_SYMLINK_INSTALL=1', '-DCMAKE_INSTALL_PREFIX=/home/aiv/ev_ws/planning/install/planning_lc_ver'], 'cwd': '/home/aiv/ev_ws/planning/build/planning_lc_ver', 'env': OrderedDict([('GJS_DEBUG_TOPICS', 'JS ERROR;JS LOG'), ('USER', 'aiv'), ('LC_TIME', 'ko_KR.UTF-8'), ('XDG_SESSION_TYPE', 'x11'), ('SHLVL', '1'), ('LD_LIBRARY_PATH', '/usr/local/cuda-12.6/lib64:/usr/local/cuda-12.6/lib64:/home/aiv/ev_ws/ev_msgs/install/ev_msgs/lib:/home/aiv/ev_ws/planning/install/planning_lc_ver/lib:/home/aiv/ev_ws/erp42_ros/install/erp42_serial/lib:/home/aiv/ev_ws/erp42_ros/install/erp42_rqt_plugin/lib:/home/aiv/ev_ws/erp42_ros/install/erp42_gazebo/lib:/home/aiv/ev_ws/erp42_ros/install/erp42_util/lib:/home/aiv/ev_ws/erp42_ros/install/erp42_msgs/lib:/home/aiv/ev_ws/perception/install/velodyne_pointcloud/lib:/home/aiv/ev_ws/perception/install/velodyne_driver/lib:/home/aiv/ev_ws/perception/install/velodyne_msgs/lib:/home/aiv/ev_ws/perception/install/velodyne_cropbox/lib:/home/aiv/ev_ws/perception/install/patchworkpp/lib:/home/aiv/ev_ws/perception/install/make_bbox/lib:/home/aiv/ev_ws/perception/install/lidar_voxel_grid/lib:/home/aiv/ev_ws/perception/install/dbscan_clustering/lib:/home/aiv/ev_ws/perception/install/cluster_splitter/lib:/usr/lib/x86_64-linux-gnu/gazebo-11/plugins:/opt/ros/humble/opt/rviz_ogre_vendor/lib:/opt/ros/humble/lib/x86_64-linux-gnu:/opt/ros/humble/lib:/usr/local/cuda-12.6/lib64'), ('HOME', '/home/aiv'), ('OLDPWD', '/home/aiv/ev_ws'), ('DESKTOP_SESSION', 'ubuntu'), ('NVM_BIN', '/home/aiv/.nvm/versions/node/v24.13.1/bin'), ('NVM_INC', '/home/aiv/.nvm/versions/node/v24.13.1/include/node'), ('GIO_LAUNCHED_DESKTOP_FILE', '/usr/share/applications/terminator.desktop'), ('ROS_PYTHON_VERSION', '3'), ('GNOME_SHELL_SESSION_MODE', 'ubuntu'), ('GTK_MODULES', 'gail:atk-bridge'), ('LC_MONETARY', 'ko_KR.UTF-8'), ('MANAGERPID', '2077'), ('SYSTEMD_EXEC_PID', '2973'), ('DBUS_SESSION_BUS_ADDRESS', 'unix:path=/run/user/1000/bus'), ('COLORTERM', 'truecolor'), ('TERMINATOR_DBUS_NAME', 'net.tenshu.Terminator23558193cd9818af7fe4d2c2f5bd9d00f'), ('GIO_LAUNCHED_DESKTOP_FILE_PID', '4681'), ('NVM_DIR', '/home/aiv/.nvm'), ('COLCON_PREFIX_PATH', '/home/aiv/ev_ws/planning/install:/home/aiv/ev_ws/perception/install:/home/aiv/ev_ws/ev_msgs/install:/home/aiv/ev_ws/carsa_gazebo/install:/home/aiv/ev_ws/erp42_ros/install'), ('ROS_DISTRO', 'humble'), ('GTK_IM_MODULE', 'ibus'), ('LOGNAME', 'aiv'), ('JOURNAL_STREAM', '8:4780'), ('_', '/usr/bin/colcon'), ('ROS_VERSION', '2'), ('XDG_SESSION_CLASS', 'user'), ('USERNAME', 'aiv'), ('TERM', 'xterm-256color'), ('GNOME_DESKTOP_SESSION_ID', 'this-is-deprecated'), ('ROS_LOCALHOST_ONLY', '0'), ('WINDOWPATH', '2'), ('PATH', '/usr/local/cuda-12.6/bin:/usr/local/cuda-12.6/bin:/home/aiv/.local/bin:/opt/ros/humble/bin:/home/aiv/.nvm/versions/node/v24.13.1/bin:/usr/local/cuda-12.6/bin:/usr/local/sbin:/usr/local/bin:/usr/sbin:/usr/bin:/sbin:/bin:/usr/games:/usr/local/games:/snap/bin:/snap/bin'), ('SESSION_MANAGER', 'local/aiv:@/tmp/.ICE-unix/2942,unix/aiv:/tmp/.ICE-unix/2942'), ('INVOCATION_ID', '4d02e125c3df4cda9b3b91398ff974c6'), ('XDG_MENU_PREFIX', 'gnome-'), ('LC_ADDRESS', 'ko_KR.UTF-8'), ('XDG_RUNTIME_DIR', '/run/user/1000'), ('DISPLAY', ':1'), ('TERMINATOR_DBUS_PATH', '/net/tenshu/Terminator2'), ('LANG', 'en_US.UTF-8'), ('XDG_CURRENT_DESKTOP', 'ubuntu:GNOME'), ('IBUS_DISABLE_SNOOPER', '1'), ('LC_TELEPHONE', 'ko_KR.UTF-8'), ('XMODIFIERS', '@im=ibus'), ('XDG_SESSION_DESKTOP', 'ubuntu'), ('XAUTHORITY', '/run/user/1000/gdm/Xauthority'), ('SSH_AGENT_LAUNCHER', 'gnome-keyring'), ('SSH_AUTH_SOCK', '/run/user/1000/keyring/ssh'), ('AMENT_PREFIX_PATH', '/home/aiv/ev_ws/ev_msgs/install/ev_msgs:/home/aiv/ev_ws/carsa_gazebo/install/carsa_gazebo:/home/aiv/ev_ws/planning/install/planning_lc_ver:/home/aiv/ev_ws/erp42_ros/install/erp42_serial:/home/aiv/ev_ws/erp42_ros/install/erp42_rqt_plugin:/home/aiv/ev_ws/erp42_ros/install/erp42_gazebo:/home/aiv/ev_ws/erp42_ros/install/erp42_util:/home/aiv/ev_ws/erp42_ros/install/erp42_msgs:/home/aiv/ev_ws/erp42_ros/install/erp42_description:/home/aiv/ev_ws/erp42_ros/install/erp42_cmake:/home/aiv/ev_ws/perception/install/velodyne:/home/aiv/ev_ws/perception/install/lidar_launch:/home/aiv/ev_ws/perception/install/velodyne_pointcloud:/home/aiv/ev_ws/perception/install/velodyne_driver:/home/aiv/ev_ws/perception/install/velodyne_msgs:/home/aiv/ev_ws/perception/install/velodyne_cropbox:/home/aiv/ev_ws/perception/install/patchworkpp:/home/aiv/ev_ws/perception/install/make_bbox:/home/aiv/ev_ws/perception/install/lidar_voxel_grid:/home/aiv/ev_ws/perception/install/dbscan_clustering:/home/aiv/ev_ws/perception/install/cluster_splitter:/opt/ros/humble'), ('SHELL', '/bin/bash'), ('LC_NAME', 'ko_KR.UTF-8'), ('TERMINATOR_UUID', 'urn:uuid:afd08a68-557c-4158-b206-8cfcdefb43ca'), ('QT_ACCESSIBILITY', '1'), ('GDMSESSION', 'ubuntu'), ('LC_MEASUREMENT', 'ko_KR.UTF-8'), ('GPG_AGENT_INFO', '/run/user/1000/gnupg/S.gpg-agent:0:1'), ('GJS_DEBUG_OUTPUT', 'stderr'), ('LC_IDENTIFICATION', 'ko_KR.UTF-8'), ('QT_IM_MODULE', 'ibus'), ('PWD', '/home/aiv/ev_ws/planning/build/planning_lc_ver'), ('LC_ALL', 'en_US.UTF-8'), ('XDG_CONFIG_DIRS', '/etc/xdg/xdg-ubuntu:/etc/xdg'), ('NVM_CD_FLAGS', ''), ('XDG_DATA_DIRS', '/usr/share/ubuntu:/usr/share/gnome:/usr/local/share/:/usr/share/:/var/lib/snapd/desktop'), ('PYTHONPATH', '/home/aiv/ev_ws/ev_msgs/install/ev_msgs/local/lib/python3.10/dist-packages:/home/aiv/ev_ws/erp42_ros/install/erp42_msgs/local/lib/python3.10/dist-packages:/home/aiv/ev_ws/perception/install/velodyne_msgs/local/lib/python3.10/dist-packages:/opt/ros/humble/lib/python3.10/site-packages:/opt/ros/humble/local/lib/python3.10/dist-packages'), ('LC_NUMERIC', 'ko_KR.UTF-8'), ('LC_PAPER', 'ko_KR.UTF-8'), ('COLCON', '1'), ('VTE_VERSION', '6800'), ('EDITOR', 'code --wait'), ('CMAKE_PREFIX_PATH', '/home/aiv/ev_ws/ev_msgs/install/ev_msgs:/home/aiv/ev_ws/carsa_gazebo/install/carsa_gazebo:/home/aiv/ev_ws/planning/install/planning_lc_ver:/home/aiv/ev_ws/erp42_ros/install/erp42_serial:/home/aiv/ev_ws/erp42_ros/install/erp42_rqt_plugin:/home/aiv/ev_ws/erp42_ros/install/erp42_gazebo:/home/aiv/ev_ws/erp42_ros/install/erp42_util:/home/aiv/ev_ws/erp42_ros/install/erp42_msgs:/home/aiv/ev_ws/erp42_ros/install/erp42_description:/home/aiv/ev_ws/erp42_ros/install/erp42_cmake:/home/aiv/ev_ws/perception/install/velodyne:/home/aiv/ev_ws/perception/install/lidar_launch:/home/aiv/ev_ws/perception/install/velodyne_pointcloud:/home/aiv/ev_ws/perception/install/velodyne_driver:/home/aiv/ev_ws/perception/install/velodyne_msgs:/home/aiv/ev_ws/perception/install/velodyne_cropbox:/home/aiv/ev_ws/perception/install/patchworkpp:/home/aiv/ev_ws/perception/install/make_bbox:/home/aiv/ev_ws/perception/install/lidar_voxel_grid:/home/aiv/ev_ws/perception/install/dbscan_clustering:/home/aiv/ev_ws/perception/install/cluster_splitter:/opt/ros/humble')]), 'shell': False}
[0.041043] (planning_lc_ver) StdoutLine: {'line': b'-- The C compiler identification is GNU 11.4.0\n'}
[0.073110] (planning_lc_ver) StdoutLine: {'line': b'-- The CXX compiler identification is GNU 11.4.0\n'}
[0.077247] (planning_lc_ver) StdoutLine: {'line': b'-- Detecting C compiler ABI info\n'}
[0.099541] (-) TimerEvent: {}
[0.123771] (planning_lc_ver) StdoutLine: {'line': b'-- Detecting C compiler ABI info - done\n'}
[0.129445] (planning_lc_ver) StdoutLine: {'line': b'-- Check for working C compiler: /usr/bin/cc - skipped\n'}
[0.129551] (planning_lc_ver) StdoutLine: {'line': b'-- Detecting C compile features\n'}
[0.129754] (planning_lc_ver) StdoutLine: {'line': b'-- Detecting C compile features - done\n'}
[0.131379] (planning_lc_ver) StdoutLine: {'line': b'-- Detecting CXX compiler ABI info\n'}
[0.180462] (planning_lc_ver) StdoutLine: {'line': b'-- Detecting CXX compiler ABI info - done\n'}
[0.184251] (planning_lc_ver) StdoutLine: {'line': b'-- Check for working CXX compiler: /usr/bin/c++ - skipped\n'}
[0.184355] (planning_lc_ver) StdoutLine: {'line': b'-- Detecting CXX compile features\n'}
[0.184709] (planning_lc_ver) StdoutLine: {'line': b'-- Detecting CXX compile features - done\n'}
[0.186380] (planning_lc_ver) StdoutLine: {'line': b'-- Found ament_cmake: 1.3.12 (/opt/ros/humble/share/ament_cmake/cmake)\n'}
[0.199674] (-) TimerEvent: {}
[0.280205] (planning_lc_ver) StdoutLine: {'line': b'-- Found Python3: /usr/bin/python3 (found version "3.10.12") found components: Interpreter \n'}
[0.299733] (-) TimerEvent: {}
[0.312123] (planning_lc_ver) StdoutLine: {'line': b'-- Override CMake install command with custom implementation using symlinks instead of copying resources\n'}
[0.334490] (planning_lc_ver) StdoutLine: {'line': b'-- Found rclcpp: 16.0.17 (/opt/ros/humble/share/rclcpp/cmake)\n'}
[0.361610] (planning_lc_ver) StdoutLine: {'line': b'-- Found rosidl_generator_c: 3.1.8 (/opt/ros/humble/share/rosidl_generator_c/cmake)\n'}
[0.365070] (planning_lc_ver) StdoutLine: {'line': b'-- Found rosidl_adapter: 3.1.8 (/opt/ros/humble/share/rosidl_adapter/cmake)\n'}
[0.370629] (planning_lc_ver) StdoutLine: {'line': b'-- Found rosidl_generator_cpp: 3.1.8 (/opt/ros/humble/share/rosidl_generator_cpp/cmake)\n'}
[0.378194] (planning_lc_ver) StdoutLine: {'line': b'-- Using all available rosidl_typesupport_c: rosidl_typesupport_fastrtps_c;rosidl_typesupport_introspection_c\n'}
[0.388652] (planning_lc_ver) StdoutLine: {'line': b'-- Using all available rosidl_typesupport_cpp: rosidl_typesupport_fastrtps_cpp;rosidl_typesupport_introspection_cpp\n'}
[0.399796] (-) TimerEvent: {}
[0.417510] (planning_lc_ver) StdoutLine: {'line': b'-- Found rmw_implementation_cmake: 6.1.2 (/opt/ros/humble/share/rmw_implementation_cmake/cmake)\n'}
[0.420379] (planning_lc_ver) StdoutLine: {'line': b'-- Found rmw_fastrtps_cpp: 6.2.9 (/opt/ros/humble/share/rmw_fastrtps_cpp/cmake)\n'}
[0.484786] (planning_lc_ver) StdoutLine: {'line': b'-- Found OpenSSL: /usr/lib/x86_64-linux-gnu/libcrypto.so (found version "3.0.2")  \n'}
[0.499880] (-) TimerEvent: {}
[0.502180] (planning_lc_ver) StdoutLine: {'line': b'-- Found FastRTPS: /opt/ros/humble/include  \n'}
[0.525832] (planning_lc_ver) StdoutLine: {'line': b"-- Using RMW implementation 'rmw_fastrtps_cpp' as default\n"}
[0.531513] (planning_lc_ver) StdoutLine: {'line': b'-- Looking for pthread.h\n'}
[0.577923] (planning_lc_ver) StdoutLine: {'line': b'-- Looking for pthread.h - found\n'}
[0.578187] (planning_lc_ver) StdoutLine: {'line': b'-- Performing Test CMAKE_HAVE_LIBC_PTHREAD\n'}
[0.599957] (-) TimerEvent: {}
[0.625404] (planning_lc_ver) StdoutLine: {'line': b'-- Performing Test CMAKE_HAVE_LIBC_PTHREAD - Success\n'}
[0.626299] (planning_lc_ver) StdoutLine: {'line': b'-- Found Threads: TRUE  \n'}
[0.657733] (planning_lc_ver) StdoutLine: {'line': b'-- Found rclcpp_components: 16.0.17 (/opt/ros/humble/share/rclcpp_components/cmake)\n'}
[0.674340] (planning_lc_ver) StdoutLine: {'line': b'-- Found nav_msgs: 4.9.0 (/opt/ros/humble/share/nav_msgs/cmake)\n'}
[0.690980] (planning_lc_ver) StdoutLine: {'line': b'-- Found ev_msgs: 0.1.0 (/home/aiv/ev_ws/ev_msgs/install/ev_msgs/share/ev_msgs/cmake)\n'}
[0.700040] (planning_lc_ver) StdoutLine: {'line': b'-- Found visualization_msgs: 4.9.0 (/opt/ros/humble/share/visualization_msgs/cmake)\n'}
[0.700095] (-) TimerEvent: {}
[0.731126] (planning_lc_ver) StdoutLine: {'line': b'-- Found ament_lint_auto: 0.12.14 (/opt/ros/humble/share/ament_lint_auto/cmake)\n'}
[0.778000] (planning_lc_ver) StdoutLine: {'line': b"-- Added test 'cppcheck' to perform static code analysis on C / C++ code\n"}
[0.778106] (planning_lc_ver) StdoutLine: {'line': b'-- Configured cppcheck include dirs: /home/aiv/ev_ws/planning/src/planning_lc_ver/include\n'}
[0.778135] (planning_lc_ver) StdoutLine: {'line': b'-- Configured cppcheck exclude dirs and/or files: \n'}
[0.778591] (planning_lc_ver) StdoutLine: {'line': b"-- Added test 'flake8' to check Python code syntax and style conventions\n"}
[0.779076] (planning_lc_ver) StdoutLine: {'line': b"-- Added test 'lint_cmake' to check CMake code style\n"}
[0.779459] (planning_lc_ver) StdoutLine: {'line': b"-- Added test 'pep257' to check Python code against some of the docstring style conventions in PEP 257\n"}
[0.780487] (planning_lc_ver) StdoutLine: {'line': b"-- Added test 'uncrustify' to check C / C++ code style\n"}
[0.780573] (planning_lc_ver) StdoutLine: {'line': b'-- Configured uncrustify additional arguments: \n'}
[0.780814] (planning_lc_ver) StdoutLine: {'line': b"-- Added test 'xmllint' to check XML markup files\n"}
[0.781642] (planning_lc_ver) StdoutLine: {'line': b'-- Configuring done\n'}
[0.794627] (planning_lc_ver) StdoutLine: {'line': b'-- Generating done\n'}
[0.799658] (planning_lc_ver) StdoutLine: {'line': b'-- Build files have been written to: /home/aiv/ev_ws/planning/build/planning_lc_ver\n'}
[0.800154] (-) TimerEvent: {}
[0.805328] (planning_lc_ver) CommandEnded: {'returncode': 0}
[0.805676] (planning_lc_ver) JobProgress: {'identifier': 'planning_lc_ver', 'progress': 'build'}
[0.806069] (planning_lc_ver) Command: {'cmd': ['/usr/bin/cmake', '--build', '/home/aiv/ev_ws/planning/build/planning_lc_ver', '--', '-j28', '-l28'], 'cwd': '/home/aiv/ev_ws/planning/build/planning_lc_ver', 'env': OrderedDict([('GJS_DEBUG_TOPICS', 'JS ERROR;JS LOG'), ('USER', 'aiv'), ('LC_TIME', 'ko_KR.UTF-8'), ('XDG_SESSION_TYPE', 'x11'), ('SHLVL', '1'), ('LD_LIBRARY_PATH', '/usr/local/cuda-12.6/lib64:/usr/local/cuda-12.6/lib64:/home/aiv/ev_ws/ev_msgs/install/ev_msgs/lib:/home/aiv/ev_ws/planning/install/planning_lc_ver/lib:/home/aiv/ev_ws/erp42_ros/install/erp42_serial/lib:/home/aiv/ev_ws/erp42_ros/install/erp42_rqt_plugin/lib:/home/aiv/ev_ws/erp42_ros/install/erp42_gazebo/lib:/home/aiv/ev_ws/erp42_ros/install/erp42_util/lib:/home/aiv/ev_ws/erp42_ros/install/erp42_msgs/lib:/home/aiv/ev_ws/perception/install/velodyne_pointcloud/lib:/home/aiv/ev_ws/perception/install/velodyne_driver/lib:/home/aiv/ev_ws/perception/install/velodyne_msgs/lib:/home/aiv/ev_ws/perception/install/velodyne_cropbox/lib:/home/aiv/ev_ws/perception/install/patchworkpp/lib:/home/aiv/ev_ws/perception/install/make_bbox/lib:/home/aiv/ev_ws/perception/install/lidar_voxel_grid/lib:/home/aiv/ev_ws/perception/install/dbscan_clustering/lib:/home/aiv/ev_ws/perception/install/cluster_splitter/lib:/usr/lib/x86_64-linux-gnu/gazebo-11/plugins:/opt/ros/humble/opt/rviz_ogre_vendor/lib:/opt/ros/humble/lib/x86_64-linux-gnu:/opt/ros/humble/lib:/usr/local/cuda-12.6/lib64'), ('HOME', '/home/aiv'), ('OLDPWD', '/home/aiv/ev_ws'), ('DESKTOP_SESSION', 'ubuntu'), ('NVM_BIN', '/home/aiv/.nvm/versions/node/v24.13.1/bin'), ('NVM_INC', '/home/aiv/.nvm/versions/node/v24.13.1/include/node'), ('GIO_LAUNCHED_DESKTOP_FILE', '/usr/share/applications/terminator.desktop'), ('ROS_PYTHON_VERSION', '3'), ('GNOME_SHELL_SESSION_MODE', 'ubuntu'), ('GTK_MODULES', 'gail:atk-bridge'), ('LC_MONETARY', 'ko_KR.UTF-8'), ('MANAGERPID', '2077'), ('SYSTEMD_EXEC_PID', '2973'), ('DBUS_SESSION_BUS_ADDRESS', 'unix:path=/run/user/1000/bus'), ('COLORTERM', 'truecolor'), ('TERMINATOR_DBUS_NAME', 'net.tenshu.Terminator23558193cd9818af7fe4d2c2f5bd9d00f'), ('GIO_LAUNCHED_DESKTOP_FILE_PID', '4681'), ('NVM_DIR', '/home/aiv/.nvm'), ('COLCON_PREFIX_PATH', '/home/aiv/ev_ws/planning/install:/home/aiv/ev_ws/perception/install:/home/aiv/ev_ws/ev_msgs/install:/home/aiv/ev_ws/carsa_gazebo/install:/home/aiv/ev_ws/erp42_ros/install'), ('ROS_DISTRO', 'humble'), ('GTK_IM_MODULE', 'ibus'), ('LOGNAME', 'aiv'), ('JOURNAL_STREAM', '8:4780'), ('_', '/usr/bin/colcon'), ('ROS_VERSION', '2'), ('XDG_SESSION_CLASS', 'user'), ('USERNAME', 'aiv'), ('TERM', 'xterm-256color'), ('GNOME_DESKTOP_SESSION_ID', 'this-is-deprecated'), ('ROS_LOCALHOST_ONLY', '0'), ('WINDOWPATH', '2'), ('PATH', '/usr/local/cuda-12.6/bin:/usr/local/cuda-12.6/bin:/home/aiv/.local/bin:/opt/ros/humble/bin:/home/aiv/.nvm/versions/node/v24.13.1/bin:/usr/local/cuda-12.6/bin:/usr/local/sbin:/usr/local/bin:/usr/sbin:/usr/bin:/sbin:/bin:/usr/games:/usr/local/games:/snap/bin:/snap/bin'), ('SESSION_MANAGER', 'local/aiv:@/tmp/.ICE-unix/2942,unix/aiv:/tmp/.ICE-unix/2942'), ('INVOCATION_ID', '4d02e125c3df4cda9b3b91398ff974c6'), ('XDG_MENU_PREFIX', 'gnome-'), ('LC_ADDRESS', 'ko_KR.UTF-8'), ('XDG_RUNTIME_DIR', '/run/user/1000'), ('DISPLAY', ':1'), ('TERMINATOR_DBUS_PATH', '/net/tenshu/Terminator2'), ('LANG', 'en_US.UTF-8'), ('XDG_CURRENT_DESKTOP', 'ubuntu:GNOME'), ('IBUS_DISABLE_SNOOPER', '1'), ('LC_TELEPHONE', 'ko_KR.UTF-8'), ('XMODIFIERS', '@im=ibus'), ('XDG_SESSION_DESKTOP', 'ubuntu'), ('XAUTHORITY', '/run/user/1000/gdm/Xauthority'), ('SSH_AGENT_LAUNCHER', 'gnome-keyring'), ('SSH_AUTH_SOCK', '/run/user/1000/keyring/ssh'), ('AMENT_PREFIX_PATH', '/home/aiv/ev_ws/ev_msgs/install/ev_msgs:/home/aiv/ev_ws/carsa_gazebo/install/carsa_gazebo:/home/aiv/ev_ws/planning/install/planning_lc_ver:/home/aiv/ev_ws/erp42_ros/install/erp42_serial:/home/aiv/ev_ws/erp42_ros/install/erp42_rqt_plugin:/home/aiv/ev_ws/erp42_ros/install/erp42_gazebo:/home/aiv/ev_ws/erp42_ros/install/erp42_util:/home/aiv/ev_ws/erp42_ros/install/erp42_msgs:/home/aiv/ev_ws/erp42_ros/install/erp42_description:/home/aiv/ev_ws/erp42_ros/install/erp42_cmake:/home/aiv/ev_ws/perception/install/velodyne:/home/aiv/ev_ws/perception/install/lidar_launch:/home/aiv/ev_ws/perception/install/velodyne_pointcloud:/home/aiv/ev_ws/perception/install/velodyne_driver:/home/aiv/ev_ws/perception/install/velodyne_msgs:/home/aiv/ev_ws/perception/install/velodyne_cropbox:/home/aiv/ev_ws/perception/install/patchworkpp:/home/aiv/ev_ws/perception/install/make_bbox:/home/aiv/ev_ws/perception/install/lidar_voxel_grid:/home/aiv/ev_ws/perception/install/dbscan_clustering:/home/aiv/ev_ws/perception/install/cluster_splitter:/opt/ros/humble'), ('SHELL', '/bin/bash'), ('LC_NAME', 'ko_KR.UTF-8'), ('TERMINATOR_UUID', 'urn:uuid:afd08a68-557c-4158-b206-8cfcdefb43ca'), ('QT_ACCESSIBILITY', '1'), ('GDMSESSION', 'ubuntu'), ('LC_MEASUREMENT', 'ko_KR.UTF-8'), ('GPG_AGENT_INFO', '/run/user/1000/gnupg/S.gpg-agent:0:1'), ('GJS_DEBUG_OUTPUT', 'stderr'), ('LC_IDENTIFICATION', 'ko_KR.UTF-8'), ('QT_IM_MODULE', 'ibus'), ('PWD', '/home/aiv/ev_ws/planning/build/planning_lc_ver'), ('LC_ALL', 'en_US.UTF-8'), ('XDG_CONFIG_DIRS', '/etc/xdg/xdg-ubuntu:/etc/xdg'), ('NVM_CD_FLAGS', ''), ('XDG_DATA_DIRS', '/usr/share/ubuntu:/usr/share/gnome:/usr/local/share/:/usr/share/:/var/lib/snapd/desktop'), ('PYTHONPATH', '/home/aiv/ev_ws/ev_msgs/install/ev_msgs/local/lib/python3.10/dist-packages:/home/aiv/ev_ws/erp42_ros/install/erp42_msgs/local/lib/python3.10/dist-packages:/home/aiv/ev_ws/perception/install/velodyne_msgs/local/lib/python3.10/dist-packages:/opt/ros/humble/lib/python3.10/site-packages:/opt/ros/humble/local/lib/python3.10/dist-packages'), ('LC_NUMERIC', 'ko_KR.UTF-8'), ('LC_PAPER', 'ko_KR.UTF-8'), ('COLCON', '1'), ('VTE_VERSION', '6800'), ('EDITOR', 'code --wait'), ('CMAKE_PREFIX_PATH', '/home/aiv/ev_ws/ev_msgs/install/ev_msgs:/home/aiv/ev_ws/carsa_gazebo/install/carsa_gazebo:/home/aiv/ev_ws/planning/install/planning_lc_ver:/home/aiv/ev_ws/erp42_ros/install/erp42_serial:/home/aiv/ev_ws/erp42_ros/install/erp42_rqt_plugin:/home/aiv/ev_ws/erp42_ros/install/erp42_gazebo:/home/aiv/ev_ws/erp42_ros/install/erp42_util:/home/aiv/ev_ws/erp42_ros/install/erp42_msgs:/home/aiv/ev_ws/erp42_ros/install/erp42_description:/home/aiv/ev_ws/erp42_ros/install/erp42_cmake:/home/aiv/ev_ws/perception/install/velodyne:/home/aiv/ev_ws/perception/install/lidar_launch:/home/aiv/ev_ws/perception/install/velodyne_pointcloud:/home/aiv/ev_ws/perception/install/velodyne_driver:/home/aiv/ev_ws/perception/install/velodyne_msgs:/home/aiv/ev_ws/perception/install/velodyne_cropbox:/home/aiv/ev_ws/perception/install/patchworkpp:/home/aiv/ev_ws/perception/install/make_bbox:/home/aiv/ev_ws/perception/install/lidar_voxel_grid:/home/aiv/ev_ws/perception/install/dbscan_clustering:/home/aiv/ev_ws/perception/install/cluster_splitter:/opt/ros/humble')]), 'shell': False}
[0.840965] (planning_lc_ver) StdoutLine: {'line': b'[ 16%] \x1b[32mBuilding CXX object CMakeFiles/lc_planner_node_exe.dir/rclcpp_components/node_main_lc_planner_node_exe.cpp.o\x1b[0m\n'}
[0.841086] (planning_lc_ver) StdoutLine: {'line': b'[ 16%] \x1b[32mBuilding CXX object CMakeFiles/planning_lc_postprocess.dir/src/postprocess/path_postprocessor.cpp.o\x1b[0m\n'}
[0.841138] (planning_lc_ver) StdoutLine: {'line': b'[ 25%] \x1b[32mBuilding CXX object CMakeFiles/planning_lc_costmap.dir/src/costmap/costmap_generator.cpp.o\x1b[0m\n'}
[0.842466] (planning_lc_ver) StdoutLine: {'line': b'[ 33%] \x1b[32mBuilding CXX object CMakeFiles/planning_lc_planner.dir/src/planner/magnetic_planner.cpp.o\x1b[0m\n'}
[0.842572] (planning_lc_ver) StdoutLine: {'line': b'[ 41%] \x1b[32mBuilding CXX object CMakeFiles/planning_lc_chainer.dir/src/chainer/direction_chainer.cpp.o\x1b[0m\n'}
[0.900245] (-) TimerEvent: {}
[1.000449] (-) TimerEvent: {}
[1.100688] (-) TimerEvent: {}
[1.132590] (planning_lc_ver) StdoutLine: {'line': b'[ 50%] \x1b[32m\x1b[1mLinking CXX shared library libplanning_lc_postprocess.so\x1b[0m\n'}
[1.200797] (-) TimerEvent: {}
[1.215103] (planning_lc_ver) StdoutLine: {'line': b'[ 50%] Built target planning_lc_postprocess\n'}
[1.300897] (-) TimerEvent: {}
[1.401167] (-) TimerEvent: {}
[1.501456] (-) TimerEvent: {}
[1.601795] (-) TimerEvent: {}
[1.702051] (-) TimerEvent: {}
[1.802263] (-) TimerEvent: {}
[1.902515] (-) TimerEvent: {}
[2.002830] (-) TimerEvent: {}
[2.103104] (-) TimerEvent: {}
[2.203406] (-) TimerEvent: {}
[2.297008] (planning_lc_ver) StdoutLine: {'line': b'[ 58%] \x1b[32m\x1b[1mLinking CXX shared library libplanning_lc_costmap.so\x1b[0m\n'}
[2.303532] (-) TimerEvent: {}
[2.316619] (planning_lc_ver) StdoutLine: {'line': b'[ 66%] \x1b[32m\x1b[1mLinking CXX shared library libplanning_lc_planner.so\x1b[0m\n'}
[2.393901] (planning_lc_ver) StdoutLine: {'line': b'[ 66%] Built target planning_lc_costmap\n'}
[2.402631] (planning_lc_ver) StdoutLine: {'line': b'[ 66%] Built target planning_lc_planner\n'}
[2.403569] (-) TimerEvent: {}
[2.471557] (planning_lc_ver) StdoutLine: {'line': b'[ 75%] \x1b[32m\x1b[1mLinking CXX executable lc_planner_node_exe\x1b[0m\n'}
[2.503649] (-) TimerEvent: {}
[2.540060] (planning_lc_ver) StdoutLine: {'line': b'[ 75%] Built target lc_planner_node_exe\n'}
[2.603791] (-) TimerEvent: {}
[2.617926] (planning_lc_ver) StdoutLine: {'line': b'[ 83%] \x1b[32m\x1b[1mLinking CXX shared library libplanning_lc_chainer.so\x1b[0m\n'}
[2.690075] (planning_lc_ver) StdoutLine: {'line': b'[ 83%] Built target planning_lc_chainer\n'}
[2.703845] (-) TimerEvent: {}
[2.704722] (planning_lc_ver) StdoutLine: {'line': b'[ 91%] \x1b[32mBuilding CXX object CMakeFiles/lc_planner_component.dir/src/nodes/lc_planner_node.cpp.o\x1b[0m\n'}
[2.803960] (-) TimerEvent: {}
[2.904159] (-) TimerEvent: {}
[3.004403] (-) TimerEvent: {}
[3.104624] (-) TimerEvent: {}
[3.204849] (-) TimerEvent: {}
[3.305063] (-) TimerEvent: {}
[3.405262] (-) TimerEvent: {}
[3.505458] (-) TimerEvent: {}
[3.605668] (-) TimerEvent: {}
[3.705964] (-) TimerEvent: {}
[3.806175] (-) TimerEvent: {}
[3.906418] (-) TimerEvent: {}
[4.006636] (-) TimerEvent: {}
[4.106844] (-) TimerEvent: {}
[4.207045] (-) TimerEvent: {}
[4.307238] (-) TimerEvent: {}
[4.407464] (-) TimerEvent: {}
[4.507726] (-) TimerEvent: {}
[4.607957] (-) TimerEvent: {}
[4.708254] (-) TimerEvent: {}
[4.808494] (-) TimerEvent: {}
[4.908844] (-) TimerEvent: {}
[5.009065] (-) TimerEvent: {}
[5.109298] (-) TimerEvent: {}
[5.209537] (-) TimerEvent: {}
[5.309731] (-) TimerEvent: {}
[5.409929] (-) TimerEvent: {}
[5.510130] (-) TimerEvent: {}
[5.610322] (-) TimerEvent: {}
[5.710553] (-) TimerEvent: {}
[5.810746] (-) TimerEvent: {}
[5.910947] (-) TimerEvent: {}
[6.011144] (-) TimerEvent: {}
[6.111334] (-) TimerEvent: {}
[6.211531] (-) TimerEvent: {}
[6.311733] (-) TimerEvent: {}
[6.411934] (-) TimerEvent: {}
[6.512127] (-) TimerEvent: {}
[6.612327] (-) TimerEvent: {}
[6.712537] (-) TimerEvent: {}
[6.812769] (-) TimerEvent: {}
[6.912990] (-) TimerEvent: {}
[7.013168] (-) TimerEvent: {}
[7.113395] (-) TimerEvent: {}
[7.213620] (-) TimerEvent: {}
[7.313814] (-) TimerEvent: {}
[7.414005] (-) TimerEvent: {}
[7.514212] (-) TimerEvent: {}
[7.614385] (-) TimerEvent: {}
[7.714532] (-) TimerEvent: {}
[7.814721] (-) TimerEvent: {}
[7.914935] (-) TimerEvent: {}
[8.015159] (-) TimerEvent: {}
[8.115354] (-) TimerEvent: {}
[8.215586] (-) TimerEvent: {}
[8.315786] (-) TimerEvent: {}
[8.415988] (-) TimerEvent: {}
[8.516184] (-) TimerEvent: {}
[8.616381] (-) TimerEvent: {}
[8.716540] (-) TimerEvent: {}
[8.816753] (-) TimerEvent: {}
[8.916964] (-) TimerEvent: {}
[9.001387] (planning_lc_ver) StdoutLine: {'line': b'[100%] \x1b[32m\x1b[1mLinking CXX shared library liblc_planner_component.so\x1b[0m\n'}
[9.017030] (-) TimerEvent: {}
[9.117205] (-) TimerEvent: {}
[9.217413] (-) TimerEvent: {}
[9.317630] (-) TimerEvent: {}
[9.373013] (planning_lc_ver) StdoutLine: {'line': b'[100%] Built target lc_planner_component\n'}
[9.379992] (planning_lc_ver) CommandEnded: {'returncode': 0}
[9.380383] (planning_lc_ver) JobProgress: {'identifier': 'planning_lc_ver', 'progress': 'install'}
[9.385048] (planning_lc_ver) Command: {'cmd': ['/usr/bin/cmake', '--install', '/home/aiv/ev_ws/planning/build/planning_lc_ver'], 'cwd': '/home/aiv/ev_ws/planning/build/planning_lc_ver', 'env': OrderedDict([('GJS_DEBUG_TOPICS', 'JS ERROR;JS LOG'), ('USER', 'aiv'), ('LC_TIME', 'ko_KR.UTF-8'), ('XDG_SESSION_TYPE', 'x11'), ('SHLVL', '1'), ('LD_LIBRARY_PATH', '/usr/local/cuda-12.6/lib64:/usr/local/cuda-12.6/lib64:/home/aiv/ev_ws/ev_msgs/install/ev_msgs/lib:/home/aiv/ev_ws/planning/install/planning_lc_ver/lib:/home/aiv/ev_ws/erp42_ros/install/erp42_serial/lib:/home/aiv/ev_ws/erp42_ros/install/erp42_rqt_plugin/lib:/home/aiv/ev_ws/erp42_ros/install/erp42_gazebo/lib:/home/aiv/ev_ws/erp42_ros/install/erp42_util/lib:/home/aiv/ev_ws/erp42_ros/install/erp42_msgs/lib:/home/aiv/ev_ws/perception/install/velodyne_pointcloud/lib:/home/aiv/ev_ws/perception/install/velodyne_driver/lib:/home/aiv/ev_ws/perception/install/velodyne_msgs/lib:/home/aiv/ev_ws/perception/install/velodyne_cropbox/lib:/home/aiv/ev_ws/perception/install/patchworkpp/lib:/home/aiv/ev_ws/perception/install/make_bbox/lib:/home/aiv/ev_ws/perception/install/lidar_voxel_grid/lib:/home/aiv/ev_ws/perception/install/dbscan_clustering/lib:/home/aiv/ev_ws/perception/install/cluster_splitter/lib:/usr/lib/x86_64-linux-gnu/gazebo-11/plugins:/opt/ros/humble/opt/rviz_ogre_vendor/lib:/opt/ros/humble/lib/x86_64-linux-gnu:/opt/ros/humble/lib:/usr/local/cuda-12.6/lib64'), ('HOME', '/home/aiv'), ('OLDPWD', '/home/aiv/ev_ws'), ('DESKTOP_SESSION', 'ubuntu'), ('NVM_BIN', '/home/aiv/.nvm/versions/node/v24.13.1/bin'), ('NVM_INC', '/home/aiv/.nvm/versions/node/v24.13.1/include/node'), ('GIO_LAUNCHED_DESKTOP_FILE', '/usr/share/applications/terminator.desktop'), ('ROS_PYTHON_VERSION', '3'), ('GNOME_SHELL_SESSION_MODE', 'ubuntu'), ('GTK_MODULES', 'gail:atk-bridge'), ('LC_MONETARY', 'ko_KR.UTF-8'), ('MANAGERPID', '2077'), ('SYSTEMD_EXEC_PID', '2973'), ('DBUS_SESSION_BUS_ADDRESS', 'unix:path=/run/user/1000/bus'), ('COLORTERM', 'truecolor'), ('TERMINATOR_DBUS_NAME', 'net.tenshu.Terminator23558193cd9818af7fe4d2c2f5bd9d00f'), ('GIO_LAUNCHED_DESKTOP_FILE_PID', '4681'), ('NVM_DIR', '/home/aiv/.nvm'), ('COLCON_PREFIX_PATH', '/home/aiv/ev_ws/planning/install:/home/aiv/ev_ws/perception/install:/home/aiv/ev_ws/ev_msgs/install:/home/aiv/ev_ws/carsa_gazebo/install:/home/aiv/ev_ws/erp42_ros/install'), ('ROS_DISTRO', 'humble'), ('GTK_IM_MODULE', 'ibus'), ('LOGNAME', 'aiv'), ('JOURNAL_STREAM', '8:4780'), ('_', '/usr/bin/colcon'), ('ROS_VERSION', '2'), ('XDG_SESSION_CLASS', 'user'), ('USERNAME', 'aiv'), ('TERM', 'xterm-256color'), ('GNOME_DESKTOP_SESSION_ID', 'this-is-deprecated'), ('ROS_LOCALHOST_ONLY', '0'), ('WINDOWPATH', '2'), ('PATH', '/usr/local/cuda-12.6/bin:/usr/local/cuda-12.6/bin:/home/aiv/.local/bin:/opt/ros/humble/bin:/home/aiv/.nvm/versions/node/v24.13.1/bin:/usr/local/cuda-12.6/bin:/usr/local/sbin:/usr/local/bin:/usr/sbin:/usr/bin:/sbin:/bin:/usr/games:/usr/local/games:/snap/bin:/snap/bin'), ('SESSION_MANAGER', 'local/aiv:@/tmp/.ICE-unix/2942,unix/aiv:/tmp/.ICE-unix/2942'), ('INVOCATION_ID', '4d02e125c3df4cda9b3b91398ff974c6'), ('XDG_MENU_PREFIX', 'gnome-'), ('LC_ADDRESS', 'ko_KR.UTF-8'), ('XDG_RUNTIME_DIR', '/run/user/1000'), ('DISPLAY', ':1'), ('TERMINATOR_DBUS_PATH', '/net/tenshu/Terminator2'), ('LANG', 'en_US.UTF-8'), ('XDG_CURRENT_DESKTOP', 'ubuntu:GNOME'), ('IBUS_DISABLE_SNOOPER', '1'), ('LC_TELEPHONE', 'ko_KR.UTF-8'), ('XMODIFIERS', '@im=ibus'), ('XDG_SESSION_DESKTOP', 'ubuntu'), ('XAUTHORITY', '/run/user/1000/gdm/Xauthority'), ('SSH_AGENT_LAUNCHER', 'gnome-keyring'), ('SSH_AUTH_SOCK', '/run/user/1000/keyring/ssh'), ('AMENT_PREFIX_PATH', '/home/aiv/ev_ws/ev_msgs/install/ev_msgs:/home/aiv/ev_ws/carsa_gazebo/install/carsa_gazebo:/home/aiv/ev_ws/planning/install/planning_lc_ver:/home/aiv/ev_ws/erp42_ros/install/erp42_serial:/home/aiv/ev_ws/erp42_ros/install/erp42_rqt_plugin:/home/aiv/ev_ws/erp42_ros/install/erp42_gazebo:/home/aiv/ev_ws/erp42_ros/install/erp42_util:/home/aiv/ev_ws/erp42_ros/install/erp42_msgs:/home/aiv/ev_ws/erp42_ros/install/erp42_description:/home/aiv/ev_ws/erp42_ros/install/erp42_cmake:/home/aiv/ev_ws/perception/install/velodyne:/home/aiv/ev_ws/perception/install/lidar_launch:/home/aiv/ev_ws/perception/install/velodyne_pointcloud:/home/aiv/ev_ws/perception/install/velodyne_driver:/home/aiv/ev_ws/perception/install/velodyne_msgs:/home/aiv/ev_ws/perception/install/velodyne_cropbox:/home/aiv/ev_ws/perception/install/patchworkpp:/home/aiv/ev_ws/perception/install/make_bbox:/home/aiv/ev_ws/perception/install/lidar_voxel_grid:/home/aiv/ev_ws/perception/install/dbscan_clustering:/home/aiv/ev_ws/perception/install/cluster_splitter:/opt/ros/humble'), ('SHELL', '/bin/bash'), ('LC_NAME', 'ko_KR.UTF-8'), ('TERMINATOR_UUID', 'urn:uuid:afd08a68-557c-4158-b206-8cfcdefb43ca'), ('QT_ACCESSIBILITY', '1'), ('GDMSESSION', 'ubuntu'), ('LC_MEASUREMENT', 'ko_KR.UTF-8'), ('GPG_AGENT_INFO', '/run/user/1000/gnupg/S.gpg-agent:0:1'), ('GJS_DEBUG_OUTPUT', 'stderr'), ('LC_IDENTIFICATION', 'ko_KR.UTF-8'), ('QT_IM_MODULE', 'ibus'), ('PWD', '/home/aiv/ev_ws/planning/build/planning_lc_ver'), ('LC_ALL', 'en_US.UTF-8'), ('XDG_CONFIG_DIRS', '/etc/xdg/xdg-ubuntu:/etc/xdg'), ('NVM_CD_FLAGS', ''), ('XDG_DATA_DIRS', '/usr/share/ubuntu:/usr/share/gnome:/usr/local/share/:/usr/share/:/var/lib/snapd/desktop'), ('PYTHONPATH', '/home/aiv/ev_ws/ev_msgs/install/ev_msgs/local/lib/python3.10/dist-packages:/home/aiv/ev_ws/erp42_ros/install/erp42_msgs/local/lib/python3.10/dist-packages:/home/aiv/ev_ws/perception/install/velodyne_msgs/local/lib/python3.10/dist-packages:/opt/ros/humble/lib/python3.10/site-packages:/opt/ros/humble/local/lib/python3.10/dist-packages'), ('LC_NUMERIC', 'ko_KR.UTF-8'), ('LC_PAPER', 'ko_KR.UTF-8'), ('COLCON', '1'), ('VTE_VERSION', '6800'), ('EDITOR', 'code --wait'), ('CMAKE_PREFIX_PATH', '/home/aiv/ev_ws/ev_msgs/install/ev_msgs:/home/aiv/ev_ws/carsa_gazebo/install/carsa_gazebo:/home/aiv/ev_ws/planning/install/planning_lc_ver:/home/aiv/ev_ws/erp42_ros/install/erp42_serial:/home/aiv/ev_ws/erp42_ros/install/erp42_rqt_plugin:/home/aiv/ev_ws/erp42_ros/install/erp42_gazebo:/home/aiv/ev_ws/erp42_ros/install/erp42_util:/home/aiv/ev_ws/erp42_ros/install/erp42_msgs:/home/aiv/ev_ws/erp42_ros/install/erp42_description:/home/aiv/ev_ws/erp42_ros/install/erp42_cmake:/home/aiv/ev_ws/perception/install/velodyne:/home/aiv/ev_ws/perception/install/lidar_launch:/home/aiv/ev_ws/perception/install/velodyne_pointcloud:/home/aiv/ev_ws/perception/install/velodyne_driver:/home/aiv/ev_ws/perception/install/velodyne_msgs:/home/aiv/ev_ws/perception/install/velodyne_cropbox:/home/aiv/ev_ws/perception/install/patchworkpp:/home/aiv/ev_ws/perception/install/make_bbox:/home/aiv/ev_ws/perception/install/lidar_voxel_grid:/home/aiv/ev_ws/perception/install/dbscan_clustering:/home/aiv/ev_ws/perception/install/cluster_splitter:/opt/ros/humble')]), 'shell': False}
[9.390673] (planning_lc_ver) StdoutLine: {'line': b'-- Install configuration: ""\n'}
[9.391016] (planning_lc_ver) StdoutLine: {'line': b'-- Execute custom install script\n'}
[9.391116] (planning_lc_ver) StdoutLine: {'line': b'-- Symlinking: /home/aiv/ev_ws/planning/install/planning_lc_ver/lib/libplanning_lc_chainer.so\n'}
[9.396310] (planning_lc_ver) StdoutLine: {'line': b'-- Symlinking: /home/aiv/ev_ws/planning/install/planning_lc_ver/lib/libplanning_lc_costmap.so\n'}
[9.402064] (planning_lc_ver) StdoutLine: {'line': b'-- Symlinking: /home/aiv/ev_ws/planning/install/planning_lc_ver/lib/libplanning_lc_planner.so\n'}
[9.406981] (planning_lc_ver) StdoutLine: {'line': b'-- Symlinking: /home/aiv/ev_ws/planning/install/planning_lc_ver/lib/libplanning_lc_postprocess.so\n'}
[9.413612] (planning_lc_ver) StdoutLine: {'line': b'-- Symlinking: /home/aiv/ev_ws/planning/install/planning_lc_ver/lib/planning_lc_ver/lc_planner_node_exe\n'}
[9.417694] (-) TimerEvent: {}
[9.418109] (planning_lc_ver) StdoutLine: {'line': b'-- Symlinking: /home/aiv/ev_ws/planning/install/planning_lc_ver/lib/liblc_planner_component.so\n'}
[9.422734] (planning_lc_ver) StdoutLine: {'line': b'-- Symlinking: /home/aiv/ev_ws/planning/install/planning_lc_ver/include/planning_lc_ver/chainer/direction_chainer.hpp\n'}
[9.428702] (planning_lc_ver) StdoutLine: {'line': b'-- Symlinking: /home/aiv/ev_ws/planning/install/planning_lc_ver/include/planning_lc_ver/chainer/line_chainer.hpp\n'}
[9.433461] (planning_lc_ver) StdoutLine: {'line': b'-- Symlinking: /home/aiv/ev_ws/planning/install/planning_lc_ver/include/planning_lc_ver/common/debug_publish.hpp\n'}
[9.439747] (planning_lc_ver) StdoutLine: {'line': b'-- Symlinking: /home/aiv/ev_ws/planning/install/planning_lc_ver/include/planning_lc_ver/common/geometry.hpp\n'}
[9.444976] (planning_lc_ver) StdoutLine: {'line': b'-- Symlinking: /home/aiv/ev_ws/planning/install/planning_lc_ver/include/planning_lc_ver/common/params.hpp\n'}
[9.449288] (planning_lc_ver) StdoutLine: {'line': b'-- Symlinking: /home/aiv/ev_ws/planning/install/planning_lc_ver/include/planning_lc_ver/common/types.hpp\n'}
[9.455273] (planning_lc_ver) StdoutLine: {'line': b'-- Symlinking: /home/aiv/ev_ws/planning/install/planning_lc_ver/include/planning_lc_ver/costmap/costmap_generator.hpp\n'}
[9.460578] (planning_lc_ver) StdoutLine: {'line': b'-- Symlinking: /home/aiv/ev_ws/planning/install/planning_lc_ver/include/planning_lc_ver/nodes/lc_planner_node.hpp\n'}
[9.466795] (planning_lc_ver) StdoutLine: {'line': b'-- Symlinking: /home/aiv/ev_ws/planning/install/planning_lc_ver/include/planning_lc_ver/planner/magnetic_planner.hpp\n'}
[9.472238] (planning_lc_ver) StdoutLine: {'line': b'-- Symlinking: /home/aiv/ev_ws/planning/install/planning_lc_ver/include/planning_lc_ver/postprocess/path_postprocessor.hpp\n'}
[9.476924] (planning_lc_ver) StdoutLine: {'line': b'-- Symlinking: /home/aiv/ev_ws/planning/install/planning_lc_ver/include/planning_lc_ver/safety/safety_checker.hpp\n'}
[9.483267] (planning_lc_ver) StdoutLine: {'line': b'-- Symlinking: /home/aiv/ev_ws/planning/install/planning_lc_ver/share/planning_lc_ver/config/planning_lc.yaml\n'}
[9.488832] (planning_lc_ver) StdoutLine: {'line': b'-- Symlinking: /home/aiv/ev_ws/planning/install/planning_lc_ver/share/planning_lc_ver/launch/planning_lc.launch.py\n'}
[9.494978] (planning_lc_ver) StdoutLine: {'line': b'-- Symlinking: /home/aiv/ev_ws/planning/install/planning_lc_ver/share/ament_index/resource_index/package_run_dependencies/planning_lc_ver\n'}
[9.500783] (planning_lc_ver) StdoutLine: {'line': b'-- Symlinking: /home/aiv/ev_ws/planning/install/planning_lc_ver/share/ament_index/resource_index/parent_prefix_path/planning_lc_ver\n'}
[9.505578] (planning_lc_ver) StdoutLine: {'line': b'-- Symlinking: /home/aiv/ev_ws/planning/install/planning_lc_ver/share/planning_lc_ver/environment/ament_prefix_path.sh\n'}
[9.510657] (planning_lc_ver) StdoutLine: {'line': b'-- Symlinking: /home/aiv/ev_ws/planning/install/planning_lc_ver/share/planning_lc_ver/environment/ament_prefix_path.dsv\n'}
[9.516217] (planning_lc_ver) StdoutLine: {'line': b'-- Symlinking: /home/aiv/ev_ws/planning/install/planning_lc_ver/share/planning_lc_ver/environment/path.sh\n'}
[9.517749] (-) TimerEvent: {}
[9.520363] (planning_lc_ver) StdoutLine: {'line': b'-- Symlinking: /home/aiv/ev_ws/planning/install/planning_lc_ver/share/planning_lc_ver/environment/path.dsv\n'}
[9.525102] (planning_lc_ver) StdoutLine: {'line': b'-- Symlinking: /home/aiv/ev_ws/planning/install/planning_lc_ver/share/planning_lc_ver/local_setup.bash\n'}
[9.529989] (planning_lc_ver) StdoutLine: {'line': b'-- Symlinking: /home/aiv/ev_ws/planning/install/planning_lc_ver/share/planning_lc_ver/local_setup.sh\n'}
[9.534128] (planning_lc_ver) StdoutLine: {'line': b'-- Symlinking: /home/aiv/ev_ws/planning/install/planning_lc_ver/share/planning_lc_ver/local_setup.zsh\n'}
[9.539158] (planning_lc_ver) StdoutLine: {'line': b'-- Symlinking: /home/aiv/ev_ws/planning/install/planning_lc_ver/share/planning_lc_ver/local_setup.dsv\n'}
[9.543280] (planning_lc_ver) StdoutLine: {'line': b'-- Symlinking: /home/aiv/ev_ws/planning/install/planning_lc_ver/share/planning_lc_ver/package.dsv\n'}
[9.548001] (planning_lc_ver) StdoutLine: {'line': b'-- Symlinking: /home/aiv/ev_ws/planning/install/planning_lc_ver/share/ament_index/resource_index/packages/planning_lc_ver\n'}
[9.553753] (planning_lc_ver) StdoutLine: {'line': b'-- Symlinking: /home/aiv/ev_ws/planning/install/planning_lc_ver/share/ament_index/resource_index/rclcpp_components/planning_lc_ver\n'}
[9.558521] (planning_lc_ver) StdoutLine: {'line': b'-- Symlinking: /home/aiv/ev_ws/planning/install/planning_lc_ver/share/planning_lc_ver/cmake/planning_lc_verConfig.cmake\n'}
[9.562966] (planning_lc_ver) StdoutLine: {'line': b'-- Symlinking: /home/aiv/ev_ws/planning/install/planning_lc_ver/share/planning_lc_ver/cmake/planning_lc_verConfig-version.cmake\n'}
[9.567599] (planning_lc_ver) StdoutLine: {'line': b'-- Symlinking: /home/aiv/ev_ws/planning/install/planning_lc_ver/share/planning_lc_ver/package.xml\n'}
[9.573048] (planning_lc_ver) CommandEnded: {'returncode': 0}
[9.581515] (planning_lc_ver) JobEnded: {'identifier': 'planning_lc_ver', 'rc': 0}
[9.581794] (-) EventReactorShutdown: {}
