[0.018s] Invoking command in '/home/aiv/ev_ws/perception/build/make_bbox': CMAKE_PREFIX_PATH=${CMAKE_PREFIX_PATH}:/opt/ros/humble /usr/bin/cmake --build /home/aiv/ev_ws/perception/build/make_bbox -- -j28 -l28
[0.034s] -- Found ament_cmake: 1.3.12 (/opt/ros/humble/share/ament_cmake/cmake)
[0.113s] -- Override CMake install command with custom implementation using symlinks instead of copying resources
[0.118s] -- Found rclcpp: 16.0.17 (/opt/ros/humble/share/rclcpp/cmake)
[0.142s] -- Found rosidl_generator_c: 3.1.8 (/opt/ros/humble/share/rosidl_generator_c/cmake)
[0.144s] -- Found rosidl_adapter: 3.1.8 (/opt/ros/humble/share/rosidl_adapter/cmake)
[0.149s] -- Found rosidl_generator_cpp: 3.1.8 (/opt/ros/humble/share/rosidl_generator_cpp/cmake)
[0.156s] -- Using all available rosidl_typesupport_c: rosidl_typesupport_fastrtps_c;rosidl_typesupport_introspection_c
[0.163s] -- Using all available rosidl_typesupport_cpp: rosidl_typesupport_fastrtps_cpp;rosidl_typesupport_introspection_cpp
[0.181s] -- Found rmw_implementation_cmake: 6.1.2 (/opt/ros/humble/share/rmw_implementation_cmake/cmake)
[0.181s] -- Found rmw_fastrtps_cpp: 6.2.9 (/opt/ros/humble/share/rmw_fastrtps_cpp/cmake)
[0.242s] -- Using RMW implementation 'rmw_fastrtps_cpp' as default
[0.268s] -- Found rclcpp_components: 16.0.17 (/opt/ros/humble/share/rclcpp_components/cmake)
[0.278s] -- Found sensor_msgs: 4.9.0 (/opt/ros/humble/share/sensor_msgs/cmake)
[0.294s] -- Found visualization_msgs: 4.9.0 (/opt/ros/humble/share/visualization_msgs/cmake)
[0.303s] -- Found ev_msgs: 0.1.0 (/home/aiv/ev_ws/install/ev_msgs/share/ev_msgs/cmake)
[0.359s] -- Configuring done
[0.366s] -- Generating done
[0.369s] -- Build files have been written to: /home/aiv/ev_ws/perception/build/make_bbox
[0.389s] [35m[1mConsolidate compiler generated dependencies of target make_bbox_node[0m
[0.390s] [35m[1mConsolidate compiler generated dependencies of target make_bbox_component[0m
[0.400s] [ 50%] Built target make_bbox_node
[0.402s] [ 75%] [32mBuilding CXX object CMakeFiles/make_bbox_component.dir/src/make_bbox_node.cpp.o[0m
[0.515s] In file included from [01m[K/home/aiv/ev_ws/perception/src/lidar/make_bbox/src/make_bbox_node.cpp:1[m[K:
[0.515s] [01m[K/home/aiv/ev_ws/perception/src/lidar/make_bbox/include/make_bbox/make_bbox_node.hpp:7:10:[m[K [01;31m[Kfatal error: [m[Kev_msgs/msg/b_box_array.hpp: No such file or directory
[0.515s]     7 | #include [01;31m[K<ev_msgs/msg/b_box_array.hpp>[m[K
[0.515s]       |          [01;31m[K^~~~~~~~~~~~~~~~~~~~~~~~~~~~~[m[K
[0.515s] compilation terminated.
[0.516s] gmake[2]: *** [CMakeFiles/make_bbox_component.dir/build.make:76: CMakeFiles/make_bbox_component.dir/src/make_bbox_node.cpp.o] Error 1
[0.516s] gmake[1]: *** [CMakeFiles/Makefile2:139: CMakeFiles/make_bbox_component.dir/all] Error 2
[0.517s] gmake: *** [Makefile:146: all] Error 2
[0.518s] Invoked command in '/home/aiv/ev_ws/perception/build/make_bbox' returned '2': CMAKE_PREFIX_PATH=${CMAKE_PREFIX_PATH}:/opt/ros/humble /usr/bin/cmake --build /home/aiv/ev_ws/perception/build/make_bbox -- -j28 -l28
