running develop
Removing /home/woonggook/ev_ws/install/lane_seg/lib/python3.10/site-packages/lane-seg.egg-link (link to .)
running egg_info
writing ../../build/lane_seg/lane_seg.egg-info/PKG-INFO
writing dependency_links to ../../build/lane_seg/lane_seg.egg-info/dependency_links.txt
writing entry points to ../../build/lane_seg/lane_seg.egg-info/entry_points.txt
writing requirements to ../../build/lane_seg/lane_seg.egg-info/requires.txt
writing top-level names to ../../build/lane_seg/lane_seg.egg-info/top_level.txt
reading manifest file '../../build/lane_seg/lane_seg.egg-info/SOURCES.txt'
writing manifest file '../../build/lane_seg/lane_seg.egg-info/SOURCES.txt'
running build
running build_py
copying lane_seg/bev_node.py -> /home/woonggook/ev_ws/build/lane_seg/build/lib/lane_seg
copying lane_seg/generate_synthetic_bev.py -> /home/woonggook/ev_ws/build/lane_seg/build/lib/lane_seg
running install
running install_lib
creating /home/woonggook/ev_ws/install/lane_seg/lib/python3.10/site-packages/lane_seg
copying /home/woonggook/ev_ws/build/lane_seg/build/lib/lane_seg/bev_node.py -> /home/woonggook/ev_ws/install/lane_seg/lib/python3.10/site-packages/lane_seg
copying /home/woonggook/ev_ws/build/lane_seg/build/lib/lane_seg/get_points.py -> /home/woonggook/ev_ws/install/lane_seg/lib/python3.10/site-packages/lane_seg
copying /home/woonggook/ev_ws/build/lane_seg/build/lib/lane_seg/generate_synthetic_bev.py -> /home/woonggook/ev_ws/install/lane_seg/lib/python3.10/site-packages/lane_seg
copying /home/woonggook/ev_ws/build/lane_seg/build/lib/lane_seg/__init__.py -> /home/woonggook/ev_ws/install/lane_seg/lib/python3.10/site-packages/lane_seg
copying /home/woonggook/ev_ws/build/lane_seg/build/lib/lane_seg/get_extrinsic.py -> /home/woonggook/ev_ws/install/lane_seg/lib/python3.10/site-packages/lane_seg
byte-compiling /home/woonggook/ev_ws/install/lane_seg/lib/python3.10/site-packages/lane_seg/bev_node.py to bev_node.cpython-310.pyc
byte-compiling /home/woonggook/ev_ws/install/lane_seg/lib/python3.10/site-packages/lane_seg/get_points.py to get_points.cpython-310.pyc
byte-compiling /home/woonggook/ev_ws/install/lane_seg/lib/python3.10/site-packages/lane_seg/generate_synthetic_bev.py to generate_synthetic_bev.cpython-310.pyc
byte-compiling /home/woonggook/ev_ws/install/lane_seg/lib/python3.10/site-packages/lane_seg/__init__.py to __init__.cpython-310.pyc
byte-compiling /home/woonggook/ev_ws/install/lane_seg/lib/python3.10/site-packages/lane_seg/get_extrinsic.py to get_extrinsic.cpython-310.pyc
running install_data
copying resource/lane_seg -> /home/woonggook/ev_ws/install/lane_seg/share/ament_index/resource_index/packages
copying package.xml -> /home/woonggook/ev_ws/install/lane_seg/share/lane_seg
running install_egg_info
Copying ../../build/lane_seg/lane_seg.egg-info to /home/woonggook/ev_ws/install/lane_seg/lib/python3.10/site-packages/lane_seg-0.0.0-py3.10.egg-info
running install_scripts
Installing bev_node script to /home/woonggook/ev_ws/install/lane_seg/lib/lane_seg
writing list of installed files to '/home/woonggook/ev_ws/build/lane_seg/install.log'
