[0.528s] Invoking command in '/home/woonggook/ev_ws/build/lane_seg': PYTHONPATH=/home/woonggook/ev_ws/build/lane_seg/prefix_override:/usr/lib/python3/dist-packages/colcon_core/task/python/colcon_distutils_commands:/home/woonggook/ev_ws/install/lane_seg/lib/python3.10/site-packages:${PYTHONPATH} /usr/bin/python3 -W ignore:setup.py install is deprecated -W ignore:easy_install command is deprecated setup.py develop --uninstall --editable --build-directory /home/woonggook/ev_ws/build/lane_seg/build
[0.697s] running develop
[0.845s] Removing /home/woonggook/ev_ws/install/lane_seg/lib/python3.10/site-packages/lane-seg.egg-link (link to .)
[0.863s] Invoked command in '/home/woonggook/ev_ws/build/lane_seg' returned '0': PYTHONPATH=/home/woonggook/ev_ws/build/lane_seg/prefix_override:/usr/lib/python3/dist-packages/colcon_core/task/python/colcon_distutils_commands:/home/woonggook/ev_ws/install/lane_seg/lib/python3.10/site-packages:${PYTHONPATH} /usr/bin/python3 -W ignore:setup.py install is deprecated -W ignore:easy_install command is deprecated setup.py develop --uninstall --editable --build-directory /home/woonggook/ev_ws/build/lane_seg/build
[0.864s] Invoking command in '/home/woonggook/ev_ws/src/lane_seg': PYTHONPATH=/home/woonggook/ev_ws/build/lane_seg/prefix_override:/usr/lib/python3/dist-packages/colcon_core/task/python/colcon_distutils_commands:/home/woonggook/ev_ws/install/lane_seg/lib/python3.10/site-packages:${PYTHONPATH} /usr/bin/python3 -W ignore:setup.py install is deprecated -W ignore:easy_install command is deprecated setup.py egg_info --egg-base ../../build/lane_seg build --build-base /home/woonggook/ev_ws/build/lane_seg/build install --record /home/woonggook/ev_ws/build/lane_seg/install.log --single-version-externally-managed install_data --force
[1.031s] running egg_info
[1.031s] writing ../../build/lane_seg/lane_seg.egg-info/PKG-INFO
[1.031s] writing dependency_links to ../../build/lane_seg/lane_seg.egg-info/dependency_links.txt
[1.031s] writing entry points to ../../build/lane_seg/lane_seg.egg-info/entry_points.txt
[1.032s] writing requirements to ../../build/lane_seg/lane_seg.egg-info/requires.txt
[1.032s] writing top-level names to ../../build/lane_seg/lane_seg.egg-info/top_level.txt
[1.034s] reading manifest file '../../build/lane_seg/lane_seg.egg-info/SOURCES.txt'
[1.035s] writing manifest file '../../build/lane_seg/lane_seg.egg-info/SOURCES.txt'
[1.035s] running build
[1.035s] running build_py
[1.035s] copying lane_seg/bev_node.py -> /home/woonggook/ev_ws/build/lane_seg/build/lib/lane_seg
[1.035s] copying lane_seg/generate_synthetic_bev.py -> /home/woonggook/ev_ws/build/lane_seg/build/lib/lane_seg
[1.035s] running install
[1.036s] running install_lib
[1.036s] creating /home/woonggook/ev_ws/install/lane_seg/lib/python3.10/site-packages/lane_seg
[1.036s] copying /home/woonggook/ev_ws/build/lane_seg/build/lib/lane_seg/bev_node.py -> /home/woonggook/ev_ws/install/lane_seg/lib/python3.10/site-packages/lane_seg
[1.037s] copying /home/woonggook/ev_ws/build/lane_seg/build/lib/lane_seg/get_points.py -> /home/woonggook/ev_ws/install/lane_seg/lib/python3.10/site-packages/lane_seg
[1.037s] copying /home/woonggook/ev_ws/build/lane_seg/build/lib/lane_seg/generate_synthetic_bev.py -> /home/woonggook/ev_ws/install/lane_seg/lib/python3.10/site-packages/lane_seg
[1.037s] copying /home/woonggook/ev_ws/build/lane_seg/build/lib/lane_seg/__init__.py -> /home/woonggook/ev_ws/install/lane_seg/lib/python3.10/site-packages/lane_seg
[1.037s] copying /home/woonggook/ev_ws/build/lane_seg/build/lib/lane_seg/get_extrinsic.py -> /home/woonggook/ev_ws/install/lane_seg/lib/python3.10/site-packages/lane_seg
[1.037s] byte-compiling /home/woonggook/ev_ws/install/lane_seg/lib/python3.10/site-packages/lane_seg/bev_node.py to bev_node.cpython-310.pyc
[1.038s] byte-compiling /home/woonggook/ev_ws/install/lane_seg/lib/python3.10/site-packages/lane_seg/get_points.py to get_points.cpython-310.pyc
[1.039s] byte-compiling /home/woonggook/ev_ws/install/lane_seg/lib/python3.10/site-packages/lane_seg/generate_synthetic_bev.py to generate_synthetic_bev.cpython-310.pyc
[1.039s] byte-compiling /home/woonggook/ev_ws/install/lane_seg/lib/python3.10/site-packages/lane_seg/__init__.py to __init__.cpython-310.pyc
[1.039s] byte-compiling /home/woonggook/ev_ws/install/lane_seg/lib/python3.10/site-packages/lane_seg/get_extrinsic.py to get_extrinsic.cpython-310.pyc
[1.040s] running install_data
[1.040s] copying resource/lane_seg -> /home/woonggook/ev_ws/install/lane_seg/share/ament_index/resource_index/packages
[1.040s] copying package.xml -> /home/woonggook/ev_ws/install/lane_seg/share/lane_seg
[1.040s] running install_egg_info
[1.042s] Copying ../../build/lane_seg/lane_seg.egg-info to /home/woonggook/ev_ws/install/lane_seg/lib/python3.10/site-packages/lane_seg-0.0.0-py3.10.egg-info
[1.042s] running install_scripts
[1.062s] Installing bev_node script to /home/woonggook/ev_ws/install/lane_seg/lib/lane_seg
[1.063s] writing list of installed files to '/home/woonggook/ev_ws/build/lane_seg/install.log'
[1.079s] Invoked command in '/home/woonggook/ev_ws/src/lane_seg' returned '0': PYTHONPATH=/home/woonggook/ev_ws/build/lane_seg/prefix_override:/usr/lib/python3/dist-packages/colcon_core/task/python/colcon_distutils_commands:/home/woonggook/ev_ws/install/lane_seg/lib/python3.10/site-packages:${PYTHONPATH} /usr/bin/python3 -W ignore:setup.py install is deprecated -W ignore:easy_install command is deprecated setup.py egg_info --egg-base ../../build/lane_seg build --build-base /home/woonggook/ev_ws/build/lane_seg/build install --record /home/woonggook/ev_ws/build/lane_seg/install.log --single-version-externally-managed install_data --force
