[0.020s] Invoking command in '/home/kimsohee/ev-1-5/ev-Autonomous-Vehicle-1-5/build/ev_msgs': CMAKE_PREFIX_PATH=/opt/ros/humble /usr/bin/cmake --build /home/kimsohee/ev-1-5/ev-Autonomous-Vehicle-1-5/build/ev_msgs -- -j10 -l10
[0.045s] [35m[1mConsolidate compiler generated dependencies of target ev_msgs__rosidl_generator_c[0m
[0.045s] [  1%] Built target ev_msgs__cpp
[0.045s] [ 12%] Built target ev_msgs__rosidl_generator_c
[0.049s] [35m[1mConsolidate compiler generated dependencies of target ev_msgs__rosidl_typesupport_introspection_cpp[0m
[0.054s] [ 12%] Built target ament_cmake_python_symlink_ev_msgs
[0.057s] [35m[1mConsolidate compiler generated dependencies of target ev_msgs__rosidl_typesupport_introspection_c[0m
[0.057s] [35m[1mConsolidate compiler generated dependencies of target ev_msgs__rosidl_typesupport_fastrtps_cpp[0m
[0.059s] [35m[1mConsolidate compiler generated dependencies of target ev_msgs__rosidl_typesupport_fastrtps_c[0m
[0.061s] [ 23%] Built target ev_msgs__rosidl_typesupport_introspection_cpp
[0.063s] [35m[1mConsolidate compiler generated dependencies of target ev_msgs__rosidl_typesupport_c[0m
[0.068s] [35m[1mConsolidate compiler generated dependencies of target ev_msgs__rosidl_typesupport_cpp[0m
[0.069s] [ 34%] Built target ev_msgs__rosidl_typesupport_introspection_c
[0.072s] [ 45%] Built target ev_msgs__rosidl_typesupport_fastrtps_c
[0.074s] [ 67%] Built target ev_msgs__rosidl_typesupport_fastrtps_cpp
[0.078s] [ 67%] Built target ev_msgs__rosidl_typesupport_c
[0.081s] [ 78%] Built target ev_msgs__rosidl_typesupport_cpp
[0.125s] [ 78%] Built target ev_msgs
[0.125s] [ 80%] Built target ev_msgs__py
[0.133s] [35m[1mConsolidate compiler generated dependencies of target ev_msgs__rosidl_generator_py[0m
[0.181s] [ 89%] Built target ev_msgs__rosidl_generator_py
[0.188s] running egg_info
[0.188s] writing ev_msgs.egg-info/PKG-INFO
[0.188s] writing dependency_links to ev_msgs.egg-info/dependency_links.txt
[0.188s] writing top-level names to ev_msgs.egg-info/top_level.txt
[0.188s] reading manifest file 'ev_msgs.egg-info/SOURCES.txt'
[0.188s] writing manifest file 'ev_msgs.egg-info/SOURCES.txt'
[0.205s] [35m[1mConsolidate compiler generated dependencies of target ev_msgs__rosidl_typesupport_introspection_c__pyext[0m
[0.211s] [35m[1mConsolidate compiler generated dependencies of target ev_msgs__rosidl_typesupport_c__pyext[0m
[0.211s] [35m[1mConsolidate compiler generated dependencies of target ev_msgs__rosidl_typesupport_fastrtps_c__pyext[0m
[0.211s] [ 89%] Built target ament_cmake_python_build_ev_msgs_egg
[0.228s] [ 92%] Built target ev_msgs__rosidl_typesupport_introspection_c__pyext
[0.228s] [ 96%] Built target ev_msgs__rosidl_typesupport_fastrtps_c__pyext
[0.228s] [100%] Built target ev_msgs__rosidl_typesupport_c__pyext
[0.241s] Invoked command in '/home/kimsohee/ev-1-5/ev-Autonomous-Vehicle-1-5/build/ev_msgs' returned '0': CMAKE_PREFIX_PATH=/opt/ros/humble /usr/bin/cmake --build /home/kimsohee/ev-1-5/ev-Autonomous-Vehicle-1-5/build/ev_msgs -- -j10 -l10
[0.241s] Invoking command in '/home/kimsohee/ev-1-5/ev-Autonomous-Vehicle-1-5/build/ev_msgs': CMAKE_PREFIX_PATH=/opt/ros/humble /usr/bin/cmake --install /home/kimsohee/ev-1-5/ev-Autonomous-Vehicle-1-5/build/ev_msgs
[0.266s] -- Install configuration: ""
[0.266s] -- Execute custom install script
[0.266s] -- Up-to-date symlink: /home/kimsohee/ev-1-5/ev-Autonomous-Vehicle-1-5/install/ev_msgs/share/ament_index/resource_index/rosidl_interfaces/ev_msgs
[0.266s] -- Up-to-date symlink: /home/kimsohee/ev-1-5/ev-Autonomous-Vehicle-1-5/install/ev_msgs/include/ev_msgs/ev_msgs/msg/b_box.h
[0.266s] -- Up-to-date symlink: /home/kimsohee/ev-1-5/ev-Autonomous-Vehicle-1-5/install/ev_msgs/include/ev_msgs/ev_msgs/msg/b_box_array.h
[0.266s] -- Up-to-date symlink: /home/kimsohee/ev-1-5/ev-Autonomous-Vehicle-1-5/install/ev_msgs/include/ev_msgs/ev_msgs/msg/detail/b_box__functions.h
[0.266s] -- Up-to-date symlink: /home/kimsohee/ev-1-5/ev-Autonomous-Vehicle-1-5/install/ev_msgs/include/ev_msgs/ev_msgs/msg/detail/b_box__struct.h
[0.266s] -- Up-to-date symlink: /home/kimsohee/ev-1-5/ev-Autonomous-Vehicle-1-5/install/ev_msgs/include/ev_msgs/ev_msgs/msg/detail/b_box__type_support.h
[0.266s] -- Up-to-date symlink: /home/kimsohee/ev-1-5/ev-Autonomous-Vehicle-1-5/install/ev_msgs/include/ev_msgs/ev_msgs/msg/detail/b_box_array__functions.h
[0.266s] -- Up-to-date symlink: /home/kimsohee/ev-1-5/ev-Autonomous-Vehicle-1-5/install/ev_msgs/include/ev_msgs/ev_msgs/msg/detail/b_box_array__struct.h
[0.266s] -- Up-to-date symlink: /home/kimsohee/ev-1-5/ev-Autonomous-Vehicle-1-5/install/ev_msgs/include/ev_msgs/ev_msgs/msg/detail/b_box_array__type_support.h
[0.266s] -- Up-to-date symlink: /home/kimsohee/ev-1-5/ev-Autonomous-Vehicle-1-5/install/ev_msgs/include/ev_msgs/ev_msgs/msg/detail/lane_boundary__functions.h
[0.266s] -- Up-to-date symlink: /home/kimsohee/ev-1-5/ev-Autonomous-Vehicle-1-5/install/ev_msgs/include/ev_msgs/ev_msgs/msg/detail/lane_boundary__struct.h
[0.266s] -- Up-to-date symlink: /home/kimsohee/ev-1-5/ev-Autonomous-Vehicle-1-5/install/ev_msgs/include/ev_msgs/ev_msgs/msg/detail/lane_boundary__type_support.h
[0.266s] -- Up-to-date symlink: /home/kimsohee/ev-1-5/ev-Autonomous-Vehicle-1-5/install/ev_msgs/include/ev_msgs/ev_msgs/msg/detail/lane_boundary_array__functions.h
[0.266s] -- Up-to-date symlink: /home/kimsohee/ev-1-5/ev-Autonomous-Vehicle-1-5/install/ev_msgs/include/ev_msgs/ev_msgs/msg/detail/lane_boundary_array__struct.h
[0.266s] -- Up-to-date symlink: /home/kimsohee/ev-1-5/ev-Autonomous-Vehicle-1-5/install/ev_msgs/include/ev_msgs/ev_msgs/msg/detail/lane_boundary_array__type_support.h
[0.266s] -- Up-to-date symlink: /home/kimsohee/ev-1-5/ev-Autonomous-Vehicle-1-5/install/ev_msgs/include/ev_msgs/ev_msgs/msg/lane_boundary.h
[0.266s] -- Up-to-date symlink: /home/kimsohee/ev-1-5/ev-Autonomous-Vehicle-1-5/install/ev_msgs/include/ev_msgs/ev_msgs/msg/lane_boundary_array.h
[0.266s] -- Up-to-date symlink: /home/kimsohee/ev-1-5/ev-Autonomous-Vehicle-1-5/install/ev_msgs/include/ev_msgs/ev_msgs/msg/rosidl_generator_c__visibility_control.h
[0.266s] -- Up-to-date symlink: /home/kimsohee/ev-1-5/ev-Autonomous-Vehicle-1-5/install/ev_msgs/share/ev_msgs/environment/library_path.sh
[0.266s] -- Up-to-date symlink: /home/kimsohee/ev-1-5/ev-Autonomous-Vehicle-1-5/install/ev_msgs/share/ev_msgs/environment/library_path.dsv
[0.266s] -- Up-to-date symlink: /home/kimsohee/ev-1-5/ev-Autonomous-Vehicle-1-5/install/ev_msgs/include/ev_msgs/ev_msgs/msg/detail/b_box__rosidl_typesupport_fastrtps_c.h
[0.266s] -- Up-to-date symlink: /home/kimsohee/ev-1-5/ev-Autonomous-Vehicle-1-5/install/ev_msgs/include/ev_msgs/ev_msgs/msg/detail/b_box_array__rosidl_typesupport_fastrtps_c.h
[0.267s] -- Up-to-date symlink: /home/kimsohee/ev-1-5/ev-Autonomous-Vehicle-1-5/install/ev_msgs/include/ev_msgs/ev_msgs/msg/detail/lane_boundary__rosidl_typesupport_fastrtps_c.h
[0.267s] -- Up-to-date symlink: /home/kimsohee/ev-1-5/ev-Autonomous-Vehicle-1-5/install/ev_msgs/include/ev_msgs/ev_msgs/msg/detail/lane_boundary_array__rosidl_typesupport_fastrtps_c.h
[0.267s] -- Up-to-date symlink: /home/kimsohee/ev-1-5/ev-Autonomous-Vehicle-1-5/install/ev_msgs/include/ev_msgs/ev_msgs/msg/rosidl_typesupport_fastrtps_c__visibility_control.h
[0.267s] -- Up-to-date symlink: /home/kimsohee/ev-1-5/ev-Autonomous-Vehicle-1-5/install/ev_msgs/include/ev_msgs/ev_msgs/msg/detail/b_box__rosidl_typesupport_introspection_c.h
[0.272s] -- Up-to-date symlink: /home/kimsohee/ev-1-5/ev-Autonomous-Vehicle-1-5/install/ev_msgs/include/ev_msgs/ev_msgs/msg/detail/b_box_array__rosidl_typesupport_introspection_c.h
[0.272s] -- Up-to-date symlink: /home/kimsohee/ev-1-5/ev-Autonomous-Vehicle-1-5/install/ev_msgs/include/ev_msgs/ev_msgs/msg/detail/lane_boundary__rosidl_typesupport_introspection_c.h
[0.272s] -- Up-to-date symlink: /home/kimsohee/ev-1-5/ev-Autonomous-Vehicle-1-5/install/ev_msgs/include/ev_msgs/ev_msgs/msg/detail/lane_boundary_array__rosidl_typesupport_introspection_c.h
[0.272s] -- Up-to-date symlink: /home/kimsohee/ev-1-5/ev-Autonomous-Vehicle-1-5/install/ev_msgs/include/ev_msgs/ev_msgs/msg/rosidl_typesupport_introspection_c__visibility_control.h
[0.272s] -- Up-to-date symlink: /home/kimsohee/ev-1-5/ev-Autonomous-Vehicle-1-5/install/ev_msgs/include/ev_msgs/ev_msgs/msg/b_box.hpp
[0.272s] -- Up-to-date symlink: /home/kimsohee/ev-1-5/ev-Autonomous-Vehicle-1-5/install/ev_msgs/include/ev_msgs/ev_msgs/msg/b_box_array.hpp
[0.272s] -- Up-to-date symlink: /home/kimsohee/ev-1-5/ev-Autonomous-Vehicle-1-5/install/ev_msgs/include/ev_msgs/ev_msgs/msg/detail/b_box__builder.hpp
[0.272s] -- Up-to-date symlink: /home/kimsohee/ev-1-5/ev-Autonomous-Vehicle-1-5/install/ev_msgs/include/ev_msgs/ev_msgs/msg/detail/b_box__struct.hpp
[0.272s] -- Up-to-date symlink: /home/kimsohee/ev-1-5/ev-Autonomous-Vehicle-1-5/install/ev_msgs/include/ev_msgs/ev_msgs/msg/detail/b_box__traits.hpp
[0.272s] -- Up-to-date symlink: /home/kimsohee/ev-1-5/ev-Autonomous-Vehicle-1-5/install/ev_msgs/include/ev_msgs/ev_msgs/msg/detail/b_box__type_support.hpp
[0.272s] -- Up-to-date symlink: /home/kimsohee/ev-1-5/ev-Autonomous-Vehicle-1-5/install/ev_msgs/include/ev_msgs/ev_msgs/msg/detail/b_box_array__builder.hpp
[0.272s] -- Up-to-date symlink: /home/kimsohee/ev-1-5/ev-Autonomous-Vehicle-1-5/install/ev_msgs/include/ev_msgs/ev_msgs/msg/detail/b_box_array__struct.hpp
[0.272s] -- Up-to-date symlink: /home/kimsohee/ev-1-5/ev-Autonomous-Vehicle-1-5/install/ev_msgs/include/ev_msgs/ev_msgs/msg/detail/b_box_array__traits.hpp
[0.272s] -- Up-to-date symlink: /home/kimsohee/ev-1-5/ev-Autonomous-Vehicle-1-5/install/ev_msgs/include/ev_msgs/ev_msgs/msg/detail/b_box_array__type_support.hpp
[0.272s] -- Up-to-date symlink: /home/kimsohee/ev-1-5/ev-Autonomous-Vehicle-1-5/install/ev_msgs/include/ev_msgs/ev_msgs/msg/detail/lane_boundary__builder.hpp
[0.272s] -- Up-to-date symlink: /home/kimsohee/ev-1-5/ev-Autonomous-Vehicle-1-5/install/ev_msgs/include/ev_msgs/ev_msgs/msg/detail/lane_boundary__struct.hpp
[0.272s] -- Up-to-date symlink: /home/kimsohee/ev-1-5/ev-Autonomous-Vehicle-1-5/install/ev_msgs/include/ev_msgs/ev_msgs/msg/detail/lane_boundary__traits.hpp
[0.272s] -- Up-to-date symlink: /home/kimsohee/ev-1-5/ev-Autonomous-Vehicle-1-5/install/ev_msgs/include/ev_msgs/ev_msgs/msg/detail/lane_boundary__type_support.hpp
[0.272s] -- Up-to-date symlink: /home/kimsohee/ev-1-5/ev-Autonomous-Vehicle-1-5/install/ev_msgs/include/ev_msgs/ev_msgs/msg/detail/lane_boundary_array__builder.hpp
[0.272s] -- Up-to-date symlink: /home/kimsohee/ev-1-5/ev-Autonomous-Vehicle-1-5/install/ev_msgs/include/ev_msgs/ev_msgs/msg/detail/lane_boundary_array__struct.hpp
[0.272s] -- Up-to-date symlink: /home/kimsohee/ev-1-5/ev-Autonomous-Vehicle-1-5/install/ev_msgs/include/ev_msgs/ev_msgs/msg/detail/lane_boundary_array__traits.hpp
[0.272s] -- Up-to-date symlink: /home/kimsohee/ev-1-5/ev-Autonomous-Vehicle-1-5/install/ev_msgs/include/ev_msgs/ev_msgs/msg/detail/lane_boundary_array__type_support.hpp
[0.272s] -- Up-to-date symlink: /home/kimsohee/ev-1-5/ev-Autonomous-Vehicle-1-5/install/ev_msgs/include/ev_msgs/ev_msgs/msg/lane_boundary.hpp
[0.272s] -- Up-to-date symlink: /home/kimsohee/ev-1-5/ev-Autonomous-Vehicle-1-5/install/ev_msgs/include/ev_msgs/ev_msgs/msg/lane_boundary_array.hpp
[0.273s] -- Up-to-date symlink: /home/kimsohee/ev-1-5/ev-Autonomous-Vehicle-1-5/install/ev_msgs/include/ev_msgs/ev_msgs/msg/rosidl_generator_cpp__visibility_control.hpp
[0.273s] -- Up-to-date symlink: /home/kimsohee/ev-1-5/ev-Autonomous-Vehicle-1-5/install/ev_msgs/include/ev_msgs/ev_msgs/msg/detail/b_box__rosidl_typesupport_fastrtps_cpp.hpp
[0.273s] -- Up-to-date symlink: /home/kimsohee/ev-1-5/ev-Autonomous-Vehicle-1-5/install/ev_msgs/include/ev_msgs/ev_msgs/msg/detail/b_box_array__rosidl_typesupport_fastrtps_cpp.hpp
[0.273s] -- Up-to-date symlink: /home/kimsohee/ev-1-5/ev-Autonomous-Vehicle-1-5/install/ev_msgs/include/ev_msgs/ev_msgs/msg/detail/lane_boundary__rosidl_typesupport_fastrtps_cpp.hpp
[0.273s] -- Up-to-date symlink: /home/kimsohee/ev-1-5/ev-Autonomous-Vehicle-1-5/install/ev_msgs/include/ev_msgs/ev_msgs/msg/detail/lane_boundary_array__rosidl_typesupport_fastrtps_cpp.hpp
[0.273s] -- Up-to-date symlink: /home/kimsohee/ev-1-5/ev-Autonomous-Vehicle-1-5/install/ev_msgs/include/ev_msgs/ev_msgs/msg/rosidl_typesupport_fastrtps_cpp__visibility_control.h
[0.273s] -- Up-to-date symlink: /home/kimsohee/ev-1-5/ev-Autonomous-Vehicle-1-5/install/ev_msgs/include/ev_msgs/ev_msgs/msg/detail/b_box__rosidl_typesupport_introspection_cpp.hpp
[0.273s] -- Up-to-date symlink: /home/kimsohee/ev-1-5/ev-Autonomous-Vehicle-1-5/install/ev_msgs/include/ev_msgs/ev_msgs/msg/detail/b_box_array__rosidl_typesupport_introspection_cpp.hpp
[0.273s] -- Up-to-date symlink: /home/kimsohee/ev-1-5/ev-Autonomous-Vehicle-1-5/install/ev_msgs/include/ev_msgs/ev_msgs/msg/detail/lane_boundary__rosidl_typesupport_introspection_cpp.hpp
[0.273s] -- Up-to-date symlink: /home/kimsohee/ev-1-5/ev-Autonomous-Vehicle-1-5/install/ev_msgs/include/ev_msgs/ev_msgs/msg/detail/lane_boundary_array__rosidl_typesupport_introspection_cpp.hpp
[0.273s] -- Up-to-date symlink: /home/kimsohee/ev-1-5/ev-Autonomous-Vehicle-1-5/install/ev_msgs/share/ev_msgs/environment/pythonpath.sh
[0.273s] -- Up-to-date symlink: /home/kimsohee/ev-1-5/ev-Autonomous-Vehicle-1-5/install/ev_msgs/share/ev_msgs/environment/pythonpath.dsv
[0.273s] -- Up-to-date symlink: /home/kimsohee/ev-1-5/ev-Autonomous-Vehicle-1-5/install/ev_msgs/local/lib/python3.10/dist-packages/ev_msgs-0.1.0-py3.10.egg-info/PKG-INFO
[0.273s] -- Up-to-date symlink: /home/kimsohee/ev-1-5/ev-Autonomous-Vehicle-1-5/install/ev_msgs/local/lib/python3.10/dist-packages/ev_msgs-0.1.0-py3.10.egg-info/SOURCES.txt
[0.273s] -- Up-to-date symlink: /home/kimsohee/ev-1-5/ev-Autonomous-Vehicle-1-5/install/ev_msgs/local/lib/python3.10/dist-packages/ev_msgs-0.1.0-py3.10.egg-info/dependency_links.txt
[0.273s] -- Up-to-date symlink: /home/kimsohee/ev-1-5/ev-Autonomous-Vehicle-1-5/install/ev_msgs/local/lib/python3.10/dist-packages/ev_msgs-0.1.0-py3.10.egg-info/top_level.txt
[0.273s] -- Up-to-date symlink: /home/kimsohee/ev-1-5/ev-Autonomous-Vehicle-1-5/install/ev_msgs/local/lib/python3.10/dist-packages/ev_msgs/__init__.py
[0.273s] -- Up-to-date symlink: /home/kimsohee/ev-1-5/ev-Autonomous-Vehicle-1-5/install/ev_msgs/local/lib/python3.10/dist-packages/ev_msgs/_ev_msgs_s.ep.rosidl_typesupport_c.c
[0.273s] -- Up-to-date symlink: /home/kimsohee/ev-1-5/ev-Autonomous-Vehicle-1-5/install/ev_msgs/local/lib/python3.10/dist-packages/ev_msgs/_ev_msgs_s.ep.rosidl_typesupport_fastrtps_c.c
[0.273s] -- Up-to-date symlink: /home/kimsohee/ev-1-5/ev-Autonomous-Vehicle-1-5/install/ev_msgs/local/lib/python3.10/dist-packages/ev_msgs/_ev_msgs_s.ep.rosidl_typesupport_introspection_c.c
[0.273s] -- Up-to-date symlink: /home/kimsohee/ev-1-5/ev-Autonomous-Vehicle-1-5/install/ev_msgs/local/lib/python3.10/dist-packages/ev_msgs/ev_msgs_s__rosidl_typesupport_c.cpython-310-aarch64-linux-gnu.so
[0.273s] -- Up-to-date symlink: /home/kimsohee/ev-1-5/ev-Autonomous-Vehicle-1-5/install/ev_msgs/local/lib/python3.10/dist-packages/ev_msgs/ev_msgs_s__rosidl_typesupport_fastrtps_c.cpython-310-aarch64-linux-gnu.so
[0.273s] -- Up-to-date symlink: /home/kimsohee/ev-1-5/ev-Autonomous-Vehicle-1-5/install/ev_msgs/local/lib/python3.10/dist-packages/ev_msgs/ev_msgs_s__rosidl_typesupport_introspection_c.cpython-310-aarch64-linux-gnu.so
[0.273s] -- Up-to-date symlink: /home/kimsohee/ev-1-5/ev-Autonomous-Vehicle-1-5/install/ev_msgs/local/lib/python3.10/dist-packages/ev_msgs/libev_msgs__rosidl_generator_py.so
[0.273s] -- Up-to-date symlink: /home/kimsohee/ev-1-5/ev-Autonomous-Vehicle-1-5/install/ev_msgs/local/lib/python3.10/dist-packages/ev_msgs/msg/__init__.py
[0.273s] -- Up-to-date symlink: /home/kimsohee/ev-1-5/ev-Autonomous-Vehicle-1-5/install/ev_msgs/local/lib/python3.10/dist-packages/ev_msgs/msg/_b_box.py
[0.273s] -- Up-to-date symlink: /home/kimsohee/ev-1-5/ev-Autonomous-Vehicle-1-5/install/ev_msgs/local/lib/python3.10/dist-packages/ev_msgs/msg/_b_box_array.py
[0.273s] -- Up-to-date symlink: /home/kimsohee/ev-1-5/ev-Autonomous-Vehicle-1-5/install/ev_msgs/local/lib/python3.10/dist-packages/ev_msgs/msg/_b_box_array_s.c
[0.273s] -- Up-to-date symlink: /home/kimsohee/ev-1-5/ev-Autonomous-Vehicle-1-5/install/ev_msgs/local/lib/python3.10/dist-packages/ev_msgs/msg/_b_box_s.c
[0.273s] -- Up-to-date symlink: /home/kimsohee/ev-1-5/ev-Autonomous-Vehicle-1-5/install/ev_msgs/local/lib/python3.10/dist-packages/ev_msgs/msg/_lane_boundary.py
[0.273s] -- Up-to-date symlink: /home/kimsohee/ev-1-5/ev-Autonomous-Vehicle-1-5/install/ev_msgs/local/lib/python3.10/dist-packages/ev_msgs/msg/_lane_boundary_array.py
[0.273s] -- Up-to-date symlink: /home/kimsohee/ev-1-5/ev-Autonomous-Vehicle-1-5/install/ev_msgs/local/lib/python3.10/dist-packages/ev_msgs/msg/_lane_boundary_array_s.c
[0.273s] -- Up-to-date symlink: /home/kimsohee/ev-1-5/ev-Autonomous-Vehicle-1-5/install/ev_msgs/local/lib/python3.10/dist-packages/ev_msgs/msg/_lane_boundary_s.c
[0.273s] -- Up-to-date symlink: /home/kimsohee/ev-1-5/ev-Autonomous-Vehicle-1-5/install/ev_msgs/local/lib/python3.10/dist-packages/ev_msgs/ev_msgs_s__rosidl_typesupport_fastrtps_c.cpython-310-aarch64-linux-gnu.so
[0.273s] -- Up-to-date symlink: /home/kimsohee/ev-1-5/ev-Autonomous-Vehicle-1-5/install/ev_msgs/local/lib/python3.10/dist-packages/ev_msgs/ev_msgs_s__rosidl_typesupport_introspection_c.cpython-310-aarch64-linux-gnu.so
[0.273s] -- Up-to-date symlink: /home/kimsohee/ev-1-5/ev-Autonomous-Vehicle-1-5/install/ev_msgs/local/lib/python3.10/dist-packages/ev_msgs/ev_msgs_s__rosidl_typesupport_c.cpython-310-aarch64-linux-gnu.so
[0.273s] -- Up-to-date symlink: /home/kimsohee/ev-1-5/ev-Autonomous-Vehicle-1-5/install/ev_msgs/share/ev_msgs/msg/BBox.idl
[0.273s] -- Up-to-date symlink: /home/kimsohee/ev-1-5/ev-Autonomous-Vehicle-1-5/install/ev_msgs/share/ev_msgs/msg/BBoxArray.idl
[0.273s] -- Up-to-date symlink: /home/kimsohee/ev-1-5/ev-Autonomous-Vehicle-1-5/install/ev_msgs/share/ev_msgs/msg/LaneBoundary.idl
[0.273s] -- Up-to-date symlink: /home/kimsohee/ev-1-5/ev-Autonomous-Vehicle-1-5/install/ev_msgs/share/ev_msgs/msg/LaneBoundaryArray.idl
[0.273s] -- Up-to-date symlink: /home/kimsohee/ev-1-5/ev-Autonomous-Vehicle-1-5/install/ev_msgs/share/ev_msgs/msg/BBox.msg
[0.273s] -- Up-to-date symlink: /home/kimsohee/ev-1-5/ev-Autonomous-Vehicle-1-5/install/ev_msgs/share/ev_msgs/msg/BBoxArray.msg
[0.273s] -- Up-to-date symlink: /home/kimsohee/ev-1-5/ev-Autonomous-Vehicle-1-5/install/ev_msgs/share/ev_msgs/msg/LaneBoundary.msg
[0.273s] -- Up-to-date symlink: /home/kimsohee/ev-1-5/ev-Autonomous-Vehicle-1-5/install/ev_msgs/share/ev_msgs/msg/LaneBoundaryArray.msg
[0.274s] -- Up-to-date symlink: /home/kimsohee/ev-1-5/ev-Autonomous-Vehicle-1-5/install/ev_msgs/share/ament_index/resource_index/package_run_dependencies/ev_msgs
[0.274s] -- Up-to-date symlink: /home/kimsohee/ev-1-5/ev-Autonomous-Vehicle-1-5/install/ev_msgs/share/ament_index/resource_index/parent_prefix_path/ev_msgs
[0.274s] -- Up-to-date symlink: /home/kimsohee/ev-1-5/ev-Autonomous-Vehicle-1-5/install/ev_msgs/share/ev_msgs/environment/ament_prefix_path.sh
[0.274s] -- Up-to-date symlink: /home/kimsohee/ev-1-5/ev-Autonomous-Vehicle-1-5/install/ev_msgs/share/ev_msgs/environment/ament_prefix_path.dsv
[0.274s] -- Up-to-date symlink: /home/kimsohee/ev-1-5/ev-Autonomous-Vehicle-1-5/install/ev_msgs/share/ev_msgs/environment/path.sh
[0.274s] -- Up-to-date symlink: /home/kimsohee/ev-1-5/ev-Autonomous-Vehicle-1-5/install/ev_msgs/share/ev_msgs/environment/path.dsv
[0.274s] -- Up-to-date symlink: /home/kimsohee/ev-1-5/ev-Autonomous-Vehicle-1-5/install/ev_msgs/share/ev_msgs/local_setup.bash
[0.274s] -- Up-to-date symlink: /home/kimsohee/ev-1-5/ev-Autonomous-Vehicle-1-5/install/ev_msgs/share/ev_msgs/local_setup.sh
[0.274s] -- Up-to-date symlink: /home/kimsohee/ev-1-5/ev-Autonomous-Vehicle-1-5/install/ev_msgs/share/ev_msgs/local_setup.zsh
[0.274s] -- Up-to-date symlink: /home/kimsohee/ev-1-5/ev-Autonomous-Vehicle-1-5/install/ev_msgs/share/ev_msgs/local_setup.dsv
[0.274s] -- Up-to-date symlink: /home/kimsohee/ev-1-5/ev-Autonomous-Vehicle-1-5/install/ev_msgs/share/ev_msgs/package.dsv
[0.274s] -- Up-to-date symlink: /home/kimsohee/ev-1-5/ev-Autonomous-Vehicle-1-5/install/ev_msgs/share/ament_index/resource_index/packages/ev_msgs
[0.274s] -- Up-to-date symlink: /home/kimsohee/ev-1-5/ev-Autonomous-Vehicle-1-5/install/ev_msgs/share/ev_msgs/cmake/rosidl_cmake-extras.cmake
[0.274s] -- Up-to-date symlink: /home/kimsohee/ev-1-5/ev-Autonomous-Vehicle-1-5/install/ev_msgs/share/ev_msgs/cmake/ament_cmake_export_dependencies-extras.cmake
[0.274s] -- Up-to-date symlink: /home/kimsohee/ev-1-5/ev-Autonomous-Vehicle-1-5/install/ev_msgs/share/ev_msgs/cmake/ament_cmake_export_include_directories-extras.cmake
[0.274s] -- Up-to-date symlink: /home/kimsohee/ev-1-5/ev-Autonomous-Vehicle-1-5/install/ev_msgs/share/ev_msgs/cmake/ament_cmake_export_libraries-extras.cmake
[0.274s] -- Up-to-date symlink: /home/kimsohee/ev-1-5/ev-Autonomous-Vehicle-1-5/install/ev_msgs/share/ev_msgs/cmake/ament_cmake_export_targets-extras.cmake
[0.274s] -- Up-to-date symlink: /home/kimsohee/ev-1-5/ev-Autonomous-Vehicle-1-5/install/ev_msgs/share/ev_msgs/cmake/rosidl_cmake_export_typesupport_targets-extras.cmake
[0.274s] -- Up-to-date symlink: /home/kimsohee/ev-1-5/ev-Autonomous-Vehicle-1-5/install/ev_msgs/share/ev_msgs/cmake/rosidl_cmake_export_typesupport_libraries-extras.cmake
[0.274s] -- Up-to-date symlink: /home/kimsohee/ev-1-5/ev-Autonomous-Vehicle-1-5/install/ev_msgs/share/ev_msgs/cmake/ev_msgsConfig.cmake
[0.274s] -- Up-to-date symlink: /home/kimsohee/ev-1-5/ev-Autonomous-Vehicle-1-5/install/ev_msgs/share/ev_msgs/cmake/ev_msgsConfig-version.cmake
[0.274s] -- Up-to-date symlink: /home/kimsohee/ev-1-5/ev-Autonomous-Vehicle-1-5/install/ev_msgs/share/ev_msgs/package.xml
[0.274s] -- Up-to-date: /home/kimsohee/ev-1-5/ev-Autonomous-Vehicle-1-5/install/ev_msgs/lib/libev_msgs__rosidl_generator_c.so
[0.274s] -- Up-to-date: /home/kimsohee/ev-1-5/ev-Autonomous-Vehicle-1-5/install/ev_msgs/lib/libev_msgs__rosidl_typesupport_fastrtps_c.so
[0.274s] -- Up-to-date: /home/kimsohee/ev-1-5/ev-Autonomous-Vehicle-1-5/install/ev_msgs/lib/libev_msgs__rosidl_typesupport_introspection_c.so
[0.274s] -- Up-to-date: /home/kimsohee/ev-1-5/ev-Autonomous-Vehicle-1-5/install/ev_msgs/lib/libev_msgs__rosidl_typesupport_c.so
[0.274s] -- Up-to-date: /home/kimsohee/ev-1-5/ev-Autonomous-Vehicle-1-5/install/ev_msgs/lib/libev_msgs__rosidl_typesupport_fastrtps_cpp.so
[0.274s] -- Up-to-date: /home/kimsohee/ev-1-5/ev-Autonomous-Vehicle-1-5/install/ev_msgs/lib/libev_msgs__rosidl_typesupport_introspection_cpp.so
[0.274s] -- Up-to-date: /home/kimsohee/ev-1-5/ev-Autonomous-Vehicle-1-5/install/ev_msgs/lib/libev_msgs__rosidl_typesupport_cpp.so
[0.291s] Listing '/home/kimsohee/ev-1-5/ev-Autonomous-Vehicle-1-5/install/ev_msgs/local/lib/python3.10/dist-packages/ev_msgs'...
[0.291s] Listing '/home/kimsohee/ev-1-5/ev-Autonomous-Vehicle-1-5/install/ev_msgs/local/lib/python3.10/dist-packages/ev_msgs/msg'...
[0.292s] -- Up-to-date: /home/kimsohee/ev-1-5/ev-Autonomous-Vehicle-1-5/install/ev_msgs/lib/libev_msgs__rosidl_generator_py.so
[0.292s] -- Up-to-date: /home/kimsohee/ev-1-5/ev-Autonomous-Vehicle-1-5/install/ev_msgs/share/ev_msgs/cmake/export_ev_msgs__rosidl_generator_cExport.cmake
[0.292s] -- Up-to-date: /home/kimsohee/ev-1-5/ev-Autonomous-Vehicle-1-5/install/ev_msgs/share/ev_msgs/cmake/export_ev_msgs__rosidl_generator_cExport-noconfig.cmake
[0.293s] -- Up-to-date: /home/kimsohee/ev-1-5/ev-Autonomous-Vehicle-1-5/install/ev_msgs/share/ev_msgs/cmake/export_ev_msgs__rosidl_typesupport_fastrtps_cExport.cmake
[0.293s] -- Up-to-date: /home/kimsohee/ev-1-5/ev-Autonomous-Vehicle-1-5/install/ev_msgs/share/ev_msgs/cmake/export_ev_msgs__rosidl_typesupport_fastrtps_cExport-noconfig.cmake
[0.293s] -- Up-to-date: /home/kimsohee/ev-1-5/ev-Autonomous-Vehicle-1-5/install/ev_msgs/share/ev_msgs/cmake/ev_msgs__rosidl_typesupport_introspection_cExport.cmake
[0.293s] -- Up-to-date: /home/kimsohee/ev-1-5/ev-Autonomous-Vehicle-1-5/install/ev_msgs/share/ev_msgs/cmake/ev_msgs__rosidl_typesupport_introspection_cExport-noconfig.cmake
[0.294s] -- Up-to-date: /home/kimsohee/ev-1-5/ev-Autonomous-Vehicle-1-5/install/ev_msgs/share/ev_msgs/cmake/ev_msgs__rosidl_typesupport_cExport.cmake
[0.294s] -- Up-to-date: /home/kimsohee/ev-1-5/ev-Autonomous-Vehicle-1-5/install/ev_msgs/share/ev_msgs/cmake/ev_msgs__rosidl_typesupport_cExport-noconfig.cmake
[0.294s] -- Up-to-date: /home/kimsohee/ev-1-5/ev-Autonomous-Vehicle-1-5/install/ev_msgs/share/ev_msgs/cmake/export_ev_msgs__rosidl_generator_cppExport.cmake
[0.294s] -- Up-to-date: /home/kimsohee/ev-1-5/ev-Autonomous-Vehicle-1-5/install/ev_msgs/share/ev_msgs/cmake/export_ev_msgs__rosidl_typesupport_fastrtps_cppExport.cmake
[0.294s] -- Up-to-date: /home/kimsohee/ev-1-5/ev-Autonomous-Vehicle-1-5/install/ev_msgs/share/ev_msgs/cmake/export_ev_msgs__rosidl_typesupport_fastrtps_cppExport-noconfig.cmake
[0.294s] -- Up-to-date: /home/kimsohee/ev-1-5/ev-Autonomous-Vehicle-1-5/install/ev_msgs/share/ev_msgs/cmake/ev_msgs__rosidl_typesupport_introspection_cppExport.cmake
[0.294s] -- Up-to-date: /home/kimsohee/ev-1-5/ev-Autonomous-Vehicle-1-5/install/ev_msgs/share/ev_msgs/cmake/ev_msgs__rosidl_typesupport_introspection_cppExport-noconfig.cmake
[0.294s] -- Up-to-date: /home/kimsohee/ev-1-5/ev-Autonomous-Vehicle-1-5/install/ev_msgs/share/ev_msgs/cmake/ev_msgs__rosidl_typesupport_cppExport.cmake
[0.294s] -- Up-to-date: /home/kimsohee/ev-1-5/ev-Autonomous-Vehicle-1-5/install/ev_msgs/share/ev_msgs/cmake/ev_msgs__rosidl_typesupport_cppExport-noconfig.cmake
[0.294s] -- Up-to-date: /home/kimsohee/ev-1-5/ev-Autonomous-Vehicle-1-5/install/ev_msgs/share/ev_msgs/cmake/export_ev_msgs__rosidl_generator_pyExport.cmake
[0.294s] -- Up-to-date: /home/kimsohee/ev-1-5/ev-Autonomous-Vehicle-1-5/install/ev_msgs/share/ev_msgs/cmake/export_ev_msgs__rosidl_generator_pyExport-noconfig.cmake
[0.338s] Invoked command in '/home/kimsohee/ev-1-5/ev-Autonomous-Vehicle-1-5/build/ev_msgs' returned '0': CMAKE_PREFIX_PATH=/opt/ros/humble /usr/bin/cmake --install /home/kimsohee/ev-1-5/ev-Autonomous-Vehicle-1-5/build/ev_msgs
