[0.015s] Invoking command in '/home/aiv/ev_ws/perception/build/velodyne_cropbox': CMAKE_PREFIX_PATH=${CMAKE_PREFIX_PATH}:/opt/ros/humble /usr/bin/cmake /home/aiv/ev_ws/perception/src/lidar/velodyne_cropbox -DAMENT_CMAKE_SYMLINK_INSTALL=1 -DCMAKE_INSTALL_PREFIX=/home/aiv/ev_ws/perception/install/velodyne_cropbox
[0.054s] -- The C compiler identification is GNU 11.4.0
[0.089s] -- The CXX compiler identification is GNU 11.4.0
[0.095s] -- Detecting C compiler ABI info
[0.141s] -- Detecting C compiler ABI info - done
[0.147s] -- Check for working C compiler: /usr/bin/cc - skipped
[0.147s] -- Detecting C compile features
[0.147s] -- Detecting C compile features - done
[0.150s] -- Detecting CXX compiler ABI info
[0.202s] -- Detecting CXX compiler ABI info - done
[0.206s] -- Check for working CXX compiler: /usr/bin/c++ - skipped
[0.206s] -- Detecting CXX compile features
[0.207s] -- Detecting CXX compile features - done
[0.208s] -- Found ament_cmake: 1.3.12 (/opt/ros/humble/share/ament_cmake/cmake)
[0.305s] -- Found Python3: /usr/bin/python3 (found version "3.10.12") found components: Interpreter 
[0.344s] -- Override CMake install command with custom implementation using symlinks instead of copying resources
[0.372s] -- Found rclcpp: 16.0.17 (/opt/ros/humble/share/rclcpp/cmake)
[0.397s] -- Found rosidl_generator_c: 3.1.8 (/opt/ros/humble/share/rosidl_generator_c/cmake)
[0.401s] -- Found rosidl_adapter: 3.1.8 (/opt/ros/humble/share/rosidl_adapter/cmake)
[0.407s] -- Found rosidl_generator_cpp: 3.1.8 (/opt/ros/humble/share/rosidl_generator_cpp/cmake)
[0.414s] -- Using all available rosidl_typesupport_c: rosidl_typesupport_fastrtps_c;rosidl_typesupport_introspection_c
[0.424s] -- Using all available rosidl_typesupport_cpp: rosidl_typesupport_fastrtps_cpp;rosidl_typesupport_introspection_cpp
[0.452s] -- Found rmw_implementation_cmake: 6.1.2 (/opt/ros/humble/share/rmw_implementation_cmake/cmake)
[0.454s] -- Found rmw_fastrtps_cpp: 6.2.9 (/opt/ros/humble/share/rmw_fastrtps_cpp/cmake)
[0.516s] -- Found OpenSSL: /usr/lib/x86_64-linux-gnu/libcrypto.so (found version "3.0.2")  
[0.537s] -- Found FastRTPS: /opt/ros/humble/include  
[0.563s] -- Using RMW implementation 'rmw_fastrtps_cpp' as default
[0.569s] -- Looking for pthread.h
[0.612s] -- Looking for pthread.h - found
[0.612s] -- Performing Test CMAKE_HAVE_LIBC_PTHREAD
[0.661s] -- Performing Test CMAKE_HAVE_LIBC_PTHREAD - Success
[0.662s] -- Found Threads: TRUE  
[0.693s] -- Found rclcpp_components: 16.0.17 (/opt/ros/humble/share/rclcpp_components/cmake)
[0.710s] -- Found sensor_msgs: 4.9.0 (/opt/ros/humble/share/sensor_msgs/cmake)
[0.730s] -- Found ament_lint_auto: 0.12.14 (/opt/ros/humble/share/ament_lint_auto/cmake)
[0.780s] -- Added test 'cppcheck' to perform static code analysis on C / C++ code
[0.780s] -- Configured cppcheck include dirs: $<BUILD_INTERFACE:/home/aiv/ev_ws/perception/src/lidar/velodyne_cropbox/include>
[0.780s] -- Configured cppcheck exclude dirs and/or files: 
[0.780s] -- Added test 'flake8' to check Python code syntax and style conventions
[0.781s] -- Added test 'lint_cmake' to check CMake code style
[0.781s] -- Added test 'pep257' to check Python code against some of the docstring style conventions in PEP 257
[0.782s] -- Added test 'uncrustify' to check C / C++ code style
[0.782s] -- Configured uncrustify additional arguments: 
[0.782s] -- Added test 'xmllint' to check XML markup files
[0.784s] -- Configuring done
[0.789s] -- Generating done
[0.791s] -- Build files have been written to: /home/aiv/ev_ws/perception/build/velodyne_cropbox
[0.797s] Invoked command in '/home/aiv/ev_ws/perception/build/velodyne_cropbox' returned '0': CMAKE_PREFIX_PATH=${CMAKE_PREFIX_PATH}:/opt/ros/humble /usr/bin/cmake /home/aiv/ev_ws/perception/src/lidar/velodyne_cropbox -DAMENT_CMAKE_SYMLINK_INSTALL=1 -DCMAKE_INSTALL_PREFIX=/home/aiv/ev_ws/perception/install/velodyne_cropbox
[0.799s] Invoking command in '/home/aiv/ev_ws/perception/build/velodyne_cropbox': CMAKE_PREFIX_PATH=${CMAKE_PREFIX_PATH}:/opt/ros/humble /usr/bin/cmake --build /home/aiv/ev_ws/perception/build/velodyne_cropbox -- -j28 -l28
[0.834s] [ 50%] [32mBuilding CXX object CMakeFiles/cropbox_component.dir/src/cropbox_component.cpp.o[0m
[6.704s] [100%] [32m[1mLinking CXX shared library libcropbox_component.so[0m
[7.091s] [100%] Built target cropbox_component
[7.103s] Invoked command in '/home/aiv/ev_ws/perception/build/velodyne_cropbox' returned '0': CMAKE_PREFIX_PATH=${CMAKE_PREFIX_PATH}:/opt/ros/humble /usr/bin/cmake --build /home/aiv/ev_ws/perception/build/velodyne_cropbox -- -j28 -l28
[7.104s] Invoking command in '/home/aiv/ev_ws/perception/build/velodyne_cropbox': CMAKE_PREFIX_PATH=${CMAKE_PREFIX_PATH}:/opt/ros/humble /usr/bin/cmake --install /home/aiv/ev_ws/perception/build/velodyne_cropbox
[7.110s] -- Install configuration: ""
[7.111s] -- Execute custom install script
[7.111s] -- Symlinking: /home/aiv/ev_ws/perception/install/velodyne_cropbox/lib/libcropbox_component.so
[7.122s] -- Symlinking: /home/aiv/ev_ws/perception/install/velodyne_cropbox/include/velodyne_cropbox/cropbox_component.hpp
[7.131s] -- Symlinking: /home/aiv/ev_ws/perception/install/velodyne_cropbox/share/velodyne_cropbox/config/default_cropbox_params.yaml
[7.139s] -- Symlinking: /home/aiv/ev_ws/perception/install/velodyne_cropbox/share/velodyne_cropbox/launch/cropbox.launch.py
[7.149s] -- Symlinking: /home/aiv/ev_ws/perception/install/velodyne_cropbox/share/velodyne_cropbox/environment/library_path.sh
[7.156s] -- Symlinking: /home/aiv/ev_ws/perception/install/velodyne_cropbox/share/velodyne_cropbox/environment/library_path.dsv
[7.164s] -- Symlinking: /home/aiv/ev_ws/perception/install/velodyne_cropbox/share/ament_index/resource_index/package_run_dependencies/velodyne_cropbox
[7.171s] -- Symlinking: /home/aiv/ev_ws/perception/install/velodyne_cropbox/share/ament_index/resource_index/parent_prefix_path/velodyne_cropbox
[7.179s] -- Symlinking: /home/aiv/ev_ws/perception/install/velodyne_cropbox/share/velodyne_cropbox/environment/ament_prefix_path.sh
[7.190s] -- Symlinking: /home/aiv/ev_ws/perception/install/velodyne_cropbox/share/velodyne_cropbox/environment/ament_prefix_path.dsv
[7.197s] -- Symlinking: /home/aiv/ev_ws/perception/install/velodyne_cropbox/share/velodyne_cropbox/environment/path.sh
[7.205s] -- Symlinking: /home/aiv/ev_ws/perception/install/velodyne_cropbox/share/velodyne_cropbox/environment/path.dsv
[7.216s] -- Symlinking: /home/aiv/ev_ws/perception/install/velodyne_cropbox/share/velodyne_cropbox/local_setup.bash
[7.227s] -- Symlinking: /home/aiv/ev_ws/perception/install/velodyne_cropbox/share/velodyne_cropbox/local_setup.sh
[7.234s] -- Symlinking: /home/aiv/ev_ws/perception/install/velodyne_cropbox/share/velodyne_cropbox/local_setup.zsh
[7.243s] -- Symlinking: /home/aiv/ev_ws/perception/install/velodyne_cropbox/share/velodyne_cropbox/local_setup.dsv
[7.252s] -- Symlinking: /home/aiv/ev_ws/perception/install/velodyne_cropbox/share/velodyne_cropbox/package.dsv
[7.260s] -- Symlinking: /home/aiv/ev_ws/perception/install/velodyne_cropbox/share/ament_index/resource_index/packages/velodyne_cropbox
[7.271s] -- Symlinking: /home/aiv/ev_ws/perception/install/velodyne_cropbox/share/ament_index/resource_index/rclcpp_components/velodyne_cropbox
[7.280s] -- Symlinking: /home/aiv/ev_ws/perception/install/velodyne_cropbox/share/velodyne_cropbox/cmake/ament_cmake_export_include_directories-extras.cmake
[7.290s] -- Symlinking: /home/aiv/ev_ws/perception/install/velodyne_cropbox/share/velodyne_cropbox/cmake/ament_cmake_export_libraries-extras.cmake
[7.300s] -- Symlinking: /home/aiv/ev_ws/perception/install/velodyne_cropbox/share/velodyne_cropbox/cmake/ament_cmake_export_dependencies-extras.cmake
[7.310s] -- Symlinking: /home/aiv/ev_ws/perception/install/velodyne_cropbox/share/velodyne_cropbox/cmake/velodyne_cropboxConfig.cmake
[7.318s] -- Symlinking: /home/aiv/ev_ws/perception/install/velodyne_cropbox/share/velodyne_cropbox/cmake/velodyne_cropboxConfig-version.cmake
[7.327s] -- Symlinking: /home/aiv/ev_ws/perception/install/velodyne_cropbox/share/velodyne_cropbox/package.xml
[7.338s] Invoked command in '/home/aiv/ev_ws/perception/build/velodyne_cropbox' returned '0': CMAKE_PREFIX_PATH=${CMAKE_PREFIX_PATH}:/opt/ros/humble /usr/bin/cmake --install /home/aiv/ev_ws/perception/build/velodyne_cropbox
