[0.013s] Invoking command in '/home/aiv/ev_ws/perception/build/velodyne_cropbox': CMAKE_PREFIX_PATH=${CMAKE_PREFIX_PATH}:/opt/ros/humble /usr/bin/cmake /home/aiv/ev_ws/perception/src/lidar/velodyne_cropbox -DAMENT_CMAKE_SYMLINK_INSTALL=1 -DCMAKE_INSTALL_PREFIX=/home/aiv/ev_ws/perception/install/velodyne_cropbox
[0.048s] -- The C compiler identification is GNU 11.4.0
[0.081s] -- The CXX compiler identification is GNU 11.4.0
[0.085s] -- Detecting C compiler ABI info
[0.133s] -- Detecting C compiler ABI info - done
[0.138s] -- Check for working C compiler: /usr/bin/cc - skipped
[0.138s] -- Detecting C compile features
[0.138s] -- Detecting C compile features - done
[0.140s] -- Detecting CXX compiler ABI info
[0.200s] -- Detecting CXX compiler ABI info - done
[0.204s] -- Check for working CXX compiler: /usr/bin/c++ - skipped
[0.205s] -- Detecting CXX compile features
[0.205s] -- Detecting CXX compile features - done
[0.206s] -- Found ament_cmake: 1.3.12 (/opt/ros/humble/share/ament_cmake/cmake)
[0.315s] -- Found Python3: /usr/bin/python3 (found version "3.10.12") found components: Interpreter 
[0.357s] -- Override CMake install command with custom implementation using symlinks instead of copying resources
[0.376s] -- Found rclcpp: 16.0.17 (/opt/ros/humble/share/rclcpp/cmake)
[0.406s] -- Found rosidl_generator_c: 3.1.8 (/opt/ros/humble/share/rosidl_generator_c/cmake)
[0.410s] -- Found rosidl_adapter: 3.1.8 (/opt/ros/humble/share/rosidl_adapter/cmake)
[0.416s] -- Found rosidl_generator_cpp: 3.1.8 (/opt/ros/humble/share/rosidl_generator_cpp/cmake)
[0.424s] -- Using all available rosidl_typesupport_c: rosidl_typesupport_fastrtps_c;rosidl_typesupport_introspection_c
[0.435s] -- Using all available rosidl_typesupport_cpp: rosidl_typesupport_fastrtps_cpp;rosidl_typesupport_introspection_cpp
[0.467s] -- Found rmw_implementation_cmake: 6.1.2 (/opt/ros/humble/share/rmw_implementation_cmake/cmake)
[0.469s] -- Found rmw_fastrtps_cpp: 6.2.9 (/opt/ros/humble/share/rmw_fastrtps_cpp/cmake)
[0.540s] -- Found OpenSSL: /usr/lib/x86_64-linux-gnu/libcrypto.so (found version "3.0.2")  
[0.559s] -- Found FastRTPS: /opt/ros/humble/include  
[0.587s] -- Using RMW implementation 'rmw_fastrtps_cpp' as default
[0.592s] -- Looking for pthread.h
[0.655s] -- Looking for pthread.h - found
[0.655s] -- Performing Test CMAKE_HAVE_LIBC_PTHREAD
[0.713s] -- Performing Test CMAKE_HAVE_LIBC_PTHREAD - Success
[0.714s] -- Found Threads: TRUE  
[0.750s] -- Found rclcpp_components: 16.0.17 (/opt/ros/humble/share/rclcpp_components/cmake)
[0.767s] -- Found sensor_msgs: 4.9.0 (/opt/ros/humble/share/sensor_msgs/cmake)
[0.790s] -- Found ament_lint_auto: 0.12.14 (/opt/ros/humble/share/ament_lint_auto/cmake)
[0.843s] -- Added test 'cppcheck' to perform static code analysis on C / C++ code
[0.843s] -- Configured cppcheck include dirs: $<BUILD_INTERFACE:/home/aiv/ev_ws/perception/src/lidar/velodyne_cropbox/include>
[0.844s] -- Configured cppcheck exclude dirs and/or files: 
[0.844s] -- Added test 'flake8' to check Python code syntax and style conventions
[0.845s] -- Added test 'lint_cmake' to check CMake code style
[0.846s] -- Added test 'pep257' to check Python code against some of the docstring style conventions in PEP 257
[0.847s] -- Added test 'uncrustify' to check C / C++ code style
[0.847s] -- Configured uncrustify additional arguments: 
[0.847s] -- Added test 'xmllint' to check XML markup files
[0.851s] -- Configuring done
[0.860s] -- Generating done
[0.863s] -- Build files have been written to: /home/aiv/ev_ws/perception/build/velodyne_cropbox
[0.873s] Invoked command in '/home/aiv/ev_ws/perception/build/velodyne_cropbox' returned '0': CMAKE_PREFIX_PATH=${CMAKE_PREFIX_PATH}:/opt/ros/humble /usr/bin/cmake /home/aiv/ev_ws/perception/src/lidar/velodyne_cropbox -DAMENT_CMAKE_SYMLINK_INSTALL=1 -DCMAKE_INSTALL_PREFIX=/home/aiv/ev_ws/perception/install/velodyne_cropbox
[0.875s] Invoking command in '/home/aiv/ev_ws/perception/build/velodyne_cropbox': CMAKE_PREFIX_PATH=${CMAKE_PREFIX_PATH}:/opt/ros/humble /usr/bin/cmake --build /home/aiv/ev_ws/perception/build/velodyne_cropbox -- -j28 -l28
[0.916s] [ 50%] [32mBuilding CXX object CMakeFiles/cropbox_component.dir/src/cropbox_component.cpp.o[0m
[8.860s] [100%] [32m[1mLinking CXX shared library libcropbox_component.so[0m
[9.200s] [100%] Built target cropbox_component
[9.210s] Invoked command in '/home/aiv/ev_ws/perception/build/velodyne_cropbox' returned '0': CMAKE_PREFIX_PATH=${CMAKE_PREFIX_PATH}:/opt/ros/humble /usr/bin/cmake --build /home/aiv/ev_ws/perception/build/velodyne_cropbox -- -j28 -l28
[9.211s] Invoking command in '/home/aiv/ev_ws/perception/build/velodyne_cropbox': CMAKE_PREFIX_PATH=${CMAKE_PREFIX_PATH}:/opt/ros/humble /usr/bin/cmake --install /home/aiv/ev_ws/perception/build/velodyne_cropbox
[9.218s] -- Install configuration: ""
[9.218s] -- Execute custom install script
[9.218s] -- Symlinking: /home/aiv/ev_ws/perception/install/velodyne_cropbox/lib/libcropbox_component.so
[9.229s] -- Symlinking: /home/aiv/ev_ws/perception/install/velodyne_cropbox/include/velodyne_cropbox/cropbox_component.hpp
[9.237s] -- Symlinking: /home/aiv/ev_ws/perception/install/velodyne_cropbox/share/velodyne_cropbox/config/default_cropbox_params.yaml
[9.247s] -- Symlinking: /home/aiv/ev_ws/perception/install/velodyne_cropbox/share/velodyne_cropbox/launch/cropbox.launch.py
[9.255s] -- Symlinking: /home/aiv/ev_ws/perception/install/velodyne_cropbox/share/velodyne_cropbox/environment/library_path.sh
[9.262s] -- Symlinking: /home/aiv/ev_ws/perception/install/velodyne_cropbox/share/velodyne_cropbox/environment/library_path.dsv
[9.270s] -- Symlinking: /home/aiv/ev_ws/perception/install/velodyne_cropbox/share/ament_index/resource_index/package_run_dependencies/velodyne_cropbox
[9.279s] -- Symlinking: /home/aiv/ev_ws/perception/install/velodyne_cropbox/share/ament_index/resource_index/parent_prefix_path/velodyne_cropbox
[9.287s] -- Symlinking: /home/aiv/ev_ws/perception/install/velodyne_cropbox/share/velodyne_cropbox/environment/ament_prefix_path.sh
[9.296s] -- Symlinking: /home/aiv/ev_ws/perception/install/velodyne_cropbox/share/velodyne_cropbox/environment/ament_prefix_path.dsv
[9.303s] -- Symlinking: /home/aiv/ev_ws/perception/install/velodyne_cropbox/share/velodyne_cropbox/environment/path.sh
[9.313s] -- Symlinking: /home/aiv/ev_ws/perception/install/velodyne_cropbox/share/velodyne_cropbox/environment/path.dsv
[9.321s] -- Symlinking: /home/aiv/ev_ws/perception/install/velodyne_cropbox/share/velodyne_cropbox/local_setup.bash
[9.332s] -- Symlinking: /home/aiv/ev_ws/perception/install/velodyne_cropbox/share/velodyne_cropbox/local_setup.sh
[9.340s] -- Symlinking: /home/aiv/ev_ws/perception/install/velodyne_cropbox/share/velodyne_cropbox/local_setup.zsh
[9.347s] -- Symlinking: /home/aiv/ev_ws/perception/install/velodyne_cropbox/share/velodyne_cropbox/local_setup.dsv
[9.355s] -- Symlinking: /home/aiv/ev_ws/perception/install/velodyne_cropbox/share/velodyne_cropbox/package.dsv
[9.364s] -- Symlinking: /home/aiv/ev_ws/perception/install/velodyne_cropbox/share/ament_index/resource_index/packages/velodyne_cropbox
[9.374s] -- Symlinking: /home/aiv/ev_ws/perception/install/velodyne_cropbox/share/ament_index/resource_index/rclcpp_components/velodyne_cropbox
[9.382s] -- Symlinking: /home/aiv/ev_ws/perception/install/velodyne_cropbox/share/velodyne_cropbox/cmake/ament_cmake_export_include_directories-extras.cmake
[9.393s] -- Symlinking: /home/aiv/ev_ws/perception/install/velodyne_cropbox/share/velodyne_cropbox/cmake/ament_cmake_export_libraries-extras.cmake
[9.402s] -- Symlinking: /home/aiv/ev_ws/perception/install/velodyne_cropbox/share/velodyne_cropbox/cmake/ament_cmake_export_dependencies-extras.cmake
[9.409s] -- Symlinking: /home/aiv/ev_ws/perception/install/velodyne_cropbox/share/velodyne_cropbox/cmake/velodyne_cropboxConfig.cmake
[9.420s] -- Symlinking: /home/aiv/ev_ws/perception/install/velodyne_cropbox/share/velodyne_cropbox/cmake/velodyne_cropboxConfig-version.cmake
[9.430s] -- Symlinking: /home/aiv/ev_ws/perception/install/velodyne_cropbox/share/velodyne_cropbox/package.xml
[9.441s] Invoked command in '/home/aiv/ev_ws/perception/build/velodyne_cropbox' returned '0': CMAKE_PREFIX_PATH=${CMAKE_PREFIX_PATH}:/opt/ros/humble /usr/bin/cmake --install /home/aiv/ev_ws/perception/build/velodyne_cropbox
