[ 22%] Built target local_planner_node_exe
[ 22%] Building CXX object CMakeFiles/track_planning_corridor.dir/src/corridor/virtual_boundary.cpp.o
[ 22%] Building CXX object CMakeFiles/track_planning_postprocess.dir/src/postprocess/path_postprocessor.cpp.o
[ 27%] Building CXX object CMakeFiles/track_planning_costmap.dir/src/costmap/costmap_validation_builder.cpp.o
[ 33%] Building CXX object CMakeFiles/track_planning_costmap.dir/src/costmap/drivable_mask_scanline.cpp.o
[ 38%] Building CXX object CMakeFiles/track_planning_corridor.dir/src/corridor/corridor_builder.cpp.o
[ 44%] Building CXX object CMakeFiles/track_planning_planner.dir/src/goal/goal_selector.cpp.o
[ 50%] Building CXX object CMakeFiles/track_planning_corridor.dir/src/corridor/centerline_builder.cpp.o
[ 55%] Linking CXX shared library libtrack_planning_postprocess.so
[ 55%] Built target track_planning_postprocess
[ 61%] Linking CXX shared library libtrack_planning_planner.so
[ 66%] Linking CXX shared library libtrack_planning_costmap.so
[ 72%] Built target track_planning_planner
[ 77%] Linking CXX shared library libtrack_planning_corridor.so
[ 88%] Built target track_planning_costmap
[ 88%] Built target track_planning_corridor
[ 94%] Building CXX object CMakeFiles/local_planner_component.dir/src/nodes/local_planner_node.cpp.o
[100%] Linking CXX shared library liblocal_planner_component.so
[100%] Built target local_planner_component
-- Install configuration: ""
-- Installing: /home/aiv/ev_ws/planning/install/track_planning/lib/libtrack_planning_corridor.so
-- Set runtime path of "/home/aiv/ev_ws/planning/install/track_planning/lib/libtrack_planning_corridor.so" to ""
-- Installing: /home/aiv/ev_ws/planning/install/track_planning/lib/libtrack_planning_costmap.so
-- Set runtime path of "/home/aiv/ev_ws/planning/install/track_planning/lib/libtrack_planning_costmap.so" to ""
-- Installing: /home/aiv/ev_ws/planning/install/track_planning/lib/libtrack_planning_planner.so
-- Set runtime path of "/home/aiv/ev_ws/planning/install/track_planning/lib/libtrack_planning_planner.so" to ""
-- Installing: /home/aiv/ev_ws/planning/install/track_planning/lib/libtrack_planning_postprocess.so
-- Set runtime path of "/home/aiv/ev_ws/planning/install/track_planning/lib/libtrack_planning_postprocess.so" to ""
-- Up-to-date: /home/aiv/ev_ws/planning/install/track_planning/lib/track_planning/local_planner_node_exe
-- Installing: /home/aiv/ev_ws/planning/install/track_planning/lib/liblocal_planner_component.so
-- Set runtime path of "/home/aiv/ev_ws/planning/install/track_planning/lib/liblocal_planner_component.so" to ""
-- Up-to-date: /home/aiv/ev_ws/planning/install/track_planning/include
-- Up-to-date: /home/aiv/ev_ws/planning/install/track_planning/include/track_planning
-- Up-to-date: /home/aiv/ev_ws/planning/install/track_planning/include/track_planning/corridor
-- Up-to-date: /home/aiv/ev_ws/planning/install/track_planning/include/track_planning/corridor/corridor_builder.hpp
-- Up-to-date: /home/aiv/ev_ws/planning/install/track_planning/include/track_planning/corridor/virtual_boundary.hpp
-- Installing: /home/aiv/ev_ws/planning/install/track_planning/include/track_planning/corridor/centerline_builder.hpp
-- Up-to-date: /home/aiv/ev_ws/planning/install/track_planning/include/track_planning/costmap
-- Up-to-date: /home/aiv/ev_ws/planning/install/track_planning/include/track_planning/costmap/costmap_validation_builder.hpp
-- Up-to-date: /home/aiv/ev_ws/planning/install/track_planning/include/track_planning/costmap/inflation.hpp
-- Up-to-date: /home/aiv/ev_ws/planning/install/track_planning/include/track_planning/costmap/connected_component.hpp
-- Up-to-date: /home/aiv/ev_ws/planning/install/track_planning/include/track_planning/costmap/drivable_mask_scanline.hpp
-- Up-to-date: /home/aiv/ev_ws/planning/install/track_planning/include/track_planning/common
-- Installing: /home/aiv/ev_ws/planning/install/track_planning/include/track_planning/common/geometry.hpp
-- Up-to-date: /home/aiv/ev_ws/planning/install/track_planning/include/track_planning/common/types.hpp
-- Up-to-date: /home/aiv/ev_ws/planning/install/track_planning/include/track_planning/common/params.hpp
-- Up-to-date: /home/aiv/ev_ws/planning/install/track_planning/include/track_planning/common/debug_publish.hpp
-- Up-to-date: /home/aiv/ev_ws/planning/install/track_planning/include/track_planning/planner
-- Up-to-date: /home/aiv/ev_ws/planning/install/track_planning/include/track_planning/planner/astar_planner.hpp
-- Up-to-date: /home/aiv/ev_ws/planning/install/track_planning/include/track_planning/planner/mode_selector.hpp
-- Up-to-date: /home/aiv/ev_ws/planning/install/track_planning/include/track_planning/goal
-- Up-to-date: /home/aiv/ev_ws/planning/install/track_planning/include/track_planning/goal/goal_selector.hpp
-- Up-to-date: /home/aiv/ev_ws/planning/install/track_planning/include/track_planning/nodes
-- Up-to-date: /home/aiv/ev_ws/planning/install/track_planning/include/track_planning/nodes/local_planner_node.hpp
-- Up-to-date: /home/aiv/ev_ws/planning/install/track_planning/include/track_planning/safety
-- Up-to-date: /home/aiv/ev_ws/planning/install/track_planning/include/track_planning/safety/safety_checker.hpp
-- Installing: /home/aiv/ev_ws/planning/install/track_planning/include/track_planning/third_party
-- Installing: /home/aiv/ev_ws/planning/install/track_planning/include/track_planning/third_party/CDT
-- Installing: /home/aiv/ev_ws/planning/install/track_planning/include/track_planning/third_party/CDT/LICENSE
-- Installing: /home/aiv/ev_ws/planning/install/track_planning/include/track_planning/third_party/CDT/CDT.hpp
-- Installing: /home/aiv/ev_ws/planning/install/track_planning/include/track_planning/third_party/CDT/CDTUtils.hpp
-- Installing: /home/aiv/ev_ws/planning/install/track_planning/include/track_planning/third_party/CDT/portable_nth_element.hpp
-- Installing: /home/aiv/ev_ws/planning/install/track_planning/include/track_planning/third_party/CDT/Triangulation.h
-- Installing: /home/aiv/ev_ws/planning/install/track_planning/include/track_planning/third_party/CDT/predicates.h
-- Installing: /home/aiv/ev_ws/planning/install/track_planning/include/track_planning/third_party/CDT/LocatorKDTree.h
-- Installing: /home/aiv/ev_ws/planning/install/track_planning/include/track_planning/third_party/CDT/remove_at.hpp
-- Installing: /home/aiv/ev_ws/planning/install/track_planning/include/track_planning/third_party/CDT/Triangulation.hpp
-- Installing: /home/aiv/ev_ws/planning/install/track_planning/include/track_planning/third_party/CDT/CDTUtils.h
-- Installing: /home/aiv/ev_ws/planning/install/track_planning/include/track_planning/third_party/CDT/KDTree.h
-- Installing: /home/aiv/ev_ws/planning/install/track_planning/include/track_planning/third_party/CDT/CDT.h
-- Up-to-date: /home/aiv/ev_ws/planning/install/track_planning/include/track_planning/postprocess
-- Up-to-date: /home/aiv/ev_ws/planning/install/track_planning/include/track_planning/postprocess/path_postprocessor.hpp
-- Up-to-date: /home/aiv/ev_ws/planning/install/track_planning/share/track_planning/config
-- Up-to-date: /home/aiv/ev_ws/planning/install/track_planning/share/track_planning/config/planning.yaml
-- Up-to-date: /home/aiv/ev_ws/planning/install/track_planning/share/track_planning/launch
-- Up-to-date: /home/aiv/ev_ws/planning/install/track_planning/share/track_planning/launch/planning.launch.py
-- Up-to-date: /home/aiv/ev_ws/planning/install/track_planning/share/ament_index/resource_index/package_run_dependencies/track_planning
-- Up-to-date: /home/aiv/ev_ws/planning/install/track_planning/share/ament_index/resource_index/parent_prefix_path/track_planning
-- Up-to-date: /home/aiv/ev_ws/planning/install/track_planning/share/track_planning/environment/ament_prefix_path.sh
-- Up-to-date: /home/aiv/ev_ws/planning/install/track_planning/share/track_planning/environment/ament_prefix_path.dsv
-- Up-to-date: /home/aiv/ev_ws/planning/install/track_planning/share/track_planning/environment/path.sh
-- Up-to-date: /home/aiv/ev_ws/planning/install/track_planning/share/track_planning/environment/path.dsv
-- Up-to-date: /home/aiv/ev_ws/planning/install/track_planning/share/track_planning/local_setup.bash
-- Up-to-date: /home/aiv/ev_ws/planning/install/track_planning/share/track_planning/local_setup.sh
-- Up-to-date: /home/aiv/ev_ws/planning/install/track_planning/share/track_planning/local_setup.zsh
-- Up-to-date: /home/aiv/ev_ws/planning/install/track_planning/share/track_planning/local_setup.dsv
-- Installing: /home/aiv/ev_ws/planning/install/track_planning/share/track_planning/package.dsv
-- Up-to-date: /home/aiv/ev_ws/planning/install/track_planning/share/ament_index/resource_index/packages/track_planning
-- Up-to-date: /home/aiv/ev_ws/planning/install/track_planning/share/ament_index/resource_index/rclcpp_components/track_planning
-- Up-to-date: /home/aiv/ev_ws/planning/install/track_planning/share/track_planning/cmake/track_planningConfig.cmake
-- Up-to-date: /home/aiv/ev_ws/planning/install/track_planning/share/track_planning/cmake/track_planningConfig-version.cmake
-- Up-to-date: /home/aiv/ev_ws/planning/install/track_planning/share/track_planning/package.xml
