[0.005s] Invoking command in '/home/kimsohee/ev-1-5/ev-Autonomous-Vehicle-1-5/build/velodyne_pointcloud': AMENT_PREFIX_PATH=/home/kimsohee/ev-1-5/ev-Autonomous-Vehicle-1-5/install/velodyne_msgs:${AMENT_PREFIX_PATH} CMAKE_PREFIX_PATH=/home/kimsohee/ev-1-5/ev-Autonomous-Vehicle-1-5/install/velodyne_msgs:/opt/ros/humble LD_LIBRARY_PATH=/home/kimsohee/ev-1-5/ev-Autonomous-Vehicle-1-5/install/velodyne_msgs/lib:${LD_LIBRARY_PATH} PYTHONPATH=/home/kimsohee/ev-1-5/ev-Autonomous-Vehicle-1-5/install/velodyne_msgs/local/lib/python3.10/dist-packages:${PYTHONPATH} /usr/bin/cmake /home/kimsohee/ev-1-5/ev-Autonomous-Vehicle-1-5/perception/src/lidar/velodyne_pointcloud -DCMAKE_INSTALL_PREFIX=/home/kimsohee/ev-1-5/ev-Autonomous-Vehicle-1-5/install/velodyne_pointcloud
[0.226s] -- The C compiler identification is GNU 11.4.0
[0.226s] -- The CXX compiler identification is GNU 11.4.0
[0.226s] -- Detecting C compiler ABI info
[0.226s] -- Detecting C compiler ABI info - done
[0.226s] -- Check for working C compiler: /usr/bin/cc - skipped
[0.226s] -- Detecting C compile features
[0.226s] -- Detecting C compile features - done
[0.226s] -- Detecting CXX compiler ABI info
[0.232s] -- Detecting CXX compiler ABI info - done
[0.236s] -- Check for working CXX compiler: /usr/bin/c++ - skipped
[0.236s] -- Detecting CXX compile features
[0.236s] -- Detecting CXX compile features - done
[0.238s] -- Found ament_cmake: 1.3.12 (/opt/ros/humble/share/ament_cmake/cmake)
[0.324s] -- Found Python3: /usr/bin/python3 (found version "3.10.12") found components: Interpreter 
[0.365s] -- Found angles: 1.15.0 (/opt/ros/humble/share/angles/cmake)
[0.368s] -- Found diagnostic_updater: 4.0.6 (/opt/ros/humble/share/diagnostic_updater/cmake)
[0.393s] -- Found rosidl_generator_c: 3.1.8 (/opt/ros/humble/share/rosidl_generator_c/cmake)
[0.395s] -- Found rosidl_adapter: 3.1.8 (/opt/ros/humble/share/rosidl_adapter/cmake)
[0.398s] -- Found rosidl_generator_cpp: 3.1.8 (/opt/ros/humble/share/rosidl_generator_cpp/cmake)
[0.404s] -- Using all available rosidl_typesupport_c: rosidl_typesupport_fastrtps_c;rosidl_typesupport_introspection_c
[0.410s] -- Using all available rosidl_typesupport_cpp: rosidl_typesupport_fastrtps_cpp;rosidl_typesupport_introspection_cpp
[0.460s] -- Found rmw_implementation_cmake: 6.1.2 (/opt/ros/humble/share/rmw_implementation_cmake/cmake)
[0.461s] -- Found rmw_fastrtps_cpp: 6.2.9 (/opt/ros/humble/share/rmw_fastrtps_cpp/cmake)
[0.506s] -- Found OpenSSL: /usr/lib/aarch64-linux-gnu/libcrypto.so (found version "3.0.2")  
[0.516s] -- Found FastRTPS: /opt/ros/humble/include  
[0.543s] -- Using RMW implementation 'rmw_fastrtps_cpp' as default
[0.547s] -- Looking for pthread.h
[0.596s] -- Looking for pthread.h - found
[0.596s] -- Performing Test CMAKE_HAVE_LIBC_PTHREAD
[0.645s] -- Performing Test CMAKE_HAVE_LIBC_PTHREAD - Success
[0.646s] -- Found Threads: TRUE  
[0.677s] -- Found geometry_msgs: 4.9.0 (/opt/ros/humble/share/geometry_msgs/cmake)
[0.683s] -- Found message_filters: 4.3.11 (/opt/ros/humble/share/message_filters/cmake)
[0.698s] -- Checking for module 'eigen3'
[0.708s] --   Found eigen3, version 3.4.0
[0.727s] -- Found Eigen: /usr/include/eigen3 (Required is at least version "3.1") 
[0.727s] -- Eigen found (include: /usr/include/eigen3, version: 3.4.0)
[0.770s] -- Found Boost: /usr/lib/aarch64-linux-gnu/cmake/Boost-1.74.0/BoostConfig.cmake (found suitable version "1.74.0", minimum required is "1.65.0") found components: system filesystem date_time iostreams serialization 
[0.770s] -- looking for PCL_COMMON
[0.771s] -- Found PCL_COMMON: /usr/lib/aarch64-linux-gnu/libpcl_common.so  
[0.771s] -- Found PCL: pcl_common;Boost::system;Boost::filesystem;Boost::date_time;Boost::iostreams;Boost::serialization  
[0.773s] -- Found rclcpp_components: 16.0.17 (/opt/ros/humble/share/rclcpp_components/cmake)
[0.801s] -- Found sensor_msgs: 4.9.0 (/opt/ros/humble/share/sensor_msgs/cmake)
[0.803s] -- Found tf2: 0.25.18 (/opt/ros/humble/share/tf2/cmake)
[0.805s] -- Found tf2_ros: 0.25.18 (/opt/ros/humble/share/tf2_ros/cmake)
[0.834s] -- Found velodyne_msgs: 2.5.1 (/home/kimsohee/ev-1-5/ev-Autonomous-Vehicle-1-5/install/velodyne_msgs/share/velodyne_msgs/cmake)
[0.876s] -- Found yaml_cpp_vendor: 8.0.2 (/opt/ros/humble/share/yaml_cpp_vendor/cmake)
[0.876s] -- Found ament_lint_auto: 0.12.14 (/opt/ros/humble/share/ament_lint_auto/cmake)
[0.947s] -- Found gtest sources under '/opt/ros/humble/src/gtest_vendor': C++ tests using 'Google Test' will be built
[0.952s] -- Added test 'copyright' to check source files copyright and LICENSE
[0.954s] -- Added test 'cppcheck' to perform static code analysis on C / C++ code
[0.954s] -- Configured cppcheck include dirs: $<BUILD_INTERFACE:/home/kimsohee/ev-1-5/ev-Autonomous-Vehicle-1-5/perception/src/lidar/velodyne_pointcloud/include>
[0.954s] -- Configured cppcheck exclude dirs and/or files: 
[0.955s] -- Added test 'cpplint' to check C / C++ code against the Google style
[0.955s] -- Configured cpplint exclude dirs and/or files: 
[0.956s] -- Added test 'flake8' to check Python code syntax and style conventions
[0.956s] -- Added test 'lint_cmake' to check CMake code style
[0.956s] -- Added test 'pep257' to check Python code against some of the docstring style conventions in PEP 257
[0.958s] -- Added test 'uncrustify' to check C / C++ code style
[0.958s] -- Configured uncrustify additional arguments: 
[0.959s] -- Configuring done
[0.987s] -- Generating done
[0.997s] -- Build files have been written to: /home/kimsohee/ev-1-5/ev-Autonomous-Vehicle-1-5/build/velodyne_pointcloud
[1.006s] Invoked command in '/home/kimsohee/ev-1-5/ev-Autonomous-Vehicle-1-5/build/velodyne_pointcloud' returned '0': AMENT_PREFIX_PATH=/home/kimsohee/ev-1-5/ev-Autonomous-Vehicle-1-5/install/velodyne_msgs:${AMENT_PREFIX_PATH} CMAKE_PREFIX_PATH=/home/kimsohee/ev-1-5/ev-Autonomous-Vehicle-1-5/install/velodyne_msgs:/opt/ros/humble LD_LIBRARY_PATH=/home/kimsohee/ev-1-5/ev-Autonomous-Vehicle-1-5/install/velodyne_msgs/lib:${LD_LIBRARY_PATH} PYTHONPATH=/home/kimsohee/ev-1-5/ev-Autonomous-Vehicle-1-5/install/velodyne_msgs/local/lib/python3.10/dist-packages:${PYTHONPATH} /usr/bin/cmake /home/kimsohee/ev-1-5/ev-Autonomous-Vehicle-1-5/perception/src/lidar/velodyne_pointcloud -DCMAKE_INSTALL_PREFIX=/home/kimsohee/ev-1-5/ev-Autonomous-Vehicle-1-5/install/velodyne_pointcloud
[1.006s] Invoking command in '/home/kimsohee/ev-1-5/ev-Autonomous-Vehicle-1-5/build/velodyne_pointcloud': AMENT_PREFIX_PATH=/home/kimsohee/ev-1-5/ev-Autonomous-Vehicle-1-5/install/velodyne_msgs:${AMENT_PREFIX_PATH} CMAKE_PREFIX_PATH=/home/kimsohee/ev-1-5/ev-Autonomous-Vehicle-1-5/install/velodyne_msgs:/opt/ros/humble LD_LIBRARY_PATH=/home/kimsohee/ev-1-5/ev-Autonomous-Vehicle-1-5/install/velodyne_msgs/lib:${LD_LIBRARY_PATH} PYTHONPATH=/home/kimsohee/ev-1-5/ev-Autonomous-Vehicle-1-5/install/velodyne_msgs/local/lib/python3.10/dist-packages:${PYTHONPATH} /usr/bin/cmake --build /home/kimsohee/ev-1-5/ev-Autonomous-Vehicle-1-5/build/velodyne_pointcloud -- -j10 -l10
[2.329s] [  5%] [32mBuilding CXX object CMakeFiles/velodyne_rawdata.dir/src/lib/rawdata.cpp.o[0m
[2.329s] [ 11%] [32mBuilding CXX object CMakeFiles/velodyne_cloud_types.dir/src/lib/pointcloudXYZIRT.cpp.o[0m
[2.329s] [ 16%] [32mBuilding CXX object CMakeFiles/velodyne_cloud_types.dir/src/lib/organized_cloudXYZIRT.cpp.o[0m
[2.329s] [ 22%] [32mBuilding CXX object CMakeFiles/velodyne_rawdata.dir/src/lib/calibration.cpp.o[0m
[2.329s] [ 27%] [32mBuilding CXX object gtest/CMakeFiles/gtest_main.dir/src/gtest_main.cc.o[0m
[2.329s] [ 33%] [32mBuilding CXX object gtest/CMakeFiles/gtest.dir/src/gtest-all.cc.o[0m
[2.329s] [ 38%] [32m[1mLinking CXX static library libgtest_main.a[0m
[2.329s] [ 38%] Built target gtest_main
[22.700s] [ 44%] [32m[1mLinking CXX static library libgtest.a[0m
[22.781s] [ 44%] Built target gtest
[33.660s] [ 50%] [32m[1mLinking CXX shared library libvelodyne_cloud_types.so[0m
[33.768s] [ 50%] Built target velodyne_cloud_types
[34.166s] [ 55%] [32m[1mLinking CXX shared library libvelodyne_rawdata.so[0m
[34.235s] [ 55%] Built target velodyne_rawdata
[34.252s] [ 61%] [32mBuilding CXX object tests/CMakeFiles/test_row_step.dir/test_row_step.cpp.o[0m
[36.851s] [ 66%] [32m[1mLinking CXX executable test_row_step[0m
[36.959s] [ 66%] Built target test_row_step
[36.969s] [ 72%] [32mBuilding CXX object tests/CMakeFiles/test_calibration.dir/test_calibration.cpp.o[0m
[37.451s] [ 77%] [32m[1mLinking CXX executable test_calibration[0m
[37.543s] [ 77%] Built target test_calibration
[37.553s] [ 83%] [32mBuilding CXX object CMakeFiles/transform.dir/src/conversions/transform.cpp.o[0m
[42.461s] [ 88%] [32m[1mLinking CXX shared library libtransform.so[0m
[42.735s] [ 88%] Built target transform
[42.745s] [ 94%] [32mBuilding CXX object CMakeFiles/velodyne_transform_node.dir/src/conversions/transform_node.cpp.o[0m
[45.105s] [100%] [32m[1mLinking CXX executable velodyne_transform_node[0m
[45.223s] [100%] Built target velodyne_transform_node
