[0.004s] Invoking command in '/home/kimsohee/ev-1-5/ev-Autonomous-Vehicle-1-5/localization/build/gps_localization': CMAKE_PREFIX_PATH=/opt/ros/humble /usr/bin/cmake /home/kimsohee/ev-1-5/ev-Autonomous-Vehicle-1-5/localization/src/gps_localization -DCMAKE_INSTALL_PREFIX=/home/kimsohee/ev-1-5/ev-Autonomous-Vehicle-1-5/localization/install/gps_localization
[0.072s] -- The C compiler identification is GNU 11.4.0
[0.120s] -- The CXX compiler identification is GNU 11.4.0
[0.131s] -- Detecting C compiler ABI info
[0.165s] -- Detecting C compiler ABI info - done
[0.168s] -- Check for working C compiler: /usr/bin/cc - skipped
[0.168s] -- Detecting C compile features
[0.169s] -- Detecting C compile features - done
[0.171s] -- Detecting CXX compiler ABI info
[0.202s] -- Detecting CXX compiler ABI info - done
[0.206s] -- Check for working CXX compiler: /usr/bin/c++ - skipped
[0.206s] -- Detecting CXX compile features
[0.206s] -- Detecting CXX compile features - done
[0.209s] -- Found ament_cmake: 1.3.12 (/opt/ros/humble/share/ament_cmake/cmake)
[0.273s] -- Found Python3: /usr/bin/python3 (found version "3.10.12") found components: Interpreter 
[0.334s] -- Found rclcpp: 16.0.17 (/opt/ros/humble/share/rclcpp/cmake)
[0.385s] -- Found rosidl_generator_c: 3.1.8 (/opt/ros/humble/share/rosidl_generator_c/cmake)
[0.392s] -- Found rosidl_adapter: 3.1.8 (/opt/ros/humble/share/rosidl_adapter/cmake)
[0.401s] -- Found rosidl_generator_cpp: 3.1.8 (/opt/ros/humble/share/rosidl_generator_cpp/cmake)
[0.413s] -- Using all available rosidl_typesupport_c: rosidl_typesupport_fastrtps_c;rosidl_typesupport_introspection_c
[0.425s] -- Using all available rosidl_typesupport_cpp: rosidl_typesupport_fastrtps_cpp;rosidl_typesupport_introspection_cpp
[0.460s] -- Found rmw_implementation_cmake: 6.1.2 (/opt/ros/humble/share/rmw_implementation_cmake/cmake)
[0.463s] -- Found rmw_fastrtps_cpp: 6.2.9 (/opt/ros/humble/share/rmw_fastrtps_cpp/cmake)
[0.509s] -- Found OpenSSL: /usr/lib/aarch64-linux-gnu/libcrypto.so (found version "3.0.2")  
[0.522s] -- Found FastRTPS: /opt/ros/humble/include  
[0.541s] -- Using RMW implementation 'rmw_fastrtps_cpp' as default
[0.548s] -- Looking for pthread.h
[0.574s] -- Looking for pthread.h - found
[0.575s] -- Performing Test CMAKE_HAVE_LIBC_PTHREAD
[0.604s] -- Performing Test CMAKE_HAVE_LIBC_PTHREAD - Success
[0.605s] -- Found Threads: TRUE  
[0.642s] -- Found sensor_msgs: 4.9.0 (/opt/ros/humble/share/sensor_msgs/cmake)
[0.662s] -- Found nav_msgs: 4.9.0 (/opt/ros/humble/share/nav_msgs/cmake)
[0.712s] -- Configuring done
[0.718s] -- Generating done
[0.721s] -- Build files have been written to: /home/kimsohee/ev-1-5/ev-Autonomous-Vehicle-1-5/localization/build/gps_localization
[0.725s] Invoked command in '/home/kimsohee/ev-1-5/ev-Autonomous-Vehicle-1-5/localization/build/gps_localization' returned '0': CMAKE_PREFIX_PATH=/opt/ros/humble /usr/bin/cmake /home/kimsohee/ev-1-5/ev-Autonomous-Vehicle-1-5/localization/src/gps_localization -DCMAKE_INSTALL_PREFIX=/home/kimsohee/ev-1-5/ev-Autonomous-Vehicle-1-5/localization/install/gps_localization
[0.726s] Invoking command in '/home/kimsohee/ev-1-5/ev-Autonomous-Vehicle-1-5/localization/build/gps_localization': CMAKE_PREFIX_PATH=/opt/ros/humble /usr/bin/cmake --build /home/kimsohee/ev-1-5/ev-Autonomous-Vehicle-1-5/localization/build/gps_localization -- -j10 -l10
[0.745s] [ 25%] [32mBuilding CXX object CMakeFiles/utm_localizer_lib.dir/src/utm_localizer.cpp.o[0m
[1.578s] In file included from [01m[K/home/kimsohee/ev-1-5/ev-Autonomous-Vehicle-1-5/localization/src/gps_localization/src/utm_localizer.cpp:1[m[K:
[1.578s] [01m[K/home/kimsohee/ev-1-5/ev-Autonomous-Vehicle-1-5/localization/src/gps_localization/include/gps_localization/utm_localizer.hpp:107:50:[m[K [01;31m[Kerror: [m[Kredeclaration of ‘[01m[Krclcpp::Time gps_localization::UtmLocalizer::last_fix_stamp_[m[K’
[1.578s]   107 |   rclcpp::Time last_fix_stamp_{0, 0, RCL_ROS_TIME[01;31m[K}[m[K;
[1.578s]       |                                                  [01;31m[K^[m[K
[1.578s] [01m[K/home/kimsohee/ev-1-5/ev-Autonomous-Vehicle-1-5/localization/src/gps_localization/include/gps_localization/utm_localizer.hpp:75:16:[m[K [01;36m[Knote: [m[Kprevious declaration ‘[01m[Krclcpp::Time gps_localization::UtmLocalizer::last_fix_stamp_[m[K’
[1.578s]    75 |   rclcpp::Time [01;36m[Klast_fix_stamp_[m[K;
[1.578s]       |                [01;36m[K^~~~~~~~~~~~~~~[m[K
[1.578s] [01m[K/home/kimsohee/ev-1-5/ev-Autonomous-Vehicle-1-5/localization/src/gps_localization/include/gps_localization/utm_localizer.hpp:111:29:[m[K [01;31m[Kerror: [m[Kredeclaration of ‘[01m[Kdouble gps_localization::UtmLocalizer::jump_threshold_[m[K’
[1.578s]   111 |   double jump_threshold_{2.0[01;31m[K}[m[K;             // 2m 이상 점프면 무시 (GPS 튐 필터)
[1.578s]       |                             [01;31m[K^[m[K
[1.578s] [01m[K/home/kimsohee/ev-1-5/ev-Autonomous-Vehicle-1-5/localization/src/gps_localization/include/gps_localization/utm_localizer.hpp:81:10:[m[K [01;36m[Knote: [m[Kprevious declaration ‘[01m[Kdouble gps_localization::UtmLocalizer::jump_threshold_[m[K’
[1.578s]    81 |   double [01;36m[Kjump_threshold_[m[K{2.0};
[1.578s]       |          [01;36m[K^~~~~~~~~~~~~~~[m[K
[1.578s] [01m[K/home/kimsohee/ev-1-5/ev-Autonomous-Vehicle-1-5/localization/src/gps_localization/include/gps_localization/utm_localizer.hpp:112:35:[m[K [01;31m[Kerror: [m[Kredeclaration of ‘[01m[Kdouble gps_localization::UtmLocalizer::covariance_threshold_[m[K’
[1.578s]   112 |   double covariance_threshold_{0.5[01;31m[K}[m[K;       // sigma_xy (m) 기준 (환경에 맞게 튜닝)
[1.578s]       |                                   [01;31m[K^[m[K
[1.578s] [01m[K/home/kimsohee/ev-1-5/ev-Autonomous-Vehicle-1-5/localization/src/gps_localization/include/gps_localization/utm_localizer.hpp:82:10:[m[K [01;36m[Knote: [m[Kprevious declaration ‘[01m[Kdouble gps_localization::UtmLocalizer::covariance_threshold_[m[K’
[1.578s]    82 |   double [01;36m[Kcovariance_threshold_[m[K{0.5};
[1.579s]       |          [01;36m[K^~~~~~~~~~~~~~~~~~~~~[m[K
[1.579s] [01m[K/home/kimsohee/ev-1-5/ev-Autonomous-Vehicle-1-5/localization/src/gps_localization/include/gps_localization/utm_localizer.hpp:115:15:[m[K [01;31m[Kerror: [m[Kredeclaration of ‘[01m[Kstd::string gps_localization::UtmLocalizer::waypoint_file_[m[K’
[1.579s]   115 |   std::string [01;31m[Kwaypoint_file_[m[K;  // 파라미터로 받기
[1.579s]       |               [01;31m[K^~~~~~~~~~~~~~[m[K
[1.579s] [01m[K/home/kimsohee/ev-1-5/ev-Autonomous-Vehicle-1-5/localization/src/gps_localization/include/gps_localization/utm_localizer.hpp:79:15:[m[K [01;36m[Knote: [m[Kprevious declaration ‘[01m[Kstd::string gps_localization::UtmLocalizer::waypoint_file_[m[K’
[1.579s]    79 |   std::string [01;36m[Kwaypoint_file_[m[K;
[1.579s]       |               [01;36m[K^~~~~~~~~~~~~~[m[K
[1.579s] [01m[K/home/kimsohee/ev-1-5/ev-Autonomous-Vehicle-1-5/localization/src/gps_localization/include/gps_localization/utm_localizer.hpp:129:26:[m[K [01;31m[Kerror: [m[Kredeclaration of ‘[01m[Kdouble gps_localization::UtmLocalizer::lookahead_m_[m[K’
[1.579s]   129 |   double lookahead_m_{6.0[01;31m[K}[m[K;         // pure pursuit용 lookahead 거리 느낌으로 쓰기 좋음
[1.579s]       |                          [01;31m[K^[m[K
[1.579s] [01m[K/home/kimsohee/ev-1-5/ev-Autonomous-Vehicle-1-5/localization/src/gps_localization/include/gps_localization/utm_localizer.hpp:84:10:[m[K [01;36m[Knote: [m[Kprevious declaration ‘[01m[Kdouble gps_localization::UtmLocalizer::lookahead_m_[m[K’
[1.580s]    84 |   double [01;36m[Klookahead_m_[m[K{6.0};
[1.580s]       |          [01;36m[K^~~~~~~~~~~~[m[K
[1.580s] [01m[K/home/kimsohee/ev-1-5/ev-Autonomous-Vehicle-1-5/localization/src/gps_localization/include/gps_localization/utm_localizer.hpp:130:22:[m[K [01;31m[Kerror: [m[Kredeclaration of ‘[01m[Kint gps_localization::UtmLocalizer::path_points_[m[K’
[1.580s]   130 |   int path_points_{30[01;31m[K}[m[K;             // /local_path에 넣을 점 개수
[1.580s]       |                      [01;31m[K^[m[K
[1.580s] [01m[K/home/kimsohee/ev-1-5/ev-Autonomous-Vehicle-1-5/localization/src/gps_localization/include/gps_localization/utm_localizer.hpp:85:7:[m[K [01;36m[Knote: [m[Kprevious declaration ‘[01m[Kint gps_localization::UtmLocalizer::path_points_[m[K’
[1.580s]    85 |   int [01;36m[Kpath_points_[m[K{30};
[1.580s]       |       [01;36m[K^~~~~~~~~~~~[m[K
[2.583s] gmake[2]: *** [CMakeFiles/utm_localizer_lib.dir/build.make:76: CMakeFiles/utm_localizer_lib.dir/src/utm_localizer.cpp.o] Error 1
[2.583s] gmake[1]: *** [CMakeFiles/Makefile2:139: CMakeFiles/utm_localizer_lib.dir/all] Error 2
[2.583s] gmake: *** [Makefile:146: all] Error 2
[2.584s] Invoked command in '/home/kimsohee/ev-1-5/ev-Autonomous-Vehicle-1-5/localization/build/gps_localization' returned '2': CMAKE_PREFIX_PATH=/opt/ros/humble /usr/bin/cmake --build /home/kimsohee/ev-1-5/ev-Autonomous-Vehicle-1-5/localization/build/gps_localization -- -j10 -l10
