[35m[1mConsolidate compiler generated dependencies of target cluster_splitter_component[0m
[35m[1mConsolidate compiler generated dependencies of target cluster_splitter_node[0m
[ 50%] Built target cluster_splitter_component
[100%] Built target cluster_splitter_node
-- Install configuration: ""
-- Execute custom install script
-- Symlinking: /home/aiv/ev_ws/perception/install/cluster_splitter/lib/cluster_splitter/cluster_splitter_node
-- Symlinking: /home/aiv/ev_ws/perception/install/cluster_splitter/lib/libcluster_splitter_component.so
-- Symlinking: /home/aiv/ev_ws/perception/install/cluster_splitter/include/cluster_splitter/cluster_splitter_node.hpp
-- Symlinking: /home/aiv/ev_ws/perception/install/cluster_splitter/share/cluster_splitter/config/cluster_splitter_params.yaml
-- Symlinking: /home/aiv/ev_ws/perception/install/cluster_splitter/share/cluster_splitter/launch/cluster_splitter.launch.py
-- Symlinking: /home/aiv/ev_ws/perception/install/cluster_splitter/share/ament_index/resource_index/package_run_dependencies/cluster_splitter
-- Symlinking: /home/aiv/ev_ws/perception/install/cluster_splitter/share/ament_index/resource_index/parent_prefix_path/cluster_splitter
-- Symlinking: /home/aiv/ev_ws/perception/install/cluster_splitter/share/cluster_splitter/environment/ament_prefix_path.sh
-- Symlinking: /home/aiv/ev_ws/perception/install/cluster_splitter/share/cluster_splitter/environment/ament_prefix_path.dsv
-- Symlinking: /home/aiv/ev_ws/perception/install/cluster_splitter/share/cluster_splitter/environment/path.sh
-- Symlinking: /home/aiv/ev_ws/perception/install/cluster_splitter/share/cluster_splitter/environment/path.dsv
-- Symlinking: /home/aiv/ev_ws/perception/install/cluster_splitter/share/cluster_splitter/local_setup.bash
-- Symlinking: /home/aiv/ev_ws/perception/install/cluster_splitter/share/cluster_splitter/local_setup.sh
-- Symlinking: /home/aiv/ev_ws/perception/install/cluster_splitter/share/cluster_splitter/local_setup.zsh
-- Symlinking: /home/aiv/ev_ws/perception/install/cluster_splitter/share/cluster_splitter/local_setup.dsv
-- Symlinking: /home/aiv/ev_ws/perception/install/cluster_splitter/share/cluster_splitter/package.dsv
-- Symlinking: /home/aiv/ev_ws/perception/install/cluster_splitter/share/ament_index/resource_index/packages/cluster_splitter
-- Symlinking: /home/aiv/ev_ws/perception/install/cluster_splitter/share/ament_index/resource_index/rclcpp_components/cluster_splitter
-- Symlinking: /home/aiv/ev_ws/perception/install/cluster_splitter/share/cluster_splitter/cmake/cluster_splitterConfig.cmake
-- Symlinking: /home/aiv/ev_ws/perception/install/cluster_splitter/share/cluster_splitter/cmake/cluster_splitterConfig-version.cmake
-- Symlinking: /home/aiv/ev_ws/perception/install/cluster_splitter/share/cluster_splitter/package.xml
