[0.000000] (-) TimerEvent: {}
[0.000119] (-) JobUnselected: {'identifier': 'dbscan_clustering'}
[0.000334] (-) JobUnselected: {'identifier': 'lidar_interfaces'}
[0.000415] (-) JobUnselected: {'identifier': 'lidar_launch'}
[0.000463] (-) JobUnselected: {'identifier': 'lidar_voxel_grid'}
[0.000480] (-) JobUnselected: {'identifier': 'patchworkpp'}
[0.000498] (-) JobUnselected: {'identifier': 'velodyne'}
[0.000513] (-) JobUnselected: {'identifier': 'velodyne_cropbox'}
[0.000527] (-) JobUnselected: {'identifier': 'velodyne_driver'}
[0.000576] (-) JobUnselected: {'identifier': 'velodyne_laserscan'}
[0.000591] (-) JobUnselected: {'identifier': 'velodyne_msgs'}
[0.000605] (-) JobUnselected: {'identifier': 'velodyne_pointcloud'}
[0.000621] (cluster_splitter) JobQueued: {'identifier': 'cluster_splitter', 'dependencies': OrderedDict()}
[0.000637] (cluster_splitter) JobStarted: {'identifier': 'cluster_splitter'}
[0.005871] (cluster_splitter) JobProgress: {'identifier': 'cluster_splitter', 'progress': 'cmake'}
[0.006389] (cluster_splitter) Command: {'cmd': ['/usr/bin/cmake', '/home/aiv/ev_ws/perception/src/lidar/cluster_splitter', '-DAMENT_CMAKE_SYMLINK_INSTALL=1', '-DCMAKE_INSTALL_PREFIX=/home/aiv/ev_ws/perception/install/cluster_splitter'], 'cwd': '/home/aiv/ev_ws/perception/build/cluster_splitter', 'env': OrderedDict([('GJS_DEBUG_TOPICS', 'JS ERROR;JS LOG'), ('USER', 'aiv'), ('CLAUDE_CODE_ENTRYPOINT', 'cli'), ('LC_TIME', 'ko_KR.UTF-8'), ('GIT_EDITOR', 'true'), ('XDG_SESSION_TYPE', 'x11'), ('SHLVL', '2'), ('LD_LIBRARY_PATH', '/home/aiv/ev_ws/perception/install/dbscan_clustering/lib:/home/aiv/ev_ws/perception/install/cluster_splitter/lib:/usr/local/cuda-12.6/lib64:/usr/local/cuda-12.6/lib64:/home/aiv/ev_ws/erp42_ros/install/erp42_serial/lib:/home/aiv/ev_ws/erp42_ros/install/erp42_rqt_plugin/lib:/home/aiv/ev_ws/erp42_ros/install/erp42_gazebo/lib:/home/aiv/ev_ws/erp42_ros/install/erp42_util/lib:/home/aiv/ev_ws/erp42_ros/install/erp42_msgs/lib:/home/aiv/ev_ws/perception/install/velodyne_pointcloud/lib:/home/aiv/ev_ws/perception/install/velodyne_driver/lib:/home/aiv/ev_ws/perception/install/velodyne_msgs/lib:/home/aiv/ev_ws/perception/install/velodyne_laserscan/lib:/home/aiv/ev_ws/perception/install/velodyne_cropbox/lib:/home/aiv/ev_ws/perception/install/patchworkpp/lib:/home/aiv/ev_ws/perception/install/lidar_voxel_grid/lib:/home/aiv/ev_ws/perception/install/lidar_tracking/lib:/home/aiv/ev_ws/perception/install/cluster_filter/lib:/home/aiv/ev_ws/perception/install/lidar_interfaces/lib:/home/aiv/ev_ws/perception/install/lidar_clustering/lib:/usr/lib/x86_64-linux-gnu/gazebo-11/plugins:/opt/ros/humble/opt/rviz_ogre_vendor/lib:/opt/ros/humble/lib/x86_64-linux-gnu:/opt/ros/humble/lib:/usr/local/cuda-12.6/lib64'), ('HOME', '/home/aiv'), ('OLDPWD', '/home/aiv/ev_ws'), ('DESKTOP_SESSION', 'ubuntu'), ('NVM_BIN', '/home/aiv/.nvm/versions/node/v24.13.0/bin'), ('NVM_INC', '/home/aiv/.nvm/versions/node/v24.13.0/include/node'), ('GIO_LAUNCHED_DESKTOP_FILE', '/usr/share/applications/terminator.desktop'), ('ROS_PYTHON_VERSION', '3'), ('GNOME_SHELL_SESSION_MODE', 'ubuntu'), ('GTK_MODULES', 'gail:atk-bridge'), ('LC_MONETARY', 'ko_KR.UTF-8'), ('MANAGERPID', '2030'), ('SYSTEMD_EXEC_PID', '2534'), ('DBUS_SESSION_BUS_ADDRESS', 'unix:path=/run/user/1000/bus'), ('COLORTERM', 'truecolor'), ('TERMINATOR_DBUS_NAME', 'net.tenshu.Terminator23558193cd9818af7fe4d2c2f5bd9d00f'), ('GIO_LAUNCHED_DESKTOP_FILE_PID', '7115'), ('NVM_DIR', '/home/aiv/.nvm'), ('COLCON_PREFIX_PATH', '/home/aiv/ev_ws/perception/install:/home/aiv/ev_ws/carsa_gazebo/install:/home/aiv/ev_ws/erp42_ros/install'), ('ROS_DISTRO', 'humble'), ('GTK_IM_MODULE', 'ibus'), ('LOGNAME', 'aiv'), ('JOURNAL_STREAM', '8:23001'), ('_', '/usr/bin/colcon'), ('ROS_VERSION', '2'), ('XDG_SESSION_CLASS', 'user'), ('USERNAME', 'aiv'), ('TERM', 'xterm-256color'), ('OTEL_EXPORTER_OTLP_METRICS_TEMPORALITY_PREFERENCE', 'delta'), ('GNOME_DESKTOP_SESSION_ID', 'this-is-deprecated'), ('ROS_LOCALHOST_ONLY', '0'), ('WINDOWPATH', '2'), ('PATH', '/usr/local/cuda-12.6/bin:/home/aiv/.local/bin:/opt/ros/humble/bin:/home/aiv/.nvm/versions/node/v24.13.0/bin:/usr/local/cuda-12.6/bin:/usr/local/sbin:/usr/local/bin:/usr/sbin:/usr/bin:/sbin:/bin:/usr/games:/usr/local/games:/snap/bin:/snap/bin'), ('SESSION_MANAGER', 'local/aiv:@/tmp/.ICE-unix/2509,unix/aiv:/tmp/.ICE-unix/2509'), ('INVOCATION_ID', '8e947a6ee4e7429493086f863ed4989c'), ('COREPACK_ENABLE_AUTO_PIN', '0'), ('XDG_MENU_PREFIX', 'gnome-'), ('LC_ADDRESS', 'ko_KR.UTF-8'), ('XDG_RUNTIME_DIR', '/run/user/1000'), ('DISPLAY', ':1'), ('TERMINATOR_DBUS_PATH', '/net/tenshu/Terminator2'), ('NoDefaultCurrentDirectoryInExePath', '1'), ('LANG', 'en_US.UTF-8'), ('XDG_CURRENT_DESKTOP', 'ubuntu:GNOME'), ('IBUS_DISABLE_SNOOPER', '1'), ('LC_TELEPHONE', 'ko_KR.UTF-8'), ('XMODIFIERS', '@im=ibus'), ('XDG_SESSION_DESKTOP', 'ubuntu'), ('XAUTHORITY', '/run/user/1000/gdm/Xauthority'), ('SSH_AGENT_LAUNCHER', 'gnome-keyring'), ('SSH_AUTH_SOCK', '/run/user/1000/keyring/ssh'), ('AMENT_PREFIX_PATH', '/home/aiv/ev_ws/perception/install/dbscan_clustering:/home/aiv/ev_ws/perception/install/cluster_splitter:/home/aiv/ev_ws/carsa_gazebo/install/carsa_gazebo:/home/aiv/ev_ws/erp42_ros/install/erp42_serial:/home/aiv/ev_ws/erp42_ros/install/erp42_rqt_plugin:/home/aiv/ev_ws/erp42_ros/install/erp42_gazebo:/home/aiv/ev_ws/erp42_ros/install/erp42_util:/home/aiv/ev_ws/erp42_ros/install/erp42_msgs:/home/aiv/ev_ws/erp42_ros/install/erp42_description:/home/aiv/ev_ws/erp42_ros/install/erp42_cmake:/home/aiv/ev_ws/perception/install/velodyne:/home/aiv/ev_ws/perception/install/lidar_launch:/home/aiv/ev_ws/perception/install/velodyne_pointcloud:/home/aiv/ev_ws/perception/install/velodyne_driver:/home/aiv/ev_ws/perception/install/velodyne_msgs:/home/aiv/ev_ws/perception/install/velodyne_laserscan:/home/aiv/ev_ws/perception/install/velodyne_cropbox:/home/aiv/ev_ws/perception/install/patchworkpp:/home/aiv/ev_ws/perception/install/lidar_voxel_grid:/home/aiv/ev_ws/perception/install/lidar_tracking:/home/aiv/ev_ws/perception/install/cluster_filter:/home/aiv/ev_ws/perception/install/lidar_interfaces:/home/aiv/ev_ws/perception/install/lidar_clustering:/opt/ros/humble'), ('SHELL', '/bin/bash'), ('LC_NAME', 'ko_KR.UTF-8'), ('TERMINATOR_UUID', 'urn:uuid:9620b953-66ec-4f41-ab01-67f839cad673'), ('QT_ACCESSIBILITY', '1'), ('GDMSESSION', 'ubuntu'), ('CLAUDECODE', '1'), ('LC_MEASUREMENT', 'ko_KR.UTF-8'), ('GPG_AGENT_INFO', '/run/user/1000/gnupg/S.gpg-agent:0:1'), ('GJS_DEBUG_OUTPUT', 'stderr'), ('LC_IDENTIFICATION', 'ko_KR.UTF-8'), ('QT_IM_MODULE', 'ibus'), ('PWD', '/home/aiv/ev_ws/perception/build/cluster_splitter'), ('LC_ALL', 'en_US.UTF-8'), ('XDG_CONFIG_DIRS', '/etc/xdg/xdg-ubuntu:/etc/xdg'), ('NVM_CD_FLAGS', ''), ('XDG_DATA_DIRS', '/usr/share/ubuntu:/usr/share/gnome:/usr/local/share/:/usr/share/:/var/lib/snapd/desktop'), ('PYTHONPATH', '/home/aiv/ev_ws/erp42_ros/install/erp42_msgs/local/lib/python3.10/dist-packages:/home/aiv/ev_ws/perception/install/velodyne_msgs/local/lib/python3.10/dist-packages:/home/aiv/ev_ws/perception/install/lidar_interfaces/local/lib/python3.10/dist-packages:/opt/ros/humble/lib/python3.10/site-packages:/opt/ros/humble/local/lib/python3.10/dist-packages'), ('LC_NUMERIC', 'ko_KR.UTF-8'), ('LC_PAPER', 'ko_KR.UTF-8'), ('COLCON', '1'), ('VTE_VERSION', '6800'), ('EDITOR', 'code --wait'), ('CMAKE_PREFIX_PATH', '/home/aiv/ev_ws/perception/install/dbscan_clustering:/home/aiv/ev_ws/perception/install/cluster_splitter:/home/aiv/ev_ws/carsa_gazebo/install/carsa_gazebo:/home/aiv/ev_ws/erp42_ros/install/erp42_serial:/home/aiv/ev_ws/erp42_ros/install/erp42_rqt_plugin:/home/aiv/ev_ws/erp42_ros/install/erp42_gazebo:/home/aiv/ev_ws/erp42_ros/install/erp42_util:/home/aiv/ev_ws/erp42_ros/install/erp42_msgs:/home/aiv/ev_ws/erp42_ros/install/erp42_description:/home/aiv/ev_ws/erp42_ros/install/erp42_cmake:/home/aiv/ev_ws/perception/install/velodyne:/home/aiv/ev_ws/perception/install/lidar_launch:/home/aiv/ev_ws/perception/install/velodyne_pointcloud:/home/aiv/ev_ws/perception/install/velodyne_driver:/home/aiv/ev_ws/perception/install/velodyne_msgs:/home/aiv/ev_ws/perception/install/velodyne_laserscan:/home/aiv/ev_ws/perception/install/velodyne_cropbox:/home/aiv/ev_ws/perception/install/patchworkpp:/home/aiv/ev_ws/perception/install/lidar_voxel_grid:/home/aiv/ev_ws/perception/install/lidar_tracking:/home/aiv/ev_ws/perception/install/cluster_filter:/home/aiv/ev_ws/perception/install/lidar_interfaces:/home/aiv/ev_ws/perception/install/lidar_clustering:/opt/ros/humble')]), 'shell': False}
[0.015286] (cluster_splitter) StdoutLine: {'line': b'-- Found ament_cmake: 1.3.12 (/opt/ros/humble/share/ament_cmake/cmake)\n'}
[0.081011] (cluster_splitter) StdoutLine: {'line': b'-- Override CMake install command with custom implementation using symlinks instead of copying resources\n'}
[0.084264] (cluster_splitter) StdoutLine: {'line': b'-- Found rclcpp: 16.0.17 (/opt/ros/humble/share/rclcpp/cmake)\n'}
[0.098773] (cluster_splitter) StdoutLine: {'line': b'-- Found rosidl_generator_c: 3.1.8 (/opt/ros/humble/share/rosidl_generator_c/cmake)\n'}
[0.099950] (cluster_splitter) StdoutLine: {'line': b'-- Found rosidl_adapter: 3.1.8 (/opt/ros/humble/share/rosidl_adapter/cmake)\n'}
[0.100077] (-) TimerEvent: {}
[0.102944] (cluster_splitter) StdoutLine: {'line': b'-- Found rosidl_generator_cpp: 3.1.8 (/opt/ros/humble/share/rosidl_generator_cpp/cmake)\n'}
[0.108148] (cluster_splitter) StdoutLine: {'line': b'-- Using all available rosidl_typesupport_c: rosidl_typesupport_fastrtps_c;rosidl_typesupport_introspection_c\n'}
[0.114337] (cluster_splitter) StdoutLine: {'line': b'-- Using all available rosidl_typesupport_cpp: rosidl_typesupport_fastrtps_cpp;rosidl_typesupport_introspection_cpp\n'}
[0.130864] (cluster_splitter) StdoutLine: {'line': b'-- Found rmw_implementation_cmake: 6.1.2 (/opt/ros/humble/share/rmw_implementation_cmake/cmake)\n'}
[0.131816] (cluster_splitter) StdoutLine: {'line': b'-- Found rmw_fastrtps_cpp: 6.2.9 (/opt/ros/humble/share/rmw_fastrtps_cpp/cmake)\n'}
[0.191170] (cluster_splitter) StdoutLine: {'line': b"-- Using RMW implementation 'rmw_fastrtps_cpp' as default\n"}
[0.200310] (-) TimerEvent: {}
[0.214802] (cluster_splitter) StdoutLine: {'line': b'-- Found rclcpp_components: 16.0.17 (/opt/ros/humble/share/rclcpp_components/cmake)\n'}
[0.223865] (cluster_splitter) StdoutLine: {'line': b'-- Found sensor_msgs: 4.9.0 (/opt/ros/humble/share/sensor_msgs/cmake)\n'}
[0.241384] (cluster_splitter) StdoutLine: {'line': b'-- Found ament_lint_auto: 0.12.14 (/opt/ros/humble/share/ament_lint_auto/cmake)\n'}
[0.278174] (cluster_splitter) StdoutLine: {'line': b"-- Added test 'cppcheck' to perform static code analysis on C / C++ code\n"}
[0.278331] (cluster_splitter) StdoutLine: {'line': b'-- Configured cppcheck include dirs: /home/aiv/ev_ws/perception/src/lidar/cluster_splitter/include\n'}
[0.278402] (cluster_splitter) StdoutLine: {'line': b'-- Configured cppcheck exclude dirs and/or files: \n'}
[0.278634] (cluster_splitter) StdoutLine: {'line': b"-- Added test 'flake8' to check Python code syntax and style conventions\n"}
[0.278721] (cluster_splitter) StdoutLine: {'line': b"-- Added test 'lint_cmake' to check CMake code style\n"}
[0.278770] (cluster_splitter) StdoutLine: {'line': b"-- Added test 'pep257' to check Python code against some of the docstring style conventions in PEP 257\n"}
[0.279180] (cluster_splitter) StdoutLine: {'line': b"-- Added test 'uncrustify' to check C / C++ code style\n"}
[0.279540] (cluster_splitter) StdoutLine: {'line': b'-- Configured uncrustify additional arguments: \n'}
[0.279647] (cluster_splitter) StdoutLine: {'line': b"-- Added test 'xmllint' to check XML markup files\n"}
[0.279701] (cluster_splitter) StdoutLine: {'line': b'-- Configuring done\n'}
[0.285906] (cluster_splitter) StdoutLine: {'line': b'-- Generating done\n'}
[0.288355] (cluster_splitter) StdoutLine: {'line': b'-- Build files have been written to: /home/aiv/ev_ws/perception/build/cluster_splitter\n'}
[0.292293] (cluster_splitter) CommandEnded: {'returncode': 0}
[0.293018] (cluster_splitter) JobProgress: {'identifier': 'cluster_splitter', 'progress': 'build'}
[0.293040] (cluster_splitter) Command: {'cmd': ['/usr/bin/cmake', '--build', '/home/aiv/ev_ws/perception/build/cluster_splitter', '--', '-j28', '-l28'], 'cwd': '/home/aiv/ev_ws/perception/build/cluster_splitter', 'env': OrderedDict([('GJS_DEBUG_TOPICS', 'JS ERROR;JS LOG'), ('USER', 'aiv'), ('CLAUDE_CODE_ENTRYPOINT', 'cli'), ('LC_TIME', 'ko_KR.UTF-8'), ('GIT_EDITOR', 'true'), ('XDG_SESSION_TYPE', 'x11'), ('SHLVL', '2'), ('LD_LIBRARY_PATH', '/home/aiv/ev_ws/perception/install/dbscan_clustering/lib:/home/aiv/ev_ws/perception/install/cluster_splitter/lib:/usr/local/cuda-12.6/lib64:/usr/local/cuda-12.6/lib64:/home/aiv/ev_ws/erp42_ros/install/erp42_serial/lib:/home/aiv/ev_ws/erp42_ros/install/erp42_rqt_plugin/lib:/home/aiv/ev_ws/erp42_ros/install/erp42_gazebo/lib:/home/aiv/ev_ws/erp42_ros/install/erp42_util/lib:/home/aiv/ev_ws/erp42_ros/install/erp42_msgs/lib:/home/aiv/ev_ws/perception/install/velodyne_pointcloud/lib:/home/aiv/ev_ws/perception/install/velodyne_driver/lib:/home/aiv/ev_ws/perception/install/velodyne_msgs/lib:/home/aiv/ev_ws/perception/install/velodyne_laserscan/lib:/home/aiv/ev_ws/perception/install/velodyne_cropbox/lib:/home/aiv/ev_ws/perception/install/patchworkpp/lib:/home/aiv/ev_ws/perception/install/lidar_voxel_grid/lib:/home/aiv/ev_ws/perception/install/lidar_tracking/lib:/home/aiv/ev_ws/perception/install/cluster_filter/lib:/home/aiv/ev_ws/perception/install/lidar_interfaces/lib:/home/aiv/ev_ws/perception/install/lidar_clustering/lib:/usr/lib/x86_64-linux-gnu/gazebo-11/plugins:/opt/ros/humble/opt/rviz_ogre_vendor/lib:/opt/ros/humble/lib/x86_64-linux-gnu:/opt/ros/humble/lib:/usr/local/cuda-12.6/lib64'), ('HOME', '/home/aiv'), ('OLDPWD', '/home/aiv/ev_ws'), ('DESKTOP_SESSION', 'ubuntu'), ('NVM_BIN', '/home/aiv/.nvm/versions/node/v24.13.0/bin'), ('NVM_INC', '/home/aiv/.nvm/versions/node/v24.13.0/include/node'), ('GIO_LAUNCHED_DESKTOP_FILE', '/usr/share/applications/terminator.desktop'), ('ROS_PYTHON_VERSION', '3'), ('GNOME_SHELL_SESSION_MODE', 'ubuntu'), ('GTK_MODULES', 'gail:atk-bridge'), ('LC_MONETARY', 'ko_KR.UTF-8'), ('MANAGERPID', '2030'), ('SYSTEMD_EXEC_PID', '2534'), ('DBUS_SESSION_BUS_ADDRESS', 'unix:path=/run/user/1000/bus'), ('COLORTERM', 'truecolor'), ('TERMINATOR_DBUS_NAME', 'net.tenshu.Terminator23558193cd9818af7fe4d2c2f5bd9d00f'), ('GIO_LAUNCHED_DESKTOP_FILE_PID', '7115'), ('NVM_DIR', '/home/aiv/.nvm'), ('COLCON_PREFIX_PATH', '/home/aiv/ev_ws/perception/install:/home/aiv/ev_ws/carsa_gazebo/install:/home/aiv/ev_ws/erp42_ros/install'), ('ROS_DISTRO', 'humble'), ('GTK_IM_MODULE', 'ibus'), ('LOGNAME', 'aiv'), ('JOURNAL_STREAM', '8:23001'), ('_', '/usr/bin/colcon'), ('ROS_VERSION', '2'), ('XDG_SESSION_CLASS', 'user'), ('USERNAME', 'aiv'), ('TERM', 'xterm-256color'), ('OTEL_EXPORTER_OTLP_METRICS_TEMPORALITY_PREFERENCE', 'delta'), ('GNOME_DESKTOP_SESSION_ID', 'this-is-deprecated'), ('ROS_LOCALHOST_ONLY', '0'), ('WINDOWPATH', '2'), ('PATH', '/usr/local/cuda-12.6/bin:/home/aiv/.local/bin:/opt/ros/humble/bin:/home/aiv/.nvm/versions/node/v24.13.0/bin:/usr/local/cuda-12.6/bin:/usr/local/sbin:/usr/local/bin:/usr/sbin:/usr/bin:/sbin:/bin:/usr/games:/usr/local/games:/snap/bin:/snap/bin'), ('SESSION_MANAGER', 'local/aiv:@/tmp/.ICE-unix/2509,unix/aiv:/tmp/.ICE-unix/2509'), ('INVOCATION_ID', '8e947a6ee4e7429493086f863ed4989c'), ('COREPACK_ENABLE_AUTO_PIN', '0'), ('XDG_MENU_PREFIX', 'gnome-'), ('LC_ADDRESS', 'ko_KR.UTF-8'), ('XDG_RUNTIME_DIR', '/run/user/1000'), ('DISPLAY', ':1'), ('TERMINATOR_DBUS_PATH', '/net/tenshu/Terminator2'), ('NoDefaultCurrentDirectoryInExePath', '1'), ('LANG', 'en_US.UTF-8'), ('XDG_CURRENT_DESKTOP', 'ubuntu:GNOME'), ('IBUS_DISABLE_SNOOPER', '1'), ('LC_TELEPHONE', 'ko_KR.UTF-8'), ('XMODIFIERS', '@im=ibus'), ('XDG_SESSION_DESKTOP', 'ubuntu'), ('XAUTHORITY', '/run/user/1000/gdm/Xauthority'), ('SSH_AGENT_LAUNCHER', 'gnome-keyring'), ('SSH_AUTH_SOCK', '/run/user/1000/keyring/ssh'), ('AMENT_PREFIX_PATH', '/home/aiv/ev_ws/perception/install/dbscan_clustering:/home/aiv/ev_ws/perception/install/cluster_splitter:/home/aiv/ev_ws/carsa_gazebo/install/carsa_gazebo:/home/aiv/ev_ws/erp42_ros/install/erp42_serial:/home/aiv/ev_ws/erp42_ros/install/erp42_rqt_plugin:/home/aiv/ev_ws/erp42_ros/install/erp42_gazebo:/home/aiv/ev_ws/erp42_ros/install/erp42_util:/home/aiv/ev_ws/erp42_ros/install/erp42_msgs:/home/aiv/ev_ws/erp42_ros/install/erp42_description:/home/aiv/ev_ws/erp42_ros/install/erp42_cmake:/home/aiv/ev_ws/perception/install/velodyne:/home/aiv/ev_ws/perception/install/lidar_launch:/home/aiv/ev_ws/perception/install/velodyne_pointcloud:/home/aiv/ev_ws/perception/install/velodyne_driver:/home/aiv/ev_ws/perception/install/velodyne_msgs:/home/aiv/ev_ws/perception/install/velodyne_laserscan:/home/aiv/ev_ws/perception/install/velodyne_cropbox:/home/aiv/ev_ws/perception/install/patchworkpp:/home/aiv/ev_ws/perception/install/lidar_voxel_grid:/home/aiv/ev_ws/perception/install/lidar_tracking:/home/aiv/ev_ws/perception/install/cluster_filter:/home/aiv/ev_ws/perception/install/lidar_interfaces:/home/aiv/ev_ws/perception/install/lidar_clustering:/opt/ros/humble'), ('SHELL', '/bin/bash'), ('LC_NAME', 'ko_KR.UTF-8'), ('TERMINATOR_UUID', 'urn:uuid:9620b953-66ec-4f41-ab01-67f839cad673'), ('QT_ACCESSIBILITY', '1'), ('GDMSESSION', 'ubuntu'), ('CLAUDECODE', '1'), ('LC_MEASUREMENT', 'ko_KR.UTF-8'), ('GPG_AGENT_INFO', '/run/user/1000/gnupg/S.gpg-agent:0:1'), ('GJS_DEBUG_OUTPUT', 'stderr'), ('LC_IDENTIFICATION', 'ko_KR.UTF-8'), ('QT_IM_MODULE', 'ibus'), ('PWD', '/home/aiv/ev_ws/perception/build/cluster_splitter'), ('LC_ALL', 'en_US.UTF-8'), ('XDG_CONFIG_DIRS', '/etc/xdg/xdg-ubuntu:/etc/xdg'), ('NVM_CD_FLAGS', ''), ('XDG_DATA_DIRS', '/usr/share/ubuntu:/usr/share/gnome:/usr/local/share/:/usr/share/:/var/lib/snapd/desktop'), ('PYTHONPATH', '/home/aiv/ev_ws/erp42_ros/install/erp42_msgs/local/lib/python3.10/dist-packages:/home/aiv/ev_ws/perception/install/velodyne_msgs/local/lib/python3.10/dist-packages:/home/aiv/ev_ws/perception/install/lidar_interfaces/local/lib/python3.10/dist-packages:/opt/ros/humble/lib/python3.10/site-packages:/opt/ros/humble/local/lib/python3.10/dist-packages'), ('LC_NUMERIC', 'ko_KR.UTF-8'), ('LC_PAPER', 'ko_KR.UTF-8'), ('COLCON', '1'), ('VTE_VERSION', '6800'), ('EDITOR', 'code --wait'), ('CMAKE_PREFIX_PATH', '/home/aiv/ev_ws/perception/install/dbscan_clustering:/home/aiv/ev_ws/perception/install/cluster_splitter:/home/aiv/ev_ws/carsa_gazebo/install/carsa_gazebo:/home/aiv/ev_ws/erp42_ros/install/erp42_serial:/home/aiv/ev_ws/erp42_ros/install/erp42_rqt_plugin:/home/aiv/ev_ws/erp42_ros/install/erp42_gazebo:/home/aiv/ev_ws/erp42_ros/install/erp42_util:/home/aiv/ev_ws/erp42_ros/install/erp42_msgs:/home/aiv/ev_ws/erp42_ros/install/erp42_description:/home/aiv/ev_ws/erp42_ros/install/erp42_cmake:/home/aiv/ev_ws/perception/install/velodyne:/home/aiv/ev_ws/perception/install/lidar_launch:/home/aiv/ev_ws/perception/install/velodyne_pointcloud:/home/aiv/ev_ws/perception/install/velodyne_driver:/home/aiv/ev_ws/perception/install/velodyne_msgs:/home/aiv/ev_ws/perception/install/velodyne_laserscan:/home/aiv/ev_ws/perception/install/velodyne_cropbox:/home/aiv/ev_ws/perception/install/patchworkpp:/home/aiv/ev_ws/perception/install/lidar_voxel_grid:/home/aiv/ev_ws/perception/install/lidar_tracking:/home/aiv/ev_ws/perception/install/cluster_filter:/home/aiv/ev_ws/perception/install/lidar_interfaces:/home/aiv/ev_ws/perception/install/lidar_clustering:/opt/ros/humble')]), 'shell': False}
[0.300373] (-) TimerEvent: {}
[0.325822] (cluster_splitter) StdoutLine: {'line': b'Consolidate compiler generated dependencies of target cluster_splitter_node\n'}
[0.326353] (cluster_splitter) StdoutLine: {'line': b'Consolidate compiler generated dependencies of target cluster_splitter_component\n'}
[0.336146] (cluster_splitter) StdoutLine: {'line': b'[ 25%] Building CXX object CMakeFiles/cluster_splitter_component.dir/src/cluster_splitter_node.cpp.o\n'}
[0.336872] (cluster_splitter) StdoutLine: {'line': b'[ 75%] Built target cluster_splitter_node\n'}
[0.400474] (-) TimerEvent: {}
[0.500716] (-) TimerEvent: {}
[0.600888] (-) TimerEvent: {}
[0.701176] (-) TimerEvent: {}
[0.801455] (-) TimerEvent: {}
[0.901626] (-) TimerEvent: {}
[1.001887] (-) TimerEvent: {}
[1.102054] (-) TimerEvent: {}
[1.202178] (-) TimerEvent: {}
[1.302322] (-) TimerEvent: {}
[1.402485] (-) TimerEvent: {}
[1.502703] (-) TimerEvent: {}
[1.602920] (-) TimerEvent: {}
[1.659676] (cluster_splitter) StderrLine: {'line': b'In file included from /opt/ros/humble/include/rclcpp/rclcpp/client.hpp:40,\n'}
[1.659826] (cluster_splitter) StderrLine: {'line': b'                 from /opt/ros/humble/include/rclcpp/rclcpp/callback_group.hpp:24,\n'}
[1.659885] (cluster_splitter) StderrLine: {'line': b'                 from /opt/ros/humble/include/rclcpp/rclcpp/any_executable.hpp:20,\n'}
[1.659938] (cluster_splitter) StderrLine: {'line': b'                 from /opt/ros/humble/include/rclcpp/rclcpp/memory_strategy.hpp:25,\n'}
[1.659988] (cluster_splitter) StderrLine: {'line': b'                 from /opt/ros/humble/include/rclcpp/rclcpp/memory_strategies.hpp:18,\n'}
[1.660037] (cluster_splitter) StderrLine: {'line': b'                 from /opt/ros/humble/include/rclcpp/rclcpp/executor_options.hpp:20,\n'}
[1.660086] (cluster_splitter) StderrLine: {'line': b'                 from /opt/ros/humble/include/rclcpp/rclcpp/executor.hpp:37,\n'}
[1.660154] (cluster_splitter) StderrLine: {'line': b'                 from /opt/ros/humble/include/rclcpp/rclcpp/executors/multi_threaded_executor.hpp:25,\n'}
[1.660243] (cluster_splitter) StderrLine: {'line': b'                 from /opt/ros/humble/include/rclcpp/rclcpp/executors.hpp:21,\n'}
[1.660333] (cluster_splitter) StderrLine: {'line': b'                 from /opt/ros/humble/include/rclcpp/rclcpp/rclcpp.hpp:155,\n'}
[1.660375] (cluster_splitter) StderrLine: {'line': b'                 from /home/aiv/ev_ws/perception/src/lidar/cluster_splitter/include/cluster_splitter/cluster_splitter_node.hpp:11,\n'}
[1.660402] (cluster_splitter) StderrLine: {'line': b'                 from /home/aiv/ev_ws/perception/src/lidar/cluster_splitter/src/cluster_splitter_node.cpp:1:\n'}
[1.660431] (cluster_splitter) StderrLine: {'line': b'/home/aiv/ev_ws/perception/src/lidar/cluster_splitter/src/cluster_splitter_node.cpp: In lambda function:\n'}
[1.660460] (cluster_splitter) StderrLine: {'line': b'/home/aiv/ev_ws/perception/src/lidar/cluster_splitter/src/cluster_splitter_node.cpp:825:3: error: passing \xe2\x80\x98const rclcpp::Clock\xe2\x80\x99 as \xe2\x80\x98this\xe2\x80\x99 argument discards qualifiers [-fpermissive]\n'}
[1.660484] (cluster_splitter) StderrLine: {'line': b'  825 |   RCLCPP_INFO_THROTTLE(\n'}
[1.660507] (cluster_splitter) StderrLine: {'line': b'      |   ^~~~~~~~~~~~~~~~~~~~\n'}
[1.660530] (cluster_splitter) StderrLine: {'line': b'In file included from /opt/ros/humble/include/rclcpp/rclcpp/timer.hpp:27,\n'}
[1.660553] (cluster_splitter) StderrLine: {'line': b'                 from /opt/ros/humble/include/rclcpp/rclcpp/callback_group.hpp:30,\n'}
[1.660575] (cluster_splitter) StderrLine: {'line': b'                 from /opt/ros/humble/include/rclcpp/rclcpp/any_executable.hpp:20,\n'}
[1.660597] (cluster_splitter) StderrLine: {'line': b'                 from /opt/ros/humble/include/rclcpp/rclcpp/memory_strategy.hpp:25,\n'}
[1.660619] (cluster_splitter) StderrLine: {'line': b'                 from /opt/ros/humble/include/rclcpp/rclcpp/memory_strategies.hpp:18,\n'}
[1.660640] (cluster_splitter) StderrLine: {'line': b'                 from /opt/ros/humble/include/rclcpp/rclcpp/executor_options.hpp:20,\n'}
[1.660666] (cluster_splitter) StderrLine: {'line': b'                 from /opt/ros/humble/include/rclcpp/rclcpp/executor.hpp:37,\n'}
[1.660688] (cluster_splitter) StderrLine: {'line': b'                 from /opt/ros/humble/include/rclcpp/rclcpp/executors/multi_threaded_executor.hpp:25,\n'}
[1.660709] (cluster_splitter) StderrLine: {'line': b'                 from /opt/ros/humble/include/rclcpp/rclcpp/executors.hpp:21,\n'}
[1.660730] (cluster_splitter) StderrLine: {'line': b'                 from /opt/ros/humble/include/rclcpp/rclcpp/rclcpp.hpp:155,\n'}
[1.660751] (cluster_splitter) StderrLine: {'line': b'                 from /home/aiv/ev_ws/perception/src/lidar/cluster_splitter/include/cluster_splitter/cluster_splitter_node.hpp:11,\n'}
[1.660773] (cluster_splitter) StderrLine: {'line': b'                 from /home/aiv/ev_ws/perception/src/lidar/cluster_splitter/src/cluster_splitter_node.cpp:1:\n'}
[1.660797] (cluster_splitter) StderrLine: {'line': b'/opt/ros/humble/include/rclcpp/rclcpp/clock.hpp:87:3: note:   in call to \xe2\x80\x98rclcpp::Time rclcpp::Clock::now()\xe2\x80\x99\n'}
[1.660818] (cluster_splitter) StderrLine: {'line': b'   87 |   now();\n'}
[1.660840] (cluster_splitter) StderrLine: {'line': b'      |   ^~~\n'}
[1.702998] (-) TimerEvent: {}
[1.803192] (-) TimerEvent: {}
[1.903334] (-) TimerEvent: {}
[2.003515] (-) TimerEvent: {}
[2.103653] (-) TimerEvent: {}
[2.203813] (-) TimerEvent: {}
[2.303958] (-) TimerEvent: {}
[2.404102] (-) TimerEvent: {}
[2.504300] (-) TimerEvent: {}
[2.604442] (-) TimerEvent: {}
[2.704596] (-) TimerEvent: {}
[2.804765] (-) TimerEvent: {}
[2.904941] (-) TimerEvent: {}
[3.005079] (-) TimerEvent: {}
[3.068039] (cluster_splitter) StderrLine: {'line': b'gmake[2]: *** [CMakeFiles/cluster_splitter_component.dir/build.make:76: CMakeFiles/cluster_splitter_component.dir/src/cluster_splitter_node.cpp.o] Error 1\n'}
[3.068245] (cluster_splitter) StderrLine: {'line': b'gmake[1]: *** [CMakeFiles/Makefile2:139: CMakeFiles/cluster_splitter_component.dir/all] Error 2\n'}
[3.068279] (cluster_splitter) StderrLine: {'line': b'gmake: *** [Makefile:146: all] Error 2\n'}
[3.069761] (cluster_splitter) CommandEnded: {'returncode': 2}
[3.077266] (cluster_splitter) JobEnded: {'identifier': 'cluster_splitter', 'rc': 2}
[3.087439] (-) EventReactorShutdown: {}
