[0.012s] Invoking command in '/home/kimsohee/ev-1-5/ev_ws/ev_msgs/build/ev_msgs': CMAKE_PREFIX_PATH=${CMAKE_PREFIX_PATH}:/opt/ros/humble /usr/bin/cmake /home/kimsohee/ev-1-5/ev_ws/ev_msgs -DCMAKE_INSTALL_PREFIX=/home/kimsohee/ev-1-5/ev_ws/ev_msgs/install/ev_msgs
[0.137s] -- The C compiler identification is GNU 11.4.0
[0.239s] -- The CXX compiler identification is GNU 11.4.0
[0.251s] -- Detecting C compiler ABI info
[0.359s] -- Detecting C compiler ABI info - done
[0.368s] -- Check for working C compiler: /usr/bin/cc - skipped
[0.369s] -- Detecting C compile features
[0.370s] -- Detecting C compile features - done
[0.375s] -- Detecting CXX compiler ABI info
[0.496s] -- Detecting CXX compiler ABI info - done
[0.503s] -- Check for working CXX compiler: /usr/bin/c++ - skipped
[0.504s] -- Detecting CXX compile features
[0.505s] -- Detecting CXX compile features - done
[0.509s] -- Found ament_cmake: 1.3.12 (/opt/ros/humble/share/ament_cmake/cmake)
[0.745s] -- Found Python3: /usr/bin/python3 (found version "3.10.12") found components: Interpreter 
[0.886s] -- Found rosidl_default_generators: 1.2.0 (/opt/ros/humble/share/rosidl_default_generators/cmake)
[0.893s] -- Using all available rosidl_typesupport_c: rosidl_typesupport_fastrtps_c;rosidl_typesupport_introspection_c
[0.903s] -- Found rosidl_adapter: 3.1.8 (/opt/ros/humble/share/rosidl_adapter/cmake)
[0.969s] -- Using all available rosidl_typesupport_cpp: rosidl_typesupport_fastrtps_cpp;rosidl_typesupport_introspection_cpp
[1.021s] -- Found geometry_msgs: 4.9.0 (/opt/ros/humble/share/geometry_msgs/cmake)
[1.574s] -- Found ament_cmake_ros: 0.10.0 (/opt/ros/humble/share/ament_cmake_ros/cmake)
[1.954s] -- Using all available rosidl_typesupport_c: rosidl_typesupport_fastrtps_c;rosidl_typesupport_introspection_c
[2.431s] -- Using all available rosidl_typesupport_cpp: rosidl_typesupport_fastrtps_cpp;rosidl_typesupport_introspection_cpp
[2.465s] -- Found PythonInterp: /usr/bin/python3 (found suitable version "3.10.12", minimum required is "3.6") 
[2.467s] -- Found python_cmake_module: 0.10.0 (/opt/ros/humble/share/python_cmake_module/cmake)
[2.506s] -- Found PythonLibs: /usr/lib/x86_64-linux-gnu/libpython3.10.so (found suitable version "3.10.12", minimum required is "3.5") 
[2.507s] -- Using PYTHON_EXECUTABLE: /usr/bin/python3
[2.507s] -- Using PYTHON_INCLUDE_DIRS: /usr/include/python3.10
[2.507s] -- Using PYTHON_LIBRARIES: /usr/lib/x86_64-linux-gnu/libpython3.10.so
[2.537s] -- Found PythonExtra: .so  
[2.631s] -- Configuring done
[2.680s] -- Generating done
[2.696s] -- Build files have been written to: /home/kimsohee/ev-1-5/ev_ws/ev_msgs/build/ev_msgs
[2.709s] Invoked command in '/home/kimsohee/ev-1-5/ev_ws/ev_msgs/build/ev_msgs' returned '0': CMAKE_PREFIX_PATH=${CMAKE_PREFIX_PATH}:/opt/ros/humble /usr/bin/cmake /home/kimsohee/ev-1-5/ev_ws/ev_msgs -DCMAKE_INSTALL_PREFIX=/home/kimsohee/ev-1-5/ev_ws/ev_msgs/install/ev_msgs
[2.709s] Invoking command in '/home/kimsohee/ev-1-5/ev_ws/ev_msgs/build/ev_msgs': CMAKE_PREFIX_PATH=${CMAKE_PREFIX_PATH}:/opt/ros/humble /usr/bin/cmake --build /home/kimsohee/ev-1-5/ev_ws/ev_msgs/build/ev_msgs -- -j8 -l8
[2.766s] [  1%] [34m[1mGenerating C code for ROS interfaces[0m
[2.781s] [  3%] [34m[1mGenerating C++ code for ROS interfaces[0m
[2.792s] [  3%] Built target ament_cmake_python_copy_ev_msgs
[3.129s] running egg_info
[3.129s] creating ev_msgs.egg-info
[3.129s] writing ev_msgs.egg-info/PKG-INFO
[3.129s] writing dependency_links to ev_msgs.egg-info/dependency_links.txt
[3.129s] writing top-level names to ev_msgs.egg-info/top_level.txt
[3.129s] writing manifest file 'ev_msgs.egg-info/SOURCES.txt'
[3.134s] reading manifest file 'ev_msgs.egg-info/SOURCES.txt'
[3.134s] writing manifest file 'ev_msgs.egg-info/SOURCES.txt'
[3.180s] [  3%] Built target ament_cmake_python_build_ev_msgs_egg
[3.541s] [  3%] Built target ev_msgs__cpp
[3.563s] [  5%] [34m[1mGenerating C++ type support dispatch for ROS interfaces[0m
[3.568s] [  7%] [34m[1mGenerating C++ type support for eProsima Fast-RTPS[0m
[3.572s] [  9%] [34m[1mGenerating C++ introspection for ROS interfaces[0m
[3.592s] [ 10%] [32mBuilding C object CMakeFiles/ev_msgs__rosidl_generator_c.dir/rosidl_generator_c/ev_msgs/msg/detail/b_box_array__functions.c.o[0m
[3.592s] [ 12%] [32mBuilding C object CMakeFiles/ev_msgs__rosidl_generator_c.dir/rosidl_generator_c/ev_msgs/msg/detail/b_box__functions.c.o[0m
[3.595s] [ 14%] [32mBuilding C object CMakeFiles/ev_msgs__rosidl_generator_c.dir/rosidl_generator_c/ev_msgs/msg/detail/lane_boundary__functions.c.o[0m
[3.601s] [ 16%] [32mBuilding C object CMakeFiles/ev_msgs__rosidl_generator_c.dir/rosidl_generator_c/ev_msgs/msg/detail/lane_boundary_array__functions.c.o[0m
[3.687s] [ 18%] [32m[1mLinking C shared library libev_msgs__rosidl_generator_c.so[0m
[3.749s] [ 18%] Built target ev_msgs__rosidl_generator_c
[3.765s] [ 20%] [34m[1mGenerating C type support for eProsima Fast-RTPS[0m
[3.766s] [ 21%] [34m[1mGenerating C type support dispatch for ROS interfaces[0m
[3.767s] [ 23%] [34m[1mGenerating C introspection for ROS interfaces[0m
[4.280s] [ 25%] [32mBuilding CXX object CMakeFiles/ev_msgs__rosidl_typesupport_cpp.dir/rosidl_typesupport_cpp/ev_msgs/msg/b_box__type_support.cpp.o[0m
[4.304s] [ 27%] [32mBuilding CXX object CMakeFiles/ev_msgs__rosidl_typesupport_cpp.dir/rosidl_typesupport_cpp/ev_msgs/msg/b_box_array__type_support.cpp.o[0m
[4.314s] [ 29%] [32mBuilding CXX object CMakeFiles/ev_msgs__rosidl_typesupport_cpp.dir/rosidl_typesupport_cpp/ev_msgs/msg/lane_boundary__type_support.cpp.o[0m
[4.326s] [ 30%] [32mBuilding CXX object CMakeFiles/ev_msgs__rosidl_typesupport_introspection_cpp.dir/rosidl_typesupport_introspection_cpp/ev_msgs/msg/detail/b_box__type_support.cpp.o[0m
[4.342s] [ 32%] [32mBuilding CXX object CMakeFiles/ev_msgs__rosidl_typesupport_fastrtps_cpp.dir/rosidl_typesupport_fastrtps_cpp/ev_msgs/msg/detail/dds_fastrtps/b_box__type_support.cpp.o[0m
[4.465s] [ 34%] [32mBuilding CXX object CMakeFiles/ev_msgs__rosidl_typesupport_c.dir/rosidl_typesupport_c/ev_msgs/msg/b_box__type_support.cpp.o[0m
[4.508s] [ 36%] [32mBuilding CXX object CMakeFiles/ev_msgs__rosidl_typesupport_c.dir/rosidl_typesupport_c/ev_msgs/msg/b_box_array__type_support.cpp.o[0m
[4.562s] [ 38%] [32mBuilding CXX object CMakeFiles/ev_msgs__rosidl_typesupport_c.dir/rosidl_typesupport_c/ev_msgs/msg/lane_boundary__type_support.cpp.o[0m
[4.563s] [ 40%] [32mBuilding C object CMakeFiles/ev_msgs__rosidl_typesupport_introspection_c.dir/rosidl_typesupport_introspection_c/ev_msgs/msg/detail/b_box__type_support.c.o[0m
[4.593s] [ 41%] [32mBuilding CXX object CMakeFiles/ev_msgs__rosidl_typesupport_fastrtps_c.dir/rosidl_typesupport_fastrtps_c/ev_msgs/msg/detail/b_box__type_support_c.cpp.o[0m
[4.609s] [ 43%] [32mBuilding CXX object CMakeFiles/ev_msgs__rosidl_typesupport_c.dir/rosidl_typesupport_c/ev_msgs/msg/lane_boundary_array__type_support.cpp.o[0m
[4.613s] [ 45%] [32mBuilding C object CMakeFiles/ev_msgs__rosidl_typesupport_introspection_c.dir/rosidl_typesupport_introspection_c/ev_msgs/msg/detail/b_box_array__type_support.c.o[0m
[4.646s] [ 47%] [32m[1mLinking CXX shared library libev_msgs__rosidl_typesupport_c.so[0m
[4.688s] [ 49%] [32mBuilding C object CMakeFiles/ev_msgs__rosidl_typesupport_introspection_c.dir/rosidl_typesupport_introspection_c/ev_msgs/msg/detail/lane_boundary__type_support.c.o[0m
[4.694s] [ 50%] [32mBuilding CXX object CMakeFiles/ev_msgs__rosidl_typesupport_fastrtps_c.dir/rosidl_typesupport_fastrtps_c/ev_msgs/msg/detail/b_box_array__type_support_c.cpp.o[0m
[4.701s] [ 52%] [32mBuilding C object CMakeFiles/ev_msgs__rosidl_typesupport_introspection_c.dir/rosidl_typesupport_introspection_c/ev_msgs/msg/detail/lane_boundary_array__type_support.c.o[0m
[4.726s] [ 52%] Built target ev_msgs__rosidl_typesupport_c
[4.740s] [ 54%] [32mBuilding CXX object CMakeFiles/ev_msgs__rosidl_typesupport_cpp.dir/rosidl_typesupport_cpp/ev_msgs/msg/lane_boundary_array__type_support.cpp.o[0m
[4.762s] [ 56%] [32mBuilding CXX object CMakeFiles/ev_msgs__rosidl_typesupport_fastrtps_cpp.dir/rosidl_typesupport_fastrtps_cpp/ev_msgs/msg/detail/dds_fastrtps/b_box_array__type_support.cpp.o[0m
[4.768s] [ 58%] [32mBuilding CXX object CMakeFiles/ev_msgs__rosidl_typesupport_introspection_cpp.dir/rosidl_typesupport_introspection_cpp/ev_msgs/msg/detail/b_box_array__type_support.cpp.o[0m
[4.785s] [ 60%] [32m[1mLinking C shared library libev_msgs__rosidl_typesupport_introspection_c.so[0m
[4.862s] [ 60%] Built target ev_msgs__rosidl_typesupport_introspection_c
[4.873s] [ 61%] [32mBuilding CXX object CMakeFiles/ev_msgs__rosidl_typesupport_introspection_cpp.dir/rosidl_typesupport_introspection_cpp/ev_msgs/msg/detail/lane_boundary__type_support.cpp.o[0m
[4.877s] [ 63%] [32mBuilding CXX object CMakeFiles/ev_msgs__rosidl_typesupport_introspection_cpp.dir/rosidl_typesupport_introspection_cpp/ev_msgs/msg/detail/lane_boundary_array__type_support.cpp.o[0m
[4.977s] [ 65%] [32mBuilding CXX object CMakeFiles/ev_msgs__rosidl_typesupport_fastrtps_cpp.dir/rosidl_typesupport_fastrtps_cpp/ev_msgs/msg/detail/dds_fastrtps/lane_boundary__type_support.cpp.o[0m
[5.114s] [ 67%] [32mBuilding CXX object CMakeFiles/ev_msgs__rosidl_typesupport_fastrtps_c.dir/rosidl_typesupport_fastrtps_c/ev_msgs/msg/detail/lane_boundary__type_support_c.cpp.o[0m
[5.142s] [ 69%] [32mBuilding CXX object CMakeFiles/ev_msgs__rosidl_typesupport_fastrtps_c.dir/rosidl_typesupport_fastrtps_c/ev_msgs/msg/detail/lane_boundary_array__type_support_c.cpp.o[0m
[5.204s] [ 70%] [32m[1mLinking CXX shared library libev_msgs__rosidl_typesupport_cpp.so[0m
[5.276s] [ 70%] Built target ev_msgs__rosidl_typesupport_cpp
[5.292s] [ 72%] [32mBuilding CXX object CMakeFiles/ev_msgs__rosidl_typesupport_fastrtps_cpp.dir/rosidl_typesupport_fastrtps_cpp/ev_msgs/msg/detail/dds_fastrtps/lane_boundary_array__type_support.cpp.o[0m
[5.489s] [ 74%] [32m[1mLinking CXX shared library libev_msgs__rosidl_typesupport_introspection_cpp.so[0m
[5.610s] [ 74%] Built target ev_msgs__rosidl_typesupport_introspection_cpp
[5.645s] [ 76%] [32m[1mLinking CXX shared library libev_msgs__rosidl_typesupport_fastrtps_c.so[0m
[5.771s] [ 76%] Built target ev_msgs__rosidl_typesupport_fastrtps_c
[5.883s] [ 78%] [32m[1mLinking CXX shared library libev_msgs__rosidl_typesupport_fastrtps_cpp.so[0m
[6.003s] [ 78%] Built target ev_msgs__rosidl_typesupport_fastrtps_cpp
[6.031s] [ 78%] Built target ev_msgs
[6.064s] [ 80%] [34m[1mGenerating Python code for ROS interfaces[0m
[7.258s] [ 80%] Built target ev_msgs__py
[7.291s] [ 81%] [32mBuilding C object CMakeFiles/ev_msgs__rosidl_generator_py.dir/rosidl_generator_py/ev_msgs/msg/_b_box_s.c.o[0m
[7.298s] [ 83%] [32mBuilding C object CMakeFiles/ev_msgs__rosidl_generator_py.dir/rosidl_generator_py/ev_msgs/msg/_lane_boundary_array_s.c.o[0m
[7.299s] [ 85%] [32mBuilding C object CMakeFiles/ev_msgs__rosidl_generator_py.dir/rosidl_generator_py/ev_msgs/msg/_b_box_array_s.c.o[0m
[7.301s] [ 87%] [32mBuilding C object CMakeFiles/ev_msgs__rosidl_generator_py.dir/rosidl_generator_py/ev_msgs/msg/_lane_boundary_s.c.o[0m
[7.474s] [ 89%] [32m[1mLinking C shared library rosidl_generator_py/ev_msgs/libev_msgs__rosidl_generator_py.so[0m
[7.553s] [ 89%] Built target ev_msgs__rosidl_generator_py
[7.582s] [ 90%] [32mBuilding C object CMakeFiles/ev_msgs__rosidl_typesupport_fastrtps_c__pyext.dir/rosidl_generator_py/ev_msgs/_ev_msgs_s.ep.rosidl_typesupport_fastrtps_c.c.o[0m
[7.583s] [ 92%] [32mBuilding C object CMakeFiles/ev_msgs__rosidl_typesupport_c__pyext.dir/rosidl_generator_py/ev_msgs/_ev_msgs_s.ep.rosidl_typesupport_c.c.o[0m
[7.584s] [ 94%] [32mBuilding C object CMakeFiles/ev_msgs__rosidl_typesupport_introspection_c__pyext.dir/rosidl_generator_py/ev_msgs/_ev_msgs_s.ep.rosidl_typesupport_introspection_c.c.o[0m
[7.730s] [ 98%] [32m[1mLinking C shared library rosidl_generator_py/ev_msgs/ev_msgs_s__rosidl_typesupport_introspection_c.cpython-310-x86_64-linux-gnu.so[0m
[7.730s] [ 98%] [32m[1mLinking C shared library rosidl_generator_py/ev_msgs/ev_msgs_s__rosidl_typesupport_c.cpython-310-x86_64-linux-gnu.so[0m
[7.737s] [100%] [32m[1mLinking C shared library rosidl_generator_py/ev_msgs/ev_msgs_s__rosidl_typesupport_fastrtps_c.cpython-310-x86_64-linux-gnu.so[0m
[7.794s] [100%] Built target ev_msgs__rosidl_typesupport_introspection_c__pyext
[7.796s] [100%] Built target ev_msgs__rosidl_typesupport_c__pyext
[7.804s] [100%] Built target ev_msgs__rosidl_typesupport_fastrtps_c__pyext
[7.823s] Invoked command in '/home/kimsohee/ev-1-5/ev_ws/ev_msgs/build/ev_msgs' returned '0': CMAKE_PREFIX_PATH=${CMAKE_PREFIX_PATH}:/opt/ros/humble /usr/bin/cmake --build /home/kimsohee/ev-1-5/ev_ws/ev_msgs/build/ev_msgs -- -j8 -l8
[7.838s] Invoking command in '/home/kimsohee/ev-1-5/ev_ws/ev_msgs/build/ev_msgs': CMAKE_PREFIX_PATH=${CMAKE_PREFIX_PATH}:/opt/ros/humble /usr/bin/cmake --install /home/kimsohee/ev-1-5/ev_ws/ev_msgs/build/ev_msgs
[7.848s] -- Install configuration: ""
[7.848s] -- Installing: /home/kimsohee/ev-1-5/ev_ws/ev_msgs/install/ev_msgs/share/ament_index/resource_index/rosidl_interfaces/ev_msgs
[7.848s] -- Installing: /home/kimsohee/ev-1-5/ev_ws/ev_msgs/install/ev_msgs/include/ev_msgs/ev_msgs
[7.849s] -- Installing: /home/kimsohee/ev-1-5/ev_ws/ev_msgs/install/ev_msgs/include/ev_msgs/ev_msgs/msg
[7.849s] -- Installing: /home/kimsohee/ev-1-5/ev_ws/ev_msgs/install/ev_msgs/include/ev_msgs/ev_msgs/msg/b_box_array.h
[7.849s] -- Installing: /home/kimsohee/ev-1-5/ev_ws/ev_msgs/install/ev_msgs/include/ev_msgs/ev_msgs/msg/detail
[7.849s] -- Installing: /home/kimsohee/ev-1-5/ev_ws/ev_msgs/install/ev_msgs/include/ev_msgs/ev_msgs/msg/detail/b_box_array__functions.c
[7.849s] -- Installing: /home/kimsohee/ev-1-5/ev_ws/ev_msgs/install/ev_msgs/include/ev_msgs/ev_msgs/msg/detail/b_box__functions.h
[7.849s] -- Installing: /home/kimsohee/ev-1-5/ev_ws/ev_msgs/install/ev_msgs/include/ev_msgs/ev_msgs/msg/detail/lane_boundary__struct.h
[7.849s] -- Installing: /home/kimsohee/ev-1-5/ev_ws/ev_msgs/install/ev_msgs/include/ev_msgs/ev_msgs/msg/detail/b_box_array__struct.h
[7.849s] -- Installing: /home/kimsohee/ev-1-5/ev_ws/ev_msgs/install/ev_msgs/include/ev_msgs/ev_msgs/msg/detail/b_box_array__functions.h
[7.849s] -- Installing: /home/kimsohee/ev-1-5/ev_ws/ev_msgs/install/ev_msgs/include/ev_msgs/ev_msgs/msg/detail/lane_boundary_array__functions.h
[7.849s] -- Installing: /home/kimsohee/ev-1-5/ev_ws/ev_msgs/install/ev_msgs/include/ev_msgs/ev_msgs/msg/detail/b_box__functions.c
[7.849s] -- Installing: /home/kimsohee/ev-1-5/ev_ws/ev_msgs/install/ev_msgs/include/ev_msgs/ev_msgs/msg/detail/lane_boundary_array__functions.c
[7.849s] -- Installing: /home/kimsohee/ev-1-5/ev_ws/ev_msgs/install/ev_msgs/include/ev_msgs/ev_msgs/msg/detail/lane_boundary__functions.h
[7.850s] -- Installing: /home/kimsohee/ev-1-5/ev_ws/ev_msgs/install/ev_msgs/include/ev_msgs/ev_msgs/msg/detail/lane_boundary_array__struct.h
[7.850s] -- Installing: /home/kimsohee/ev-1-5/ev_ws/ev_msgs/install/ev_msgs/include/ev_msgs/ev_msgs/msg/detail/b_box__type_support.h
[7.850s] -- Installing: /home/kimsohee/ev-1-5/ev_ws/ev_msgs/install/ev_msgs/include/ev_msgs/ev_msgs/msg/detail/lane_boundary__type_support.h
[7.850s] -- Installing: /home/kimsohee/ev-1-5/ev_ws/ev_msgs/install/ev_msgs/include/ev_msgs/ev_msgs/msg/detail/b_box__struct.h
[7.850s] -- Installing: /home/kimsohee/ev-1-5/ev_ws/ev_msgs/install/ev_msgs/include/ev_msgs/ev_msgs/msg/detail/b_box_array__type_support.h
[7.850s] -- Installing: /home/kimsohee/ev-1-5/ev_ws/ev_msgs/install/ev_msgs/include/ev_msgs/ev_msgs/msg/detail/lane_boundary_array__type_support.h
[7.850s] -- Installing: /home/kimsohee/ev-1-5/ev_ws/ev_msgs/install/ev_msgs/include/ev_msgs/ev_msgs/msg/detail/lane_boundary__functions.c
[7.850s] -- Installing: /home/kimsohee/ev-1-5/ev_ws/ev_msgs/install/ev_msgs/include/ev_msgs/ev_msgs/msg/rosidl_generator_c__visibility_control.h
[7.850s] -- Installing: /home/kimsohee/ev-1-5/ev_ws/ev_msgs/install/ev_msgs/include/ev_msgs/ev_msgs/msg/lane_boundary.h
[7.850s] -- Installing: /home/kimsohee/ev-1-5/ev_ws/ev_msgs/install/ev_msgs/include/ev_msgs/ev_msgs/msg/lane_boundary_array.h
[7.850s] -- Installing: /home/kimsohee/ev-1-5/ev_ws/ev_msgs/install/ev_msgs/include/ev_msgs/ev_msgs/msg/b_box.h
[7.851s] -- Installing: /home/kimsohee/ev-1-5/ev_ws/ev_msgs/install/ev_msgs/share/ev_msgs/environment/library_path.sh
[7.852s] -- Installing: /home/kimsohee/ev-1-5/ev_ws/ev_msgs/install/ev_msgs/share/ev_msgs/environment/library_path.dsv
[7.852s] -- Installing: /home/kimsohee/ev-1-5/ev_ws/ev_msgs/install/ev_msgs/lib/libev_msgs__rosidl_generator_c.so
[7.852s] -- Set runtime path of "/home/kimsohee/ev-1-5/ev_ws/ev_msgs/install/ev_msgs/lib/libev_msgs__rosidl_generator_c.so" to ""
[7.852s] -- Up-to-date: /home/kimsohee/ev-1-5/ev_ws/ev_msgs/install/ev_msgs/include/ev_msgs/ev_msgs
[7.852s] -- Up-to-date: /home/kimsohee/ev-1-5/ev_ws/ev_msgs/install/ev_msgs/include/ev_msgs/ev_msgs/msg
[7.852s] -- Installing: /home/kimsohee/ev-1-5/ev_ws/ev_msgs/install/ev_msgs/include/ev_msgs/ev_msgs/msg/rosidl_typesupport_fastrtps_c__visibility_control.h
[7.852s] -- Up-to-date: /home/kimsohee/ev-1-5/ev_ws/ev_msgs/install/ev_msgs/include/ev_msgs/ev_msgs/msg/detail
[7.852s] -- Installing: /home/kimsohee/ev-1-5/ev_ws/ev_msgs/install/ev_msgs/include/ev_msgs/ev_msgs/msg/detail/b_box_array__rosidl_typesupport_fastrtps_c.h
[7.853s] -- Installing: /home/kimsohee/ev-1-5/ev_ws/ev_msgs/install/ev_msgs/include/ev_msgs/ev_msgs/msg/detail/lane_boundary__rosidl_typesupport_fastrtps_c.h
[7.853s] -- Installing: /home/kimsohee/ev-1-5/ev_ws/ev_msgs/install/ev_msgs/include/ev_msgs/ev_msgs/msg/detail/lane_boundary_array__rosidl_typesupport_fastrtps_c.h
[7.853s] -- Installing: /home/kimsohee/ev-1-5/ev_ws/ev_msgs/install/ev_msgs/include/ev_msgs/ev_msgs/msg/detail/b_box__rosidl_typesupport_fastrtps_c.h
[7.853s] -- Installing: /home/kimsohee/ev-1-5/ev_ws/ev_msgs/install/ev_msgs/lib/libev_msgs__rosidl_typesupport_fastrtps_c.so
[7.853s] -- Set runtime path of "/home/kimsohee/ev-1-5/ev_ws/ev_msgs/install/ev_msgs/lib/libev_msgs__rosidl_typesupport_fastrtps_c.so" to ""
[7.853s] -- Up-to-date: /home/kimsohee/ev-1-5/ev_ws/ev_msgs/install/ev_msgs/include/ev_msgs/ev_msgs
[7.854s] -- Up-to-date: /home/kimsohee/ev-1-5/ev_ws/ev_msgs/install/ev_msgs/include/ev_msgs/ev_msgs/msg
[7.854s] -- Installing: /home/kimsohee/ev-1-5/ev_ws/ev_msgs/install/ev_msgs/include/ev_msgs/ev_msgs/msg/rosidl_typesupport_introspection_c__visibility_control.h
[7.855s] -- Up-to-date: /home/kimsohee/ev-1-5/ev_ws/ev_msgs/install/ev_msgs/include/ev_msgs/ev_msgs/msg/detail
[7.855s] -- Installing: /home/kimsohee/ev-1-5/ev_ws/ev_msgs/install/ev_msgs/include/ev_msgs/ev_msgs/msg/detail/lane_boundary_array__rosidl_typesupport_introspection_c.h
[7.855s] -- Installing: /home/kimsohee/ev-1-5/ev_ws/ev_msgs/install/ev_msgs/include/ev_msgs/ev_msgs/msg/detail/b_box__rosidl_typesupport_introspection_c.h
[7.855s] -- Installing: /home/kimsohee/ev-1-5/ev_ws/ev_msgs/install/ev_msgs/include/ev_msgs/ev_msgs/msg/detail/lane_boundary__rosidl_typesupport_introspection_c.h
[7.856s] -- Installing: /home/kimsohee/ev-1-5/ev_ws/ev_msgs/install/ev_msgs/include/ev_msgs/ev_msgs/msg/detail/b_box_array__rosidl_typesupport_introspection_c.h
[7.856s] -- Installing: /home/kimsohee/ev-1-5/ev_ws/ev_msgs/install/ev_msgs/include/ev_msgs/ev_msgs/msg/detail/lane_boundary__type_support.c
[7.856s] -- Installing: /home/kimsohee/ev-1-5/ev_ws/ev_msgs/install/ev_msgs/include/ev_msgs/ev_msgs/msg/detail/b_box_array__type_support.c
[7.856s] -- Installing: /home/kimsohee/ev-1-5/ev_ws/ev_msgs/install/ev_msgs/include/ev_msgs/ev_msgs/msg/detail/lane_boundary_array__type_support.c
[7.856s] -- Installing: /home/kimsohee/ev-1-5/ev_ws/ev_msgs/install/ev_msgs/include/ev_msgs/ev_msgs/msg/detail/b_box__type_support.c
[7.856s] -- Installing: /home/kimsohee/ev-1-5/ev_ws/ev_msgs/install/ev_msgs/lib/libev_msgs__rosidl_typesupport_introspection_c.so
[7.856s] -- Set runtime path of "/home/kimsohee/ev-1-5/ev_ws/ev_msgs/install/ev_msgs/lib/libev_msgs__rosidl_typesupport_introspection_c.so" to ""
[7.856s] -- Installing: /home/kimsohee/ev-1-5/ev_ws/ev_msgs/install/ev_msgs/lib/libev_msgs__rosidl_typesupport_c.so
[7.856s] -- Set runtime path of "/home/kimsohee/ev-1-5/ev_ws/ev_msgs/install/ev_msgs/lib/libev_msgs__rosidl_typesupport_c.so" to ""
[7.856s] -- Up-to-date: /home/kimsohee/ev-1-5/ev_ws/ev_msgs/install/ev_msgs/include/ev_msgs/ev_msgs
[7.856s] -- Up-to-date: /home/kimsohee/ev-1-5/ev_ws/ev_msgs/install/ev_msgs/include/ev_msgs/ev_msgs/msg
[7.856s] -- Installing: /home/kimsohee/ev-1-5/ev_ws/ev_msgs/install/ev_msgs/include/ev_msgs/ev_msgs/msg/lane_boundary_array.hpp
[7.856s] -- Installing: /home/kimsohee/ev-1-5/ev_ws/ev_msgs/install/ev_msgs/include/ev_msgs/ev_msgs/msg/b_box_array.hpp
[7.857s] -- Up-to-date: /home/kimsohee/ev-1-5/ev_ws/ev_msgs/install/ev_msgs/include/ev_msgs/ev_msgs/msg/detail
[7.857s] -- Installing: /home/kimsohee/ev-1-5/ev_ws/ev_msgs/install/ev_msgs/include/ev_msgs/ev_msgs/msg/detail/b_box__struct.hpp
[7.857s] -- Installing: /home/kimsohee/ev-1-5/ev_ws/ev_msgs/install/ev_msgs/include/ev_msgs/ev_msgs/msg/detail/b_box_array__traits.hpp
[7.857s] -- Installing: /home/kimsohee/ev-1-5/ev_ws/ev_msgs/install/ev_msgs/include/ev_msgs/ev_msgs/msg/detail/lane_boundary_array__struct.hpp
[7.857s] -- Installing: /home/kimsohee/ev-1-5/ev_ws/ev_msgs/install/ev_msgs/include/ev_msgs/ev_msgs/msg/detail/lane_boundary__builder.hpp
[7.857s] -- Installing: /home/kimsohee/ev-1-5/ev_ws/ev_msgs/install/ev_msgs/include/ev_msgs/ev_msgs/msg/detail/b_box_array__builder.hpp
[7.857s] -- Installing: /home/kimsohee/ev-1-5/ev_ws/ev_msgs/install/ev_msgs/include/ev_msgs/ev_msgs/msg/detail/b_box_array__struct.hpp
[7.857s] -- Installing: /home/kimsohee/ev-1-5/ev_ws/ev_msgs/install/ev_msgs/include/ev_msgs/ev_msgs/msg/detail/lane_boundary__traits.hpp
[7.857s] -- Installing: /home/kimsohee/ev-1-5/ev_ws/ev_msgs/install/ev_msgs/include/ev_msgs/ev_msgs/msg/detail/lane_boundary_array__traits.hpp
[7.857s] -- Installing: /home/kimsohee/ev-1-5/ev_ws/ev_msgs/install/ev_msgs/include/ev_msgs/ev_msgs/msg/detail/lane_boundary_array__type_support.hpp
[7.857s] -- Installing: /home/kimsohee/ev-1-5/ev_ws/ev_msgs/install/ev_msgs/include/ev_msgs/ev_msgs/msg/detail/b_box__type_support.hpp
[7.857s] -- Installing: /home/kimsohee/ev-1-5/ev_ws/ev_msgs/install/ev_msgs/include/ev_msgs/ev_msgs/msg/detail/lane_boundary_array__builder.hpp
[7.857s] -- Installing: /home/kimsohee/ev-1-5/ev_ws/ev_msgs/install/ev_msgs/include/ev_msgs/ev_msgs/msg/detail/b_box__traits.hpp
[7.857s] -- Installing: /home/kimsohee/ev-1-5/ev_ws/ev_msgs/install/ev_msgs/include/ev_msgs/ev_msgs/msg/detail/b_box__builder.hpp
[7.857s] -- Installing: /home/kimsohee/ev-1-5/ev_ws/ev_msgs/install/ev_msgs/include/ev_msgs/ev_msgs/msg/detail/lane_boundary__struct.hpp
[7.857s] -- Installing: /home/kimsohee/ev-1-5/ev_ws/ev_msgs/install/ev_msgs/include/ev_msgs/ev_msgs/msg/detail/b_box_array__type_support.hpp
[7.857s] -- Installing: /home/kimsohee/ev-1-5/ev_ws/ev_msgs/install/ev_msgs/include/ev_msgs/ev_msgs/msg/detail/lane_boundary__type_support.hpp
[7.857s] -- Installing: /home/kimsohee/ev-1-5/ev_ws/ev_msgs/install/ev_msgs/include/ev_msgs/ev_msgs/msg/b_box.hpp
[7.857s] -- Installing: /home/kimsohee/ev-1-5/ev_ws/ev_msgs/install/ev_msgs/include/ev_msgs/ev_msgs/msg/lane_boundary.hpp
[7.857s] -- Installing: /home/kimsohee/ev-1-5/ev_ws/ev_msgs/install/ev_msgs/include/ev_msgs/ev_msgs/msg/rosidl_generator_cpp__visibility_control.hpp
[7.858s] -- Up-to-date: /home/kimsohee/ev-1-5/ev_ws/ev_msgs/install/ev_msgs/include/ev_msgs/ev_msgs
[7.858s] -- Up-to-date: /home/kimsohee/ev-1-5/ev_ws/ev_msgs/install/ev_msgs/include/ev_msgs/ev_msgs/msg
[7.858s] -- Up-to-date: /home/kimsohee/ev-1-5/ev_ws/ev_msgs/install/ev_msgs/include/ev_msgs/ev_msgs/msg/detail
[7.859s] -- Installing: /home/kimsohee/ev-1-5/ev_ws/ev_msgs/install/ev_msgs/include/ev_msgs/ev_msgs/msg/detail/lane_boundary_array__rosidl_typesupport_fastrtps_cpp.hpp
[7.859s] -- Installing: /home/kimsohee/ev-1-5/ev_ws/ev_msgs/install/ev_msgs/include/ev_msgs/ev_msgs/msg/detail/b_box__rosidl_typesupport_fastrtps_cpp.hpp
[7.859s] -- Installing: /home/kimsohee/ev-1-5/ev_ws/ev_msgs/install/ev_msgs/include/ev_msgs/ev_msgs/msg/detail/dds_fastrtps
[7.859s] -- Installing: /home/kimsohee/ev-1-5/ev_ws/ev_msgs/install/ev_msgs/include/ev_msgs/ev_msgs/msg/detail/b_box_array__rosidl_typesupport_fastrtps_cpp.hpp
[7.859s] -- Installing: /home/kimsohee/ev-1-5/ev_ws/ev_msgs/install/ev_msgs/include/ev_msgs/ev_msgs/msg/detail/lane_boundary__rosidl_typesupport_fastrtps_cpp.hpp
[7.859s] -- Installing: /home/kimsohee/ev-1-5/ev_ws/ev_msgs/install/ev_msgs/include/ev_msgs/ev_msgs/msg/rosidl_typesupport_fastrtps_cpp__visibility_control.h
[7.859s] -- Installing: /home/kimsohee/ev-1-5/ev_ws/ev_msgs/install/ev_msgs/lib/libev_msgs__rosidl_typesupport_fastrtps_cpp.so
[7.859s] -- Set runtime path of "/home/kimsohee/ev-1-5/ev_ws/ev_msgs/install/ev_msgs/lib/libev_msgs__rosidl_typesupport_fastrtps_cpp.so" to ""
[7.859s] -- Up-to-date: /home/kimsohee/ev-1-5/ev_ws/ev_msgs/install/ev_msgs/include/ev_msgs/ev_msgs
[7.859s] -- Up-to-date: /home/kimsohee/ev-1-5/ev_ws/ev_msgs/install/ev_msgs/include/ev_msgs/ev_msgs/msg
[7.859s] -- Up-to-date: /home/kimsohee/ev-1-5/ev_ws/ev_msgs/install/ev_msgs/include/ev_msgs/ev_msgs/msg/detail
[7.859s] -- Installing: /home/kimsohee/ev-1-5/ev_ws/ev_msgs/install/ev_msgs/include/ev_msgs/ev_msgs/msg/detail/lane_boundary_array__type_support.cpp
[7.859s] -- Installing: /home/kimsohee/ev-1-5/ev_ws/ev_msgs/install/ev_msgs/include/ev_msgs/ev_msgs/msg/detail/lane_boundary__type_support.cpp
[7.859s] -- Installing: /home/kimsohee/ev-1-5/ev_ws/ev_msgs/install/ev_msgs/include/ev_msgs/ev_msgs/msg/detail/lane_boundary__rosidl_typesupport_introspection_cpp.hpp
[7.859s] -- Installing: /home/kimsohee/ev-1-5/ev_ws/ev_msgs/install/ev_msgs/include/ev_msgs/ev_msgs/msg/detail/b_box__rosidl_typesupport_introspection_cpp.hpp
[7.859s] -- Installing: /home/kimsohee/ev-1-5/ev_ws/ev_msgs/install/ev_msgs/include/ev_msgs/ev_msgs/msg/detail/b_box_array__rosidl_typesupport_introspection_cpp.hpp
[7.859s] -- Installing: /home/kimsohee/ev-1-5/ev_ws/ev_msgs/install/ev_msgs/include/ev_msgs/ev_msgs/msg/detail/lane_boundary_array__rosidl_typesupport_introspection_cpp.hpp
[7.859s] -- Installing: /home/kimsohee/ev-1-5/ev_ws/ev_msgs/install/ev_msgs/include/ev_msgs/ev_msgs/msg/detail/b_box_array__type_support.cpp
[7.859s] -- Installing: /home/kimsohee/ev-1-5/ev_ws/ev_msgs/install/ev_msgs/include/ev_msgs/ev_msgs/msg/detail/b_box__type_support.cpp
[7.861s] -- Installing: /home/kimsohee/ev-1-5/ev_ws/ev_msgs/install/ev_msgs/lib/libev_msgs__rosidl_typesupport_introspection_cpp.so
[7.861s] -- Set runtime path of "/home/kimsohee/ev-1-5/ev_ws/ev_msgs/install/ev_msgs/lib/libev_msgs__rosidl_typesupport_introspection_cpp.so" to ""
[7.861s] -- Installing: /home/kimsohee/ev-1-5/ev_ws/ev_msgs/install/ev_msgs/lib/libev_msgs__rosidl_typesupport_cpp.so
[7.861s] -- Set runtime path of "/home/kimsohee/ev-1-5/ev_ws/ev_msgs/install/ev_msgs/lib/libev_msgs__rosidl_typesupport_cpp.so" to ""
[7.861s] -- Installing: /home/kimsohee/ev-1-5/ev_ws/ev_msgs/install/ev_msgs/share/ev_msgs/environment/pythonpath.sh
[7.861s] -- Installing: /home/kimsohee/ev-1-5/ev_ws/ev_msgs/install/ev_msgs/share/ev_msgs/environment/pythonpath.dsv
[7.861s] -- Installing: /home/kimsohee/ev-1-5/ev_ws/ev_msgs/install/ev_msgs/local/lib/python3.10/dist-packages/ev_msgs-0.1.0-py3.10.egg-info
[7.861s] -- Installing: /home/kimsohee/ev-1-5/ev_ws/ev_msgs/install/ev_msgs/local/lib/python3.10/dist-packages/ev_msgs-0.1.0-py3.10.egg-info/SOURCES.txt
[7.862s] -- Installing: /home/kimsohee/ev-1-5/ev_ws/ev_msgs/install/ev_msgs/local/lib/python3.10/dist-packages/ev_msgs-0.1.0-py3.10.egg-info/dependency_links.txt
[7.862s] -- Installing: /home/kimsohee/ev-1-5/ev_ws/ev_msgs/install/ev_msgs/local/lib/python3.10/dist-packages/ev_msgs-0.1.0-py3.10.egg-info/PKG-INFO
[7.862s] -- Installing: /home/kimsohee/ev-1-5/ev_ws/ev_msgs/install/ev_msgs/local/lib/python3.10/dist-packages/ev_msgs-0.1.0-py3.10.egg-info/top_level.txt
[7.862s] -- Installing: /home/kimsohee/ev-1-5/ev_ws/ev_msgs/install/ev_msgs/local/lib/python3.10/dist-packages/ev_msgs
[7.862s] -- Installing: /home/kimsohee/ev-1-5/ev_ws/ev_msgs/install/ev_msgs/local/lib/python3.10/dist-packages/ev_msgs/_ev_msgs_s.ep.rosidl_typesupport_c.c
[7.862s] -- Installing: /home/kimsohee/ev-1-5/ev_ws/ev_msgs/install/ev_msgs/local/lib/python3.10/dist-packages/ev_msgs/ev_msgs_s__rosidl_typesupport_c.cpython-310-x86_64-linux-gnu.so
[7.862s] -- Installing: /home/kimsohee/ev-1-5/ev_ws/ev_msgs/install/ev_msgs/local/lib/python3.10/dist-packages/ev_msgs/ev_msgs_s__rosidl_typesupport_introspection_c.cpython-310-x86_64-linux-gnu.so
[7.862s] -- Installing: /home/kimsohee/ev-1-5/ev_ws/ev_msgs/install/ev_msgs/local/lib/python3.10/dist-packages/ev_msgs/_ev_msgs_s.ep.rosidl_typesupport_fastrtps_c.c
[7.862s] -- Installing: /home/kimsohee/ev-1-5/ev_ws/ev_msgs/install/ev_msgs/local/lib/python3.10/dist-packages/ev_msgs/msg
[7.862s] -- Installing: /home/kimsohee/ev-1-5/ev_ws/ev_msgs/install/ev_msgs/local/lib/python3.10/dist-packages/ev_msgs/msg/_b_box_array.py
[7.862s] -- Installing: /home/kimsohee/ev-1-5/ev_ws/ev_msgs/install/ev_msgs/local/lib/python3.10/dist-packages/ev_msgs/msg/_b_box_array_s.c
[7.862s] -- Installing: /home/kimsohee/ev-1-5/ev_ws/ev_msgs/install/ev_msgs/local/lib/python3.10/dist-packages/ev_msgs/msg/_b_box_s.c
[7.862s] -- Installing: /home/kimsohee/ev-1-5/ev_ws/ev_msgs/install/ev_msgs/local/lib/python3.10/dist-packages/ev_msgs/msg/_lane_boundary.py
[7.862s] -- Installing: /home/kimsohee/ev-1-5/ev_ws/ev_msgs/install/ev_msgs/local/lib/python3.10/dist-packages/ev_msgs/msg/_lane_boundary_array.py
[7.862s] -- Installing: /home/kimsohee/ev-1-5/ev_ws/ev_msgs/install/ev_msgs/local/lib/python3.10/dist-packages/ev_msgs/msg/__init__.py
[7.862s] -- Installing: /home/kimsohee/ev-1-5/ev_ws/ev_msgs/install/ev_msgs/local/lib/python3.10/dist-packages/ev_msgs/msg/_lane_boundary_s.c
[7.863s] -- Installing: /home/kimsohee/ev-1-5/ev_ws/ev_msgs/install/ev_msgs/local/lib/python3.10/dist-packages/ev_msgs/msg/_lane_boundary_array_s.c
[7.863s] -- Installing: /home/kimsohee/ev-1-5/ev_ws/ev_msgs/install/ev_msgs/local/lib/python3.10/dist-packages/ev_msgs/msg/_b_box.py
[7.863s] -- Installing: /home/kimsohee/ev-1-5/ev_ws/ev_msgs/install/ev_msgs/local/lib/python3.10/dist-packages/ev_msgs/_ev_msgs_s.ep.rosidl_typesupport_introspection_c.c
[7.863s] -- Installing: /home/kimsohee/ev-1-5/ev_ws/ev_msgs/install/ev_msgs/local/lib/python3.10/dist-packages/ev_msgs/libev_msgs__rosidl_generator_py.so
[7.863s] -- Installing: /home/kimsohee/ev-1-5/ev_ws/ev_msgs/install/ev_msgs/local/lib/python3.10/dist-packages/ev_msgs/__init__.py
[7.863s] -- Installing: /home/kimsohee/ev-1-5/ev_ws/ev_msgs/install/ev_msgs/local/lib/python3.10/dist-packages/ev_msgs/ev_msgs_s__rosidl_typesupport_fastrtps_c.cpython-310-x86_64-linux-gnu.so
[7.916s] Listing '/home/kimsohee/ev-1-5/ev_ws/ev_msgs/install/ev_msgs/local/lib/python3.10/dist-packages/ev_msgs'...
[7.916s] Compiling '/home/kimsohee/ev-1-5/ev_ws/ev_msgs/install/ev_msgs/local/lib/python3.10/dist-packages/ev_msgs/__init__.py'...
[7.916s] Listing '/home/kimsohee/ev-1-5/ev_ws/ev_msgs/install/ev_msgs/local/lib/python3.10/dist-packages/ev_msgs/msg'...
[7.916s] Compiling '/home/kimsohee/ev-1-5/ev_ws/ev_msgs/install/ev_msgs/local/lib/python3.10/dist-packages/ev_msgs/msg/__init__.py'...
[7.916s] Compiling '/home/kimsohee/ev-1-5/ev_ws/ev_msgs/install/ev_msgs/local/lib/python3.10/dist-packages/ev_msgs/msg/_b_box.py'...
[7.916s] Compiling '/home/kimsohee/ev-1-5/ev_ws/ev_msgs/install/ev_msgs/local/lib/python3.10/dist-packages/ev_msgs/msg/_b_box_array.py'...
[7.917s] Compiling '/home/kimsohee/ev-1-5/ev_ws/ev_msgs/install/ev_msgs/local/lib/python3.10/dist-packages/ev_msgs/msg/_lane_boundary.py'...
[7.917s] Compiling '/home/kimsohee/ev-1-5/ev_ws/ev_msgs/install/ev_msgs/local/lib/python3.10/dist-packages/ev_msgs/msg/_lane_boundary_array.py'...
[7.922s] -- Installing: /home/kimsohee/ev-1-5/ev_ws/ev_msgs/install/ev_msgs/local/lib/python3.10/dist-packages/ev_msgs/ev_msgs_s__rosidl_typesupport_fastrtps_c.cpython-310-x86_64-linux-gnu.so
[7.923s] -- Set runtime path of "/home/kimsohee/ev-1-5/ev_ws/ev_msgs/install/ev_msgs/local/lib/python3.10/dist-packages/ev_msgs/ev_msgs_s__rosidl_typesupport_fastrtps_c.cpython-310-x86_64-linux-gnu.so" to ""
[7.923s] -- Installing: /home/kimsohee/ev-1-5/ev_ws/ev_msgs/install/ev_msgs/local/lib/python3.10/dist-packages/ev_msgs/ev_msgs_s__rosidl_typesupport_introspection_c.cpython-310-x86_64-linux-gnu.so
[7.924s] -- Set runtime path of "/home/kimsohee/ev-1-5/ev_ws/ev_msgs/install/ev_msgs/local/lib/python3.10/dist-packages/ev_msgs/ev_msgs_s__rosidl_typesupport_introspection_c.cpython-310-x86_64-linux-gnu.so" to ""
[7.924s] -- Installing: /home/kimsohee/ev-1-5/ev_ws/ev_msgs/install/ev_msgs/local/lib/python3.10/dist-packages/ev_msgs/ev_msgs_s__rosidl_typesupport_c.cpython-310-x86_64-linux-gnu.so
[7.924s] -- Set runtime path of "/home/kimsohee/ev-1-5/ev_ws/ev_msgs/install/ev_msgs/local/lib/python3.10/dist-packages/ev_msgs/ev_msgs_s__rosidl_typesupport_c.cpython-310-x86_64-linux-gnu.so" to ""
[7.925s] -- Installing: /home/kimsohee/ev-1-5/ev_ws/ev_msgs/install/ev_msgs/lib/libev_msgs__rosidl_generator_py.so
[7.925s] -- Set runtime path of "/home/kimsohee/ev-1-5/ev_ws/ev_msgs/install/ev_msgs/lib/libev_msgs__rosidl_generator_py.so" to ""
[7.925s] -- Installing: /home/kimsohee/ev-1-5/ev_ws/ev_msgs/install/ev_msgs/share/ev_msgs/msg/BBox.idl
[7.926s] -- Installing: /home/kimsohee/ev-1-5/ev_ws/ev_msgs/install/ev_msgs/share/ev_msgs/msg/BBoxArray.idl
[7.926s] -- Installing: /home/kimsohee/ev-1-5/ev_ws/ev_msgs/install/ev_msgs/share/ev_msgs/msg/LaneBoundary.idl
[7.926s] -- Installing: /home/kimsohee/ev-1-5/ev_ws/ev_msgs/install/ev_msgs/share/ev_msgs/msg/LaneBoundaryArray.idl
[7.926s] -- Installing: /home/kimsohee/ev-1-5/ev_ws/ev_msgs/install/ev_msgs/share/ev_msgs/msg/BBox.msg
[7.927s] -- Installing: /home/kimsohee/ev-1-5/ev_ws/ev_msgs/install/ev_msgs/share/ev_msgs/msg/BBoxArray.msg
[7.927s] -- Installing: /home/kimsohee/ev-1-5/ev_ws/ev_msgs/install/ev_msgs/share/ev_msgs/msg/LaneBoundary.msg
[7.927s] -- Installing: /home/kimsohee/ev-1-5/ev_ws/ev_msgs/install/ev_msgs/share/ev_msgs/msg/LaneBoundaryArray.msg
[7.927s] -- Installing: /home/kimsohee/ev-1-5/ev_ws/ev_msgs/install/ev_msgs/share/ament_index/resource_index/package_run_dependencies/ev_msgs
[7.928s] -- Installing: /home/kimsohee/ev-1-5/ev_ws/ev_msgs/install/ev_msgs/share/ament_index/resource_index/parent_prefix_path/ev_msgs
[7.928s] -- Installing: /home/kimsohee/ev-1-5/ev_ws/ev_msgs/install/ev_msgs/share/ev_msgs/environment/ament_prefix_path.sh
[7.931s] -- Installing: /home/kimsohee/ev-1-5/ev_ws/ev_msgs/install/ev_msgs/share/ev_msgs/environment/ament_prefix_path.dsv
[7.931s] -- Installing: /home/kimsohee/ev-1-5/ev_ws/ev_msgs/install/ev_msgs/share/ev_msgs/environment/path.sh
[7.931s] -- Installing: /home/kimsohee/ev-1-5/ev_ws/ev_msgs/install/ev_msgs/share/ev_msgs/environment/path.dsv
[7.931s] -- Installing: /home/kimsohee/ev-1-5/ev_ws/ev_msgs/install/ev_msgs/share/ev_msgs/local_setup.bash
[7.931s] -- Installing: /home/kimsohee/ev-1-5/ev_ws/ev_msgs/install/ev_msgs/share/ev_msgs/local_setup.sh
[7.931s] -- Installing: /home/kimsohee/ev-1-5/ev_ws/ev_msgs/install/ev_msgs/share/ev_msgs/local_setup.zsh
[7.931s] -- Installing: /home/kimsohee/ev-1-5/ev_ws/ev_msgs/install/ev_msgs/share/ev_msgs/local_setup.dsv
[7.931s] -- Installing: /home/kimsohee/ev-1-5/ev_ws/ev_msgs/install/ev_msgs/share/ev_msgs/package.dsv
[7.931s] -- Installing: /home/kimsohee/ev-1-5/ev_ws/ev_msgs/install/ev_msgs/share/ament_index/resource_index/packages/ev_msgs
[7.931s] -- Installing: /home/kimsohee/ev-1-5/ev_ws/ev_msgs/install/ev_msgs/share/ev_msgs/cmake/export_ev_msgs__rosidl_generator_cExport.cmake
[7.931s] -- Installing: /home/kimsohee/ev-1-5/ev_ws/ev_msgs/install/ev_msgs/share/ev_msgs/cmake/export_ev_msgs__rosidl_generator_cExport-noconfig.cmake
[7.931s] -- Installing: /home/kimsohee/ev-1-5/ev_ws/ev_msgs/install/ev_msgs/share/ev_msgs/cmake/export_ev_msgs__rosidl_typesupport_fastrtps_cExport.cmake
[7.931s] -- Installing: /home/kimsohee/ev-1-5/ev_ws/ev_msgs/install/ev_msgs/share/ev_msgs/cmake/export_ev_msgs__rosidl_typesupport_fastrtps_cExport-noconfig.cmake
[7.932s] -- Installing: /home/kimsohee/ev-1-5/ev_ws/ev_msgs/install/ev_msgs/share/ev_msgs/cmake/ev_msgs__rosidl_typesupport_introspection_cExport.cmake
[7.932s] -- Installing: /home/kimsohee/ev-1-5/ev_ws/ev_msgs/install/ev_msgs/share/ev_msgs/cmake/ev_msgs__rosidl_typesupport_introspection_cExport-noconfig.cmake
[7.932s] -- Installing: /home/kimsohee/ev-1-5/ev_ws/ev_msgs/install/ev_msgs/share/ev_msgs/cmake/ev_msgs__rosidl_typesupport_cExport.cmake
[7.932s] -- Installing: /home/kimsohee/ev-1-5/ev_ws/ev_msgs/install/ev_msgs/share/ev_msgs/cmake/ev_msgs__rosidl_typesupport_cExport-noconfig.cmake
[7.932s] -- Installing: /home/kimsohee/ev-1-5/ev_ws/ev_msgs/install/ev_msgs/share/ev_msgs/cmake/export_ev_msgs__rosidl_generator_cppExport.cmake
[7.932s] -- Installing: /home/kimsohee/ev-1-5/ev_ws/ev_msgs/install/ev_msgs/share/ev_msgs/cmake/export_ev_msgs__rosidl_typesupport_fastrtps_cppExport.cmake
[7.932s] -- Installing: /home/kimsohee/ev-1-5/ev_ws/ev_msgs/install/ev_msgs/share/ev_msgs/cmake/export_ev_msgs__rosidl_typesupport_fastrtps_cppExport-noconfig.cmake
[7.932s] -- Installing: /home/kimsohee/ev-1-5/ev_ws/ev_msgs/install/ev_msgs/share/ev_msgs/cmake/ev_msgs__rosidl_typesupport_introspection_cppExport.cmake
[7.932s] -- Installing: /home/kimsohee/ev-1-5/ev_ws/ev_msgs/install/ev_msgs/share/ev_msgs/cmake/ev_msgs__rosidl_typesupport_introspection_cppExport-noconfig.cmake
[7.932s] -- Installing: /home/kimsohee/ev-1-5/ev_ws/ev_msgs/install/ev_msgs/share/ev_msgs/cmake/ev_msgs__rosidl_typesupport_cppExport.cmake
[7.932s] -- Installing: /home/kimsohee/ev-1-5/ev_ws/ev_msgs/install/ev_msgs/share/ev_msgs/cmake/ev_msgs__rosidl_typesupport_cppExport-noconfig.cmake
[7.932s] -- Installing: /home/kimsohee/ev-1-5/ev_ws/ev_msgs/install/ev_msgs/share/ev_msgs/cmake/export_ev_msgs__rosidl_generator_pyExport.cmake
[7.933s] -- Installing: /home/kimsohee/ev-1-5/ev_ws/ev_msgs/install/ev_msgs/share/ev_msgs/cmake/export_ev_msgs__rosidl_generator_pyExport-noconfig.cmake
[7.933s] -- Installing: /home/kimsohee/ev-1-5/ev_ws/ev_msgs/install/ev_msgs/share/ev_msgs/cmake/rosidl_cmake-extras.cmake
[7.933s] -- Installing: /home/kimsohee/ev-1-5/ev_ws/ev_msgs/install/ev_msgs/share/ev_msgs/cmake/ament_cmake_export_dependencies-extras.cmake
[7.934s] -- Installing: /home/kimsohee/ev-1-5/ev_ws/ev_msgs/install/ev_msgs/share/ev_msgs/cmake/ament_cmake_export_include_directories-extras.cmake
[7.934s] -- Installing: /home/kimsohee/ev-1-5/ev_ws/ev_msgs/install/ev_msgs/share/ev_msgs/cmake/ament_cmake_export_libraries-extras.cmake
[7.934s] -- Installing: /home/kimsohee/ev-1-5/ev_ws/ev_msgs/install/ev_msgs/share/ev_msgs/cmake/ament_cmake_export_targets-extras.cmake
[7.934s] -- Installing: /home/kimsohee/ev-1-5/ev_ws/ev_msgs/install/ev_msgs/share/ev_msgs/cmake/rosidl_cmake_export_typesupport_targets-extras.cmake
[7.934s] -- Installing: /home/kimsohee/ev-1-5/ev_ws/ev_msgs/install/ev_msgs/share/ev_msgs/cmake/rosidl_cmake_export_typesupport_libraries-extras.cmake
[7.935s] -- Installing: /home/kimsohee/ev-1-5/ev_ws/ev_msgs/install/ev_msgs/share/ev_msgs/cmake/ev_msgsConfig.cmake
[7.935s] -- Installing: /home/kimsohee/ev-1-5/ev_ws/ev_msgs/install/ev_msgs/share/ev_msgs/cmake/ev_msgsConfig-version.cmake
[7.935s] -- Installing: /home/kimsohee/ev-1-5/ev_ws/ev_msgs/install/ev_msgs/share/ev_msgs/package.xml
[7.939s] Invoked command in '/home/kimsohee/ev-1-5/ev_ws/ev_msgs/build/ev_msgs' returned '0': CMAKE_PREFIX_PATH=${CMAKE_PREFIX_PATH}:/opt/ros/humble /usr/bin/cmake --install /home/kimsohee/ev-1-5/ev_ws/ev_msgs/build/ev_msgs
