[0.016s] Invoking command in '/home/kimsohee/ev-1-5/ev-Autonomous-Vehicle-1-5/build/t870_cmake': CMAKE_PREFIX_PATH=${CMAKE_PREFIX_PATH}:/opt/ros/humble /usr/bin/cmake /home/kimsohee/ev-1-5/ev-Autonomous-Vehicle-1-5/t870_ros/src/t870_cmake -DAMENT_CMAKE_SYMLINK_INSTALL=1 -DCMAKE_INSTALL_PREFIX=/home/kimsohee/ev-1-5/ev-Autonomous-Vehicle-1-5/install/t870_cmake
[0.031s] -- Found ament_cmake_auto: 1.3.12 (/opt/ros/humble/share/ament_cmake_auto/cmake)
[0.129s] -- Found Python3: /usr/bin/python3 (found version "3.10.12") found components: Interpreter 
[0.168s] -- Override CMake install command with custom implementation using symlinks instead of copying resources
[0.239s] -- Configuring done
[0.241s] -- Generating done
[0.242s] -- Build files have been written to: /home/kimsohee/ev-1-5/ev-Autonomous-Vehicle-1-5/build/t870_cmake
[0.244s] Invoked command in '/home/kimsohee/ev-1-5/ev-Autonomous-Vehicle-1-5/build/t870_cmake' returned '0': CMAKE_PREFIX_PATH=${CMAKE_PREFIX_PATH}:/opt/ros/humble /usr/bin/cmake /home/kimsohee/ev-1-5/ev-Autonomous-Vehicle-1-5/t870_ros/src/t870_cmake -DAMENT_CMAKE_SYMLINK_INSTALL=1 -DCMAKE_INSTALL_PREFIX=/home/kimsohee/ev-1-5/ev-Autonomous-Vehicle-1-5/install/t870_cmake
[0.244s] Invoking command in '/home/kimsohee/ev-1-5/ev-Autonomous-Vehicle-1-5/build/t870_cmake': CMAKE_PREFIX_PATH=${CMAKE_PREFIX_PATH}:/opt/ros/humble /usr/bin/cmake --build /home/kimsohee/ev-1-5/ev-Autonomous-Vehicle-1-5/build/t870_cmake -- -j10 -l10
[0.727s] Invoked command in '/home/kimsohee/ev-1-5/ev-Autonomous-Vehicle-1-5/build/t870_cmake' returned '0': CMAKE_PREFIX_PATH=${CMAKE_PREFIX_PATH}:/opt/ros/humble /usr/bin/cmake --build /home/kimsohee/ev-1-5/ev-Autonomous-Vehicle-1-5/build/t870_cmake -- -j10 -l10
[0.732s] Invoking command in '/home/kimsohee/ev-1-5/ev-Autonomous-Vehicle-1-5/build/t870_cmake': CMAKE_PREFIX_PATH=${CMAKE_PREFIX_PATH}:/opt/ros/humble /usr/bin/cmake --install /home/kimsohee/ev-1-5/ev-Autonomous-Vehicle-1-5/build/t870_cmake
[0.777s] -- Install configuration: ""
[0.777s] -- Execute custom install script
[0.777s] -- Symlinking: /home/kimsohee/ev-1-5/ev-Autonomous-Vehicle-1-5/install/t870_cmake/share/t870_cmake/cmake/t870_cmake_config_extras.cmake
[0.778s] -- Symlinking: /home/kimsohee/ev-1-5/ev-Autonomous-Vehicle-1-5/install/t870_cmake/share/ament_index/resource_index/package_run_dependencies/t870_cmake
[0.778s] -- Symlinking: /home/kimsohee/ev-1-5/ev-Autonomous-Vehicle-1-5/install/t870_cmake/share/ament_index/resource_index/parent_prefix_path/t870_cmake
[0.778s] -- Symlinking: /home/kimsohee/ev-1-5/ev-Autonomous-Vehicle-1-5/install/t870_cmake/share/t870_cmake/environment/ament_prefix_path.sh
[0.778s] -- Symlinking: /home/kimsohee/ev-1-5/ev-Autonomous-Vehicle-1-5/install/t870_cmake/share/t870_cmake/environment/ament_prefix_path.dsv
[0.778s] -- Symlinking: /home/kimsohee/ev-1-5/ev-Autonomous-Vehicle-1-5/install/t870_cmake/share/t870_cmake/environment/path.sh
[0.778s] -- Symlinking: /home/kimsohee/ev-1-5/ev-Autonomous-Vehicle-1-5/install/t870_cmake/share/t870_cmake/environment/path.dsv
[0.778s] -- Symlinking: /home/kimsohee/ev-1-5/ev-Autonomous-Vehicle-1-5/install/t870_cmake/share/t870_cmake/local_setup.bash
[0.778s] -- Symlinking: /home/kimsohee/ev-1-5/ev-Autonomous-Vehicle-1-5/install/t870_cmake/share/t870_cmake/local_setup.sh
[0.780s] -- Symlinking: /home/kimsohee/ev-1-5/ev-Autonomous-Vehicle-1-5/install/t870_cmake/share/t870_cmake/local_setup.zsh
[0.784s] -- Symlinking: /home/kimsohee/ev-1-5/ev-Autonomous-Vehicle-1-5/install/t870_cmake/share/t870_cmake/local_setup.dsv
[0.788s] -- Symlinking: /home/kimsohee/ev-1-5/ev-Autonomous-Vehicle-1-5/install/t870_cmake/share/t870_cmake/package.dsv
[0.792s] -- Symlinking: /home/kimsohee/ev-1-5/ev-Autonomous-Vehicle-1-5/install/t870_cmake/share/ament_index/resource_index/packages/t870_cmake
[0.797s] -- Up-to-date symlink: /home/kimsohee/ev-1-5/ev-Autonomous-Vehicle-1-5/install/t870_cmake/share/t870_cmake/cmake/t870_cmake_config_extras.cmake
[0.798s] -- Symlinking: /home/kimsohee/ev-1-5/ev-Autonomous-Vehicle-1-5/install/t870_cmake/share/t870_cmake/cmake/t870_cmakeConfig.cmake
[0.812s] -- Symlinking: /home/kimsohee/ev-1-5/ev-Autonomous-Vehicle-1-5/install/t870_cmake/share/t870_cmake/cmake/t870_cmakeConfig-version.cmake
[0.821s] -- Symlinking: /home/kimsohee/ev-1-5/ev-Autonomous-Vehicle-1-5/install/t870_cmake/share/t870_cmake/package.xml
[0.829s] Invoked command in '/home/kimsohee/ev-1-5/ev-Autonomous-Vehicle-1-5/build/t870_cmake' returned '0': CMAKE_PREFIX_PATH=${CMAKE_PREFIX_PATH}:/opt/ros/humble /usr/bin/cmake --install /home/kimsohee/ev-1-5/ev-Autonomous-Vehicle-1-5/build/t870_cmake
