[0.008s] Invoking command in '/home/aiv/ev_ws/planning/build/track_bringup': CMAKE_PREFIX_PATH=${CMAKE_PREFIX_PATH}:/opt/ros/humble /usr/bin/cmake /home/aiv/ev_ws/planning/src/track_bringup -DCMAKE_INSTALL_PREFIX=/home/aiv/ev_ws/planning/install/track_bringup
[0.040s] -- The C compiler identification is GNU 11.4.0
[0.070s] -- The CXX compiler identification is GNU 11.4.0
[0.074s] -- Detecting C compiler ABI info
[0.120s] -- Detecting C compiler ABI info - done
[0.123s] -- Check for working C compiler: /usr/bin/cc - skipped
[0.123s] -- Detecting C compile features
[0.123s] -- Detecting C compile features - done
[0.124s] -- Detecting CXX compiler ABI info
[0.171s] -- Detecting CXX compiler ABI info - done
[0.175s] -- Check for working CXX compiler: /usr/bin/c++ - skipped
[0.175s] -- Detecting CXX compile features
[0.175s] -- Detecting CXX compile features - done
[0.177s] -- Found ament_cmake: 1.3.12 (/opt/ros/humble/share/ament_cmake/cmake)
[0.260s] -- Found Python3: /usr/bin/python3 (found version "3.10.12") found components: Interpreter 
[0.343s] -- Configuring done
[0.345s] -- Generating done
[0.345s] -- Build files have been written to: /home/aiv/ev_ws/planning/build/track_bringup
[0.347s] Invoked command in '/home/aiv/ev_ws/planning/build/track_bringup' returned '0': CMAKE_PREFIX_PATH=${CMAKE_PREFIX_PATH}:/opt/ros/humble /usr/bin/cmake /home/aiv/ev_ws/planning/src/track_bringup -DCMAKE_INSTALL_PREFIX=/home/aiv/ev_ws/planning/install/track_bringup
[0.349s] Invoking command in '/home/aiv/ev_ws/planning/build/track_bringup': CMAKE_PREFIX_PATH=${CMAKE_PREFIX_PATH}:/opt/ros/humble /usr/bin/cmake --build /home/aiv/ev_ws/planning/build/track_bringup -- -j28 -l28
[0.374s] Invoked command in '/home/aiv/ev_ws/planning/build/track_bringup' returned '0': CMAKE_PREFIX_PATH=${CMAKE_PREFIX_PATH}:/opt/ros/humble /usr/bin/cmake --build /home/aiv/ev_ws/planning/build/track_bringup -- -j28 -l28
[0.378s] Invoking command in '/home/aiv/ev_ws/planning/build/track_bringup': CMAKE_PREFIX_PATH=${CMAKE_PREFIX_PATH}:/opt/ros/humble /usr/bin/cmake --install /home/aiv/ev_ws/planning/build/track_bringup
[0.383s] -- Install configuration: ""
[0.383s] -- Installing: /home/aiv/ev_ws/planning/install/track_bringup/share/track_bringup/launch
[0.383s] -- Installing: /home/aiv/ev_ws/planning/install/track_bringup/share/track_bringup/launch/costmap_builder.launch.py
[0.383s] -- Installing: /home/aiv/ev_ws/planning/install/track_bringup/share/track_bringup/launch/debug_costmap_only.launch.py
[0.383s] -- Installing: /home/aiv/ev_ws/planning/install/track_bringup/share/track_bringup/config
[0.384s] -- Installing: /home/aiv/ev_ws/planning/install/track_bringup/share/track_bringup/config/costmap_builder_params.yaml
[0.384s] -- Installing: /home/aiv/ev_ws/planning/install/track_bringup/share/track_bringup/rviz
[0.384s] -- Installing: /home/aiv/ev_ws/planning/install/track_bringup/share/track_bringup/rviz/costmap_debug.rviz
[0.384s] -- Installing: /home/aiv/ev_ws/planning/install/track_bringup/share/ament_index/resource_index/package_run_dependencies/track_bringup
[0.384s] -- Installing: /home/aiv/ev_ws/planning/install/track_bringup/share/ament_index/resource_index/parent_prefix_path/track_bringup
[0.384s] -- Installing: /home/aiv/ev_ws/planning/install/track_bringup/share/track_bringup/environment/ament_prefix_path.sh
[0.384s] -- Installing: /home/aiv/ev_ws/planning/install/track_bringup/share/track_bringup/environment/ament_prefix_path.dsv
[0.384s] -- Installing: /home/aiv/ev_ws/planning/install/track_bringup/share/track_bringup/environment/path.sh
[0.384s] -- Installing: /home/aiv/ev_ws/planning/install/track_bringup/share/track_bringup/environment/path.dsv
[0.384s] -- Installing: /home/aiv/ev_ws/planning/install/track_bringup/share/track_bringup/local_setup.bash
[0.384s] -- Installing: /home/aiv/ev_ws/planning/install/track_bringup/share/track_bringup/local_setup.sh
[0.384s] -- Installing: /home/aiv/ev_ws/planning/install/track_bringup/share/track_bringup/local_setup.zsh
[0.384s] -- Installing: /home/aiv/ev_ws/planning/install/track_bringup/share/track_bringup/local_setup.dsv
[0.384s] -- Installing: /home/aiv/ev_ws/planning/install/track_bringup/share/track_bringup/package.dsv
[0.384s] -- Installing: /home/aiv/ev_ws/planning/install/track_bringup/share/ament_index/resource_index/packages/track_bringup
[0.384s] -- Installing: /home/aiv/ev_ws/planning/install/track_bringup/share/track_bringup/cmake/track_bringupConfig.cmake
[0.384s] -- Installing: /home/aiv/ev_ws/planning/install/track_bringup/share/track_bringup/cmake/track_bringupConfig-version.cmake
[0.384s] -- Installing: /home/aiv/ev_ws/planning/install/track_bringup/share/track_bringup/package.xml
[0.385s] Invoked command in '/home/aiv/ev_ws/planning/build/track_bringup' returned '0': CMAKE_PREFIX_PATH=${CMAKE_PREFIX_PATH}:/opt/ros/humble /usr/bin/cmake --install /home/aiv/ev_ws/planning/build/track_bringup
