[0.018s] Invoking command in '/home/kimsohee/ev-1-5/ev-Autonomous-Vehicle-1-5/build/gps_localization': CMAKE_PREFIX_PATH=${CMAKE_PREFIX_PATH}:/opt/ros/humble /usr/bin/cmake /home/kimsohee/ev-1-5/ev-Autonomous-Vehicle-1-5/localization/src/gps_localization -DAMENT_CMAKE_SYMLINK_INSTALL=1 -DCMAKE_INSTALL_PREFIX=/home/kimsohee/ev-1-5/ev-Autonomous-Vehicle-1-5/install/gps_localization
[0.215s] -- The C compiler identification is GNU 11.4.0
[0.215s] -- The CXX compiler identification is GNU 11.4.0
[0.215s] -- Detecting C compiler ABI info
[0.215s] -- Detecting C compiler ABI info - done
[0.216s] -- Check for working C compiler: /usr/bin/cc - skipped
[0.216s] -- Detecting C compile features
[0.216s] -- Detecting C compile features - done
[0.216s] -- Detecting CXX compiler ABI info
[0.265s] -- Detecting CXX compiler ABI info - done
[0.268s] -- Check for working CXX compiler: /usr/bin/c++ - skipped
[0.268s] -- Detecting CXX compile features
[0.269s] -- Detecting CXX compile features - done
[0.270s] -- Found ament_cmake: 1.3.12 (/opt/ros/humble/share/ament_cmake/cmake)
[0.344s] -- Found Python3: /usr/bin/python3 (found version "3.10.12") found components: Interpreter 
[0.376s] -- Override CMake install command with custom implementation using symlinks instead of copying resources
[0.387s] -- Found rclcpp: 16.0.17 (/opt/ros/humble/share/rclcpp/cmake)
[0.409s] -- Found rosidl_generator_c: 3.1.8 (/opt/ros/humble/share/rosidl_generator_c/cmake)
[0.411s] -- Found rosidl_adapter: 3.1.8 (/opt/ros/humble/share/rosidl_adapter/cmake)
[0.414s] -- Found rosidl_generator_cpp: 3.1.8 (/opt/ros/humble/share/rosidl_generator_cpp/cmake)
[0.420s] -- Using all available rosidl_typesupport_c: rosidl_typesupport_fastrtps_c;rosidl_typesupport_introspection_c
[0.427s] -- Using all available rosidl_typesupport_cpp: rosidl_typesupport_fastrtps_cpp;rosidl_typesupport_introspection_cpp
[0.446s] -- Found rmw_implementation_cmake: 6.1.2 (/opt/ros/humble/share/rmw_implementation_cmake/cmake)
[0.448s] -- Found rmw_fastrtps_cpp: 6.2.9 (/opt/ros/humble/share/rmw_fastrtps_cpp/cmake)
[0.502s] -- Found OpenSSL: /usr/lib/aarch64-linux-gnu/libcrypto.so (found version "3.0.2")  
[0.523s] -- Found FastRTPS: /opt/ros/humble/include  
[0.560s] -- Using RMW implementation 'rmw_fastrtps_cpp' as default
[0.564s] -- Looking for pthread.h
[0.607s] -- Looking for pthread.h - found
[0.607s] -- Performing Test CMAKE_HAVE_LIBC_PTHREAD
[0.645s] -- Performing Test CMAKE_HAVE_LIBC_PTHREAD - Success
[0.646s] -- Found Threads: TRUE  
[0.679s] -- Found sensor_msgs: 4.9.0 (/opt/ros/humble/share/sensor_msgs/cmake)
[0.692s] -- Found nav_msgs: 4.9.0 (/opt/ros/humble/share/nav_msgs/cmake)
[0.751s] -- Configuring done
[0.759s] -- Generating done
[0.762s] -- Build files have been written to: /home/kimsohee/ev-1-5/ev-Autonomous-Vehicle-1-5/build/gps_localization
[0.769s] Invoked command in '/home/kimsohee/ev-1-5/ev-Autonomous-Vehicle-1-5/build/gps_localization' returned '0': CMAKE_PREFIX_PATH=${CMAKE_PREFIX_PATH}:/opt/ros/humble /usr/bin/cmake /home/kimsohee/ev-1-5/ev-Autonomous-Vehicle-1-5/localization/src/gps_localization -DAMENT_CMAKE_SYMLINK_INSTALL=1 -DCMAKE_INSTALL_PREFIX=/home/kimsohee/ev-1-5/ev-Autonomous-Vehicle-1-5/install/gps_localization
[0.769s] Invoking command in '/home/kimsohee/ev-1-5/ev-Autonomous-Vehicle-1-5/build/gps_localization': CMAKE_PREFIX_PATH=${CMAKE_PREFIX_PATH}:/opt/ros/humble /usr/bin/cmake --build /home/kimsohee/ev-1-5/ev-Autonomous-Vehicle-1-5/build/gps_localization -- -j10 -l10
[0.870s] [ 25%] [32mBuilding CXX object CMakeFiles/utm_localizer_lib.dir/src/utm_localizer.cpp.o[0m
[7.364s] [ 50%] [32m[1mLinking CXX static library libutm_localizer_lib.a[0m
[7.607s] [ 50%] Built target utm_localizer_lib
[7.692s] [ 75%] [32mBuilding CXX object CMakeFiles/utm_localizer_node.dir/src/utm_localizer_node.cpp.o[0m
[16.061s] [100%] [32m[1mLinking CXX executable utm_localizer_node[0m
[17.349s] [100%] Built target utm_localizer_node
[17.809s] Invoked command in '/home/kimsohee/ev-1-5/ev-Autonomous-Vehicle-1-5/build/gps_localization' returned '0': CMAKE_PREFIX_PATH=${CMAKE_PREFIX_PATH}:/opt/ros/humble /usr/bin/cmake --build /home/kimsohee/ev-1-5/ev-Autonomous-Vehicle-1-5/build/gps_localization -- -j10 -l10
[17.978s] Invoking command in '/home/kimsohee/ev-1-5/ev-Autonomous-Vehicle-1-5/build/gps_localization': CMAKE_PREFIX_PATH=${CMAKE_PREFIX_PATH}:/opt/ros/humble /usr/bin/cmake --install /home/kimsohee/ev-1-5/ev-Autonomous-Vehicle-1-5/build/gps_localization
[21.534s] -- Install configuration: ""
[21.534s] -- Execute custom install script
[21.534s] -- Symlinking: /home/kimsohee/ev-1-5/ev-Autonomous-Vehicle-1-5/install/gps_localization/lib/gps_localization/libutm_localizer_lib.a
[21.534s] -- Symlinking: /home/kimsohee/ev-1-5/ev-Autonomous-Vehicle-1-5/install/gps_localization/lib/gps_localization/utm_localizer_node
[21.534s] -- Symlinking: /home/kimsohee/ev-1-5/ev-Autonomous-Vehicle-1-5/install/gps_localization/share/gps_localization/config/utm_localizer.yaml
[21.534s] -- Symlinking: /home/kimsohee/ev-1-5/ev-Autonomous-Vehicle-1-5/install/gps_localization/share/gps_localization/launch/utm_localizer.launch.py
[21.534s] -- Symlinking: /home/kimsohee/ev-1-5/ev-Autonomous-Vehicle-1-5/install/gps_localization/share/gps_localization/waypoints/track.csv
[21.534s] -- Symlinking: /home/kimsohee/ev-1-5/ev-Autonomous-Vehicle-1-5/install/gps_localization/share/gps_localization/waypoints/최종2025_국제_E-mobility_전시회_1_5_자율주행_레이싱_대회_경로.xlsx
[21.534s] -- Symlinking: /home/kimsohee/ev-1-5/ev-Autonomous-Vehicle-1-5/install/gps_localization/include//gps_localization/utm_localizer.hpp
[21.534s] -- Symlinking: /home/kimsohee/ev-1-5/ev-Autonomous-Vehicle-1-5/install/gps_localization/share/ament_index/resource_index/package_run_dependencies/gps_localization
[21.534s] -- Symlinking: /home/kimsohee/ev-1-5/ev-Autonomous-Vehicle-1-5/install/gps_localization/share/ament_index/resource_index/parent_prefix_path/gps_localization
[21.534s] -- Symlinking: /home/kimsohee/ev-1-5/ev-Autonomous-Vehicle-1-5/install/gps_localization/share/gps_localization/environment/ament_prefix_path.sh
[21.534s] -- Symlinking: /home/kimsohee/ev-1-5/ev-Autonomous-Vehicle-1-5/install/gps_localization/share/gps_localization/environment/ament_prefix_path.dsv
[21.534s] -- Symlinking: /home/kimsohee/ev-1-5/ev-Autonomous-Vehicle-1-5/install/gps_localization/share/gps_localization/environment/path.sh
[21.534s] -- Symlinking: /home/kimsohee/ev-1-5/ev-Autonomous-Vehicle-1-5/install/gps_localization/share/gps_localization/environment/path.dsv
[21.535s] -- Symlinking: /home/kimsohee/ev-1-5/ev-Autonomous-Vehicle-1-5/install/gps_localization/share/gps_localization/local_setup.bash
[21.535s] -- Symlinking: /home/kimsohee/ev-1-5/ev-Autonomous-Vehicle-1-5/install/gps_localization/share/gps_localization/local_setup.sh
[21.539s] -- Symlinking: /home/kimsohee/ev-1-5/ev-Autonomous-Vehicle-1-5/install/gps_localization/share/gps_localization/local_setup.zsh
[21.539s] -- Symlinking: /home/kimsohee/ev-1-5/ev-Autonomous-Vehicle-1-5/install/gps_localization/share/gps_localization/local_setup.dsv
[21.539s] -- Symlinking: /home/kimsohee/ev-1-5/ev-Autonomous-Vehicle-1-5/install/gps_localization/share/gps_localization/package.dsv
[21.539s] -- Symlinking: /home/kimsohee/ev-1-5/ev-Autonomous-Vehicle-1-5/install/gps_localization/share/ament_index/resource_index/packages/gps_localization
[21.539s] -- Symlinking: /home/kimsohee/ev-1-5/ev-Autonomous-Vehicle-1-5/install/gps_localization/share/gps_localization/cmake/gps_localizationConfig.cmake
[21.539s] -- Symlinking: /home/kimsohee/ev-1-5/ev-Autonomous-Vehicle-1-5/install/gps_localization/share/gps_localization/cmake/gps_localizationConfig-version.cmake
[21.539s] -- Symlinking: /home/kimsohee/ev-1-5/ev-Autonomous-Vehicle-1-5/install/gps_localization/share/gps_localization/package.xml
[21.972s] Invoked command in '/home/kimsohee/ev-1-5/ev-Autonomous-Vehicle-1-5/build/gps_localization' returned '0': CMAKE_PREFIX_PATH=${CMAKE_PREFIX_PATH}:/opt/ros/humble /usr/bin/cmake --install /home/kimsohee/ev-1-5/ev-Autonomous-Vehicle-1-5/build/gps_localization
