running egg_info
writing ../../build/my_bev_package/my_bev_package.egg-info/PKG-INFO
writing dependency_links to ../../build/my_bev_package/my_bev_package.egg-info/dependency_links.txt
writing entry points to ../../build/my_bev_package/my_bev_package.egg-info/entry_points.txt
writing requirements to ../../build/my_bev_package/my_bev_package.egg-info/requires.txt
writing top-level names to ../../build/my_bev_package/my_bev_package.egg-info/top_level.txt
reading manifest file '../../build/my_bev_package/my_bev_package.egg-info/SOURCES.txt'
writing manifest file '../../build/my_bev_package/my_bev_package.egg-info/SOURCES.txt'
running build
running build_py
running install
running install_lib
running install_data
running install_egg_info
removing '/home/woonggook/ev_ws/install/my_bev_package/lib/python3.10/site-packages/my_bev_package-0.0.0-py3.10.egg-info' (and everything under it)
Copying ../../build/my_bev_package/my_bev_package.egg-info to /home/woonggook/ev_ws/install/my_bev_package/lib/python3.10/site-packages/my_bev_package-0.0.0-py3.10.egg-info
running install_scripts
Installing bev_node script to /home/woonggook/ev_ws/install/my_bev_package/lib/my_bev_package
Installing lane_yolo_seg script to /home/woonggook/ev_ws/install/my_bev_package/lib/my_bev_package
writing list of installed files to '/home/woonggook/ev_ws/build/my_bev_package/install.log'
