[0.006s] Invoking command in '/home/aiv/ev_ws/planning/build/planning_lc_ver': CMAKE_PREFIX_PATH=${CMAKE_PREFIX_PATH}:/opt/ros/humble /usr/bin/cmake /home/aiv/ev_ws/planning/src/planning_lc_ver -DAMENT_CMAKE_SYMLINK_INSTALL=1 -DCMAKE_INSTALL_PREFIX=/home/aiv/ev_ws/planning/install/planning_lc_ver
[0.042s] -- The C compiler identification is GNU 11.4.0
[0.074s] -- The CXX compiler identification is GNU 11.4.0
[0.078s] -- Detecting C compiler ABI info
[0.121s] -- Detecting C compiler ABI info - done
[0.125s] -- Check for working C compiler: /usr/bin/cc - skipped
[0.125s] -- Detecting C compile features
[0.126s] -- Detecting C compile features - done
[0.127s] -- Detecting CXX compiler ABI info
[0.174s] -- Detecting CXX compiler ABI info - done
[0.179s] -- Check for working CXX compiler: /usr/bin/c++ - skipped
[0.179s] -- Detecting CXX compile features
[0.179s] -- Detecting CXX compile features - done
[0.181s] -- Found ament_cmake: 1.3.12 (/opt/ros/humble/share/ament_cmake/cmake)
[0.273s] -- Found Python3: /usr/bin/python3 (found version "3.10.12") found components: Interpreter 
[0.306s] -- Override CMake install command with custom implementation using symlinks instead of copying resources
[0.328s] -- Found rclcpp: 16.0.17 (/opt/ros/humble/share/rclcpp/cmake)
[0.355s] -- Found rosidl_generator_c: 3.1.8 (/opt/ros/humble/share/rosidl_generator_c/cmake)
[0.359s] -- Found rosidl_adapter: 3.1.8 (/opt/ros/humble/share/rosidl_adapter/cmake)
[0.364s] -- Found rosidl_generator_cpp: 3.1.8 (/opt/ros/humble/share/rosidl_generator_cpp/cmake)
[0.371s] -- Using all available rosidl_typesupport_c: rosidl_typesupport_fastrtps_c;rosidl_typesupport_introspection_c
[0.381s] -- Using all available rosidl_typesupport_cpp: rosidl_typesupport_fastrtps_cpp;rosidl_typesupport_introspection_cpp
[0.408s] -- Found rmw_implementation_cmake: 6.1.2 (/opt/ros/humble/share/rmw_implementation_cmake/cmake)
[0.410s] -- Found rmw_fastrtps_cpp: 6.2.9 (/opt/ros/humble/share/rmw_fastrtps_cpp/cmake)
[0.471s] -- Found OpenSSL: /usr/lib/x86_64-linux-gnu/libcrypto.so (found version "3.0.2")  
[0.488s] -- Found FastRTPS: /opt/ros/humble/include  
[0.514s] -- Using RMW implementation 'rmw_fastrtps_cpp' as default
[0.520s] -- Looking for pthread.h
[0.566s] -- Looking for pthread.h - found
[0.566s] -- Performing Test CMAKE_HAVE_LIBC_PTHREAD
[0.613s] -- Performing Test CMAKE_HAVE_LIBC_PTHREAD - Success
[0.614s] -- Found Threads: TRUE  
[0.644s] -- Found rclcpp_components: 16.0.17 (/opt/ros/humble/share/rclcpp_components/cmake)
[0.660s] -- Found nav_msgs: 4.9.0 (/opt/ros/humble/share/nav_msgs/cmake)
[0.676s] -- Found ev_msgs: 0.1.0 (/home/aiv/ev_ws/ev_msgs/install/ev_msgs/share/ev_msgs/cmake)
[0.693s] -- Found ament_lint_auto: 0.12.14 (/opt/ros/humble/share/ament_lint_auto/cmake)
[0.739s] -- Added test 'cppcheck' to perform static code analysis on C / C++ code
[0.739s] -- Configured cppcheck include dirs: /home/aiv/ev_ws/planning/src/planning_lc_ver/include
[0.739s] -- Configured cppcheck exclude dirs and/or files: 
[0.740s] -- Added test 'flake8' to check Python code syntax and style conventions
[0.740s] -- Added test 'lint_cmake' to check CMake code style
[0.741s] -- Added test 'pep257' to check Python code against some of the docstring style conventions in PEP 257
[0.742s] -- Added test 'uncrustify' to check C / C++ code style
[0.742s] -- Configured uncrustify additional arguments: 
[0.742s] -- Added test 'xmllint' to check XML markup files
[0.743s] -- Configuring done
[0.755s] -- Generating done
[0.760s] -- Build files have been written to: /home/aiv/ev_ws/planning/build/planning_lc_ver
[0.765s] Invoked command in '/home/aiv/ev_ws/planning/build/planning_lc_ver' returned '0': CMAKE_PREFIX_PATH=${CMAKE_PREFIX_PATH}:/opt/ros/humble /usr/bin/cmake /home/aiv/ev_ws/planning/src/planning_lc_ver -DAMENT_CMAKE_SYMLINK_INSTALL=1 -DCMAKE_INSTALL_PREFIX=/home/aiv/ev_ws/planning/install/planning_lc_ver
[0.765s] Invoking command in '/home/aiv/ev_ws/planning/build/planning_lc_ver': CMAKE_PREFIX_PATH=${CMAKE_PREFIX_PATH}:/opt/ros/humble /usr/bin/cmake --build /home/aiv/ev_ws/planning/build/planning_lc_ver -- -j28 -l28
[0.798s] [  8%] [32mBuilding CXX object CMakeFiles/planning_lc_chainer.dir/src/chainer/line_chainer.cpp.o[0m
[0.800s] [ 16%] [32mBuilding CXX object CMakeFiles/planning_lc_planner.dir/src/planner/magnetic_planner.cpp.o[0m
[0.802s] [ 25%] [32mBuilding CXX object CMakeFiles/planning_lc_costmap.dir/src/costmap/costmap_generator.cpp.o[0m
[0.802s] [ 33%] [32mBuilding CXX object CMakeFiles/planning_lc_postprocess.dir/src/postprocess/path_postprocessor.cpp.o[0m
[0.802s] [ 41%] [32mBuilding CXX object CMakeFiles/lc_planner_node_exe.dir/rclcpp_components/node_main_lc_planner_node_exe.cpp.o[0m
[1.088s] [ 50%] [32m[1mLinking CXX shared library libplanning_lc_postprocess.so[0m
[1.167s] [ 50%] Built target planning_lc_postprocess
[2.296s] [ 58%] [32m[1mLinking CXX shared library libplanning_lc_costmap.so[0m
[2.298s] [ 66%] [32m[1mLinking CXX shared library libplanning_lc_planner.so[0m
[2.382s] [ 75%] [32m[1mLinking CXX shared library libplanning_lc_chainer.so[0m
[2.392s] [ 75%] Built target planning_lc_planner
[2.392s] [ 75%] Built target planning_lc_costmap
[2.447s] [ 75%] Built target planning_lc_chainer
[2.464s] [ 83%] [32mBuilding CXX object CMakeFiles/lc_planner_component.dir/src/nodes/lc_planner_node.cpp.o[0m
[2.495s] [ 91%] [32m[1mLinking CXX executable lc_planner_node_exe[0m
[2.566s] [ 91%] Built target lc_planner_node_exe
[8.332s] [100%] [32m[1mLinking CXX shared library liblc_planner_component.so[0m
[8.652s] [100%] Built target lc_planner_component
[8.660s] Invoked command in '/home/aiv/ev_ws/planning/build/planning_lc_ver' returned '0': CMAKE_PREFIX_PATH=${CMAKE_PREFIX_PATH}:/opt/ros/humble /usr/bin/cmake --build /home/aiv/ev_ws/planning/build/planning_lc_ver -- -j28 -l28
[8.666s] Invoking command in '/home/aiv/ev_ws/planning/build/planning_lc_ver': CMAKE_PREFIX_PATH=${CMAKE_PREFIX_PATH}:/opt/ros/humble /usr/bin/cmake --install /home/aiv/ev_ws/planning/build/planning_lc_ver
[8.670s] -- Install configuration: ""
[8.670s] -- Execute custom install script
[8.670s] -- Symlinking: /home/aiv/ev_ws/planning/install/planning_lc_ver/lib/libplanning_lc_chainer.so
[8.676s] -- Symlinking: /home/aiv/ev_ws/planning/install/planning_lc_ver/lib/libplanning_lc_costmap.so
[8.680s] -- Symlinking: /home/aiv/ev_ws/planning/install/planning_lc_ver/lib/libplanning_lc_planner.so
[8.685s] -- Symlinking: /home/aiv/ev_ws/planning/install/planning_lc_ver/lib/libplanning_lc_postprocess.so
[8.690s] -- Symlinking: /home/aiv/ev_ws/planning/install/planning_lc_ver/lib/planning_lc_ver/lc_planner_node_exe
[8.695s] -- Symlinking: /home/aiv/ev_ws/planning/install/planning_lc_ver/lib/liblc_planner_component.so
[8.701s] -- Symlinking: /home/aiv/ev_ws/planning/install/planning_lc_ver/include/planning_lc_ver/chainer/line_chainer.hpp
[8.706s] -- Symlinking: /home/aiv/ev_ws/planning/install/planning_lc_ver/include/planning_lc_ver/common/debug_publish.hpp
[8.712s] -- Symlinking: /home/aiv/ev_ws/planning/install/planning_lc_ver/include/planning_lc_ver/common/geometry.hpp
[8.718s] -- Symlinking: /home/aiv/ev_ws/planning/install/planning_lc_ver/include/planning_lc_ver/common/params.hpp
[8.722s] -- Symlinking: /home/aiv/ev_ws/planning/install/planning_lc_ver/include/planning_lc_ver/common/types.hpp
[8.727s] -- Symlinking: /home/aiv/ev_ws/planning/install/planning_lc_ver/include/planning_lc_ver/costmap/costmap_generator.hpp
[8.733s] -- Symlinking: /home/aiv/ev_ws/planning/install/planning_lc_ver/include/planning_lc_ver/nodes/lc_planner_node.hpp
[8.737s] -- Symlinking: /home/aiv/ev_ws/planning/install/planning_lc_ver/include/planning_lc_ver/planner/magnetic_planner.hpp
[8.742s] -- Symlinking: /home/aiv/ev_ws/planning/install/planning_lc_ver/include/planning_lc_ver/postprocess/path_postprocessor.hpp
[8.747s] -- Symlinking: /home/aiv/ev_ws/planning/install/planning_lc_ver/include/planning_lc_ver/safety/safety_checker.hpp
[8.752s] -- Symlinking: /home/aiv/ev_ws/planning/install/planning_lc_ver/share/planning_lc_ver/config/planning_lc.yaml
[8.757s] -- Symlinking: /home/aiv/ev_ws/planning/install/planning_lc_ver/share/planning_lc_ver/launch/planning_lc.launch.py
[8.761s] -- Symlinking: /home/aiv/ev_ws/planning/install/planning_lc_ver/share/ament_index/resource_index/package_run_dependencies/planning_lc_ver
[8.766s] -- Symlinking: /home/aiv/ev_ws/planning/install/planning_lc_ver/share/ament_index/resource_index/parent_prefix_path/planning_lc_ver
[8.771s] -- Symlinking: /home/aiv/ev_ws/planning/install/planning_lc_ver/share/planning_lc_ver/environment/ament_prefix_path.sh
[8.777s] -- Symlinking: /home/aiv/ev_ws/planning/install/planning_lc_ver/share/planning_lc_ver/environment/ament_prefix_path.dsv
[8.781s] -- Symlinking: /home/aiv/ev_ws/planning/install/planning_lc_ver/share/planning_lc_ver/environment/path.sh
[8.787s] -- Symlinking: /home/aiv/ev_ws/planning/install/planning_lc_ver/share/planning_lc_ver/environment/path.dsv
[8.792s] -- Symlinking: /home/aiv/ev_ws/planning/install/planning_lc_ver/share/planning_lc_ver/local_setup.bash
[8.797s] -- Symlinking: /home/aiv/ev_ws/planning/install/planning_lc_ver/share/planning_lc_ver/local_setup.sh
[8.803s] -- Symlinking: /home/aiv/ev_ws/planning/install/planning_lc_ver/share/planning_lc_ver/local_setup.zsh
[8.808s] -- Symlinking: /home/aiv/ev_ws/planning/install/planning_lc_ver/share/planning_lc_ver/local_setup.dsv
[8.813s] -- Symlinking: /home/aiv/ev_ws/planning/install/planning_lc_ver/share/planning_lc_ver/package.dsv
[8.817s] -- Symlinking: /home/aiv/ev_ws/planning/install/planning_lc_ver/share/ament_index/resource_index/packages/planning_lc_ver
[8.822s] -- Symlinking: /home/aiv/ev_ws/planning/install/planning_lc_ver/share/ament_index/resource_index/rclcpp_components/planning_lc_ver
[8.826s] -- Symlinking: /home/aiv/ev_ws/planning/install/planning_lc_ver/share/planning_lc_ver/cmake/planning_lc_verConfig.cmake
[8.832s] -- Symlinking: /home/aiv/ev_ws/planning/install/planning_lc_ver/share/planning_lc_ver/cmake/planning_lc_verConfig-version.cmake
[8.837s] -- Symlinking: /home/aiv/ev_ws/planning/install/planning_lc_ver/share/planning_lc_ver/package.xml
[8.844s] Invoked command in '/home/aiv/ev_ws/planning/build/planning_lc_ver' returned '0': CMAKE_PREFIX_PATH=${CMAKE_PREFIX_PATH}:/opt/ros/humble /usr/bin/cmake --install /home/aiv/ev_ws/planning/build/planning_lc_ver
