[0.680s] Invoking command in '/home/woonggook/ev_ws/src/my_bev_package': PYTHONPATH=/home/woonggook/ev_ws/build/my_bev_package/prefix_override:/usr/lib/python3/dist-packages/colcon_core/task/python/colcon_distutils_commands:/home/woonggook/ev_ws/install/my_bev_package/lib/python3.10/site-packages:${PYTHONPATH} /usr/bin/python3 -W ignore:setup.py install is deprecated -W ignore:easy_install command is deprecated setup.py egg_info --egg-base ../../build/my_bev_package build --build-base /home/woonggook/ev_ws/build/my_bev_package/build install --record /home/woonggook/ev_ws/build/my_bev_package/install.log --single-version-externally-managed install_data
[0.846s] running egg_info
[0.847s] writing ../../build/my_bev_package/my_bev_package.egg-info/PKG-INFO
[0.847s] writing dependency_links to ../../build/my_bev_package/my_bev_package.egg-info/dependency_links.txt
[0.847s] writing entry points to ../../build/my_bev_package/my_bev_package.egg-info/entry_points.txt
[0.847s] writing requirements to ../../build/my_bev_package/my_bev_package.egg-info/requires.txt
[0.847s] writing top-level names to ../../build/my_bev_package/my_bev_package.egg-info/top_level.txt
[0.850s] reading manifest file '../../build/my_bev_package/my_bev_package.egg-info/SOURCES.txt'
[0.850s] writing manifest file '../../build/my_bev_package/my_bev_package.egg-info/SOURCES.txt'
[0.850s] running build
[0.850s] running build_py
[0.851s] running install
[0.851s] running install_lib
[0.852s] running install_data
[0.852s] running install_egg_info
[0.854s] removing '/home/woonggook/ev_ws/install/my_bev_package/lib/python3.10/site-packages/my_bev_package-0.0.0-py3.10.egg-info' (and everything under it)
[0.855s] Copying ../../build/my_bev_package/my_bev_package.egg-info to /home/woonggook/ev_ws/install/my_bev_package/lib/python3.10/site-packages/my_bev_package-0.0.0-py3.10.egg-info
[0.855s] running install_scripts
[0.869s] Installing bev_node script to /home/woonggook/ev_ws/install/my_bev_package/lib/my_bev_package
[0.869s] Installing lane_yolo_seg script to /home/woonggook/ev_ws/install/my_bev_package/lib/my_bev_package
[0.869s] writing list of installed files to '/home/woonggook/ev_ws/build/my_bev_package/install.log'
[0.885s] Invoked command in '/home/woonggook/ev_ws/src/my_bev_package' returned '0': PYTHONPATH=/home/woonggook/ev_ws/build/my_bev_package/prefix_override:/usr/lib/python3/dist-packages/colcon_core/task/python/colcon_distutils_commands:/home/woonggook/ev_ws/install/my_bev_package/lib/python3.10/site-packages:${PYTHONPATH} /usr/bin/python3 -W ignore:setup.py install is deprecated -W ignore:easy_install command is deprecated setup.py egg_info --egg-base ../../build/my_bev_package build --build-base /home/woonggook/ev_ws/build/my_bev_package/build install --record /home/woonggook/ev_ws/build/my_bev_package/install.log --single-version-externally-managed install_data
