[0.013s] Invoking command in '/home/aiv/ev_ws/perception/build/velodyne_laserscan': CMAKE_PREFIX_PATH=${CMAKE_PREFIX_PATH}:/opt/ros/humble /usr/bin/cmake /home/aiv/ev_ws/perception/src/lidar/velodyne_laserscan -DAMENT_CMAKE_SYMLINK_INSTALL=1 -DCMAKE_INSTALL_PREFIX=/home/aiv/ev_ws/perception/install/velodyne_laserscan
[0.045s] -- The C compiler identification is GNU 11.4.0
[0.081s] -- The CXX compiler identification is GNU 11.4.0
[0.086s] -- Detecting C compiler ABI info
[0.131s] -- Detecting C compiler ABI info - done
[0.135s] -- Check for working C compiler: /usr/bin/cc - skipped
[0.135s] -- Detecting C compile features
[0.135s] -- Detecting C compile features - done
[0.137s] -- Detecting CXX compiler ABI info
[0.187s] -- Detecting CXX compiler ABI info - done
[0.193s] -- Check for working CXX compiler: /usr/bin/c++ - skipped
[0.193s] -- Detecting CXX compile features
[0.194s] -- Detecting CXX compile features - done
[0.197s] -- Found ament_cmake_ros: 0.10.0 (/opt/ros/humble/share/ament_cmake_ros/cmake)
[0.301s] -- Found Python3: /usr/bin/python3 (found version "3.10.12") found components: Interpreter 
[0.350s] -- Override CMake install command with custom implementation using symlinks instead of copying resources
[0.366s] -- Found rclcpp: 16.0.17 (/opt/ros/humble/share/rclcpp/cmake)
[0.389s] -- Found rosidl_generator_c: 3.1.8 (/opt/ros/humble/share/rosidl_generator_c/cmake)
[0.391s] -- Found rosidl_adapter: 3.1.8 (/opt/ros/humble/share/rosidl_adapter/cmake)
[0.396s] -- Found rosidl_generator_cpp: 3.1.8 (/opt/ros/humble/share/rosidl_generator_cpp/cmake)
[0.403s] -- Using all available rosidl_typesupport_c: rosidl_typesupport_fastrtps_c;rosidl_typesupport_introspection_c
[0.411s] -- Using all available rosidl_typesupport_cpp: rosidl_typesupport_fastrtps_cpp;rosidl_typesupport_introspection_cpp
[0.434s] -- Found rmw_implementation_cmake: 6.1.2 (/opt/ros/humble/share/rmw_implementation_cmake/cmake)
[0.436s] -- Found rmw_fastrtps_cpp: 6.2.9 (/opt/ros/humble/share/rmw_fastrtps_cpp/cmake)
[0.489s] -- Found OpenSSL: /usr/lib/x86_64-linux-gnu/libcrypto.so (found version "3.0.2")  
[0.504s] -- Found FastRTPS: /opt/ros/humble/include  
[0.534s] -- Using RMW implementation 'rmw_fastrtps_cpp' as default
[0.541s] -- Looking for pthread.h
[0.588s] -- Looking for pthread.h - found
[0.588s] -- Performing Test CMAKE_HAVE_LIBC_PTHREAD
[0.636s] -- Performing Test CMAKE_HAVE_LIBC_PTHREAD - Success
[0.637s] -- Found Threads: TRUE  
[0.663s] -- Found rclcpp_components: 16.0.17 (/opt/ros/humble/share/rclcpp_components/cmake)
[0.677s] -- Found sensor_msgs: 4.9.0 (/opt/ros/humble/share/sensor_msgs/cmake)
[0.693s] -- Found ament_lint_auto: 0.12.14 (/opt/ros/humble/share/ament_lint_auto/cmake)
[0.736s] -- Added test 'copyright' to check source files copyright and LICENSE
[0.737s] -- Added test 'cppcheck' to perform static code analysis on C / C++ code
[0.737s] -- Configured cppcheck include dirs: $<BUILD_INTERFACE:/home/aiv/ev_ws/perception/src/lidar/velodyne_laserscan/include>
[0.737s] -- Configured cppcheck exclude dirs and/or files: 
[0.738s] -- Added test 'cpplint' to check C / C++ code against the Google style
[0.738s] -- Configured cpplint exclude dirs and/or files: 
[0.738s] -- Added test 'flake8' to check Python code syntax and style conventions
[0.738s] -- Added test 'lint_cmake' to check CMake code style
[0.739s] -- Added test 'pep257' to check Python code against some of the docstring style conventions in PEP 257
[0.739s] -- Added test 'uncrustify' to check C / C++ code style
[0.739s] -- Configured uncrustify additional arguments: 
[0.740s] -- Added test 'xmllint' to check XML markup files
[0.741s] -- Configuring done
[0.748s] -- Generating done
[0.751s] -- Build files have been written to: /home/aiv/ev_ws/perception/build/velodyne_laserscan
[0.757s] Invoked command in '/home/aiv/ev_ws/perception/build/velodyne_laserscan' returned '0': CMAKE_PREFIX_PATH=${CMAKE_PREFIX_PATH}:/opt/ros/humble /usr/bin/cmake /home/aiv/ev_ws/perception/src/lidar/velodyne_laserscan -DAMENT_CMAKE_SYMLINK_INSTALL=1 -DCMAKE_INSTALL_PREFIX=/home/aiv/ev_ws/perception/install/velodyne_laserscan
[0.758s] Invoking command in '/home/aiv/ev_ws/perception/build/velodyne_laserscan': CMAKE_PREFIX_PATH=${CMAKE_PREFIX_PATH}:/opt/ros/humble /usr/bin/cmake --build /home/aiv/ev_ws/perception/build/velodyne_laserscan -- -j28 -l28
[0.795s] [ 25%] [32mBuilding CXX object CMakeFiles/velodyne_laserscan.dir/src/velodyne_laserscan.cpp.o[0m
[7.282s] [ 50%] [32m[1mLinking CXX shared library libvelodyne_laserscan.so[0m
[7.597s] [ 50%] Built target velodyne_laserscan
[7.617s] [ 75%] [32mBuilding CXX object CMakeFiles/velodyne_laserscan_node.dir/src/node.cpp.o[0m
[9.326s] [100%] [32m[1mLinking CXX executable velodyne_laserscan_node[0m
[9.458s] [100%] Built target velodyne_laserscan_node
[9.467s] Invoked command in '/home/aiv/ev_ws/perception/build/velodyne_laserscan' returned '0': CMAKE_PREFIX_PATH=${CMAKE_PREFIX_PATH}:/opt/ros/humble /usr/bin/cmake --build /home/aiv/ev_ws/perception/build/velodyne_laserscan -- -j28 -l28
[9.468s] Invoking command in '/home/aiv/ev_ws/perception/build/velodyne_laserscan': CMAKE_PREFIX_PATH=${CMAKE_PREFIX_PATH}:/opt/ros/humble /usr/bin/cmake --install /home/aiv/ev_ws/perception/build/velodyne_laserscan
[9.475s] -- Install configuration: ""
[9.476s] -- Execute custom install script
[9.476s] -- Symlinking: /home/aiv/ev_ws/perception/install/velodyne_laserscan/lib/velodyne_laserscan/velodyne_laserscan_node
[9.481s] -- Symlinking: /home/aiv/ev_ws/perception/install/velodyne_laserscan/include/velodyne_laserscan/velodyne_laserscan.hpp
[9.489s] -- Symlinking: /home/aiv/ev_ws/perception/install/velodyne_laserscan/share/velodyne_laserscan/config/default-velodyne_laserscan_node-params.yaml
[9.494s] -- Symlinking: /home/aiv/ev_ws/perception/install/velodyne_laserscan/share/velodyne_laserscan/launch/velodyne_laserscan_node-composed-launch.py
[9.499s] -- Symlinking: /home/aiv/ev_ws/perception/install/velodyne_laserscan/share/velodyne_laserscan/launch/velodyne_laserscan_node-launch.py
[9.507s] -- Symlinking: /home/aiv/ev_ws/perception/install/velodyne_laserscan/share/ament_index/resource_index/package_run_dependencies/velodyne_laserscan
[9.513s] -- Symlinking: /home/aiv/ev_ws/perception/install/velodyne_laserscan/share/ament_index/resource_index/parent_prefix_path/velodyne_laserscan
[9.518s] -- Symlinking: /home/aiv/ev_ws/perception/install/velodyne_laserscan/share/velodyne_laserscan/environment/ament_prefix_path.sh
[9.525s] -- Symlinking: /home/aiv/ev_ws/perception/install/velodyne_laserscan/share/velodyne_laserscan/environment/ament_prefix_path.dsv
[9.532s] -- Symlinking: /home/aiv/ev_ws/perception/install/velodyne_laserscan/share/velodyne_laserscan/environment/path.sh
[9.537s] -- Symlinking: /home/aiv/ev_ws/perception/install/velodyne_laserscan/share/velodyne_laserscan/environment/path.dsv
[9.545s] -- Symlinking: /home/aiv/ev_ws/perception/install/velodyne_laserscan/share/velodyne_laserscan/local_setup.bash
[9.553s] -- Symlinking: /home/aiv/ev_ws/perception/install/velodyne_laserscan/share/velodyne_laserscan/local_setup.sh
[9.557s] -- Symlinking: /home/aiv/ev_ws/perception/install/velodyne_laserscan/share/velodyne_laserscan/local_setup.zsh
[9.562s] -- Symlinking: /home/aiv/ev_ws/perception/install/velodyne_laserscan/share/velodyne_laserscan/local_setup.dsv
[9.567s] -- Symlinking: /home/aiv/ev_ws/perception/install/velodyne_laserscan/share/velodyne_laserscan/package.dsv
[9.573s] -- Symlinking: /home/aiv/ev_ws/perception/install/velodyne_laserscan/share/ament_index/resource_index/packages/velodyne_laserscan
[9.581s] -- Symlinking: /home/aiv/ev_ws/perception/install/velodyne_laserscan/share/ament_index/resource_index/rclcpp_components/velodyne_laserscan
[9.589s] -- Symlinking: /home/aiv/ev_ws/perception/install/velodyne_laserscan/share/velodyne_laserscan/cmake/ament_cmake_export_include_directories-extras.cmake
[9.595s] -- Symlinking: /home/aiv/ev_ws/perception/install/velodyne_laserscan/share/velodyne_laserscan/cmake/ament_cmake_export_targets-extras.cmake
[9.602s] -- Symlinking: /home/aiv/ev_ws/perception/install/velodyne_laserscan/share/velodyne_laserscan/cmake/ament_cmake_export_dependencies-extras.cmake
[9.608s] -- Symlinking: /home/aiv/ev_ws/perception/install/velodyne_laserscan/share/velodyne_laserscan/cmake/velodyne_laserscanConfig.cmake
[9.615s] -- Symlinking: /home/aiv/ev_ws/perception/install/velodyne_laserscan/share/velodyne_laserscan/cmake/velodyne_laserscanConfig-version.cmake
[9.623s] -- Symlinking: /home/aiv/ev_ws/perception/install/velodyne_laserscan/share/velodyne_laserscan/package.xml
[9.632s] -- Installing: /home/aiv/ev_ws/perception/install/velodyne_laserscan/lib/libvelodyne_laserscan.so
[9.636s] -- Set runtime path of "/home/aiv/ev_ws/perception/install/velodyne_laserscan/lib/libvelodyne_laserscan.so" to ""
[9.636s] -- Installing: /home/aiv/ev_ws/perception/install/velodyne_laserscan/share/velodyne_laserscan/cmake/velodyne_laserscanExport.cmake
[9.636s] -- Installing: /home/aiv/ev_ws/perception/install/velodyne_laserscan/share/velodyne_laserscan/cmake/velodyne_laserscanExport-noconfig.cmake
[9.638s] Invoked command in '/home/aiv/ev_ws/perception/build/velodyne_laserscan' returned '0': CMAKE_PREFIX_PATH=${CMAKE_PREFIX_PATH}:/opt/ros/humble /usr/bin/cmake --install /home/aiv/ev_ws/perception/build/velodyne_laserscan
