[35m[1mConsolidate compiler generated dependencies of target t870_util[0m
[100%] Built target t870_util
-- Install configuration: ""
-- Execute custom install script
-- Up-to-date symlink: /home/kimsohee/ev-1-5/ev-Autonomous-Vehicle-1-5/install/t870_util/include/t870_util/t870_util/exception.hpp
-- Up-to-date symlink: /home/kimsohee/ev-1-5/ev-Autonomous-Vehicle-1-5/install/t870_util/include/t870_util/t870_util/log.hpp
-- Up-to-date symlink: /home/kimsohee/ev-1-5/ev-Autonomous-Vehicle-1-5/install/t870_util/share/t870_util/environment/library_path.sh
-- Up-to-date symlink: /home/kimsohee/ev-1-5/ev-Autonomous-Vehicle-1-5/install/t870_util/share/t870_util/environment/library_path.dsv
-- Up-to-date symlink: /home/kimsohee/ev-1-5/ev-Autonomous-Vehicle-1-5/install/t870_util/lib/libt870_util.so
-- Up-to-date symlink: /home/kimsohee/ev-1-5/ev-Autonomous-Vehicle-1-5/install/t870_util/share/ament_index/resource_index/package_run_dependencies/t870_util
-- Up-to-date symlink: /home/kimsohee/ev-1-5/ev-Autonomous-Vehicle-1-5/install/t870_util/share/ament_index/resource_index/parent_prefix_path/t870_util
-- Up-to-date symlink: /home/kimsohee/ev-1-5/ev-Autonomous-Vehicle-1-5/install/t870_util/share/t870_util/environment/ament_prefix_path.sh
-- Up-to-date symlink: /home/kimsohee/ev-1-5/ev-Autonomous-Vehicle-1-5/install/t870_util/share/t870_util/environment/ament_prefix_path.dsv
-- Up-to-date symlink: /home/kimsohee/ev-1-5/ev-Autonomous-Vehicle-1-5/install/t870_util/share/t870_util/environment/path.sh
-- Up-to-date symlink: /home/kimsohee/ev-1-5/ev-Autonomous-Vehicle-1-5/install/t870_util/share/t870_util/environment/path.dsv
-- Up-to-date symlink: /home/kimsohee/ev-1-5/ev-Autonomous-Vehicle-1-5/install/t870_util/share/t870_util/local_setup.bash
-- Up-to-date symlink: /home/kimsohee/ev-1-5/ev-Autonomous-Vehicle-1-5/install/t870_util/share/t870_util/local_setup.sh
-- Up-to-date symlink: /home/kimsohee/ev-1-5/ev-Autonomous-Vehicle-1-5/install/t870_util/share/t870_util/local_setup.zsh
-- Up-to-date symlink: /home/kimsohee/ev-1-5/ev-Autonomous-Vehicle-1-5/install/t870_util/share/t870_util/local_setup.dsv
-- Up-to-date symlink: /home/kimsohee/ev-1-5/ev-Autonomous-Vehicle-1-5/install/t870_util/share/t870_util/package.dsv
-- Up-to-date symlink: /home/kimsohee/ev-1-5/ev-Autonomous-Vehicle-1-5/install/t870_util/share/ament_index/resource_index/packages/t870_util
-- Up-to-date symlink: /home/kimsohee/ev-1-5/ev-Autonomous-Vehicle-1-5/install/t870_util/share/t870_util/cmake/ament_cmake_export_include_directories-extras.cmake
-- Up-to-date symlink: /home/kimsohee/ev-1-5/ev-Autonomous-Vehicle-1-5/install/t870_util/share/t870_util/cmake/ament_cmake_export_libraries-extras.cmake
-- Up-to-date symlink: /home/kimsohee/ev-1-5/ev-Autonomous-Vehicle-1-5/install/t870_util/share/t870_util/cmake/t870_utilConfig.cmake
-- Up-to-date symlink: /home/kimsohee/ev-1-5/ev-Autonomous-Vehicle-1-5/install/t870_util/share/t870_util/cmake/t870_utilConfig-version.cmake
-- Up-to-date symlink: /home/kimsohee/ev-1-5/ev-Autonomous-Vehicle-1-5/install/t870_util/share/t870_util/package.xml
