[0.012s] Invoking command in '/home/aiv/ev_ws/build/erp42_description': AMENT_PREFIX_PATH=/home/aiv/ev_ws/install/erp42_cmake:${AMENT_PREFIX_PATH} CMAKE_PREFIX_PATH=/home/aiv/ev_ws/install/erp42_cmake:/home/aiv/ev_ws/carsa_gazebo/install/carsa_gazebo:/home/aiv/ev_ws/planning/install/chaining_costmap_ver:/home/aiv/ev_ws/ev_msgs/install/ev_msgs:/home/aiv/ev_ws/erp42_ros/install/erp42_serial:/home/aiv/ev_ws/erp42_ros/install/erp42_rqt_plugin:/home/aiv/ev_ws/erp42_ros/install/erp42_gazebo:/home/aiv/ev_ws/erp42_ros/install/erp42_util:/home/aiv/ev_ws/erp42_ros/install/erp42_msgs:/home/aiv/ev_ws/erp42_ros/install/erp42_description:/home/aiv/ev_ws/erp42_ros/install/erp42_cmake:/home/aiv/ev_ws/perception/install/velodyne:/home/aiv/ev_ws/perception/install/lidar_launch:/home/aiv/ev_ws/perception/install/velodyne_pointcloud:/home/aiv/ev_ws/perception/install/velodyne_driver:/home/aiv/ev_ws/perception/install/velodyne_msgs:/home/aiv/ev_ws/perception/install/velodyne_cropbox:/home/aiv/ev_ws/perception/install/patchworkpp:/home/aiv/ev_ws/perception/install/make_bbox:/home/aiv/ev_ws/perception/install/lidar_voxel_grid:/home/aiv/ev_ws/perception/install/dbscan_clustering:/home/aiv/ev_ws/perception/install/cluster_splitter:/opt/ros/humble /usr/bin/cmake /home/aiv/ev_ws/erp42_ros/src/erp42_description -DAMENT_CMAKE_SYMLINK_INSTALL=1 -DCMAKE_INSTALL_PREFIX=/home/aiv/ev_ws/install/erp42_description
[0.051s] -- The C compiler identification is GNU 11.4.0
[0.086s] -- The CXX compiler identification is GNU 11.4.0
[0.091s] -- Detecting C compiler ABI info
[0.133s] -- Detecting C compiler ABI info - done
[0.137s] -- Check for working C compiler: /usr/bin/cc - skipped
[0.137s] -- Detecting C compile features
[0.137s] -- Detecting C compile features - done
[0.139s] -- Detecting CXX compiler ABI info
[0.185s] -- Detecting CXX compiler ABI info - done
[0.192s] -- Check for working CXX compiler: /usr/bin/c++ - skipped
[0.192s] -- Detecting CXX compile features
[0.192s] -- Detecting CXX compile features - done
[0.193s] -- Found erp42_cmake: 0.0.0 (/home/aiv/ev_ws/install/erp42_cmake/share/erp42_cmake/cmake)
[0.196s] -- Found ament_cmake_auto: 1.3.12 (/opt/ros/humble/share/ament_cmake_auto/cmake)
[0.302s] -- Found Python3: /usr/bin/python3 (found version "3.10.12") found components: Interpreter 
[0.338s] -- Override CMake install command with custom implementation using symlinks instead of copying resources
[0.413s] -- Configuring done
[0.415s] -- Generating done
[0.416s] -- Build files have been written to: /home/aiv/ev_ws/build/erp42_description
[0.420s] Invoked command in '/home/aiv/ev_ws/build/erp42_description' returned '0': AMENT_PREFIX_PATH=/home/aiv/ev_ws/install/erp42_cmake:${AMENT_PREFIX_PATH} CMAKE_PREFIX_PATH=/home/aiv/ev_ws/install/erp42_cmake:/home/aiv/ev_ws/carsa_gazebo/install/carsa_gazebo:/home/aiv/ev_ws/planning/install/chaining_costmap_ver:/home/aiv/ev_ws/ev_msgs/install/ev_msgs:/home/aiv/ev_ws/erp42_ros/install/erp42_serial:/home/aiv/ev_ws/erp42_ros/install/erp42_rqt_plugin:/home/aiv/ev_ws/erp42_ros/install/erp42_gazebo:/home/aiv/ev_ws/erp42_ros/install/erp42_util:/home/aiv/ev_ws/erp42_ros/install/erp42_msgs:/home/aiv/ev_ws/erp42_ros/install/erp42_description:/home/aiv/ev_ws/erp42_ros/install/erp42_cmake:/home/aiv/ev_ws/perception/install/velodyne:/home/aiv/ev_ws/perception/install/lidar_launch:/home/aiv/ev_ws/perception/install/velodyne_pointcloud:/home/aiv/ev_ws/perception/install/velodyne_driver:/home/aiv/ev_ws/perception/install/velodyne_msgs:/home/aiv/ev_ws/perception/install/velodyne_cropbox:/home/aiv/ev_ws/perception/install/patchworkpp:/home/aiv/ev_ws/perception/install/make_bbox:/home/aiv/ev_ws/perception/install/lidar_voxel_grid:/home/aiv/ev_ws/perception/install/dbscan_clustering:/home/aiv/ev_ws/perception/install/cluster_splitter:/opt/ros/humble /usr/bin/cmake /home/aiv/ev_ws/erp42_ros/src/erp42_description -DAMENT_CMAKE_SYMLINK_INSTALL=1 -DCMAKE_INSTALL_PREFIX=/home/aiv/ev_ws/install/erp42_description
[0.421s] Invoking command in '/home/aiv/ev_ws/build/erp42_description': AMENT_PREFIX_PATH=/home/aiv/ev_ws/install/erp42_cmake:${AMENT_PREFIX_PATH} CMAKE_PREFIX_PATH=/home/aiv/ev_ws/install/erp42_cmake:/home/aiv/ev_ws/carsa_gazebo/install/carsa_gazebo:/home/aiv/ev_ws/planning/install/chaining_costmap_ver:/home/aiv/ev_ws/ev_msgs/install/ev_msgs:/home/aiv/ev_ws/erp42_ros/install/erp42_serial:/home/aiv/ev_ws/erp42_ros/install/erp42_rqt_plugin:/home/aiv/ev_ws/erp42_ros/install/erp42_gazebo:/home/aiv/ev_ws/erp42_ros/install/erp42_util:/home/aiv/ev_ws/erp42_ros/install/erp42_msgs:/home/aiv/ev_ws/erp42_ros/install/erp42_description:/home/aiv/ev_ws/erp42_ros/install/erp42_cmake:/home/aiv/ev_ws/perception/install/velodyne:/home/aiv/ev_ws/perception/install/lidar_launch:/home/aiv/ev_ws/perception/install/velodyne_pointcloud:/home/aiv/ev_ws/perception/install/velodyne_driver:/home/aiv/ev_ws/perception/install/velodyne_msgs:/home/aiv/ev_ws/perception/install/velodyne_cropbox:/home/aiv/ev_ws/perception/install/patchworkpp:/home/aiv/ev_ws/perception/install/make_bbox:/home/aiv/ev_ws/perception/install/lidar_voxel_grid:/home/aiv/ev_ws/perception/install/dbscan_clustering:/home/aiv/ev_ws/perception/install/cluster_splitter:/opt/ros/humble /usr/bin/cmake --build /home/aiv/ev_ws/build/erp42_description -- -j28 -l28
[0.445s] Invoked command in '/home/aiv/ev_ws/build/erp42_description' returned '0': AMENT_PREFIX_PATH=/home/aiv/ev_ws/install/erp42_cmake:${AMENT_PREFIX_PATH} CMAKE_PREFIX_PATH=/home/aiv/ev_ws/install/erp42_cmake:/home/aiv/ev_ws/carsa_gazebo/install/carsa_gazebo:/home/aiv/ev_ws/planning/install/chaining_costmap_ver:/home/aiv/ev_ws/ev_msgs/install/ev_msgs:/home/aiv/ev_ws/erp42_ros/install/erp42_serial:/home/aiv/ev_ws/erp42_ros/install/erp42_rqt_plugin:/home/aiv/ev_ws/erp42_ros/install/erp42_gazebo:/home/aiv/ev_ws/erp42_ros/install/erp42_util:/home/aiv/ev_ws/erp42_ros/install/erp42_msgs:/home/aiv/ev_ws/erp42_ros/install/erp42_description:/home/aiv/ev_ws/erp42_ros/install/erp42_cmake:/home/aiv/ev_ws/perception/install/velodyne:/home/aiv/ev_ws/perception/install/lidar_launch:/home/aiv/ev_ws/perception/install/velodyne_pointcloud:/home/aiv/ev_ws/perception/install/velodyne_driver:/home/aiv/ev_ws/perception/install/velodyne_msgs:/home/aiv/ev_ws/perception/install/velodyne_cropbox:/home/aiv/ev_ws/perception/install/patchworkpp:/home/aiv/ev_ws/perception/install/make_bbox:/home/aiv/ev_ws/perception/install/lidar_voxel_grid:/home/aiv/ev_ws/perception/install/dbscan_clustering:/home/aiv/ev_ws/perception/install/cluster_splitter:/opt/ros/humble /usr/bin/cmake --build /home/aiv/ev_ws/build/erp42_description -- -j28 -l28
[0.446s] Invoking command in '/home/aiv/ev_ws/build/erp42_description': AMENT_PREFIX_PATH=/home/aiv/ev_ws/install/erp42_cmake:${AMENT_PREFIX_PATH} CMAKE_PREFIX_PATH=/home/aiv/ev_ws/install/erp42_cmake:/home/aiv/ev_ws/carsa_gazebo/install/carsa_gazebo:/home/aiv/ev_ws/planning/install/chaining_costmap_ver:/home/aiv/ev_ws/ev_msgs/install/ev_msgs:/home/aiv/ev_ws/erp42_ros/install/erp42_serial:/home/aiv/ev_ws/erp42_ros/install/erp42_rqt_plugin:/home/aiv/ev_ws/erp42_ros/install/erp42_gazebo:/home/aiv/ev_ws/erp42_ros/install/erp42_util:/home/aiv/ev_ws/erp42_ros/install/erp42_msgs:/home/aiv/ev_ws/erp42_ros/install/erp42_description:/home/aiv/ev_ws/erp42_ros/install/erp42_cmake:/home/aiv/ev_ws/perception/install/velodyne:/home/aiv/ev_ws/perception/install/lidar_launch:/home/aiv/ev_ws/perception/install/velodyne_pointcloud:/home/aiv/ev_ws/perception/install/velodyne_driver:/home/aiv/ev_ws/perception/install/velodyne_msgs:/home/aiv/ev_ws/perception/install/velodyne_cropbox:/home/aiv/ev_ws/perception/install/patchworkpp:/home/aiv/ev_ws/perception/install/make_bbox:/home/aiv/ev_ws/perception/install/lidar_voxel_grid:/home/aiv/ev_ws/perception/install/dbscan_clustering:/home/aiv/ev_ws/perception/install/cluster_splitter:/opt/ros/humble /usr/bin/cmake --install /home/aiv/ev_ws/build/erp42_description
[0.450s] -- Install configuration: ""
[0.451s] -- Execute custom install script
[0.451s] -- Symlinking: /home/aiv/ev_ws/install/erp42_description/include/erp42_description/erp42_description/vehicle_parameters.hpp
[0.455s] -- Symlinking: /home/aiv/ev_ws/install/erp42_description/share/ament_index/resource_index/package_run_dependencies/erp42_description
[0.461s] -- Symlinking: /home/aiv/ev_ws/install/erp42_description/share/ament_index/resource_index/parent_prefix_path/erp42_description
[0.468s] -- Symlinking: /home/aiv/ev_ws/install/erp42_description/share/erp42_description/environment/ament_prefix_path.sh
[0.473s] -- Symlinking: /home/aiv/ev_ws/install/erp42_description/share/erp42_description/environment/ament_prefix_path.dsv
[0.481s] -- Symlinking: /home/aiv/ev_ws/install/erp42_description/share/erp42_description/environment/path.sh
[0.488s] -- Symlinking: /home/aiv/ev_ws/install/erp42_description/share/erp42_description/environment/path.dsv
[0.495s] -- Symlinking: /home/aiv/ev_ws/install/erp42_description/share/erp42_description/local_setup.bash
[0.504s] -- Symlinking: /home/aiv/ev_ws/install/erp42_description/share/erp42_description/local_setup.sh
[0.509s] -- Symlinking: /home/aiv/ev_ws/install/erp42_description/share/erp42_description/local_setup.zsh
[0.513s] -- Symlinking: /home/aiv/ev_ws/install/erp42_description/share/erp42_description/local_setup.dsv
[0.518s] -- Symlinking: /home/aiv/ev_ws/install/erp42_description/share/erp42_description/package.dsv
[0.523s] -- Symlinking: /home/aiv/ev_ws/install/erp42_description/share/ament_index/resource_index/packages/erp42_description
[0.531s] -- Symlinking: /home/aiv/ev_ws/install/erp42_description/share/erp42_description/cmake/ament_cmake_export_include_directories-extras.cmake
[0.540s] -- Symlinking: /home/aiv/ev_ws/install/erp42_description/share/erp42_description/cmake/erp42_descriptionConfig.cmake
[0.546s] -- Symlinking: /home/aiv/ev_ws/install/erp42_description/share/erp42_description/cmake/erp42_descriptionConfig-version.cmake
[0.554s] -- Symlinking: /home/aiv/ev_ws/install/erp42_description/share/erp42_description/package.xml
[0.562s] -- Symlinking: /home/aiv/ev_ws/install/erp42_description/share/erp42_description/launch/vehicle_description.launch.py
[0.569s] -- Symlinking: /home/aiv/ev_ws/install/erp42_description/share/erp42_description/meshes/erp42_bumper.dae
[0.575s] -- Symlinking: /home/aiv/ev_ws/install/erp42_description/share/erp42_description/meshes/erp42_chassis.dae
[0.581s] -- Symlinking: /home/aiv/ev_ws/install/erp42_description/share/erp42_description/meshes/erp42_rim.dae
[0.589s] -- Symlinking: /home/aiv/ev_ws/install/erp42_description/share/erp42_description/meshes/erp42_tire.dae
[0.595s] -- Symlinking: /home/aiv/ev_ws/install/erp42_description/share/erp42_description/rviz/vehicle_description.rviz
[0.601s] -- Symlinking: /home/aiv/ev_ws/install/erp42_description/share/erp42_description/urdf/erp42.urdf
[0.607s] -- Symlinking: /home/aiv/ev_ws/install/erp42_description/share/erp42_description/urdf/erp42.xacro
[0.615s] -- Symlinking: /home/aiv/ev_ws/install/erp42_description/share/erp42_description/urdf/erp42_model.xacro
[0.621s] -- Symlinking: /home/aiv/ev_ws/install/erp42_description/share/erp42_description/urdf/erp42_wheel.xacro
[0.631s] Invoked command in '/home/aiv/ev_ws/build/erp42_description' returned '0': AMENT_PREFIX_PATH=/home/aiv/ev_ws/install/erp42_cmake:${AMENT_PREFIX_PATH} CMAKE_PREFIX_PATH=/home/aiv/ev_ws/install/erp42_cmake:/home/aiv/ev_ws/carsa_gazebo/install/carsa_gazebo:/home/aiv/ev_ws/planning/install/chaining_costmap_ver:/home/aiv/ev_ws/ev_msgs/install/ev_msgs:/home/aiv/ev_ws/erp42_ros/install/erp42_serial:/home/aiv/ev_ws/erp42_ros/install/erp42_rqt_plugin:/home/aiv/ev_ws/erp42_ros/install/erp42_gazebo:/home/aiv/ev_ws/erp42_ros/install/erp42_util:/home/aiv/ev_ws/erp42_ros/install/erp42_msgs:/home/aiv/ev_ws/erp42_ros/install/erp42_description:/home/aiv/ev_ws/erp42_ros/install/erp42_cmake:/home/aiv/ev_ws/perception/install/velodyne:/home/aiv/ev_ws/perception/install/lidar_launch:/home/aiv/ev_ws/perception/install/velodyne_pointcloud:/home/aiv/ev_ws/perception/install/velodyne_driver:/home/aiv/ev_ws/perception/install/velodyne_msgs:/home/aiv/ev_ws/perception/install/velodyne_cropbox:/home/aiv/ev_ws/perception/install/patchworkpp:/home/aiv/ev_ws/perception/install/make_bbox:/home/aiv/ev_ws/perception/install/lidar_voxel_grid:/home/aiv/ev_ws/perception/install/dbscan_clustering:/home/aiv/ev_ws/perception/install/cluster_splitter:/opt/ros/humble /usr/bin/cmake --install /home/aiv/ev_ws/build/erp42_description
