-- The C compiler identification is GNU 11.4.0
-- The CXX compiler identification is GNU 11.4.0
-- Detecting C compiler ABI info
-- Detecting C compiler ABI info - done
-- Check for working C compiler: /usr/bin/cc - skipped
-- Detecting C compile features
-- Detecting C compile features - done
-- Detecting CXX compiler ABI info
-- Detecting CXX compiler ABI info - done
-- Check for working CXX compiler: /usr/bin/c++ - skipped
-- Detecting CXX compile features
-- Detecting CXX compile features - done
-- Found ament_cmake: 1.3.12 (/opt/ros/humble/share/ament_cmake/cmake)
-- Found Python3: /usr/bin/python3 (found version "3.10.12") found components: Interpreter 
-- Found rosidl_default_generators: 1.2.0 (/opt/ros/humble/share/rosidl_default_generators/cmake)
-- Using all available rosidl_typesupport_c: rosidl_typesupport_fastrtps_c;rosidl_typesupport_introspection_c
-- Found rosidl_adapter: 3.1.8 (/opt/ros/humble/share/rosidl_adapter/cmake)
-- Using all available rosidl_typesupport_cpp: rosidl_typesupport_fastrtps_cpp;rosidl_typesupport_introspection_cpp
-- Found geometry_msgs: 4.9.0 (/opt/ros/humble/share/geometry_msgs/cmake)
-- Found ament_cmake_ros: 0.10.0 (/opt/ros/humble/share/ament_cmake_ros/cmake)
-- Using all available rosidl_typesupport_c: rosidl_typesupport_fastrtps_c;rosidl_typesupport_introspection_c
-- Using all available rosidl_typesupport_cpp: rosidl_typesupport_fastrtps_cpp;rosidl_typesupport_introspection_cpp
-- Found PythonInterp: /usr/bin/python3 (found suitable version "3.10.12", minimum required is "3.6") 
-- Found python_cmake_module: 0.10.0 (/opt/ros/humble/share/python_cmake_module/cmake)
-- Found PythonLibs: /usr/lib/x86_64-linux-gnu/libpython3.10.so (found suitable version "3.10.12", minimum required is "3.5") 
-- Using PYTHON_EXECUTABLE: /usr/bin/python3
-- Using PYTHON_INCLUDE_DIRS: /usr/include/python3.10
-- Using PYTHON_LIBRARIES: /usr/lib/x86_64-linux-gnu/libpython3.10.so
-- Found PythonExtra: .so  
-- Configuring done
-- Generating done
-- Build files have been written to: /home/aiv/ev_ws/build/ev_msgs
[  1%] Generating C code for ROS interfaces
[  3%] Generating C++ code for ROS interfaces
[  3%] Built target ament_cmake_python_copy_ev_msgs
running egg_info
creating ev_msgs.egg-info
writing ev_msgs.egg-info/PKG-INFO
writing dependency_links to ev_msgs.egg-info/dependency_links.txt
writing top-level names to ev_msgs.egg-info/top_level.txt
writing manifest file 'ev_msgs.egg-info/SOURCES.txt'
reading manifest file 'ev_msgs.egg-info/SOURCES.txt'
writing manifest file 'ev_msgs.egg-info/SOURCES.txt'
[  3%] Built target ament_cmake_python_build_ev_msgs_egg
[  3%] Built target ev_msgs__cpp
[  7%] Generating C++ type support dispatch for ROS interfaces
[  7%] Generating C++ type support for eProsima Fast-RTPS
[  9%] Generating C++ introspection for ROS interfaces
[ 10%] Building C object CMakeFiles/ev_msgs__rosidl_generator_c.dir/rosidl_generator_c/ev_msgs/msg/detail/cone__functions.c.o
[ 12%] Building C object CMakeFiles/ev_msgs__rosidl_generator_c.dir/rosidl_generator_c/ev_msgs/msg/detail/lane_boundary__functions.c.o
[ 16%] Building C object CMakeFiles/ev_msgs__rosidl_generator_c.dir/rosidl_generator_c/ev_msgs/msg/detail/lane_boundary_array__functions.c.o
[ 16%] Building C object CMakeFiles/ev_msgs__rosidl_generator_c.dir/rosidl_generator_c/ev_msgs/msg/detail/cone_array__functions.c.o
[ 18%] Linking C shared library libev_msgs__rosidl_generator_c.so
[ 18%] Built target ev_msgs__rosidl_generator_c
[ 23%] Generating C introspection for ROS interfaces
[ 23%] Generating C type support dispatch for ROS interfaces
[ 23%] Generating C type support for eProsima Fast-RTPS
[ 25%] Building CXX object CMakeFiles/ev_msgs__rosidl_typesupport_cpp.dir/rosidl_typesupport_cpp/ev_msgs/msg/lane_boundary_array__type_support.cpp.o
[ 27%] Building CXX object CMakeFiles/ev_msgs__rosidl_typesupport_cpp.dir/rosidl_typesupport_cpp/ev_msgs/msg/cone__type_support.cpp.o
[ 30%] Building CXX object CMakeFiles/ev_msgs__rosidl_typesupport_cpp.dir/rosidl_typesupport_cpp/ev_msgs/msg/cone_array__type_support.cpp.o
[ 30%] Building CXX object CMakeFiles/ev_msgs__rosidl_typesupport_cpp.dir/rosidl_typesupport_cpp/ev_msgs/msg/lane_boundary__type_support.cpp.o
[ 32%] Building CXX object CMakeFiles/ev_msgs__rosidl_typesupport_introspection_cpp.dir/rosidl_typesupport_introspection_cpp/ev_msgs/msg/detail/cone__type_support.cpp.o
[ 34%] Building CXX object CMakeFiles/ev_msgs__rosidl_typesupport_introspection_cpp.dir/rosidl_typesupport_introspection_cpp/ev_msgs/msg/detail/lane_boundary__type_support.cpp.o
[ 36%] Building CXX object CMakeFiles/ev_msgs__rosidl_typesupport_introspection_cpp.dir/rosidl_typesupport_introspection_cpp/ev_msgs/msg/detail/lane_boundary_array__type_support.cpp.o
[ 38%] Building CXX object CMakeFiles/ev_msgs__rosidl_typesupport_introspection_cpp.dir/rosidl_typesupport_introspection_cpp/ev_msgs/msg/detail/cone_array__type_support.cpp.o
[ 40%] Building CXX object CMakeFiles/ev_msgs__rosidl_typesupport_fastrtps_cpp.dir/rosidl_typesupport_fastrtps_cpp/ev_msgs/msg/detail/dds_fastrtps/cone__type_support.cpp.o
[ 45%] Building CXX object CMakeFiles/ev_msgs__rosidl_typesupport_fastrtps_cpp.dir/rosidl_typesupport_fastrtps_cpp/ev_msgs/msg/detail/dds_fastrtps/lane_boundary__type_support.cpp.o
[ 45%] Building CXX object CMakeFiles/ev_msgs__rosidl_typesupport_fastrtps_cpp.dir/rosidl_typesupport_fastrtps_cpp/ev_msgs/msg/detail/dds_fastrtps/cone_array__type_support.cpp.o
[ 45%] Building CXX object CMakeFiles/ev_msgs__rosidl_typesupport_fastrtps_cpp.dir/rosidl_typesupport_fastrtps_cpp/ev_msgs/msg/detail/dds_fastrtps/lane_boundary_array__type_support.cpp.o
[ 47%] Building CXX object CMakeFiles/ev_msgs__rosidl_typesupport_c.dir/rosidl_typesupport_c/ev_msgs/msg/cone__type_support.cpp.o
[ 52%] Building CXX object CMakeFiles/ev_msgs__rosidl_typesupport_c.dir/rosidl_typesupport_c/ev_msgs/msg/lane_boundary_array__type_support.cpp.o
[ 52%] Building CXX object CMakeFiles/ev_msgs__rosidl_typesupport_c.dir/rosidl_typesupport_c/ev_msgs/msg/cone_array__type_support.cpp.o
[ 52%] Building CXX object CMakeFiles/ev_msgs__rosidl_typesupport_c.dir/rosidl_typesupport_c/ev_msgs/msg/lane_boundary__type_support.cpp.o
[ 54%] Linking CXX shared library libev_msgs__rosidl_typesupport_c.so
[ 56%] Building C object CMakeFiles/ev_msgs__rosidl_typesupport_introspection_c.dir/rosidl_typesupport_introspection_c/ev_msgs/msg/detail/cone_array__type_support.c.o
[ 58%] Building C object CMakeFiles/ev_msgs__rosidl_typesupport_introspection_c.dir/rosidl_typesupport_introspection_c/ev_msgs/msg/detail/cone__type_support.c.o
[ 60%] Building C object CMakeFiles/ev_msgs__rosidl_typesupport_introspection_c.dir/rosidl_typesupport_introspection_c/ev_msgs/msg/detail/lane_boundary__type_support.c.o
[ 61%] Building C object CMakeFiles/ev_msgs__rosidl_typesupport_introspection_c.dir/rosidl_typesupport_introspection_c/ev_msgs/msg/detail/lane_boundary_array__type_support.c.o
[ 63%] Building CXX object CMakeFiles/ev_msgs__rosidl_typesupport_fastrtps_c.dir/rosidl_typesupport_fastrtps_c/ev_msgs/msg/detail/cone__type_support_c.cpp.o
[ 69%] Building CXX object CMakeFiles/ev_msgs__rosidl_typesupport_fastrtps_c.dir/rosidl_typesupport_fastrtps_c/ev_msgs/msg/detail/lane_boundary__type_support_c.cpp.o
[ 69%] Building CXX object CMakeFiles/ev_msgs__rosidl_typesupport_fastrtps_c.dir/rosidl_typesupport_fastrtps_c/ev_msgs/msg/detail/cone_array__type_support_c.cpp.o
[ 69%] Building CXX object CMakeFiles/ev_msgs__rosidl_typesupport_fastrtps_c.dir/rosidl_typesupport_fastrtps_c/ev_msgs/msg/detail/lane_boundary_array__type_support_c.cpp.o
[ 69%] Built target ev_msgs__rosidl_typesupport_c
[ 70%] Linking C shared library libev_msgs__rosidl_typesupport_introspection_c.so
[ 70%] Built target ev_msgs__rosidl_typesupport_introspection_c
[ 72%] Linking CXX shared library libev_msgs__rosidl_typesupport_cpp.so
[ 72%] Built target ev_msgs__rosidl_typesupport_cpp
[ 74%] Linking CXX shared library libev_msgs__rosidl_typesupport_fastrtps_cpp.so
[ 74%] Built target ev_msgs__rosidl_typesupport_fastrtps_cpp
[ 76%] Linking CXX shared library libev_msgs__rosidl_typesupport_introspection_cpp.so
[ 78%] Linking CXX shared library libev_msgs__rosidl_typesupport_fastrtps_c.so
[ 78%] Built target ev_msgs__rosidl_typesupport_introspection_cpp
[ 78%] Built target ev_msgs__rosidl_typesupport_fastrtps_c
[ 78%] Built target ev_msgs
[ 80%] Generating Python code for ROS interfaces
[ 80%] Built target ev_msgs__py
[ 81%] Building C object CMakeFiles/ev_msgs__rosidl_generator_py.dir/rosidl_generator_py/ev_msgs/msg/_cone_s.c.o
[ 83%] Building C object CMakeFiles/ev_msgs__rosidl_generator_py.dir/rosidl_generator_py/ev_msgs/msg/_cone_array_s.c.o
[ 85%] Building C object CMakeFiles/ev_msgs__rosidl_generator_py.dir/rosidl_generator_py/ev_msgs/msg/_lane_boundary_s.c.o
[ 87%] Building C object CMakeFiles/ev_msgs__rosidl_generator_py.dir/rosidl_generator_py/ev_msgs/msg/_lane_boundary_array_s.c.o
[ 89%] Linking C shared library rosidl_generator_py/ev_msgs/libev_msgs__rosidl_generator_py.so
[ 89%] Built target ev_msgs__rosidl_generator_py
[ 90%] Building C object CMakeFiles/ev_msgs__rosidl_typesupport_introspection_c__pyext.dir/rosidl_generator_py/ev_msgs/_ev_msgs_s.ep.rosidl_typesupport_introspection_c.c.o
[ 92%] Building C object CMakeFiles/ev_msgs__rosidl_typesupport_fastrtps_c__pyext.dir/rosidl_generator_py/ev_msgs/_ev_msgs_s.ep.rosidl_typesupport_fastrtps_c.c.o
[ 94%] Building C object CMakeFiles/ev_msgs__rosidl_typesupport_c__pyext.dir/rosidl_generator_py/ev_msgs/_ev_msgs_s.ep.rosidl_typesupport_c.c.o
[ 96%] Linking C shared library rosidl_generator_py/ev_msgs/ev_msgs_s__rosidl_typesupport_introspection_c.cpython-310-x86_64-linux-gnu.so
[100%] Linking C shared library rosidl_generator_py/ev_msgs/ev_msgs_s__rosidl_typesupport_c.cpython-310-x86_64-linux-gnu.so
[100%] Linking C shared library rosidl_generator_py/ev_msgs/ev_msgs_s__rosidl_typesupport_fastrtps_c.cpython-310-x86_64-linux-gnu.so
[100%] Built target ev_msgs__rosidl_typesupport_introspection_c__pyext
[100%] Built target ev_msgs__rosidl_typesupport_c__pyext
[100%] Built target ev_msgs__rosidl_typesupport_fastrtps_c__pyext
-- Install configuration: ""
-- Installing: /home/aiv/ev_ws/install/ev_msgs/share/ament_index/resource_index/rosidl_interfaces/ev_msgs
-- Installing: /home/aiv/ev_ws/install/ev_msgs/include/ev_msgs/ev_msgs
-- Installing: /home/aiv/ev_ws/install/ev_msgs/include/ev_msgs/ev_msgs/msg
-- Installing: /home/aiv/ev_ws/install/ev_msgs/include/ev_msgs/ev_msgs/msg/lane_boundary.h
-- Installing: /home/aiv/ev_ws/install/ev_msgs/include/ev_msgs/ev_msgs/msg/rosidl_generator_c__visibility_control.h
-- Installing: /home/aiv/ev_ws/install/ev_msgs/include/ev_msgs/ev_msgs/msg/cone.h
-- Installing: /home/aiv/ev_ws/install/ev_msgs/include/ev_msgs/ev_msgs/msg/lane_boundary_array.h
-- Installing: /home/aiv/ev_ws/install/ev_msgs/include/ev_msgs/ev_msgs/msg/cone_array.h
-- Installing: /home/aiv/ev_ws/install/ev_msgs/include/ev_msgs/ev_msgs/msg/detail
-- Installing: /home/aiv/ev_ws/install/ev_msgs/include/ev_msgs/ev_msgs/msg/detail/cone__functions.c
-- Installing: /home/aiv/ev_ws/install/ev_msgs/include/ev_msgs/ev_msgs/msg/detail/lane_boundary__functions.h
-- Installing: /home/aiv/ev_ws/install/ev_msgs/include/ev_msgs/ev_msgs/msg/detail/cone_array__struct.h
-- Installing: /home/aiv/ev_ws/install/ev_msgs/include/ev_msgs/ev_msgs/msg/detail/cone_array__functions.h
-- Installing: /home/aiv/ev_ws/install/ev_msgs/include/ev_msgs/ev_msgs/msg/detail/cone_array__functions.c
-- Installing: /home/aiv/ev_ws/install/ev_msgs/include/ev_msgs/ev_msgs/msg/detail/lane_boundary__functions.c
-- Installing: /home/aiv/ev_ws/install/ev_msgs/include/ev_msgs/ev_msgs/msg/detail/lane_boundary_array__struct.h
-- Installing: /home/aiv/ev_ws/install/ev_msgs/include/ev_msgs/ev_msgs/msg/detail/lane_boundary__struct.h
-- Installing: /home/aiv/ev_ws/install/ev_msgs/include/ev_msgs/ev_msgs/msg/detail/lane_boundary_array__functions.c
-- Installing: /home/aiv/ev_ws/install/ev_msgs/include/ev_msgs/ev_msgs/msg/detail/cone__type_support.h
-- Installing: /home/aiv/ev_ws/install/ev_msgs/include/ev_msgs/ev_msgs/msg/detail/lane_boundary_array__functions.h
-- Installing: /home/aiv/ev_ws/install/ev_msgs/include/ev_msgs/ev_msgs/msg/detail/cone__functions.h
-- Installing: /home/aiv/ev_ws/install/ev_msgs/include/ev_msgs/ev_msgs/msg/detail/lane_boundary_array__type_support.h
-- Installing: /home/aiv/ev_ws/install/ev_msgs/include/ev_msgs/ev_msgs/msg/detail/cone__struct.h
-- Installing: /home/aiv/ev_ws/install/ev_msgs/include/ev_msgs/ev_msgs/msg/detail/cone_array__type_support.h
-- Installing: /home/aiv/ev_ws/install/ev_msgs/include/ev_msgs/ev_msgs/msg/detail/lane_boundary__type_support.h
-- Installing: /home/aiv/ev_ws/install/ev_msgs/share/ev_msgs/environment/library_path.sh
-- Installing: /home/aiv/ev_ws/install/ev_msgs/share/ev_msgs/environment/library_path.dsv
-- Installing: /home/aiv/ev_ws/install/ev_msgs/lib/libev_msgs__rosidl_generator_c.so
-- Set runtime path of "/home/aiv/ev_ws/install/ev_msgs/lib/libev_msgs__rosidl_generator_c.so" to ""
-- Up-to-date: /home/aiv/ev_ws/install/ev_msgs/include/ev_msgs/ev_msgs
-- Up-to-date: /home/aiv/ev_ws/install/ev_msgs/include/ev_msgs/ev_msgs/msg
-- Installing: /home/aiv/ev_ws/install/ev_msgs/include/ev_msgs/ev_msgs/msg/rosidl_typesupport_fastrtps_c__visibility_control.h
-- Up-to-date: /home/aiv/ev_ws/install/ev_msgs/include/ev_msgs/ev_msgs/msg/detail
-- Installing: /home/aiv/ev_ws/install/ev_msgs/include/ev_msgs/ev_msgs/msg/detail/lane_boundary__rosidl_typesupport_fastrtps_c.h
-- Installing: /home/aiv/ev_ws/install/ev_msgs/include/ev_msgs/ev_msgs/msg/detail/cone__rosidl_typesupport_fastrtps_c.h
-- Installing: /home/aiv/ev_ws/install/ev_msgs/include/ev_msgs/ev_msgs/msg/detail/cone_array__rosidl_typesupport_fastrtps_c.h
-- Installing: /home/aiv/ev_ws/install/ev_msgs/include/ev_msgs/ev_msgs/msg/detail/lane_boundary_array__rosidl_typesupport_fastrtps_c.h
-- Installing: /home/aiv/ev_ws/install/ev_msgs/lib/libev_msgs__rosidl_typesupport_fastrtps_c.so
-- Set runtime path of "/home/aiv/ev_ws/install/ev_msgs/lib/libev_msgs__rosidl_typesupport_fastrtps_c.so" to ""
-- Up-to-date: /home/aiv/ev_ws/install/ev_msgs/include/ev_msgs/ev_msgs
-- Up-to-date: /home/aiv/ev_ws/install/ev_msgs/include/ev_msgs/ev_msgs/msg
-- Up-to-date: /home/aiv/ev_ws/install/ev_msgs/include/ev_msgs/ev_msgs/msg/detail
-- Installing: /home/aiv/ev_ws/install/ev_msgs/include/ev_msgs/ev_msgs/msg/detail/lane_boundary_array__type_support.c
-- Installing: /home/aiv/ev_ws/install/ev_msgs/include/ev_msgs/ev_msgs/msg/detail/cone_array__rosidl_typesupport_introspection_c.h
-- Installing: /home/aiv/ev_ws/install/ev_msgs/include/ev_msgs/ev_msgs/msg/detail/cone__type_support.c
-- Installing: /home/aiv/ev_ws/install/ev_msgs/include/ev_msgs/ev_msgs/msg/detail/cone__rosidl_typesupport_introspection_c.h
-- Installing: /home/aiv/ev_ws/install/ev_msgs/include/ev_msgs/ev_msgs/msg/detail/lane_boundary__type_support.c
-- Installing: /home/aiv/ev_ws/install/ev_msgs/include/ev_msgs/ev_msgs/msg/detail/lane_boundary_array__rosidl_typesupport_introspection_c.h
-- Installing: /home/aiv/ev_ws/install/ev_msgs/include/ev_msgs/ev_msgs/msg/detail/cone_array__type_support.c
-- Installing: /home/aiv/ev_ws/install/ev_msgs/include/ev_msgs/ev_msgs/msg/detail/lane_boundary__rosidl_typesupport_introspection_c.h
-- Installing: /home/aiv/ev_ws/install/ev_msgs/include/ev_msgs/ev_msgs/msg/rosidl_typesupport_introspection_c__visibility_control.h
-- Installing: /home/aiv/ev_ws/install/ev_msgs/lib/libev_msgs__rosidl_typesupport_introspection_c.so
-- Set runtime path of "/home/aiv/ev_ws/install/ev_msgs/lib/libev_msgs__rosidl_typesupport_introspection_c.so" to ""
-- Installing: /home/aiv/ev_ws/install/ev_msgs/lib/libev_msgs__rosidl_typesupport_c.so
-- Set runtime path of "/home/aiv/ev_ws/install/ev_msgs/lib/libev_msgs__rosidl_typesupport_c.so" to ""
-- Up-to-date: /home/aiv/ev_ws/install/ev_msgs/include/ev_msgs/ev_msgs
-- Up-to-date: /home/aiv/ev_ws/install/ev_msgs/include/ev_msgs/ev_msgs/msg
-- Installing: /home/aiv/ev_ws/install/ev_msgs/include/ev_msgs/ev_msgs/msg/cone_array.hpp
-- Installing: /home/aiv/ev_ws/install/ev_msgs/include/ev_msgs/ev_msgs/msg/lane_boundary.hpp
-- Installing: /home/aiv/ev_ws/install/ev_msgs/include/ev_msgs/ev_msgs/msg/rosidl_generator_cpp__visibility_control.hpp
-- Up-to-date: /home/aiv/ev_ws/install/ev_msgs/include/ev_msgs/ev_msgs/msg/detail
-- Installing: /home/aiv/ev_ws/install/ev_msgs/include/ev_msgs/ev_msgs/msg/detail/cone__builder.hpp
-- Installing: /home/aiv/ev_ws/install/ev_msgs/include/ev_msgs/ev_msgs/msg/detail/cone__type_support.hpp
-- Installing: /home/aiv/ev_ws/install/ev_msgs/include/ev_msgs/ev_msgs/msg/detail/lane_boundary_array__traits.hpp
-- Installing: /home/aiv/ev_ws/install/ev_msgs/include/ev_msgs/ev_msgs/msg/detail/lane_boundary_array__type_support.hpp
-- Installing: /home/aiv/ev_ws/install/ev_msgs/include/ev_msgs/ev_msgs/msg/detail/cone__struct.hpp
-- Installing: /home/aiv/ev_ws/install/ev_msgs/include/ev_msgs/ev_msgs/msg/detail/lane_boundary_array__struct.hpp
-- Installing: /home/aiv/ev_ws/install/ev_msgs/include/ev_msgs/ev_msgs/msg/detail/cone_array__traits.hpp
-- Installing: /home/aiv/ev_ws/install/ev_msgs/include/ev_msgs/ev_msgs/msg/detail/lane_boundary__type_support.hpp
-- Installing: /home/aiv/ev_ws/install/ev_msgs/include/ev_msgs/ev_msgs/msg/detail/cone_array__struct.hpp
-- Installing: /home/aiv/ev_ws/install/ev_msgs/include/ev_msgs/ev_msgs/msg/detail/cone__traits.hpp
-- Installing: /home/aiv/ev_ws/install/ev_msgs/include/ev_msgs/ev_msgs/msg/detail/lane_boundary_array__builder.hpp
-- Installing: /home/aiv/ev_ws/install/ev_msgs/include/ev_msgs/ev_msgs/msg/detail/lane_boundary__struct.hpp
-- Installing: /home/aiv/ev_ws/install/ev_msgs/include/ev_msgs/ev_msgs/msg/detail/lane_boundary__builder.hpp
-- Installing: /home/aiv/ev_ws/install/ev_msgs/include/ev_msgs/ev_msgs/msg/detail/lane_boundary__traits.hpp
-- Installing: /home/aiv/ev_ws/install/ev_msgs/include/ev_msgs/ev_msgs/msg/detail/cone_array__type_support.hpp
-- Installing: /home/aiv/ev_ws/install/ev_msgs/include/ev_msgs/ev_msgs/msg/detail/cone_array__builder.hpp
-- Installing: /home/aiv/ev_ws/install/ev_msgs/include/ev_msgs/ev_msgs/msg/cone.hpp
-- Installing: /home/aiv/ev_ws/install/ev_msgs/include/ev_msgs/ev_msgs/msg/lane_boundary_array.hpp
-- Up-to-date: /home/aiv/ev_ws/install/ev_msgs/include/ev_msgs/ev_msgs
-- Up-to-date: /home/aiv/ev_ws/install/ev_msgs/include/ev_msgs/ev_msgs/msg
-- Up-to-date: /home/aiv/ev_ws/install/ev_msgs/include/ev_msgs/ev_msgs/msg/detail
-- Installing: /home/aiv/ev_ws/install/ev_msgs/include/ev_msgs/ev_msgs/msg/detail/dds_fastrtps
-- Installing: /home/aiv/ev_ws/install/ev_msgs/include/ev_msgs/ev_msgs/msg/detail/lane_boundary__rosidl_typesupport_fastrtps_cpp.hpp
-- Installing: /home/aiv/ev_ws/install/ev_msgs/include/ev_msgs/ev_msgs/msg/detail/cone__rosidl_typesupport_fastrtps_cpp.hpp
-- Installing: /home/aiv/ev_ws/install/ev_msgs/include/ev_msgs/ev_msgs/msg/detail/cone_array__rosidl_typesupport_fastrtps_cpp.hpp
-- Installing: /home/aiv/ev_ws/install/ev_msgs/include/ev_msgs/ev_msgs/msg/detail/lane_boundary_array__rosidl_typesupport_fastrtps_cpp.hpp
-- Installing: /home/aiv/ev_ws/install/ev_msgs/include/ev_msgs/ev_msgs/msg/rosidl_typesupport_fastrtps_cpp__visibility_control.h
-- Installing: /home/aiv/ev_ws/install/ev_msgs/lib/libev_msgs__rosidl_typesupport_fastrtps_cpp.so
-- Set runtime path of "/home/aiv/ev_ws/install/ev_msgs/lib/libev_msgs__rosidl_typesupport_fastrtps_cpp.so" to ""
-- Up-to-date: /home/aiv/ev_ws/install/ev_msgs/include/ev_msgs/ev_msgs
-- Up-to-date: /home/aiv/ev_ws/install/ev_msgs/include/ev_msgs/ev_msgs/msg
-- Up-to-date: /home/aiv/ev_ws/install/ev_msgs/include/ev_msgs/ev_msgs/msg/detail
-- Installing: /home/aiv/ev_ws/install/ev_msgs/include/ev_msgs/ev_msgs/msg/detail/lane_boundary__type_support.cpp
-- Installing: /home/aiv/ev_ws/install/ev_msgs/include/ev_msgs/ev_msgs/msg/detail/cone__type_support.cpp
-- Installing: /home/aiv/ev_ws/install/ev_msgs/include/ev_msgs/ev_msgs/msg/detail/lane_boundary_array__rosidl_typesupport_introspection_cpp.hpp
-- Installing: /home/aiv/ev_ws/install/ev_msgs/include/ev_msgs/ev_msgs/msg/detail/cone_array__rosidl_typesupport_introspection_cpp.hpp
-- Installing: /home/aiv/ev_ws/install/ev_msgs/include/ev_msgs/ev_msgs/msg/detail/lane_boundary_array__type_support.cpp
-- Installing: /home/aiv/ev_ws/install/ev_msgs/include/ev_msgs/ev_msgs/msg/detail/cone_array__type_support.cpp
-- Installing: /home/aiv/ev_ws/install/ev_msgs/include/ev_msgs/ev_msgs/msg/detail/cone__rosidl_typesupport_introspection_cpp.hpp
-- Installing: /home/aiv/ev_ws/install/ev_msgs/include/ev_msgs/ev_msgs/msg/detail/lane_boundary__rosidl_typesupport_introspection_cpp.hpp
-- Installing: /home/aiv/ev_ws/install/ev_msgs/lib/libev_msgs__rosidl_typesupport_introspection_cpp.so
-- Set runtime path of "/home/aiv/ev_ws/install/ev_msgs/lib/libev_msgs__rosidl_typesupport_introspection_cpp.so" to ""
-- Installing: /home/aiv/ev_ws/install/ev_msgs/lib/libev_msgs__rosidl_typesupport_cpp.so
-- Set runtime path of "/home/aiv/ev_ws/install/ev_msgs/lib/libev_msgs__rosidl_typesupport_cpp.so" to ""
-- Installing: /home/aiv/ev_ws/install/ev_msgs/share/ev_msgs/environment/pythonpath.sh
-- Installing: /home/aiv/ev_ws/install/ev_msgs/share/ev_msgs/environment/pythonpath.dsv
-- Installing: /home/aiv/ev_ws/install/ev_msgs/local/lib/python3.10/dist-packages/ev_msgs-0.1.0-py3.10.egg-info
-- Installing: /home/aiv/ev_ws/install/ev_msgs/local/lib/python3.10/dist-packages/ev_msgs-0.1.0-py3.10.egg-info/PKG-INFO
-- Installing: /home/aiv/ev_ws/install/ev_msgs/local/lib/python3.10/dist-packages/ev_msgs-0.1.0-py3.10.egg-info/top_level.txt
-- Installing: /home/aiv/ev_ws/install/ev_msgs/local/lib/python3.10/dist-packages/ev_msgs-0.1.0-py3.10.egg-info/SOURCES.txt
-- Installing: /home/aiv/ev_ws/install/ev_msgs/local/lib/python3.10/dist-packages/ev_msgs-0.1.0-py3.10.egg-info/dependency_links.txt
-- Installing: /home/aiv/ev_ws/install/ev_msgs/local/lib/python3.10/dist-packages/ev_msgs
-- Installing: /home/aiv/ev_ws/install/ev_msgs/local/lib/python3.10/dist-packages/ev_msgs/ev_msgs_s__rosidl_typesupport_c.cpython-310-x86_64-linux-gnu.so
-- Installing: /home/aiv/ev_ws/install/ev_msgs/local/lib/python3.10/dist-packages/ev_msgs/ev_msgs_s__rosidl_typesupport_introspection_c.cpython-310-x86_64-linux-gnu.so
-- Installing: /home/aiv/ev_ws/install/ev_msgs/local/lib/python3.10/dist-packages/ev_msgs/__init__.py
-- Installing: /home/aiv/ev_ws/install/ev_msgs/local/lib/python3.10/dist-packages/ev_msgs/_ev_msgs_s.ep.rosidl_typesupport_introspection_c.c
-- Installing: /home/aiv/ev_ws/install/ev_msgs/local/lib/python3.10/dist-packages/ev_msgs/libev_msgs__rosidl_generator_py.so
-- Installing: /home/aiv/ev_ws/install/ev_msgs/local/lib/python3.10/dist-packages/ev_msgs/msg
-- Installing: /home/aiv/ev_ws/install/ev_msgs/local/lib/python3.10/dist-packages/ev_msgs/msg/_cone_array.py
-- Installing: /home/aiv/ev_ws/install/ev_msgs/local/lib/python3.10/dist-packages/ev_msgs/msg/_lane_boundary.py
-- Installing: /home/aiv/ev_ws/install/ev_msgs/local/lib/python3.10/dist-packages/ev_msgs/msg/_lane_boundary_s.c
-- Installing: /home/aiv/ev_ws/install/ev_msgs/local/lib/python3.10/dist-packages/ev_msgs/msg/__init__.py
-- Installing: /home/aiv/ev_ws/install/ev_msgs/local/lib/python3.10/dist-packages/ev_msgs/msg/_lane_boundary_array_s.c
-- Installing: /home/aiv/ev_ws/install/ev_msgs/local/lib/python3.10/dist-packages/ev_msgs/msg/_cone_array_s.c
-- Installing: /home/aiv/ev_ws/install/ev_msgs/local/lib/python3.10/dist-packages/ev_msgs/msg/_lane_boundary_array.py
-- Installing: /home/aiv/ev_ws/install/ev_msgs/local/lib/python3.10/dist-packages/ev_msgs/msg/_cone_s.c
-- Installing: /home/aiv/ev_ws/install/ev_msgs/local/lib/python3.10/dist-packages/ev_msgs/msg/_cone.py
-- Installing: /home/aiv/ev_ws/install/ev_msgs/local/lib/python3.10/dist-packages/ev_msgs/_ev_msgs_s.ep.rosidl_typesupport_c.c
-- Installing: /home/aiv/ev_ws/install/ev_msgs/local/lib/python3.10/dist-packages/ev_msgs/ev_msgs_s__rosidl_typesupport_fastrtps_c.cpython-310-x86_64-linux-gnu.so
-- Installing: /home/aiv/ev_ws/install/ev_msgs/local/lib/python3.10/dist-packages/ev_msgs/_ev_msgs_s.ep.rosidl_typesupport_fastrtps_c.c
Listing '/home/aiv/ev_ws/install/ev_msgs/local/lib/python3.10/dist-packages/ev_msgs'...
Compiling '/home/aiv/ev_ws/install/ev_msgs/local/lib/python3.10/dist-packages/ev_msgs/__init__.py'...
Listing '/home/aiv/ev_ws/install/ev_msgs/local/lib/python3.10/dist-packages/ev_msgs/msg'...
Compiling '/home/aiv/ev_ws/install/ev_msgs/local/lib/python3.10/dist-packages/ev_msgs/msg/__init__.py'...
Compiling '/home/aiv/ev_ws/install/ev_msgs/local/lib/python3.10/dist-packages/ev_msgs/msg/_cone.py'...
Compiling '/home/aiv/ev_ws/install/ev_msgs/local/lib/python3.10/dist-packages/ev_msgs/msg/_cone_array.py'...
Compiling '/home/aiv/ev_ws/install/ev_msgs/local/lib/python3.10/dist-packages/ev_msgs/msg/_lane_boundary.py'...
Compiling '/home/aiv/ev_ws/install/ev_msgs/local/lib/python3.10/dist-packages/ev_msgs/msg/_lane_boundary_array.py'...
-- Installing: /home/aiv/ev_ws/install/ev_msgs/local/lib/python3.10/dist-packages/ev_msgs/ev_msgs_s__rosidl_typesupport_fastrtps_c.cpython-310-x86_64-linux-gnu.so
-- Set runtime path of "/home/aiv/ev_ws/install/ev_msgs/local/lib/python3.10/dist-packages/ev_msgs/ev_msgs_s__rosidl_typesupport_fastrtps_c.cpython-310-x86_64-linux-gnu.so" to ""
-- Installing: /home/aiv/ev_ws/install/ev_msgs/local/lib/python3.10/dist-packages/ev_msgs/ev_msgs_s__rosidl_typesupport_introspection_c.cpython-310-x86_64-linux-gnu.so
-- Set runtime path of "/home/aiv/ev_ws/install/ev_msgs/local/lib/python3.10/dist-packages/ev_msgs/ev_msgs_s__rosidl_typesupport_introspection_c.cpython-310-x86_64-linux-gnu.so" to ""
-- Installing: /home/aiv/ev_ws/install/ev_msgs/local/lib/python3.10/dist-packages/ev_msgs/ev_msgs_s__rosidl_typesupport_c.cpython-310-x86_64-linux-gnu.so
-- Set runtime path of "/home/aiv/ev_ws/install/ev_msgs/local/lib/python3.10/dist-packages/ev_msgs/ev_msgs_s__rosidl_typesupport_c.cpython-310-x86_64-linux-gnu.so" to ""
-- Installing: /home/aiv/ev_ws/install/ev_msgs/lib/libev_msgs__rosidl_generator_py.so
-- Set runtime path of "/home/aiv/ev_ws/install/ev_msgs/lib/libev_msgs__rosidl_generator_py.so" to ""
-- Installing: /home/aiv/ev_ws/install/ev_msgs/share/ev_msgs/msg/Cone.idl
-- Installing: /home/aiv/ev_ws/install/ev_msgs/share/ev_msgs/msg/ConeArray.idl
-- Installing: /home/aiv/ev_ws/install/ev_msgs/share/ev_msgs/msg/LaneBoundary.idl
-- Installing: /home/aiv/ev_ws/install/ev_msgs/share/ev_msgs/msg/LaneBoundaryArray.idl
-- Installing: /home/aiv/ev_ws/install/ev_msgs/share/ev_msgs/msg/Cone.msg
-- Installing: /home/aiv/ev_ws/install/ev_msgs/share/ev_msgs/msg/ConeArray.msg
-- Installing: /home/aiv/ev_ws/install/ev_msgs/share/ev_msgs/msg/LaneBoundary.msg
-- Installing: /home/aiv/ev_ws/install/ev_msgs/share/ev_msgs/msg/LaneBoundaryArray.msg
-- Installing: /home/aiv/ev_ws/install/ev_msgs/share/ament_index/resource_index/package_run_dependencies/ev_msgs
-- Installing: /home/aiv/ev_ws/install/ev_msgs/share/ament_index/resource_index/parent_prefix_path/ev_msgs
-- Installing: /home/aiv/ev_ws/install/ev_msgs/share/ev_msgs/environment/ament_prefix_path.sh
-- Installing: /home/aiv/ev_ws/install/ev_msgs/share/ev_msgs/environment/ament_prefix_path.dsv
-- Installing: /home/aiv/ev_ws/install/ev_msgs/share/ev_msgs/environment/path.sh
-- Installing: /home/aiv/ev_ws/install/ev_msgs/share/ev_msgs/environment/path.dsv
-- Installing: /home/aiv/ev_ws/install/ev_msgs/share/ev_msgs/local_setup.bash
-- Installing: /home/aiv/ev_ws/install/ev_msgs/share/ev_msgs/local_setup.sh
-- Installing: /home/aiv/ev_ws/install/ev_msgs/share/ev_msgs/local_setup.zsh
-- Installing: /home/aiv/ev_ws/install/ev_msgs/share/ev_msgs/local_setup.dsv
-- Installing: /home/aiv/ev_ws/install/ev_msgs/share/ev_msgs/package.dsv
-- Installing: /home/aiv/ev_ws/install/ev_msgs/share/ament_index/resource_index/packages/ev_msgs
-- Installing: /home/aiv/ev_ws/install/ev_msgs/share/ev_msgs/cmake/export_ev_msgs__rosidl_generator_cExport.cmake
-- Installing: /home/aiv/ev_ws/install/ev_msgs/share/ev_msgs/cmake/export_ev_msgs__rosidl_generator_cExport-noconfig.cmake
-- Installing: /home/aiv/ev_ws/install/ev_msgs/share/ev_msgs/cmake/export_ev_msgs__rosidl_typesupport_fastrtps_cExport.cmake
-- Installing: /home/aiv/ev_ws/install/ev_msgs/share/ev_msgs/cmake/export_ev_msgs__rosidl_typesupport_fastrtps_cExport-noconfig.cmake
-- Installing: /home/aiv/ev_ws/install/ev_msgs/share/ev_msgs/cmake/ev_msgs__rosidl_typesupport_introspection_cExport.cmake
-- Installing: /home/aiv/ev_ws/install/ev_msgs/share/ev_msgs/cmake/ev_msgs__rosidl_typesupport_introspection_cExport-noconfig.cmake
-- Installing: /home/aiv/ev_ws/install/ev_msgs/share/ev_msgs/cmake/ev_msgs__rosidl_typesupport_cExport.cmake
-- Installing: /home/aiv/ev_ws/install/ev_msgs/share/ev_msgs/cmake/ev_msgs__rosidl_typesupport_cExport-noconfig.cmake
-- Installing: /home/aiv/ev_ws/install/ev_msgs/share/ev_msgs/cmake/export_ev_msgs__rosidl_generator_cppExport.cmake
-- Installing: /home/aiv/ev_ws/install/ev_msgs/share/ev_msgs/cmake/export_ev_msgs__rosidl_typesupport_fastrtps_cppExport.cmake
-- Installing: /home/aiv/ev_ws/install/ev_msgs/share/ev_msgs/cmake/export_ev_msgs__rosidl_typesupport_fastrtps_cppExport-noconfig.cmake
-- Installing: /home/aiv/ev_ws/install/ev_msgs/share/ev_msgs/cmake/ev_msgs__rosidl_typesupport_introspection_cppExport.cmake
-- Installing: /home/aiv/ev_ws/install/ev_msgs/share/ev_msgs/cmake/ev_msgs__rosidl_typesupport_introspection_cppExport-noconfig.cmake
-- Installing: /home/aiv/ev_ws/install/ev_msgs/share/ev_msgs/cmake/ev_msgs__rosidl_typesupport_cppExport.cmake
-- Installing: /home/aiv/ev_ws/install/ev_msgs/share/ev_msgs/cmake/ev_msgs__rosidl_typesupport_cppExport-noconfig.cmake
-- Installing: /home/aiv/ev_ws/install/ev_msgs/share/ev_msgs/cmake/export_ev_msgs__rosidl_generator_pyExport.cmake
-- Installing: /home/aiv/ev_ws/install/ev_msgs/share/ev_msgs/cmake/export_ev_msgs__rosidl_generator_pyExport-noconfig.cmake
-- Installing: /home/aiv/ev_ws/install/ev_msgs/share/ev_msgs/cmake/rosidl_cmake-extras.cmake
-- Installing: /home/aiv/ev_ws/install/ev_msgs/share/ev_msgs/cmake/ament_cmake_export_dependencies-extras.cmake
-- Installing: /home/aiv/ev_ws/install/ev_msgs/share/ev_msgs/cmake/ament_cmake_export_include_directories-extras.cmake
-- Installing: /home/aiv/ev_ws/install/ev_msgs/share/ev_msgs/cmake/ament_cmake_export_libraries-extras.cmake
-- Installing: /home/aiv/ev_ws/install/ev_msgs/share/ev_msgs/cmake/ament_cmake_export_targets-extras.cmake
-- Installing: /home/aiv/ev_ws/install/ev_msgs/share/ev_msgs/cmake/rosidl_cmake_export_typesupport_targets-extras.cmake
-- Installing: /home/aiv/ev_ws/install/ev_msgs/share/ev_msgs/cmake/rosidl_cmake_export_typesupport_libraries-extras.cmake
-- Installing: /home/aiv/ev_ws/install/ev_msgs/share/ev_msgs/cmake/ev_msgsConfig.cmake
-- Installing: /home/aiv/ev_ws/install/ev_msgs/share/ev_msgs/cmake/ev_msgsConfig-version.cmake
-- Installing: /home/aiv/ev_ws/install/ev_msgs/share/ev_msgs/package.xml
