-- The C compiler identification is GNU 11.4.0
-- The CXX compiler identification is GNU 11.4.0
-- Detecting C compiler ABI info
-- Detecting C compiler ABI info - done
-- Check for working C compiler: /usr/bin/cc - skipped
-- Detecting C compile features
-- Detecting C compile features - done
-- Detecting CXX compiler ABI info
-- Detecting CXX compiler ABI info - done
-- Check for working CXX compiler: /usr/bin/c++ - skipped
-- Detecting CXX compile features
-- Detecting CXX compile features - done
-- Found ament_cmake: 1.3.12 (/opt/ros/humble/share/ament_cmake/cmake)
-- Found Python3: /usr/bin/python3 (found version "3.10.12") found components: Interpreter 
-- Override CMake install command with custom implementation using symlinks instead of copying resources
-- Found rosidl_default_generators: 1.2.0 (/opt/ros/humble/share/rosidl_default_generators/cmake)
-- Using all available rosidl_typesupport_c: rosidl_typesupport_fastrtps_c;rosidl_typesupport_introspection_c
-- Found rosidl_adapter: 3.1.8 (/opt/ros/humble/share/rosidl_adapter/cmake)
-- Using all available rosidl_typesupport_cpp: rosidl_typesupport_fastrtps_cpp;rosidl_typesupport_introspection_cpp
-- Found geometry_msgs: 4.9.0 (/opt/ros/humble/share/geometry_msgs/cmake)
-- Found ament_cmake_ros: 0.10.0 (/opt/ros/humble/share/ament_cmake_ros/cmake)
-- Using all available rosidl_typesupport_c: rosidl_typesupport_fastrtps_c;rosidl_typesupport_introspection_c
-- Using all available rosidl_typesupport_cpp: rosidl_typesupport_fastrtps_cpp;rosidl_typesupport_introspection_cpp
-- Found PythonInterp: /usr/bin/python3 (found suitable version "3.10.12", minimum required is "3.6") 
-- Found python_cmake_module: 0.10.0 (/opt/ros/humble/share/python_cmake_module/cmake)
-- Found PythonLibs: /usr/lib/aarch64-linux-gnu/libpython3.10.so (found suitable version "3.10.12", minimum required is "3.5") 
-- Using PYTHON_EXECUTABLE: /usr/bin/python3
-- Using PYTHON_INCLUDE_DIRS: /usr/include/python3.10
-- Using PYTHON_LIBRARIES: /usr/lib/aarch64-linux-gnu/libpython3.10.so
-- Found PythonExtra: .so  
-- Configuring done
-- Generating done
-- Build files have been written to: /home/kimsohee/ev-1-5/ev-Autonomous-Vehicle-1-5/build/ev_msgs
[  1%] [34m[1mGenerating C code for ROS interfaces[0m
[  3%] Built target ament_cmake_python_symlink_ev_msgs
[  3%] [34m[1mGenerating C++ code for ROS interfaces[0m
running egg_info
creating ev_msgs.egg-info
writing ev_msgs.egg-info/PKG-INFO
writing dependency_links to ev_msgs.egg-info/dependency_links.txt
writing top-level names to ev_msgs.egg-info/top_level.txt
writing manifest file 'ev_msgs.egg-info/SOURCES.txt'
reading manifest file 'ev_msgs.egg-info/SOURCES.txt'
writing manifest file 'ev_msgs.egg-info/SOURCES.txt'
[  3%] Built target ament_cmake_python_build_ev_msgs_egg
[  3%] Built target ev_msgs__cpp
[  5%] [34m[1mGenerating C++ type support for eProsima Fast-RTPS[0m
[  7%] [34m[1mGenerating C++ type support dispatch for ROS interfaces[0m
[  9%] [34m[1mGenerating C++ introspection for ROS interfaces[0m
[ 10%] [32mBuilding C object CMakeFiles/ev_msgs__rosidl_generator_c.dir/rosidl_generator_c/ev_msgs/msg/detail/b_box__functions.c.o[0m
[ 12%] [32mBuilding C object CMakeFiles/ev_msgs__rosidl_generator_c.dir/rosidl_generator_c/ev_msgs/msg/detail/b_box_array__functions.c.o[0m
[ 14%] [32mBuilding C object CMakeFiles/ev_msgs__rosidl_generator_c.dir/rosidl_generator_c/ev_msgs/msg/detail/lane_boundary__functions.c.o[0m
[ 16%] [32mBuilding C object CMakeFiles/ev_msgs__rosidl_generator_c.dir/rosidl_generator_c/ev_msgs/msg/detail/lane_boundary_array__functions.c.o[0m
[ 18%] [32m[1mLinking C shared library libev_msgs__rosidl_generator_c.so[0m
[ 18%] Built target ev_msgs__rosidl_generator_c
[ 20%] [34m[1mGenerating C type support for eProsima Fast-RTPS[0m
[ 21%] [34m[1mGenerating C introspection for ROS interfaces[0m
[ 23%] [34m[1mGenerating C type support dispatch for ROS interfaces[0m
[ 25%] [32mBuilding CXX object CMakeFiles/ev_msgs__rosidl_typesupport_cpp.dir/rosidl_typesupport_cpp/ev_msgs/msg/b_box__type_support.cpp.o[0m
[ 27%] [32mBuilding CXX object CMakeFiles/ev_msgs__rosidl_typesupport_cpp.dir/rosidl_typesupport_cpp/ev_msgs/msg/b_box_array__type_support.cpp.o[0m
[ 29%] [32mBuilding CXX object CMakeFiles/ev_msgs__rosidl_typesupport_cpp.dir/rosidl_typesupport_cpp/ev_msgs/msg/lane_boundary__type_support.cpp.o[0m
[ 30%] [32mBuilding CXX object CMakeFiles/ev_msgs__rosidl_typesupport_fastrtps_cpp.dir/rosidl_typesupport_fastrtps_cpp/ev_msgs/msg/detail/dds_fastrtps/b_box_array__type_support.cpp.o[0m
[ 32%] [32mBuilding CXX object CMakeFiles/ev_msgs__rosidl_typesupport_fastrtps_cpp.dir/rosidl_typesupport_fastrtps_cpp/ev_msgs/msg/detail/dds_fastrtps/b_box__type_support.cpp.o[0m
[ 34%] [32mBuilding CXX object CMakeFiles/ev_msgs__rosidl_typesupport_fastrtps_cpp.dir/rosidl_typesupport_fastrtps_cpp/ev_msgs/msg/detail/dds_fastrtps/lane_boundary__type_support.cpp.o[0m
[ 36%] [32mBuilding CXX object CMakeFiles/ev_msgs__rosidl_typesupport_introspection_cpp.dir/rosidl_typesupport_introspection_cpp/ev_msgs/msg/detail/b_box__type_support.cpp.o[0m
[ 38%] [32mBuilding CXX object CMakeFiles/ev_msgs__rosidl_typesupport_cpp.dir/rosidl_typesupport_cpp/ev_msgs/msg/lane_boundary_array__type_support.cpp.o[0m
[ 40%] [32mBuilding CXX object CMakeFiles/ev_msgs__rosidl_typesupport_fastrtps_cpp.dir/rosidl_typesupport_fastrtps_cpp/ev_msgs/msg/detail/dds_fastrtps/lane_boundary_array__type_support.cpp.o[0m
[ 41%] [32mBuilding CXX object CMakeFiles/ev_msgs__rosidl_typesupport_introspection_cpp.dir/rosidl_typesupport_introspection_cpp/ev_msgs/msg/detail/b_box_array__type_support.cpp.o[0m
[ 43%] [32mBuilding CXX object CMakeFiles/ev_msgs__rosidl_typesupport_c.dir/rosidl_typesupport_c/ev_msgs/msg/b_box__type_support.cpp.o[0m
[ 45%] [32mBuilding CXX object CMakeFiles/ev_msgs__rosidl_typesupport_c.dir/rosidl_typesupport_c/ev_msgs/msg/b_box_array__type_support.cpp.o[0m
[ 49%] [32mBuilding CXX object CMakeFiles/ev_msgs__rosidl_typesupport_fastrtps_c.dir/rosidl_typesupport_fastrtps_c/ev_msgs/msg/detail/b_box__type_support_c.cpp.o[0m
[ 49%] [32mBuilding CXX object CMakeFiles/ev_msgs__rosidl_typesupport_c.dir/rosidl_typesupport_c/ev_msgs/msg/lane_boundary__type_support.cpp.o[0m
[ 50%] [32mBuilding CXX object CMakeFiles/ev_msgs__rosidl_typesupport_introspection_cpp.dir/rosidl_typesupport_introspection_cpp/ev_msgs/msg/detail/lane_boundary__type_support.cpp.o[0m
[ 52%] [32mBuilding CXX object CMakeFiles/ev_msgs__rosidl_typesupport_c.dir/rosidl_typesupport_c/ev_msgs/msg/lane_boundary_array__type_support.cpp.o[0m
[ 54%] [32mBuilding CXX object CMakeFiles/ev_msgs__rosidl_typesupport_introspection_cpp.dir/rosidl_typesupport_introspection_cpp/ev_msgs/msg/detail/lane_boundary_array__type_support.cpp.o[0m
[ 56%] [32m[1mLinking CXX shared library libev_msgs__rosidl_typesupport_c.so[0m
[ 58%] [32m[1mLinking CXX shared library libev_msgs__rosidl_typesupport_cpp.so[0m
[ 60%] [32mBuilding C object CMakeFiles/ev_msgs__rosidl_typesupport_introspection_c.dir/rosidl_typesupport_introspection_c/ev_msgs/msg/detail/b_box__type_support.c.o[0m
[ 61%] [32mBuilding CXX object CMakeFiles/ev_msgs__rosidl_typesupport_fastrtps_c.dir/rosidl_typesupport_fastrtps_c/ev_msgs/msg/detail/b_box_array__type_support_c.cpp.o[0m
[ 63%] [32mBuilding C object CMakeFiles/ev_msgs__rosidl_typesupport_introspection_c.dir/rosidl_typesupport_introspection_c/ev_msgs/msg/detail/b_box_array__type_support.c.o[0m
[ 65%] [32mBuilding C object CMakeFiles/ev_msgs__rosidl_typesupport_introspection_c.dir/rosidl_typesupport_introspection_c/ev_msgs/msg/detail/lane_boundary_array__type_support.c.o[0m
[ 67%] [32mBuilding CXX object CMakeFiles/ev_msgs__rosidl_typesupport_fastrtps_c.dir/rosidl_typesupport_fastrtps_c/ev_msgs/msg/detail/lane_boundary__type_support_c.cpp.o[0m
[ 70%] [32mBuilding CXX object CMakeFiles/ev_msgs__rosidl_typesupport_fastrtps_c.dir/rosidl_typesupport_fastrtps_c/ev_msgs/msg/detail/lane_boundary_array__type_support_c.cpp.o[0m
[ 70%] [32m[1mLinking CXX shared library libev_msgs__rosidl_typesupport_fastrtps_cpp.so[0m
[ 72%] [32mBuilding C object CMakeFiles/ev_msgs__rosidl_typesupport_introspection_c.dir/rosidl_typesupport_introspection_c/ev_msgs/msg/detail/lane_boundary__type_support.c.o[0m
[ 72%] Built target ev_msgs__rosidl_typesupport_c
[ 72%] Built target ev_msgs__rosidl_typesupport_cpp
[ 72%] Built target ev_msgs__rosidl_typesupport_fastrtps_cpp
[ 74%] [32m[1mLinking C shared library libev_msgs__rosidl_typesupport_introspection_c.so[0m
[ 74%] Built target ev_msgs__rosidl_typesupport_introspection_c
[ 76%] [32m[1mLinking CXX shared library libev_msgs__rosidl_typesupport_introspection_cpp.so[0m
[ 78%] [32m[1mLinking CXX shared library libev_msgs__rosidl_typesupport_fastrtps_c.so[0m
[ 78%] Built target ev_msgs__rosidl_typesupport_introspection_cpp
[ 78%] Built target ev_msgs__rosidl_typesupport_fastrtps_c
[ 78%] Built target ev_msgs
[ 80%] [34m[1mGenerating Python code for ROS interfaces[0m
[ 80%] Built target ev_msgs__py
[ 81%] [32mBuilding C object CMakeFiles/ev_msgs__rosidl_generator_py.dir/rosidl_generator_py/ev_msgs/msg/_lane_boundary_s.c.o[0m
[ 83%] [32mBuilding C object CMakeFiles/ev_msgs__rosidl_generator_py.dir/rosidl_generator_py/ev_msgs/msg/_b_box_s.c.o[0m
[ 85%] [32mBuilding C object CMakeFiles/ev_msgs__rosidl_generator_py.dir/rosidl_generator_py/ev_msgs/msg/_lane_boundary_array_s.c.o[0m
[ 87%] [32mBuilding C object CMakeFiles/ev_msgs__rosidl_generator_py.dir/rosidl_generator_py/ev_msgs/msg/_b_box_array_s.c.o[0m
[ 89%] [32m[1mLinking C shared library rosidl_generator_py/ev_msgs/libev_msgs__rosidl_generator_py.so[0m
[ 89%] Built target ev_msgs__rosidl_generator_py
[ 90%] [32mBuilding C object CMakeFiles/ev_msgs__rosidl_typesupport_fastrtps_c__pyext.dir/rosidl_generator_py/ev_msgs/_ev_msgs_s.ep.rosidl_typesupport_fastrtps_c.c.o[0m
[ 92%] [32mBuilding C object CMakeFiles/ev_msgs__rosidl_typesupport_introspection_c__pyext.dir/rosidl_generator_py/ev_msgs/_ev_msgs_s.ep.rosidl_typesupport_introspection_c.c.o[0m
[ 94%] [32mBuilding C object CMakeFiles/ev_msgs__rosidl_typesupport_c__pyext.dir/rosidl_generator_py/ev_msgs/_ev_msgs_s.ep.rosidl_typesupport_c.c.o[0m
[ 98%] [32m[1mLinking C shared library rosidl_generator_py/ev_msgs/ev_msgs_s__rosidl_typesupport_fastrtps_c.cpython-310-aarch64-linux-gnu.so[0m
[ 98%] [32m[1mLinking C shared library rosidl_generator_py/ev_msgs/ev_msgs_s__rosidl_typesupport_c.cpython-310-aarch64-linux-gnu.so[0m
[100%] [32m[1mLinking C shared library rosidl_generator_py/ev_msgs/ev_msgs_s__rosidl_typesupport_introspection_c.cpython-310-aarch64-linux-gnu.so[0m
[100%] Built target ev_msgs__rosidl_typesupport_c__pyext
[100%] Built target ev_msgs__rosidl_typesupport_fastrtps_c__pyext
[100%] Built target ev_msgs__rosidl_typesupport_introspection_c__pyext
-- Install configuration: ""
-- Execute custom install script
-- Symlinking: /home/kimsohee/ev-1-5/ev-Autonomous-Vehicle-1-5/install/ev_msgs/share/ament_index/resource_index/rosidl_interfaces/ev_msgs
-- Symlinking: /home/kimsohee/ev-1-5/ev-Autonomous-Vehicle-1-5/install/ev_msgs/include/ev_msgs/ev_msgs/msg/b_box.h
-- Symlinking: /home/kimsohee/ev-1-5/ev-Autonomous-Vehicle-1-5/install/ev_msgs/include/ev_msgs/ev_msgs/msg/b_box_array.h
-- Symlinking: /home/kimsohee/ev-1-5/ev-Autonomous-Vehicle-1-5/install/ev_msgs/include/ev_msgs/ev_msgs/msg/detail/b_box__functions.h
-- Symlinking: /home/kimsohee/ev-1-5/ev-Autonomous-Vehicle-1-5/install/ev_msgs/include/ev_msgs/ev_msgs/msg/detail/b_box__struct.h
-- Symlinking: /home/kimsohee/ev-1-5/ev-Autonomous-Vehicle-1-5/install/ev_msgs/include/ev_msgs/ev_msgs/msg/detail/b_box__type_support.h
-- Symlinking: /home/kimsohee/ev-1-5/ev-Autonomous-Vehicle-1-5/install/ev_msgs/include/ev_msgs/ev_msgs/msg/detail/b_box_array__functions.h
-- Symlinking: /home/kimsohee/ev-1-5/ev-Autonomous-Vehicle-1-5/install/ev_msgs/include/ev_msgs/ev_msgs/msg/detail/b_box_array__struct.h
-- Symlinking: /home/kimsohee/ev-1-5/ev-Autonomous-Vehicle-1-5/install/ev_msgs/include/ev_msgs/ev_msgs/msg/detail/b_box_array__type_support.h
-- Symlinking: /home/kimsohee/ev-1-5/ev-Autonomous-Vehicle-1-5/install/ev_msgs/include/ev_msgs/ev_msgs/msg/detail/lane_boundary__functions.h
-- Symlinking: /home/kimsohee/ev-1-5/ev-Autonomous-Vehicle-1-5/install/ev_msgs/include/ev_msgs/ev_msgs/msg/detail/lane_boundary__struct.h
-- Symlinking: /home/kimsohee/ev-1-5/ev-Autonomous-Vehicle-1-5/install/ev_msgs/include/ev_msgs/ev_msgs/msg/detail/lane_boundary__type_support.h
-- Symlinking: /home/kimsohee/ev-1-5/ev-Autonomous-Vehicle-1-5/install/ev_msgs/include/ev_msgs/ev_msgs/msg/detail/lane_boundary_array__functions.h
-- Symlinking: /home/kimsohee/ev-1-5/ev-Autonomous-Vehicle-1-5/install/ev_msgs/include/ev_msgs/ev_msgs/msg/detail/lane_boundary_array__struct.h
-- Symlinking: /home/kimsohee/ev-1-5/ev-Autonomous-Vehicle-1-5/install/ev_msgs/include/ev_msgs/ev_msgs/msg/detail/lane_boundary_array__type_support.h
-- Symlinking: /home/kimsohee/ev-1-5/ev-Autonomous-Vehicle-1-5/install/ev_msgs/include/ev_msgs/ev_msgs/msg/lane_boundary.h
-- Symlinking: /home/kimsohee/ev-1-5/ev-Autonomous-Vehicle-1-5/install/ev_msgs/include/ev_msgs/ev_msgs/msg/lane_boundary_array.h
-- Symlinking: /home/kimsohee/ev-1-5/ev-Autonomous-Vehicle-1-5/install/ev_msgs/include/ev_msgs/ev_msgs/msg/rosidl_generator_c__visibility_control.h
-- Symlinking: /home/kimsohee/ev-1-5/ev-Autonomous-Vehicle-1-5/install/ev_msgs/share/ev_msgs/environment/library_path.sh
-- Symlinking: /home/kimsohee/ev-1-5/ev-Autonomous-Vehicle-1-5/install/ev_msgs/share/ev_msgs/environment/library_path.dsv
-- Symlinking: /home/kimsohee/ev-1-5/ev-Autonomous-Vehicle-1-5/install/ev_msgs/include/ev_msgs/ev_msgs/msg/detail/b_box__rosidl_typesupport_fastrtps_c.h
-- Symlinking: /home/kimsohee/ev-1-5/ev-Autonomous-Vehicle-1-5/install/ev_msgs/include/ev_msgs/ev_msgs/msg/detail/b_box_array__rosidl_typesupport_fastrtps_c.h
-- Symlinking: /home/kimsohee/ev-1-5/ev-Autonomous-Vehicle-1-5/install/ev_msgs/include/ev_msgs/ev_msgs/msg/detail/lane_boundary__rosidl_typesupport_fastrtps_c.h
-- Symlinking: /home/kimsohee/ev-1-5/ev-Autonomous-Vehicle-1-5/install/ev_msgs/include/ev_msgs/ev_msgs/msg/detail/lane_boundary_array__rosidl_typesupport_fastrtps_c.h
-- Symlinking: /home/kimsohee/ev-1-5/ev-Autonomous-Vehicle-1-5/install/ev_msgs/include/ev_msgs/ev_msgs/msg/rosidl_typesupport_fastrtps_c__visibility_control.h
-- Symlinking: /home/kimsohee/ev-1-5/ev-Autonomous-Vehicle-1-5/install/ev_msgs/include/ev_msgs/ev_msgs/msg/detail/b_box__rosidl_typesupport_introspection_c.h
-- Symlinking: /home/kimsohee/ev-1-5/ev-Autonomous-Vehicle-1-5/install/ev_msgs/include/ev_msgs/ev_msgs/msg/detail/b_box_array__rosidl_typesupport_introspection_c.h
-- Symlinking: /home/kimsohee/ev-1-5/ev-Autonomous-Vehicle-1-5/install/ev_msgs/include/ev_msgs/ev_msgs/msg/detail/lane_boundary__rosidl_typesupport_introspection_c.h
-- Symlinking: /home/kimsohee/ev-1-5/ev-Autonomous-Vehicle-1-5/install/ev_msgs/include/ev_msgs/ev_msgs/msg/detail/lane_boundary_array__rosidl_typesupport_introspection_c.h
-- Symlinking: /home/kimsohee/ev-1-5/ev-Autonomous-Vehicle-1-5/install/ev_msgs/include/ev_msgs/ev_msgs/msg/rosidl_typesupport_introspection_c__visibility_control.h
-- Symlinking: /home/kimsohee/ev-1-5/ev-Autonomous-Vehicle-1-5/install/ev_msgs/include/ev_msgs/ev_msgs/msg/b_box.hpp
-- Symlinking: /home/kimsohee/ev-1-5/ev-Autonomous-Vehicle-1-5/install/ev_msgs/include/ev_msgs/ev_msgs/msg/b_box_array.hpp
-- Symlinking: /home/kimsohee/ev-1-5/ev-Autonomous-Vehicle-1-5/install/ev_msgs/include/ev_msgs/ev_msgs/msg/detail/b_box__builder.hpp
-- Symlinking: /home/kimsohee/ev-1-5/ev-Autonomous-Vehicle-1-5/install/ev_msgs/include/ev_msgs/ev_msgs/msg/detail/b_box__struct.hpp
-- Symlinking: /home/kimsohee/ev-1-5/ev-Autonomous-Vehicle-1-5/install/ev_msgs/include/ev_msgs/ev_msgs/msg/detail/b_box__traits.hpp
-- Symlinking: /home/kimsohee/ev-1-5/ev-Autonomous-Vehicle-1-5/install/ev_msgs/include/ev_msgs/ev_msgs/msg/detail/b_box__type_support.hpp
-- Symlinking: /home/kimsohee/ev-1-5/ev-Autonomous-Vehicle-1-5/install/ev_msgs/include/ev_msgs/ev_msgs/msg/detail/b_box_array__builder.hpp
-- Symlinking: /home/kimsohee/ev-1-5/ev-Autonomous-Vehicle-1-5/install/ev_msgs/include/ev_msgs/ev_msgs/msg/detail/b_box_array__struct.hpp
-- Symlinking: /home/kimsohee/ev-1-5/ev-Autonomous-Vehicle-1-5/install/ev_msgs/include/ev_msgs/ev_msgs/msg/detail/b_box_array__traits.hpp
-- Symlinking: /home/kimsohee/ev-1-5/ev-Autonomous-Vehicle-1-5/install/ev_msgs/include/ev_msgs/ev_msgs/msg/detail/b_box_array__type_support.hpp
-- Symlinking: /home/kimsohee/ev-1-5/ev-Autonomous-Vehicle-1-5/install/ev_msgs/include/ev_msgs/ev_msgs/msg/detail/lane_boundary__builder.hpp
-- Symlinking: /home/kimsohee/ev-1-5/ev-Autonomous-Vehicle-1-5/install/ev_msgs/include/ev_msgs/ev_msgs/msg/detail/lane_boundary__struct.hpp
-- Symlinking: /home/kimsohee/ev-1-5/ev-Autonomous-Vehicle-1-5/install/ev_msgs/include/ev_msgs/ev_msgs/msg/detail/lane_boundary__traits.hpp
-- Symlinking: /home/kimsohee/ev-1-5/ev-Autonomous-Vehicle-1-5/install/ev_msgs/include/ev_msgs/ev_msgs/msg/detail/lane_boundary__type_support.hpp
-- Symlinking: /home/kimsohee/ev-1-5/ev-Autonomous-Vehicle-1-5/install/ev_msgs/include/ev_msgs/ev_msgs/msg/detail/lane_boundary_array__builder.hpp
-- Symlinking: /home/kimsohee/ev-1-5/ev-Autonomous-Vehicle-1-5/install/ev_msgs/include/ev_msgs/ev_msgs/msg/detail/lane_boundary_array__struct.hpp
-- Symlinking: /home/kimsohee/ev-1-5/ev-Autonomous-Vehicle-1-5/install/ev_msgs/include/ev_msgs/ev_msgs/msg/detail/lane_boundary_array__traits.hpp
-- Symlinking: /home/kimsohee/ev-1-5/ev-Autonomous-Vehicle-1-5/install/ev_msgs/include/ev_msgs/ev_msgs/msg/detail/lane_boundary_array__type_support.hpp
-- Symlinking: /home/kimsohee/ev-1-5/ev-Autonomous-Vehicle-1-5/install/ev_msgs/include/ev_msgs/ev_msgs/msg/lane_boundary.hpp
-- Symlinking: /home/kimsohee/ev-1-5/ev-Autonomous-Vehicle-1-5/install/ev_msgs/include/ev_msgs/ev_msgs/msg/lane_boundary_array.hpp
-- Symlinking: /home/kimsohee/ev-1-5/ev-Autonomous-Vehicle-1-5/install/ev_msgs/include/ev_msgs/ev_msgs/msg/rosidl_generator_cpp__visibility_control.hpp
-- Symlinking: /home/kimsohee/ev-1-5/ev-Autonomous-Vehicle-1-5/install/ev_msgs/include/ev_msgs/ev_msgs/msg/detail/b_box__rosidl_typesupport_fastrtps_cpp.hpp
-- Symlinking: /home/kimsohee/ev-1-5/ev-Autonomous-Vehicle-1-5/install/ev_msgs/include/ev_msgs/ev_msgs/msg/detail/b_box_array__rosidl_typesupport_fastrtps_cpp.hpp
-- Symlinking: /home/kimsohee/ev-1-5/ev-Autonomous-Vehicle-1-5/install/ev_msgs/include/ev_msgs/ev_msgs/msg/detail/lane_boundary__rosidl_typesupport_fastrtps_cpp.hpp
-- Symlinking: /home/kimsohee/ev-1-5/ev-Autonomous-Vehicle-1-5/install/ev_msgs/include/ev_msgs/ev_msgs/msg/detail/lane_boundary_array__rosidl_typesupport_fastrtps_cpp.hpp
-- Symlinking: /home/kimsohee/ev-1-5/ev-Autonomous-Vehicle-1-5/install/ev_msgs/include/ev_msgs/ev_msgs/msg/rosidl_typesupport_fastrtps_cpp__visibility_control.h
-- Symlinking: /home/kimsohee/ev-1-5/ev-Autonomous-Vehicle-1-5/install/ev_msgs/include/ev_msgs/ev_msgs/msg/detail/b_box__rosidl_typesupport_introspection_cpp.hpp
-- Symlinking: /home/kimsohee/ev-1-5/ev-Autonomous-Vehicle-1-5/install/ev_msgs/include/ev_msgs/ev_msgs/msg/detail/b_box_array__rosidl_typesupport_introspection_cpp.hpp
-- Symlinking: /home/kimsohee/ev-1-5/ev-Autonomous-Vehicle-1-5/install/ev_msgs/include/ev_msgs/ev_msgs/msg/detail/lane_boundary__rosidl_typesupport_introspection_cpp.hpp
-- Symlinking: /home/kimsohee/ev-1-5/ev-Autonomous-Vehicle-1-5/install/ev_msgs/include/ev_msgs/ev_msgs/msg/detail/lane_boundary_array__rosidl_typesupport_introspection_cpp.hpp
-- Symlinking: /home/kimsohee/ev-1-5/ev-Autonomous-Vehicle-1-5/install/ev_msgs/share/ev_msgs/environment/pythonpath.sh
-- Symlinking: /home/kimsohee/ev-1-5/ev-Autonomous-Vehicle-1-5/install/ev_msgs/share/ev_msgs/environment/pythonpath.dsv
-- Symlinking: /home/kimsohee/ev-1-5/ev-Autonomous-Vehicle-1-5/install/ev_msgs/local/lib/python3.10/dist-packages/ev_msgs-0.1.0-py3.10.egg-info/PKG-INFO
-- Symlinking: /home/kimsohee/ev-1-5/ev-Autonomous-Vehicle-1-5/install/ev_msgs/local/lib/python3.10/dist-packages/ev_msgs-0.1.0-py3.10.egg-info/SOURCES.txt
-- Symlinking: /home/kimsohee/ev-1-5/ev-Autonomous-Vehicle-1-5/install/ev_msgs/local/lib/python3.10/dist-packages/ev_msgs-0.1.0-py3.10.egg-info/dependency_links.txt
-- Symlinking: /home/kimsohee/ev-1-5/ev-Autonomous-Vehicle-1-5/install/ev_msgs/local/lib/python3.10/dist-packages/ev_msgs-0.1.0-py3.10.egg-info/top_level.txt
-- Symlinking: /home/kimsohee/ev-1-5/ev-Autonomous-Vehicle-1-5/install/ev_msgs/local/lib/python3.10/dist-packages/ev_msgs/__init__.py
-- Symlinking: /home/kimsohee/ev-1-5/ev-Autonomous-Vehicle-1-5/install/ev_msgs/local/lib/python3.10/dist-packages/ev_msgs/_ev_msgs_s.ep.rosidl_typesupport_c.c
-- Symlinking: /home/kimsohee/ev-1-5/ev-Autonomous-Vehicle-1-5/install/ev_msgs/local/lib/python3.10/dist-packages/ev_msgs/_ev_msgs_s.ep.rosidl_typesupport_fastrtps_c.c
-- Symlinking: /home/kimsohee/ev-1-5/ev-Autonomous-Vehicle-1-5/install/ev_msgs/local/lib/python3.10/dist-packages/ev_msgs/_ev_msgs_s.ep.rosidl_typesupport_introspection_c.c
-- Symlinking: /home/kimsohee/ev-1-5/ev-Autonomous-Vehicle-1-5/install/ev_msgs/local/lib/python3.10/dist-packages/ev_msgs/ev_msgs_s__rosidl_typesupport_c.cpython-310-aarch64-linux-gnu.so
-- Symlinking: /home/kimsohee/ev-1-5/ev-Autonomous-Vehicle-1-5/install/ev_msgs/local/lib/python3.10/dist-packages/ev_msgs/ev_msgs_s__rosidl_typesupport_fastrtps_c.cpython-310-aarch64-linux-gnu.so
-- Symlinking: /home/kimsohee/ev-1-5/ev-Autonomous-Vehicle-1-5/install/ev_msgs/local/lib/python3.10/dist-packages/ev_msgs/ev_msgs_s__rosidl_typesupport_introspection_c.cpython-310-aarch64-linux-gnu.so
-- Symlinking: /home/kimsohee/ev-1-5/ev-Autonomous-Vehicle-1-5/install/ev_msgs/local/lib/python3.10/dist-packages/ev_msgs/libev_msgs__rosidl_generator_py.so
-- Symlinking: /home/kimsohee/ev-1-5/ev-Autonomous-Vehicle-1-5/install/ev_msgs/local/lib/python3.10/dist-packages/ev_msgs/msg/__init__.py
-- Symlinking: /home/kimsohee/ev-1-5/ev-Autonomous-Vehicle-1-5/install/ev_msgs/local/lib/python3.10/dist-packages/ev_msgs/msg/_b_box.py
-- Symlinking: /home/kimsohee/ev-1-5/ev-Autonomous-Vehicle-1-5/install/ev_msgs/local/lib/python3.10/dist-packages/ev_msgs/msg/_b_box_array.py
-- Symlinking: /home/kimsohee/ev-1-5/ev-Autonomous-Vehicle-1-5/install/ev_msgs/local/lib/python3.10/dist-packages/ev_msgs/msg/_b_box_array_s.c
-- Symlinking: /home/kimsohee/ev-1-5/ev-Autonomous-Vehicle-1-5/install/ev_msgs/local/lib/python3.10/dist-packages/ev_msgs/msg/_b_box_s.c
-- Symlinking: /home/kimsohee/ev-1-5/ev-Autonomous-Vehicle-1-5/install/ev_msgs/local/lib/python3.10/dist-packages/ev_msgs/msg/_lane_boundary.py
-- Symlinking: /home/kimsohee/ev-1-5/ev-Autonomous-Vehicle-1-5/install/ev_msgs/local/lib/python3.10/dist-packages/ev_msgs/msg/_lane_boundary_array.py
-- Symlinking: /home/kimsohee/ev-1-5/ev-Autonomous-Vehicle-1-5/install/ev_msgs/local/lib/python3.10/dist-packages/ev_msgs/msg/_lane_boundary_array_s.c
-- Symlinking: /home/kimsohee/ev-1-5/ev-Autonomous-Vehicle-1-5/install/ev_msgs/local/lib/python3.10/dist-packages/ev_msgs/msg/_lane_boundary_s.c
-- Up-to-date symlink: /home/kimsohee/ev-1-5/ev-Autonomous-Vehicle-1-5/install/ev_msgs/local/lib/python3.10/dist-packages/ev_msgs/ev_msgs_s__rosidl_typesupport_fastrtps_c.cpython-310-aarch64-linux-gnu.so
-- Up-to-date symlink: /home/kimsohee/ev-1-5/ev-Autonomous-Vehicle-1-5/install/ev_msgs/local/lib/python3.10/dist-packages/ev_msgs/ev_msgs_s__rosidl_typesupport_introspection_c.cpython-310-aarch64-linux-gnu.so
-- Up-to-date symlink: /home/kimsohee/ev-1-5/ev-Autonomous-Vehicle-1-5/install/ev_msgs/local/lib/python3.10/dist-packages/ev_msgs/ev_msgs_s__rosidl_typesupport_c.cpython-310-aarch64-linux-gnu.so
-- Symlinking: /home/kimsohee/ev-1-5/ev-Autonomous-Vehicle-1-5/install/ev_msgs/share/ev_msgs/msg/BBox.idl
-- Symlinking: /home/kimsohee/ev-1-5/ev-Autonomous-Vehicle-1-5/install/ev_msgs/share/ev_msgs/msg/BBoxArray.idl
-- Symlinking: /home/kimsohee/ev-1-5/ev-Autonomous-Vehicle-1-5/install/ev_msgs/share/ev_msgs/msg/LaneBoundary.idl
-- Symlinking: /home/kimsohee/ev-1-5/ev-Autonomous-Vehicle-1-5/install/ev_msgs/share/ev_msgs/msg/LaneBoundaryArray.idl
-- Symlinking: /home/kimsohee/ev-1-5/ev-Autonomous-Vehicle-1-5/install/ev_msgs/share/ev_msgs/msg/BBox.msg
-- Symlinking: /home/kimsohee/ev-1-5/ev-Autonomous-Vehicle-1-5/install/ev_msgs/share/ev_msgs/msg/BBoxArray.msg
-- Symlinking: /home/kimsohee/ev-1-5/ev-Autonomous-Vehicle-1-5/install/ev_msgs/share/ev_msgs/msg/LaneBoundary.msg
-- Symlinking: /home/kimsohee/ev-1-5/ev-Autonomous-Vehicle-1-5/install/ev_msgs/share/ev_msgs/msg/LaneBoundaryArray.msg
-- Symlinking: /home/kimsohee/ev-1-5/ev-Autonomous-Vehicle-1-5/install/ev_msgs/share/ament_index/resource_index/package_run_dependencies/ev_msgs
-- Symlinking: /home/kimsohee/ev-1-5/ev-Autonomous-Vehicle-1-5/install/ev_msgs/share/ament_index/resource_index/parent_prefix_path/ev_msgs
-- Symlinking: /home/kimsohee/ev-1-5/ev-Autonomous-Vehicle-1-5/install/ev_msgs/share/ev_msgs/environment/ament_prefix_path.sh
-- Symlinking: /home/kimsohee/ev-1-5/ev-Autonomous-Vehicle-1-5/install/ev_msgs/share/ev_msgs/environment/ament_prefix_path.dsv
-- Symlinking: /home/kimsohee/ev-1-5/ev-Autonomous-Vehicle-1-5/install/ev_msgs/share/ev_msgs/environment/path.sh
-- Symlinking: /home/kimsohee/ev-1-5/ev-Autonomous-Vehicle-1-5/install/ev_msgs/share/ev_msgs/environment/path.dsv
-- Symlinking: /home/kimsohee/ev-1-5/ev-Autonomous-Vehicle-1-5/install/ev_msgs/share/ev_msgs/local_setup.bash
-- Symlinking: /home/kimsohee/ev-1-5/ev-Autonomous-Vehicle-1-5/install/ev_msgs/share/ev_msgs/local_setup.sh
-- Symlinking: /home/kimsohee/ev-1-5/ev-Autonomous-Vehicle-1-5/install/ev_msgs/share/ev_msgs/local_setup.zsh
-- Symlinking: /home/kimsohee/ev-1-5/ev-Autonomous-Vehicle-1-5/install/ev_msgs/share/ev_msgs/local_setup.dsv
-- Symlinking: /home/kimsohee/ev-1-5/ev-Autonomous-Vehicle-1-5/install/ev_msgs/share/ev_msgs/package.dsv
-- Symlinking: /home/kimsohee/ev-1-5/ev-Autonomous-Vehicle-1-5/install/ev_msgs/share/ament_index/resource_index/packages/ev_msgs
-- Symlinking: /home/kimsohee/ev-1-5/ev-Autonomous-Vehicle-1-5/install/ev_msgs/share/ev_msgs/cmake/rosidl_cmake-extras.cmake
-- Symlinking: /home/kimsohee/ev-1-5/ev-Autonomous-Vehicle-1-5/install/ev_msgs/share/ev_msgs/cmake/ament_cmake_export_dependencies-extras.cmake
-- Symlinking: /home/kimsohee/ev-1-5/ev-Autonomous-Vehicle-1-5/install/ev_msgs/share/ev_msgs/cmake/ament_cmake_export_include_directories-extras.cmake
-- Symlinking: /home/kimsohee/ev-1-5/ev-Autonomous-Vehicle-1-5/install/ev_msgs/share/ev_msgs/cmake/ament_cmake_export_libraries-extras.cmake
-- Symlinking: /home/kimsohee/ev-1-5/ev-Autonomous-Vehicle-1-5/install/ev_msgs/share/ev_msgs/cmake/ament_cmake_export_targets-extras.cmake
-- Symlinking: /home/kimsohee/ev-1-5/ev-Autonomous-Vehicle-1-5/install/ev_msgs/share/ev_msgs/cmake/rosidl_cmake_export_typesupport_targets-extras.cmake
-- Symlinking: /home/kimsohee/ev-1-5/ev-Autonomous-Vehicle-1-5/install/ev_msgs/share/ev_msgs/cmake/rosidl_cmake_export_typesupport_libraries-extras.cmake
-- Symlinking: /home/kimsohee/ev-1-5/ev-Autonomous-Vehicle-1-5/install/ev_msgs/share/ev_msgs/cmake/ev_msgsConfig.cmake
-- Symlinking: /home/kimsohee/ev-1-5/ev-Autonomous-Vehicle-1-5/install/ev_msgs/share/ev_msgs/cmake/ev_msgsConfig-version.cmake
-- Symlinking: /home/kimsohee/ev-1-5/ev-Autonomous-Vehicle-1-5/install/ev_msgs/share/ev_msgs/package.xml
-- Installing: /home/kimsohee/ev-1-5/ev-Autonomous-Vehicle-1-5/install/ev_msgs/lib/libev_msgs__rosidl_generator_c.so
-- Set runtime path of "/home/kimsohee/ev-1-5/ev-Autonomous-Vehicle-1-5/install/ev_msgs/lib/libev_msgs__rosidl_generator_c.so" to ""
-- Installing: /home/kimsohee/ev-1-5/ev-Autonomous-Vehicle-1-5/install/ev_msgs/lib/libev_msgs__rosidl_typesupport_fastrtps_c.so
-- Set runtime path of "/home/kimsohee/ev-1-5/ev-Autonomous-Vehicle-1-5/install/ev_msgs/lib/libev_msgs__rosidl_typesupport_fastrtps_c.so" to ""
-- Installing: /home/kimsohee/ev-1-5/ev-Autonomous-Vehicle-1-5/install/ev_msgs/lib/libev_msgs__rosidl_typesupport_introspection_c.so
-- Set runtime path of "/home/kimsohee/ev-1-5/ev-Autonomous-Vehicle-1-5/install/ev_msgs/lib/libev_msgs__rosidl_typesupport_introspection_c.so" to ""
-- Installing: /home/kimsohee/ev-1-5/ev-Autonomous-Vehicle-1-5/install/ev_msgs/lib/libev_msgs__rosidl_typesupport_c.so
-- Set runtime path of "/home/kimsohee/ev-1-5/ev-Autonomous-Vehicle-1-5/install/ev_msgs/lib/libev_msgs__rosidl_typesupport_c.so" to ""
-- Installing: /home/kimsohee/ev-1-5/ev-Autonomous-Vehicle-1-5/install/ev_msgs/lib/libev_msgs__rosidl_typesupport_fastrtps_cpp.so
-- Set runtime path of "/home/kimsohee/ev-1-5/ev-Autonomous-Vehicle-1-5/install/ev_msgs/lib/libev_msgs__rosidl_typesupport_fastrtps_cpp.so" to ""
-- Installing: /home/kimsohee/ev-1-5/ev-Autonomous-Vehicle-1-5/install/ev_msgs/lib/libev_msgs__rosidl_typesupport_introspection_cpp.so
-- Set runtime path of "/home/kimsohee/ev-1-5/ev-Autonomous-Vehicle-1-5/install/ev_msgs/lib/libev_msgs__rosidl_typesupport_introspection_cpp.so" to ""
-- Installing: /home/kimsohee/ev-1-5/ev-Autonomous-Vehicle-1-5/install/ev_msgs/lib/libev_msgs__rosidl_typesupport_cpp.so
-- Set runtime path of "/home/kimsohee/ev-1-5/ev-Autonomous-Vehicle-1-5/install/ev_msgs/lib/libev_msgs__rosidl_typesupport_cpp.so" to ""
Listing '/home/kimsohee/ev-1-5/ev-Autonomous-Vehicle-1-5/install/ev_msgs/local/lib/python3.10/dist-packages/ev_msgs'...
Compiling '/home/kimsohee/ev-1-5/ev-Autonomous-Vehicle-1-5/install/ev_msgs/local/lib/python3.10/dist-packages/ev_msgs/__init__.py'...
Listing '/home/kimsohee/ev-1-5/ev-Autonomous-Vehicle-1-5/install/ev_msgs/local/lib/python3.10/dist-packages/ev_msgs/msg'...
Compiling '/home/kimsohee/ev-1-5/ev-Autonomous-Vehicle-1-5/install/ev_msgs/local/lib/python3.10/dist-packages/ev_msgs/msg/__init__.py'...
Compiling '/home/kimsohee/ev-1-5/ev-Autonomous-Vehicle-1-5/install/ev_msgs/local/lib/python3.10/dist-packages/ev_msgs/msg/_b_box.py'...
Compiling '/home/kimsohee/ev-1-5/ev-Autonomous-Vehicle-1-5/install/ev_msgs/local/lib/python3.10/dist-packages/ev_msgs/msg/_b_box_array.py'...
Compiling '/home/kimsohee/ev-1-5/ev-Autonomous-Vehicle-1-5/install/ev_msgs/local/lib/python3.10/dist-packages/ev_msgs/msg/_lane_boundary.py'...
Compiling '/home/kimsohee/ev-1-5/ev-Autonomous-Vehicle-1-5/install/ev_msgs/local/lib/python3.10/dist-packages/ev_msgs/msg/_lane_boundary_array.py'...
-- Installing: /home/kimsohee/ev-1-5/ev-Autonomous-Vehicle-1-5/install/ev_msgs/lib/libev_msgs__rosidl_generator_py.so
-- Set runtime path of "/home/kimsohee/ev-1-5/ev-Autonomous-Vehicle-1-5/install/ev_msgs/lib/libev_msgs__rosidl_generator_py.so" to ""
-- Installing: /home/kimsohee/ev-1-5/ev-Autonomous-Vehicle-1-5/install/ev_msgs/share/ev_msgs/cmake/export_ev_msgs__rosidl_generator_cExport.cmake
-- Installing: /home/kimsohee/ev-1-5/ev-Autonomous-Vehicle-1-5/install/ev_msgs/share/ev_msgs/cmake/export_ev_msgs__rosidl_generator_cExport-noconfig.cmake
-- Installing: /home/kimsohee/ev-1-5/ev-Autonomous-Vehicle-1-5/install/ev_msgs/share/ev_msgs/cmake/export_ev_msgs__rosidl_typesupport_fastrtps_cExport.cmake
-- Installing: /home/kimsohee/ev-1-5/ev-Autonomous-Vehicle-1-5/install/ev_msgs/share/ev_msgs/cmake/export_ev_msgs__rosidl_typesupport_fastrtps_cExport-noconfig.cmake
-- Installing: /home/kimsohee/ev-1-5/ev-Autonomous-Vehicle-1-5/install/ev_msgs/share/ev_msgs/cmake/ev_msgs__rosidl_typesupport_introspection_cExport.cmake
-- Installing: /home/kimsohee/ev-1-5/ev-Autonomous-Vehicle-1-5/install/ev_msgs/share/ev_msgs/cmake/ev_msgs__rosidl_typesupport_introspection_cExport-noconfig.cmake
-- Installing: /home/kimsohee/ev-1-5/ev-Autonomous-Vehicle-1-5/install/ev_msgs/share/ev_msgs/cmake/ev_msgs__rosidl_typesupport_cExport.cmake
-- Installing: /home/kimsohee/ev-1-5/ev-Autonomous-Vehicle-1-5/install/ev_msgs/share/ev_msgs/cmake/ev_msgs__rosidl_typesupport_cExport-noconfig.cmake
-- Installing: /home/kimsohee/ev-1-5/ev-Autonomous-Vehicle-1-5/install/ev_msgs/share/ev_msgs/cmake/export_ev_msgs__rosidl_generator_cppExport.cmake
-- Installing: /home/kimsohee/ev-1-5/ev-Autonomous-Vehicle-1-5/install/ev_msgs/share/ev_msgs/cmake/export_ev_msgs__rosidl_typesupport_fastrtps_cppExport.cmake
-- Installing: /home/kimsohee/ev-1-5/ev-Autonomous-Vehicle-1-5/install/ev_msgs/share/ev_msgs/cmake/export_ev_msgs__rosidl_typesupport_fastrtps_cppExport-noconfig.cmake
-- Installing: /home/kimsohee/ev-1-5/ev-Autonomous-Vehicle-1-5/install/ev_msgs/share/ev_msgs/cmake/ev_msgs__rosidl_typesupport_introspection_cppExport.cmake
-- Installing: /home/kimsohee/ev-1-5/ev-Autonomous-Vehicle-1-5/install/ev_msgs/share/ev_msgs/cmake/ev_msgs__rosidl_typesupport_introspection_cppExport-noconfig.cmake
-- Installing: /home/kimsohee/ev-1-5/ev-Autonomous-Vehicle-1-5/install/ev_msgs/share/ev_msgs/cmake/ev_msgs__rosidl_typesupport_cppExport.cmake
-- Installing: /home/kimsohee/ev-1-5/ev-Autonomous-Vehicle-1-5/install/ev_msgs/share/ev_msgs/cmake/ev_msgs__rosidl_typesupport_cppExport-noconfig.cmake
-- Installing: /home/kimsohee/ev-1-5/ev-Autonomous-Vehicle-1-5/install/ev_msgs/share/ev_msgs/cmake/export_ev_msgs__rosidl_generator_pyExport.cmake
-- Installing: /home/kimsohee/ev-1-5/ev-Autonomous-Vehicle-1-5/install/ev_msgs/share/ev_msgs/cmake/export_ev_msgs__rosidl_generator_pyExport-noconfig.cmake
