[0.023s] Invoking command in '/home/kimsohee/ev-1-5/ev-Autonomous-Vehicle-1-5/build/ev_msgs': CMAKE_PREFIX_PATH=/opt/ros/humble /usr/bin/cmake /home/kimsohee/ev-1-5/ev-Autonomous-Vehicle-1-5/ev_msgs -DAMENT_CMAKE_SYMLINK_INSTALL=1 -DCMAKE_INSTALL_PREFIX=/home/kimsohee/ev-1-5/ev-Autonomous-Vehicle-1-5/install/ev_msgs
[0.115s] -- The C compiler identification is GNU 11.4.0
[0.149s] -- The CXX compiler identification is GNU 11.4.0
[0.159s] -- Detecting C compiler ABI info
[0.203s] -- Detecting C compiler ABI info - done
[0.206s] -- Check for working C compiler: /usr/bin/cc - skipped
[0.206s] -- Detecting C compile features
[0.207s] -- Detecting C compile features - done
[0.208s] -- Detecting CXX compiler ABI info
[0.252s] -- Detecting CXX compiler ABI info - done
[0.255s] -- Check for working CXX compiler: /usr/bin/c++ - skipped
[0.255s] -- Detecting CXX compile features
[0.256s] -- Detecting CXX compile features - done
[0.256s] -- Found ament_cmake: 1.3.12 (/opt/ros/humble/share/ament_cmake/cmake)
[0.357s] -- Found Python3: /usr/bin/python3 (found version "3.10.12") found components: Interpreter 
[0.387s] -- Override CMake install command with custom implementation using symlinks instead of copying resources
[0.398s] -- Found rosidl_default_generators: 1.2.0 (/opt/ros/humble/share/rosidl_default_generators/cmake)
[0.404s] -- Using all available rosidl_typesupport_c: rosidl_typesupport_fastrtps_c;rosidl_typesupport_introspection_c
[0.409s] -- Found rosidl_adapter: 3.1.8 (/opt/ros/humble/share/rosidl_adapter/cmake)
[0.427s] -- Using all available rosidl_typesupport_cpp: rosidl_typesupport_fastrtps_cpp;rosidl_typesupport_introspection_cpp
[0.445s] -- Found geometry_msgs: 4.9.0 (/opt/ros/humble/share/geometry_msgs/cmake)
[0.638s] -- Found ament_cmake_ros: 0.10.0 (/opt/ros/humble/share/ament_cmake_ros/cmake)
[0.770s] -- Using all available rosidl_typesupport_c: rosidl_typesupport_fastrtps_c;rosidl_typesupport_introspection_c
[0.956s] -- Using all available rosidl_typesupport_cpp: rosidl_typesupport_fastrtps_cpp;rosidl_typesupport_introspection_cpp
[0.966s] -- Found PythonInterp: /usr/bin/python3 (found suitable version "3.10.12", minimum required is "3.6") 
[0.967s] -- Found python_cmake_module: 0.10.0 (/opt/ros/humble/share/python_cmake_module/cmake)
[1.003s] -- Found PythonLibs: /usr/lib/aarch64-linux-gnu/libpython3.10.so (found suitable version "3.10.12", minimum required is "3.5") 
[1.003s] -- Using PYTHON_EXECUTABLE: /usr/bin/python3
[1.003s] -- Using PYTHON_INCLUDE_DIRS: /usr/include/python3.10
[1.003s] -- Using PYTHON_LIBRARIES: /usr/lib/aarch64-linux-gnu/libpython3.10.so
[1.020s] -- Found PythonExtra: .so  
[1.105s] -- Configuring done
[1.197s] -- Generating done
[1.211s] -- Build files have been written to: /home/kimsohee/ev-1-5/ev-Autonomous-Vehicle-1-5/build/ev_msgs
[1.216s] Invoked command in '/home/kimsohee/ev-1-5/ev-Autonomous-Vehicle-1-5/build/ev_msgs' returned '0': CMAKE_PREFIX_PATH=/opt/ros/humble /usr/bin/cmake /home/kimsohee/ev-1-5/ev-Autonomous-Vehicle-1-5/ev_msgs -DAMENT_CMAKE_SYMLINK_INSTALL=1 -DCMAKE_INSTALL_PREFIX=/home/kimsohee/ev-1-5/ev-Autonomous-Vehicle-1-5/install/ev_msgs
[1.227s] Invoking command in '/home/kimsohee/ev-1-5/ev-Autonomous-Vehicle-1-5/build/ev_msgs': CMAKE_PREFIX_PATH=/opt/ros/humble /usr/bin/cmake --build /home/kimsohee/ev-1-5/ev-Autonomous-Vehicle-1-5/build/ev_msgs -- -j10 -l10
[4.636s] [  1%] [34m[1mGenerating C code for ROS interfaces[0m
[4.636s] [  3%] Built target ament_cmake_python_symlink_ev_msgs
[4.636s] [  3%] [34m[1mGenerating C++ code for ROS interfaces[0m
[4.636s] running egg_info
[4.636s] creating ev_msgs.egg-info
[4.636s] writing ev_msgs.egg-info/PKG-INFO
[4.636s] writing dependency_links to ev_msgs.egg-info/dependency_links.txt
[4.636s] writing top-level names to ev_msgs.egg-info/top_level.txt
[4.636s] writing manifest file 'ev_msgs.egg-info/SOURCES.txt'
[4.636s] reading manifest file 'ev_msgs.egg-info/SOURCES.txt'
[4.636s] writing manifest file 'ev_msgs.egg-info/SOURCES.txt'
[4.636s] [  3%] Built target ament_cmake_python_build_ev_msgs_egg
[4.636s] [  3%] Built target ev_msgs__cpp
[4.636s] [  5%] [34m[1mGenerating C++ type support for eProsima Fast-RTPS[0m
[4.636s] [  7%] [34m[1mGenerating C++ type support dispatch for ROS interfaces[0m
[4.636s] [  9%] [34m[1mGenerating C++ introspection for ROS interfaces[0m
[4.636s] [ 10%] [32mBuilding C object CMakeFiles/ev_msgs__rosidl_generator_c.dir/rosidl_generator_c/ev_msgs/msg/detail/b_box__functions.c.o[0m
[4.636s] [ 12%] [32mBuilding C object CMakeFiles/ev_msgs__rosidl_generator_c.dir/rosidl_generator_c/ev_msgs/msg/detail/b_box_array__functions.c.o[0m
[4.637s] [ 14%] [32mBuilding C object CMakeFiles/ev_msgs__rosidl_generator_c.dir/rosidl_generator_c/ev_msgs/msg/detail/lane_boundary__functions.c.o[0m
[4.637s] [ 16%] [32mBuilding C object CMakeFiles/ev_msgs__rosidl_generator_c.dir/rosidl_generator_c/ev_msgs/msg/detail/lane_boundary_array__functions.c.o[0m
[4.637s] [ 18%] [32m[1mLinking C shared library libev_msgs__rosidl_generator_c.so[0m
[4.637s] [ 18%] Built target ev_msgs__rosidl_generator_c
[4.637s] [ 20%] [34m[1mGenerating C type support for eProsima Fast-RTPS[0m
[4.637s] [ 21%] [34m[1mGenerating C introspection for ROS interfaces[0m
[4.637s] [ 23%] [34m[1mGenerating C type support dispatch for ROS interfaces[0m
[4.637s] [ 25%] [32mBuilding CXX object CMakeFiles/ev_msgs__rosidl_typesupport_cpp.dir/rosidl_typesupport_cpp/ev_msgs/msg/b_box__type_support.cpp.o[0m
[4.637s] [ 27%] [32mBuilding CXX object CMakeFiles/ev_msgs__rosidl_typesupport_cpp.dir/rosidl_typesupport_cpp/ev_msgs/msg/b_box_array__type_support.cpp.o[0m
[4.637s] [ 29%] [32mBuilding CXX object CMakeFiles/ev_msgs__rosidl_typesupport_cpp.dir/rosidl_typesupport_cpp/ev_msgs/msg/lane_boundary__type_support.cpp.o[0m
[4.637s] [ 30%] [32mBuilding CXX object CMakeFiles/ev_msgs__rosidl_typesupport_fastrtps_cpp.dir/rosidl_typesupport_fastrtps_cpp/ev_msgs/msg/detail/dds_fastrtps/b_box_array__type_support.cpp.o[0m
[4.637s] [ 32%] [32mBuilding CXX object CMakeFiles/ev_msgs__rosidl_typesupport_fastrtps_cpp.dir/rosidl_typesupport_fastrtps_cpp/ev_msgs/msg/detail/dds_fastrtps/b_box__type_support.cpp.o[0m
[4.637s] [ 34%] [32mBuilding CXX object CMakeFiles/ev_msgs__rosidl_typesupport_fastrtps_cpp.dir/rosidl_typesupport_fastrtps_cpp/ev_msgs/msg/detail/dds_fastrtps/lane_boundary__type_support.cpp.o[0m
[4.637s] [ 36%] [32mBuilding CXX object CMakeFiles/ev_msgs__rosidl_typesupport_introspection_cpp.dir/rosidl_typesupport_introspection_cpp/ev_msgs/msg/detail/b_box__type_support.cpp.o[0m
[4.637s] [ 38%] [32mBuilding CXX object CMakeFiles/ev_msgs__rosidl_typesupport_cpp.dir/rosidl_typesupport_cpp/ev_msgs/msg/lane_boundary_array__type_support.cpp.o[0m
[4.637s] [ 40%] [32mBuilding CXX object CMakeFiles/ev_msgs__rosidl_typesupport_fastrtps_cpp.dir/rosidl_typesupport_fastrtps_cpp/ev_msgs/msg/detail/dds_fastrtps/lane_boundary_array__type_support.cpp.o[0m
[4.637s] [ 41%] [32mBuilding CXX object CMakeFiles/ev_msgs__rosidl_typesupport_introspection_cpp.dir/rosidl_typesupport_introspection_cpp/ev_msgs/msg/detail/b_box_array__type_support.cpp.o[0m
[4.637s] [ 43%] [32mBuilding CXX object CMakeFiles/ev_msgs__rosidl_typesupport_c.dir/rosidl_typesupport_c/ev_msgs/msg/b_box__type_support.cpp.o[0m
[4.637s] [ 45%] [32mBuilding CXX object CMakeFiles/ev_msgs__rosidl_typesupport_c.dir/rosidl_typesupport_c/ev_msgs/msg/b_box_array__type_support.cpp.o[0m
[4.637s] [ 49%] [32mBuilding CXX object CMakeFiles/ev_msgs__rosidl_typesupport_fastrtps_c.dir/rosidl_typesupport_fastrtps_c/ev_msgs/msg/detail/b_box__type_support_c.cpp.o[0m
[4.637s] [ 49%] [32mBuilding CXX object CMakeFiles/ev_msgs__rosidl_typesupport_c.dir/rosidl_typesupport_c/ev_msgs/msg/lane_boundary__type_support.cpp.o[0m
[4.637s] [ 50%] [32mBuilding CXX object CMakeFiles/ev_msgs__rosidl_typesupport_introspection_cpp.dir/rosidl_typesupport_introspection_cpp/ev_msgs/msg/detail/lane_boundary__type_support.cpp.o[0m
[4.637s] [ 52%] [32mBuilding CXX object CMakeFiles/ev_msgs__rosidl_typesupport_c.dir/rosidl_typesupport_c/ev_msgs/msg/lane_boundary_array__type_support.cpp.o[0m
[4.637s] [ 54%] [32mBuilding CXX object CMakeFiles/ev_msgs__rosidl_typesupport_introspection_cpp.dir/rosidl_typesupport_introspection_cpp/ev_msgs/msg/detail/lane_boundary_array__type_support.cpp.o[0m
[4.637s] [ 56%] [32m[1mLinking CXX shared library libev_msgs__rosidl_typesupport_c.so[0m
[4.637s] [ 58%] [32m[1mLinking CXX shared library libev_msgs__rosidl_typesupport_cpp.so[0m
[4.637s] [ 60%] [32mBuilding C object CMakeFiles/ev_msgs__rosidl_typesupport_introspection_c.dir/rosidl_typesupport_introspection_c/ev_msgs/msg/detail/b_box__type_support.c.o[0m
[4.637s] [ 61%] [32mBuilding CXX object CMakeFiles/ev_msgs__rosidl_typesupport_fastrtps_c.dir/rosidl_typesupport_fastrtps_c/ev_msgs/msg/detail/b_box_array__type_support_c.cpp.o[0m
[4.637s] [ 63%] [32mBuilding C object CMakeFiles/ev_msgs__rosidl_typesupport_introspection_c.dir/rosidl_typesupport_introspection_c/ev_msgs/msg/detail/b_box_array__type_support.c.o[0m
[4.637s] [ 65%] [32mBuilding C object CMakeFiles/ev_msgs__rosidl_typesupport_introspection_c.dir/rosidl_typesupport_introspection_c/ev_msgs/msg/detail/lane_boundary_array__type_support.c.o[0m
[4.637s] [ 67%] [32mBuilding CXX object CMakeFiles/ev_msgs__rosidl_typesupport_fastrtps_c.dir/rosidl_typesupport_fastrtps_c/ev_msgs/msg/detail/lane_boundary__type_support_c.cpp.o[0m
[4.637s] [ 70%] [32mBuilding CXX object CMakeFiles/ev_msgs__rosidl_typesupport_fastrtps_c.dir/rosidl_typesupport_fastrtps_c/ev_msgs/msg/detail/lane_boundary_array__type_support_c.cpp.o[0m
[4.637s] [ 70%] [32m[1mLinking CXX shared library libev_msgs__rosidl_typesupport_fastrtps_cpp.so[0m
[4.637s] [ 72%] [32mBuilding C object CMakeFiles/ev_msgs__rosidl_typesupport_introspection_c.dir/rosidl_typesupport_introspection_c/ev_msgs/msg/detail/lane_boundary__type_support.c.o[0m
[4.637s] [ 72%] Built target ev_msgs__rosidl_typesupport_c
[4.637s] [ 72%] Built target ev_msgs__rosidl_typesupport_cpp
[4.637s] [ 72%] Built target ev_msgs__rosidl_typesupport_fastrtps_cpp
[4.637s] [ 74%] [32m[1mLinking C shared library libev_msgs__rosidl_typesupport_introspection_c.so[0m
[4.637s] [ 74%] Built target ev_msgs__rosidl_typesupport_introspection_c
[4.637s] [ 76%] [32m[1mLinking CXX shared library libev_msgs__rosidl_typesupport_introspection_cpp.so[0m
[4.637s] [ 78%] [32m[1mLinking CXX shared library libev_msgs__rosidl_typesupport_fastrtps_c.so[0m
[4.637s] [ 78%] Built target ev_msgs__rosidl_typesupport_introspection_cpp
[4.637s] [ 78%] Built target ev_msgs__rosidl_typesupport_fastrtps_c
[4.637s] [ 78%] Built target ev_msgs
[4.637s] [ 80%] [34m[1mGenerating Python code for ROS interfaces[0m
[4.785s] [ 80%] Built target ev_msgs__py
[4.804s] [ 81%] [32mBuilding C object CMakeFiles/ev_msgs__rosidl_generator_py.dir/rosidl_generator_py/ev_msgs/msg/_lane_boundary_s.c.o[0m
[4.807s] [ 83%] [32mBuilding C object CMakeFiles/ev_msgs__rosidl_generator_py.dir/rosidl_generator_py/ev_msgs/msg/_b_box_s.c.o[0m
[4.814s] [ 85%] [32mBuilding C object CMakeFiles/ev_msgs__rosidl_generator_py.dir/rosidl_generator_py/ev_msgs/msg/_lane_boundary_array_s.c.o[0m
[4.822s] [ 87%] [32mBuilding C object CMakeFiles/ev_msgs__rosidl_generator_py.dir/rosidl_generator_py/ev_msgs/msg/_b_box_array_s.c.o[0m
[4.947s] [ 89%] [32m[1mLinking C shared library rosidl_generator_py/ev_msgs/libev_msgs__rosidl_generator_py.so[0m
[4.999s] [ 89%] Built target ev_msgs__rosidl_generator_py
[5.042s] [ 90%] [32mBuilding C object CMakeFiles/ev_msgs__rosidl_typesupport_fastrtps_c__pyext.dir/rosidl_generator_py/ev_msgs/_ev_msgs_s.ep.rosidl_typesupport_fastrtps_c.c.o[0m
[5.052s] [ 92%] [32mBuilding C object CMakeFiles/ev_msgs__rosidl_typesupport_introspection_c__pyext.dir/rosidl_generator_py/ev_msgs/_ev_msgs_s.ep.rosidl_typesupport_introspection_c.c.o[0m
[5.057s] [ 94%] [32mBuilding C object CMakeFiles/ev_msgs__rosidl_typesupport_c__pyext.dir/rosidl_generator_py/ev_msgs/_ev_msgs_s.ep.rosidl_typesupport_c.c.o[0m
[5.164s] [ 98%] [32m[1mLinking C shared library rosidl_generator_py/ev_msgs/ev_msgs_s__rosidl_typesupport_fastrtps_c.cpython-310-aarch64-linux-gnu.so[0m
[5.164s] [ 98%] [32m[1mLinking C shared library rosidl_generator_py/ev_msgs/ev_msgs_s__rosidl_typesupport_c.cpython-310-aarch64-linux-gnu.so[0m
[5.181s] [100%] [32m[1mLinking C shared library rosidl_generator_py/ev_msgs/ev_msgs_s__rosidl_typesupport_introspection_c.cpython-310-aarch64-linux-gnu.so[0m
[5.231s] [100%] Built target ev_msgs__rosidl_typesupport_c__pyext
[5.236s] [100%] Built target ev_msgs__rosidl_typesupport_fastrtps_c__pyext
[5.258s] [100%] Built target ev_msgs__rosidl_typesupport_introspection_c__pyext
[5.269s] Invoked command in '/home/kimsohee/ev-1-5/ev-Autonomous-Vehicle-1-5/build/ev_msgs' returned '0': CMAKE_PREFIX_PATH=/opt/ros/humble /usr/bin/cmake --build /home/kimsohee/ev-1-5/ev-Autonomous-Vehicle-1-5/build/ev_msgs -- -j10 -l10
[5.269s] Invoking command in '/home/kimsohee/ev-1-5/ev-Autonomous-Vehicle-1-5/build/ev_msgs': CMAKE_PREFIX_PATH=/opt/ros/humble /usr/bin/cmake --install /home/kimsohee/ev-1-5/ev-Autonomous-Vehicle-1-5/build/ev_msgs
[5.396s] -- Install configuration: ""
[5.396s] -- Execute custom install script
[5.396s] -- Symlinking: /home/kimsohee/ev-1-5/ev-Autonomous-Vehicle-1-5/install/ev_msgs/share/ament_index/resource_index/rosidl_interfaces/ev_msgs
[5.396s] -- Symlinking: /home/kimsohee/ev-1-5/ev-Autonomous-Vehicle-1-5/install/ev_msgs/include/ev_msgs/ev_msgs/msg/b_box.h
[5.396s] -- Symlinking: /home/kimsohee/ev-1-5/ev-Autonomous-Vehicle-1-5/install/ev_msgs/include/ev_msgs/ev_msgs/msg/b_box_array.h
[5.396s] -- Symlinking: /home/kimsohee/ev-1-5/ev-Autonomous-Vehicle-1-5/install/ev_msgs/include/ev_msgs/ev_msgs/msg/detail/b_box__functions.h
[5.397s] -- Symlinking: /home/kimsohee/ev-1-5/ev-Autonomous-Vehicle-1-5/install/ev_msgs/include/ev_msgs/ev_msgs/msg/detail/b_box__struct.h
[5.397s] -- Symlinking: /home/kimsohee/ev-1-5/ev-Autonomous-Vehicle-1-5/install/ev_msgs/include/ev_msgs/ev_msgs/msg/detail/b_box__type_support.h
[5.397s] -- Symlinking: /home/kimsohee/ev-1-5/ev-Autonomous-Vehicle-1-5/install/ev_msgs/include/ev_msgs/ev_msgs/msg/detail/b_box_array__functions.h
[5.397s] -- Symlinking: /home/kimsohee/ev-1-5/ev-Autonomous-Vehicle-1-5/install/ev_msgs/include/ev_msgs/ev_msgs/msg/detail/b_box_array__struct.h
[5.397s] -- Symlinking: /home/kimsohee/ev-1-5/ev-Autonomous-Vehicle-1-5/install/ev_msgs/include/ev_msgs/ev_msgs/msg/detail/b_box_array__type_support.h
[5.397s] -- Symlinking: /home/kimsohee/ev-1-5/ev-Autonomous-Vehicle-1-5/install/ev_msgs/include/ev_msgs/ev_msgs/msg/detail/lane_boundary__functions.h
[5.397s] -- Symlinking: /home/kimsohee/ev-1-5/ev-Autonomous-Vehicle-1-5/install/ev_msgs/include/ev_msgs/ev_msgs/msg/detail/lane_boundary__struct.h
[5.397s] -- Symlinking: /home/kimsohee/ev-1-5/ev-Autonomous-Vehicle-1-5/install/ev_msgs/include/ev_msgs/ev_msgs/msg/detail/lane_boundary__type_support.h
[5.397s] -- Symlinking: /home/kimsohee/ev-1-5/ev-Autonomous-Vehicle-1-5/install/ev_msgs/include/ev_msgs/ev_msgs/msg/detail/lane_boundary_array__functions.h
[5.397s] -- Symlinking: /home/kimsohee/ev-1-5/ev-Autonomous-Vehicle-1-5/install/ev_msgs/include/ev_msgs/ev_msgs/msg/detail/lane_boundary_array__struct.h
[5.404s] -- Symlinking: /home/kimsohee/ev-1-5/ev-Autonomous-Vehicle-1-5/install/ev_msgs/include/ev_msgs/ev_msgs/msg/detail/lane_boundary_array__type_support.h
[5.404s] -- Symlinking: /home/kimsohee/ev-1-5/ev-Autonomous-Vehicle-1-5/install/ev_msgs/include/ev_msgs/ev_msgs/msg/lane_boundary.h
[5.408s] -- Symlinking: /home/kimsohee/ev-1-5/ev-Autonomous-Vehicle-1-5/install/ev_msgs/include/ev_msgs/ev_msgs/msg/lane_boundary_array.h
[5.417s] -- Symlinking: /home/kimsohee/ev-1-5/ev-Autonomous-Vehicle-1-5/install/ev_msgs/include/ev_msgs/ev_msgs/msg/rosidl_generator_c__visibility_control.h
[5.430s] -- Symlinking: /home/kimsohee/ev-1-5/ev-Autonomous-Vehicle-1-5/install/ev_msgs/share/ev_msgs/environment/library_path.sh
[5.442s] -- Symlinking: /home/kimsohee/ev-1-5/ev-Autonomous-Vehicle-1-5/install/ev_msgs/share/ev_msgs/environment/library_path.dsv
[5.449s] -- Symlinking: /home/kimsohee/ev-1-5/ev-Autonomous-Vehicle-1-5/install/ev_msgs/include/ev_msgs/ev_msgs/msg/detail/b_box__rosidl_typesupport_fastrtps_c.h
[5.450s] -- Symlinking: /home/kimsohee/ev-1-5/ev-Autonomous-Vehicle-1-5/install/ev_msgs/include/ev_msgs/ev_msgs/msg/detail/b_box_array__rosidl_typesupport_fastrtps_c.h
[5.454s] -- Symlinking: /home/kimsohee/ev-1-5/ev-Autonomous-Vehicle-1-5/install/ev_msgs/include/ev_msgs/ev_msgs/msg/detail/lane_boundary__rosidl_typesupport_fastrtps_c.h
[5.464s] -- Symlinking: /home/kimsohee/ev-1-5/ev-Autonomous-Vehicle-1-5/install/ev_msgs/include/ev_msgs/ev_msgs/msg/detail/lane_boundary_array__rosidl_typesupport_fastrtps_c.h
[5.472s] -- Symlinking: /home/kimsohee/ev-1-5/ev-Autonomous-Vehicle-1-5/install/ev_msgs/include/ev_msgs/ev_msgs/msg/rosidl_typesupport_fastrtps_c__visibility_control.h
[5.473s] -- Symlinking: /home/kimsohee/ev-1-5/ev-Autonomous-Vehicle-1-5/install/ev_msgs/include/ev_msgs/ev_msgs/msg/detail/b_box__rosidl_typesupport_introspection_c.h
[5.479s] -- Symlinking: /home/kimsohee/ev-1-5/ev-Autonomous-Vehicle-1-5/install/ev_msgs/include/ev_msgs/ev_msgs/msg/detail/b_box_array__rosidl_typesupport_introspection_c.h
[5.486s] -- Symlinking: /home/kimsohee/ev-1-5/ev-Autonomous-Vehicle-1-5/install/ev_msgs/include/ev_msgs/ev_msgs/msg/detail/lane_boundary__rosidl_typesupport_introspection_c.h
[5.491s] -- Symlinking: /home/kimsohee/ev-1-5/ev-Autonomous-Vehicle-1-5/install/ev_msgs/include/ev_msgs/ev_msgs/msg/detail/lane_boundary_array__rosidl_typesupport_introspection_c.h
[5.502s] -- Symlinking: /home/kimsohee/ev-1-5/ev-Autonomous-Vehicle-1-5/install/ev_msgs/include/ev_msgs/ev_msgs/msg/rosidl_typesupport_introspection_c__visibility_control.h
[5.506s] -- Symlinking: /home/kimsohee/ev-1-5/ev-Autonomous-Vehicle-1-5/install/ev_msgs/include/ev_msgs/ev_msgs/msg/b_box.hpp
[5.509s] -- Symlinking: /home/kimsohee/ev-1-5/ev-Autonomous-Vehicle-1-5/install/ev_msgs/include/ev_msgs/ev_msgs/msg/b_box_array.hpp
[5.520s] -- Symlinking: /home/kimsohee/ev-1-5/ev-Autonomous-Vehicle-1-5/install/ev_msgs/include/ev_msgs/ev_msgs/msg/detail/b_box__builder.hpp
[5.536s] -- Symlinking: /home/kimsohee/ev-1-5/ev-Autonomous-Vehicle-1-5/install/ev_msgs/include/ev_msgs/ev_msgs/msg/detail/b_box__struct.hpp
[5.547s] -- Symlinking: /home/kimsohee/ev-1-5/ev-Autonomous-Vehicle-1-5/install/ev_msgs/include/ev_msgs/ev_msgs/msg/detail/b_box__traits.hpp
[5.550s] -- Symlinking: /home/kimsohee/ev-1-5/ev-Autonomous-Vehicle-1-5/install/ev_msgs/include/ev_msgs/ev_msgs/msg/detail/b_box__type_support.hpp
[5.554s] -- Symlinking: /home/kimsohee/ev-1-5/ev-Autonomous-Vehicle-1-5/install/ev_msgs/include/ev_msgs/ev_msgs/msg/detail/b_box_array__builder.hpp
[5.563s] -- Symlinking: /home/kimsohee/ev-1-5/ev-Autonomous-Vehicle-1-5/install/ev_msgs/include/ev_msgs/ev_msgs/msg/detail/b_box_array__struct.hpp
[5.568s] -- Symlinking: /home/kimsohee/ev-1-5/ev-Autonomous-Vehicle-1-5/install/ev_msgs/include/ev_msgs/ev_msgs/msg/detail/b_box_array__traits.hpp
[5.575s] -- Symlinking: /home/kimsohee/ev-1-5/ev-Autonomous-Vehicle-1-5/install/ev_msgs/include/ev_msgs/ev_msgs/msg/detail/b_box_array__type_support.hpp
[5.582s] -- Symlinking: /home/kimsohee/ev-1-5/ev-Autonomous-Vehicle-1-5/install/ev_msgs/include/ev_msgs/ev_msgs/msg/detail/lane_boundary__builder.hpp
[5.589s] -- Symlinking: /home/kimsohee/ev-1-5/ev-Autonomous-Vehicle-1-5/install/ev_msgs/include/ev_msgs/ev_msgs/msg/detail/lane_boundary__struct.hpp
[5.593s] -- Symlinking: /home/kimsohee/ev-1-5/ev-Autonomous-Vehicle-1-5/install/ev_msgs/include/ev_msgs/ev_msgs/msg/detail/lane_boundary__traits.hpp
[5.597s] -- Symlinking: /home/kimsohee/ev-1-5/ev-Autonomous-Vehicle-1-5/install/ev_msgs/include/ev_msgs/ev_msgs/msg/detail/lane_boundary__type_support.hpp
[5.600s] -- Symlinking: /home/kimsohee/ev-1-5/ev-Autonomous-Vehicle-1-5/install/ev_msgs/include/ev_msgs/ev_msgs/msg/detail/lane_boundary_array__builder.hpp
[5.603s] -- Symlinking: /home/kimsohee/ev-1-5/ev-Autonomous-Vehicle-1-5/install/ev_msgs/include/ev_msgs/ev_msgs/msg/detail/lane_boundary_array__struct.hpp
[5.607s] -- Symlinking: /home/kimsohee/ev-1-5/ev-Autonomous-Vehicle-1-5/install/ev_msgs/include/ev_msgs/ev_msgs/msg/detail/lane_boundary_array__traits.hpp
[5.613s] -- Symlinking: /home/kimsohee/ev-1-5/ev-Autonomous-Vehicle-1-5/install/ev_msgs/include/ev_msgs/ev_msgs/msg/detail/lane_boundary_array__type_support.hpp
[5.619s] -- Symlinking: /home/kimsohee/ev-1-5/ev-Autonomous-Vehicle-1-5/install/ev_msgs/include/ev_msgs/ev_msgs/msg/lane_boundary.hpp
[5.620s] -- Symlinking: /home/kimsohee/ev-1-5/ev-Autonomous-Vehicle-1-5/install/ev_msgs/include/ev_msgs/ev_msgs/msg/lane_boundary_array.hpp
[5.623s] -- Symlinking: /home/kimsohee/ev-1-5/ev-Autonomous-Vehicle-1-5/install/ev_msgs/include/ev_msgs/ev_msgs/msg/rosidl_generator_cpp__visibility_control.hpp
[5.627s] -- Symlinking: /home/kimsohee/ev-1-5/ev-Autonomous-Vehicle-1-5/install/ev_msgs/include/ev_msgs/ev_msgs/msg/detail/b_box__rosidl_typesupport_fastrtps_cpp.hpp
[5.632s] -- Symlinking: /home/kimsohee/ev-1-5/ev-Autonomous-Vehicle-1-5/install/ev_msgs/include/ev_msgs/ev_msgs/msg/detail/b_box_array__rosidl_typesupport_fastrtps_cpp.hpp
[5.635s] -- Symlinking: /home/kimsohee/ev-1-5/ev-Autonomous-Vehicle-1-5/install/ev_msgs/include/ev_msgs/ev_msgs/msg/detail/lane_boundary__rosidl_typesupport_fastrtps_cpp.hpp
[5.639s] -- Symlinking: /home/kimsohee/ev-1-5/ev-Autonomous-Vehicle-1-5/install/ev_msgs/include/ev_msgs/ev_msgs/msg/detail/lane_boundary_array__rosidl_typesupport_fastrtps_cpp.hpp
[5.644s] -- Symlinking: /home/kimsohee/ev-1-5/ev-Autonomous-Vehicle-1-5/install/ev_msgs/include/ev_msgs/ev_msgs/msg/rosidl_typesupport_fastrtps_cpp__visibility_control.h
[5.648s] -- Symlinking: /home/kimsohee/ev-1-5/ev-Autonomous-Vehicle-1-5/install/ev_msgs/include/ev_msgs/ev_msgs/msg/detail/b_box__rosidl_typesupport_introspection_cpp.hpp
[5.654s] -- Symlinking: /home/kimsohee/ev-1-5/ev-Autonomous-Vehicle-1-5/install/ev_msgs/include/ev_msgs/ev_msgs/msg/detail/b_box_array__rosidl_typesupport_introspection_cpp.hpp
[5.657s] -- Symlinking: /home/kimsohee/ev-1-5/ev-Autonomous-Vehicle-1-5/install/ev_msgs/include/ev_msgs/ev_msgs/msg/detail/lane_boundary__rosidl_typesupport_introspection_cpp.hpp
[5.665s] -- Symlinking: /home/kimsohee/ev-1-5/ev-Autonomous-Vehicle-1-5/install/ev_msgs/include/ev_msgs/ev_msgs/msg/detail/lane_boundary_array__rosidl_typesupport_introspection_cpp.hpp
[5.672s] -- Symlinking: /home/kimsohee/ev-1-5/ev-Autonomous-Vehicle-1-5/install/ev_msgs/share/ev_msgs/environment/pythonpath.sh
[5.675s] -- Symlinking: /home/kimsohee/ev-1-5/ev-Autonomous-Vehicle-1-5/install/ev_msgs/share/ev_msgs/environment/pythonpath.dsv
[5.681s] -- Symlinking: /home/kimsohee/ev-1-5/ev-Autonomous-Vehicle-1-5/install/ev_msgs/local/lib/python3.10/dist-packages/ev_msgs-0.1.0-py3.10.egg-info/PKG-INFO
[5.685s] -- Symlinking: /home/kimsohee/ev-1-5/ev-Autonomous-Vehicle-1-5/install/ev_msgs/local/lib/python3.10/dist-packages/ev_msgs-0.1.0-py3.10.egg-info/SOURCES.txt
[5.689s] -- Symlinking: /home/kimsohee/ev-1-5/ev-Autonomous-Vehicle-1-5/install/ev_msgs/local/lib/python3.10/dist-packages/ev_msgs-0.1.0-py3.10.egg-info/dependency_links.txt
[5.693s] -- Symlinking: /home/kimsohee/ev-1-5/ev-Autonomous-Vehicle-1-5/install/ev_msgs/local/lib/python3.10/dist-packages/ev_msgs-0.1.0-py3.10.egg-info/top_level.txt
[5.698s] -- Symlinking: /home/kimsohee/ev-1-5/ev-Autonomous-Vehicle-1-5/install/ev_msgs/local/lib/python3.10/dist-packages/ev_msgs/__init__.py
[5.705s] -- Symlinking: /home/kimsohee/ev-1-5/ev-Autonomous-Vehicle-1-5/install/ev_msgs/local/lib/python3.10/dist-packages/ev_msgs/_ev_msgs_s.ep.rosidl_typesupport_c.c
[5.713s] -- Symlinking: /home/kimsohee/ev-1-5/ev-Autonomous-Vehicle-1-5/install/ev_msgs/local/lib/python3.10/dist-packages/ev_msgs/_ev_msgs_s.ep.rosidl_typesupport_fastrtps_c.c
[5.717s] -- Symlinking: /home/kimsohee/ev-1-5/ev-Autonomous-Vehicle-1-5/install/ev_msgs/local/lib/python3.10/dist-packages/ev_msgs/_ev_msgs_s.ep.rosidl_typesupport_introspection_c.c
[5.726s] -- Symlinking: /home/kimsohee/ev-1-5/ev-Autonomous-Vehicle-1-5/install/ev_msgs/local/lib/python3.10/dist-packages/ev_msgs/ev_msgs_s__rosidl_typesupport_c.cpython-310-aarch64-linux-gnu.so
[5.730s] -- Symlinking: /home/kimsohee/ev-1-5/ev-Autonomous-Vehicle-1-5/install/ev_msgs/local/lib/python3.10/dist-packages/ev_msgs/ev_msgs_s__rosidl_typesupport_fastrtps_c.cpython-310-aarch64-linux-gnu.so
[5.739s] -- Symlinking: /home/kimsohee/ev-1-5/ev-Autonomous-Vehicle-1-5/install/ev_msgs/local/lib/python3.10/dist-packages/ev_msgs/ev_msgs_s__rosidl_typesupport_introspection_c.cpython-310-aarch64-linux-gnu.so
[5.743s] -- Symlinking: /home/kimsohee/ev-1-5/ev-Autonomous-Vehicle-1-5/install/ev_msgs/local/lib/python3.10/dist-packages/ev_msgs/libev_msgs__rosidl_generator_py.so
[5.747s] -- Symlinking: /home/kimsohee/ev-1-5/ev-Autonomous-Vehicle-1-5/install/ev_msgs/local/lib/python3.10/dist-packages/ev_msgs/msg/__init__.py
[5.751s] -- Symlinking: /home/kimsohee/ev-1-5/ev-Autonomous-Vehicle-1-5/install/ev_msgs/local/lib/python3.10/dist-packages/ev_msgs/msg/_b_box.py
[5.755s] -- Symlinking: /home/kimsohee/ev-1-5/ev-Autonomous-Vehicle-1-5/install/ev_msgs/local/lib/python3.10/dist-packages/ev_msgs/msg/_b_box_array.py
[5.758s] -- Symlinking: /home/kimsohee/ev-1-5/ev-Autonomous-Vehicle-1-5/install/ev_msgs/local/lib/python3.10/dist-packages/ev_msgs/msg/_b_box_array_s.c
[5.770s] -- Symlinking: /home/kimsohee/ev-1-5/ev-Autonomous-Vehicle-1-5/install/ev_msgs/local/lib/python3.10/dist-packages/ev_msgs/msg/_b_box_s.c
[5.779s] -- Symlinking: /home/kimsohee/ev-1-5/ev-Autonomous-Vehicle-1-5/install/ev_msgs/local/lib/python3.10/dist-packages/ev_msgs/msg/_lane_boundary.py
[5.783s] -- Symlinking: /home/kimsohee/ev-1-5/ev-Autonomous-Vehicle-1-5/install/ev_msgs/local/lib/python3.10/dist-packages/ev_msgs/msg/_lane_boundary_array.py
[5.794s] -- Symlinking: /home/kimsohee/ev-1-5/ev-Autonomous-Vehicle-1-5/install/ev_msgs/local/lib/python3.10/dist-packages/ev_msgs/msg/_lane_boundary_array_s.c
[5.799s] -- Symlinking: /home/kimsohee/ev-1-5/ev-Autonomous-Vehicle-1-5/install/ev_msgs/local/lib/python3.10/dist-packages/ev_msgs/msg/_lane_boundary_s.c
[5.809s] -- Up-to-date symlink: /home/kimsohee/ev-1-5/ev-Autonomous-Vehicle-1-5/install/ev_msgs/local/lib/python3.10/dist-packages/ev_msgs/ev_msgs_s__rosidl_typesupport_fastrtps_c.cpython-310-aarch64-linux-gnu.so
[5.809s] -- Up-to-date symlink: /home/kimsohee/ev-1-5/ev-Autonomous-Vehicle-1-5/install/ev_msgs/local/lib/python3.10/dist-packages/ev_msgs/ev_msgs_s__rosidl_typesupport_introspection_c.cpython-310-aarch64-linux-gnu.so
[5.809s] -- Up-to-date symlink: /home/kimsohee/ev-1-5/ev-Autonomous-Vehicle-1-5/install/ev_msgs/local/lib/python3.10/dist-packages/ev_msgs/ev_msgs_s__rosidl_typesupport_c.cpython-310-aarch64-linux-gnu.so
[5.809s] -- Symlinking: /home/kimsohee/ev-1-5/ev-Autonomous-Vehicle-1-5/install/ev_msgs/share/ev_msgs/msg/BBox.idl
[5.814s] -- Symlinking: /home/kimsohee/ev-1-5/ev-Autonomous-Vehicle-1-5/install/ev_msgs/share/ev_msgs/msg/BBoxArray.idl
[5.818s] -- Symlinking: /home/kimsohee/ev-1-5/ev-Autonomous-Vehicle-1-5/install/ev_msgs/share/ev_msgs/msg/LaneBoundary.idl
[5.821s] -- Symlinking: /home/kimsohee/ev-1-5/ev-Autonomous-Vehicle-1-5/install/ev_msgs/share/ev_msgs/msg/LaneBoundaryArray.idl
[5.828s] -- Symlinking: /home/kimsohee/ev-1-5/ev-Autonomous-Vehicle-1-5/install/ev_msgs/share/ev_msgs/msg/BBox.msg
[5.834s] -- Symlinking: /home/kimsohee/ev-1-5/ev-Autonomous-Vehicle-1-5/install/ev_msgs/share/ev_msgs/msg/BBoxArray.msg
[5.837s] -- Symlinking: /home/kimsohee/ev-1-5/ev-Autonomous-Vehicle-1-5/install/ev_msgs/share/ev_msgs/msg/LaneBoundary.msg
[5.848s] -- Symlinking: /home/kimsohee/ev-1-5/ev-Autonomous-Vehicle-1-5/install/ev_msgs/share/ev_msgs/msg/LaneBoundaryArray.msg
[5.852s] -- Symlinking: /home/kimsohee/ev-1-5/ev-Autonomous-Vehicle-1-5/install/ev_msgs/share/ament_index/resource_index/package_run_dependencies/ev_msgs
[5.855s] -- Symlinking: /home/kimsohee/ev-1-5/ev-Autonomous-Vehicle-1-5/install/ev_msgs/share/ament_index/resource_index/parent_prefix_path/ev_msgs
[5.858s] -- Symlinking: /home/kimsohee/ev-1-5/ev-Autonomous-Vehicle-1-5/install/ev_msgs/share/ev_msgs/environment/ament_prefix_path.sh
[5.862s] -- Symlinking: /home/kimsohee/ev-1-5/ev-Autonomous-Vehicle-1-5/install/ev_msgs/share/ev_msgs/environment/ament_prefix_path.dsv
[5.865s] -- Symlinking: /home/kimsohee/ev-1-5/ev-Autonomous-Vehicle-1-5/install/ev_msgs/share/ev_msgs/environment/path.sh
[5.868s] -- Symlinking: /home/kimsohee/ev-1-5/ev-Autonomous-Vehicle-1-5/install/ev_msgs/share/ev_msgs/environment/path.dsv
[5.872s] -- Symlinking: /home/kimsohee/ev-1-5/ev-Autonomous-Vehicle-1-5/install/ev_msgs/share/ev_msgs/local_setup.bash
[5.886s] -- Symlinking: /home/kimsohee/ev-1-5/ev-Autonomous-Vehicle-1-5/install/ev_msgs/share/ev_msgs/local_setup.sh
[5.890s] -- Symlinking: /home/kimsohee/ev-1-5/ev-Autonomous-Vehicle-1-5/install/ev_msgs/share/ev_msgs/local_setup.zsh
[5.893s] -- Symlinking: /home/kimsohee/ev-1-5/ev-Autonomous-Vehicle-1-5/install/ev_msgs/share/ev_msgs/local_setup.dsv
[5.897s] -- Symlinking: /home/kimsohee/ev-1-5/ev-Autonomous-Vehicle-1-5/install/ev_msgs/share/ev_msgs/package.dsv
[5.900s] -- Symlinking: /home/kimsohee/ev-1-5/ev-Autonomous-Vehicle-1-5/install/ev_msgs/share/ament_index/resource_index/packages/ev_msgs
[5.909s] -- Symlinking: /home/kimsohee/ev-1-5/ev-Autonomous-Vehicle-1-5/install/ev_msgs/share/ev_msgs/cmake/rosidl_cmake-extras.cmake
[5.918s] -- Symlinking: /home/kimsohee/ev-1-5/ev-Autonomous-Vehicle-1-5/install/ev_msgs/share/ev_msgs/cmake/ament_cmake_export_dependencies-extras.cmake
[5.921s] -- Symlinking: /home/kimsohee/ev-1-5/ev-Autonomous-Vehicle-1-5/install/ev_msgs/share/ev_msgs/cmake/ament_cmake_export_include_directories-extras.cmake
[5.925s] -- Symlinking: /home/kimsohee/ev-1-5/ev-Autonomous-Vehicle-1-5/install/ev_msgs/share/ev_msgs/cmake/ament_cmake_export_libraries-extras.cmake
[5.929s] -- Symlinking: /home/kimsohee/ev-1-5/ev-Autonomous-Vehicle-1-5/install/ev_msgs/share/ev_msgs/cmake/ament_cmake_export_targets-extras.cmake
[5.932s] -- Symlinking: /home/kimsohee/ev-1-5/ev-Autonomous-Vehicle-1-5/install/ev_msgs/share/ev_msgs/cmake/rosidl_cmake_export_typesupport_targets-extras.cmake
[5.936s] -- Symlinking: /home/kimsohee/ev-1-5/ev-Autonomous-Vehicle-1-5/install/ev_msgs/share/ev_msgs/cmake/rosidl_cmake_export_typesupport_libraries-extras.cmake
[5.939s] -- Symlinking: /home/kimsohee/ev-1-5/ev-Autonomous-Vehicle-1-5/install/ev_msgs/share/ev_msgs/cmake/ev_msgsConfig.cmake
[5.943s] -- Symlinking: /home/kimsohee/ev-1-5/ev-Autonomous-Vehicle-1-5/install/ev_msgs/share/ev_msgs/cmake/ev_msgsConfig-version.cmake
[5.947s] -- Symlinking: /home/kimsohee/ev-1-5/ev-Autonomous-Vehicle-1-5/install/ev_msgs/share/ev_msgs/package.xml
[5.950s] -- Installing: /home/kimsohee/ev-1-5/ev-Autonomous-Vehicle-1-5/install/ev_msgs/lib/libev_msgs__rosidl_generator_c.so
[5.950s] -- Set runtime path of "/home/kimsohee/ev-1-5/ev-Autonomous-Vehicle-1-5/install/ev_msgs/lib/libev_msgs__rosidl_generator_c.so" to ""
[5.953s] -- Installing: /home/kimsohee/ev-1-5/ev-Autonomous-Vehicle-1-5/install/ev_msgs/lib/libev_msgs__rosidl_typesupport_fastrtps_c.so
[5.953s] -- Set runtime path of "/home/kimsohee/ev-1-5/ev-Autonomous-Vehicle-1-5/install/ev_msgs/lib/libev_msgs__rosidl_typesupport_fastrtps_c.so" to ""
[5.953s] -- Installing: /home/kimsohee/ev-1-5/ev-Autonomous-Vehicle-1-5/install/ev_msgs/lib/libev_msgs__rosidl_typesupport_introspection_c.so
[5.953s] -- Set runtime path of "/home/kimsohee/ev-1-5/ev-Autonomous-Vehicle-1-5/install/ev_msgs/lib/libev_msgs__rosidl_typesupport_introspection_c.so" to ""
[5.953s] -- Installing: /home/kimsohee/ev-1-5/ev-Autonomous-Vehicle-1-5/install/ev_msgs/lib/libev_msgs__rosidl_typesupport_c.so
[5.953s] -- Set runtime path of "/home/kimsohee/ev-1-5/ev-Autonomous-Vehicle-1-5/install/ev_msgs/lib/libev_msgs__rosidl_typesupport_c.so" to ""
[5.953s] -- Installing: /home/kimsohee/ev-1-5/ev-Autonomous-Vehicle-1-5/install/ev_msgs/lib/libev_msgs__rosidl_typesupport_fastrtps_cpp.so
[5.953s] -- Set runtime path of "/home/kimsohee/ev-1-5/ev-Autonomous-Vehicle-1-5/install/ev_msgs/lib/libev_msgs__rosidl_typesupport_fastrtps_cpp.so" to ""
[5.953s] -- Installing: /home/kimsohee/ev-1-5/ev-Autonomous-Vehicle-1-5/install/ev_msgs/lib/libev_msgs__rosidl_typesupport_introspection_cpp.so
[5.953s] -- Set runtime path of "/home/kimsohee/ev-1-5/ev-Autonomous-Vehicle-1-5/install/ev_msgs/lib/libev_msgs__rosidl_typesupport_introspection_cpp.so" to ""
[5.953s] -- Installing: /home/kimsohee/ev-1-5/ev-Autonomous-Vehicle-1-5/install/ev_msgs/lib/libev_msgs__rosidl_typesupport_cpp.so
[5.953s] -- Set runtime path of "/home/kimsohee/ev-1-5/ev-Autonomous-Vehicle-1-5/install/ev_msgs/lib/libev_msgs__rosidl_typesupport_cpp.so" to ""
[5.975s] Listing '/home/kimsohee/ev-1-5/ev-Autonomous-Vehicle-1-5/install/ev_msgs/local/lib/python3.10/dist-packages/ev_msgs'...
[5.976s] Compiling '/home/kimsohee/ev-1-5/ev-Autonomous-Vehicle-1-5/install/ev_msgs/local/lib/python3.10/dist-packages/ev_msgs/__init__.py'...
[5.976s] Listing '/home/kimsohee/ev-1-5/ev-Autonomous-Vehicle-1-5/install/ev_msgs/local/lib/python3.10/dist-packages/ev_msgs/msg'...
[5.976s] Compiling '/home/kimsohee/ev-1-5/ev-Autonomous-Vehicle-1-5/install/ev_msgs/local/lib/python3.10/dist-packages/ev_msgs/msg/__init__.py'...
[5.976s] Compiling '/home/kimsohee/ev-1-5/ev-Autonomous-Vehicle-1-5/install/ev_msgs/local/lib/python3.10/dist-packages/ev_msgs/msg/_b_box.py'...
[5.976s] Compiling '/home/kimsohee/ev-1-5/ev-Autonomous-Vehicle-1-5/install/ev_msgs/local/lib/python3.10/dist-packages/ev_msgs/msg/_b_box_array.py'...
[5.976s] Compiling '/home/kimsohee/ev-1-5/ev-Autonomous-Vehicle-1-5/install/ev_msgs/local/lib/python3.10/dist-packages/ev_msgs/msg/_lane_boundary.py'...
[5.976s] Compiling '/home/kimsohee/ev-1-5/ev-Autonomous-Vehicle-1-5/install/ev_msgs/local/lib/python3.10/dist-packages/ev_msgs/msg/_lane_boundary_array.py'...
[5.978s] -- Installing: /home/kimsohee/ev-1-5/ev-Autonomous-Vehicle-1-5/install/ev_msgs/lib/libev_msgs__rosidl_generator_py.so
[5.979s] -- Set runtime path of "/home/kimsohee/ev-1-5/ev-Autonomous-Vehicle-1-5/install/ev_msgs/lib/libev_msgs__rosidl_generator_py.so" to ""
[5.979s] -- Installing: /home/kimsohee/ev-1-5/ev-Autonomous-Vehicle-1-5/install/ev_msgs/share/ev_msgs/cmake/export_ev_msgs__rosidl_generator_cExport.cmake
[5.979s] -- Installing: /home/kimsohee/ev-1-5/ev-Autonomous-Vehicle-1-5/install/ev_msgs/share/ev_msgs/cmake/export_ev_msgs__rosidl_generator_cExport-noconfig.cmake
[5.979s] -- Installing: /home/kimsohee/ev-1-5/ev-Autonomous-Vehicle-1-5/install/ev_msgs/share/ev_msgs/cmake/export_ev_msgs__rosidl_typesupport_fastrtps_cExport.cmake
[5.979s] -- Installing: /home/kimsohee/ev-1-5/ev-Autonomous-Vehicle-1-5/install/ev_msgs/share/ev_msgs/cmake/export_ev_msgs__rosidl_typesupport_fastrtps_cExport-noconfig.cmake
[5.979s] -- Installing: /home/kimsohee/ev-1-5/ev-Autonomous-Vehicle-1-5/install/ev_msgs/share/ev_msgs/cmake/ev_msgs__rosidl_typesupport_introspection_cExport.cmake
[5.979s] -- Installing: /home/kimsohee/ev-1-5/ev-Autonomous-Vehicle-1-5/install/ev_msgs/share/ev_msgs/cmake/ev_msgs__rosidl_typesupport_introspection_cExport-noconfig.cmake
[5.979s] -- Installing: /home/kimsohee/ev-1-5/ev-Autonomous-Vehicle-1-5/install/ev_msgs/share/ev_msgs/cmake/ev_msgs__rosidl_typesupport_cExport.cmake
[5.980s] -- Installing: /home/kimsohee/ev-1-5/ev-Autonomous-Vehicle-1-5/install/ev_msgs/share/ev_msgs/cmake/ev_msgs__rosidl_typesupport_cExport-noconfig.cmake
[5.980s] -- Installing: /home/kimsohee/ev-1-5/ev-Autonomous-Vehicle-1-5/install/ev_msgs/share/ev_msgs/cmake/export_ev_msgs__rosidl_generator_cppExport.cmake
[5.980s] -- Installing: /home/kimsohee/ev-1-5/ev-Autonomous-Vehicle-1-5/install/ev_msgs/share/ev_msgs/cmake/export_ev_msgs__rosidl_typesupport_fastrtps_cppExport.cmake
[5.980s] -- Installing: /home/kimsohee/ev-1-5/ev-Autonomous-Vehicle-1-5/install/ev_msgs/share/ev_msgs/cmake/export_ev_msgs__rosidl_typesupport_fastrtps_cppExport-noconfig.cmake
[5.980s] -- Installing: /home/kimsohee/ev-1-5/ev-Autonomous-Vehicle-1-5/install/ev_msgs/share/ev_msgs/cmake/ev_msgs__rosidl_typesupport_introspection_cppExport.cmake
[5.980s] -- Installing: /home/kimsohee/ev-1-5/ev-Autonomous-Vehicle-1-5/install/ev_msgs/share/ev_msgs/cmake/ev_msgs__rosidl_typesupport_introspection_cppExport-noconfig.cmake
[5.981s] -- Installing: /home/kimsohee/ev-1-5/ev-Autonomous-Vehicle-1-5/install/ev_msgs/share/ev_msgs/cmake/ev_msgs__rosidl_typesupport_cppExport.cmake
[5.982s] -- Installing: /home/kimsohee/ev-1-5/ev-Autonomous-Vehicle-1-5/install/ev_msgs/share/ev_msgs/cmake/ev_msgs__rosidl_typesupport_cppExport-noconfig.cmake
[5.982s] -- Installing: /home/kimsohee/ev-1-5/ev-Autonomous-Vehicle-1-5/install/ev_msgs/share/ev_msgs/cmake/export_ev_msgs__rosidl_generator_pyExport.cmake
[5.982s] -- Installing: /home/kimsohee/ev-1-5/ev-Autonomous-Vehicle-1-5/install/ev_msgs/share/ev_msgs/cmake/export_ev_msgs__rosidl_generator_pyExport-noconfig.cmake
