[0.016s] Invoking command in '/home/aiv/ev_ws/build/patchworkpp': CMAKE_PREFIX_PATH=${CMAKE_PREFIX_PATH}:/opt/ros/humble /usr/bin/cmake /home/aiv/ev_ws/perception/src/lidar/patchwork-plusplus-master/patchwork-plusplus-master/ros -DAMENT_CMAKE_SYMLINK_INSTALL=1 -DCMAKE_INSTALL_PREFIX=/home/aiv/ev_ws/install/patchworkpp
[0.062s] -- The CXX compiler identification is GNU 11.4.0
[0.067s] -- Detecting CXX compiler ABI info
[0.122s] -- Detecting CXX compiler ABI info - done
[0.128s] -- Check for working CXX compiler: /usr/bin/c++ - skipped
[0.128s] -- Detecting CXX compile features
[0.129s] -- Detecting CXX compile features - done
[0.153s] -- The C compiler identification is GNU 11.4.0
[0.158s] -- Detecting C compiler ABI info
[0.201s] -- Detecting C compiler ABI info - done
[0.208s] -- Check for working C compiler: /usr/bin/cc - skipped
[0.208s] -- Detecting C compile features
[0.208s] -- Detecting C compile features - done
[0.217s] [0mParent project name: patchworkpp[0m
[0.220s] -- Found ament_cmake: 1.3.12 (/opt/ros/humble/share/ament_cmake/cmake)
[0.321s] -- Found Python3: /usr/bin/python3 (found version "3.10.12") found components: Interpreter 
[0.363s] -- Override CMake install command with custom implementation using symlinks instead of copying resources
[0.400s] -- Found nav_msgs: 4.9.0 (/opt/ros/humble/share/nav_msgs/cmake)
[0.426s] -- Found rosidl_generator_c: 3.1.8 (/opt/ros/humble/share/rosidl_generator_c/cmake)
[0.430s] -- Found rosidl_adapter: 3.1.8 (/opt/ros/humble/share/rosidl_adapter/cmake)
[0.435s] -- Found rosidl_generator_cpp: 3.1.8 (/opt/ros/humble/share/rosidl_generator_cpp/cmake)
[0.443s] -- Using all available rosidl_typesupport_c: rosidl_typesupport_fastrtps_c;rosidl_typesupport_introspection_c
[0.454s] -- Using all available rosidl_typesupport_cpp: rosidl_typesupport_fastrtps_cpp;rosidl_typesupport_introspection_cpp
[0.488s] -- Found rclcpp: 16.0.17 (/opt/ros/humble/share/rclcpp/cmake)
[0.514s] -- Found rmw_implementation_cmake: 6.1.2 (/opt/ros/humble/share/rmw_implementation_cmake/cmake)
[0.516s] -- Found rmw_fastrtps_cpp: 6.2.9 (/opt/ros/humble/share/rmw_fastrtps_cpp/cmake)
[0.577s] -- Found OpenSSL: /usr/lib/x86_64-linux-gnu/libcrypto.so (found version "3.0.2")  
[0.593s] -- Found FastRTPS: /opt/ros/humble/include  
[0.618s] -- Using RMW implementation 'rmw_fastrtps_cpp' as default
[0.625s] -- Looking for C++ include pthread.h
[0.675s] -- Looking for C++ include pthread.h - found
[0.675s] -- Performing Test CMAKE_HAVE_LIBC_PTHREAD
[0.728s] -- Performing Test CMAKE_HAVE_LIBC_PTHREAD - Success
[0.729s] -- Found Threads: TRUE  
[0.755s] -- Found rclcpp_components: 16.0.17 (/opt/ros/humble/share/rclcpp_components/cmake)
[0.775s] -- Found sensor_msgs: 4.9.0 (/opt/ros/humble/share/sensor_msgs/cmake)
[0.787s] -- Found tf2_ros: 0.25.18 (/opt/ros/humble/share/tf2_ros/cmake)
[0.899s] -- Configuring done
[0.913s] -- Generating done
[0.919s] -- Build files have been written to: /home/aiv/ev_ws/build/patchworkpp
[0.930s] Invoked command in '/home/aiv/ev_ws/build/patchworkpp' returned '0': CMAKE_PREFIX_PATH=${CMAKE_PREFIX_PATH}:/opt/ros/humble /usr/bin/cmake /home/aiv/ev_ws/perception/src/lidar/patchwork-plusplus-master/patchwork-plusplus-master/ros -DAMENT_CMAKE_SYMLINK_INSTALL=1 -DCMAKE_INSTALL_PREFIX=/home/aiv/ev_ws/install/patchworkpp
[0.932s] Invoking command in '/home/aiv/ev_ws/build/patchworkpp': CMAKE_PREFIX_PATH=${CMAKE_PREFIX_PATH}:/opt/ros/humble /usr/bin/cmake --build /home/aiv/ev_ws/build/patchworkpp -- -j28 -l28
[0.963s] [ 16%] [32mBuilding CXX object patchworkpp_cpp/patchworkpp/CMakeFiles/ground_seg_cores.dir/src/patchworkpp.cpp.o[0m
[0.965s] [ 33%] [32mBuilding CXX object CMakeFiles/patchworkpp_node.dir/rclcpp_components/node_main_patchworkpp_node.cpp.o[0m
[4.148s] [ 50%] [32m[1mLinking CXX executable patchworkpp_node[0m
[4.247s] [ 50%] Built target patchworkpp_node
[15.293s] [ 66%] [32m[1mLinking CXX static library libground_seg_cores.a[0m
[15.324s] [ 66%] Built target ground_seg_cores
[15.342s] [ 83%] [32mBuilding CXX object CMakeFiles/gseg_component.dir/src/GroundSegmentationServer.cpp.o[0m
[23.408s] [100%] [32m[1mLinking CXX shared library libgseg_component.so[0m
[23.499s] [100%] Built target gseg_component
[23.507s] Invoked command in '/home/aiv/ev_ws/build/patchworkpp' returned '0': CMAKE_PREFIX_PATH=${CMAKE_PREFIX_PATH}:/opt/ros/humble /usr/bin/cmake --build /home/aiv/ev_ws/build/patchworkpp -- -j28 -l28
[23.508s] Invoking command in '/home/aiv/ev_ws/build/patchworkpp': CMAKE_PREFIX_PATH=${CMAKE_PREFIX_PATH}:/opt/ros/humble /usr/bin/cmake --install /home/aiv/ev_ws/build/patchworkpp
[23.514s] -- Install configuration: "Release"
[23.514s] -- Installing: /home/aiv/ev_ws/install/patchworkpp/include
[23.515s] -- Installing: /home/aiv/ev_ws/install/patchworkpp/include/patchwork
[23.515s] -- Installing: /home/aiv/ev_ws/install/patchworkpp/include/patchwork/patchworkpp.h
[23.515s] -- Installing: /home/aiv/ev_ws/install/patchworkpp/lib/libground_seg_cores.a
[23.515s] -- Installing: /home/aiv/ev_ws/install/patchworkpp/lib/cmake/patchworkpp/patchworkppConfig.cmake
[23.515s] -- Installing: /home/aiv/ev_ws/install/patchworkpp/lib/cmake/patchworkpp/patchworkppConfig-release.cmake
[23.515s] -- Installing: /home/aiv/ev_ws/install/patchworkpp/lib/cmake/patchworkpp/patchworkppTargets.cmake
[23.515s] -- Installing: /home/aiv/ev_ws/install/patchworkpp/lib/cmake/patchworkpp/patchworkppTargets-release.cmake
[23.515s] -- Execute custom install script
[23.515s] -- Symlinking: /home/aiv/ev_ws/install/patchworkpp/lib/patchworkpp/patchworkpp_node
[23.522s] -- Symlinking: /home/aiv/ev_ws/install/patchworkpp/lib/libgseg_component.so
[23.526s] -- Symlinking: /home/aiv/ev_ws/install/patchworkpp/share/patchworkpp//launch/patchworkpp.launch.py
[23.532s] -- Symlinking: /home/aiv/ev_ws/install/patchworkpp/share/patchworkpp//rviz/patchworkpp.rviz
[23.538s] -- Symlinking: /home/aiv/ev_ws/install/patchworkpp/share/ament_index/resource_index/package_run_dependencies/patchworkpp
[23.544s] -- Symlinking: /home/aiv/ev_ws/install/patchworkpp/share/ament_index/resource_index/parent_prefix_path/patchworkpp
[23.550s] -- Symlinking: /home/aiv/ev_ws/install/patchworkpp/share/patchworkpp/environment/ament_prefix_path.sh
[23.554s] -- Symlinking: /home/aiv/ev_ws/install/patchworkpp/share/patchworkpp/environment/ament_prefix_path.dsv
[23.560s] -- Symlinking: /home/aiv/ev_ws/install/patchworkpp/share/patchworkpp/environment/path.sh
[23.563s] -- Symlinking: /home/aiv/ev_ws/install/patchworkpp/share/patchworkpp/environment/path.dsv
[23.568s] -- Symlinking: /home/aiv/ev_ws/install/patchworkpp/share/patchworkpp/local_setup.bash
[23.573s] -- Symlinking: /home/aiv/ev_ws/install/patchworkpp/share/patchworkpp/local_setup.sh
[23.579s] -- Symlinking: /home/aiv/ev_ws/install/patchworkpp/share/patchworkpp/local_setup.zsh
[23.583s] -- Symlinking: /home/aiv/ev_ws/install/patchworkpp/share/patchworkpp/local_setup.dsv
[23.588s] -- Symlinking: /home/aiv/ev_ws/install/patchworkpp/share/patchworkpp/package.dsv
[23.592s] -- Symlinking: /home/aiv/ev_ws/install/patchworkpp/share/ament_index/resource_index/packages/patchworkpp
[23.598s] -- Symlinking: /home/aiv/ev_ws/install/patchworkpp/share/ament_index/resource_index/rclcpp_components/patchworkpp
[23.604s] -- Symlinking: /home/aiv/ev_ws/install/patchworkpp/share/patchworkpp/cmake/patchworkppConfig.cmake
[23.610s] -- Symlinking: /home/aiv/ev_ws/install/patchworkpp/share/patchworkpp/cmake/patchworkppConfig-version.cmake
[23.616s] -- Symlinking: /home/aiv/ev_ws/install/patchworkpp/share/patchworkpp/package.xml
[23.621s] Invoked command in '/home/aiv/ev_ws/build/patchworkpp' returned '0': CMAKE_PREFIX_PATH=${CMAKE_PREFIX_PATH}:/opt/ros/humble /usr/bin/cmake --install /home/aiv/ev_ws/build/patchworkpp
