[0.025s] Invoking command in '/home/aiv/ev_ws/build/t870_util': AMENT_PREFIX_PATH=/home/aiv/ev_ws/install/t870_cmake:${AMENT_PREFIX_PATH} CMAKE_PREFIX_PATH=/home/aiv/ev_ws/install/t870_cmake:/home/aiv/ev_ws/carsa_gazebo/install/carsa_gazebo:/home/aiv/ev_ws/planning/install/chaining_costmap_ver:/home/aiv/ev_ws/ev_msgs/install/ev_msgs:/home/aiv/ev_ws/erp42_ros/install/erp42_serial:/home/aiv/ev_ws/erp42_ros/install/erp42_rqt_plugin:/home/aiv/ev_ws/erp42_ros/install/erp42_gazebo:/home/aiv/ev_ws/erp42_ros/install/erp42_util:/home/aiv/ev_ws/erp42_ros/install/erp42_msgs:/home/aiv/ev_ws/erp42_ros/install/erp42_description:/home/aiv/ev_ws/erp42_ros/install/erp42_cmake:/home/aiv/ev_ws/perception/install/velodyne:/home/aiv/ev_ws/perception/install/lidar_launch:/home/aiv/ev_ws/perception/install/velodyne_pointcloud:/home/aiv/ev_ws/perception/install/velodyne_driver:/home/aiv/ev_ws/perception/install/velodyne_msgs:/home/aiv/ev_ws/perception/install/velodyne_cropbox:/home/aiv/ev_ws/perception/install/patchworkpp:/home/aiv/ev_ws/perception/install/make_bbox:/home/aiv/ev_ws/perception/install/lidar_voxel_grid:/home/aiv/ev_ws/perception/install/dbscan_clustering:/home/aiv/ev_ws/perception/install/cluster_splitter:/opt/ros/humble /usr/bin/cmake /home/aiv/ev_ws/t870_ros/src/t870_util -DAMENT_CMAKE_SYMLINK_INSTALL=1 -DCMAKE_INSTALL_PREFIX=/home/aiv/ev_ws/install/t870_util
[0.064s] -- The C compiler identification is GNU 11.4.0
[0.096s] -- The CXX compiler identification is GNU 11.4.0
[0.102s] -- Detecting C compiler ABI info
[0.152s] -- Detecting C compiler ABI info - done
[0.158s] -- Check for working C compiler: /usr/bin/cc - skipped
[0.158s] -- Detecting C compile features
[0.159s] -- Detecting C compile features - done
[0.161s] -- Detecting CXX compiler ABI info
[0.216s] -- Detecting CXX compiler ABI info - done
[0.221s] -- Check for working CXX compiler: /usr/bin/c++ - skipped
[0.221s] -- Detecting CXX compile features
[0.221s] -- Detecting CXX compile features - done
[0.222s] -- Found t870_cmake: 0.0.0 (/home/aiv/ev_ws/install/t870_cmake/share/t870_cmake/cmake)
[0.223s] -- Found ament_cmake_auto: 1.3.12 (/opt/ros/humble/share/ament_cmake_auto/cmake)
[0.324s] -- Found Python3: /usr/bin/python3 (found version "3.10.12") found components: Interpreter 
[0.377s] -- Override CMake install command with custom implementation using symlinks instead of copying resources
[0.456s] -- Configuring done
[0.459s] -- Generating done
[0.461s] -- Build files have been written to: /home/aiv/ev_ws/build/t870_util
[0.466s] Invoked command in '/home/aiv/ev_ws/build/t870_util' returned '0': AMENT_PREFIX_PATH=/home/aiv/ev_ws/install/t870_cmake:${AMENT_PREFIX_PATH} CMAKE_PREFIX_PATH=/home/aiv/ev_ws/install/t870_cmake:/home/aiv/ev_ws/carsa_gazebo/install/carsa_gazebo:/home/aiv/ev_ws/planning/install/chaining_costmap_ver:/home/aiv/ev_ws/ev_msgs/install/ev_msgs:/home/aiv/ev_ws/erp42_ros/install/erp42_serial:/home/aiv/ev_ws/erp42_ros/install/erp42_rqt_plugin:/home/aiv/ev_ws/erp42_ros/install/erp42_gazebo:/home/aiv/ev_ws/erp42_ros/install/erp42_util:/home/aiv/ev_ws/erp42_ros/install/erp42_msgs:/home/aiv/ev_ws/erp42_ros/install/erp42_description:/home/aiv/ev_ws/erp42_ros/install/erp42_cmake:/home/aiv/ev_ws/perception/install/velodyne:/home/aiv/ev_ws/perception/install/lidar_launch:/home/aiv/ev_ws/perception/install/velodyne_pointcloud:/home/aiv/ev_ws/perception/install/velodyne_driver:/home/aiv/ev_ws/perception/install/velodyne_msgs:/home/aiv/ev_ws/perception/install/velodyne_cropbox:/home/aiv/ev_ws/perception/install/patchworkpp:/home/aiv/ev_ws/perception/install/make_bbox:/home/aiv/ev_ws/perception/install/lidar_voxel_grid:/home/aiv/ev_ws/perception/install/dbscan_clustering:/home/aiv/ev_ws/perception/install/cluster_splitter:/opt/ros/humble /usr/bin/cmake /home/aiv/ev_ws/t870_ros/src/t870_util -DAMENT_CMAKE_SYMLINK_INSTALL=1 -DCMAKE_INSTALL_PREFIX=/home/aiv/ev_ws/install/t870_util
[0.467s] Invoking command in '/home/aiv/ev_ws/build/t870_util': AMENT_PREFIX_PATH=/home/aiv/ev_ws/install/t870_cmake:${AMENT_PREFIX_PATH} CMAKE_PREFIX_PATH=/home/aiv/ev_ws/install/t870_cmake:/home/aiv/ev_ws/carsa_gazebo/install/carsa_gazebo:/home/aiv/ev_ws/planning/install/chaining_costmap_ver:/home/aiv/ev_ws/ev_msgs/install/ev_msgs:/home/aiv/ev_ws/erp42_ros/install/erp42_serial:/home/aiv/ev_ws/erp42_ros/install/erp42_rqt_plugin:/home/aiv/ev_ws/erp42_ros/install/erp42_gazebo:/home/aiv/ev_ws/erp42_ros/install/erp42_util:/home/aiv/ev_ws/erp42_ros/install/erp42_msgs:/home/aiv/ev_ws/erp42_ros/install/erp42_description:/home/aiv/ev_ws/erp42_ros/install/erp42_cmake:/home/aiv/ev_ws/perception/install/velodyne:/home/aiv/ev_ws/perception/install/lidar_launch:/home/aiv/ev_ws/perception/install/velodyne_pointcloud:/home/aiv/ev_ws/perception/install/velodyne_driver:/home/aiv/ev_ws/perception/install/velodyne_msgs:/home/aiv/ev_ws/perception/install/velodyne_cropbox:/home/aiv/ev_ws/perception/install/patchworkpp:/home/aiv/ev_ws/perception/install/make_bbox:/home/aiv/ev_ws/perception/install/lidar_voxel_grid:/home/aiv/ev_ws/perception/install/dbscan_clustering:/home/aiv/ev_ws/perception/install/cluster_splitter:/opt/ros/humble /usr/bin/cmake --build /home/aiv/ev_ws/build/t870_util -- -j28 -l28
[0.495s] [ 50%] [32mBuilding CXX object CMakeFiles/t870_util.dir/src/log.cpp.o[0m
[0.673s] [100%] [32m[1mLinking CXX shared library libt870_util.so[0m
[0.716s] [100%] Built target t870_util
[0.725s] Invoked command in '/home/aiv/ev_ws/build/t870_util' returned '0': AMENT_PREFIX_PATH=/home/aiv/ev_ws/install/t870_cmake:${AMENT_PREFIX_PATH} CMAKE_PREFIX_PATH=/home/aiv/ev_ws/install/t870_cmake:/home/aiv/ev_ws/carsa_gazebo/install/carsa_gazebo:/home/aiv/ev_ws/planning/install/chaining_costmap_ver:/home/aiv/ev_ws/ev_msgs/install/ev_msgs:/home/aiv/ev_ws/erp42_ros/install/erp42_serial:/home/aiv/ev_ws/erp42_ros/install/erp42_rqt_plugin:/home/aiv/ev_ws/erp42_ros/install/erp42_gazebo:/home/aiv/ev_ws/erp42_ros/install/erp42_util:/home/aiv/ev_ws/erp42_ros/install/erp42_msgs:/home/aiv/ev_ws/erp42_ros/install/erp42_description:/home/aiv/ev_ws/erp42_ros/install/erp42_cmake:/home/aiv/ev_ws/perception/install/velodyne:/home/aiv/ev_ws/perception/install/lidar_launch:/home/aiv/ev_ws/perception/install/velodyne_pointcloud:/home/aiv/ev_ws/perception/install/velodyne_driver:/home/aiv/ev_ws/perception/install/velodyne_msgs:/home/aiv/ev_ws/perception/install/velodyne_cropbox:/home/aiv/ev_ws/perception/install/patchworkpp:/home/aiv/ev_ws/perception/install/make_bbox:/home/aiv/ev_ws/perception/install/lidar_voxel_grid:/home/aiv/ev_ws/perception/install/dbscan_clustering:/home/aiv/ev_ws/perception/install/cluster_splitter:/opt/ros/humble /usr/bin/cmake --build /home/aiv/ev_ws/build/t870_util -- -j28 -l28
[0.726s] Invoking command in '/home/aiv/ev_ws/build/t870_util': AMENT_PREFIX_PATH=/home/aiv/ev_ws/install/t870_cmake:${AMENT_PREFIX_PATH} CMAKE_PREFIX_PATH=/home/aiv/ev_ws/install/t870_cmake:/home/aiv/ev_ws/carsa_gazebo/install/carsa_gazebo:/home/aiv/ev_ws/planning/install/chaining_costmap_ver:/home/aiv/ev_ws/ev_msgs/install/ev_msgs:/home/aiv/ev_ws/erp42_ros/install/erp42_serial:/home/aiv/ev_ws/erp42_ros/install/erp42_rqt_plugin:/home/aiv/ev_ws/erp42_ros/install/erp42_gazebo:/home/aiv/ev_ws/erp42_ros/install/erp42_util:/home/aiv/ev_ws/erp42_ros/install/erp42_msgs:/home/aiv/ev_ws/erp42_ros/install/erp42_description:/home/aiv/ev_ws/erp42_ros/install/erp42_cmake:/home/aiv/ev_ws/perception/install/velodyne:/home/aiv/ev_ws/perception/install/lidar_launch:/home/aiv/ev_ws/perception/install/velodyne_pointcloud:/home/aiv/ev_ws/perception/install/velodyne_driver:/home/aiv/ev_ws/perception/install/velodyne_msgs:/home/aiv/ev_ws/perception/install/velodyne_cropbox:/home/aiv/ev_ws/perception/install/patchworkpp:/home/aiv/ev_ws/perception/install/make_bbox:/home/aiv/ev_ws/perception/install/lidar_voxel_grid:/home/aiv/ev_ws/perception/install/dbscan_clustering:/home/aiv/ev_ws/perception/install/cluster_splitter:/opt/ros/humble /usr/bin/cmake --install /home/aiv/ev_ws/build/t870_util
[0.730s] -- Install configuration: ""
[0.730s] -- Execute custom install script
[0.730s] -- Symlinking: /home/aiv/ev_ws/install/t870_util/include/t870_util/t870_util/exception.hpp
[0.738s] -- Symlinking: /home/aiv/ev_ws/install/t870_util/include/t870_util/t870_util/log.hpp
[0.746s] -- Symlinking: /home/aiv/ev_ws/install/t870_util/share/t870_util/environment/library_path.sh
[0.754s] -- Symlinking: /home/aiv/ev_ws/install/t870_util/share/t870_util/environment/library_path.dsv
[0.762s] -- Symlinking: /home/aiv/ev_ws/install/t870_util/lib/libt870_util.so
[0.770s] -- Symlinking: /home/aiv/ev_ws/install/t870_util/share/ament_index/resource_index/package_run_dependencies/t870_util
[0.776s] -- Symlinking: /home/aiv/ev_ws/install/t870_util/share/ament_index/resource_index/parent_prefix_path/t870_util
[0.784s] -- Symlinking: /home/aiv/ev_ws/install/t870_util/share/t870_util/environment/ament_prefix_path.sh
[0.789s] -- Symlinking: /home/aiv/ev_ws/install/t870_util/share/t870_util/environment/ament_prefix_path.dsv
[0.795s] -- Symlinking: /home/aiv/ev_ws/install/t870_util/share/t870_util/environment/path.sh
[0.804s] -- Symlinking: /home/aiv/ev_ws/install/t870_util/share/t870_util/environment/path.dsv
[0.813s] -- Symlinking: /home/aiv/ev_ws/install/t870_util/share/t870_util/local_setup.bash
[0.820s] -- Symlinking: /home/aiv/ev_ws/install/t870_util/share/t870_util/local_setup.sh
[0.825s] -- Symlinking: /home/aiv/ev_ws/install/t870_util/share/t870_util/local_setup.zsh
[0.831s] -- Symlinking: /home/aiv/ev_ws/install/t870_util/share/t870_util/local_setup.dsv
[0.839s] -- Symlinking: /home/aiv/ev_ws/install/t870_util/share/t870_util/package.dsv
[0.847s] -- Symlinking: /home/aiv/ev_ws/install/t870_util/share/ament_index/resource_index/packages/t870_util
[0.855s] -- Symlinking: /home/aiv/ev_ws/install/t870_util/share/t870_util/cmake/ament_cmake_export_include_directories-extras.cmake
[0.863s] -- Symlinking: /home/aiv/ev_ws/install/t870_util/share/t870_util/cmake/ament_cmake_export_libraries-extras.cmake
[0.872s] -- Symlinking: /home/aiv/ev_ws/install/t870_util/share/t870_util/cmake/t870_utilConfig.cmake
[0.880s] -- Symlinking: /home/aiv/ev_ws/install/t870_util/share/t870_util/cmake/t870_utilConfig-version.cmake
[0.886s] -- Symlinking: /home/aiv/ev_ws/install/t870_util/share/t870_util/package.xml
[0.898s] Invoked command in '/home/aiv/ev_ws/build/t870_util' returned '0': AMENT_PREFIX_PATH=/home/aiv/ev_ws/install/t870_cmake:${AMENT_PREFIX_PATH} CMAKE_PREFIX_PATH=/home/aiv/ev_ws/install/t870_cmake:/home/aiv/ev_ws/carsa_gazebo/install/carsa_gazebo:/home/aiv/ev_ws/planning/install/chaining_costmap_ver:/home/aiv/ev_ws/ev_msgs/install/ev_msgs:/home/aiv/ev_ws/erp42_ros/install/erp42_serial:/home/aiv/ev_ws/erp42_ros/install/erp42_rqt_plugin:/home/aiv/ev_ws/erp42_ros/install/erp42_gazebo:/home/aiv/ev_ws/erp42_ros/install/erp42_util:/home/aiv/ev_ws/erp42_ros/install/erp42_msgs:/home/aiv/ev_ws/erp42_ros/install/erp42_description:/home/aiv/ev_ws/erp42_ros/install/erp42_cmake:/home/aiv/ev_ws/perception/install/velodyne:/home/aiv/ev_ws/perception/install/lidar_launch:/home/aiv/ev_ws/perception/install/velodyne_pointcloud:/home/aiv/ev_ws/perception/install/velodyne_driver:/home/aiv/ev_ws/perception/install/velodyne_msgs:/home/aiv/ev_ws/perception/install/velodyne_cropbox:/home/aiv/ev_ws/perception/install/patchworkpp:/home/aiv/ev_ws/perception/install/make_bbox:/home/aiv/ev_ws/perception/install/lidar_voxel_grid:/home/aiv/ev_ws/perception/install/dbscan_clustering:/home/aiv/ev_ws/perception/install/cluster_splitter:/opt/ros/humble /usr/bin/cmake --install /home/aiv/ev_ws/build/t870_util
