[0.024s] Invoking command in '/home/kimsohee/ev-1-5/ev-Autonomous-Vehicle-1-5/build/patchworkpp': CMAKE_PREFIX_PATH=/opt/ros/humble /usr/bin/cmake /home/kimsohee/ev-1-5/ev-Autonomous-Vehicle-1-5/perception/src/lidar/patchwork-plusplus-master/patchwork-plusplus-master/ros -DAMENT_CMAKE_SYMLINK_INSTALL=1 -DCMAKE_INSTALL_PREFIX=/home/kimsohee/ev-1-5/ev-Autonomous-Vehicle-1-5/install/patchworkpp
[0.837s] -- The CXX compiler identification is GNU 11.4.0
[0.837s] -- Detecting CXX compiler ABI info
[0.837s] -- Detecting CXX compiler ABI info - done
[0.838s] -- Check for working CXX compiler: /usr/bin/c++ - skipped
[0.838s] -- Detecting CXX compile features
[0.838s] -- Detecting CXX compile features - done
[0.838s] -- The C compiler identification is GNU 11.4.0
[0.838s] -- Detecting C compiler ABI info
[0.838s] -- Detecting C compiler ABI info - done
[0.838s] -- Check for working C compiler: /usr/bin/cc - skipped
[0.839s] -- Detecting C compile features
[0.839s] -- Detecting C compile features - done
[0.839s] -- Found ament_cmake: 1.3.12 (/opt/ros/humble/share/ament_cmake/cmake)
[0.839s] -- Found Python3: /usr/bin/python3 (found version "3.10.12") found components: Interpreter 
[0.839s] -- Override CMake install command with custom implementation using symlinks instead of copying resources
[0.839s] -- Found nav_msgs: 4.9.0 (/opt/ros/humble/share/nav_msgs/cmake)
[0.839s] -- Found rosidl_generator_c: 3.1.8 (/opt/ros/humble/share/rosidl_generator_c/cmake)
[0.839s] -- Found rosidl_adapter: 3.1.8 (/opt/ros/humble/share/rosidl_adapter/cmake)
[0.839s] -- Found rosidl_generator_cpp: 3.1.8 (/opt/ros/humble/share/rosidl_generator_cpp/cmake)
[0.839s] -- Using all available rosidl_typesupport_c: rosidl_typesupport_fastrtps_c;rosidl_typesupport_introspection_c
[0.840s] -- Using all available rosidl_typesupport_cpp: rosidl_typesupport_fastrtps_cpp;rosidl_typesupport_introspection_cpp
[0.840s] -- Found rclcpp: 16.0.17 (/opt/ros/humble/share/rclcpp/cmake)
[0.840s] -- Found rmw_implementation_cmake: 6.1.2 (/opt/ros/humble/share/rmw_implementation_cmake/cmake)
[0.840s] -- Found rmw_fastrtps_cpp: 6.2.9 (/opt/ros/humble/share/rmw_fastrtps_cpp/cmake)
[0.840s] -- Found OpenSSL: /usr/lib/aarch64-linux-gnu/libcrypto.so (found version "3.0.2")  
[0.840s] -- Found FastRTPS: /opt/ros/humble/include  
[0.840s] -- Using RMW implementation 'rmw_fastrtps_cpp' as default
[0.840s] -- Looking for C++ include pthread.h
[0.840s] -- Looking for C++ include pthread.h - found
[0.840s] -- Performing Test CMAKE_HAVE_LIBC_PTHREAD
[0.840s] -- Performing Test CMAKE_HAVE_LIBC_PTHREAD - Success
[0.840s] -- Found Threads: TRUE  
[0.840s] -- Found rclcpp_components: 16.0.17 (/opt/ros/humble/share/rclcpp_components/cmake)
[0.840s] -- Found sensor_msgs: 4.9.0 (/opt/ros/humble/share/sensor_msgs/cmake)
[0.840s] -- Found tf2_ros: 0.25.18 (/opt/ros/humble/share/tf2_ros/cmake)
[0.840s] [0mParent project name: patchworkpp[0m
[0.876s] -- Configuring done
[0.891s] -- Generating done
[0.898s] -- Build files have been written to: /home/kimsohee/ev-1-5/ev-Autonomous-Vehicle-1-5/build/patchworkpp
[0.914s] Invoked command in '/home/kimsohee/ev-1-5/ev-Autonomous-Vehicle-1-5/build/patchworkpp' returned '0': CMAKE_PREFIX_PATH=/opt/ros/humble /usr/bin/cmake /home/kimsohee/ev-1-5/ev-Autonomous-Vehicle-1-5/perception/src/lidar/patchwork-plusplus-master/patchwork-plusplus-master/ros -DAMENT_CMAKE_SYMLINK_INSTALL=1 -DCMAKE_INSTALL_PREFIX=/home/kimsohee/ev-1-5/ev-Autonomous-Vehicle-1-5/install/patchworkpp
[0.914s] Invoking command in '/home/kimsohee/ev-1-5/ev-Autonomous-Vehicle-1-5/build/patchworkpp': CMAKE_PREFIX_PATH=/opt/ros/humble /usr/bin/cmake --build /home/kimsohee/ev-1-5/ev-Autonomous-Vehicle-1-5/build/patchworkpp -- -j10 -l10
[1.002s] [ 16%] [32mBuilding CXX object CMakeFiles/patchworkpp_node.dir/rclcpp_components/node_main_patchworkpp_node.cpp.o[0m
[1.002s] [ 33%] [32mBuilding CXX object patchworkpp_cpp/patchworkpp/CMakeFiles/ground_seg_cores.dir/src/patchworkpp.cpp.o[0m
[5.085s] [ 50%] [32m[1mLinking CXX executable patchworkpp_node[0m
[5.258s] [ 50%] Built target patchworkpp_node
[10.626s] [ 66%] [32m[1mLinking CXX static library libground_seg_cores.a[0m
[10.638s] [ 66%] Built target ground_seg_cores
[10.646s] [ 83%] [32mBuilding CXX object CMakeFiles/gseg_component.dir/src/GroundSegmentationServer.cpp.o[0m
[17.345s] [100%] [32m[1mLinking CXX shared library libgseg_component.so[0m
[17.436s] [100%] Built target gseg_component
