[0.000000] (-) TimerEvent: {}
[0.000389] (track_msgs) JobQueued: {'identifier': 'track_msgs', 'dependencies': OrderedDict()}
[0.000506] (planning_mr_ver) JobQueued: {'identifier': 'planning_mr_ver', 'dependencies': OrderedDict([('track_msgs', '/home/aiv/ev_ws/planning/install/track_msgs')])}
[0.000533] (track_msgs) JobStarted: {'identifier': 'track_msgs'}
[0.006696] (track_msgs) JobProgress: {'identifier': 'track_msgs', 'progress': 'cmake'}
[0.006937] (track_msgs) JobProgress: {'identifier': 'track_msgs', 'progress': 'build'}
[0.007344] (track_msgs) Command: {'cmd': ['/usr/bin/cmake', '--build', '/home/aiv/ev_ws/planning/build/track_msgs', '--', '-j28', '-l28'], 'cwd': '/home/aiv/ev_ws/planning/build/track_msgs', 'env': OrderedDict([('GJS_DEBUG_TOPICS', 'JS ERROR;JS LOG'), ('USER', 'aiv'), ('LC_TIME', 'ko_KR.UTF-8'), ('XDG_SESSION_TYPE', 'x11'), ('SHLVL', '1'), ('LD_LIBRARY_PATH', '/usr/local/cuda-12.6/lib64:/home/aiv/ev_ws/ev_msgs/install/ev_msgs/lib:/home/aiv/ev_ws/perception/install/make_cylinder/lib:/usr/local/cuda-12.6/lib64:/usr/local/cuda-12.6/lib64:/home/aiv/ev_ws/planning/install/planning_mr_ver/lib:/home/aiv/ev_ws/planning/install/track_msgs/lib:/usr/local/cuda-12.6/lib64:/home/aiv/ev_ws/erp42_ros/install/erp42_serial/lib:/home/aiv/ev_ws/erp42_ros/install/erp42_rqt_plugin/lib:/home/aiv/ev_ws/erp42_ros/install/erp42_gazebo/lib:/home/aiv/ev_ws/erp42_ros/install/erp42_util/lib:/home/aiv/ev_ws/erp42_ros/install/erp42_msgs/lib:/home/aiv/ev_ws/perception/install/velodyne_pointcloud/lib:/home/aiv/ev_ws/perception/install/velodyne_driver/lib:/home/aiv/ev_ws/perception/install/velodyne_msgs/lib:/home/aiv/ev_ws/perception/install/velodyne_laserscan/lib:/home/aiv/ev_ws/perception/install/velodyne_cropbox/lib:/home/aiv/ev_ws/perception/install/patchworkpp/lib:/home/aiv/ev_ws/perception/install/lidar_voxel_grid/lib:/home/aiv/ev_ws/perception/install/lidar_interfaces/lib:/home/aiv/ev_ws/perception/install/dbscan_clustering/lib:/home/aiv/ev_ws/perception/install/cluster_splitter/lib:/usr/lib/x86_64-linux-gnu/gazebo-11/plugins:/opt/ros/humble/opt/rviz_ogre_vendor/lib:/opt/ros/humble/lib/x86_64-linux-gnu:/opt/ros/humble/lib:/usr/local/cuda-12.6/lib64'), ('HOME', '/home/aiv'), ('OLDPWD', '/home/aiv/ev_ws'), ('DESKTOP_SESSION', 'ubuntu'), ('NVM_BIN', '/home/aiv/.nvm/versions/node/v24.13.1/bin'), ('NVM_INC', '/home/aiv/.nvm/versions/node/v24.13.1/include/node'), ('GIO_LAUNCHED_DESKTOP_FILE', '/usr/share/applications/terminator.desktop'), ('ROS_PYTHON_VERSION', '3'), ('GNOME_SHELL_SESSION_MODE', 'ubuntu'), ('GTK_MODULES', 'gail:atk-bridge'), ('LC_MONETARY', 'ko_KR.UTF-8'), ('MANAGERPID', '1839'), ('SYSTEMD_EXEC_PID', '2596'), ('DBUS_SESSION_BUS_ADDRESS', 'unix:path=/run/user/1000/bus'), ('COLORTERM', 'truecolor'), ('TERMINATOR_DBUS_NAME', 'net.tenshu.Terminator23558193cd9818af7fe4d2c2f5bd9d00f'), ('GIO_LAUNCHED_DESKTOP_FILE_PID', '6376'), ('NVM_DIR', '/home/aiv/.nvm'), ('COLCON_PREFIX_PATH', '/home/aiv/ev_ws/planning/install:/home/aiv/ev_ws/perception/install:/home/aiv/ev_ws/ev_msgs/install:/home/aiv/ev_ws/carsa_gazebo/install:/home/aiv/ev_ws/erp42_ros/install'), ('ROS_DISTRO', 'humble'), ('GTK_IM_MODULE', 'ibus'), ('LOGNAME', 'aiv'), ('JOURNAL_STREAM', '8:14626'), ('_', '/usr/bin/colcon'), ('ROS_VERSION', '2'), ('XDG_SESSION_CLASS', 'user'), ('USERNAME', 'aiv'), ('TERM', 'xterm-256color'), ('GNOME_DESKTOP_SESSION_ID', 'this-is-deprecated'), ('ROS_LOCALHOST_ONLY', '0'), ('WINDOWPATH', '2'), ('PATH', '/usr/local/cuda-12.6/bin:/usr/local/cuda-12.6/bin:/usr/local/cuda-12.6/bin:/usr/local/cuda-12.6/bin:/home/aiv/.local/bin:/opt/ros/humble/bin:/home/aiv/.nvm/versions/node/v24.13.1/bin:/usr/local/cuda-12.6/bin:/usr/local/sbin:/usr/local/bin:/usr/sbin:/usr/bin:/sbin:/bin:/usr/games:/usr/local/games:/snap/bin:/snap/bin'), ('SESSION_MANAGER', 'local/aiv:@/tmp/.ICE-unix/2567,unix/aiv:/tmp/.ICE-unix/2567'), ('INVOCATION_ID', '0568b3f95aa24871a61c02a9dcac9b80'), ('XDG_MENU_PREFIX', 'gnome-'), ('LC_ADDRESS', 'ko_KR.UTF-8'), ('XDG_RUNTIME_DIR', '/run/user/1000'), ('DISPLAY', ':1'), ('TERMINATOR_DBUS_PATH', '/net/tenshu/Terminator2'), ('LANG', 'en_US.UTF-8'), ('XDG_CURRENT_DESKTOP', 'ubuntu:GNOME'), ('IBUS_DISABLE_SNOOPER', '1'), ('LC_TELEPHONE', 'ko_KR.UTF-8'), ('XMODIFIERS', '@im=ibus'), ('XDG_SESSION_DESKTOP', 'ubuntu'), ('XAUTHORITY', '/run/user/1000/gdm/Xauthority'), ('SSH_AGENT_LAUNCHER', 'gnome-keyring'), ('SSH_AUTH_SOCK', '/run/user/1000/keyring/ssh'), ('AMENT_PREFIX_PATH', '/home/aiv/ev_ws/ev_msgs/install/ev_msgs:/home/aiv/ev_ws/perception/install/make_cylinder:/home/aiv/ev_ws/planning/install/planning_mr_ver:/home/aiv/ev_ws/planning/install/track_msgs:/home/aiv/ev_ws/carsa_gazebo/install/carsa_gazebo:/home/aiv/ev_ws/erp42_ros/install/erp42_serial:/home/aiv/ev_ws/erp42_ros/install/erp42_rqt_plugin:/home/aiv/ev_ws/erp42_ros/install/erp42_gazebo:/home/aiv/ev_ws/erp42_ros/install/erp42_util:/home/aiv/ev_ws/erp42_ros/install/erp42_msgs:/home/aiv/ev_ws/erp42_ros/install/erp42_description:/home/aiv/ev_ws/erp42_ros/install/erp42_cmake:/home/aiv/ev_ws/perception/install/velodyne:/home/aiv/ev_ws/perception/install/lidar_launch:/home/aiv/ev_ws/perception/install/velodyne_pointcloud:/home/aiv/ev_ws/perception/install/velodyne_driver:/home/aiv/ev_ws/perception/install/velodyne_msgs:/home/aiv/ev_ws/perception/install/velodyne_laserscan:/home/aiv/ev_ws/perception/install/velodyne_cropbox:/home/aiv/ev_ws/perception/install/patchworkpp:/home/aiv/ev_ws/perception/install/lidar_voxel_grid:/home/aiv/ev_ws/perception/install/lidar_interfaces:/home/aiv/ev_ws/perception/install/dbscan_clustering:/home/aiv/ev_ws/perception/install/cluster_splitter:/opt/ros/humble'), ('SHELL', '/bin/bash'), ('LC_NAME', 'ko_KR.UTF-8'), ('TERMINATOR_UUID', 'urn:uuid:b9c2d4ac-81c7-439c-870c-61cfe5ca8ac1'), ('QT_ACCESSIBILITY', '1'), ('GDMSESSION', 'ubuntu'), ('LC_MEASUREMENT', 'ko_KR.UTF-8'), ('GPG_AGENT_INFO', '/run/user/1000/gnupg/S.gpg-agent:0:1'), ('GJS_DEBUG_OUTPUT', 'stderr'), ('LC_IDENTIFICATION', 'ko_KR.UTF-8'), ('QT_IM_MODULE', 'ibus'), ('PWD', '/home/aiv/ev_ws/planning/build/track_msgs'), ('LC_ALL', 'en_US.UTF-8'), ('XDG_CONFIG_DIRS', '/etc/xdg/xdg-ubuntu:/etc/xdg'), ('NVM_CD_FLAGS', ''), ('XDG_DATA_DIRS', '/usr/share/ubuntu:/usr/share/gnome:/usr/local/share/:/usr/share/:/var/lib/snapd/desktop'), ('PYTHONPATH', '/home/aiv/ev_ws/ev_msgs/install/ev_msgs/local/lib/python3.10/dist-packages:/home/aiv/ev_ws/planning/install/track_msgs/local/lib/python3.10/dist-packages:/home/aiv/ev_ws/erp42_ros/install/erp42_msgs/local/lib/python3.10/dist-packages:/home/aiv/ev_ws/perception/install/velodyne_msgs/local/lib/python3.10/dist-packages:/home/aiv/ev_ws/perception/install/lidar_interfaces/local/lib/python3.10/dist-packages:/opt/ros/humble/lib/python3.10/site-packages:/opt/ros/humble/local/lib/python3.10/dist-packages'), ('LC_NUMERIC', 'ko_KR.UTF-8'), ('LC_PAPER', 'ko_KR.UTF-8'), ('COLCON', '1'), ('VTE_VERSION', '6800'), ('EDITOR', 'code --wait'), ('CMAKE_PREFIX_PATH', '/home/aiv/ev_ws/ev_msgs/install/ev_msgs:/home/aiv/ev_ws/perception/install/make_cylinder:/home/aiv/ev_ws/planning/install/planning_mr_ver:/home/aiv/ev_ws/planning/install/track_msgs:/home/aiv/ev_ws/carsa_gazebo/install/carsa_gazebo:/home/aiv/ev_ws/erp42_ros/install/erp42_serial:/home/aiv/ev_ws/erp42_ros/install/erp42_rqt_plugin:/home/aiv/ev_ws/erp42_ros/install/erp42_gazebo:/home/aiv/ev_ws/erp42_ros/install/erp42_util:/home/aiv/ev_ws/erp42_ros/install/erp42_msgs:/home/aiv/ev_ws/erp42_ros/install/erp42_description:/home/aiv/ev_ws/erp42_ros/install/erp42_cmake:/home/aiv/ev_ws/perception/install/velodyne:/home/aiv/ev_ws/perception/install/lidar_launch:/home/aiv/ev_ws/perception/install/velodyne_pointcloud:/home/aiv/ev_ws/perception/install/velodyne_driver:/home/aiv/ev_ws/perception/install/velodyne_msgs:/home/aiv/ev_ws/perception/install/velodyne_laserscan:/home/aiv/ev_ws/perception/install/velodyne_cropbox:/home/aiv/ev_ws/perception/install/patchworkpp:/home/aiv/ev_ws/perception/install/lidar_voxel_grid:/home/aiv/ev_ws/perception/install/lidar_interfaces:/home/aiv/ev_ws/perception/install/dbscan_clustering:/home/aiv/ev_ws/perception/install/cluster_splitter:/opt/ros/humble')]), 'shell': False}
[0.039681] (track_msgs) StdoutLine: {'line': b'\x1b[35m\x1b[1mConsolidate compiler generated dependencies of target track_msgs__rosidl_generator_c\x1b[0m\n'}
[0.045970] (track_msgs) StdoutLine: {'line': b'[  1%] Built target track_msgs__cpp\n'}
[0.048275] (track_msgs) StdoutLine: {'line': b'[ 12%] Built target track_msgs__rosidl_generator_c\n'}
[0.053375] (track_msgs) StdoutLine: {'line': b'\x1b[35m\x1b[1mConsolidate compiler generated dependencies of target track_msgs__rosidl_typesupport_fastrtps_cpp\x1b[0m\n'}
[0.054419] (track_msgs) StdoutLine: {'line': b'\x1b[35m\x1b[1mConsolidate compiler generated dependencies of target track_msgs__rosidl_typesupport_introspection_cpp\x1b[0m\n'}
[0.054542] (track_msgs) StdoutLine: {'line': b'[ 12%] Built target ament_cmake_python_symlink_track_msgs\n'}
[0.055255] (track_msgs) StdoutLine: {'line': b'\x1b[35m\x1b[1mConsolidate compiler generated dependencies of target track_msgs__rosidl_typesupport_cpp\x1b[0m\n'}
[0.055429] (track_msgs) StdoutLine: {'line': b'\x1b[35m\x1b[1mConsolidate compiler generated dependencies of target track_msgs__rosidl_typesupport_introspection_c\x1b[0m\n'}
[0.055621] (track_msgs) StdoutLine: {'line': b'\x1b[35m\x1b[1mConsolidate compiler generated dependencies of target track_msgs__rosidl_typesupport_c\x1b[0m\n'}
[0.055996] (track_msgs) StdoutLine: {'line': b'\x1b[35m\x1b[1mConsolidate compiler generated dependencies of target track_msgs__rosidl_typesupport_fastrtps_c\x1b[0m\n'}
[0.064354] (track_msgs) StdoutLine: {'line': b'[ 23%] Built target track_msgs__rosidl_typesupport_fastrtps_cpp\n'}
[0.064814] (track_msgs) StdoutLine: {'line': b'[ 34%] Built target track_msgs__rosidl_typesupport_cpp\n'}
[0.065187] (track_msgs) StdoutLine: {'line': b'[ 45%] Built target track_msgs__rosidl_typesupport_c\n'}
[0.065336] (track_msgs) StdoutLine: {'line': b'[ 56%] Built target track_msgs__rosidl_typesupport_introspection_c\n'}
[0.065557] (track_msgs) StdoutLine: {'line': b'[ 67%] Built target track_msgs__rosidl_typesupport_fastrtps_c\n'}
[0.065914] (track_msgs) StdoutLine: {'line': b'[ 78%] Built target track_msgs__rosidl_typesupport_introspection_cpp\n'}
[0.082054] (track_msgs) StdoutLine: {'line': b'[ 78%] Built target track_msgs\n'}
[0.097464] (track_msgs) StdoutLine: {'line': b'[ 80%] Built target track_msgs__py\n'}
[0.099864] (-) TimerEvent: {}
[0.107082] (track_msgs) StdoutLine: {'line': b'\x1b[35m\x1b[1mConsolidate compiler generated dependencies of target track_msgs__rosidl_generator_py\x1b[0m\n'}
[0.119931] (track_msgs) StdoutLine: {'line': b'[ 89%] Built target track_msgs__rosidl_generator_py\n'}
[0.129173] (track_msgs) StdoutLine: {'line': b'\x1b[35m\x1b[1mConsolidate compiler generated dependencies of target track_msgs__rosidl_typesupport_c__pyext\x1b[0m\n'}
[0.130117] (track_msgs) StdoutLine: {'line': b'\x1b[35m\x1b[1mConsolidate compiler generated dependencies of target track_msgs__rosidl_typesupport_fastrtps_c__pyext\x1b[0m\n'}
[0.130221] (track_msgs) StdoutLine: {'line': b'\x1b[35m\x1b[1mConsolidate compiler generated dependencies of target track_msgs__rosidl_typesupport_introspection_c__pyext\x1b[0m\n'}
[0.138817] (track_msgs) StdoutLine: {'line': b'[ 92%] Built target track_msgs__rosidl_typesupport_c__pyext\n'}
[0.140089] (track_msgs) StdoutLine: {'line': b'[100%] Built target track_msgs__rosidl_typesupport_fastrtps_c__pyext\n'}
[0.140160] (track_msgs) StdoutLine: {'line': b'[100%] Built target track_msgs__rosidl_typesupport_introspection_c__pyext\n'}
[0.195427] (track_msgs) StdoutLine: {'line': b'running egg_info\n'}
[0.195709] (track_msgs) StdoutLine: {'line': b'writing track_msgs.egg-info/PKG-INFO\n'}
[0.195836] (track_msgs) StdoutLine: {'line': b'writing dependency_links to track_msgs.egg-info/dependency_links.txt\n'}
[0.195918] (track_msgs) StdoutLine: {'line': b'writing top-level names to track_msgs.egg-info/top_level.txt\n'}
[0.197624] (track_msgs) StdoutLine: {'line': b"reading manifest file 'track_msgs.egg-info/SOURCES.txt'\n"}
[0.197926] (track_msgs) StdoutLine: {'line': b"writing manifest file 'track_msgs.egg-info/SOURCES.txt'\n"}
[0.199925] (-) TimerEvent: {}
[0.215365] (track_msgs) StdoutLine: {'line': b'[100%] Built target ament_cmake_python_build_track_msgs_egg\n'}
[0.223831] (track_msgs) CommandEnded: {'returncode': 0}
[0.224306] (track_msgs) JobProgress: {'identifier': 'track_msgs', 'progress': 'install'}
[0.232038] (track_msgs) Command: {'cmd': ['/usr/bin/cmake', '--install', '/home/aiv/ev_ws/planning/build/track_msgs'], 'cwd': '/home/aiv/ev_ws/planning/build/track_msgs', 'env': OrderedDict([('GJS_DEBUG_TOPICS', 'JS ERROR;JS LOG'), ('USER', 'aiv'), ('LC_TIME', 'ko_KR.UTF-8'), ('XDG_SESSION_TYPE', 'x11'), ('SHLVL', '1'), ('LD_LIBRARY_PATH', '/usr/local/cuda-12.6/lib64:/home/aiv/ev_ws/ev_msgs/install/ev_msgs/lib:/home/aiv/ev_ws/perception/install/make_cylinder/lib:/usr/local/cuda-12.6/lib64:/usr/local/cuda-12.6/lib64:/home/aiv/ev_ws/planning/install/planning_mr_ver/lib:/home/aiv/ev_ws/planning/install/track_msgs/lib:/usr/local/cuda-12.6/lib64:/home/aiv/ev_ws/erp42_ros/install/erp42_serial/lib:/home/aiv/ev_ws/erp42_ros/install/erp42_rqt_plugin/lib:/home/aiv/ev_ws/erp42_ros/install/erp42_gazebo/lib:/home/aiv/ev_ws/erp42_ros/install/erp42_util/lib:/home/aiv/ev_ws/erp42_ros/install/erp42_msgs/lib:/home/aiv/ev_ws/perception/install/velodyne_pointcloud/lib:/home/aiv/ev_ws/perception/install/velodyne_driver/lib:/home/aiv/ev_ws/perception/install/velodyne_msgs/lib:/home/aiv/ev_ws/perception/install/velodyne_laserscan/lib:/home/aiv/ev_ws/perception/install/velodyne_cropbox/lib:/home/aiv/ev_ws/perception/install/patchworkpp/lib:/home/aiv/ev_ws/perception/install/lidar_voxel_grid/lib:/home/aiv/ev_ws/perception/install/lidar_interfaces/lib:/home/aiv/ev_ws/perception/install/dbscan_clustering/lib:/home/aiv/ev_ws/perception/install/cluster_splitter/lib:/usr/lib/x86_64-linux-gnu/gazebo-11/plugins:/opt/ros/humble/opt/rviz_ogre_vendor/lib:/opt/ros/humble/lib/x86_64-linux-gnu:/opt/ros/humble/lib:/usr/local/cuda-12.6/lib64'), ('HOME', '/home/aiv'), ('OLDPWD', '/home/aiv/ev_ws'), ('DESKTOP_SESSION', 'ubuntu'), ('NVM_BIN', '/home/aiv/.nvm/versions/node/v24.13.1/bin'), ('NVM_INC', '/home/aiv/.nvm/versions/node/v24.13.1/include/node'), ('GIO_LAUNCHED_DESKTOP_FILE', '/usr/share/applications/terminator.desktop'), ('ROS_PYTHON_VERSION', '3'), ('GNOME_SHELL_SESSION_MODE', 'ubuntu'), ('GTK_MODULES', 'gail:atk-bridge'), ('LC_MONETARY', 'ko_KR.UTF-8'), ('MANAGERPID', '1839'), ('SYSTEMD_EXEC_PID', '2596'), ('DBUS_SESSION_BUS_ADDRESS', 'unix:path=/run/user/1000/bus'), ('COLORTERM', 'truecolor'), ('TERMINATOR_DBUS_NAME', 'net.tenshu.Terminator23558193cd9818af7fe4d2c2f5bd9d00f'), ('GIO_LAUNCHED_DESKTOP_FILE_PID', '6376'), ('NVM_DIR', '/home/aiv/.nvm'), ('COLCON_PREFIX_PATH', '/home/aiv/ev_ws/planning/install:/home/aiv/ev_ws/perception/install:/home/aiv/ev_ws/ev_msgs/install:/home/aiv/ev_ws/carsa_gazebo/install:/home/aiv/ev_ws/erp42_ros/install'), ('ROS_DISTRO', 'humble'), ('GTK_IM_MODULE', 'ibus'), ('LOGNAME', 'aiv'), ('JOURNAL_STREAM', '8:14626'), ('_', '/usr/bin/colcon'), ('ROS_VERSION', '2'), ('XDG_SESSION_CLASS', 'user'), ('USERNAME', 'aiv'), ('TERM', 'xterm-256color'), ('GNOME_DESKTOP_SESSION_ID', 'this-is-deprecated'), ('ROS_LOCALHOST_ONLY', '0'), ('WINDOWPATH', '2'), ('PATH', '/usr/local/cuda-12.6/bin:/usr/local/cuda-12.6/bin:/usr/local/cuda-12.6/bin:/usr/local/cuda-12.6/bin:/home/aiv/.local/bin:/opt/ros/humble/bin:/home/aiv/.nvm/versions/node/v24.13.1/bin:/usr/local/cuda-12.6/bin:/usr/local/sbin:/usr/local/bin:/usr/sbin:/usr/bin:/sbin:/bin:/usr/games:/usr/local/games:/snap/bin:/snap/bin'), ('SESSION_MANAGER', 'local/aiv:@/tmp/.ICE-unix/2567,unix/aiv:/tmp/.ICE-unix/2567'), ('INVOCATION_ID', '0568b3f95aa24871a61c02a9dcac9b80'), ('XDG_MENU_PREFIX', 'gnome-'), ('LC_ADDRESS', 'ko_KR.UTF-8'), ('XDG_RUNTIME_DIR', '/run/user/1000'), ('DISPLAY', ':1'), ('TERMINATOR_DBUS_PATH', '/net/tenshu/Terminator2'), ('LANG', 'en_US.UTF-8'), ('XDG_CURRENT_DESKTOP', 'ubuntu:GNOME'), ('IBUS_DISABLE_SNOOPER', '1'), ('LC_TELEPHONE', 'ko_KR.UTF-8'), ('XMODIFIERS', '@im=ibus'), ('XDG_SESSION_DESKTOP', 'ubuntu'), ('XAUTHORITY', '/run/user/1000/gdm/Xauthority'), ('SSH_AGENT_LAUNCHER', 'gnome-keyring'), ('SSH_AUTH_SOCK', '/run/user/1000/keyring/ssh'), ('AMENT_PREFIX_PATH', '/home/aiv/ev_ws/ev_msgs/install/ev_msgs:/home/aiv/ev_ws/perception/install/make_cylinder:/home/aiv/ev_ws/planning/install/planning_mr_ver:/home/aiv/ev_ws/planning/install/track_msgs:/home/aiv/ev_ws/carsa_gazebo/install/carsa_gazebo:/home/aiv/ev_ws/erp42_ros/install/erp42_serial:/home/aiv/ev_ws/erp42_ros/install/erp42_rqt_plugin:/home/aiv/ev_ws/erp42_ros/install/erp42_gazebo:/home/aiv/ev_ws/erp42_ros/install/erp42_util:/home/aiv/ev_ws/erp42_ros/install/erp42_msgs:/home/aiv/ev_ws/erp42_ros/install/erp42_description:/home/aiv/ev_ws/erp42_ros/install/erp42_cmake:/home/aiv/ev_ws/perception/install/velodyne:/home/aiv/ev_ws/perception/install/lidar_launch:/home/aiv/ev_ws/perception/install/velodyne_pointcloud:/home/aiv/ev_ws/perception/install/velodyne_driver:/home/aiv/ev_ws/perception/install/velodyne_msgs:/home/aiv/ev_ws/perception/install/velodyne_laserscan:/home/aiv/ev_ws/perception/install/velodyne_cropbox:/home/aiv/ev_ws/perception/install/patchworkpp:/home/aiv/ev_ws/perception/install/lidar_voxel_grid:/home/aiv/ev_ws/perception/install/lidar_interfaces:/home/aiv/ev_ws/perception/install/dbscan_clustering:/home/aiv/ev_ws/perception/install/cluster_splitter:/opt/ros/humble'), ('SHELL', '/bin/bash'), ('LC_NAME', 'ko_KR.UTF-8'), ('TERMINATOR_UUID', 'urn:uuid:b9c2d4ac-81c7-439c-870c-61cfe5ca8ac1'), ('QT_ACCESSIBILITY', '1'), ('GDMSESSION', 'ubuntu'), ('LC_MEASUREMENT', 'ko_KR.UTF-8'), ('GPG_AGENT_INFO', '/run/user/1000/gnupg/S.gpg-agent:0:1'), ('GJS_DEBUG_OUTPUT', 'stderr'), ('LC_IDENTIFICATION', 'ko_KR.UTF-8'), ('QT_IM_MODULE', 'ibus'), ('PWD', '/home/aiv/ev_ws/planning/build/track_msgs'), ('LC_ALL', 'en_US.UTF-8'), ('XDG_CONFIG_DIRS', '/etc/xdg/xdg-ubuntu:/etc/xdg'), ('NVM_CD_FLAGS', ''), ('XDG_DATA_DIRS', '/usr/share/ubuntu:/usr/share/gnome:/usr/local/share/:/usr/share/:/var/lib/snapd/desktop'), ('PYTHONPATH', '/home/aiv/ev_ws/ev_msgs/install/ev_msgs/local/lib/python3.10/dist-packages:/home/aiv/ev_ws/planning/install/track_msgs/local/lib/python3.10/dist-packages:/home/aiv/ev_ws/erp42_ros/install/erp42_msgs/local/lib/python3.10/dist-packages:/home/aiv/ev_ws/perception/install/velodyne_msgs/local/lib/python3.10/dist-packages:/home/aiv/ev_ws/perception/install/lidar_interfaces/local/lib/python3.10/dist-packages:/opt/ros/humble/lib/python3.10/site-packages:/opt/ros/humble/local/lib/python3.10/dist-packages'), ('LC_NUMERIC', 'ko_KR.UTF-8'), ('LC_PAPER', 'ko_KR.UTF-8'), ('COLCON', '1'), ('VTE_VERSION', '6800'), ('EDITOR', 'code --wait'), ('CMAKE_PREFIX_PATH', '/home/aiv/ev_ws/ev_msgs/install/ev_msgs:/home/aiv/ev_ws/perception/install/make_cylinder:/home/aiv/ev_ws/planning/install/planning_mr_ver:/home/aiv/ev_ws/planning/install/track_msgs:/home/aiv/ev_ws/carsa_gazebo/install/carsa_gazebo:/home/aiv/ev_ws/erp42_ros/install/erp42_serial:/home/aiv/ev_ws/erp42_ros/install/erp42_rqt_plugin:/home/aiv/ev_ws/erp42_ros/install/erp42_gazebo:/home/aiv/ev_ws/erp42_ros/install/erp42_util:/home/aiv/ev_ws/erp42_ros/install/erp42_msgs:/home/aiv/ev_ws/erp42_ros/install/erp42_description:/home/aiv/ev_ws/erp42_ros/install/erp42_cmake:/home/aiv/ev_ws/perception/install/velodyne:/home/aiv/ev_ws/perception/install/lidar_launch:/home/aiv/ev_ws/perception/install/velodyne_pointcloud:/home/aiv/ev_ws/perception/install/velodyne_driver:/home/aiv/ev_ws/perception/install/velodyne_msgs:/home/aiv/ev_ws/perception/install/velodyne_laserscan:/home/aiv/ev_ws/perception/install/velodyne_cropbox:/home/aiv/ev_ws/perception/install/patchworkpp:/home/aiv/ev_ws/perception/install/lidar_voxel_grid:/home/aiv/ev_ws/perception/install/lidar_interfaces:/home/aiv/ev_ws/perception/install/dbscan_clustering:/home/aiv/ev_ws/perception/install/cluster_splitter:/opt/ros/humble')]), 'shell': False}
[0.237667] (track_msgs) StdoutLine: {'line': b'-- Install configuration: ""\n'}
[0.238034] (track_msgs) StdoutLine: {'line': b'-- Execute custom install script\n'}
[0.238152] (track_msgs) StdoutLine: {'line': b'-- Up-to-date symlink: /home/aiv/ev_ws/planning/install/track_msgs/share/ament_index/resource_index/rosidl_interfaces/track_msgs\n'}
[0.238423] (track_msgs) StdoutLine: {'line': b'-- Up-to-date symlink: /home/aiv/ev_ws/planning/install/track_msgs/include/track_msgs/track_msgs/msg/detail/obstacle__functions.h\n'}
[0.238481] (track_msgs) StdoutLine: {'line': b'-- Up-to-date symlink: /home/aiv/ev_ws/planning/install/track_msgs/include/track_msgs/track_msgs/msg/detail/obstacle__struct.h\n'}
[0.238529] (track_msgs) StdoutLine: {'line': b'-- Up-to-date symlink: /home/aiv/ev_ws/planning/install/track_msgs/include/track_msgs/track_msgs/msg/detail/obstacle__type_support.h\n'}
[0.238576] (track_msgs) StdoutLine: {'line': b'-- Up-to-date symlink: /home/aiv/ev_ws/planning/install/track_msgs/include/track_msgs/track_msgs/msg/detail/obstacle_array__functions.h\n'}
[0.238620] (track_msgs) StdoutLine: {'line': b'-- Up-to-date symlink: /home/aiv/ev_ws/planning/install/track_msgs/include/track_msgs/track_msgs/msg/detail/obstacle_array__struct.h\n'}
[0.238665] (track_msgs) StdoutLine: {'line': b'-- Up-to-date symlink: /home/aiv/ev_ws/planning/install/track_msgs/include/track_msgs/track_msgs/msg/detail/obstacle_array__type_support.h\n'}
[0.238709] (track_msgs) StdoutLine: {'line': b'-- Up-to-date symlink: /home/aiv/ev_ws/planning/install/track_msgs/include/track_msgs/track_msgs/msg/detail/planner_status__functions.h\n'}
[0.238757] (track_msgs) StdoutLine: {'line': b'-- Up-to-date symlink: /home/aiv/ev_ws/planning/install/track_msgs/include/track_msgs/track_msgs/msg/detail/planner_status__struct.h\n'}
[0.238797] (track_msgs) StdoutLine: {'line': b'-- Up-to-date symlink: /home/aiv/ev_ws/planning/install/track_msgs/include/track_msgs/track_msgs/msg/detail/planner_status__type_support.h\n'}
[0.238841] (track_msgs) StdoutLine: {'line': b'-- Up-to-date symlink: /home/aiv/ev_ws/planning/install/track_msgs/include/track_msgs/track_msgs/msg/detail/system_state__functions.h\n'}
[0.238884] (track_msgs) StdoutLine: {'line': b'-- Up-to-date symlink: /home/aiv/ev_ws/planning/install/track_msgs/include/track_msgs/track_msgs/msg/detail/system_state__struct.h\n'}
[0.238928] (track_msgs) StdoutLine: {'line': b'-- Up-to-date symlink: /home/aiv/ev_ws/planning/install/track_msgs/include/track_msgs/track_msgs/msg/detail/system_state__type_support.h\n'}
[0.238971] (track_msgs) StdoutLine: {'line': b'-- Up-to-date symlink: /home/aiv/ev_ws/planning/install/track_msgs/include/track_msgs/track_msgs/msg/obstacle.h\n'}
[0.239017] (track_msgs) StdoutLine: {'line': b'-- Up-to-date symlink: /home/aiv/ev_ws/planning/install/track_msgs/include/track_msgs/track_msgs/msg/obstacle_array.h\n'}
[0.239060] (track_msgs) StdoutLine: {'line': b'-- Up-to-date symlink: /home/aiv/ev_ws/planning/install/track_msgs/include/track_msgs/track_msgs/msg/planner_status.h\n'}
[0.239104] (track_msgs) StdoutLine: {'line': b'-- Up-to-date symlink: /home/aiv/ev_ws/planning/install/track_msgs/include/track_msgs/track_msgs/msg/rosidl_generator_c__visibility_control.h\n'}
[0.239148] (track_msgs) StdoutLine: {'line': b'-- Up-to-date symlink: /home/aiv/ev_ws/planning/install/track_msgs/include/track_msgs/track_msgs/msg/system_state.h\n'}
[0.239228] (track_msgs) StdoutLine: {'line': b'-- Up-to-date symlink: /home/aiv/ev_ws/planning/install/track_msgs/share/track_msgs/environment/library_path.sh\n'}
[0.239296] (track_msgs) StdoutLine: {'line': b'-- Up-to-date symlink: /home/aiv/ev_ws/planning/install/track_msgs/share/track_msgs/environment/library_path.dsv\n'}
[0.239529] (track_msgs) StdoutLine: {'line': b'-- Up-to-date symlink: /home/aiv/ev_ws/planning/install/track_msgs/include/track_msgs/track_msgs/msg/detail/obstacle__rosidl_typesupport_fastrtps_c.h\n'}
[0.239582] (track_msgs) StdoutLine: {'line': b'-- Up-to-date symlink: /home/aiv/ev_ws/planning/install/track_msgs/include/track_msgs/track_msgs/msg/detail/obstacle_array__rosidl_typesupport_fastrtps_c.h\n'}
[0.239627] (track_msgs) StdoutLine: {'line': b'-- Up-to-date symlink: /home/aiv/ev_ws/planning/install/track_msgs/include/track_msgs/track_msgs/msg/detail/planner_status__rosidl_typesupport_fastrtps_c.h\n'}
[0.239671] (track_msgs) StdoutLine: {'line': b'-- Up-to-date symlink: /home/aiv/ev_ws/planning/install/track_msgs/include/track_msgs/track_msgs/msg/detail/system_state__rosidl_typesupport_fastrtps_c.h\n'}
[0.239714] (track_msgs) StdoutLine: {'line': b'-- Up-to-date symlink: /home/aiv/ev_ws/planning/install/track_msgs/include/track_msgs/track_msgs/msg/rosidl_typesupport_fastrtps_c__visibility_control.h\n'}
[0.239883] (track_msgs) StdoutLine: {'line': b'-- Up-to-date symlink: /home/aiv/ev_ws/planning/install/track_msgs/include/track_msgs/track_msgs/msg/detail/obstacle__rosidl_typesupport_introspection_c.h\n'}
[0.239932] (track_msgs) StdoutLine: {'line': b'-- Up-to-date symlink: /home/aiv/ev_ws/planning/install/track_msgs/include/track_msgs/track_msgs/msg/detail/obstacle_array__rosidl_typesupport_introspection_c.h\n'}
[0.239978] (track_msgs) StdoutLine: {'line': b'-- Up-to-date symlink: /home/aiv/ev_ws/planning/install/track_msgs/include/track_msgs/track_msgs/msg/detail/planner_status__rosidl_typesupport_introspection_c.h\n'}
[0.240023] (track_msgs) StdoutLine: {'line': b'-- Up-to-date symlink: /home/aiv/ev_ws/planning/install/track_msgs/include/track_msgs/track_msgs/msg/detail/system_state__rosidl_typesupport_introspection_c.h\n'}
[0.240065] (track_msgs) StdoutLine: {'line': b'-- Up-to-date symlink: /home/aiv/ev_ws/planning/install/track_msgs/include/track_msgs/track_msgs/msg/rosidl_typesupport_introspection_c__visibility_control.h\n'}
[0.240278] (track_msgs) StdoutLine: {'line': b'-- Up-to-date symlink: /home/aiv/ev_ws/planning/install/track_msgs/include/track_msgs/track_msgs/msg/detail/obstacle__builder.hpp\n'}
[0.240323] (track_msgs) StdoutLine: {'line': b'-- Up-to-date symlink: /home/aiv/ev_ws/planning/install/track_msgs/include/track_msgs/track_msgs/msg/detail/obstacle__struct.hpp\n'}
[0.240366] (track_msgs) StdoutLine: {'line': b'-- Up-to-date symlink: /home/aiv/ev_ws/planning/install/track_msgs/include/track_msgs/track_msgs/msg/detail/obstacle__traits.hpp\n'}
[0.240409] (track_msgs) StdoutLine: {'line': b'-- Up-to-date symlink: /home/aiv/ev_ws/planning/install/track_msgs/include/track_msgs/track_msgs/msg/detail/obstacle__type_support.hpp\n'}
[0.240456] (track_msgs) StdoutLine: {'line': b'-- Up-to-date symlink: /home/aiv/ev_ws/planning/install/track_msgs/include/track_msgs/track_msgs/msg/detail/obstacle_array__builder.hpp\n'}
[0.240501] (track_msgs) StdoutLine: {'line': b'-- Up-to-date symlink: /home/aiv/ev_ws/planning/install/track_msgs/include/track_msgs/track_msgs/msg/detail/obstacle_array__struct.hpp\n'}
[0.240542] (track_msgs) StdoutLine: {'line': b'-- Up-to-date symlink: /home/aiv/ev_ws/planning/install/track_msgs/include/track_msgs/track_msgs/msg/detail/obstacle_array__traits.hpp\n'}
[0.240584] (track_msgs) StdoutLine: {'line': b'-- Up-to-date symlink: /home/aiv/ev_ws/planning/install/track_msgs/include/track_msgs/track_msgs/msg/detail/obstacle_array__type_support.hpp\n'}
[0.240626] (track_msgs) StdoutLine: {'line': b'-- Up-to-date symlink: /home/aiv/ev_ws/planning/install/track_msgs/include/track_msgs/track_msgs/msg/detail/planner_status__builder.hpp\n'}
[0.240667] (track_msgs) StdoutLine: {'line': b'-- Up-to-date symlink: /home/aiv/ev_ws/planning/install/track_msgs/include/track_msgs/track_msgs/msg/detail/planner_status__struct.hpp\n'}
[0.240708] (track_msgs) StdoutLine: {'line': b'-- Up-to-date symlink: /home/aiv/ev_ws/planning/install/track_msgs/include/track_msgs/track_msgs/msg/detail/planner_status__traits.hpp\n'}
[0.240750] (track_msgs) StdoutLine: {'line': b'-- Up-to-date symlink: /home/aiv/ev_ws/planning/install/track_msgs/include/track_msgs/track_msgs/msg/detail/planner_status__type_support.hpp\n'}
[0.240792] (track_msgs) StdoutLine: {'line': b'-- Up-to-date symlink: /home/aiv/ev_ws/planning/install/track_msgs/include/track_msgs/track_msgs/msg/detail/system_state__builder.hpp\n'}
[0.240834] (track_msgs) StdoutLine: {'line': b'-- Up-to-date symlink: /home/aiv/ev_ws/planning/install/track_msgs/include/track_msgs/track_msgs/msg/detail/system_state__struct.hpp\n'}
[0.240875] (track_msgs) StdoutLine: {'line': b'-- Up-to-date symlink: /home/aiv/ev_ws/planning/install/track_msgs/include/track_msgs/track_msgs/msg/detail/system_state__traits.hpp\n'}
[0.240917] (track_msgs) StdoutLine: {'line': b'-- Up-to-date symlink: /home/aiv/ev_ws/planning/install/track_msgs/include/track_msgs/track_msgs/msg/detail/system_state__type_support.hpp\n'}
[0.240960] (track_msgs) StdoutLine: {'line': b'-- Up-to-date symlink: /home/aiv/ev_ws/planning/install/track_msgs/include/track_msgs/track_msgs/msg/obstacle.hpp\n'}
[0.241005] (track_msgs) StdoutLine: {'line': b'-- Up-to-date symlink: /home/aiv/ev_ws/planning/install/track_msgs/include/track_msgs/track_msgs/msg/obstacle_array.hpp\n'}
[0.241045] (track_msgs) StdoutLine: {'line': b'-- Up-to-date symlink: /home/aiv/ev_ws/planning/install/track_msgs/include/track_msgs/track_msgs/msg/planner_status.hpp\n'}
[0.241097] (track_msgs) StdoutLine: {'line': b'-- Up-to-date symlink: /home/aiv/ev_ws/planning/install/track_msgs/include/track_msgs/track_msgs/msg/rosidl_generator_cpp__visibility_control.hpp\n'}
[0.241132] (track_msgs) StdoutLine: {'line': b'-- Up-to-date symlink: /home/aiv/ev_ws/planning/install/track_msgs/include/track_msgs/track_msgs/msg/system_state.hpp\n'}
[0.241338] (track_msgs) StdoutLine: {'line': b'-- Up-to-date symlink: /home/aiv/ev_ws/planning/install/track_msgs/include/track_msgs/track_msgs/msg/detail/obstacle__rosidl_typesupport_fastrtps_cpp.hpp\n'}
[0.241382] (track_msgs) StdoutLine: {'line': b'-- Up-to-date symlink: /home/aiv/ev_ws/planning/install/track_msgs/include/track_msgs/track_msgs/msg/detail/obstacle_array__rosidl_typesupport_fastrtps_cpp.hpp\n'}
[0.241429] (track_msgs) StdoutLine: {'line': b'-- Up-to-date symlink: /home/aiv/ev_ws/planning/install/track_msgs/include/track_msgs/track_msgs/msg/detail/planner_status__rosidl_typesupport_fastrtps_cpp.hpp\n'}
[0.241473] (track_msgs) StdoutLine: {'line': b'-- Up-to-date symlink: /home/aiv/ev_ws/planning/install/track_msgs/include/track_msgs/track_msgs/msg/detail/system_state__rosidl_typesupport_fastrtps_cpp.hpp\n'}
[0.241515] (track_msgs) StdoutLine: {'line': b'-- Up-to-date symlink: /home/aiv/ev_ws/planning/install/track_msgs/include/track_msgs/track_msgs/msg/rosidl_typesupport_fastrtps_cpp__visibility_control.h\n'}
[0.241662] (track_msgs) StdoutLine: {'line': b'-- Up-to-date symlink: /home/aiv/ev_ws/planning/install/track_msgs/include/track_msgs/track_msgs/msg/detail/obstacle__rosidl_typesupport_introspection_cpp.hpp\n'}
[0.241709] (track_msgs) StdoutLine: {'line': b'-- Up-to-date symlink: /home/aiv/ev_ws/planning/install/track_msgs/include/track_msgs/track_msgs/msg/detail/obstacle_array__rosidl_typesupport_introspection_cpp.hpp\n'}
[0.241753] (track_msgs) StdoutLine: {'line': b'-- Up-to-date symlink: /home/aiv/ev_ws/planning/install/track_msgs/include/track_msgs/track_msgs/msg/detail/planner_status__rosidl_typesupport_introspection_cpp.hpp\n'}
[0.241795] (track_msgs) StdoutLine: {'line': b'-- Up-to-date symlink: /home/aiv/ev_ws/planning/install/track_msgs/include/track_msgs/track_msgs/msg/detail/system_state__rosidl_typesupport_introspection_cpp.hpp\n'}
[0.241864] (track_msgs) StdoutLine: {'line': b'-- Up-to-date symlink: /home/aiv/ev_ws/planning/install/track_msgs/share/track_msgs/environment/pythonpath.sh\n'}
[0.241926] (track_msgs) StdoutLine: {'line': b'-- Up-to-date symlink: /home/aiv/ev_ws/planning/install/track_msgs/share/track_msgs/environment/pythonpath.dsv\n'}
[0.242053] (track_msgs) StdoutLine: {'line': b'-- Up-to-date symlink: /home/aiv/ev_ws/planning/install/track_msgs/local/lib/python3.10/dist-packages/track_msgs-0.1.0-py3.10.egg-info/PKG-INFO\n'}
[0.242096] (track_msgs) StdoutLine: {'line': b'-- Up-to-date symlink: /home/aiv/ev_ws/planning/install/track_msgs/local/lib/python3.10/dist-packages/track_msgs-0.1.0-py3.10.egg-info/SOURCES.txt\n'}
[0.242140] (track_msgs) StdoutLine: {'line': b'-- Up-to-date symlink: /home/aiv/ev_ws/planning/install/track_msgs/local/lib/python3.10/dist-packages/track_msgs-0.1.0-py3.10.egg-info/dependency_links.txt\n'}
[0.242185] (track_msgs) StdoutLine: {'line': b'-- Up-to-date symlink: /home/aiv/ev_ws/planning/install/track_msgs/local/lib/python3.10/dist-packages/track_msgs-0.1.0-py3.10.egg-info/top_level.txt\n'}
[0.242449] (track_msgs) StdoutLine: {'line': b'-- Up-to-date symlink: /home/aiv/ev_ws/planning/install/track_msgs/local/lib/python3.10/dist-packages/track_msgs/__init__.py\n'}
[0.242497] (track_msgs) StdoutLine: {'line': b'-- Up-to-date symlink: /home/aiv/ev_ws/planning/install/track_msgs/local/lib/python3.10/dist-packages/track_msgs/_track_msgs_s.ep.rosidl_typesupport_c.c\n'}
[0.242545] (track_msgs) StdoutLine: {'line': b'-- Up-to-date symlink: /home/aiv/ev_ws/planning/install/track_msgs/local/lib/python3.10/dist-packages/track_msgs/_track_msgs_s.ep.rosidl_typesupport_fastrtps_c.c\n'}
[0.242588] (track_msgs) StdoutLine: {'line': b'-- Up-to-date symlink: /home/aiv/ev_ws/planning/install/track_msgs/local/lib/python3.10/dist-packages/track_msgs/_track_msgs_s.ep.rosidl_typesupport_introspection_c.c\n'}
[0.242633] (track_msgs) StdoutLine: {'line': b'-- Up-to-date symlink: /home/aiv/ev_ws/planning/install/track_msgs/local/lib/python3.10/dist-packages/track_msgs/libtrack_msgs__rosidl_generator_py.so\n'}
[0.242676] (track_msgs) StdoutLine: {'line': b'-- Up-to-date symlink: /home/aiv/ev_ws/planning/install/track_msgs/local/lib/python3.10/dist-packages/track_msgs/msg/__init__.py\n'}
[0.242718] (track_msgs) StdoutLine: {'line': b'-- Up-to-date symlink: /home/aiv/ev_ws/planning/install/track_msgs/local/lib/python3.10/dist-packages/track_msgs/msg/_obstacle.py\n'}
[0.242760] (track_msgs) StdoutLine: {'line': b'-- Up-to-date symlink: /home/aiv/ev_ws/planning/install/track_msgs/local/lib/python3.10/dist-packages/track_msgs/msg/_obstacle_array.py\n'}
[0.242801] (track_msgs) StdoutLine: {'line': b'-- Up-to-date symlink: /home/aiv/ev_ws/planning/install/track_msgs/local/lib/python3.10/dist-packages/track_msgs/msg/_obstacle_array_s.c\n'}
[0.242842] (track_msgs) StdoutLine: {'line': b'-- Up-to-date symlink: /home/aiv/ev_ws/planning/install/track_msgs/local/lib/python3.10/dist-packages/track_msgs/msg/_obstacle_s.c\n'}
[0.242883] (track_msgs) StdoutLine: {'line': b'-- Up-to-date symlink: /home/aiv/ev_ws/planning/install/track_msgs/local/lib/python3.10/dist-packages/track_msgs/msg/_planner_status.py\n'}
[0.242923] (track_msgs) StdoutLine: {'line': b'-- Up-to-date symlink: /home/aiv/ev_ws/planning/install/track_msgs/local/lib/python3.10/dist-packages/track_msgs/msg/_planner_status_s.c\n'}
[0.242964] (track_msgs) StdoutLine: {'line': b'-- Up-to-date symlink: /home/aiv/ev_ws/planning/install/track_msgs/local/lib/python3.10/dist-packages/track_msgs/msg/_system_state.py\n'}
[0.243004] (track_msgs) StdoutLine: {'line': b'-- Up-to-date symlink: /home/aiv/ev_ws/planning/install/track_msgs/local/lib/python3.10/dist-packages/track_msgs/msg/_system_state_s.c\n'}
[0.243047] (track_msgs) StdoutLine: {'line': b'-- Up-to-date symlink: /home/aiv/ev_ws/planning/install/track_msgs/local/lib/python3.10/dist-packages/track_msgs/track_msgs_s__rosidl_typesupport_c.cpython-310-x86_64-linux-gnu.so\n'}
[0.243089] (track_msgs) StdoutLine: {'line': b'-- Up-to-date symlink: /home/aiv/ev_ws/planning/install/track_msgs/local/lib/python3.10/dist-packages/track_msgs/track_msgs_s__rosidl_typesupport_fastrtps_c.cpython-310-x86_64-linux-gnu.so\n'}
[0.243131] (track_msgs) StdoutLine: {'line': b'-- Up-to-date symlink: /home/aiv/ev_ws/planning/install/track_msgs/local/lib/python3.10/dist-packages/track_msgs/track_msgs_s__rosidl_typesupport_introspection_c.cpython-310-x86_64-linux-gnu.so\n'}
[0.243253] (track_msgs) StdoutLine: {'line': b'-- Up-to-date symlink: /home/aiv/ev_ws/planning/install/track_msgs/local/lib/python3.10/dist-packages/track_msgs/track_msgs_s__rosidl_typesupport_fastrtps_c.cpython-310-x86_64-linux-gnu.so\n'}
[0.243363] (track_msgs) StdoutLine: {'line': b'-- Up-to-date symlink: /home/aiv/ev_ws/planning/install/track_msgs/local/lib/python3.10/dist-packages/track_msgs/track_msgs_s__rosidl_typesupport_introspection_c.cpython-310-x86_64-linux-gnu.so\n'}
[0.243468] (track_msgs) StdoutLine: {'line': b'-- Up-to-date symlink: /home/aiv/ev_ws/planning/install/track_msgs/local/lib/python3.10/dist-packages/track_msgs/track_msgs_s__rosidl_typesupport_c.cpython-310-x86_64-linux-gnu.so\n'}
[0.243537] (track_msgs) StdoutLine: {'line': b'-- Up-to-date symlink: /home/aiv/ev_ws/planning/install/track_msgs/share/track_msgs/msg/Obstacle.idl\n'}
[0.243619] (track_msgs) StdoutLine: {'line': b'-- Up-to-date symlink: /home/aiv/ev_ws/planning/install/track_msgs/share/track_msgs/msg/ObstacleArray.idl\n'}
[0.243664] (track_msgs) StdoutLine: {'line': b'-- Up-to-date symlink: /home/aiv/ev_ws/planning/install/track_msgs/share/track_msgs/msg/PlannerStatus.idl\n'}
[0.243727] (track_msgs) StdoutLine: {'line': b'-- Up-to-date symlink: /home/aiv/ev_ws/planning/install/track_msgs/share/track_msgs/msg/SystemState.idl\n'}
[0.243810] (track_msgs) StdoutLine: {'line': b'-- Up-to-date symlink: /home/aiv/ev_ws/planning/install/track_msgs/share/track_msgs/msg/Obstacle.msg\n'}
[0.243865] (track_msgs) StdoutLine: {'line': b'-- Up-to-date symlink: /home/aiv/ev_ws/planning/install/track_msgs/share/track_msgs/msg/ObstacleArray.msg\n'}
[0.243920] (track_msgs) StdoutLine: {'line': b'-- Up-to-date symlink: /home/aiv/ev_ws/planning/install/track_msgs/share/track_msgs/msg/PlannerStatus.msg\n'}
[0.243974] (track_msgs) StdoutLine: {'line': b'-- Up-to-date symlink: /home/aiv/ev_ws/planning/install/track_msgs/share/track_msgs/msg/SystemState.msg\n'}
[0.244040] (track_msgs) StdoutLine: {'line': b'-- Up-to-date symlink: /home/aiv/ev_ws/planning/install/track_msgs/share/ament_index/resource_index/package_run_dependencies/track_msgs\n'}
[0.244103] (track_msgs) StdoutLine: {'line': b'-- Up-to-date symlink: /home/aiv/ev_ws/planning/install/track_msgs/share/ament_index/resource_index/parent_prefix_path/track_msgs\n'}
[0.244165] (track_msgs) StdoutLine: {'line': b'-- Up-to-date symlink: /home/aiv/ev_ws/planning/install/track_msgs/share/track_msgs/environment/ament_prefix_path.sh\n'}
[0.244222] (track_msgs) StdoutLine: {'line': b'-- Up-to-date symlink: /home/aiv/ev_ws/planning/install/track_msgs/share/track_msgs/environment/ament_prefix_path.dsv\n'}
[0.244281] (track_msgs) StdoutLine: {'line': b'-- Up-to-date symlink: /home/aiv/ev_ws/planning/install/track_msgs/share/track_msgs/environment/path.sh\n'}
[0.244338] (track_msgs) StdoutLine: {'line': b'-- Up-to-date symlink: /home/aiv/ev_ws/planning/install/track_msgs/share/track_msgs/environment/path.dsv\n'}
[0.244393] (track_msgs) StdoutLine: {'line': b'-- Up-to-date symlink: /home/aiv/ev_ws/planning/install/track_msgs/share/track_msgs/local_setup.bash\n'}
[0.244453] (track_msgs) StdoutLine: {'line': b'-- Up-to-date symlink: /home/aiv/ev_ws/planning/install/track_msgs/share/track_msgs/local_setup.sh\n'}
[0.244507] (track_msgs) StdoutLine: {'line': b'-- Up-to-date symlink: /home/aiv/ev_ws/planning/install/track_msgs/share/track_msgs/local_setup.zsh\n'}
[0.244561] (track_msgs) StdoutLine: {'line': b'-- Up-to-date symlink: /home/aiv/ev_ws/planning/install/track_msgs/share/track_msgs/local_setup.dsv\n'}
[0.244602] (track_msgs) StdoutLine: {'line': b'-- Symlinking: /home/aiv/ev_ws/planning/install/track_msgs/share/track_msgs/package.dsv\n'}
[0.249756] (track_msgs) StdoutLine: {'line': b'-- Up-to-date symlink: /home/aiv/ev_ws/planning/install/track_msgs/share/ament_index/resource_index/packages/track_msgs\n'}
[0.249841] (track_msgs) StdoutLine: {'line': b'-- Up-to-date symlink: /home/aiv/ev_ws/planning/install/track_msgs/share/track_msgs/cmake/rosidl_cmake-extras.cmake\n'}
[0.249887] (track_msgs) StdoutLine: {'line': b'-- Up-to-date symlink: /home/aiv/ev_ws/planning/install/track_msgs/share/track_msgs/cmake/ament_cmake_export_dependencies-extras.cmake\n'}
[0.249944] (track_msgs) StdoutLine: {'line': b'-- Up-to-date symlink: /home/aiv/ev_ws/planning/install/track_msgs/share/track_msgs/cmake/ament_cmake_export_include_directories-extras.cmake\n'}
[0.250006] (track_msgs) StdoutLine: {'line': b'-- Up-to-date symlink: /home/aiv/ev_ws/planning/install/track_msgs/share/track_msgs/cmake/ament_cmake_export_libraries-extras.cmake\n'}
[0.250066] (track_msgs) StdoutLine: {'line': b'-- Up-to-date symlink: /home/aiv/ev_ws/planning/install/track_msgs/share/track_msgs/cmake/ament_cmake_export_targets-extras.cmake\n'}
[0.250143] (track_msgs) StdoutLine: {'line': b'-- Up-to-date symlink: /home/aiv/ev_ws/planning/install/track_msgs/share/track_msgs/cmake/rosidl_cmake_export_typesupport_targets-extras.cmake\n'}
[0.250201] (track_msgs) StdoutLine: {'line': b'-- Up-to-date symlink: /home/aiv/ev_ws/planning/install/track_msgs/share/track_msgs/cmake/rosidl_cmake_export_typesupport_libraries-extras.cmake\n'}
[0.250265] (track_msgs) StdoutLine: {'line': b'-- Up-to-date symlink: /home/aiv/ev_ws/planning/install/track_msgs/share/track_msgs/cmake/track_msgsConfig.cmake\n'}
[0.250308] (track_msgs) StdoutLine: {'line': b'-- Up-to-date symlink: /home/aiv/ev_ws/planning/install/track_msgs/share/track_msgs/cmake/track_msgsConfig-version.cmake\n'}
[0.250369] (track_msgs) StdoutLine: {'line': b'-- Up-to-date symlink: /home/aiv/ev_ws/planning/install/track_msgs/share/track_msgs/package.xml\n'}
[0.250487] (track_msgs) StdoutLine: {'line': b'-- Up-to-date: /home/aiv/ev_ws/planning/install/track_msgs/lib/libtrack_msgs__rosidl_generator_c.so\n'}
[0.250653] (track_msgs) StdoutLine: {'line': b'-- Up-to-date: /home/aiv/ev_ws/planning/install/track_msgs/lib/libtrack_msgs__rosidl_typesupport_fastrtps_c.so\n'}
[0.250742] (track_msgs) StdoutLine: {'line': b'-- Up-to-date: /home/aiv/ev_ws/planning/install/track_msgs/lib/libtrack_msgs__rosidl_typesupport_introspection_c.so\n'}
[0.250862] (track_msgs) StdoutLine: {'line': b'-- Up-to-date: /home/aiv/ev_ws/planning/install/track_msgs/lib/libtrack_msgs__rosidl_typesupport_c.so\n'}
[0.250974] (track_msgs) StdoutLine: {'line': b'-- Up-to-date: /home/aiv/ev_ws/planning/install/track_msgs/lib/libtrack_msgs__rosidl_typesupport_fastrtps_cpp.so\n'}
[0.251099] (track_msgs) StdoutLine: {'line': b'-- Up-to-date: /home/aiv/ev_ws/planning/install/track_msgs/lib/libtrack_msgs__rosidl_typesupport_introspection_cpp.so\n'}
[0.251209] (track_msgs) StdoutLine: {'line': b'-- Up-to-date: /home/aiv/ev_ws/planning/install/track_msgs/lib/libtrack_msgs__rosidl_typesupport_cpp.so\n'}
[0.271734] (track_msgs) StdoutLine: {'line': b"Listing '/home/aiv/ev_ws/planning/install/track_msgs/local/lib/python3.10/dist-packages/track_msgs'...\n"}
[0.271823] (track_msgs) StdoutLine: {'line': b"Listing '/home/aiv/ev_ws/planning/install/track_msgs/local/lib/python3.10/dist-packages/track_msgs/msg'...\n"}
[0.274224] (track_msgs) StdoutLine: {'line': b'-- Up-to-date: /home/aiv/ev_ws/planning/install/track_msgs/lib/libtrack_msgs__rosidl_generator_py.so\n'}
[0.274343] (track_msgs) StdoutLine: {'line': b'-- Up-to-date: /home/aiv/ev_ws/planning/install/track_msgs/share/track_msgs/cmake/export_track_msgs__rosidl_generator_cExport.cmake\n'}
[0.274384] (track_msgs) StdoutLine: {'line': b'-- Up-to-date: /home/aiv/ev_ws/planning/install/track_msgs/share/track_msgs/cmake/export_track_msgs__rosidl_generator_cExport-noconfig.cmake\n'}
[0.274425] (track_msgs) StdoutLine: {'line': b'-- Up-to-date: /home/aiv/ev_ws/planning/install/track_msgs/share/track_msgs/cmake/export_track_msgs__rosidl_typesupport_fastrtps_cExport.cmake\n'}
[0.274466] (track_msgs) StdoutLine: {'line': b'-- Up-to-date: /home/aiv/ev_ws/planning/install/track_msgs/share/track_msgs/cmake/export_track_msgs__rosidl_typesupport_fastrtps_cExport-noconfig.cmake\n'}
[0.274506] (track_msgs) StdoutLine: {'line': b'-- Up-to-date: /home/aiv/ev_ws/planning/install/track_msgs/share/track_msgs/cmake/track_msgs__rosidl_typesupport_introspection_cExport.cmake\n'}
[0.274546] (track_msgs) StdoutLine: {'line': b'-- Up-to-date: /home/aiv/ev_ws/planning/install/track_msgs/share/track_msgs/cmake/track_msgs__rosidl_typesupport_introspection_cExport-noconfig.cmake\n'}
[0.274591] (track_msgs) StdoutLine: {'line': b'-- Up-to-date: /home/aiv/ev_ws/planning/install/track_msgs/share/track_msgs/cmake/track_msgs__rosidl_typesupport_cExport.cmake\n'}
[0.274620] (track_msgs) StdoutLine: {'line': b'-- Up-to-date: /home/aiv/ev_ws/planning/install/track_msgs/share/track_msgs/cmake/track_msgs__rosidl_typesupport_cExport-noconfig.cmake\n'}
[0.274647] (track_msgs) StdoutLine: {'line': b'-- Up-to-date: /home/aiv/ev_ws/planning/install/track_msgs/share/track_msgs/cmake/export_track_msgs__rosidl_generator_cppExport.cmake\n'}
[0.274688] (track_msgs) StdoutLine: {'line': b'-- Up-to-date: /home/aiv/ev_ws/planning/install/track_msgs/share/track_msgs/cmake/export_track_msgs__rosidl_typesupport_fastrtps_cppExport.cmake\n'}
[0.274729] (track_msgs) StdoutLine: {'line': b'-- Up-to-date: /home/aiv/ev_ws/planning/install/track_msgs/share/track_msgs/cmake/export_track_msgs__rosidl_typesupport_fastrtps_cppExport-noconfig.cmake\n'}
[0.274761] (track_msgs) StdoutLine: {'line': b'-- Up-to-date: /home/aiv/ev_ws/planning/install/track_msgs/share/track_msgs/cmake/track_msgs__rosidl_typesupport_introspection_cppExport.cmake\n'}
[0.274788] (track_msgs) StdoutLine: {'line': b'-- Up-to-date: /home/aiv/ev_ws/planning/install/track_msgs/share/track_msgs/cmake/track_msgs__rosidl_typesupport_introspection_cppExport-noconfig.cmake\n'}
[0.274815] (track_msgs) StdoutLine: {'line': b'-- Up-to-date: /home/aiv/ev_ws/planning/install/track_msgs/share/track_msgs/cmake/track_msgs__rosidl_typesupport_cppExport.cmake\n'}
[0.274841] (track_msgs) StdoutLine: {'line': b'-- Up-to-date: /home/aiv/ev_ws/planning/install/track_msgs/share/track_msgs/cmake/track_msgs__rosidl_typesupport_cppExport-noconfig.cmake\n'}
[0.274868] (track_msgs) StdoutLine: {'line': b'-- Up-to-date: /home/aiv/ev_ws/planning/install/track_msgs/share/track_msgs/cmake/export_track_msgs__rosidl_generator_pyExport.cmake\n'}
[0.274906] (track_msgs) StdoutLine: {'line': b'-- Up-to-date: /home/aiv/ev_ws/planning/install/track_msgs/share/track_msgs/cmake/export_track_msgs__rosidl_generator_pyExport-noconfig.cmake\n'}
[0.276015] (track_msgs) CommandEnded: {'returncode': 0}
[0.286351] (track_msgs) JobEnded: {'identifier': 'track_msgs', 'rc': 0}
[0.286911] (planning_mr_ver) JobStarted: {'identifier': 'planning_mr_ver'}
[0.294286] (planning_mr_ver) JobProgress: {'identifier': 'planning_mr_ver', 'progress': 'cmake'}
[0.294757] (planning_mr_ver) JobProgress: {'identifier': 'planning_mr_ver', 'progress': 'build'}
[0.294971] (planning_mr_ver) Command: {'cmd': ['/usr/bin/cmake', '--build', '/home/aiv/ev_ws/planning/build/planning_mr_ver', '--', '-j28', '-l28'], 'cwd': '/home/aiv/ev_ws/planning/build/planning_mr_ver', 'env': OrderedDict([('GJS_DEBUG_TOPICS', 'JS ERROR;JS LOG'), ('USER', 'aiv'), ('LC_TIME', 'ko_KR.UTF-8'), ('XDG_SESSION_TYPE', 'x11'), ('SHLVL', '1'), ('LD_LIBRARY_PATH', '/home/aiv/ev_ws/planning/install/track_msgs/lib:/usr/local/cuda-12.6/lib64:/home/aiv/ev_ws/ev_msgs/install/ev_msgs/lib:/home/aiv/ev_ws/perception/install/make_cylinder/lib:/usr/local/cuda-12.6/lib64:/usr/local/cuda-12.6/lib64:/home/aiv/ev_ws/planning/install/planning_mr_ver/lib:/usr/local/cuda-12.6/lib64:/home/aiv/ev_ws/erp42_ros/install/erp42_serial/lib:/home/aiv/ev_ws/erp42_ros/install/erp42_rqt_plugin/lib:/home/aiv/ev_ws/erp42_ros/install/erp42_gazebo/lib:/home/aiv/ev_ws/erp42_ros/install/erp42_util/lib:/home/aiv/ev_ws/erp42_ros/install/erp42_msgs/lib:/home/aiv/ev_ws/perception/install/velodyne_pointcloud/lib:/home/aiv/ev_ws/perception/install/velodyne_driver/lib:/home/aiv/ev_ws/perception/install/velodyne_msgs/lib:/home/aiv/ev_ws/perception/install/velodyne_laserscan/lib:/home/aiv/ev_ws/perception/install/velodyne_cropbox/lib:/home/aiv/ev_ws/perception/install/patchworkpp/lib:/home/aiv/ev_ws/perception/install/lidar_voxel_grid/lib:/home/aiv/ev_ws/perception/install/lidar_interfaces/lib:/home/aiv/ev_ws/perception/install/dbscan_clustering/lib:/home/aiv/ev_ws/perception/install/cluster_splitter/lib:/usr/lib/x86_64-linux-gnu/gazebo-11/plugins:/opt/ros/humble/opt/rviz_ogre_vendor/lib:/opt/ros/humble/lib/x86_64-linux-gnu:/opt/ros/humble/lib:/usr/local/cuda-12.6/lib64'), ('HOME', '/home/aiv'), ('OLDPWD', '/home/aiv/ev_ws'), ('DESKTOP_SESSION', 'ubuntu'), ('NVM_BIN', '/home/aiv/.nvm/versions/node/v24.13.1/bin'), ('NVM_INC', '/home/aiv/.nvm/versions/node/v24.13.1/include/node'), ('GIO_LAUNCHED_DESKTOP_FILE', '/usr/share/applications/terminator.desktop'), ('ROS_PYTHON_VERSION', '3'), ('GNOME_SHELL_SESSION_MODE', 'ubuntu'), ('GTK_MODULES', 'gail:atk-bridge'), ('LC_MONETARY', 'ko_KR.UTF-8'), ('MANAGERPID', '1839'), ('SYSTEMD_EXEC_PID', '2596'), ('DBUS_SESSION_BUS_ADDRESS', 'unix:path=/run/user/1000/bus'), ('COLORTERM', 'truecolor'), ('TERMINATOR_DBUS_NAME', 'net.tenshu.Terminator23558193cd9818af7fe4d2c2f5bd9d00f'), ('GIO_LAUNCHED_DESKTOP_FILE_PID', '6376'), ('NVM_DIR', '/home/aiv/.nvm'), ('COLCON_PREFIX_PATH', '/home/aiv/ev_ws/planning/install:/home/aiv/ev_ws/perception/install:/home/aiv/ev_ws/ev_msgs/install:/home/aiv/ev_ws/carsa_gazebo/install:/home/aiv/ev_ws/erp42_ros/install'), ('ROS_DISTRO', 'humble'), ('GTK_IM_MODULE', 'ibus'), ('LOGNAME', 'aiv'), ('JOURNAL_STREAM', '8:14626'), ('_', '/usr/bin/colcon'), ('ROS_VERSION', '2'), ('XDG_SESSION_CLASS', 'user'), ('USERNAME', 'aiv'), ('TERM', 'xterm-256color'), ('GNOME_DESKTOP_SESSION_ID', 'this-is-deprecated'), ('ROS_LOCALHOST_ONLY', '0'), ('WINDOWPATH', '2'), ('PATH', '/usr/local/cuda-12.6/bin:/usr/local/cuda-12.6/bin:/usr/local/cuda-12.6/bin:/usr/local/cuda-12.6/bin:/home/aiv/.local/bin:/opt/ros/humble/bin:/home/aiv/.nvm/versions/node/v24.13.1/bin:/usr/local/cuda-12.6/bin:/usr/local/sbin:/usr/local/bin:/usr/sbin:/usr/bin:/sbin:/bin:/usr/games:/usr/local/games:/snap/bin:/snap/bin'), ('SESSION_MANAGER', 'local/aiv:@/tmp/.ICE-unix/2567,unix/aiv:/tmp/.ICE-unix/2567'), ('INVOCATION_ID', '0568b3f95aa24871a61c02a9dcac9b80'), ('XDG_MENU_PREFIX', 'gnome-'), ('LC_ADDRESS', 'ko_KR.UTF-8'), ('XDG_RUNTIME_DIR', '/run/user/1000'), ('DISPLAY', ':1'), ('TERMINATOR_DBUS_PATH', '/net/tenshu/Terminator2'), ('LANG', 'en_US.UTF-8'), ('XDG_CURRENT_DESKTOP', 'ubuntu:GNOME'), ('IBUS_DISABLE_SNOOPER', '1'), ('LC_TELEPHONE', 'ko_KR.UTF-8'), ('XMODIFIERS', '@im=ibus'), ('XDG_SESSION_DESKTOP', 'ubuntu'), ('XAUTHORITY', '/run/user/1000/gdm/Xauthority'), ('SSH_AGENT_LAUNCHER', 'gnome-keyring'), ('SSH_AUTH_SOCK', '/run/user/1000/keyring/ssh'), ('AMENT_PREFIX_PATH', '/home/aiv/ev_ws/ev_msgs/install/ev_msgs:/home/aiv/ev_ws/perception/install/make_cylinder:/home/aiv/ev_ws/planning/install/planning_mr_ver:/home/aiv/ev_ws/planning/install/track_msgs:/home/aiv/ev_ws/carsa_gazebo/install/carsa_gazebo:/home/aiv/ev_ws/erp42_ros/install/erp42_serial:/home/aiv/ev_ws/erp42_ros/install/erp42_rqt_plugin:/home/aiv/ev_ws/erp42_ros/install/erp42_gazebo:/home/aiv/ev_ws/erp42_ros/install/erp42_util:/home/aiv/ev_ws/erp42_ros/install/erp42_msgs:/home/aiv/ev_ws/erp42_ros/install/erp42_description:/home/aiv/ev_ws/erp42_ros/install/erp42_cmake:/home/aiv/ev_ws/perception/install/velodyne:/home/aiv/ev_ws/perception/install/lidar_launch:/home/aiv/ev_ws/perception/install/velodyne_pointcloud:/home/aiv/ev_ws/perception/install/velodyne_driver:/home/aiv/ev_ws/perception/install/velodyne_msgs:/home/aiv/ev_ws/perception/install/velodyne_laserscan:/home/aiv/ev_ws/perception/install/velodyne_cropbox:/home/aiv/ev_ws/perception/install/patchworkpp:/home/aiv/ev_ws/perception/install/lidar_voxel_grid:/home/aiv/ev_ws/perception/install/lidar_interfaces:/home/aiv/ev_ws/perception/install/dbscan_clustering:/home/aiv/ev_ws/perception/install/cluster_splitter:/opt/ros/humble'), ('SHELL', '/bin/bash'), ('LC_NAME', 'ko_KR.UTF-8'), ('TERMINATOR_UUID', 'urn:uuid:b9c2d4ac-81c7-439c-870c-61cfe5ca8ac1'), ('QT_ACCESSIBILITY', '1'), ('GDMSESSION', 'ubuntu'), ('LC_MEASUREMENT', 'ko_KR.UTF-8'), ('GPG_AGENT_INFO', '/run/user/1000/gnupg/S.gpg-agent:0:1'), ('GJS_DEBUG_OUTPUT', 'stderr'), ('LC_IDENTIFICATION', 'ko_KR.UTF-8'), ('QT_IM_MODULE', 'ibus'), ('PWD', '/home/aiv/ev_ws/planning/build/planning_mr_ver'), ('LC_ALL', 'en_US.UTF-8'), ('XDG_CONFIG_DIRS', '/etc/xdg/xdg-ubuntu:/etc/xdg'), ('NVM_CD_FLAGS', ''), ('XDG_DATA_DIRS', '/usr/share/ubuntu:/usr/share/gnome:/usr/local/share/:/usr/share/:/var/lib/snapd/desktop'), ('PYTHONPATH', '/home/aiv/ev_ws/ev_msgs/install/ev_msgs/local/lib/python3.10/dist-packages:/home/aiv/ev_ws/planning/install/track_msgs/local/lib/python3.10/dist-packages:/home/aiv/ev_ws/erp42_ros/install/erp42_msgs/local/lib/python3.10/dist-packages:/home/aiv/ev_ws/perception/install/velodyne_msgs/local/lib/python3.10/dist-packages:/home/aiv/ev_ws/perception/install/lidar_interfaces/local/lib/python3.10/dist-packages:/opt/ros/humble/lib/python3.10/site-packages:/opt/ros/humble/local/lib/python3.10/dist-packages'), ('LC_NUMERIC', 'ko_KR.UTF-8'), ('LC_PAPER', 'ko_KR.UTF-8'), ('COLCON', '1'), ('VTE_VERSION', '6800'), ('EDITOR', 'code --wait'), ('CMAKE_PREFIX_PATH', '/home/aiv/ev_ws/planning/install/track_msgs:/home/aiv/ev_ws/ev_msgs/install/ev_msgs:/home/aiv/ev_ws/perception/install/make_cylinder:/home/aiv/ev_ws/planning/install/planning_mr_ver:/home/aiv/ev_ws/carsa_gazebo/install/carsa_gazebo:/home/aiv/ev_ws/erp42_ros/install/erp42_serial:/home/aiv/ev_ws/erp42_ros/install/erp42_rqt_plugin:/home/aiv/ev_ws/erp42_ros/install/erp42_gazebo:/home/aiv/ev_ws/erp42_ros/install/erp42_util:/home/aiv/ev_ws/erp42_ros/install/erp42_msgs:/home/aiv/ev_ws/erp42_ros/install/erp42_description:/home/aiv/ev_ws/erp42_ros/install/erp42_cmake:/home/aiv/ev_ws/perception/install/velodyne:/home/aiv/ev_ws/perception/install/lidar_launch:/home/aiv/ev_ws/perception/install/velodyne_pointcloud:/home/aiv/ev_ws/perception/install/velodyne_driver:/home/aiv/ev_ws/perception/install/velodyne_msgs:/home/aiv/ev_ws/perception/install/velodyne_laserscan:/home/aiv/ev_ws/perception/install/velodyne_cropbox:/home/aiv/ev_ws/perception/install/patchworkpp:/home/aiv/ev_ws/perception/install/lidar_voxel_grid:/home/aiv/ev_ws/perception/install/lidar_interfaces:/home/aiv/ev_ws/perception/install/dbscan_clustering:/home/aiv/ev_ws/perception/install/cluster_splitter:/opt/ros/humble')]), 'shell': False}
[0.300033] (-) TimerEvent: {}
[0.314353] (planning_mr_ver) StdoutLine: {'line': b'-- Found ament_cmake: 1.3.12 (/opt/ros/humble/share/ament_cmake/cmake)\n'}
[0.390684] (planning_mr_ver) StdoutLine: {'line': b'-- Override CMake install command with custom implementation using symlinks instead of copying resources\n'}
[0.394593] (planning_mr_ver) StdoutLine: {'line': b'-- Found rclcpp: 16.0.17 (/opt/ros/humble/share/rclcpp/cmake)\n'}
[0.400104] (-) TimerEvent: {}
[0.412209] (planning_mr_ver) StdoutLine: {'line': b'-- Found rosidl_generator_c: 3.1.8 (/opt/ros/humble/share/rosidl_generator_c/cmake)\n'}
[0.413482] (planning_mr_ver) StdoutLine: {'line': b'-- Found rosidl_adapter: 3.1.8 (/opt/ros/humble/share/rosidl_adapter/cmake)\n'}
[0.416547] (planning_mr_ver) StdoutLine: {'line': b'-- Found rosidl_generator_cpp: 3.1.8 (/opt/ros/humble/share/rosidl_generator_cpp/cmake)\n'}
[0.421886] (planning_mr_ver) StdoutLine: {'line': b'-- Using all available rosidl_typesupport_c: rosidl_typesupport_fastrtps_c;rosidl_typesupport_introspection_c\n'}
[0.428674] (planning_mr_ver) StdoutLine: {'line': b'-- Using all available rosidl_typesupport_cpp: rosidl_typesupport_fastrtps_cpp;rosidl_typesupport_introspection_cpp\n'}
[0.446754] (planning_mr_ver) StdoutLine: {'line': b'-- Found rmw_implementation_cmake: 6.1.2 (/opt/ros/humble/share/rmw_implementation_cmake/cmake)\n'}
[0.447860] (planning_mr_ver) StdoutLine: {'line': b'-- Found rmw_fastrtps_cpp: 6.2.9 (/opt/ros/humble/share/rmw_fastrtps_cpp/cmake)\n'}
[0.500193] (-) TimerEvent: {}
[0.511026] (planning_mr_ver) StdoutLine: {'line': b"-- Using RMW implementation 'rmw_fastrtps_cpp' as default\n"}
[0.539568] (planning_mr_ver) StdoutLine: {'line': b'-- Found rclcpp_components: 16.0.17 (/opt/ros/humble/share/rclcpp_components/cmake)\n'}
[0.549933] (planning_mr_ver) StdoutLine: {'line': b'-- Found nav_msgs: 4.9.0 (/opt/ros/humble/share/nav_msgs/cmake)\n'}
[0.565042] (planning_mr_ver) StdoutLine: {'line': b'-- Found track_msgs: 0.1.0 (/home/aiv/ev_ws/planning/install/track_msgs/share/track_msgs/cmake)\n'}
[0.574640] (planning_mr_ver) StdoutLine: {'line': b'-- Found ev_msgs: 0.1.0 (/home/aiv/ev_ws/ev_msgs/install/ev_msgs/share/ev_msgs/cmake)\n'}
[0.591621] (planning_mr_ver) StdoutLine: {'line': b'-- Found ament_lint_auto: 0.12.14 (/opt/ros/humble/share/ament_lint_auto/cmake)\n'}
[0.600251] (-) TimerEvent: {}
[0.631569] (planning_mr_ver) StdoutLine: {'line': b"-- Added test 'cppcheck' to perform static code analysis on C / C++ code\n"}
[0.631743] (planning_mr_ver) StdoutLine: {'line': b'-- Configured cppcheck include dirs: /home/aiv/ev_ws/planning/src/planning_mr_ver/include\n'}
[0.631781] (planning_mr_ver) StdoutLine: {'line': b'-- Configured cppcheck exclude dirs and/or files: \n'}
[0.632376] (planning_mr_ver) StdoutLine: {'line': b"-- Added test 'flake8' to check Python code syntax and style conventions\n"}
[0.632679] (planning_mr_ver) StdoutLine: {'line': b"-- Added test 'lint_cmake' to check CMake code style\n"}
[0.632889] (planning_mr_ver) StdoutLine: {'line': b"-- Added test 'pep257' to check Python code against some of the docstring style conventions in PEP 257\n"}
[0.633644] (planning_mr_ver) StdoutLine: {'line': b"-- Added test 'uncrustify' to check C / C++ code style\n"}
[0.633685] (planning_mr_ver) StdoutLine: {'line': b'-- Configured uncrustify additional arguments: \n'}
[0.633858] (planning_mr_ver) StdoutLine: {'line': b"-- Added test 'xmllint' to check XML markup files\n"}
[0.634327] (planning_mr_ver) StdoutLine: {'line': b'-- Configuring done\n'}
[0.648592] (planning_mr_ver) StdoutLine: {'line': b'-- Generating done\n'}
[0.655173] (planning_mr_ver) StdoutLine: {'line': b'-- Build files have been written to: /home/aiv/ev_ws/planning/build/planning_mr_ver\n'}
[0.672967] (planning_mr_ver) StdoutLine: {'line': b'\x1b[35m\x1b[1mConsolidate compiler generated dependencies of target planning_mr_postprocess\x1b[0m\n'}
[0.673321] (planning_mr_ver) StdoutLine: {'line': b'\x1b[35m\x1b[1mConsolidate compiler generated dependencies of target mr_planner_node_exe\x1b[0m\n'}
[0.674693] (planning_mr_ver) StdoutLine: {'line': b'\x1b[35m\x1b[1mConsolidate compiler generated dependencies of target planning_mr_costmap\x1b[0m\n'}
[0.674846] (planning_mr_ver) StdoutLine: {'line': b'\x1b[35m\x1b[1mConsolidate compiler generated dependencies of target planning_mr_planner\x1b[0m\n'}
[0.683725] (planning_mr_ver) StdoutLine: {'line': b'[ 10%] \x1b[32m\x1b[1mLinking CXX shared library libplanning_mr_postprocess.so\x1b[0m\n'}
[0.685590] (planning_mr_ver) StdoutLine: {'line': b'[ 30%] Built target mr_planner_node_exe\n'}
[0.688667] (planning_mr_ver) StdoutLine: {'line': b'[ 40%] \x1b[32m\x1b[1mLinking CXX shared library libplanning_mr_planner.so\x1b[0m\n'}
[0.688980] (planning_mr_ver) StdoutLine: {'line': b'[ 50%] \x1b[32mBuilding CXX object CMakeFiles/planning_mr_costmap.dir/src/costmap/costmap_generator.cpp.o\x1b[0m\n'}
[0.700348] (-) TimerEvent: {}
[0.769595] (planning_mr_ver) StdoutLine: {'line': b'[ 60%] Built target planning_mr_postprocess\n'}
[0.798118] (planning_mr_ver) StdoutLine: {'line': b'[ 70%] Built target planning_mr_planner\n'}
[0.800399] (-) TimerEvent: {}
[0.900561] (-) TimerEvent: {}
[1.000859] (-) TimerEvent: {}
[1.101287] (-) TimerEvent: {}
[1.201593] (-) TimerEvent: {}
[1.302087] (-) TimerEvent: {}
[1.402378] (-) TimerEvent: {}
[1.502741] (-) TimerEvent: {}
[1.602963] (-) TimerEvent: {}
[1.703208] (-) TimerEvent: {}
[1.803459] (-) TimerEvent: {}
[1.903686] (-) TimerEvent: {}
[2.003903] (-) TimerEvent: {}
[2.074032] (planning_mr_ver) StdoutLine: {'line': b'[ 80%] \x1b[32m\x1b[1mLinking CXX shared library libplanning_mr_costmap.so\x1b[0m\n'}
[2.104010] (-) TimerEvent: {}
[2.180168] (planning_mr_ver) StdoutLine: {'line': b'[ 80%] Built target planning_mr_costmap\n'}
[2.189250] (planning_mr_ver) StdoutLine: {'line': b'\x1b[35m\x1b[1mConsolidate compiler generated dependencies of target mr_planner_component\x1b[0m\n'}
[2.204069] (planning_mr_ver) StdoutLine: {'line': b'[ 90%] \x1b[32mBuilding CXX object CMakeFiles/mr_planner_component.dir/src/nodes/mr_planner_node.cpp.o\x1b[0m\n'}
[2.204188] (-) TimerEvent: {}
[2.304338] (-) TimerEvent: {}
[2.404583] (-) TimerEvent: {}
[2.504838] (-) TimerEvent: {}
[2.605044] (-) TimerEvent: {}
[2.705280] (-) TimerEvent: {}
[2.805455] (-) TimerEvent: {}
[2.905663] (-) TimerEvent: {}
[3.005856] (-) TimerEvent: {}
[3.106047] (-) TimerEvent: {}
[3.206310] (-) TimerEvent: {}
[3.306537] (-) TimerEvent: {}
[3.406761] (-) TimerEvent: {}
[3.506973] (-) TimerEvent: {}
[3.607241] (-) TimerEvent: {}
[3.707652] (-) TimerEvent: {}
[3.807939] (-) TimerEvent: {}
[3.908212] (-) TimerEvent: {}
[4.008612] (-) TimerEvent: {}
[4.108919] (-) TimerEvent: {}
[4.209299] (-) TimerEvent: {}
[4.309663] (-) TimerEvent: {}
[4.409998] (-) TimerEvent: {}
[4.510397] (-) TimerEvent: {}
[4.610680] (-) TimerEvent: {}
[4.710939] (-) TimerEvent: {}
[4.811203] (-) TimerEvent: {}
[4.911558] (-) TimerEvent: {}
[5.011901] (-) TimerEvent: {}
[5.112232] (-) TimerEvent: {}
[5.212590] (-) TimerEvent: {}
[5.312969] (-) TimerEvent: {}
[5.413264] (-) TimerEvent: {}
[5.513496] (-) TimerEvent: {}
[5.613723] (-) TimerEvent: {}
[5.713955] (-) TimerEvent: {}
[5.814326] (-) TimerEvent: {}
[5.914643] (-) TimerEvent: {}
[6.014960] (-) TimerEvent: {}
[6.115204] (-) TimerEvent: {}
[6.215457] (-) TimerEvent: {}
[6.315779] (-) TimerEvent: {}
[6.416042] (-) TimerEvent: {}
[6.516383] (-) TimerEvent: {}
[6.616635] (-) TimerEvent: {}
[6.716910] (-) TimerEvent: {}
[6.817373] (-) TimerEvent: {}
[6.917676] (-) TimerEvent: {}
[7.017926] (-) TimerEvent: {}
[7.118238] (-) TimerEvent: {}
[7.218524] (-) TimerEvent: {}
[7.318894] (-) TimerEvent: {}
[7.419210] (-) TimerEvent: {}
[7.519602] (-) TimerEvent: {}
[7.619851] (-) TimerEvent: {}
[7.720108] (-) TimerEvent: {}
[7.820454] (-) TimerEvent: {}
[7.920773] (-) TimerEvent: {}
[8.021146] (-) TimerEvent: {}
[8.121519] (-) TimerEvent: {}
[8.221895] (-) TimerEvent: {}
[8.322287] (-) TimerEvent: {}
[8.352000] (planning_mr_ver) StdoutLine: {'line': b'[100%] \x1b[32m\x1b[1mLinking CXX shared library libmr_planner_component.so\x1b[0m\n'}
[8.422378] (-) TimerEvent: {}
[8.522724] (-) TimerEvent: {}
[8.623060] (-) TimerEvent: {}
[8.692815] (planning_mr_ver) StdoutLine: {'line': b'[100%] Built target mr_planner_component\n'}
[8.701290] (planning_mr_ver) CommandEnded: {'returncode': 0}
[8.702120] (planning_mr_ver) JobProgress: {'identifier': 'planning_mr_ver', 'progress': 'install'}
[8.702166] (planning_mr_ver) Command: {'cmd': ['/usr/bin/cmake', '--install', '/home/aiv/ev_ws/planning/build/planning_mr_ver'], 'cwd': '/home/aiv/ev_ws/planning/build/planning_mr_ver', 'env': OrderedDict([('GJS_DEBUG_TOPICS', 'JS ERROR;JS LOG'), ('USER', 'aiv'), ('LC_TIME', 'ko_KR.UTF-8'), ('XDG_SESSION_TYPE', 'x11'), ('SHLVL', '1'), ('LD_LIBRARY_PATH', '/home/aiv/ev_ws/planning/install/track_msgs/lib:/usr/local/cuda-12.6/lib64:/home/aiv/ev_ws/ev_msgs/install/ev_msgs/lib:/home/aiv/ev_ws/perception/install/make_cylinder/lib:/usr/local/cuda-12.6/lib64:/usr/local/cuda-12.6/lib64:/home/aiv/ev_ws/planning/install/planning_mr_ver/lib:/usr/local/cuda-12.6/lib64:/home/aiv/ev_ws/erp42_ros/install/erp42_serial/lib:/home/aiv/ev_ws/erp42_ros/install/erp42_rqt_plugin/lib:/home/aiv/ev_ws/erp42_ros/install/erp42_gazebo/lib:/home/aiv/ev_ws/erp42_ros/install/erp42_util/lib:/home/aiv/ev_ws/erp42_ros/install/erp42_msgs/lib:/home/aiv/ev_ws/perception/install/velodyne_pointcloud/lib:/home/aiv/ev_ws/perception/install/velodyne_driver/lib:/home/aiv/ev_ws/perception/install/velodyne_msgs/lib:/home/aiv/ev_ws/perception/install/velodyne_laserscan/lib:/home/aiv/ev_ws/perception/install/velodyne_cropbox/lib:/home/aiv/ev_ws/perception/install/patchworkpp/lib:/home/aiv/ev_ws/perception/install/lidar_voxel_grid/lib:/home/aiv/ev_ws/perception/install/lidar_interfaces/lib:/home/aiv/ev_ws/perception/install/dbscan_clustering/lib:/home/aiv/ev_ws/perception/install/cluster_splitter/lib:/usr/lib/x86_64-linux-gnu/gazebo-11/plugins:/opt/ros/humble/opt/rviz_ogre_vendor/lib:/opt/ros/humble/lib/x86_64-linux-gnu:/opt/ros/humble/lib:/usr/local/cuda-12.6/lib64'), ('HOME', '/home/aiv'), ('OLDPWD', '/home/aiv/ev_ws'), ('DESKTOP_SESSION', 'ubuntu'), ('NVM_BIN', '/home/aiv/.nvm/versions/node/v24.13.1/bin'), ('NVM_INC', '/home/aiv/.nvm/versions/node/v24.13.1/include/node'), ('GIO_LAUNCHED_DESKTOP_FILE', '/usr/share/applications/terminator.desktop'), ('ROS_PYTHON_VERSION', '3'), ('GNOME_SHELL_SESSION_MODE', 'ubuntu'), ('GTK_MODULES', 'gail:atk-bridge'), ('LC_MONETARY', 'ko_KR.UTF-8'), ('MANAGERPID', '1839'), ('SYSTEMD_EXEC_PID', '2596'), ('DBUS_SESSION_BUS_ADDRESS', 'unix:path=/run/user/1000/bus'), ('COLORTERM', 'truecolor'), ('TERMINATOR_DBUS_NAME', 'net.tenshu.Terminator23558193cd9818af7fe4d2c2f5bd9d00f'), ('GIO_LAUNCHED_DESKTOP_FILE_PID', '6376'), ('NVM_DIR', '/home/aiv/.nvm'), ('COLCON_PREFIX_PATH', '/home/aiv/ev_ws/planning/install:/home/aiv/ev_ws/perception/install:/home/aiv/ev_ws/ev_msgs/install:/home/aiv/ev_ws/carsa_gazebo/install:/home/aiv/ev_ws/erp42_ros/install'), ('ROS_DISTRO', 'humble'), ('GTK_IM_MODULE', 'ibus'), ('LOGNAME', 'aiv'), ('JOURNAL_STREAM', '8:14626'), ('_', '/usr/bin/colcon'), ('ROS_VERSION', '2'), ('XDG_SESSION_CLASS', 'user'), ('USERNAME', 'aiv'), ('TERM', 'xterm-256color'), ('GNOME_DESKTOP_SESSION_ID', 'this-is-deprecated'), ('ROS_LOCALHOST_ONLY', '0'), ('WINDOWPATH', '2'), ('PATH', '/usr/local/cuda-12.6/bin:/usr/local/cuda-12.6/bin:/usr/local/cuda-12.6/bin:/usr/local/cuda-12.6/bin:/home/aiv/.local/bin:/opt/ros/humble/bin:/home/aiv/.nvm/versions/node/v24.13.1/bin:/usr/local/cuda-12.6/bin:/usr/local/sbin:/usr/local/bin:/usr/sbin:/usr/bin:/sbin:/bin:/usr/games:/usr/local/games:/snap/bin:/snap/bin'), ('SESSION_MANAGER', 'local/aiv:@/tmp/.ICE-unix/2567,unix/aiv:/tmp/.ICE-unix/2567'), ('INVOCATION_ID', '0568b3f95aa24871a61c02a9dcac9b80'), ('XDG_MENU_PREFIX', 'gnome-'), ('LC_ADDRESS', 'ko_KR.UTF-8'), ('XDG_RUNTIME_DIR', '/run/user/1000'), ('DISPLAY', ':1'), ('TERMINATOR_DBUS_PATH', '/net/tenshu/Terminator2'), ('LANG', 'en_US.UTF-8'), ('XDG_CURRENT_DESKTOP', 'ubuntu:GNOME'), ('IBUS_DISABLE_SNOOPER', '1'), ('LC_TELEPHONE', 'ko_KR.UTF-8'), ('XMODIFIERS', '@im=ibus'), ('XDG_SESSION_DESKTOP', 'ubuntu'), ('XAUTHORITY', '/run/user/1000/gdm/Xauthority'), ('SSH_AGENT_LAUNCHER', 'gnome-keyring'), ('SSH_AUTH_SOCK', '/run/user/1000/keyring/ssh'), ('AMENT_PREFIX_PATH', '/home/aiv/ev_ws/ev_msgs/install/ev_msgs:/home/aiv/ev_ws/perception/install/make_cylinder:/home/aiv/ev_ws/planning/install/planning_mr_ver:/home/aiv/ev_ws/planning/install/track_msgs:/home/aiv/ev_ws/carsa_gazebo/install/carsa_gazebo:/home/aiv/ev_ws/erp42_ros/install/erp42_serial:/home/aiv/ev_ws/erp42_ros/install/erp42_rqt_plugin:/home/aiv/ev_ws/erp42_ros/install/erp42_gazebo:/home/aiv/ev_ws/erp42_ros/install/erp42_util:/home/aiv/ev_ws/erp42_ros/install/erp42_msgs:/home/aiv/ev_ws/erp42_ros/install/erp42_description:/home/aiv/ev_ws/erp42_ros/install/erp42_cmake:/home/aiv/ev_ws/perception/install/velodyne:/home/aiv/ev_ws/perception/install/lidar_launch:/home/aiv/ev_ws/perception/install/velodyne_pointcloud:/home/aiv/ev_ws/perception/install/velodyne_driver:/home/aiv/ev_ws/perception/install/velodyne_msgs:/home/aiv/ev_ws/perception/install/velodyne_laserscan:/home/aiv/ev_ws/perception/install/velodyne_cropbox:/home/aiv/ev_ws/perception/install/patchworkpp:/home/aiv/ev_ws/perception/install/lidar_voxel_grid:/home/aiv/ev_ws/perception/install/lidar_interfaces:/home/aiv/ev_ws/perception/install/dbscan_clustering:/home/aiv/ev_ws/perception/install/cluster_splitter:/opt/ros/humble'), ('SHELL', '/bin/bash'), ('LC_NAME', 'ko_KR.UTF-8'), ('TERMINATOR_UUID', 'urn:uuid:b9c2d4ac-81c7-439c-870c-61cfe5ca8ac1'), ('QT_ACCESSIBILITY', '1'), ('GDMSESSION', 'ubuntu'), ('LC_MEASUREMENT', 'ko_KR.UTF-8'), ('GPG_AGENT_INFO', '/run/user/1000/gnupg/S.gpg-agent:0:1'), ('GJS_DEBUG_OUTPUT', 'stderr'), ('LC_IDENTIFICATION', 'ko_KR.UTF-8'), ('QT_IM_MODULE', 'ibus'), ('PWD', '/home/aiv/ev_ws/planning/build/planning_mr_ver'), ('LC_ALL', 'en_US.UTF-8'), ('XDG_CONFIG_DIRS', '/etc/xdg/xdg-ubuntu:/etc/xdg'), ('NVM_CD_FLAGS', ''), ('XDG_DATA_DIRS', '/usr/share/ubuntu:/usr/share/gnome:/usr/local/share/:/usr/share/:/var/lib/snapd/desktop'), ('PYTHONPATH', '/home/aiv/ev_ws/ev_msgs/install/ev_msgs/local/lib/python3.10/dist-packages:/home/aiv/ev_ws/planning/install/track_msgs/local/lib/python3.10/dist-packages:/home/aiv/ev_ws/erp42_ros/install/erp42_msgs/local/lib/python3.10/dist-packages:/home/aiv/ev_ws/perception/install/velodyne_msgs/local/lib/python3.10/dist-packages:/home/aiv/ev_ws/perception/install/lidar_interfaces/local/lib/python3.10/dist-packages:/opt/ros/humble/lib/python3.10/site-packages:/opt/ros/humble/local/lib/python3.10/dist-packages'), ('LC_NUMERIC', 'ko_KR.UTF-8'), ('LC_PAPER', 'ko_KR.UTF-8'), ('COLCON', '1'), ('VTE_VERSION', '6800'), ('EDITOR', 'code --wait'), ('CMAKE_PREFIX_PATH', '/home/aiv/ev_ws/planning/install/track_msgs:/home/aiv/ev_ws/ev_msgs/install/ev_msgs:/home/aiv/ev_ws/perception/install/make_cylinder:/home/aiv/ev_ws/planning/install/planning_mr_ver:/home/aiv/ev_ws/carsa_gazebo/install/carsa_gazebo:/home/aiv/ev_ws/erp42_ros/install/erp42_serial:/home/aiv/ev_ws/erp42_ros/install/erp42_rqt_plugin:/home/aiv/ev_ws/erp42_ros/install/erp42_gazebo:/home/aiv/ev_ws/erp42_ros/install/erp42_util:/home/aiv/ev_ws/erp42_ros/install/erp42_msgs:/home/aiv/ev_ws/erp42_ros/install/erp42_description:/home/aiv/ev_ws/erp42_ros/install/erp42_cmake:/home/aiv/ev_ws/perception/install/velodyne:/home/aiv/ev_ws/perception/install/lidar_launch:/home/aiv/ev_ws/perception/install/velodyne_pointcloud:/home/aiv/ev_ws/perception/install/velodyne_driver:/home/aiv/ev_ws/perception/install/velodyne_msgs:/home/aiv/ev_ws/perception/install/velodyne_laserscan:/home/aiv/ev_ws/perception/install/velodyne_cropbox:/home/aiv/ev_ws/perception/install/patchworkpp:/home/aiv/ev_ws/perception/install/lidar_voxel_grid:/home/aiv/ev_ws/perception/install/lidar_interfaces:/home/aiv/ev_ws/perception/install/dbscan_clustering:/home/aiv/ev_ws/perception/install/cluster_splitter:/opt/ros/humble')]), 'shell': False}
[8.707622] (planning_mr_ver) StdoutLine: {'line': b'-- Install configuration: ""\n'}
[8.708188] (planning_mr_ver) StdoutLine: {'line': b'-- Execute custom install script\n'}
[8.708384] (planning_mr_ver) StdoutLine: {'line': b'-- Up-to-date symlink: /home/aiv/ev_ws/planning/install/planning_mr_ver/lib/libplanning_mr_costmap.so\n'}
[8.708623] (planning_mr_ver) StdoutLine: {'line': b'-- Up-to-date symlink: /home/aiv/ev_ws/planning/install/planning_mr_ver/lib/libplanning_mr_planner.so\n'}
[8.708699] (planning_mr_ver) StdoutLine: {'line': b'-- Up-to-date symlink: /home/aiv/ev_ws/planning/install/planning_mr_ver/lib/libplanning_mr_postprocess.so\n'}
[8.708858] (planning_mr_ver) StdoutLine: {'line': b'-- Up-to-date symlink: /home/aiv/ev_ws/planning/install/planning_mr_ver/lib/planning_mr_ver/mr_planner_node_exe\n'}
[8.709008] (planning_mr_ver) StdoutLine: {'line': b'-- Up-to-date symlink: /home/aiv/ev_ws/planning/install/planning_mr_ver/lib/libmr_planner_component.so\n'}
[8.709512] (planning_mr_ver) StdoutLine: {'line': b'-- Up-to-date symlink: /home/aiv/ev_ws/planning/install/planning_mr_ver/include/planning_mr_ver/common/debug_publish.hpp\n'}
[8.709582] (planning_mr_ver) StdoutLine: {'line': b'-- Up-to-date symlink: /home/aiv/ev_ws/planning/install/planning_mr_ver/include/planning_mr_ver/common/geometry.hpp\n'}
[8.709641] (planning_mr_ver) StdoutLine: {'line': b'-- Up-to-date symlink: /home/aiv/ev_ws/planning/install/planning_mr_ver/include/planning_mr_ver/common/params.hpp\n'}
[8.709709] (planning_mr_ver) StdoutLine: {'line': b'-- Up-to-date symlink: /home/aiv/ev_ws/planning/install/planning_mr_ver/include/planning_mr_ver/common/types.hpp\n'}
[8.709768] (planning_mr_ver) StdoutLine: {'line': b'-- Up-to-date symlink: /home/aiv/ev_ws/planning/install/planning_mr_ver/include/planning_mr_ver/costmap/costmap_generator.hpp\n'}
[8.709832] (planning_mr_ver) StdoutLine: {'line': b'-- Up-to-date symlink: /home/aiv/ev_ws/planning/install/planning_mr_ver/include/planning_mr_ver/nodes/mr_planner_node.hpp\n'}
[8.709891] (planning_mr_ver) StdoutLine: {'line': b'-- Up-to-date symlink: /home/aiv/ev_ws/planning/install/planning_mr_ver/include/planning_mr_ver/planner/magnetic_planner.hpp\n'}
[8.709940] (planning_mr_ver) StdoutLine: {'line': b'-- Up-to-date symlink: /home/aiv/ev_ws/planning/install/planning_mr_ver/include/planning_mr_ver/postprocess/path_postprocessor.hpp\n'}
[8.709988] (planning_mr_ver) StdoutLine: {'line': b'-- Up-to-date symlink: /home/aiv/ev_ws/planning/install/planning_mr_ver/include/planning_mr_ver/safety/safety_checker.hpp\n'}
[8.710052] (planning_mr_ver) StdoutLine: {'line': b'-- Up-to-date symlink: /home/aiv/ev_ws/planning/install/planning_mr_ver/share/planning_mr_ver/config/planning_mr.yaml\n'}
[8.710211] (planning_mr_ver) StdoutLine: {'line': b'-- Up-to-date symlink: /home/aiv/ev_ws/planning/install/planning_mr_ver/share/planning_mr_ver/launch/planning_mr.launch.py\n'}
[8.710332] (planning_mr_ver) StdoutLine: {'line': b'-- Up-to-date symlink: /home/aiv/ev_ws/planning/install/planning_mr_ver/share/ament_index/resource_index/package_run_dependencies/planning_mr_ver\n'}
[8.710441] (planning_mr_ver) StdoutLine: {'line': b'-- Up-to-date symlink: /home/aiv/ev_ws/planning/install/planning_mr_ver/share/ament_index/resource_index/parent_prefix_path/planning_mr_ver\n'}
[8.710542] (planning_mr_ver) StdoutLine: {'line': b'-- Up-to-date symlink: /home/aiv/ev_ws/planning/install/planning_mr_ver/share/planning_mr_ver/environment/ament_prefix_path.sh\n'}
[8.710631] (planning_mr_ver) StdoutLine: {'line': b'-- Up-to-date symlink: /home/aiv/ev_ws/planning/install/planning_mr_ver/share/planning_mr_ver/environment/ament_prefix_path.dsv\n'}
[8.710839] (planning_mr_ver) StdoutLine: {'line': b'-- Up-to-date symlink: /home/aiv/ev_ws/planning/install/planning_mr_ver/share/planning_mr_ver/environment/path.sh\n'}
[8.710892] (planning_mr_ver) StdoutLine: {'line': b'-- Up-to-date symlink: /home/aiv/ev_ws/planning/install/planning_mr_ver/share/planning_mr_ver/environment/path.dsv\n'}
[8.710949] (planning_mr_ver) StdoutLine: {'line': b'-- Up-to-date symlink: /home/aiv/ev_ws/planning/install/planning_mr_ver/share/planning_mr_ver/local_setup.bash\n'}
[8.711008] (planning_mr_ver) StdoutLine: {'line': b'-- Up-to-date symlink: /home/aiv/ev_ws/planning/install/planning_mr_ver/share/planning_mr_ver/local_setup.sh\n'}
[8.711090] (planning_mr_ver) StdoutLine: {'line': b'-- Up-to-date symlink: /home/aiv/ev_ws/planning/install/planning_mr_ver/share/planning_mr_ver/local_setup.zsh\n'}
[8.711173] (planning_mr_ver) StdoutLine: {'line': b'-- Up-to-date symlink: /home/aiv/ev_ws/planning/install/planning_mr_ver/share/planning_mr_ver/local_setup.dsv\n'}
[8.711236] (planning_mr_ver) StdoutLine: {'line': b'-- Symlinking: /home/aiv/ev_ws/planning/install/planning_mr_ver/share/planning_mr_ver/package.dsv\n'}
[8.717474] (planning_mr_ver) StdoutLine: {'line': b'-- Up-to-date symlink: /home/aiv/ev_ws/planning/install/planning_mr_ver/share/ament_index/resource_index/packages/planning_mr_ver\n'}
[8.717594] (planning_mr_ver) StdoutLine: {'line': b'-- Up-to-date symlink: /home/aiv/ev_ws/planning/install/planning_mr_ver/share/ament_index/resource_index/rclcpp_components/planning_mr_ver\n'}
[8.717663] (planning_mr_ver) StdoutLine: {'line': b'-- Up-to-date symlink: /home/aiv/ev_ws/planning/install/planning_mr_ver/share/planning_mr_ver/cmake/planning_mr_verConfig.cmake\n'}
[8.717727] (planning_mr_ver) StdoutLine: {'line': b'-- Up-to-date symlink: /home/aiv/ev_ws/planning/install/planning_mr_ver/share/planning_mr_ver/cmake/planning_mr_verConfig-version.cmake\n'}
[8.717793] (planning_mr_ver) StdoutLine: {'line': b'-- Up-to-date symlink: /home/aiv/ev_ws/planning/install/planning_mr_ver/share/planning_mr_ver/package.xml\n'}
[8.719207] (planning_mr_ver) CommandEnded: {'returncode': 0}
[8.723119] (-) TimerEvent: {}
[8.727242] (planning_mr_ver) JobEnded: {'identifier': 'planning_mr_ver', 'rc': 0}
[8.727704] (-) EventReactorShutdown: {}
