-- The C compiler identification is GNU 11.4.0
-- The CXX compiler identification is GNU 11.4.0
-- Detecting C compiler ABI info
-- Detecting C compiler ABI info - done
-- Check for working C compiler: /usr/bin/cc - skipped
-- Detecting C compile features
-- Detecting C compile features - done
-- Detecting CXX compiler ABI info
-- Detecting CXX compiler ABI info - done
-- Check for working CXX compiler: /usr/bin/c++ - skipped
-- Detecting CXX compile features
-- Detecting CXX compile features - done
-- Found ament_cmake: 1.3.12 (/opt/ros/humble/share/ament_cmake/cmake)
-- Found Python3: /usr/bin/python3 (found version "3.10.12") found components: Interpreter 
-- Override CMake install command with custom implementation using symlinks instead of copying resources
-- Found rclcpp: 16.0.17 (/opt/ros/humble/share/rclcpp/cmake)
-- Found rosidl_generator_c: 3.1.8 (/opt/ros/humble/share/rosidl_generator_c/cmake)
-- Found rosidl_adapter: 3.1.8 (/opt/ros/humble/share/rosidl_adapter/cmake)
-- Found rosidl_generator_cpp: 3.1.8 (/opt/ros/humble/share/rosidl_generator_cpp/cmake)
-- Using all available rosidl_typesupport_c: rosidl_typesupport_fastrtps_c;rosidl_typesupport_introspection_c
-- Using all available rosidl_typesupport_cpp: rosidl_typesupport_fastrtps_cpp;rosidl_typesupport_introspection_cpp
-- Found rmw_implementation_cmake: 6.1.2 (/opt/ros/humble/share/rmw_implementation_cmake/cmake)
-- Found rmw_fastrtps_cpp: 6.2.9 (/opt/ros/humble/share/rmw_fastrtps_cpp/cmake)
-- Found OpenSSL: /usr/lib/aarch64-linux-gnu/libcrypto.so (found version "3.0.2")  
-- Found FastRTPS: /opt/ros/humble/include  
-- Using RMW implementation 'rmw_fastrtps_cpp' as default
-- Looking for pthread.h
-- Looking for pthread.h - found
-- Performing Test CMAKE_HAVE_LIBC_PTHREAD
-- Performing Test CMAKE_HAVE_LIBC_PTHREAD - Success
-- Found Threads: TRUE  
-- Found rclcpp_components: 16.0.17 (/opt/ros/humble/share/rclcpp_components/cmake)
-- Found sensor_msgs: 4.9.0 (/opt/ros/humble/share/sensor_msgs/cmake)
-- Found visualization_msgs: 4.9.0 (/opt/ros/humble/share/visualization_msgs/cmake)
-- Found ev_msgs: 0.1.0 (/home/kimsohee/ev-1-5/ev-Autonomous-Vehicle-1-5/install/ev_msgs/share/ev_msgs/cmake)
-- Configuring done
-- Generating done
-- Build files have been written to: /home/kimsohee/ev-1-5/ev-Autonomous-Vehicle-1-5/build/make_bbox
[ 25%] [32mBuilding CXX object CMakeFiles/make_bbox_component.dir/src/make_bbox_node.cpp.o[0m
[ 50%] [32mBuilding CXX object CMakeFiles/make_bbox_node.dir/rclcpp_components/node_main_make_bbox_node.cpp.o[0m
[ 75%] [32m[1mLinking CXX executable make_bbox_node[0m
[ 75%] Built target make_bbox_node
[100%] [32m[1mLinking CXX shared library libmake_bbox_component.so[0m
[100%] Built target make_bbox_component
-- Install configuration: ""
-- Execute custom install script
-- Symlinking: /home/kimsohee/ev-1-5/ev-Autonomous-Vehicle-1-5/install/make_bbox/lib/make_bbox/make_bbox_node
-- Symlinking: /home/kimsohee/ev-1-5/ev-Autonomous-Vehicle-1-5/install/make_bbox/lib/libmake_bbox_component.so
-- Symlinking: /home/kimsohee/ev-1-5/ev-Autonomous-Vehicle-1-5/install/make_bbox/include/make_bbox/make_bbox_node.hpp
-- Symlinking: /home/kimsohee/ev-1-5/ev-Autonomous-Vehicle-1-5/install/make_bbox/share/ament_index/resource_index/package_run_dependencies/make_bbox
-- Symlinking: /home/kimsohee/ev-1-5/ev-Autonomous-Vehicle-1-5/install/make_bbox/share/ament_index/resource_index/parent_prefix_path/make_bbox
-- Symlinking: /home/kimsohee/ev-1-5/ev-Autonomous-Vehicle-1-5/install/make_bbox/share/make_bbox/environment/ament_prefix_path.sh
-- Symlinking: /home/kimsohee/ev-1-5/ev-Autonomous-Vehicle-1-5/install/make_bbox/share/make_bbox/environment/ament_prefix_path.dsv
-- Symlinking: /home/kimsohee/ev-1-5/ev-Autonomous-Vehicle-1-5/install/make_bbox/share/make_bbox/environment/path.sh
-- Symlinking: /home/kimsohee/ev-1-5/ev-Autonomous-Vehicle-1-5/install/make_bbox/share/make_bbox/environment/path.dsv
-- Symlinking: /home/kimsohee/ev-1-5/ev-Autonomous-Vehicle-1-5/install/make_bbox/share/make_bbox/local_setup.bash
-- Symlinking: /home/kimsohee/ev-1-5/ev-Autonomous-Vehicle-1-5/install/make_bbox/share/make_bbox/local_setup.sh
-- Symlinking: /home/kimsohee/ev-1-5/ev-Autonomous-Vehicle-1-5/install/make_bbox/share/make_bbox/local_setup.zsh
-- Symlinking: /home/kimsohee/ev-1-5/ev-Autonomous-Vehicle-1-5/install/make_bbox/share/make_bbox/local_setup.dsv
-- Symlinking: /home/kimsohee/ev-1-5/ev-Autonomous-Vehicle-1-5/install/make_bbox/share/make_bbox/package.dsv
-- Symlinking: /home/kimsohee/ev-1-5/ev-Autonomous-Vehicle-1-5/install/make_bbox/share/ament_index/resource_index/packages/make_bbox
-- Symlinking: /home/kimsohee/ev-1-5/ev-Autonomous-Vehicle-1-5/install/make_bbox/share/ament_index/resource_index/rclcpp_components/make_bbox
-- Symlinking: /home/kimsohee/ev-1-5/ev-Autonomous-Vehicle-1-5/install/make_bbox/share/make_bbox/cmake/make_bboxConfig.cmake
-- Symlinking: /home/kimsohee/ev-1-5/ev-Autonomous-Vehicle-1-5/install/make_bbox/share/make_bbox/cmake/make_bboxConfig-version.cmake
-- Symlinking: /home/kimsohee/ev-1-5/ev-Autonomous-Vehicle-1-5/install/make_bbox/share/make_bbox/package.xml
