[35m[1mConsolidate compiler generated dependencies of target chaining_costmap_chainer[0m
[35m[1mConsolidate compiler generated dependencies of target chaining_costmap_astar[0m
[35m[1mConsolidate compiler generated dependencies of target lc_planner_node_exe[0m
[35m[1mConsolidate compiler generated dependencies of target chaining_costmap_costmap[0m
[35m[1mConsolidate compiler generated dependencies of target chaining_costmap_postprocess[0m
[ 33%] Built target chaining_costmap_astar
[ 33%] Built target chaining_costmap_chainer
[ 50%] Built target lc_planner_node_exe
[ 66%] Built target chaining_costmap_costmap
[ 83%] Built target chaining_costmap_postprocess
[35m[1mConsolidate compiler generated dependencies of target lc_planner_component[0m
[100%] Built target lc_planner_component
-- Install configuration: ""
-- Installing: /home/kimsohee/ev-1-5/ev-Autonomous-Vehicle-1-5/install/chaining_costmap_ver/lib/libchaining_costmap_chainer.so
-- Set runtime path of "/home/kimsohee/ev-1-5/ev-Autonomous-Vehicle-1-5/install/chaining_costmap_ver/lib/libchaining_costmap_chainer.so" to ""
-- Installing: /home/kimsohee/ev-1-5/ev-Autonomous-Vehicle-1-5/install/chaining_costmap_ver/lib/libchaining_costmap_costmap.so
-- Set runtime path of "/home/kimsohee/ev-1-5/ev-Autonomous-Vehicle-1-5/install/chaining_costmap_ver/lib/libchaining_costmap_costmap.so" to ""
-- Installing: /home/kimsohee/ev-1-5/ev-Autonomous-Vehicle-1-5/install/chaining_costmap_ver/lib/libchaining_costmap_astar.so
-- Set runtime path of "/home/kimsohee/ev-1-5/ev-Autonomous-Vehicle-1-5/install/chaining_costmap_ver/lib/libchaining_costmap_astar.so" to ""
-- Installing: /home/kimsohee/ev-1-5/ev-Autonomous-Vehicle-1-5/install/chaining_costmap_ver/lib/libchaining_costmap_postprocess.so
-- Set runtime path of "/home/kimsohee/ev-1-5/ev-Autonomous-Vehicle-1-5/install/chaining_costmap_ver/lib/libchaining_costmap_postprocess.so" to ""
-- Installing: /home/kimsohee/ev-1-5/ev-Autonomous-Vehicle-1-5/install/chaining_costmap_ver/lib/chaining_costmap_ver/lc_planner_node_exe
-- Set runtime path of "/home/kimsohee/ev-1-5/ev-Autonomous-Vehicle-1-5/install/chaining_costmap_ver/lib/chaining_costmap_ver/lc_planner_node_exe" to ""
-- Installing: /home/kimsohee/ev-1-5/ev-Autonomous-Vehicle-1-5/install/chaining_costmap_ver/lib/liblc_planner_component.so
-- Set runtime path of "/home/kimsohee/ev-1-5/ev-Autonomous-Vehicle-1-5/install/chaining_costmap_ver/lib/liblc_planner_component.so" to ""
-- Installing: /home/kimsohee/ev-1-5/ev-Autonomous-Vehicle-1-5/install/chaining_costmap_ver/include
-- Installing: /home/kimsohee/ev-1-5/ev-Autonomous-Vehicle-1-5/install/chaining_costmap_ver/include/chaining_costmap_ver
-- Installing: /home/kimsohee/ev-1-5/ev-Autonomous-Vehicle-1-5/install/chaining_costmap_ver/include/chaining_costmap_ver/nodes
-- Installing: /home/kimsohee/ev-1-5/ev-Autonomous-Vehicle-1-5/install/chaining_costmap_ver/include/chaining_costmap_ver/nodes/chaining_costmap_ver_node.hpp
-- Installing: /home/kimsohee/ev-1-5/ev-Autonomous-Vehicle-1-5/install/chaining_costmap_ver/include/chaining_costmap_ver/safety
-- Installing: /home/kimsohee/ev-1-5/ev-Autonomous-Vehicle-1-5/install/chaining_costmap_ver/include/chaining_costmap_ver/safety/safety_checker.hpp
-- Installing: /home/kimsohee/ev-1-5/ev-Autonomous-Vehicle-1-5/install/chaining_costmap_ver/include/chaining_costmap_ver/chainer
-- Installing: /home/kimsohee/ev-1-5/ev-Autonomous-Vehicle-1-5/install/chaining_costmap_ver/include/chaining_costmap_ver/chainer/direction_chainer.hpp
-- Installing: /home/kimsohee/ev-1-5/ev-Autonomous-Vehicle-1-5/install/chaining_costmap_ver/include/chaining_costmap_ver/costmap
-- Installing: /home/kimsohee/ev-1-5/ev-Autonomous-Vehicle-1-5/install/chaining_costmap_ver/include/chaining_costmap_ver/costmap/costmap_generator.hpp
-- Installing: /home/kimsohee/ev-1-5/ev-Autonomous-Vehicle-1-5/install/chaining_costmap_ver/include/chaining_costmap_ver/postprocess
-- Installing: /home/kimsohee/ev-1-5/ev-Autonomous-Vehicle-1-5/install/chaining_costmap_ver/include/chaining_costmap_ver/postprocess/path_postprocessor.hpp
-- Installing: /home/kimsohee/ev-1-5/ev-Autonomous-Vehicle-1-5/install/chaining_costmap_ver/include/chaining_costmap_ver/planner
-- Installing: /home/kimsohee/ev-1-5/ev-Autonomous-Vehicle-1-5/install/chaining_costmap_ver/include/chaining_costmap_ver/planner/astar_planner.hpp
-- Installing: /home/kimsohee/ev-1-5/ev-Autonomous-Vehicle-1-5/install/chaining_costmap_ver/include/chaining_costmap_ver/common
-- Installing: /home/kimsohee/ev-1-5/ev-Autonomous-Vehicle-1-5/install/chaining_costmap_ver/include/chaining_costmap_ver/common/types.hpp
-- Installing: /home/kimsohee/ev-1-5/ev-Autonomous-Vehicle-1-5/install/chaining_costmap_ver/include/chaining_costmap_ver/common/geometry.hpp
-- Installing: /home/kimsohee/ev-1-5/ev-Autonomous-Vehicle-1-5/install/chaining_costmap_ver/include/chaining_costmap_ver/common/debug_publish.hpp
-- Installing: /home/kimsohee/ev-1-5/ev-Autonomous-Vehicle-1-5/install/chaining_costmap_ver/include/chaining_costmap_ver/common/params.hpp
-- Installing: /home/kimsohee/ev-1-5/ev-Autonomous-Vehicle-1-5/install/chaining_costmap_ver/share/chaining_costmap_ver/config
-- Installing: /home/kimsohee/ev-1-5/ev-Autonomous-Vehicle-1-5/install/chaining_costmap_ver/share/chaining_costmap_ver/config/chaining_costmap_ver.yaml
-- Installing: /home/kimsohee/ev-1-5/ev-Autonomous-Vehicle-1-5/install/chaining_costmap_ver/share/chaining_costmap_ver/launch
-- Installing: /home/kimsohee/ev-1-5/ev-Autonomous-Vehicle-1-5/install/chaining_costmap_ver/share/chaining_costmap_ver/launch/chaining_costmap_ver.launch.py
-- Installing: /home/kimsohee/ev-1-5/ev-Autonomous-Vehicle-1-5/install/chaining_costmap_ver/share/ament_index/resource_index/package_run_dependencies/chaining_costmap_ver
-- Installing: /home/kimsohee/ev-1-5/ev-Autonomous-Vehicle-1-5/install/chaining_costmap_ver/share/ament_index/resource_index/parent_prefix_path/chaining_costmap_ver
-- Installing: /home/kimsohee/ev-1-5/ev-Autonomous-Vehicle-1-5/install/chaining_costmap_ver/share/chaining_costmap_ver/environment/ament_prefix_path.sh
-- Installing: /home/kimsohee/ev-1-5/ev-Autonomous-Vehicle-1-5/install/chaining_costmap_ver/share/chaining_costmap_ver/environment/ament_prefix_path.dsv
-- Installing: /home/kimsohee/ev-1-5/ev-Autonomous-Vehicle-1-5/install/chaining_costmap_ver/share/chaining_costmap_ver/environment/path.sh
-- Installing: /home/kimsohee/ev-1-5/ev-Autonomous-Vehicle-1-5/install/chaining_costmap_ver/share/chaining_costmap_ver/environment/path.dsv
-- Installing: /home/kimsohee/ev-1-5/ev-Autonomous-Vehicle-1-5/install/chaining_costmap_ver/share/chaining_costmap_ver/local_setup.bash
-- Installing: /home/kimsohee/ev-1-5/ev-Autonomous-Vehicle-1-5/install/chaining_costmap_ver/share/chaining_costmap_ver/local_setup.sh
-- Installing: /home/kimsohee/ev-1-5/ev-Autonomous-Vehicle-1-5/install/chaining_costmap_ver/share/chaining_costmap_ver/local_setup.zsh
-- Installing: /home/kimsohee/ev-1-5/ev-Autonomous-Vehicle-1-5/install/chaining_costmap_ver/share/chaining_costmap_ver/local_setup.dsv
-- Installing: /home/kimsohee/ev-1-5/ev-Autonomous-Vehicle-1-5/install/chaining_costmap_ver/share/chaining_costmap_ver/package.dsv
-- Installing: /home/kimsohee/ev-1-5/ev-Autonomous-Vehicle-1-5/install/chaining_costmap_ver/share/ament_index/resource_index/packages/chaining_costmap_ver
-- Installing: /home/kimsohee/ev-1-5/ev-Autonomous-Vehicle-1-5/install/chaining_costmap_ver/share/ament_index/resource_index/rclcpp_components/chaining_costmap_ver
-- Installing: /home/kimsohee/ev-1-5/ev-Autonomous-Vehicle-1-5/install/chaining_costmap_ver/share/chaining_costmap_ver/cmake/chaining_costmap_verConfig.cmake
-- Installing: /home/kimsohee/ev-1-5/ev-Autonomous-Vehicle-1-5/install/chaining_costmap_ver/share/chaining_costmap_ver/cmake/chaining_costmap_verConfig-version.cmake
-- Installing: /home/kimsohee/ev-1-5/ev-Autonomous-Vehicle-1-5/install/chaining_costmap_ver/share/chaining_costmap_ver/package.xml
