[0.007s] Invoking command in '/home/kimsohee/ev-1-5/ev-Autonomous-Vehicle-1-5/build/chaining_costmap_ver': AMENT_PREFIX_PATH=/home/kimsohee/ev-1-5/ev-Autonomous-Vehicle-1-5/install/ev_msgs:${AMENT_PREFIX_PATH} CMAKE_PREFIX_PATH=/home/kimsohee/ev-1-5/ev-Autonomous-Vehicle-1-5/install/ev_msgs:/opt/ros/humble LD_LIBRARY_PATH=/home/kimsohee/ev-1-5/ev-Autonomous-Vehicle-1-5/install/ev_msgs/lib:${LD_LIBRARY_PATH} PYTHONPATH=/home/kimsohee/ev-1-5/ev-Autonomous-Vehicle-1-5/install/ev_msgs/local/lib/python3.10/dist-packages:${PYTHONPATH} /usr/bin/cmake --build /home/kimsohee/ev-1-5/ev-Autonomous-Vehicle-1-5/build/chaining_costmap_ver -- -j10 -l10
[0.056s] [35m[1mConsolidate compiler generated dependencies of target chaining_costmap_chainer[0m
[0.057s] [35m[1mConsolidate compiler generated dependencies of target chaining_costmap_astar[0m
[0.057s] [35m[1mConsolidate compiler generated dependencies of target lc_planner_node_exe[0m
[0.057s] [35m[1mConsolidate compiler generated dependencies of target chaining_costmap_costmap[0m
[0.057s] [35m[1mConsolidate compiler generated dependencies of target chaining_costmap_postprocess[0m
[0.064s] [ 33%] Built target chaining_costmap_astar
[0.064s] [ 33%] Built target chaining_costmap_chainer
[0.068s] [ 50%] Built target lc_planner_node_exe
[0.068s] [ 66%] Built target chaining_costmap_costmap
[0.069s] [ 83%] Built target chaining_costmap_postprocess
[0.074s] [35m[1mConsolidate compiler generated dependencies of target lc_planner_component[0m
[0.082s] [100%] Built target lc_planner_component
[0.086s] Invoked command in '/home/kimsohee/ev-1-5/ev-Autonomous-Vehicle-1-5/build/chaining_costmap_ver' returned '0': AMENT_PREFIX_PATH=/home/kimsohee/ev-1-5/ev-Autonomous-Vehicle-1-5/install/ev_msgs:${AMENT_PREFIX_PATH} CMAKE_PREFIX_PATH=/home/kimsohee/ev-1-5/ev-Autonomous-Vehicle-1-5/install/ev_msgs:/opt/ros/humble LD_LIBRARY_PATH=/home/kimsohee/ev-1-5/ev-Autonomous-Vehicle-1-5/install/ev_msgs/lib:${LD_LIBRARY_PATH} PYTHONPATH=/home/kimsohee/ev-1-5/ev-Autonomous-Vehicle-1-5/install/ev_msgs/local/lib/python3.10/dist-packages:${PYTHONPATH} /usr/bin/cmake --build /home/kimsohee/ev-1-5/ev-Autonomous-Vehicle-1-5/build/chaining_costmap_ver -- -j10 -l10
[0.088s] Invoking command in '/home/kimsohee/ev-1-5/ev-Autonomous-Vehicle-1-5/build/chaining_costmap_ver': AMENT_PREFIX_PATH=/home/kimsohee/ev-1-5/ev-Autonomous-Vehicle-1-5/install/ev_msgs:${AMENT_PREFIX_PATH} CMAKE_PREFIX_PATH=/home/kimsohee/ev-1-5/ev-Autonomous-Vehicle-1-5/install/ev_msgs:/opt/ros/humble LD_LIBRARY_PATH=/home/kimsohee/ev-1-5/ev-Autonomous-Vehicle-1-5/install/ev_msgs/lib:${LD_LIBRARY_PATH} PYTHONPATH=/home/kimsohee/ev-1-5/ev-Autonomous-Vehicle-1-5/install/ev_msgs/local/lib/python3.10/dist-packages:${PYTHONPATH} /usr/bin/cmake --install /home/kimsohee/ev-1-5/ev-Autonomous-Vehicle-1-5/build/chaining_costmap_ver
[0.091s] -- Install configuration: ""
[0.091s] -- Installing: /home/kimsohee/ev-1-5/ev-Autonomous-Vehicle-1-5/install/chaining_costmap_ver/lib/libchaining_costmap_chainer.so
[0.091s] -- Set runtime path of "/home/kimsohee/ev-1-5/ev-Autonomous-Vehicle-1-5/install/chaining_costmap_ver/lib/libchaining_costmap_chainer.so" to ""
[0.091s] -- Installing: /home/kimsohee/ev-1-5/ev-Autonomous-Vehicle-1-5/install/chaining_costmap_ver/lib/libchaining_costmap_costmap.so
[0.092s] -- Set runtime path of "/home/kimsohee/ev-1-5/ev-Autonomous-Vehicle-1-5/install/chaining_costmap_ver/lib/libchaining_costmap_costmap.so" to ""
[0.092s] -- Installing: /home/kimsohee/ev-1-5/ev-Autonomous-Vehicle-1-5/install/chaining_costmap_ver/lib/libchaining_costmap_astar.so
[0.092s] -- Set runtime path of "/home/kimsohee/ev-1-5/ev-Autonomous-Vehicle-1-5/install/chaining_costmap_ver/lib/libchaining_costmap_astar.so" to ""
[0.092s] -- Installing: /home/kimsohee/ev-1-5/ev-Autonomous-Vehicle-1-5/install/chaining_costmap_ver/lib/libchaining_costmap_postprocess.so
[0.092s] -- Set runtime path of "/home/kimsohee/ev-1-5/ev-Autonomous-Vehicle-1-5/install/chaining_costmap_ver/lib/libchaining_costmap_postprocess.so" to ""
[0.092s] -- Installing: /home/kimsohee/ev-1-5/ev-Autonomous-Vehicle-1-5/install/chaining_costmap_ver/lib/chaining_costmap_ver/lc_planner_node_exe
[0.093s] -- Set runtime path of "/home/kimsohee/ev-1-5/ev-Autonomous-Vehicle-1-5/install/chaining_costmap_ver/lib/chaining_costmap_ver/lc_planner_node_exe" to ""
[0.093s] -- Installing: /home/kimsohee/ev-1-5/ev-Autonomous-Vehicle-1-5/install/chaining_costmap_ver/lib/liblc_planner_component.so
[0.097s] -- Set runtime path of "/home/kimsohee/ev-1-5/ev-Autonomous-Vehicle-1-5/install/chaining_costmap_ver/lib/liblc_planner_component.so" to ""
[0.097s] -- Installing: /home/kimsohee/ev-1-5/ev-Autonomous-Vehicle-1-5/install/chaining_costmap_ver/include
[0.098s] -- Installing: /home/kimsohee/ev-1-5/ev-Autonomous-Vehicle-1-5/install/chaining_costmap_ver/include/chaining_costmap_ver
[0.098s] -- Installing: /home/kimsohee/ev-1-5/ev-Autonomous-Vehicle-1-5/install/chaining_costmap_ver/include/chaining_costmap_ver/nodes
[0.098s] -- Installing: /home/kimsohee/ev-1-5/ev-Autonomous-Vehicle-1-5/install/chaining_costmap_ver/include/chaining_costmap_ver/nodes/chaining_costmap_ver_node.hpp
[0.098s] -- Installing: /home/kimsohee/ev-1-5/ev-Autonomous-Vehicle-1-5/install/chaining_costmap_ver/include/chaining_costmap_ver/safety
[0.098s] -- Installing: /home/kimsohee/ev-1-5/ev-Autonomous-Vehicle-1-5/install/chaining_costmap_ver/include/chaining_costmap_ver/safety/safety_checker.hpp
[0.098s] -- Installing: /home/kimsohee/ev-1-5/ev-Autonomous-Vehicle-1-5/install/chaining_costmap_ver/include/chaining_costmap_ver/chainer
[0.098s] -- Installing: /home/kimsohee/ev-1-5/ev-Autonomous-Vehicle-1-5/install/chaining_costmap_ver/include/chaining_costmap_ver/chainer/direction_chainer.hpp
[0.098s] -- Installing: /home/kimsohee/ev-1-5/ev-Autonomous-Vehicle-1-5/install/chaining_costmap_ver/include/chaining_costmap_ver/costmap
[0.098s] -- Installing: /home/kimsohee/ev-1-5/ev-Autonomous-Vehicle-1-5/install/chaining_costmap_ver/include/chaining_costmap_ver/costmap/costmap_generator.hpp
[0.098s] -- Installing: /home/kimsohee/ev-1-5/ev-Autonomous-Vehicle-1-5/install/chaining_costmap_ver/include/chaining_costmap_ver/postprocess
[0.098s] -- Installing: /home/kimsohee/ev-1-5/ev-Autonomous-Vehicle-1-5/install/chaining_costmap_ver/include/chaining_costmap_ver/postprocess/path_postprocessor.hpp
[0.098s] -- Installing: /home/kimsohee/ev-1-5/ev-Autonomous-Vehicle-1-5/install/chaining_costmap_ver/include/chaining_costmap_ver/planner
[0.098s] -- Installing: /home/kimsohee/ev-1-5/ev-Autonomous-Vehicle-1-5/install/chaining_costmap_ver/include/chaining_costmap_ver/planner/astar_planner.hpp
[0.099s] -- Installing: /home/kimsohee/ev-1-5/ev-Autonomous-Vehicle-1-5/install/chaining_costmap_ver/include/chaining_costmap_ver/common
[0.099s] -- Installing: /home/kimsohee/ev-1-5/ev-Autonomous-Vehicle-1-5/install/chaining_costmap_ver/include/chaining_costmap_ver/common/types.hpp
[0.099s] -- Installing: /home/kimsohee/ev-1-5/ev-Autonomous-Vehicle-1-5/install/chaining_costmap_ver/include/chaining_costmap_ver/common/geometry.hpp
[0.099s] -- Installing: /home/kimsohee/ev-1-5/ev-Autonomous-Vehicle-1-5/install/chaining_costmap_ver/include/chaining_costmap_ver/common/debug_publish.hpp
[0.099s] -- Installing: /home/kimsohee/ev-1-5/ev-Autonomous-Vehicle-1-5/install/chaining_costmap_ver/include/chaining_costmap_ver/common/params.hpp
[0.099s] -- Installing: /home/kimsohee/ev-1-5/ev-Autonomous-Vehicle-1-5/install/chaining_costmap_ver/share/chaining_costmap_ver/config
[0.099s] -- Installing: /home/kimsohee/ev-1-5/ev-Autonomous-Vehicle-1-5/install/chaining_costmap_ver/share/chaining_costmap_ver/config/chaining_costmap_ver.yaml
[0.101s] -- Installing: /home/kimsohee/ev-1-5/ev-Autonomous-Vehicle-1-5/install/chaining_costmap_ver/share/chaining_costmap_ver/launch
[0.101s] -- Installing: /home/kimsohee/ev-1-5/ev-Autonomous-Vehicle-1-5/install/chaining_costmap_ver/share/chaining_costmap_ver/launch/chaining_costmap_ver.launch.py
[0.101s] -- Installing: /home/kimsohee/ev-1-5/ev-Autonomous-Vehicle-1-5/install/chaining_costmap_ver/share/ament_index/resource_index/package_run_dependencies/chaining_costmap_ver
[0.101s] -- Installing: /home/kimsohee/ev-1-5/ev-Autonomous-Vehicle-1-5/install/chaining_costmap_ver/share/ament_index/resource_index/parent_prefix_path/chaining_costmap_ver
[0.101s] -- Installing: /home/kimsohee/ev-1-5/ev-Autonomous-Vehicle-1-5/install/chaining_costmap_ver/share/chaining_costmap_ver/environment/ament_prefix_path.sh
[0.101s] -- Installing: /home/kimsohee/ev-1-5/ev-Autonomous-Vehicle-1-5/install/chaining_costmap_ver/share/chaining_costmap_ver/environment/ament_prefix_path.dsv
[0.101s] -- Installing: /home/kimsohee/ev-1-5/ev-Autonomous-Vehicle-1-5/install/chaining_costmap_ver/share/chaining_costmap_ver/environment/path.sh
[0.102s] -- Installing: /home/kimsohee/ev-1-5/ev-Autonomous-Vehicle-1-5/install/chaining_costmap_ver/share/chaining_costmap_ver/environment/path.dsv
[0.102s] -- Installing: /home/kimsohee/ev-1-5/ev-Autonomous-Vehicle-1-5/install/chaining_costmap_ver/share/chaining_costmap_ver/local_setup.bash
[0.102s] -- Installing: /home/kimsohee/ev-1-5/ev-Autonomous-Vehicle-1-5/install/chaining_costmap_ver/share/chaining_costmap_ver/local_setup.sh
[0.102s] -- Installing: /home/kimsohee/ev-1-5/ev-Autonomous-Vehicle-1-5/install/chaining_costmap_ver/share/chaining_costmap_ver/local_setup.zsh
[0.103s] -- Installing: /home/kimsohee/ev-1-5/ev-Autonomous-Vehicle-1-5/install/chaining_costmap_ver/share/chaining_costmap_ver/local_setup.dsv
[0.103s] -- Installing: /home/kimsohee/ev-1-5/ev-Autonomous-Vehicle-1-5/install/chaining_costmap_ver/share/chaining_costmap_ver/package.dsv
[0.103s] -- Installing: /home/kimsohee/ev-1-5/ev-Autonomous-Vehicle-1-5/install/chaining_costmap_ver/share/ament_index/resource_index/packages/chaining_costmap_ver
[0.104s] -- Installing: /home/kimsohee/ev-1-5/ev-Autonomous-Vehicle-1-5/install/chaining_costmap_ver/share/ament_index/resource_index/rclcpp_components/chaining_costmap_ver
[0.104s] -- Installing: /home/kimsohee/ev-1-5/ev-Autonomous-Vehicle-1-5/install/chaining_costmap_ver/share/chaining_costmap_ver/cmake/chaining_costmap_verConfig.cmake
[0.104s] -- Installing: /home/kimsohee/ev-1-5/ev-Autonomous-Vehicle-1-5/install/chaining_costmap_ver/share/chaining_costmap_ver/cmake/chaining_costmap_verConfig-version.cmake
[0.104s] -- Installing: /home/kimsohee/ev-1-5/ev-Autonomous-Vehicle-1-5/install/chaining_costmap_ver/share/chaining_costmap_ver/package.xml
[0.106s] Invoked command in '/home/kimsohee/ev-1-5/ev-Autonomous-Vehicle-1-5/build/chaining_costmap_ver' returned '0': AMENT_PREFIX_PATH=/home/kimsohee/ev-1-5/ev-Autonomous-Vehicle-1-5/install/ev_msgs:${AMENT_PREFIX_PATH} CMAKE_PREFIX_PATH=/home/kimsohee/ev-1-5/ev-Autonomous-Vehicle-1-5/install/ev_msgs:/opt/ros/humble LD_LIBRARY_PATH=/home/kimsohee/ev-1-5/ev-Autonomous-Vehicle-1-5/install/ev_msgs/lib:${LD_LIBRARY_PATH} PYTHONPATH=/home/kimsohee/ev-1-5/ev-Autonomous-Vehicle-1-5/install/ev_msgs/local/lib/python3.10/dist-packages:${PYTHONPATH} /usr/bin/cmake --install /home/kimsohee/ev-1-5/ev-Autonomous-Vehicle-1-5/build/chaining_costmap_ver
