-- The C compiler identification is GNU 11.4.0
-- The CXX compiler identification is GNU 11.4.0
-- Detecting C compiler ABI info
-- Detecting C compiler ABI info - done
-- Check for working C compiler: /usr/bin/cc - skipped
-- Detecting C compile features
-- Detecting C compile features - done
-- Detecting CXX compiler ABI info
-- Detecting CXX compiler ABI info - done
-- Check for working CXX compiler: /usr/bin/c++ - skipped
-- Detecting CXX compile features
-- Detecting CXX compile features - done
-- Found ament_cmake: 1.3.12 (/opt/ros/humble/share/ament_cmake/cmake)
-- Found Python3: /usr/bin/python3 (found version "3.10.12") found components: Interpreter 
-- Override CMake install command with custom implementation using symlinks instead of copying resources
-- Found rosidl_default_generators: 1.2.0 (/opt/ros/humble/share/rosidl_default_generators/cmake)
-- Using all available rosidl_typesupport_c: rosidl_typesupport_fastrtps_c;rosidl_typesupport_introspection_c
-- Found rosidl_adapter: 3.1.8 (/opt/ros/humble/share/rosidl_adapter/cmake)
-- Using all available rosidl_typesupport_cpp: rosidl_typesupport_fastrtps_cpp;rosidl_typesupport_introspection_cpp
-- Found geometry_msgs: 4.9.0 (/opt/ros/humble/share/geometry_msgs/cmake)
-- Found ament_cmake_ros: 0.10.0 (/opt/ros/humble/share/ament_cmake_ros/cmake)
-- Using all available rosidl_typesupport_c: rosidl_typesupport_fastrtps_c;rosidl_typesupport_introspection_c
-- Using all available rosidl_typesupport_cpp: rosidl_typesupport_fastrtps_cpp;rosidl_typesupport_introspection_cpp
-- Found PythonInterp: /usr/bin/python3 (found suitable version "3.10.12", minimum required is "3.6") 
-- Found python_cmake_module: 0.10.0 (/opt/ros/humble/share/python_cmake_module/cmake)
-- Found PythonLibs: /usr/lib/x86_64-linux-gnu/libpython3.10.so (found suitable version "3.10.12", minimum required is "3.5") 
-- Using PYTHON_EXECUTABLE: /usr/bin/python3
-- Using PYTHON_INCLUDE_DIRS: /usr/include/python3.10
-- Using PYTHON_LIBRARIES: /usr/lib/x86_64-linux-gnu/libpython3.10.so
-- Found PythonExtra: .so  
-- Found ament_lint_auto: 0.12.14 (/opt/ros/humble/share/ament_lint_auto/cmake)
-- Added test 'lint_cmake' to check CMake code style
-- Added test 'xmllint' to check XML markup files
-- Configuring done
-- Generating done
-- Build files have been written to: /home/aiv/ev_ws/planning/build/track_msgs
[  1%] [34m[1mGenerating C code for ROS interfaces[0m
[  2%] [34m[1mGenerating C++ code for ROS interfaces[0m
[  2%] Built target ament_cmake_python_symlink_track_msgs
running egg_info
creating track_msgs.egg-info
writing track_msgs.egg-info/PKG-INFO
writing dependency_links to track_msgs.egg-info/dependency_links.txt
writing top-level names to track_msgs.egg-info/top_level.txt
writing manifest file 'track_msgs.egg-info/SOURCES.txt'
reading manifest file 'track_msgs.egg-info/SOURCES.txt'
writing manifest file 'track_msgs.egg-info/SOURCES.txt'
[  2%] Built target ament_cmake_python_build_track_msgs_egg
[  3%] [32mBuilding C object CMakeFiles/track_msgs__rosidl_generator_c.dir/rosidl_generator_c/track_msgs/msg/detail/lane_boundary__functions.c.o[0m
[  4%] [32mBuilding C object CMakeFiles/track_msgs__rosidl_generator_c.dir/rosidl_generator_c/track_msgs/msg/detail/cone_array__functions.c.o[0m
[  5%] [32mBuilding C object CMakeFiles/track_msgs__rosidl_generator_c.dir/rosidl_generator_c/track_msgs/msg/detail/cone__functions.c.o[0m
[  6%] [32mBuilding C object CMakeFiles/track_msgs__rosidl_generator_c.dir/rosidl_generator_c/track_msgs/msg/detail/system_state__functions.c.o[0m
[  8%] [32mBuilding C object CMakeFiles/track_msgs__rosidl_generator_c.dir/rosidl_generator_c/track_msgs/msg/detail/lane_boundary_array__functions.c.o[0m
[  9%] [32mBuilding C object CMakeFiles/track_msgs__rosidl_generator_c.dir/rosidl_generator_c/track_msgs/msg/detail/obstacle_array__functions.c.o[0m
[ 10%] [32mBuilding C object CMakeFiles/track_msgs__rosidl_generator_c.dir/rosidl_generator_c/track_msgs/msg/detail/obstacle__functions.c.o[0m
[ 11%] [32mBuilding C object CMakeFiles/track_msgs__rosidl_generator_c.dir/rosidl_generator_c/track_msgs/msg/detail/planner_status__functions.c.o[0m
[ 11%] Built target track_msgs__cpp
[ 13%] [34m[1mGenerating C++ type support for eProsima Fast-RTPS[0m
[ 13%] [34m[1mGenerating C++ introspection for ROS interfaces[0m
[ 14%] [34m[1mGenerating C++ type support dispatch for ROS interfaces[0m
[ 16%] [32m[1mLinking C shared library libtrack_msgs__rosidl_generator_c.so[0m
[ 16%] Built target track_msgs__rosidl_generator_c
[ 17%] [34m[1mGenerating C introspection for ROS interfaces[0m
[ 18%] [34m[1mGenerating C type support for eProsima Fast-RTPS[0m
[ 19%] [34m[1mGenerating C type support dispatch for ROS interfaces[0m
[ 20%] [32mBuilding CXX object CMakeFiles/track_msgs__rosidl_typesupport_cpp.dir/rosidl_typesupport_cpp/track_msgs/msg/cone__type_support.cpp.o[0m
[ 21%] [32mBuilding CXX object CMakeFiles/track_msgs__rosidl_typesupport_cpp.dir/rosidl_typesupport_cpp/track_msgs/msg/obstacle_array__type_support.cpp.o[0m
[ 22%] [32mBuilding CXX object CMakeFiles/track_msgs__rosidl_typesupport_cpp.dir/rosidl_typesupport_cpp/track_msgs/msg/lane_boundary__type_support.cpp.o[0m
[ 24%] [32mBuilding CXX object CMakeFiles/track_msgs__rosidl_typesupport_cpp.dir/rosidl_typesupport_cpp/track_msgs/msg/lane_boundary_array__type_support.cpp.o[0m
[ 25%] [32mBuilding CXX object CMakeFiles/track_msgs__rosidl_typesupport_cpp.dir/rosidl_typesupport_cpp/track_msgs/msg/cone_array__type_support.cpp.o[0m
[ 26%] [32mBuilding CXX object CMakeFiles/track_msgs__rosidl_typesupport_cpp.dir/rosidl_typesupport_cpp/track_msgs/msg/obstacle__type_support.cpp.o[0m
[ 27%] [32mBuilding CXX object CMakeFiles/track_msgs__rosidl_typesupport_cpp.dir/rosidl_typesupport_cpp/track_msgs/msg/planner_status__type_support.cpp.o[0m
[ 28%] [32mBuilding CXX object CMakeFiles/track_msgs__rosidl_typesupport_cpp.dir/rosidl_typesupport_cpp/track_msgs/msg/system_state__type_support.cpp.o[0m
[ 31%] [32mBuilding CXX object CMakeFiles/track_msgs__rosidl_typesupport_introspection_cpp.dir/rosidl_typesupport_introspection_cpp/track_msgs/msg/detail/planner_status__type_support.cpp.o[0m
[ 31%] [32mBuilding CXX object CMakeFiles/track_msgs__rosidl_typesupport_introspection_cpp.dir/rosidl_typesupport_introspection_cpp/track_msgs/msg/detail/obstacle_array__type_support.cpp.o[0m
[ 32%] [32mBuilding CXX object CMakeFiles/track_msgs__rosidl_typesupport_introspection_cpp.dir/rosidl_typesupport_introspection_cpp/track_msgs/msg/detail/cone_array__type_support.cpp.o[0m
[ 34%] [32mBuilding CXX object CMakeFiles/track_msgs__rosidl_typesupport_introspection_cpp.dir/rosidl_typesupport_introspection_cpp/track_msgs/msg/detail/lane_boundary__type_support.cpp.o[0m
[ 34%] [32mBuilding CXX object CMakeFiles/track_msgs__rosidl_typesupport_introspection_cpp.dir/rosidl_typesupport_introspection_cpp/track_msgs/msg/detail/cone__type_support.cpp.o[0m
[ 35%] [32mBuilding CXX object CMakeFiles/track_msgs__rosidl_typesupport_introspection_cpp.dir/rosidl_typesupport_introspection_cpp/track_msgs/msg/detail/obstacle__type_support.cpp.o[0m
[ 36%] [32mBuilding CXX object CMakeFiles/track_msgs__rosidl_typesupport_introspection_cpp.dir/rosidl_typesupport_introspection_cpp/track_msgs/msg/detail/lane_boundary_array__type_support.cpp.o[0m
[ 37%] [32mBuilding CXX object CMakeFiles/track_msgs__rosidl_typesupport_introspection_cpp.dir/rosidl_typesupport_introspection_cpp/track_msgs/msg/detail/system_state__type_support.cpp.o[0m
[ 42%] [32mBuilding CXX object CMakeFiles/track_msgs__rosidl_typesupport_fastrtps_cpp.dir/rosidl_typesupport_fastrtps_cpp/track_msgs/msg/detail/dds_fastrtps/obstacle__type_support.cpp.o[0m
[ 42%] [32mBuilding CXX object CMakeFiles/track_msgs__rosidl_typesupport_fastrtps_cpp.dir/rosidl_typesupport_fastrtps_cpp/track_msgs/msg/detail/dds_fastrtps/lane_boundary__type_support.cpp.o[0m
[ 42%] [32mBuilding CXX object CMakeFiles/track_msgs__rosidl_typesupport_fastrtps_cpp.dir/rosidl_typesupport_fastrtps_cpp/track_msgs/msg/detail/dds_fastrtps/cone_array__type_support.cpp.o[0m
[ 42%] [32mBuilding CXX object CMakeFiles/track_msgs__rosidl_typesupport_c.dir/rosidl_typesupport_c/track_msgs/msg/lane_boundary_array__type_support.cpp.o[0m
[ 44%] [32mBuilding CXX object CMakeFiles/track_msgs__rosidl_typesupport_c.dir/rosidl_typesupport_c/track_msgs/msg/cone__type_support.cpp.o[0m
[ 44%] [32mBuilding CXX object CMakeFiles/track_msgs__rosidl_typesupport_c.dir/rosidl_typesupport_c/track_msgs/msg/lane_boundary__type_support.cpp.o[0m
[ 47%] [32mBuilding CXX object CMakeFiles/track_msgs__rosidl_typesupport_fastrtps_cpp.dir/rosidl_typesupport_fastrtps_cpp/track_msgs/msg/detail/dds_fastrtps/cone__type_support.cpp.o[0m
[ 47%] [32mBuilding CXX object CMakeFiles/track_msgs__rosidl_typesupport_fastrtps_cpp.dir/rosidl_typesupport_fastrtps_cpp/track_msgs/msg/detail/dds_fastrtps/lane_boundary_array__type_support.cpp.o[0m
[ 48%] [32mBuilding CXX object CMakeFiles/track_msgs__rosidl_typesupport_fastrtps_cpp.dir/rosidl_typesupport_fastrtps_cpp/track_msgs/msg/detail/dds_fastrtps/planner_status__type_support.cpp.o[0m
[ 49%] [32mBuilding CXX object CMakeFiles/track_msgs__rosidl_typesupport_fastrtps_cpp.dir/rosidl_typesupport_fastrtps_cpp/track_msgs/msg/detail/dds_fastrtps/obstacle_array__type_support.cpp.o[0m
[ 50%] [32mBuilding CXX object CMakeFiles/track_msgs__rosidl_typesupport_c.dir/rosidl_typesupport_c/track_msgs/msg/cone_array__type_support.cpp.o[0m
[ 51%] [32mBuilding CXX object CMakeFiles/track_msgs__rosidl_typesupport_fastrtps_cpp.dir/rosidl_typesupport_fastrtps_cpp/track_msgs/msg/detail/dds_fastrtps/system_state__type_support.cpp.o[0m
[ 52%] [32mBuilding CXX object CMakeFiles/track_msgs__rosidl_typesupport_c.dir/rosidl_typesupport_c/track_msgs/msg/obstacle__type_support.cpp.o[0m
[ 54%] [32mBuilding CXX object CMakeFiles/track_msgs__rosidl_typesupport_c.dir/rosidl_typesupport_c/track_msgs/msg/obstacle_array__type_support.cpp.o[0m
[ 55%] [32mBuilding CXX object CMakeFiles/track_msgs__rosidl_typesupport_c.dir/rosidl_typesupport_c/track_msgs/msg/planner_status__type_support.cpp.o[0m
[ 56%] [32mBuilding CXX object CMakeFiles/track_msgs__rosidl_typesupport_c.dir/rosidl_typesupport_c/track_msgs/msg/system_state__type_support.cpp.o[0m
[ 57%] [32m[1mLinking CXX shared library libtrack_msgs__rosidl_typesupport_c.so[0m
[ 65%] [32mBuilding CXX object CMakeFiles/track_msgs__rosidl_typesupport_fastrtps_c.dir/rosidl_typesupport_fastrtps_c/track_msgs/msg/detail/obstacle__type_support_c.cpp.o[0m
[ 65%] [32mBuilding CXX object CMakeFiles/track_msgs__rosidl_typesupport_fastrtps_c.dir/rosidl_typesupport_fastrtps_c/track_msgs/msg/detail/obstacle_array__type_support_c.cpp.o[0m
[ 65%] [32mBuilding CXX object CMakeFiles/track_msgs__rosidl_typesupport_fastrtps_c.dir/rosidl_typesupport_fastrtps_c/track_msgs/msg/detail/cone_array__type_support_c.cpp.o[0m
[ 65%] [32mBuilding CXX object CMakeFiles/track_msgs__rosidl_typesupport_fastrtps_c.dir/rosidl_typesupport_fastrtps_c/track_msgs/msg/detail/planner_status__type_support_c.cpp.o[0m
[ 65%] [32mBuilding CXX object CMakeFiles/track_msgs__rosidl_typesupport_fastrtps_c.dir/rosidl_typesupport_fastrtps_c/track_msgs/msg/detail/lane_boundary__type_support_c.cpp.o[0m
[ 65%] [32mBuilding CXX object CMakeFiles/track_msgs__rosidl_typesupport_fastrtps_c.dir/rosidl_typesupport_fastrtps_c/track_msgs/msg/detail/lane_boundary_array__type_support_c.cpp.o[0m
[ 65%] [32mBuilding CXX object CMakeFiles/track_msgs__rosidl_typesupport_fastrtps_c.dir/rosidl_typesupport_fastrtps_c/track_msgs/msg/detail/cone__type_support_c.cpp.o[0m
[ 66%] [32m[1mLinking CXX shared library libtrack_msgs__rosidl_typesupport_cpp.so[0m
[ 67%] [32mBuilding CXX object CMakeFiles/track_msgs__rosidl_typesupport_fastrtps_c.dir/rosidl_typesupport_fastrtps_c/track_msgs/msg/detail/system_state__type_support_c.cpp.o[0m
[ 67%] Built target track_msgs__rosidl_typesupport_c
[ 67%] Built target track_msgs__rosidl_typesupport_cpp
[ 71%] [32mBuilding C object CMakeFiles/track_msgs__rosidl_typesupport_introspection_c.dir/rosidl_typesupport_introspection_c/track_msgs/msg/detail/lane_boundary_array__type_support.c.o[0m
[ 71%] [32mBuilding C object CMakeFiles/track_msgs__rosidl_typesupport_introspection_c.dir/rosidl_typesupport_introspection_c/track_msgs/msg/detail/lane_boundary__type_support.c.o[0m
[ 71%] [32mBuilding C object CMakeFiles/track_msgs__rosidl_typesupport_introspection_c.dir/rosidl_typesupport_introspection_c/track_msgs/msg/detail/cone_array__type_support.c.o[0m
[ 72%] [32mBuilding C object CMakeFiles/track_msgs__rosidl_typesupport_introspection_c.dir/rosidl_typesupport_introspection_c/track_msgs/msg/detail/cone__type_support.c.o[0m
[ 73%] [32mBuilding C object CMakeFiles/track_msgs__rosidl_typesupport_introspection_c.dir/rosidl_typesupport_introspection_c/track_msgs/msg/detail/obstacle__type_support.c.o[0m
[ 74%] [32mBuilding C object CMakeFiles/track_msgs__rosidl_typesupport_introspection_c.dir/rosidl_typesupport_introspection_c/track_msgs/msg/detail/obstacle_array__type_support.c.o[0m
[ 75%] [32mBuilding C object CMakeFiles/track_msgs__rosidl_typesupport_introspection_c.dir/rosidl_typesupport_introspection_c/track_msgs/msg/detail/planner_status__type_support.c.o[0m
[ 77%] [32mBuilding C object CMakeFiles/track_msgs__rosidl_typesupport_introspection_c.dir/rosidl_typesupport_introspection_c/track_msgs/msg/detail/system_state__type_support.c.o[0m
[ 78%] [32m[1mLinking C shared library libtrack_msgs__rosidl_typesupport_introspection_c.so[0m
[ 78%] Built target track_msgs__rosidl_typesupport_introspection_c
[ 79%] [32m[1mLinking CXX shared library libtrack_msgs__rosidl_typesupport_introspection_cpp.so[0m
[ 80%] [32m[1mLinking CXX shared library libtrack_msgs__rosidl_typesupport_fastrtps_cpp.so[0m
[ 80%] Built target track_msgs__rosidl_typesupport_fastrtps_cpp
[ 81%] Built target track_msgs__rosidl_typesupport_introspection_cpp
[ 81%] [32m[1mLinking CXX shared library libtrack_msgs__rosidl_typesupport_fastrtps_c.so[0m
[ 81%] Built target track_msgs__rosidl_typesupport_fastrtps_c
[ 81%] Built target track_msgs
[ 82%] [34m[1mGenerating Python code for ROS interfaces[0m
[ 82%] Built target track_msgs__py
[ 83%] [32mBuilding C object CMakeFiles/track_msgs__rosidl_generator_py.dir/rosidl_generator_py/track_msgs/msg/_obstacle_array_s.c.o[0m
[ 85%] [32mBuilding C object CMakeFiles/track_msgs__rosidl_generator_py.dir/rosidl_generator_py/track_msgs/msg/_planner_status_s.c.o[0m
[ 86%] [32mBuilding C object CMakeFiles/track_msgs__rosidl_generator_py.dir/rosidl_generator_py/track_msgs/msg/_obstacle_s.c.o[0m
[ 87%] [32mBuilding C object CMakeFiles/track_msgs__rosidl_generator_py.dir/rosidl_generator_py/track_msgs/msg/_lane_boundary_s.c.o[0m
[ 89%] [32mBuilding C object CMakeFiles/track_msgs__rosidl_generator_py.dir/rosidl_generator_py/track_msgs/msg/_lane_boundary_array_s.c.o[0m
[ 89%] [32mBuilding C object CMakeFiles/track_msgs__rosidl_generator_py.dir/rosidl_generator_py/track_msgs/msg/_cone_s.c.o[0m
[ 90%] [32mBuilding C object CMakeFiles/track_msgs__rosidl_generator_py.dir/rosidl_generator_py/track_msgs/msg/_cone_array_s.c.o[0m
[ 91%] [32mBuilding C object CMakeFiles/track_msgs__rosidl_generator_py.dir/rosidl_generator_py/track_msgs/msg/_system_state_s.c.o[0m
[ 93%] [32m[1mLinking C shared library rosidl_generator_py/track_msgs/libtrack_msgs__rosidl_generator_py.so[0m
[ 93%] Built target track_msgs__rosidl_generator_py
[ 95%] [32mBuilding C object CMakeFiles/track_msgs__rosidl_typesupport_introspection_c__pyext.dir/rosidl_generator_py/track_msgs/_track_msgs_s.ep.rosidl_typesupport_introspection_c.c.o[0m
[ 95%] [32mBuilding C object CMakeFiles/track_msgs__rosidl_typesupport_fastrtps_c__pyext.dir/rosidl_generator_py/track_msgs/_track_msgs_s.ep.rosidl_typesupport_fastrtps_c.c.o[0m
[ 96%] [32mBuilding C object CMakeFiles/track_msgs__rosidl_typesupport_c__pyext.dir/rosidl_generator_py/track_msgs/_track_msgs_s.ep.rosidl_typesupport_c.c.o[0m
[ 97%] [32m[1mLinking C shared library rosidl_generator_py/track_msgs/track_msgs_s__rosidl_typesupport_fastrtps_c.cpython-310-x86_64-linux-gnu.so[0m
[ 98%] [32m[1mLinking C shared library rosidl_generator_py/track_msgs/track_msgs_s__rosidl_typesupport_c.cpython-310-x86_64-linux-gnu.so[0m
[100%] [32m[1mLinking C shared library rosidl_generator_py/track_msgs/track_msgs_s__rosidl_typesupport_introspection_c.cpython-310-x86_64-linux-gnu.so[0m
[100%] Built target track_msgs__rosidl_typesupport_fastrtps_c__pyext
[100%] Built target track_msgs__rosidl_typesupport_c__pyext
[100%] Built target track_msgs__rosidl_typesupport_introspection_c__pyext
-- Install configuration: ""
-- Execute custom install script
-- Symlinking: /home/aiv/ev_ws/planning/install/track_msgs/share/ament_index/resource_index/rosidl_interfaces/track_msgs
-- Symlinking: /home/aiv/ev_ws/planning/install/track_msgs/include/track_msgs/track_msgs/msg/cone.h
-- Symlinking: /home/aiv/ev_ws/planning/install/track_msgs/include/track_msgs/track_msgs/msg/cone_array.h
-- Symlinking: /home/aiv/ev_ws/planning/install/track_msgs/include/track_msgs/track_msgs/msg/detail/cone__functions.h
-- Symlinking: /home/aiv/ev_ws/planning/install/track_msgs/include/track_msgs/track_msgs/msg/detail/cone__struct.h
-- Symlinking: /home/aiv/ev_ws/planning/install/track_msgs/include/track_msgs/track_msgs/msg/detail/cone__type_support.h
-- Symlinking: /home/aiv/ev_ws/planning/install/track_msgs/include/track_msgs/track_msgs/msg/detail/cone_array__functions.h
-- Symlinking: /home/aiv/ev_ws/planning/install/track_msgs/include/track_msgs/track_msgs/msg/detail/cone_array__struct.h
-- Symlinking: /home/aiv/ev_ws/planning/install/track_msgs/include/track_msgs/track_msgs/msg/detail/cone_array__type_support.h
-- Symlinking: /home/aiv/ev_ws/planning/install/track_msgs/include/track_msgs/track_msgs/msg/detail/lane_boundary__functions.h
-- Symlinking: /home/aiv/ev_ws/planning/install/track_msgs/include/track_msgs/track_msgs/msg/detail/lane_boundary__struct.h
-- Symlinking: /home/aiv/ev_ws/planning/install/track_msgs/include/track_msgs/track_msgs/msg/detail/lane_boundary__type_support.h
-- Symlinking: /home/aiv/ev_ws/planning/install/track_msgs/include/track_msgs/track_msgs/msg/detail/lane_boundary_array__functions.h
-- Symlinking: /home/aiv/ev_ws/planning/install/track_msgs/include/track_msgs/track_msgs/msg/detail/lane_boundary_array__struct.h
-- Symlinking: /home/aiv/ev_ws/planning/install/track_msgs/include/track_msgs/track_msgs/msg/detail/lane_boundary_array__type_support.h
-- Symlinking: /home/aiv/ev_ws/planning/install/track_msgs/include/track_msgs/track_msgs/msg/detail/obstacle__functions.h
-- Symlinking: /home/aiv/ev_ws/planning/install/track_msgs/include/track_msgs/track_msgs/msg/detail/obstacle__struct.h
-- Symlinking: /home/aiv/ev_ws/planning/install/track_msgs/include/track_msgs/track_msgs/msg/detail/obstacle__type_support.h
-- Symlinking: /home/aiv/ev_ws/planning/install/track_msgs/include/track_msgs/track_msgs/msg/detail/obstacle_array__functions.h
-- Symlinking: /home/aiv/ev_ws/planning/install/track_msgs/include/track_msgs/track_msgs/msg/detail/obstacle_array__struct.h
-- Symlinking: /home/aiv/ev_ws/planning/install/track_msgs/include/track_msgs/track_msgs/msg/detail/obstacle_array__type_support.h
-- Symlinking: /home/aiv/ev_ws/planning/install/track_msgs/include/track_msgs/track_msgs/msg/detail/planner_status__functions.h
-- Symlinking: /home/aiv/ev_ws/planning/install/track_msgs/include/track_msgs/track_msgs/msg/detail/planner_status__struct.h
-- Symlinking: /home/aiv/ev_ws/planning/install/track_msgs/include/track_msgs/track_msgs/msg/detail/planner_status__type_support.h
-- Symlinking: /home/aiv/ev_ws/planning/install/track_msgs/include/track_msgs/track_msgs/msg/detail/system_state__functions.h
-- Symlinking: /home/aiv/ev_ws/planning/install/track_msgs/include/track_msgs/track_msgs/msg/detail/system_state__struct.h
-- Symlinking: /home/aiv/ev_ws/planning/install/track_msgs/include/track_msgs/track_msgs/msg/detail/system_state__type_support.h
-- Symlinking: /home/aiv/ev_ws/planning/install/track_msgs/include/track_msgs/track_msgs/msg/lane_boundary.h
-- Symlinking: /home/aiv/ev_ws/planning/install/track_msgs/include/track_msgs/track_msgs/msg/lane_boundary_array.h
-- Symlinking: /home/aiv/ev_ws/planning/install/track_msgs/include/track_msgs/track_msgs/msg/obstacle.h
-- Symlinking: /home/aiv/ev_ws/planning/install/track_msgs/include/track_msgs/track_msgs/msg/obstacle_array.h
-- Symlinking: /home/aiv/ev_ws/planning/install/track_msgs/include/track_msgs/track_msgs/msg/planner_status.h
-- Symlinking: /home/aiv/ev_ws/planning/install/track_msgs/include/track_msgs/track_msgs/msg/rosidl_generator_c__visibility_control.h
-- Symlinking: /home/aiv/ev_ws/planning/install/track_msgs/include/track_msgs/track_msgs/msg/system_state.h
-- Symlinking: /home/aiv/ev_ws/planning/install/track_msgs/share/track_msgs/environment/library_path.sh
-- Symlinking: /home/aiv/ev_ws/planning/install/track_msgs/share/track_msgs/environment/library_path.dsv
-- Symlinking: /home/aiv/ev_ws/planning/install/track_msgs/include/track_msgs/track_msgs/msg/detail/cone__rosidl_typesupport_fastrtps_c.h
-- Symlinking: /home/aiv/ev_ws/planning/install/track_msgs/include/track_msgs/track_msgs/msg/detail/cone_array__rosidl_typesupport_fastrtps_c.h
-- Symlinking: /home/aiv/ev_ws/planning/install/track_msgs/include/track_msgs/track_msgs/msg/detail/lane_boundary__rosidl_typesupport_fastrtps_c.h
-- Symlinking: /home/aiv/ev_ws/planning/install/track_msgs/include/track_msgs/track_msgs/msg/detail/lane_boundary_array__rosidl_typesupport_fastrtps_c.h
-- Symlinking: /home/aiv/ev_ws/planning/install/track_msgs/include/track_msgs/track_msgs/msg/detail/obstacle__rosidl_typesupport_fastrtps_c.h
-- Symlinking: /home/aiv/ev_ws/planning/install/track_msgs/include/track_msgs/track_msgs/msg/detail/obstacle_array__rosidl_typesupport_fastrtps_c.h
-- Symlinking: /home/aiv/ev_ws/planning/install/track_msgs/include/track_msgs/track_msgs/msg/detail/planner_status__rosidl_typesupport_fastrtps_c.h
-- Symlinking: /home/aiv/ev_ws/planning/install/track_msgs/include/track_msgs/track_msgs/msg/detail/system_state__rosidl_typesupport_fastrtps_c.h
-- Symlinking: /home/aiv/ev_ws/planning/install/track_msgs/include/track_msgs/track_msgs/msg/rosidl_typesupport_fastrtps_c__visibility_control.h
-- Symlinking: /home/aiv/ev_ws/planning/install/track_msgs/include/track_msgs/track_msgs/msg/detail/cone__rosidl_typesupport_introspection_c.h
-- Symlinking: /home/aiv/ev_ws/planning/install/track_msgs/include/track_msgs/track_msgs/msg/detail/cone_array__rosidl_typesupport_introspection_c.h
-- Symlinking: /home/aiv/ev_ws/planning/install/track_msgs/include/track_msgs/track_msgs/msg/detail/lane_boundary__rosidl_typesupport_introspection_c.h
-- Symlinking: /home/aiv/ev_ws/planning/install/track_msgs/include/track_msgs/track_msgs/msg/detail/lane_boundary_array__rosidl_typesupport_introspection_c.h
-- Symlinking: /home/aiv/ev_ws/planning/install/track_msgs/include/track_msgs/track_msgs/msg/detail/obstacle__rosidl_typesupport_introspection_c.h
-- Symlinking: /home/aiv/ev_ws/planning/install/track_msgs/include/track_msgs/track_msgs/msg/detail/obstacle_array__rosidl_typesupport_introspection_c.h
-- Symlinking: /home/aiv/ev_ws/planning/install/track_msgs/include/track_msgs/track_msgs/msg/detail/planner_status__rosidl_typesupport_introspection_c.h
-- Symlinking: /home/aiv/ev_ws/planning/install/track_msgs/include/track_msgs/track_msgs/msg/detail/system_state__rosidl_typesupport_introspection_c.h
-- Symlinking: /home/aiv/ev_ws/planning/install/track_msgs/include/track_msgs/track_msgs/msg/rosidl_typesupport_introspection_c__visibility_control.h
-- Symlinking: /home/aiv/ev_ws/planning/install/track_msgs/include/track_msgs/track_msgs/msg/cone.hpp
-- Symlinking: /home/aiv/ev_ws/planning/install/track_msgs/include/track_msgs/track_msgs/msg/cone_array.hpp
-- Symlinking: /home/aiv/ev_ws/planning/install/track_msgs/include/track_msgs/track_msgs/msg/detail/cone__builder.hpp
-- Symlinking: /home/aiv/ev_ws/planning/install/track_msgs/include/track_msgs/track_msgs/msg/detail/cone__struct.hpp
-- Symlinking: /home/aiv/ev_ws/planning/install/track_msgs/include/track_msgs/track_msgs/msg/detail/cone__traits.hpp
-- Symlinking: /home/aiv/ev_ws/planning/install/track_msgs/include/track_msgs/track_msgs/msg/detail/cone__type_support.hpp
-- Symlinking: /home/aiv/ev_ws/planning/install/track_msgs/include/track_msgs/track_msgs/msg/detail/cone_array__builder.hpp
-- Symlinking: /home/aiv/ev_ws/planning/install/track_msgs/include/track_msgs/track_msgs/msg/detail/cone_array__struct.hpp
-- Symlinking: /home/aiv/ev_ws/planning/install/track_msgs/include/track_msgs/track_msgs/msg/detail/cone_array__traits.hpp
-- Symlinking: /home/aiv/ev_ws/planning/install/track_msgs/include/track_msgs/track_msgs/msg/detail/cone_array__type_support.hpp
-- Symlinking: /home/aiv/ev_ws/planning/install/track_msgs/include/track_msgs/track_msgs/msg/detail/lane_boundary__builder.hpp
-- Symlinking: /home/aiv/ev_ws/planning/install/track_msgs/include/track_msgs/track_msgs/msg/detail/lane_boundary__struct.hpp
-- Symlinking: /home/aiv/ev_ws/planning/install/track_msgs/include/track_msgs/track_msgs/msg/detail/lane_boundary__traits.hpp
-- Symlinking: /home/aiv/ev_ws/planning/install/track_msgs/include/track_msgs/track_msgs/msg/detail/lane_boundary__type_support.hpp
-- Symlinking: /home/aiv/ev_ws/planning/install/track_msgs/include/track_msgs/track_msgs/msg/detail/lane_boundary_array__builder.hpp
-- Symlinking: /home/aiv/ev_ws/planning/install/track_msgs/include/track_msgs/track_msgs/msg/detail/lane_boundary_array__struct.hpp
-- Symlinking: /home/aiv/ev_ws/planning/install/track_msgs/include/track_msgs/track_msgs/msg/detail/lane_boundary_array__traits.hpp
-- Symlinking: /home/aiv/ev_ws/planning/install/track_msgs/include/track_msgs/track_msgs/msg/detail/lane_boundary_array__type_support.hpp
-- Symlinking: /home/aiv/ev_ws/planning/install/track_msgs/include/track_msgs/track_msgs/msg/detail/obstacle__builder.hpp
-- Symlinking: /home/aiv/ev_ws/planning/install/track_msgs/include/track_msgs/track_msgs/msg/detail/obstacle__struct.hpp
-- Symlinking: /home/aiv/ev_ws/planning/install/track_msgs/include/track_msgs/track_msgs/msg/detail/obstacle__traits.hpp
-- Symlinking: /home/aiv/ev_ws/planning/install/track_msgs/include/track_msgs/track_msgs/msg/detail/obstacle__type_support.hpp
-- Symlinking: /home/aiv/ev_ws/planning/install/track_msgs/include/track_msgs/track_msgs/msg/detail/obstacle_array__builder.hpp
-- Symlinking: /home/aiv/ev_ws/planning/install/track_msgs/include/track_msgs/track_msgs/msg/detail/obstacle_array__struct.hpp
-- Symlinking: /home/aiv/ev_ws/planning/install/track_msgs/include/track_msgs/track_msgs/msg/detail/obstacle_array__traits.hpp
-- Symlinking: /home/aiv/ev_ws/planning/install/track_msgs/include/track_msgs/track_msgs/msg/detail/obstacle_array__type_support.hpp
-- Symlinking: /home/aiv/ev_ws/planning/install/track_msgs/include/track_msgs/track_msgs/msg/detail/planner_status__builder.hpp
-- Symlinking: /home/aiv/ev_ws/planning/install/track_msgs/include/track_msgs/track_msgs/msg/detail/planner_status__struct.hpp
-- Symlinking: /home/aiv/ev_ws/planning/install/track_msgs/include/track_msgs/track_msgs/msg/detail/planner_status__traits.hpp
-- Symlinking: /home/aiv/ev_ws/planning/install/track_msgs/include/track_msgs/track_msgs/msg/detail/planner_status__type_support.hpp
-- Symlinking: /home/aiv/ev_ws/planning/install/track_msgs/include/track_msgs/track_msgs/msg/detail/system_state__builder.hpp
-- Symlinking: /home/aiv/ev_ws/planning/install/track_msgs/include/track_msgs/track_msgs/msg/detail/system_state__struct.hpp
-- Symlinking: /home/aiv/ev_ws/planning/install/track_msgs/include/track_msgs/track_msgs/msg/detail/system_state__traits.hpp
-- Symlinking: /home/aiv/ev_ws/planning/install/track_msgs/include/track_msgs/track_msgs/msg/detail/system_state__type_support.hpp
-- Symlinking: /home/aiv/ev_ws/planning/install/track_msgs/include/track_msgs/track_msgs/msg/lane_boundary.hpp
-- Symlinking: /home/aiv/ev_ws/planning/install/track_msgs/include/track_msgs/track_msgs/msg/lane_boundary_array.hpp
-- Symlinking: /home/aiv/ev_ws/planning/install/track_msgs/include/track_msgs/track_msgs/msg/obstacle.hpp
-- Symlinking: /home/aiv/ev_ws/planning/install/track_msgs/include/track_msgs/track_msgs/msg/obstacle_array.hpp
-- Symlinking: /home/aiv/ev_ws/planning/install/track_msgs/include/track_msgs/track_msgs/msg/planner_status.hpp
-- Symlinking: /home/aiv/ev_ws/planning/install/track_msgs/include/track_msgs/track_msgs/msg/rosidl_generator_cpp__visibility_control.hpp
-- Symlinking: /home/aiv/ev_ws/planning/install/track_msgs/include/track_msgs/track_msgs/msg/system_state.hpp
-- Symlinking: /home/aiv/ev_ws/planning/install/track_msgs/include/track_msgs/track_msgs/msg/detail/cone__rosidl_typesupport_fastrtps_cpp.hpp
-- Symlinking: /home/aiv/ev_ws/planning/install/track_msgs/include/track_msgs/track_msgs/msg/detail/cone_array__rosidl_typesupport_fastrtps_cpp.hpp
-- Symlinking: /home/aiv/ev_ws/planning/install/track_msgs/include/track_msgs/track_msgs/msg/detail/lane_boundary__rosidl_typesupport_fastrtps_cpp.hpp
-- Symlinking: /home/aiv/ev_ws/planning/install/track_msgs/include/track_msgs/track_msgs/msg/detail/lane_boundary_array__rosidl_typesupport_fastrtps_cpp.hpp
-- Symlinking: /home/aiv/ev_ws/planning/install/track_msgs/include/track_msgs/track_msgs/msg/detail/obstacle__rosidl_typesupport_fastrtps_cpp.hpp
-- Symlinking: /home/aiv/ev_ws/planning/install/track_msgs/include/track_msgs/track_msgs/msg/detail/obstacle_array__rosidl_typesupport_fastrtps_cpp.hpp
-- Symlinking: /home/aiv/ev_ws/planning/install/track_msgs/include/track_msgs/track_msgs/msg/detail/planner_status__rosidl_typesupport_fastrtps_cpp.hpp
-- Symlinking: /home/aiv/ev_ws/planning/install/track_msgs/include/track_msgs/track_msgs/msg/detail/system_state__rosidl_typesupport_fastrtps_cpp.hpp
-- Symlinking: /home/aiv/ev_ws/planning/install/track_msgs/include/track_msgs/track_msgs/msg/rosidl_typesupport_fastrtps_cpp__visibility_control.h
-- Symlinking: /home/aiv/ev_ws/planning/install/track_msgs/include/track_msgs/track_msgs/msg/detail/cone__rosidl_typesupport_introspection_cpp.hpp
-- Symlinking: /home/aiv/ev_ws/planning/install/track_msgs/include/track_msgs/track_msgs/msg/detail/cone_array__rosidl_typesupport_introspection_cpp.hpp
-- Symlinking: /home/aiv/ev_ws/planning/install/track_msgs/include/track_msgs/track_msgs/msg/detail/lane_boundary__rosidl_typesupport_introspection_cpp.hpp
-- Symlinking: /home/aiv/ev_ws/planning/install/track_msgs/include/track_msgs/track_msgs/msg/detail/lane_boundary_array__rosidl_typesupport_introspection_cpp.hpp
-- Symlinking: /home/aiv/ev_ws/planning/install/track_msgs/include/track_msgs/track_msgs/msg/detail/obstacle__rosidl_typesupport_introspection_cpp.hpp
-- Symlinking: /home/aiv/ev_ws/planning/install/track_msgs/include/track_msgs/track_msgs/msg/detail/obstacle_array__rosidl_typesupport_introspection_cpp.hpp
-- Symlinking: /home/aiv/ev_ws/planning/install/track_msgs/include/track_msgs/track_msgs/msg/detail/planner_status__rosidl_typesupport_introspection_cpp.hpp
-- Symlinking: /home/aiv/ev_ws/planning/install/track_msgs/include/track_msgs/track_msgs/msg/detail/system_state__rosidl_typesupport_introspection_cpp.hpp
-- Symlinking: /home/aiv/ev_ws/planning/install/track_msgs/share/track_msgs/environment/pythonpath.sh
-- Symlinking: /home/aiv/ev_ws/planning/install/track_msgs/share/track_msgs/environment/pythonpath.dsv
-- Symlinking: /home/aiv/ev_ws/planning/install/track_msgs/local/lib/python3.10/dist-packages/track_msgs-0.1.0-py3.10.egg-info/PKG-INFO
-- Symlinking: /home/aiv/ev_ws/planning/install/track_msgs/local/lib/python3.10/dist-packages/track_msgs-0.1.0-py3.10.egg-info/SOURCES.txt
-- Symlinking: /home/aiv/ev_ws/planning/install/track_msgs/local/lib/python3.10/dist-packages/track_msgs-0.1.0-py3.10.egg-info/dependency_links.txt
-- Symlinking: /home/aiv/ev_ws/planning/install/track_msgs/local/lib/python3.10/dist-packages/track_msgs-0.1.0-py3.10.egg-info/top_level.txt
-- Symlinking: /home/aiv/ev_ws/planning/install/track_msgs/local/lib/python3.10/dist-packages/track_msgs/__init__.py
-- Symlinking: /home/aiv/ev_ws/planning/install/track_msgs/local/lib/python3.10/dist-packages/track_msgs/_track_msgs_s.ep.rosidl_typesupport_c.c
-- Symlinking: /home/aiv/ev_ws/planning/install/track_msgs/local/lib/python3.10/dist-packages/track_msgs/_track_msgs_s.ep.rosidl_typesupport_fastrtps_c.c
-- Symlinking: /home/aiv/ev_ws/planning/install/track_msgs/local/lib/python3.10/dist-packages/track_msgs/_track_msgs_s.ep.rosidl_typesupport_introspection_c.c
-- Symlinking: /home/aiv/ev_ws/planning/install/track_msgs/local/lib/python3.10/dist-packages/track_msgs/libtrack_msgs__rosidl_generator_py.so
-- Symlinking: /home/aiv/ev_ws/planning/install/track_msgs/local/lib/python3.10/dist-packages/track_msgs/msg/__init__.py
-- Symlinking: /home/aiv/ev_ws/planning/install/track_msgs/local/lib/python3.10/dist-packages/track_msgs/msg/_cone.py
-- Symlinking: /home/aiv/ev_ws/planning/install/track_msgs/local/lib/python3.10/dist-packages/track_msgs/msg/_cone_array.py
-- Symlinking: /home/aiv/ev_ws/planning/install/track_msgs/local/lib/python3.10/dist-packages/track_msgs/msg/_cone_array_s.c
-- Symlinking: /home/aiv/ev_ws/planning/install/track_msgs/local/lib/python3.10/dist-packages/track_msgs/msg/_cone_s.c
-- Symlinking: /home/aiv/ev_ws/planning/install/track_msgs/local/lib/python3.10/dist-packages/track_msgs/msg/_lane_boundary.py
-- Symlinking: /home/aiv/ev_ws/planning/install/track_msgs/local/lib/python3.10/dist-packages/track_msgs/msg/_lane_boundary_array.py
-- Symlinking: /home/aiv/ev_ws/planning/install/track_msgs/local/lib/python3.10/dist-packages/track_msgs/msg/_lane_boundary_array_s.c
-- Symlinking: /home/aiv/ev_ws/planning/install/track_msgs/local/lib/python3.10/dist-packages/track_msgs/msg/_lane_boundary_s.c
-- Symlinking: /home/aiv/ev_ws/planning/install/track_msgs/local/lib/python3.10/dist-packages/track_msgs/msg/_obstacle.py
-- Symlinking: /home/aiv/ev_ws/planning/install/track_msgs/local/lib/python3.10/dist-packages/track_msgs/msg/_obstacle_array.py
-- Symlinking: /home/aiv/ev_ws/planning/install/track_msgs/local/lib/python3.10/dist-packages/track_msgs/msg/_obstacle_array_s.c
-- Symlinking: /home/aiv/ev_ws/planning/install/track_msgs/local/lib/python3.10/dist-packages/track_msgs/msg/_obstacle_s.c
-- Symlinking: /home/aiv/ev_ws/planning/install/track_msgs/local/lib/python3.10/dist-packages/track_msgs/msg/_planner_status.py
-- Symlinking: /home/aiv/ev_ws/planning/install/track_msgs/local/lib/python3.10/dist-packages/track_msgs/msg/_planner_status_s.c
-- Symlinking: /home/aiv/ev_ws/planning/install/track_msgs/local/lib/python3.10/dist-packages/track_msgs/msg/_system_state.py
-- Symlinking: /home/aiv/ev_ws/planning/install/track_msgs/local/lib/python3.10/dist-packages/track_msgs/msg/_system_state_s.c
-- Symlinking: /home/aiv/ev_ws/planning/install/track_msgs/local/lib/python3.10/dist-packages/track_msgs/track_msgs_s__rosidl_typesupport_c.cpython-310-x86_64-linux-gnu.so
-- Symlinking: /home/aiv/ev_ws/planning/install/track_msgs/local/lib/python3.10/dist-packages/track_msgs/track_msgs_s__rosidl_typesupport_fastrtps_c.cpython-310-x86_64-linux-gnu.so
-- Symlinking: /home/aiv/ev_ws/planning/install/track_msgs/local/lib/python3.10/dist-packages/track_msgs/track_msgs_s__rosidl_typesupport_introspection_c.cpython-310-x86_64-linux-gnu.so
-- Up-to-date symlink: /home/aiv/ev_ws/planning/install/track_msgs/local/lib/python3.10/dist-packages/track_msgs/track_msgs_s__rosidl_typesupport_fastrtps_c.cpython-310-x86_64-linux-gnu.so
-- Up-to-date symlink: /home/aiv/ev_ws/planning/install/track_msgs/local/lib/python3.10/dist-packages/track_msgs/track_msgs_s__rosidl_typesupport_introspection_c.cpython-310-x86_64-linux-gnu.so
-- Up-to-date symlink: /home/aiv/ev_ws/planning/install/track_msgs/local/lib/python3.10/dist-packages/track_msgs/track_msgs_s__rosidl_typesupport_c.cpython-310-x86_64-linux-gnu.so
-- Symlinking: /home/aiv/ev_ws/planning/install/track_msgs/share/track_msgs/msg/LaneBoundary.idl
-- Symlinking: /home/aiv/ev_ws/planning/install/track_msgs/share/track_msgs/msg/LaneBoundaryArray.idl
-- Symlinking: /home/aiv/ev_ws/planning/install/track_msgs/share/track_msgs/msg/Cone.idl
-- Symlinking: /home/aiv/ev_ws/planning/install/track_msgs/share/track_msgs/msg/ConeArray.idl
-- Symlinking: /home/aiv/ev_ws/planning/install/track_msgs/share/track_msgs/msg/Obstacle.idl
-- Symlinking: /home/aiv/ev_ws/planning/install/track_msgs/share/track_msgs/msg/ObstacleArray.idl
-- Symlinking: /home/aiv/ev_ws/planning/install/track_msgs/share/track_msgs/msg/PlannerStatus.idl
-- Symlinking: /home/aiv/ev_ws/planning/install/track_msgs/share/track_msgs/msg/SystemState.idl
-- Symlinking: /home/aiv/ev_ws/planning/install/track_msgs/share/track_msgs/msg/LaneBoundary.msg
-- Symlinking: /home/aiv/ev_ws/planning/install/track_msgs/share/track_msgs/msg/LaneBoundaryArray.msg
-- Symlinking: /home/aiv/ev_ws/planning/install/track_msgs/share/track_msgs/msg/Cone.msg
-- Symlinking: /home/aiv/ev_ws/planning/install/track_msgs/share/track_msgs/msg/ConeArray.msg
-- Symlinking: /home/aiv/ev_ws/planning/install/track_msgs/share/track_msgs/msg/Obstacle.msg
-- Symlinking: /home/aiv/ev_ws/planning/install/track_msgs/share/track_msgs/msg/ObstacleArray.msg
-- Symlinking: /home/aiv/ev_ws/planning/install/track_msgs/share/track_msgs/msg/PlannerStatus.msg
-- Symlinking: /home/aiv/ev_ws/planning/install/track_msgs/share/track_msgs/msg/SystemState.msg
-- Symlinking: /home/aiv/ev_ws/planning/install/track_msgs/share/ament_index/resource_index/package_run_dependencies/track_msgs
-- Symlinking: /home/aiv/ev_ws/planning/install/track_msgs/share/ament_index/resource_index/parent_prefix_path/track_msgs
-- Symlinking: /home/aiv/ev_ws/planning/install/track_msgs/share/track_msgs/environment/ament_prefix_path.sh
-- Symlinking: /home/aiv/ev_ws/planning/install/track_msgs/share/track_msgs/environment/ament_prefix_path.dsv
-- Symlinking: /home/aiv/ev_ws/planning/install/track_msgs/share/track_msgs/environment/path.sh
-- Symlinking: /home/aiv/ev_ws/planning/install/track_msgs/share/track_msgs/environment/path.dsv
-- Symlinking: /home/aiv/ev_ws/planning/install/track_msgs/share/track_msgs/local_setup.bash
-- Symlinking: /home/aiv/ev_ws/planning/install/track_msgs/share/track_msgs/local_setup.sh
-- Symlinking: /home/aiv/ev_ws/planning/install/track_msgs/share/track_msgs/local_setup.zsh
-- Symlinking: /home/aiv/ev_ws/planning/install/track_msgs/share/track_msgs/local_setup.dsv
-- Symlinking: /home/aiv/ev_ws/planning/install/track_msgs/share/track_msgs/package.dsv
-- Symlinking: /home/aiv/ev_ws/planning/install/track_msgs/share/ament_index/resource_index/packages/track_msgs
-- Symlinking: /home/aiv/ev_ws/planning/install/track_msgs/share/track_msgs/cmake/rosidl_cmake-extras.cmake
-- Symlinking: /home/aiv/ev_ws/planning/install/track_msgs/share/track_msgs/cmake/ament_cmake_export_dependencies-extras.cmake
-- Symlinking: /home/aiv/ev_ws/planning/install/track_msgs/share/track_msgs/cmake/ament_cmake_export_include_directories-extras.cmake
-- Symlinking: /home/aiv/ev_ws/planning/install/track_msgs/share/track_msgs/cmake/ament_cmake_export_libraries-extras.cmake
-- Symlinking: /home/aiv/ev_ws/planning/install/track_msgs/share/track_msgs/cmake/ament_cmake_export_targets-extras.cmake
-- Symlinking: /home/aiv/ev_ws/planning/install/track_msgs/share/track_msgs/cmake/rosidl_cmake_export_typesupport_targets-extras.cmake
-- Symlinking: /home/aiv/ev_ws/planning/install/track_msgs/share/track_msgs/cmake/rosidl_cmake_export_typesupport_libraries-extras.cmake
-- Symlinking: /home/aiv/ev_ws/planning/install/track_msgs/share/track_msgs/cmake/track_msgsConfig.cmake
-- Symlinking: /home/aiv/ev_ws/planning/install/track_msgs/share/track_msgs/cmake/track_msgsConfig-version.cmake
-- Symlinking: /home/aiv/ev_ws/planning/install/track_msgs/share/track_msgs/package.xml
-- Installing: /home/aiv/ev_ws/planning/install/track_msgs/lib/libtrack_msgs__rosidl_generator_c.so
-- Set runtime path of "/home/aiv/ev_ws/planning/install/track_msgs/lib/libtrack_msgs__rosidl_generator_c.so" to ""
-- Installing: /home/aiv/ev_ws/planning/install/track_msgs/lib/libtrack_msgs__rosidl_typesupport_fastrtps_c.so
-- Set runtime path of "/home/aiv/ev_ws/planning/install/track_msgs/lib/libtrack_msgs__rosidl_typesupport_fastrtps_c.so" to ""
-- Installing: /home/aiv/ev_ws/planning/install/track_msgs/lib/libtrack_msgs__rosidl_typesupport_introspection_c.so
-- Set runtime path of "/home/aiv/ev_ws/planning/install/track_msgs/lib/libtrack_msgs__rosidl_typesupport_introspection_c.so" to ""
-- Installing: /home/aiv/ev_ws/planning/install/track_msgs/lib/libtrack_msgs__rosidl_typesupport_c.so
-- Set runtime path of "/home/aiv/ev_ws/planning/install/track_msgs/lib/libtrack_msgs__rosidl_typesupport_c.so" to ""
-- Installing: /home/aiv/ev_ws/planning/install/track_msgs/lib/libtrack_msgs__rosidl_typesupport_fastrtps_cpp.so
-- Set runtime path of "/home/aiv/ev_ws/planning/install/track_msgs/lib/libtrack_msgs__rosidl_typesupport_fastrtps_cpp.so" to ""
-- Installing: /home/aiv/ev_ws/planning/install/track_msgs/lib/libtrack_msgs__rosidl_typesupport_introspection_cpp.so
-- Set runtime path of "/home/aiv/ev_ws/planning/install/track_msgs/lib/libtrack_msgs__rosidl_typesupport_introspection_cpp.so" to ""
-- Installing: /home/aiv/ev_ws/planning/install/track_msgs/lib/libtrack_msgs__rosidl_typesupport_cpp.so
-- Set runtime path of "/home/aiv/ev_ws/planning/install/track_msgs/lib/libtrack_msgs__rosidl_typesupport_cpp.so" to ""
Listing '/home/aiv/ev_ws/planning/install/track_msgs/local/lib/python3.10/dist-packages/track_msgs'...
Compiling '/home/aiv/ev_ws/planning/install/track_msgs/local/lib/python3.10/dist-packages/track_msgs/__init__.py'...
Listing '/home/aiv/ev_ws/planning/install/track_msgs/local/lib/python3.10/dist-packages/track_msgs/msg'...
Compiling '/home/aiv/ev_ws/planning/install/track_msgs/local/lib/python3.10/dist-packages/track_msgs/msg/__init__.py'...
Compiling '/home/aiv/ev_ws/planning/install/track_msgs/local/lib/python3.10/dist-packages/track_msgs/msg/_cone.py'...
Compiling '/home/aiv/ev_ws/planning/install/track_msgs/local/lib/python3.10/dist-packages/track_msgs/msg/_cone_array.py'...
Compiling '/home/aiv/ev_ws/planning/install/track_msgs/local/lib/python3.10/dist-packages/track_msgs/msg/_lane_boundary.py'...
Compiling '/home/aiv/ev_ws/planning/install/track_msgs/local/lib/python3.10/dist-packages/track_msgs/msg/_lane_boundary_array.py'...
Compiling '/home/aiv/ev_ws/planning/install/track_msgs/local/lib/python3.10/dist-packages/track_msgs/msg/_obstacle.py'...
Compiling '/home/aiv/ev_ws/planning/install/track_msgs/local/lib/python3.10/dist-packages/track_msgs/msg/_obstacle_array.py'...
Compiling '/home/aiv/ev_ws/planning/install/track_msgs/local/lib/python3.10/dist-packages/track_msgs/msg/_planner_status.py'...
Compiling '/home/aiv/ev_ws/planning/install/track_msgs/local/lib/python3.10/dist-packages/track_msgs/msg/_system_state.py'...
-- Installing: /home/aiv/ev_ws/planning/install/track_msgs/lib/libtrack_msgs__rosidl_generator_py.so
-- Set runtime path of "/home/aiv/ev_ws/planning/install/track_msgs/lib/libtrack_msgs__rosidl_generator_py.so" to ""
-- Installing: /home/aiv/ev_ws/planning/install/track_msgs/share/track_msgs/cmake/export_track_msgs__rosidl_generator_cExport.cmake
-- Installing: /home/aiv/ev_ws/planning/install/track_msgs/share/track_msgs/cmake/export_track_msgs__rosidl_generator_cExport-noconfig.cmake
-- Installing: /home/aiv/ev_ws/planning/install/track_msgs/share/track_msgs/cmake/export_track_msgs__rosidl_typesupport_fastrtps_cExport.cmake
-- Installing: /home/aiv/ev_ws/planning/install/track_msgs/share/track_msgs/cmake/export_track_msgs__rosidl_typesupport_fastrtps_cExport-noconfig.cmake
-- Installing: /home/aiv/ev_ws/planning/install/track_msgs/share/track_msgs/cmake/track_msgs__rosidl_typesupport_introspection_cExport.cmake
-- Installing: /home/aiv/ev_ws/planning/install/track_msgs/share/track_msgs/cmake/track_msgs__rosidl_typesupport_introspection_cExport-noconfig.cmake
-- Installing: /home/aiv/ev_ws/planning/install/track_msgs/share/track_msgs/cmake/track_msgs__rosidl_typesupport_cExport.cmake
-- Installing: /home/aiv/ev_ws/planning/install/track_msgs/share/track_msgs/cmake/track_msgs__rosidl_typesupport_cExport-noconfig.cmake
-- Installing: /home/aiv/ev_ws/planning/install/track_msgs/share/track_msgs/cmake/export_track_msgs__rosidl_generator_cppExport.cmake
-- Installing: /home/aiv/ev_ws/planning/install/track_msgs/share/track_msgs/cmake/export_track_msgs__rosidl_typesupport_fastrtps_cppExport.cmake
-- Installing: /home/aiv/ev_ws/planning/install/track_msgs/share/track_msgs/cmake/export_track_msgs__rosidl_typesupport_fastrtps_cppExport-noconfig.cmake
-- Installing: /home/aiv/ev_ws/planning/install/track_msgs/share/track_msgs/cmake/track_msgs__rosidl_typesupport_introspection_cppExport.cmake
-- Installing: /home/aiv/ev_ws/planning/install/track_msgs/share/track_msgs/cmake/track_msgs__rosidl_typesupport_introspection_cppExport-noconfig.cmake
-- Installing: /home/aiv/ev_ws/planning/install/track_msgs/share/track_msgs/cmake/track_msgs__rosidl_typesupport_cppExport.cmake
-- Installing: /home/aiv/ev_ws/planning/install/track_msgs/share/track_msgs/cmake/track_msgs__rosidl_typesupport_cppExport-noconfig.cmake
-- Installing: /home/aiv/ev_ws/planning/install/track_msgs/share/track_msgs/cmake/export_track_msgs__rosidl_generator_pyExport.cmake
-- Installing: /home/aiv/ev_ws/planning/install/track_msgs/share/track_msgs/cmake/export_track_msgs__rosidl_generator_pyExport-noconfig.cmake
