[0.409s] Invoking command in '/home/woonggook/ev_ws/src/lane_seg': PYTHONPATH=/home/woonggook/ev_ws/build/lane_seg/prefix_override:/usr/lib/python3/dist-packages/colcon_core/task/python/colcon_distutils_commands:/home/woonggook/ev_ws/install/lane_seg/lib/python3.10/site-packages:${PYTHONPATH} /usr/bin/python3 -W ignore:setup.py install is deprecated -W ignore:easy_install command is deprecated setup.py egg_info --egg-base ../../build/lane_seg build --build-base /home/woonggook/ev_ws/build/lane_seg/build install --record /home/woonggook/ev_ws/build/lane_seg/install.log --single-version-externally-managed install_data
[0.563s] running egg_info
[0.564s] writing ../../build/lane_seg/lane_seg.egg-info/PKG-INFO
[0.564s] writing dependency_links to ../../build/lane_seg/lane_seg.egg-info/dependency_links.txt
[0.564s] writing entry points to ../../build/lane_seg/lane_seg.egg-info/entry_points.txt
[0.564s] writing requirements to ../../build/lane_seg/lane_seg.egg-info/requires.txt
[0.564s] writing top-level names to ../../build/lane_seg/lane_seg.egg-info/top_level.txt
[0.565s] reading manifest file '../../build/lane_seg/lane_seg.egg-info/SOURCES.txt'
[0.565s] writing manifest file '../../build/lane_seg/lane_seg.egg-info/SOURCES.txt'
[0.565s] running build
[0.566s] running build_py
[0.566s] copying lane_seg/yolo_seg_node.py -> /home/woonggook/ev_ws/build/lane_seg/build/lib/lane_seg
[0.566s] running install
[0.566s] running install_lib
[0.566s] copying /home/woonggook/ev_ws/build/lane_seg/build/lib/lane_seg/yolo_seg_node.py -> /home/woonggook/ev_ws/install/lane_seg/lib/python3.10/site-packages/lane_seg
[0.567s] byte-compiling /home/woonggook/ev_ws/install/lane_seg/lib/python3.10/site-packages/lane_seg/yolo_seg_node.py to yolo_seg_node.cpython-310.pyc
[0.567s] running install_data
[0.567s] running install_egg_info
[0.568s] removing '/home/woonggook/ev_ws/install/lane_seg/lib/python3.10/site-packages/lane_seg-0.0.0-py3.10.egg-info' (and everything under it)
[0.569s] Copying ../../build/lane_seg/lane_seg.egg-info to /home/woonggook/ev_ws/install/lane_seg/lib/python3.10/site-packages/lane_seg-0.0.0-py3.10.egg-info
[0.569s] running install_scripts
[0.581s] Installing bev_node script to /home/woonggook/ev_ws/install/lane_seg/lib/lane_seg
[0.582s] Installing yolo_seg script to /home/woonggook/ev_ws/install/lane_seg/lib/lane_seg
[0.582s] writing list of installed files to '/home/woonggook/ev_ws/build/lane_seg/install.log'
[0.597s] Invoked command in '/home/woonggook/ev_ws/src/lane_seg' returned '0': PYTHONPATH=/home/woonggook/ev_ws/build/lane_seg/prefix_override:/usr/lib/python3/dist-packages/colcon_core/task/python/colcon_distutils_commands:/home/woonggook/ev_ws/install/lane_seg/lib/python3.10/site-packages:${PYTHONPATH} /usr/bin/python3 -W ignore:setup.py install is deprecated -W ignore:easy_install command is deprecated setup.py egg_info --egg-base ../../build/lane_seg build --build-base /home/woonggook/ev_ws/build/lane_seg/build install --record /home/woonggook/ev_ws/build/lane_seg/install.log --single-version-externally-managed install_data
