Consolidate compiler generated dependencies of target track_planning_costmap
Consolidate compiler generated dependencies of target track_planning_corridor
Consolidate compiler generated dependencies of target track_planning_planner
[ 10%] Built target track_planning_postprocess
[ 15%] Building CXX object CMakeFiles/track_planning_planner.dir/src/goal/goal_selector.cpp.o
[ 21%] Building CXX object CMakeFiles/track_planning_corridor.dir/src/corridor/pair_validator.cpp.o
[ 26%] Building CXX object CMakeFiles/track_planning_corridor.dir/src/corridor/corridor_builder.cpp.o
[ 36%] Built target local_planner_node_exe
[ 42%] Building CXX object CMakeFiles/track_planning_corridor.dir/src/corridor/virtual_boundary.cpp.o
[ 47%] Building CXX object CMakeFiles/track_planning_costmap.dir/src/costmap/drivable_mask_scanline.cpp.o
[ 52%] Building CXX object CMakeFiles/track_planning_costmap.dir/src/costmap/costmap_validation_builder.cpp.o
[ 57%] Linking CXX shared library libtrack_planning_planner.so
[ 63%] Linking CXX shared library libtrack_planning_costmap.so
[ 68%] Linking CXX shared library libtrack_planning_corridor.so
[ 73%] Built target track_planning_planner
[ 84%] Built target track_planning_costmap
[ 89%] Built target track_planning_corridor
Consolidate compiler generated dependencies of target local_planner_component
[ 94%] Building CXX object CMakeFiles/local_planner_component.dir/src/nodes/local_planner_node.cpp.o
[100%] Linking CXX shared library liblocal_planner_component.so
[100%] Built target local_planner_component
-- Install configuration: ""
-- Installing: /home/aiv/ev_ws/planning/install/track_planning/lib/libtrack_planning_corridor.so
-- Set runtime path of "/home/aiv/ev_ws/planning/install/track_planning/lib/libtrack_planning_corridor.so" to ""
-- Installing: /home/aiv/ev_ws/planning/install/track_planning/lib/libtrack_planning_costmap.so
-- Set runtime path of "/home/aiv/ev_ws/planning/install/track_planning/lib/libtrack_planning_costmap.so" to ""
-- Installing: /home/aiv/ev_ws/planning/install/track_planning/lib/libtrack_planning_planner.so
-- Set runtime path of "/home/aiv/ev_ws/planning/install/track_planning/lib/libtrack_planning_planner.so" to ""
-- Up-to-date: /home/aiv/ev_ws/planning/install/track_planning/lib/libtrack_planning_postprocess.so
-- Up-to-date: /home/aiv/ev_ws/planning/install/track_planning/lib/track_planning/local_planner_node_exe
-- Installing: /home/aiv/ev_ws/planning/install/track_planning/lib/liblocal_planner_component.so
-- Set runtime path of "/home/aiv/ev_ws/planning/install/track_planning/lib/liblocal_planner_component.so" to ""
-- Up-to-date: /home/aiv/ev_ws/planning/install/track_planning/include
-- Up-to-date: /home/aiv/ev_ws/planning/install/track_planning/include/track_planning
-- Up-to-date: /home/aiv/ev_ws/planning/install/track_planning/include/track_planning/corridor
-- Up-to-date: /home/aiv/ev_ws/planning/install/track_planning/include/track_planning/corridor/corridor_builder.hpp
-- Up-to-date: /home/aiv/ev_ws/planning/install/track_planning/include/track_planning/corridor/virtual_boundary.hpp
-- Up-to-date: /home/aiv/ev_ws/planning/install/track_planning/include/track_planning/corridor/centerline_builder.hpp
-- Up-to-date: /home/aiv/ev_ws/planning/install/track_planning/include/track_planning/corridor/pair_validator.hpp
-- Up-to-date: /home/aiv/ev_ws/planning/install/track_planning/include/track_planning/costmap
-- Up-to-date: /home/aiv/ev_ws/planning/install/track_planning/include/track_planning/costmap/costmap_validation_builder.hpp
-- Up-to-date: /home/aiv/ev_ws/planning/install/track_planning/include/track_planning/costmap/inflation.hpp
-- Up-to-date: /home/aiv/ev_ws/planning/install/track_planning/include/track_planning/costmap/connected_component.hpp
-- Up-to-date: /home/aiv/ev_ws/planning/install/track_planning/include/track_planning/costmap/drivable_mask_scanline.hpp
-- Up-to-date: /home/aiv/ev_ws/planning/install/track_planning/include/track_planning/common
-- Up-to-date: /home/aiv/ev_ws/planning/install/track_planning/include/track_planning/common/geometry.hpp
-- Up-to-date: /home/aiv/ev_ws/planning/install/track_planning/include/track_planning/common/types.hpp
-- Installing: /home/aiv/ev_ws/planning/install/track_planning/include/track_planning/common/params.hpp
-- Up-to-date: /home/aiv/ev_ws/planning/install/track_planning/include/track_planning/common/debug_publish.hpp
-- Up-to-date: /home/aiv/ev_ws/planning/install/track_planning/include/track_planning/planner
-- Up-to-date: /home/aiv/ev_ws/planning/install/track_planning/include/track_planning/planner/astar_planner.hpp
-- Up-to-date: /home/aiv/ev_ws/planning/install/track_planning/include/track_planning/planner/mode_selector.hpp
-- Up-to-date: /home/aiv/ev_ws/planning/install/track_planning/include/track_planning/goal
-- Up-to-date: /home/aiv/ev_ws/planning/install/track_planning/include/track_planning/goal/goal_selector.hpp
-- Up-to-date: /home/aiv/ev_ws/planning/install/track_planning/include/track_planning/nodes
-- Up-to-date: /home/aiv/ev_ws/planning/install/track_planning/include/track_planning/nodes/local_planner_node.hpp
-- Up-to-date: /home/aiv/ev_ws/planning/install/track_planning/include/track_planning/safety
-- Up-to-date: /home/aiv/ev_ws/planning/install/track_planning/include/track_planning/safety/safety_checker.hpp
-- Up-to-date: /home/aiv/ev_ws/planning/install/track_planning/include/track_planning/postprocess
-- Up-to-date: /home/aiv/ev_ws/planning/install/track_planning/include/track_planning/postprocess/path_postprocessor.hpp
-- Up-to-date: /home/aiv/ev_ws/planning/install/track_planning/share/track_planning/config
-- Installing: /home/aiv/ev_ws/planning/install/track_planning/share/track_planning/config/planning.yaml
-- Up-to-date: /home/aiv/ev_ws/planning/install/track_planning/share/track_planning/launch
-- Up-to-date: /home/aiv/ev_ws/planning/install/track_planning/share/track_planning/launch/planning.launch.py
-- Up-to-date: /home/aiv/ev_ws/planning/install/track_planning/share/ament_index/resource_index/package_run_dependencies/track_planning
-- Up-to-date: /home/aiv/ev_ws/planning/install/track_planning/share/ament_index/resource_index/parent_prefix_path/track_planning
-- Up-to-date: /home/aiv/ev_ws/planning/install/track_planning/share/track_planning/environment/ament_prefix_path.sh
-- Up-to-date: /home/aiv/ev_ws/planning/install/track_planning/share/track_planning/environment/ament_prefix_path.dsv
-- Up-to-date: /home/aiv/ev_ws/planning/install/track_planning/share/track_planning/environment/path.sh
-- Up-to-date: /home/aiv/ev_ws/planning/install/track_planning/share/track_planning/environment/path.dsv
-- Up-to-date: /home/aiv/ev_ws/planning/install/track_planning/share/track_planning/local_setup.bash
-- Up-to-date: /home/aiv/ev_ws/planning/install/track_planning/share/track_planning/local_setup.sh
-- Up-to-date: /home/aiv/ev_ws/planning/install/track_planning/share/track_planning/local_setup.zsh
-- Up-to-date: /home/aiv/ev_ws/planning/install/track_planning/share/track_planning/local_setup.dsv
-- Installing: /home/aiv/ev_ws/planning/install/track_planning/share/track_planning/package.dsv
-- Up-to-date: /home/aiv/ev_ws/planning/install/track_planning/share/ament_index/resource_index/packages/track_planning
-- Up-to-date: /home/aiv/ev_ws/planning/install/track_planning/share/ament_index/resource_index/rclcpp_components/track_planning
-- Up-to-date: /home/aiv/ev_ws/planning/install/track_planning/share/track_planning/cmake/track_planningConfig.cmake
-- Up-to-date: /home/aiv/ev_ws/planning/install/track_planning/share/track_planning/cmake/track_planningConfig-version.cmake
-- Up-to-date: /home/aiv/ev_ws/planning/install/track_planning/share/track_planning/package.xml
