[0.014s] Invoking command in '/home/aiv/ev_ws/build/velodyne_driver': AMENT_PREFIX_PATH=/home/aiv/ev_ws/install/velodyne_msgs:${AMENT_PREFIX_PATH} CMAKE_PREFIX_PATH=/home/aiv/ev_ws/install/velodyne_msgs:/home/aiv/ev_ws/carsa_gazebo/install/carsa_gazebo:/home/aiv/ev_ws/planning/install/chaining_costmap_ver:/home/aiv/ev_ws/ev_msgs/install/ev_msgs:/home/aiv/ev_ws/erp42_ros/install/erp42_serial:/home/aiv/ev_ws/erp42_ros/install/erp42_rqt_plugin:/home/aiv/ev_ws/erp42_ros/install/erp42_gazebo:/home/aiv/ev_ws/erp42_ros/install/erp42_util:/home/aiv/ev_ws/erp42_ros/install/erp42_msgs:/home/aiv/ev_ws/erp42_ros/install/erp42_description:/home/aiv/ev_ws/erp42_ros/install/erp42_cmake:/home/aiv/ev_ws/perception/install/velodyne:/home/aiv/ev_ws/perception/install/lidar_launch:/home/aiv/ev_ws/perception/install/velodyne_pointcloud:/home/aiv/ev_ws/perception/install/velodyne_driver:/home/aiv/ev_ws/perception/install/velodyne_msgs:/home/aiv/ev_ws/perception/install/velodyne_cropbox:/home/aiv/ev_ws/perception/install/patchworkpp:/home/aiv/ev_ws/perception/install/make_bbox:/home/aiv/ev_ws/perception/install/lidar_voxel_grid:/home/aiv/ev_ws/perception/install/dbscan_clustering:/home/aiv/ev_ws/perception/install/cluster_splitter:/opt/ros/humble LD_LIBRARY_PATH=/home/aiv/ev_ws/install/velodyne_msgs/lib:${LD_LIBRARY_PATH} PYTHONPATH=/home/aiv/ev_ws/install/velodyne_msgs/local/lib/python3.10/dist-packages:${PYTHONPATH} /usr/bin/cmake /home/aiv/ev_ws/perception/src/lidar/velodyne_driver -DAMENT_CMAKE_SYMLINK_INSTALL=1 -DCMAKE_INSTALL_PREFIX=/home/aiv/ev_ws/install/velodyne_driver
[0.056s] -- The C compiler identification is GNU 11.4.0
[0.093s] -- The CXX compiler identification is GNU 11.4.0
[0.099s] -- Detecting C compiler ABI info
[0.146s] -- Detecting C compiler ABI info - done
[0.151s] -- Check for working C compiler: /usr/bin/cc - skipped
[0.151s] -- Detecting C compile features
[0.151s] -- Detecting C compile features - done
[0.153s] -- Detecting CXX compiler ABI info
[0.209s] -- Detecting CXX compiler ABI info - done
[0.215s] -- Check for working CXX compiler: /usr/bin/c++ - skipped
[0.215s] -- Detecting CXX compile features
[0.215s] -- Detecting CXX compile features - done
[0.217s] -- Found ament_cmake_ros: 0.10.0 (/opt/ros/humble/share/ament_cmake_ros/cmake)
[0.341s] -- Found Python3: /usr/bin/python3 (found version "3.10.12") found components: Interpreter 
[0.382s] -- Override CMake install command with custom implementation using symlinks instead of copying resources
[0.425s] -- Found diagnostic_updater: 4.0.6 (/opt/ros/humble/share/diagnostic_updater/cmake)
[0.475s] -- Found rosidl_generator_c: 3.1.8 (/opt/ros/humble/share/rosidl_generator_c/cmake)
[0.481s] -- Found rosidl_adapter: 3.1.8 (/opt/ros/humble/share/rosidl_adapter/cmake)
[0.491s] -- Found rosidl_generator_cpp: 3.1.8 (/opt/ros/humble/share/rosidl_generator_cpp/cmake)
[0.505s] -- Using all available rosidl_typesupport_c: rosidl_typesupport_fastrtps_c;rosidl_typesupport_introspection_c
[0.523s] -- Using all available rosidl_typesupport_cpp: rosidl_typesupport_fastrtps_cpp;rosidl_typesupport_introspection_cpp
[0.610s] -- Found rmw_implementation_cmake: 6.1.2 (/opt/ros/humble/share/rmw_implementation_cmake/cmake)
[0.614s] -- Found rmw_fastrtps_cpp: 6.2.9 (/opt/ros/humble/share/rmw_fastrtps_cpp/cmake)
[0.692s] -- Found OpenSSL: /usr/lib/x86_64-linux-gnu/libcrypto.so (found version "3.0.2")  
[0.719s] -- Found FastRTPS: /opt/ros/humble/include  
[0.760s] -- Using RMW implementation 'rmw_fastrtps_cpp' as default
[0.771s] -- Looking for pthread.h
[0.826s] -- Looking for pthread.h - found
[0.827s] -- Performing Test CMAKE_HAVE_LIBC_PTHREAD
[0.893s] -- Performing Test CMAKE_HAVE_LIBC_PTHREAD - Success
[0.894s] -- Found Threads: TRUE  
[0.939s] -- Found rclcpp_components: 16.0.17 (/opt/ros/humble/share/rclcpp_components/cmake)
[0.970s] -- Found tf2_ros: 0.25.18 (/opt/ros/humble/share/tf2_ros/cmake)
[1.055s] -- Found velodyne_msgs: 2.5.1 (/home/aiv/ev_ws/install/velodyne_msgs/share/velodyne_msgs/cmake)
[1.071s] -- Found ament_lint_auto: 0.12.14 (/opt/ros/humble/share/ament_lint_auto/cmake)
[1.159s] -- Found gtest sources under '/opt/ros/humble/src/gtest_vendor': C++ tests using 'Google Test' will be built
[1.167s] -- Added test 'copyright' to check source files copyright and LICENSE
[1.169s] -- Added test 'cppcheck' to perform static code analysis on C / C++ code
[1.169s] -- Configured cppcheck include dirs: $<BUILD_INTERFACE:/home/aiv/ev_ws/perception/src/lidar/velodyne_driver/include>
[1.169s] -- Configured cppcheck exclude dirs and/or files: 
[1.171s] -- Added test 'cpplint' to check C / C++ code against the Google style
[1.171s] -- Configured cpplint exclude dirs and/or files: 
[1.172s] -- Added test 'flake8' to check Python code syntax and style conventions
[1.172s] -- Added test 'lint_cmake' to check CMake code style
[1.173s] -- Added test 'pep257' to check Python code against some of the docstring style conventions in PEP 257
[1.174s] -- Added test 'uncrustify' to check C / C++ code style
[1.174s] -- Configured uncrustify additional arguments: 
[1.175s] -- Added test 'xmllint' to check XML markup files
[1.177s] -- Configuring done
[1.193s] -- Generating done
[1.199s] -- Build files have been written to: /home/aiv/ev_ws/build/velodyne_driver
[1.208s] Invoked command in '/home/aiv/ev_ws/build/velodyne_driver' returned '0': AMENT_PREFIX_PATH=/home/aiv/ev_ws/install/velodyne_msgs:${AMENT_PREFIX_PATH} CMAKE_PREFIX_PATH=/home/aiv/ev_ws/install/velodyne_msgs:/home/aiv/ev_ws/carsa_gazebo/install/carsa_gazebo:/home/aiv/ev_ws/planning/install/chaining_costmap_ver:/home/aiv/ev_ws/ev_msgs/install/ev_msgs:/home/aiv/ev_ws/erp42_ros/install/erp42_serial:/home/aiv/ev_ws/erp42_ros/install/erp42_rqt_plugin:/home/aiv/ev_ws/erp42_ros/install/erp42_gazebo:/home/aiv/ev_ws/erp42_ros/install/erp42_util:/home/aiv/ev_ws/erp42_ros/install/erp42_msgs:/home/aiv/ev_ws/erp42_ros/install/erp42_description:/home/aiv/ev_ws/erp42_ros/install/erp42_cmake:/home/aiv/ev_ws/perception/install/velodyne:/home/aiv/ev_ws/perception/install/lidar_launch:/home/aiv/ev_ws/perception/install/velodyne_pointcloud:/home/aiv/ev_ws/perception/install/velodyne_driver:/home/aiv/ev_ws/perception/install/velodyne_msgs:/home/aiv/ev_ws/perception/install/velodyne_cropbox:/home/aiv/ev_ws/perception/install/patchworkpp:/home/aiv/ev_ws/perception/install/make_bbox:/home/aiv/ev_ws/perception/install/lidar_voxel_grid:/home/aiv/ev_ws/perception/install/dbscan_clustering:/home/aiv/ev_ws/perception/install/cluster_splitter:/opt/ros/humble LD_LIBRARY_PATH=/home/aiv/ev_ws/install/velodyne_msgs/lib:${LD_LIBRARY_PATH} PYTHONPATH=/home/aiv/ev_ws/install/velodyne_msgs/local/lib/python3.10/dist-packages:${PYTHONPATH} /usr/bin/cmake /home/aiv/ev_ws/perception/src/lidar/velodyne_driver -DAMENT_CMAKE_SYMLINK_INSTALL=1 -DCMAKE_INSTALL_PREFIX=/home/aiv/ev_ws/install/velodyne_driver
[1.210s] Invoking command in '/home/aiv/ev_ws/build/velodyne_driver': AMENT_PREFIX_PATH=/home/aiv/ev_ws/install/velodyne_msgs:${AMENT_PREFIX_PATH} CMAKE_PREFIX_PATH=/home/aiv/ev_ws/install/velodyne_msgs:/home/aiv/ev_ws/carsa_gazebo/install/carsa_gazebo:/home/aiv/ev_ws/planning/install/chaining_costmap_ver:/home/aiv/ev_ws/ev_msgs/install/ev_msgs:/home/aiv/ev_ws/erp42_ros/install/erp42_serial:/home/aiv/ev_ws/erp42_ros/install/erp42_rqt_plugin:/home/aiv/ev_ws/erp42_ros/install/erp42_gazebo:/home/aiv/ev_ws/erp42_ros/install/erp42_util:/home/aiv/ev_ws/erp42_ros/install/erp42_msgs:/home/aiv/ev_ws/erp42_ros/install/erp42_description:/home/aiv/ev_ws/erp42_ros/install/erp42_cmake:/home/aiv/ev_ws/perception/install/velodyne:/home/aiv/ev_ws/perception/install/lidar_launch:/home/aiv/ev_ws/perception/install/velodyne_pointcloud:/home/aiv/ev_ws/perception/install/velodyne_driver:/home/aiv/ev_ws/perception/install/velodyne_msgs:/home/aiv/ev_ws/perception/install/velodyne_cropbox:/home/aiv/ev_ws/perception/install/patchworkpp:/home/aiv/ev_ws/perception/install/make_bbox:/home/aiv/ev_ws/perception/install/lidar_voxel_grid:/home/aiv/ev_ws/perception/install/dbscan_clustering:/home/aiv/ev_ws/perception/install/cluster_splitter:/opt/ros/humble LD_LIBRARY_PATH=/home/aiv/ev_ws/install/velodyne_msgs/lib:${LD_LIBRARY_PATH} PYTHONPATH=/home/aiv/ev_ws/install/velodyne_msgs/local/lib/python3.10/dist-packages:${PYTHONPATH} /usr/bin/cmake --build /home/aiv/ev_ws/build/velodyne_driver -- -j28 -l28
[1.253s] [  8%] [32mBuilding CXX object gtest/CMakeFiles/gtest_main.dir/src/gtest_main.cc.o[0m
[1.254s] [ 16%] [32mBuilding CXX object CMakeFiles/velodyne_input.dir/src/lib/input.cpp.o[0m
[1.256s] [ 25%] [32mBuilding CXX object gtest/CMakeFiles/gtest.dir/src/gtest-all.cc.o[0m
[1.686s] [ 33%] [32m[1mLinking CXX static library libgtest_main.a[0m
[1.728s] [ 33%] Built target gtest_main
[4.504s] [ 41%] [32m[1mLinking CXX static library libgtest.a[0m
[4.641s] [ 41%] Built target gtest
[4.740s] [ 50%] [32m[1mLinking CXX shared library libvelodyne_input.so[0m
[4.929s] [ 50%] Built target velodyne_input
[4.977s] [ 58%] [32mBuilding CXX object CMakeFiles/time_test.dir/tests/timeconversiontest.cpp.o[0m
[4.983s] [ 66%] [32mBuilding CXX object CMakeFiles/velodyne_driver.dir/src/driver/driver.cpp.o[0m
[7.547s] [ 75%] [32m[1mLinking CXX executable time_test[0m
[7.710s] [ 75%] Built target time_test
[11.476s] [ 83%] [32m[1mLinking CXX shared library libvelodyne_driver.so[0m
[11.901s] [ 83%] Built target velodyne_driver
[11.920s] [ 91%] [32mBuilding CXX object CMakeFiles/velodyne_driver_node.dir/src/driver/velodyne_node.cpp.o[0m
[13.596s] [100%] [32m[1mLinking CXX executable velodyne_driver_node[0m
[13.721s] [100%] Built target velodyne_driver_node
[13.731s] Invoked command in '/home/aiv/ev_ws/build/velodyne_driver' returned '0': AMENT_PREFIX_PATH=/home/aiv/ev_ws/install/velodyne_msgs:${AMENT_PREFIX_PATH} CMAKE_PREFIX_PATH=/home/aiv/ev_ws/install/velodyne_msgs:/home/aiv/ev_ws/carsa_gazebo/install/carsa_gazebo:/home/aiv/ev_ws/planning/install/chaining_costmap_ver:/home/aiv/ev_ws/ev_msgs/install/ev_msgs:/home/aiv/ev_ws/erp42_ros/install/erp42_serial:/home/aiv/ev_ws/erp42_ros/install/erp42_rqt_plugin:/home/aiv/ev_ws/erp42_ros/install/erp42_gazebo:/home/aiv/ev_ws/erp42_ros/install/erp42_util:/home/aiv/ev_ws/erp42_ros/install/erp42_msgs:/home/aiv/ev_ws/erp42_ros/install/erp42_description:/home/aiv/ev_ws/erp42_ros/install/erp42_cmake:/home/aiv/ev_ws/perception/install/velodyne:/home/aiv/ev_ws/perception/install/lidar_launch:/home/aiv/ev_ws/perception/install/velodyne_pointcloud:/home/aiv/ev_ws/perception/install/velodyne_driver:/home/aiv/ev_ws/perception/install/velodyne_msgs:/home/aiv/ev_ws/perception/install/velodyne_cropbox:/home/aiv/ev_ws/perception/install/patchworkpp:/home/aiv/ev_ws/perception/install/make_bbox:/home/aiv/ev_ws/perception/install/lidar_voxel_grid:/home/aiv/ev_ws/perception/install/dbscan_clustering:/home/aiv/ev_ws/perception/install/cluster_splitter:/opt/ros/humble LD_LIBRARY_PATH=/home/aiv/ev_ws/install/velodyne_msgs/lib:${LD_LIBRARY_PATH} PYTHONPATH=/home/aiv/ev_ws/install/velodyne_msgs/local/lib/python3.10/dist-packages:${PYTHONPATH} /usr/bin/cmake --build /home/aiv/ev_ws/build/velodyne_driver -- -j28 -l28
[13.732s] Invoking command in '/home/aiv/ev_ws/build/velodyne_driver': AMENT_PREFIX_PATH=/home/aiv/ev_ws/install/velodyne_msgs:${AMENT_PREFIX_PATH} CMAKE_PREFIX_PATH=/home/aiv/ev_ws/install/velodyne_msgs:/home/aiv/ev_ws/carsa_gazebo/install/carsa_gazebo:/home/aiv/ev_ws/planning/install/chaining_costmap_ver:/home/aiv/ev_ws/ev_msgs/install/ev_msgs:/home/aiv/ev_ws/erp42_ros/install/erp42_serial:/home/aiv/ev_ws/erp42_ros/install/erp42_rqt_plugin:/home/aiv/ev_ws/erp42_ros/install/erp42_gazebo:/home/aiv/ev_ws/erp42_ros/install/erp42_util:/home/aiv/ev_ws/erp42_ros/install/erp42_msgs:/home/aiv/ev_ws/erp42_ros/install/erp42_description:/home/aiv/ev_ws/erp42_ros/install/erp42_cmake:/home/aiv/ev_ws/perception/install/velodyne:/home/aiv/ev_ws/perception/install/lidar_launch:/home/aiv/ev_ws/perception/install/velodyne_pointcloud:/home/aiv/ev_ws/perception/install/velodyne_driver:/home/aiv/ev_ws/perception/install/velodyne_msgs:/home/aiv/ev_ws/perception/install/velodyne_cropbox:/home/aiv/ev_ws/perception/install/patchworkpp:/home/aiv/ev_ws/perception/install/make_bbox:/home/aiv/ev_ws/perception/install/lidar_voxel_grid:/home/aiv/ev_ws/perception/install/dbscan_clustering:/home/aiv/ev_ws/perception/install/cluster_splitter:/opt/ros/humble LD_LIBRARY_PATH=/home/aiv/ev_ws/install/velodyne_msgs/lib:${LD_LIBRARY_PATH} PYTHONPATH=/home/aiv/ev_ws/install/velodyne_msgs/local/lib/python3.10/dist-packages:${PYTHONPATH} /usr/bin/cmake --install /home/aiv/ev_ws/build/velodyne_driver
[13.738s] -- Install configuration: ""
[13.738s] -- Execute custom install script
[13.738s] -- Symlinking: /home/aiv/ev_ws/install/velodyne_driver/lib/velodyne_driver/velodyne_driver_node
[13.745s] -- Symlinking: /home/aiv/ev_ws/install/velodyne_driver/include/velodyne_driver/driver.hpp
[13.752s] -- Symlinking: /home/aiv/ev_ws/install/velodyne_driver/include/velodyne_driver/input.hpp
[13.759s] -- Symlinking: /home/aiv/ev_ws/install/velodyne_driver/include/velodyne_driver/time_conversion.hpp
[13.765s] -- Symlinking: /home/aiv/ev_ws/install/velodyne_driver/share/velodyne_driver/config/VLP16-velodyne_driver_node-params.yaml
[13.772s] -- Symlinking: /home/aiv/ev_ws/install/velodyne_driver/share/velodyne_driver/config/VLP32C-velodyne_driver_node-params.yaml
[13.777s] -- Symlinking: /home/aiv/ev_ws/install/velodyne_driver/share/velodyne_driver/config/VLS128-velodyne_driver_node-params.yaml
[13.784s] -- Symlinking: /home/aiv/ev_ws/install/velodyne_driver/share/velodyne_driver/launch/velodyne_driver_node-VLP16-composed-launch.py
[13.790s] -- Symlinking: /home/aiv/ev_ws/install/velodyne_driver/share/velodyne_driver/launch/velodyne_driver_node-VLP16-launch.py
[13.796s] -- Symlinking: /home/aiv/ev_ws/install/velodyne_driver/share/velodyne_driver/launch/velodyne_driver_node-VLP32C-composed-launch.py
[13.801s] -- Symlinking: /home/aiv/ev_ws/install/velodyne_driver/share/velodyne_driver/launch/velodyne_driver_node-VLP32C-launch.py
[13.808s] -- Symlinking: /home/aiv/ev_ws/install/velodyne_driver/share/velodyne_driver/launch/velodyne_driver_node-VLS128-composed-launch.py
[13.813s] -- Symlinking: /home/aiv/ev_ws/install/velodyne_driver/share/velodyne_driver/launch/velodyne_driver_node-VLS128-launch.py
[13.820s] -- Symlinking: /home/aiv/ev_ws/install/velodyne_driver/lib/velodyne_driver/vdump
[13.825s] -- Symlinking: /home/aiv/ev_ws/install/velodyne_driver/share/ament_index/resource_index/package_run_dependencies/velodyne_driver
[13.830s] -- Symlinking: /home/aiv/ev_ws/install/velodyne_driver/share/ament_index/resource_index/parent_prefix_path/velodyne_driver
[13.837s] -- Symlinking: /home/aiv/ev_ws/install/velodyne_driver/share/velodyne_driver/environment/ament_prefix_path.sh
[13.843s] -- Symlinking: /home/aiv/ev_ws/install/velodyne_driver/share/velodyne_driver/environment/ament_prefix_path.dsv
[13.850s] -- Symlinking: /home/aiv/ev_ws/install/velodyne_driver/share/velodyne_driver/environment/path.sh
[13.856s] -- Symlinking: /home/aiv/ev_ws/install/velodyne_driver/share/velodyne_driver/environment/path.dsv
[13.861s] -- Symlinking: /home/aiv/ev_ws/install/velodyne_driver/share/velodyne_driver/local_setup.bash
[13.868s] -- Symlinking: /home/aiv/ev_ws/install/velodyne_driver/share/velodyne_driver/local_setup.sh
[13.874s] -- Symlinking: /home/aiv/ev_ws/install/velodyne_driver/share/velodyne_driver/local_setup.zsh
[13.880s] -- Symlinking: /home/aiv/ev_ws/install/velodyne_driver/share/velodyne_driver/local_setup.dsv
[13.886s] -- Symlinking: /home/aiv/ev_ws/install/velodyne_driver/share/velodyne_driver/package.dsv
[13.893s] -- Symlinking: /home/aiv/ev_ws/install/velodyne_driver/share/ament_index/resource_index/packages/velodyne_driver
[13.899s] -- Symlinking: /home/aiv/ev_ws/install/velodyne_driver/share/ament_index/resource_index/rclcpp_components/velodyne_driver
[13.906s] -- Symlinking: /home/aiv/ev_ws/install/velodyne_driver/share/velodyne_driver/cmake/ament_cmake_export_include_directories-extras.cmake
[13.912s] -- Symlinking: /home/aiv/ev_ws/install/velodyne_driver/share/velodyne_driver/cmake/ament_cmake_export_targets-extras.cmake
[13.920s] -- Symlinking: /home/aiv/ev_ws/install/velodyne_driver/share/velodyne_driver/cmake/ament_cmake_export_dependencies-extras.cmake
[13.926s] -- Symlinking: /home/aiv/ev_ws/install/velodyne_driver/share/velodyne_driver/cmake/velodyne_driverConfig.cmake
[13.932s] -- Symlinking: /home/aiv/ev_ws/install/velodyne_driver/share/velodyne_driver/cmake/velodyne_driverConfig-version.cmake
[13.937s] -- Symlinking: /home/aiv/ev_ws/install/velodyne_driver/share/velodyne_driver/package.xml
[13.942s] -- Installing: /home/aiv/ev_ws/install/velodyne_driver/lib/libvelodyne_input.so
[13.942s] -- Set runtime path of "/home/aiv/ev_ws/install/velodyne_driver/lib/libvelodyne_input.so" to ""
[13.942s] -- Installing: /home/aiv/ev_ws/install/velodyne_driver/lib/libvelodyne_driver.so
[13.945s] -- Set runtime path of "/home/aiv/ev_ws/install/velodyne_driver/lib/libvelodyne_driver.so" to ""
[13.945s] -- Installing: /home/aiv/ev_ws/install/velodyne_driver/share/velodyne_driver/cmake/velodyne_driverExport.cmake
[13.945s] -- Installing: /home/aiv/ev_ws/install/velodyne_driver/share/velodyne_driver/cmake/velodyne_driverExport-noconfig.cmake
[13.947s] Invoked command in '/home/aiv/ev_ws/build/velodyne_driver' returned '0': AMENT_PREFIX_PATH=/home/aiv/ev_ws/install/velodyne_msgs:${AMENT_PREFIX_PATH} CMAKE_PREFIX_PATH=/home/aiv/ev_ws/install/velodyne_msgs:/home/aiv/ev_ws/carsa_gazebo/install/carsa_gazebo:/home/aiv/ev_ws/planning/install/chaining_costmap_ver:/home/aiv/ev_ws/ev_msgs/install/ev_msgs:/home/aiv/ev_ws/erp42_ros/install/erp42_serial:/home/aiv/ev_ws/erp42_ros/install/erp42_rqt_plugin:/home/aiv/ev_ws/erp42_ros/install/erp42_gazebo:/home/aiv/ev_ws/erp42_ros/install/erp42_util:/home/aiv/ev_ws/erp42_ros/install/erp42_msgs:/home/aiv/ev_ws/erp42_ros/install/erp42_description:/home/aiv/ev_ws/erp42_ros/install/erp42_cmake:/home/aiv/ev_ws/perception/install/velodyne:/home/aiv/ev_ws/perception/install/lidar_launch:/home/aiv/ev_ws/perception/install/velodyne_pointcloud:/home/aiv/ev_ws/perception/install/velodyne_driver:/home/aiv/ev_ws/perception/install/velodyne_msgs:/home/aiv/ev_ws/perception/install/velodyne_cropbox:/home/aiv/ev_ws/perception/install/patchworkpp:/home/aiv/ev_ws/perception/install/make_bbox:/home/aiv/ev_ws/perception/install/lidar_voxel_grid:/home/aiv/ev_ws/perception/install/dbscan_clustering:/home/aiv/ev_ws/perception/install/cluster_splitter:/opt/ros/humble LD_LIBRARY_PATH=/home/aiv/ev_ws/install/velodyne_msgs/lib:${LD_LIBRARY_PATH} PYTHONPATH=/home/aiv/ev_ws/install/velodyne_msgs/local/lib/python3.10/dist-packages:${PYTHONPATH} /usr/bin/cmake --install /home/aiv/ev_ws/build/velodyne_driver
