[0.022s] Invoking command in '/home/kimsohee/ev-1-5/ev-Autonomous-Vehicle-1-5/build/erp42_msgs': CMAKE_PREFIX_PATH=/opt/ros/humble /usr/bin/cmake --build /home/kimsohee/ev-1-5/ev-Autonomous-Vehicle-1-5/build/erp42_msgs -- -j10 -l10
[0.045s] [  2%] Built target erp42_msgs__cpp
[0.055s] [ 12%] Built target erp42_msgs__rosidl_generator_c
[0.067s] [ 23%] Built target erp42_msgs__rosidl_typesupport_cpp
[0.068s] [ 23%] Built target ament_cmake_python_symlink_erp42_msgs
[0.069s] [ 34%] Built target erp42_msgs__rosidl_typesupport_fastrtps_cpp
[0.070s] [ 44%] Built target erp42_msgs__rosidl_typesupport_introspection_cpp
[0.071s] [ 55%] Built target erp42_msgs__rosidl_typesupport_fastrtps_c
[0.082s] [ 65%] Built target erp42_msgs__rosidl_typesupport_introspection_c
[0.091s] [ 76%] Built target erp42_msgs__rosidl_typesupport_c
[0.101s] [ 76%] Built target erp42_msgs
[0.109s] [ 78%] Built target erp42_msgs__py
[0.126s] [ 87%] Built target erp42_msgs__rosidl_generator_py
[0.154s] [ 91%] Built target erp42_msgs__rosidl_typesupport_fastrtps_c__pyext
[0.155s] [ 95%] Built target erp42_msgs__rosidl_typesupport_c__pyext
[0.162s] [100%] Built target erp42_msgs__rosidl_typesupport_introspection_c__pyext
[0.206s] running egg_info
[0.206s] writing erp42_msgs.egg-info/PKG-INFO
[0.208s] writing dependency_links to erp42_msgs.egg-info/dependency_links.txt
[0.208s] writing top-level names to erp42_msgs.egg-info/top_level.txt
[0.210s] reading manifest file 'erp42_msgs.egg-info/SOURCES.txt'
[0.210s] writing manifest file 'erp42_msgs.egg-info/SOURCES.txt'
[0.233s] [100%] Built target ament_cmake_python_build_erp42_msgs_egg
[0.268s] Invoked command in '/home/kimsohee/ev-1-5/ev-Autonomous-Vehicle-1-5/build/erp42_msgs' returned '0': CMAKE_PREFIX_PATH=/opt/ros/humble /usr/bin/cmake --build /home/kimsohee/ev-1-5/ev-Autonomous-Vehicle-1-5/build/erp42_msgs -- -j10 -l10
[0.269s] Invoking command in '/home/kimsohee/ev-1-5/ev-Autonomous-Vehicle-1-5/build/erp42_msgs': CMAKE_PREFIX_PATH=/opt/ros/humble /usr/bin/cmake --install /home/kimsohee/ev-1-5/ev-Autonomous-Vehicle-1-5/build/erp42_msgs
[0.272s] -- Install configuration: ""
[0.273s] -- Execute custom install script
[0.273s] -- Up-to-date symlink: /home/kimsohee/ev-1-5/ev-Autonomous-Vehicle-1-5/install/erp42_msgs/share/ament_index/resource_index/rosidl_interfaces/erp42_msgs
[0.273s] -- Up-to-date symlink: /home/kimsohee/ev-1-5/ev-Autonomous-Vehicle-1-5/install/erp42_msgs/include/erp42_msgs/erp42_msgs/msg/control_command.h
[0.273s] -- Up-to-date symlink: /home/kimsohee/ev-1-5/ev-Autonomous-Vehicle-1-5/install/erp42_msgs/include/erp42_msgs/erp42_msgs/msg/detail/control_command__functions.h
[0.273s] -- Up-to-date symlink: /home/kimsohee/ev-1-5/ev-Autonomous-Vehicle-1-5/install/erp42_msgs/include/erp42_msgs/erp42_msgs/msg/detail/control_command__struct.h
[0.273s] -- Up-to-date symlink: /home/kimsohee/ev-1-5/ev-Autonomous-Vehicle-1-5/install/erp42_msgs/include/erp42_msgs/erp42_msgs/msg/detail/control_command__type_support.h
[0.273s] -- Up-to-date symlink: /home/kimsohee/ev-1-5/ev-Autonomous-Vehicle-1-5/install/erp42_msgs/include/erp42_msgs/erp42_msgs/msg/detail/feedback__functions.h
[0.273s] -- Up-to-date symlink: /home/kimsohee/ev-1-5/ev-Autonomous-Vehicle-1-5/install/erp42_msgs/include/erp42_msgs/erp42_msgs/msg/detail/feedback__struct.h
[0.276s] -- Up-to-date symlink: /home/kimsohee/ev-1-5/ev-Autonomous-Vehicle-1-5/install/erp42_msgs/include/erp42_msgs/erp42_msgs/msg/detail/feedback__type_support.h
[0.276s] -- Up-to-date symlink: /home/kimsohee/ev-1-5/ev-Autonomous-Vehicle-1-5/install/erp42_msgs/include/erp42_msgs/erp42_msgs/msg/feedback.h
[0.276s] -- Up-to-date symlink: /home/kimsohee/ev-1-5/ev-Autonomous-Vehicle-1-5/install/erp42_msgs/include/erp42_msgs/erp42_msgs/msg/rosidl_generator_c__visibility_control.h
[0.276s] -- Up-to-date symlink: /home/kimsohee/ev-1-5/ev-Autonomous-Vehicle-1-5/install/erp42_msgs/include/erp42_msgs/erp42_msgs/srv/detail/mode_command__functions.h
[0.276s] -- Up-to-date symlink: /home/kimsohee/ev-1-5/ev-Autonomous-Vehicle-1-5/install/erp42_msgs/include/erp42_msgs/erp42_msgs/srv/detail/mode_command__struct.h
[0.276s] -- Up-to-date symlink: /home/kimsohee/ev-1-5/ev-Autonomous-Vehicle-1-5/install/erp42_msgs/include/erp42_msgs/erp42_msgs/srv/detail/mode_command__type_support.h
[0.276s] -- Up-to-date symlink: /home/kimsohee/ev-1-5/ev-Autonomous-Vehicle-1-5/install/erp42_msgs/include/erp42_msgs/erp42_msgs/srv/mode_command.h
[0.277s] -- Up-to-date symlink: /home/kimsohee/ev-1-5/ev-Autonomous-Vehicle-1-5/install/erp42_msgs/share/erp42_msgs/environment/library_path.sh
[0.277s] -- Up-to-date symlink: /home/kimsohee/ev-1-5/ev-Autonomous-Vehicle-1-5/install/erp42_msgs/share/erp42_msgs/environment/library_path.dsv
[0.277s] -- Up-to-date symlink: /home/kimsohee/ev-1-5/ev-Autonomous-Vehicle-1-5/install/erp42_msgs/include/erp42_msgs/erp42_msgs/msg/detail/control_command__rosidl_typesupport_fastrtps_c.h
[0.277s] -- Up-to-date symlink: /home/kimsohee/ev-1-5/ev-Autonomous-Vehicle-1-5/install/erp42_msgs/include/erp42_msgs/erp42_msgs/msg/detail/feedback__rosidl_typesupport_fastrtps_c.h
[0.278s] -- Up-to-date symlink: /home/kimsohee/ev-1-5/ev-Autonomous-Vehicle-1-5/install/erp42_msgs/include/erp42_msgs/erp42_msgs/msg/rosidl_typesupport_fastrtps_c__visibility_control.h
[0.278s] -- Up-to-date symlink: /home/kimsohee/ev-1-5/ev-Autonomous-Vehicle-1-5/install/erp42_msgs/include/erp42_msgs/erp42_msgs/srv/detail/mode_command__rosidl_typesupport_fastrtps_c.h
[0.278s] -- Up-to-date symlink: /home/kimsohee/ev-1-5/ev-Autonomous-Vehicle-1-5/install/erp42_msgs/include/erp42_msgs/erp42_msgs/msg/control_command.hpp
[0.278s] -- Up-to-date symlink: /home/kimsohee/ev-1-5/ev-Autonomous-Vehicle-1-5/install/erp42_msgs/include/erp42_msgs/erp42_msgs/msg/detail/control_command__builder.hpp
[0.278s] -- Up-to-date symlink: /home/kimsohee/ev-1-5/ev-Autonomous-Vehicle-1-5/install/erp42_msgs/include/erp42_msgs/erp42_msgs/msg/detail/control_command__struct.hpp
[0.278s] -- Up-to-date symlink: /home/kimsohee/ev-1-5/ev-Autonomous-Vehicle-1-5/install/erp42_msgs/include/erp42_msgs/erp42_msgs/msg/detail/control_command__traits.hpp
[0.278s] -- Up-to-date symlink: /home/kimsohee/ev-1-5/ev-Autonomous-Vehicle-1-5/install/erp42_msgs/include/erp42_msgs/erp42_msgs/msg/detail/control_command__type_support.hpp
[0.278s] -- Up-to-date symlink: /home/kimsohee/ev-1-5/ev-Autonomous-Vehicle-1-5/install/erp42_msgs/include/erp42_msgs/erp42_msgs/msg/detail/feedback__builder.hpp
[0.278s] -- Up-to-date symlink: /home/kimsohee/ev-1-5/ev-Autonomous-Vehicle-1-5/install/erp42_msgs/include/erp42_msgs/erp42_msgs/msg/detail/feedback__struct.hpp
[0.278s] -- Up-to-date symlink: /home/kimsohee/ev-1-5/ev-Autonomous-Vehicle-1-5/install/erp42_msgs/include/erp42_msgs/erp42_msgs/msg/detail/feedback__traits.hpp
[0.279s] -- Up-to-date symlink: /home/kimsohee/ev-1-5/ev-Autonomous-Vehicle-1-5/install/erp42_msgs/include/erp42_msgs/erp42_msgs/msg/detail/feedback__type_support.hpp
[0.279s] -- Up-to-date symlink: /home/kimsohee/ev-1-5/ev-Autonomous-Vehicle-1-5/install/erp42_msgs/include/erp42_msgs/erp42_msgs/msg/feedback.hpp
[0.279s] -- Up-to-date symlink: /home/kimsohee/ev-1-5/ev-Autonomous-Vehicle-1-5/install/erp42_msgs/include/erp42_msgs/erp42_msgs/msg/rosidl_generator_cpp__visibility_control.hpp
[0.279s] -- Up-to-date symlink: /home/kimsohee/ev-1-5/ev-Autonomous-Vehicle-1-5/install/erp42_msgs/include/erp42_msgs/erp42_msgs/srv/detail/mode_command__builder.hpp
[0.279s] -- Up-to-date symlink: /home/kimsohee/ev-1-5/ev-Autonomous-Vehicle-1-5/install/erp42_msgs/include/erp42_msgs/erp42_msgs/srv/detail/mode_command__struct.hpp
[0.279s] -- Up-to-date symlink: /home/kimsohee/ev-1-5/ev-Autonomous-Vehicle-1-5/install/erp42_msgs/include/erp42_msgs/erp42_msgs/srv/detail/mode_command__traits.hpp
[0.279s] -- Up-to-date symlink: /home/kimsohee/ev-1-5/ev-Autonomous-Vehicle-1-5/install/erp42_msgs/include/erp42_msgs/erp42_msgs/srv/detail/mode_command__type_support.hpp
[0.279s] -- Up-to-date symlink: /home/kimsohee/ev-1-5/ev-Autonomous-Vehicle-1-5/install/erp42_msgs/include/erp42_msgs/erp42_msgs/srv/mode_command.hpp
[0.279s] -- Up-to-date symlink: /home/kimsohee/ev-1-5/ev-Autonomous-Vehicle-1-5/install/erp42_msgs/include/erp42_msgs/erp42_msgs/msg/detail/control_command__rosidl_typesupport_fastrtps_cpp.hpp
[0.279s] -- Up-to-date symlink: /home/kimsohee/ev-1-5/ev-Autonomous-Vehicle-1-5/install/erp42_msgs/include/erp42_msgs/erp42_msgs/msg/detail/feedback__rosidl_typesupport_fastrtps_cpp.hpp
[0.279s] -- Up-to-date symlink: /home/kimsohee/ev-1-5/ev-Autonomous-Vehicle-1-5/install/erp42_msgs/include/erp42_msgs/erp42_msgs/msg/rosidl_typesupport_fastrtps_cpp__visibility_control.h
[0.279s] -- Up-to-date symlink: /home/kimsohee/ev-1-5/ev-Autonomous-Vehicle-1-5/install/erp42_msgs/include/erp42_msgs/erp42_msgs/srv/detail/mode_command__rosidl_typesupport_fastrtps_cpp.hpp
[0.279s] -- Up-to-date symlink: /home/kimsohee/ev-1-5/ev-Autonomous-Vehicle-1-5/install/erp42_msgs/include/erp42_msgs/erp42_msgs/msg/detail/control_command__rosidl_typesupport_introspection_c.h
[0.280s] -- Up-to-date symlink: /home/kimsohee/ev-1-5/ev-Autonomous-Vehicle-1-5/install/erp42_msgs/include/erp42_msgs/erp42_msgs/msg/detail/feedback__rosidl_typesupport_introspection_c.h
[0.280s] -- Up-to-date symlink: /home/kimsohee/ev-1-5/ev-Autonomous-Vehicle-1-5/install/erp42_msgs/include/erp42_msgs/erp42_msgs/msg/rosidl_typesupport_introspection_c__visibility_control.h
[0.280s] -- Up-to-date symlink: /home/kimsohee/ev-1-5/ev-Autonomous-Vehicle-1-5/install/erp42_msgs/include/erp42_msgs/erp42_msgs/srv/detail/mode_command__rosidl_typesupport_introspection_c.h
[0.280s] -- Up-to-date symlink: /home/kimsohee/ev-1-5/ev-Autonomous-Vehicle-1-5/install/erp42_msgs/include/erp42_msgs/erp42_msgs/msg/detail/control_command__rosidl_typesupport_introspection_cpp.hpp
[0.280s] -- Up-to-date symlink: /home/kimsohee/ev-1-5/ev-Autonomous-Vehicle-1-5/install/erp42_msgs/include/erp42_msgs/erp42_msgs/msg/detail/feedback__rosidl_typesupport_introspection_cpp.hpp
[0.280s] -- Up-to-date symlink: /home/kimsohee/ev-1-5/ev-Autonomous-Vehicle-1-5/install/erp42_msgs/include/erp42_msgs/erp42_msgs/srv/detail/mode_command__rosidl_typesupport_introspection_cpp.hpp
[0.280s] -- Up-to-date symlink: /home/kimsohee/ev-1-5/ev-Autonomous-Vehicle-1-5/install/erp42_msgs/share/erp42_msgs/environment/pythonpath.sh
[0.280s] -- Up-to-date symlink: /home/kimsohee/ev-1-5/ev-Autonomous-Vehicle-1-5/install/erp42_msgs/share/erp42_msgs/environment/pythonpath.dsv
[0.280s] -- Up-to-date symlink: /home/kimsohee/ev-1-5/ev-Autonomous-Vehicle-1-5/install/erp42_msgs/local/lib/python3.10/dist-packages/erp42_msgs-0.0.0-py3.10.egg-info/PKG-INFO
[0.280s] -- Up-to-date symlink: /home/kimsohee/ev-1-5/ev-Autonomous-Vehicle-1-5/install/erp42_msgs/local/lib/python3.10/dist-packages/erp42_msgs-0.0.0-py3.10.egg-info/SOURCES.txt
[0.280s] -- Up-to-date symlink: /home/kimsohee/ev-1-5/ev-Autonomous-Vehicle-1-5/install/erp42_msgs/local/lib/python3.10/dist-packages/erp42_msgs-0.0.0-py3.10.egg-info/dependency_links.txt
[0.280s] -- Up-to-date symlink: /home/kimsohee/ev-1-5/ev-Autonomous-Vehicle-1-5/install/erp42_msgs/local/lib/python3.10/dist-packages/erp42_msgs-0.0.0-py3.10.egg-info/top_level.txt
[0.280s] -- Up-to-date symlink: /home/kimsohee/ev-1-5/ev-Autonomous-Vehicle-1-5/install/erp42_msgs/local/lib/python3.10/dist-packages/erp42_msgs/__init__.py
[0.281s] -- Up-to-date symlink: /home/kimsohee/ev-1-5/ev-Autonomous-Vehicle-1-5/install/erp42_msgs/local/lib/python3.10/dist-packages/erp42_msgs/_erp42_msgs_s.ep.rosidl_typesupport_c.c
[0.281s] -- Up-to-date symlink: /home/kimsohee/ev-1-5/ev-Autonomous-Vehicle-1-5/install/erp42_msgs/local/lib/python3.10/dist-packages/erp42_msgs/_erp42_msgs_s.ep.rosidl_typesupport_fastrtps_c.c
[0.281s] -- Up-to-date symlink: /home/kimsohee/ev-1-5/ev-Autonomous-Vehicle-1-5/install/erp42_msgs/local/lib/python3.10/dist-packages/erp42_msgs/_erp42_msgs_s.ep.rosidl_typesupport_introspection_c.c
[0.281s] -- Up-to-date symlink: /home/kimsohee/ev-1-5/ev-Autonomous-Vehicle-1-5/install/erp42_msgs/local/lib/python3.10/dist-packages/erp42_msgs/erp42_msgs_s__rosidl_typesupport_c.cpython-310-aarch64-linux-gnu.so
[0.281s] -- Up-to-date symlink: /home/kimsohee/ev-1-5/ev-Autonomous-Vehicle-1-5/install/erp42_msgs/local/lib/python3.10/dist-packages/erp42_msgs/erp42_msgs_s__rosidl_typesupport_fastrtps_c.cpython-310-aarch64-linux-gnu.so
[0.281s] -- Up-to-date symlink: /home/kimsohee/ev-1-5/ev-Autonomous-Vehicle-1-5/install/erp42_msgs/local/lib/python3.10/dist-packages/erp42_msgs/erp42_msgs_s__rosidl_typesupport_introspection_c.cpython-310-aarch64-linux-gnu.so
[0.281s] -- Up-to-date symlink: /home/kimsohee/ev-1-5/ev-Autonomous-Vehicle-1-5/install/erp42_msgs/local/lib/python3.10/dist-packages/erp42_msgs/liberp42_msgs__rosidl_generator_py.so
[0.281s] -- Up-to-date symlink: /home/kimsohee/ev-1-5/ev-Autonomous-Vehicle-1-5/install/erp42_msgs/local/lib/python3.10/dist-packages/erp42_msgs/msg/__init__.py
[0.281s] -- Up-to-date symlink: /home/kimsohee/ev-1-5/ev-Autonomous-Vehicle-1-5/install/erp42_msgs/local/lib/python3.10/dist-packages/erp42_msgs/msg/_control_command.py
[0.281s] -- Up-to-date symlink: /home/kimsohee/ev-1-5/ev-Autonomous-Vehicle-1-5/install/erp42_msgs/local/lib/python3.10/dist-packages/erp42_msgs/msg/_control_command_s.c
[0.281s] -- Up-to-date symlink: /home/kimsohee/ev-1-5/ev-Autonomous-Vehicle-1-5/install/erp42_msgs/local/lib/python3.10/dist-packages/erp42_msgs/msg/_feedback.py
[0.281s] -- Up-to-date symlink: /home/kimsohee/ev-1-5/ev-Autonomous-Vehicle-1-5/install/erp42_msgs/local/lib/python3.10/dist-packages/erp42_msgs/msg/_feedback_s.c
[0.281s] -- Up-to-date symlink: /home/kimsohee/ev-1-5/ev-Autonomous-Vehicle-1-5/install/erp42_msgs/local/lib/python3.10/dist-packages/erp42_msgs/srv/__init__.py
[0.281s] -- Up-to-date symlink: /home/kimsohee/ev-1-5/ev-Autonomous-Vehicle-1-5/install/erp42_msgs/local/lib/python3.10/dist-packages/erp42_msgs/srv/_mode_command.py
[0.281s] -- Up-to-date symlink: /home/kimsohee/ev-1-5/ev-Autonomous-Vehicle-1-5/install/erp42_msgs/local/lib/python3.10/dist-packages/erp42_msgs/srv/_mode_command_s.c
[0.281s] -- Up-to-date symlink: /home/kimsohee/ev-1-5/ev-Autonomous-Vehicle-1-5/install/erp42_msgs/local/lib/python3.10/dist-packages/erp42_msgs/erp42_msgs_s__rosidl_typesupport_fastrtps_c.cpython-310-aarch64-linux-gnu.so
[0.281s] -- Up-to-date symlink: /home/kimsohee/ev-1-5/ev-Autonomous-Vehicle-1-5/install/erp42_msgs/local/lib/python3.10/dist-packages/erp42_msgs/erp42_msgs_s__rosidl_typesupport_introspection_c.cpython-310-aarch64-linux-gnu.so
[0.281s] -- Up-to-date symlink: /home/kimsohee/ev-1-5/ev-Autonomous-Vehicle-1-5/install/erp42_msgs/local/lib/python3.10/dist-packages/erp42_msgs/erp42_msgs_s__rosidl_typesupport_c.cpython-310-aarch64-linux-gnu.so
[0.281s] -- Up-to-date symlink: /home/kimsohee/ev-1-5/ev-Autonomous-Vehicle-1-5/install/erp42_msgs/share/erp42_msgs/msg/ControlCommand.idl
[0.281s] -- Up-to-date symlink: /home/kimsohee/ev-1-5/ev-Autonomous-Vehicle-1-5/install/erp42_msgs/share/erp42_msgs/msg/Feedback.idl
[0.281s] -- Up-to-date symlink: /home/kimsohee/ev-1-5/ev-Autonomous-Vehicle-1-5/install/erp42_msgs/share/erp42_msgs/srv/ModeCommand.idl
[0.282s] -- Up-to-date symlink: /home/kimsohee/ev-1-5/ev-Autonomous-Vehicle-1-5/install/erp42_msgs/share/erp42_msgs/msg/ControlCommand.msg
[0.282s] -- Up-to-date symlink: /home/kimsohee/ev-1-5/ev-Autonomous-Vehicle-1-5/install/erp42_msgs/share/erp42_msgs/msg/Feedback.msg
[0.282s] -- Up-to-date symlink: /home/kimsohee/ev-1-5/ev-Autonomous-Vehicle-1-5/install/erp42_msgs/share/erp42_msgs/srv/ModeCommand.srv
[0.282s] -- Up-to-date symlink: /home/kimsohee/ev-1-5/ev-Autonomous-Vehicle-1-5/install/erp42_msgs/share/erp42_msgs/srv/ModeCommand_Request.msg
[0.282s] -- Up-to-date symlink: /home/kimsohee/ev-1-5/ev-Autonomous-Vehicle-1-5/install/erp42_msgs/share/erp42_msgs/srv/ModeCommand_Response.msg
[0.282s] -- Up-to-date symlink: /home/kimsohee/ev-1-5/ev-Autonomous-Vehicle-1-5/install/erp42_msgs/share/ament_index/resource_index/package_run_dependencies/erp42_msgs
[0.282s] -- Up-to-date symlink: /home/kimsohee/ev-1-5/ev-Autonomous-Vehicle-1-5/install/erp42_msgs/share/ament_index/resource_index/parent_prefix_path/erp42_msgs
[0.282s] -- Up-to-date symlink: /home/kimsohee/ev-1-5/ev-Autonomous-Vehicle-1-5/install/erp42_msgs/share/erp42_msgs/environment/ament_prefix_path.sh
[0.282s] -- Up-to-date symlink: /home/kimsohee/ev-1-5/ev-Autonomous-Vehicle-1-5/install/erp42_msgs/share/erp42_msgs/environment/ament_prefix_path.dsv
[0.282s] -- Up-to-date symlink: /home/kimsohee/ev-1-5/ev-Autonomous-Vehicle-1-5/install/erp42_msgs/share/erp42_msgs/environment/path.sh
[0.282s] -- Up-to-date symlink: /home/kimsohee/ev-1-5/ev-Autonomous-Vehicle-1-5/install/erp42_msgs/share/erp42_msgs/environment/path.dsv
[0.282s] -- Up-to-date symlink: /home/kimsohee/ev-1-5/ev-Autonomous-Vehicle-1-5/install/erp42_msgs/share/erp42_msgs/local_setup.bash
[0.282s] -- Up-to-date symlink: /home/kimsohee/ev-1-5/ev-Autonomous-Vehicle-1-5/install/erp42_msgs/share/erp42_msgs/local_setup.sh
[0.282s] -- Up-to-date symlink: /home/kimsohee/ev-1-5/ev-Autonomous-Vehicle-1-5/install/erp42_msgs/share/erp42_msgs/local_setup.zsh
[0.282s] -- Up-to-date symlink: /home/kimsohee/ev-1-5/ev-Autonomous-Vehicle-1-5/install/erp42_msgs/share/erp42_msgs/local_setup.dsv
[0.282s] -- Symlinking: /home/kimsohee/ev-1-5/ev-Autonomous-Vehicle-1-5/install/erp42_msgs/share/erp42_msgs/package.dsv
[0.285s] -- Up-to-date symlink: /home/kimsohee/ev-1-5/ev-Autonomous-Vehicle-1-5/install/erp42_msgs/share/ament_index/resource_index/packages/erp42_msgs
[0.285s] -- Up-to-date symlink: /home/kimsohee/ev-1-5/ev-Autonomous-Vehicle-1-5/install/erp42_msgs/share/erp42_msgs/cmake/rosidl_cmake-extras.cmake
[0.285s] -- Up-to-date symlink: /home/kimsohee/ev-1-5/ev-Autonomous-Vehicle-1-5/install/erp42_msgs/share/erp42_msgs/cmake/ament_cmake_export_dependencies-extras.cmake
[0.285s] -- Up-to-date symlink: /home/kimsohee/ev-1-5/ev-Autonomous-Vehicle-1-5/install/erp42_msgs/share/erp42_msgs/cmake/ament_cmake_export_include_directories-extras.cmake
[0.285s] -- Up-to-date symlink: /home/kimsohee/ev-1-5/ev-Autonomous-Vehicle-1-5/install/erp42_msgs/share/erp42_msgs/cmake/ament_cmake_export_libraries-extras.cmake
[0.285s] -- Up-to-date symlink: /home/kimsohee/ev-1-5/ev-Autonomous-Vehicle-1-5/install/erp42_msgs/share/erp42_msgs/cmake/ament_cmake_export_targets-extras.cmake
[0.285s] -- Up-to-date symlink: /home/kimsohee/ev-1-5/ev-Autonomous-Vehicle-1-5/install/erp42_msgs/share/erp42_msgs/cmake/rosidl_cmake_export_typesupport_targets-extras.cmake
[0.285s] -- Up-to-date symlink: /home/kimsohee/ev-1-5/ev-Autonomous-Vehicle-1-5/install/erp42_msgs/share/erp42_msgs/cmake/rosidl_cmake_export_typesupport_libraries-extras.cmake
[0.285s] -- Up-to-date symlink: /home/kimsohee/ev-1-5/ev-Autonomous-Vehicle-1-5/install/erp42_msgs/share/erp42_msgs/cmake/erp42_msgsConfig.cmake
[0.286s] -- Up-to-date symlink: /home/kimsohee/ev-1-5/ev-Autonomous-Vehicle-1-5/install/erp42_msgs/share/erp42_msgs/cmake/erp42_msgsConfig-version.cmake
[0.286s] -- Up-to-date symlink: /home/kimsohee/ev-1-5/ev-Autonomous-Vehicle-1-5/install/erp42_msgs/share/erp42_msgs/package.xml
[0.286s] -- Up-to-date: /home/kimsohee/ev-1-5/ev-Autonomous-Vehicle-1-5/install/erp42_msgs/lib/liberp42_msgs__rosidl_generator_c.so
[0.286s] -- Up-to-date: /home/kimsohee/ev-1-5/ev-Autonomous-Vehicle-1-5/install/erp42_msgs/lib/liberp42_msgs__rosidl_typesupport_fastrtps_c.so
[0.286s] -- Up-to-date: /home/kimsohee/ev-1-5/ev-Autonomous-Vehicle-1-5/install/erp42_msgs/lib/liberp42_msgs__rosidl_typesupport_fastrtps_cpp.so
[0.286s] -- Up-to-date: /home/kimsohee/ev-1-5/ev-Autonomous-Vehicle-1-5/install/erp42_msgs/lib/liberp42_msgs__rosidl_typesupport_introspection_c.so
[0.286s] -- Up-to-date: /home/kimsohee/ev-1-5/ev-Autonomous-Vehicle-1-5/install/erp42_msgs/lib/liberp42_msgs__rosidl_typesupport_c.so
[0.286s] -- Up-to-date: /home/kimsohee/ev-1-5/ev-Autonomous-Vehicle-1-5/install/erp42_msgs/lib/liberp42_msgs__rosidl_typesupport_introspection_cpp.so
[0.286s] -- Up-to-date: /home/kimsohee/ev-1-5/ev-Autonomous-Vehicle-1-5/install/erp42_msgs/lib/liberp42_msgs__rosidl_typesupport_cpp.so
[0.299s] Listing '/home/kimsohee/ev-1-5/ev-Autonomous-Vehicle-1-5/install/erp42_msgs/local/lib/python3.10/dist-packages/erp42_msgs'...
[0.299s] Listing '/home/kimsohee/ev-1-5/ev-Autonomous-Vehicle-1-5/install/erp42_msgs/local/lib/python3.10/dist-packages/erp42_msgs/msg'...
[0.299s] Listing '/home/kimsohee/ev-1-5/ev-Autonomous-Vehicle-1-5/install/erp42_msgs/local/lib/python3.10/dist-packages/erp42_msgs/srv'...
[0.307s] -- Up-to-date: /home/kimsohee/ev-1-5/ev-Autonomous-Vehicle-1-5/install/erp42_msgs/lib/liberp42_msgs__rosidl_generator_py.so
[0.308s] -- Up-to-date: /home/kimsohee/ev-1-5/ev-Autonomous-Vehicle-1-5/install/erp42_msgs/share/erp42_msgs/cmake/export_erp42_msgs__rosidl_generator_cExport.cmake
[0.308s] -- Up-to-date: /home/kimsohee/ev-1-5/ev-Autonomous-Vehicle-1-5/install/erp42_msgs/share/erp42_msgs/cmake/export_erp42_msgs__rosidl_generator_cExport-noconfig.cmake
[0.308s] -- Up-to-date: /home/kimsohee/ev-1-5/ev-Autonomous-Vehicle-1-5/install/erp42_msgs/share/erp42_msgs/cmake/export_erp42_msgs__rosidl_typesupport_fastrtps_cExport.cmake
[0.308s] -- Up-to-date: /home/kimsohee/ev-1-5/ev-Autonomous-Vehicle-1-5/install/erp42_msgs/share/erp42_msgs/cmake/export_erp42_msgs__rosidl_typesupport_fastrtps_cExport-noconfig.cmake
[0.308s] -- Up-to-date: /home/kimsohee/ev-1-5/ev-Autonomous-Vehicle-1-5/install/erp42_msgs/share/erp42_msgs/cmake/export_erp42_msgs__rosidl_generator_cppExport.cmake
[0.308s] -- Up-to-date: /home/kimsohee/ev-1-5/ev-Autonomous-Vehicle-1-5/install/erp42_msgs/share/erp42_msgs/cmake/export_erp42_msgs__rosidl_typesupport_fastrtps_cppExport.cmake
[0.309s] -- Up-to-date: /home/kimsohee/ev-1-5/ev-Autonomous-Vehicle-1-5/install/erp42_msgs/share/erp42_msgs/cmake/export_erp42_msgs__rosidl_typesupport_fastrtps_cppExport-noconfig.cmake
[0.310s] -- Up-to-date: /home/kimsohee/ev-1-5/ev-Autonomous-Vehicle-1-5/install/erp42_msgs/share/erp42_msgs/cmake/erp42_msgs__rosidl_typesupport_introspection_cExport.cmake
[0.310s] -- Up-to-date: /home/kimsohee/ev-1-5/ev-Autonomous-Vehicle-1-5/install/erp42_msgs/share/erp42_msgs/cmake/erp42_msgs__rosidl_typesupport_introspection_cExport-noconfig.cmake
[0.310s] -- Up-to-date: /home/kimsohee/ev-1-5/ev-Autonomous-Vehicle-1-5/install/erp42_msgs/share/erp42_msgs/cmake/erp42_msgs__rosidl_typesupport_cExport.cmake
[0.310s] -- Up-to-date: /home/kimsohee/ev-1-5/ev-Autonomous-Vehicle-1-5/install/erp42_msgs/share/erp42_msgs/cmake/erp42_msgs__rosidl_typesupport_cExport-noconfig.cmake
[0.310s] -- Up-to-date: /home/kimsohee/ev-1-5/ev-Autonomous-Vehicle-1-5/install/erp42_msgs/share/erp42_msgs/cmake/erp42_msgs__rosidl_typesupport_introspection_cppExport.cmake
[0.310s] -- Up-to-date: /home/kimsohee/ev-1-5/ev-Autonomous-Vehicle-1-5/install/erp42_msgs/share/erp42_msgs/cmake/erp42_msgs__rosidl_typesupport_introspection_cppExport-noconfig.cmake
[0.310s] -- Up-to-date: /home/kimsohee/ev-1-5/ev-Autonomous-Vehicle-1-5/install/erp42_msgs/share/erp42_msgs/cmake/erp42_msgs__rosidl_typesupport_cppExport.cmake
[0.310s] -- Up-to-date: /home/kimsohee/ev-1-5/ev-Autonomous-Vehicle-1-5/install/erp42_msgs/share/erp42_msgs/cmake/erp42_msgs__rosidl_typesupport_cppExport-noconfig.cmake
[0.310s] -- Up-to-date: /home/kimsohee/ev-1-5/ev-Autonomous-Vehicle-1-5/install/erp42_msgs/share/erp42_msgs/cmake/export_erp42_msgs__rosidl_generator_pyExport.cmake
[0.310s] -- Up-to-date: /home/kimsohee/ev-1-5/ev-Autonomous-Vehicle-1-5/install/erp42_msgs/share/erp42_msgs/cmake/export_erp42_msgs__rosidl_generator_pyExport-noconfig.cmake
[0.322s] Invoked command in '/home/kimsohee/ev-1-5/ev-Autonomous-Vehicle-1-5/build/erp42_msgs' returned '0': CMAKE_PREFIX_PATH=/opt/ros/humble /usr/bin/cmake --install /home/kimsohee/ev-1-5/ev-Autonomous-Vehicle-1-5/build/erp42_msgs
