[0.017s] Invoking command in '/home/aiv/ev_ws/build/erp42_rqt_plugin': AMENT_PREFIX_PATH=/home/aiv/ev_ws/install/erp42_util:/home/aiv/ev_ws/install/erp42_msgs:/home/aiv/ev_ws/install/erp42_cmake:${AMENT_PREFIX_PATH} CMAKE_PREFIX_PATH=/home/aiv/ev_ws/install/erp42_util:/home/aiv/ev_ws/install/erp42_msgs:/home/aiv/ev_ws/install/erp42_cmake:/home/aiv/ev_ws/carsa_gazebo/install/carsa_gazebo:/home/aiv/ev_ws/planning/install/chaining_costmap_ver:/home/aiv/ev_ws/ev_msgs/install/ev_msgs:/home/aiv/ev_ws/erp42_ros/install/erp42_serial:/home/aiv/ev_ws/erp42_ros/install/erp42_rqt_plugin:/home/aiv/ev_ws/erp42_ros/install/erp42_gazebo:/home/aiv/ev_ws/erp42_ros/install/erp42_util:/home/aiv/ev_ws/erp42_ros/install/erp42_msgs:/home/aiv/ev_ws/erp42_ros/install/erp42_description:/home/aiv/ev_ws/erp42_ros/install/erp42_cmake:/home/aiv/ev_ws/perception/install/velodyne:/home/aiv/ev_ws/perception/install/lidar_launch:/home/aiv/ev_ws/perception/install/velodyne_pointcloud:/home/aiv/ev_ws/perception/install/velodyne_driver:/home/aiv/ev_ws/perception/install/velodyne_msgs:/home/aiv/ev_ws/perception/install/velodyne_cropbox:/home/aiv/ev_ws/perception/install/patchworkpp:/home/aiv/ev_ws/perception/install/make_bbox:/home/aiv/ev_ws/perception/install/lidar_voxel_grid:/home/aiv/ev_ws/perception/install/dbscan_clustering:/home/aiv/ev_ws/perception/install/cluster_splitter:/opt/ros/humble LD_LIBRARY_PATH=/home/aiv/ev_ws/install/erp42_util/lib:/home/aiv/ev_ws/install/erp42_msgs/lib:${LD_LIBRARY_PATH} PYTHONPATH=/home/aiv/ev_ws/install/erp42_msgs/local/lib/python3.10/dist-packages:${PYTHONPATH} /usr/bin/cmake /home/aiv/ev_ws/erp42_ros/src/erp42_rqt_plugin -DAMENT_CMAKE_SYMLINK_INSTALL=1 -DCMAKE_INSTALL_PREFIX=/home/aiv/ev_ws/install/erp42_rqt_plugin
[0.061s] -- The C compiler identification is GNU 11.4.0
[0.106s] -- The CXX compiler identification is GNU 11.4.0
[0.112s] -- Detecting C compiler ABI info
[0.169s] -- Detecting C compiler ABI info - done
[0.176s] -- Check for working C compiler: /usr/bin/cc - skipped
[0.176s] -- Detecting C compile features
[0.176s] -- Detecting C compile features - done
[0.179s] -- Detecting CXX compiler ABI info
[0.243s] -- Detecting CXX compiler ABI info - done
[0.248s] -- Check for working CXX compiler: /usr/bin/c++ - skipped
[0.248s] -- Detecting CXX compile features
[0.249s] -- Detecting CXX compile features - done
[0.249s] -- Found erp42_cmake: 0.0.0 (/home/aiv/ev_ws/install/erp42_cmake/share/erp42_cmake/cmake)
[0.251s] -- Found ament_cmake_auto: 1.3.12 (/opt/ros/humble/share/ament_cmake_auto/cmake)
[0.362s] -- Found Python3: /usr/bin/python3 (found version "3.10.12") found components: Interpreter 
[0.407s] -- Override CMake install command with custom implementation using symlinks instead of copying resources
[0.563s] -- Found rosidl_generator_c: 3.1.8 (/opt/ros/humble/share/rosidl_generator_c/cmake)
[0.570s] -- Found rosidl_adapter: 3.1.8 (/opt/ros/humble/share/rosidl_adapter/cmake)
[0.581s] -- Found rosidl_generator_cpp: 3.1.8 (/opt/ros/humble/share/rosidl_generator_cpp/cmake)
[0.595s] -- Using all available rosidl_typesupport_c: rosidl_typesupport_fastrtps_c;rosidl_typesupport_introspection_c
[0.615s] -- Using all available rosidl_typesupport_cpp: rosidl_typesupport_fastrtps_cpp;rosidl_typesupport_introspection_cpp
[0.669s] -- Found rmw_implementation_cmake: 6.1.2 (/opt/ros/humble/share/rmw_implementation_cmake/cmake)
[0.673s] -- Found rmw_fastrtps_cpp: 6.2.9 (/opt/ros/humble/share/rmw_fastrtps_cpp/cmake)
[0.758s] -- Found OpenSSL: /usr/lib/x86_64-linux-gnu/libcrypto.so (found version "3.0.2")  
[0.783s] -- Found FastRTPS: /opt/ros/humble/include  
[0.826s] -- Using RMW implementation 'rmw_fastrtps_cpp' as default
[0.840s] -- Looking for pthread.h
[0.916s] -- Looking for pthread.h - found
[0.916s] -- Performing Test CMAKE_HAVE_LIBC_PTHREAD
[0.990s] -- Performing Test CMAKE_HAVE_LIBC_PTHREAD - Success
[0.992s] -- Found Threads: TRUE  
[1.166s] -- Configuring done
[1.183s] -- Generating done
[1.187s] -- Build files have been written to: /home/aiv/ev_ws/build/erp42_rqt_plugin
[1.211s] Invoked command in '/home/aiv/ev_ws/build/erp42_rqt_plugin' returned '0': AMENT_PREFIX_PATH=/home/aiv/ev_ws/install/erp42_util:/home/aiv/ev_ws/install/erp42_msgs:/home/aiv/ev_ws/install/erp42_cmake:${AMENT_PREFIX_PATH} CMAKE_PREFIX_PATH=/home/aiv/ev_ws/install/erp42_util:/home/aiv/ev_ws/install/erp42_msgs:/home/aiv/ev_ws/install/erp42_cmake:/home/aiv/ev_ws/carsa_gazebo/install/carsa_gazebo:/home/aiv/ev_ws/planning/install/chaining_costmap_ver:/home/aiv/ev_ws/ev_msgs/install/ev_msgs:/home/aiv/ev_ws/erp42_ros/install/erp42_serial:/home/aiv/ev_ws/erp42_ros/install/erp42_rqt_plugin:/home/aiv/ev_ws/erp42_ros/install/erp42_gazebo:/home/aiv/ev_ws/erp42_ros/install/erp42_util:/home/aiv/ev_ws/erp42_ros/install/erp42_msgs:/home/aiv/ev_ws/erp42_ros/install/erp42_description:/home/aiv/ev_ws/erp42_ros/install/erp42_cmake:/home/aiv/ev_ws/perception/install/velodyne:/home/aiv/ev_ws/perception/install/lidar_launch:/home/aiv/ev_ws/perception/install/velodyne_pointcloud:/home/aiv/ev_ws/perception/install/velodyne_driver:/home/aiv/ev_ws/perception/install/velodyne_msgs:/home/aiv/ev_ws/perception/install/velodyne_cropbox:/home/aiv/ev_ws/perception/install/patchworkpp:/home/aiv/ev_ws/perception/install/make_bbox:/home/aiv/ev_ws/perception/install/lidar_voxel_grid:/home/aiv/ev_ws/perception/install/dbscan_clustering:/home/aiv/ev_ws/perception/install/cluster_splitter:/opt/ros/humble LD_LIBRARY_PATH=/home/aiv/ev_ws/install/erp42_util/lib:/home/aiv/ev_ws/install/erp42_msgs/lib:${LD_LIBRARY_PATH} PYTHONPATH=/home/aiv/ev_ws/install/erp42_msgs/local/lib/python3.10/dist-packages:${PYTHONPATH} /usr/bin/cmake /home/aiv/ev_ws/erp42_ros/src/erp42_rqt_plugin -DAMENT_CMAKE_SYMLINK_INSTALL=1 -DCMAKE_INSTALL_PREFIX=/home/aiv/ev_ws/install/erp42_rqt_plugin
[1.211s] Invoking command in '/home/aiv/ev_ws/build/erp42_rqt_plugin': AMENT_PREFIX_PATH=/home/aiv/ev_ws/install/erp42_util:/home/aiv/ev_ws/install/erp42_msgs:/home/aiv/ev_ws/install/erp42_cmake:${AMENT_PREFIX_PATH} CMAKE_PREFIX_PATH=/home/aiv/ev_ws/install/erp42_util:/home/aiv/ev_ws/install/erp42_msgs:/home/aiv/ev_ws/install/erp42_cmake:/home/aiv/ev_ws/carsa_gazebo/install/carsa_gazebo:/home/aiv/ev_ws/planning/install/chaining_costmap_ver:/home/aiv/ev_ws/ev_msgs/install/ev_msgs:/home/aiv/ev_ws/erp42_ros/install/erp42_serial:/home/aiv/ev_ws/erp42_ros/install/erp42_rqt_plugin:/home/aiv/ev_ws/erp42_ros/install/erp42_gazebo:/home/aiv/ev_ws/erp42_ros/install/erp42_util:/home/aiv/ev_ws/erp42_ros/install/erp42_msgs:/home/aiv/ev_ws/erp42_ros/install/erp42_description:/home/aiv/ev_ws/erp42_ros/install/erp42_cmake:/home/aiv/ev_ws/perception/install/velodyne:/home/aiv/ev_ws/perception/install/lidar_launch:/home/aiv/ev_ws/perception/install/velodyne_pointcloud:/home/aiv/ev_ws/perception/install/velodyne_driver:/home/aiv/ev_ws/perception/install/velodyne_msgs:/home/aiv/ev_ws/perception/install/velodyne_cropbox:/home/aiv/ev_ws/perception/install/patchworkpp:/home/aiv/ev_ws/perception/install/make_bbox:/home/aiv/ev_ws/perception/install/lidar_voxel_grid:/home/aiv/ev_ws/perception/install/dbscan_clustering:/home/aiv/ev_ws/perception/install/cluster_splitter:/opt/ros/humble LD_LIBRARY_PATH=/home/aiv/ev_ws/install/erp42_util/lib:/home/aiv/ev_ws/install/erp42_msgs/lib:${LD_LIBRARY_PATH} PYTHONPATH=/home/aiv/ev_ws/install/erp42_msgs/local/lib/python3.10/dist-packages:${PYTHONPATH} /usr/bin/cmake --build /home/aiv/ev_ws/build/erp42_rqt_plugin -- -j28 -l28
[1.292s] [ 11%] [34m[1mGenerating ui_feedback_monitor.h[0m
[1.295s] [ 22%] [34m[1mGenerating include/erp42_rqt_plugin/moc_feedback_monitor_plugin.cpp[0m
[1.300s] [ 33%] [34m[1mGenerating ui_control_panel.h[0m
[1.300s] [ 44%] [34m[1mGenerating include/erp42_rqt_plugin/moc_control_panel_plugin.cpp[0m
[1.358s] [ 55%] [32mBuilding CXX object CMakeFiles/erp42_rqt_plugin.dir/src/feedback_monitor_plugin.cpp.o[0m
[1.365s] [ 66%] [32mBuilding CXX object CMakeFiles/erp42_rqt_plugin.dir/include/erp42_rqt_plugin/moc_feedback_monitor_plugin.cpp.o[0m
[1.365s] [ 77%] [32mBuilding CXX object CMakeFiles/erp42_rqt_plugin.dir/src/control_panel_plugin.cpp.o[0m
[1.368s] [ 88%] [32mBuilding CXX object CMakeFiles/erp42_rqt_plugin.dir/include/erp42_rqt_plugin/moc_control_panel_plugin.cpp.o[0m
[11.047s] [100%] [32m[1mLinking CXX shared library liberp42_rqt_plugin.so[0m
[11.462s] [100%] Built target erp42_rqt_plugin
[11.473s] Invoked command in '/home/aiv/ev_ws/build/erp42_rqt_plugin' returned '0': AMENT_PREFIX_PATH=/home/aiv/ev_ws/install/erp42_util:/home/aiv/ev_ws/install/erp42_msgs:/home/aiv/ev_ws/install/erp42_cmake:${AMENT_PREFIX_PATH} CMAKE_PREFIX_PATH=/home/aiv/ev_ws/install/erp42_util:/home/aiv/ev_ws/install/erp42_msgs:/home/aiv/ev_ws/install/erp42_cmake:/home/aiv/ev_ws/carsa_gazebo/install/carsa_gazebo:/home/aiv/ev_ws/planning/install/chaining_costmap_ver:/home/aiv/ev_ws/ev_msgs/install/ev_msgs:/home/aiv/ev_ws/erp42_ros/install/erp42_serial:/home/aiv/ev_ws/erp42_ros/install/erp42_rqt_plugin:/home/aiv/ev_ws/erp42_ros/install/erp42_gazebo:/home/aiv/ev_ws/erp42_ros/install/erp42_util:/home/aiv/ev_ws/erp42_ros/install/erp42_msgs:/home/aiv/ev_ws/erp42_ros/install/erp42_description:/home/aiv/ev_ws/erp42_ros/install/erp42_cmake:/home/aiv/ev_ws/perception/install/velodyne:/home/aiv/ev_ws/perception/install/lidar_launch:/home/aiv/ev_ws/perception/install/velodyne_pointcloud:/home/aiv/ev_ws/perception/install/velodyne_driver:/home/aiv/ev_ws/perception/install/velodyne_msgs:/home/aiv/ev_ws/perception/install/velodyne_cropbox:/home/aiv/ev_ws/perception/install/patchworkpp:/home/aiv/ev_ws/perception/install/make_bbox:/home/aiv/ev_ws/perception/install/lidar_voxel_grid:/home/aiv/ev_ws/perception/install/dbscan_clustering:/home/aiv/ev_ws/perception/install/cluster_splitter:/opt/ros/humble LD_LIBRARY_PATH=/home/aiv/ev_ws/install/erp42_util/lib:/home/aiv/ev_ws/install/erp42_msgs/lib:${LD_LIBRARY_PATH} PYTHONPATH=/home/aiv/ev_ws/install/erp42_msgs/local/lib/python3.10/dist-packages:${PYTHONPATH} /usr/bin/cmake --build /home/aiv/ev_ws/build/erp42_rqt_plugin -- -j28 -l28
[11.474s] Invoking command in '/home/aiv/ev_ws/build/erp42_rqt_plugin': AMENT_PREFIX_PATH=/home/aiv/ev_ws/install/erp42_util:/home/aiv/ev_ws/install/erp42_msgs:/home/aiv/ev_ws/install/erp42_cmake:${AMENT_PREFIX_PATH} CMAKE_PREFIX_PATH=/home/aiv/ev_ws/install/erp42_util:/home/aiv/ev_ws/install/erp42_msgs:/home/aiv/ev_ws/install/erp42_cmake:/home/aiv/ev_ws/carsa_gazebo/install/carsa_gazebo:/home/aiv/ev_ws/planning/install/chaining_costmap_ver:/home/aiv/ev_ws/ev_msgs/install/ev_msgs:/home/aiv/ev_ws/erp42_ros/install/erp42_serial:/home/aiv/ev_ws/erp42_ros/install/erp42_rqt_plugin:/home/aiv/ev_ws/erp42_ros/install/erp42_gazebo:/home/aiv/ev_ws/erp42_ros/install/erp42_util:/home/aiv/ev_ws/erp42_ros/install/erp42_msgs:/home/aiv/ev_ws/erp42_ros/install/erp42_description:/home/aiv/ev_ws/erp42_ros/install/erp42_cmake:/home/aiv/ev_ws/perception/install/velodyne:/home/aiv/ev_ws/perception/install/lidar_launch:/home/aiv/ev_ws/perception/install/velodyne_pointcloud:/home/aiv/ev_ws/perception/install/velodyne_driver:/home/aiv/ev_ws/perception/install/velodyne_msgs:/home/aiv/ev_ws/perception/install/velodyne_cropbox:/home/aiv/ev_ws/perception/install/patchworkpp:/home/aiv/ev_ws/perception/install/make_bbox:/home/aiv/ev_ws/perception/install/lidar_voxel_grid:/home/aiv/ev_ws/perception/install/dbscan_clustering:/home/aiv/ev_ws/perception/install/cluster_splitter:/opt/ros/humble LD_LIBRARY_PATH=/home/aiv/ev_ws/install/erp42_util/lib:/home/aiv/ev_ws/install/erp42_msgs/lib:${LD_LIBRARY_PATH} PYTHONPATH=/home/aiv/ev_ws/install/erp42_msgs/local/lib/python3.10/dist-packages:${PYTHONPATH} /usr/bin/cmake --install /home/aiv/ev_ws/build/erp42_rqt_plugin
[11.481s] -- Install configuration: ""
[11.482s] -- Execute custom install script
[11.482s] -- Symlinking: /home/aiv/ev_ws/install/erp42_rqt_plugin/share/erp42_rqt_plugin//plugin.xml
[11.488s] -- Symlinking: /home/aiv/ev_ws/install/erp42_rqt_plugin/include/erp42_rqt_plugin/erp42_rqt_plugin/control_panel_plugin.hpp
[11.495s] -- Symlinking: /home/aiv/ev_ws/install/erp42_rqt_plugin/include/erp42_rqt_plugin/erp42_rqt_plugin/feedback_monitor_plugin.hpp
[11.504s] -- Symlinking: /home/aiv/ev_ws/install/erp42_rqt_plugin/share/erp42_rqt_plugin/environment/library_path.sh
[11.512s] -- Symlinking: /home/aiv/ev_ws/install/erp42_rqt_plugin/share/erp42_rqt_plugin/environment/library_path.dsv
[11.521s] -- Symlinking: /home/aiv/ev_ws/install/erp42_rqt_plugin/lib/liberp42_rqt_plugin.so
[11.530s] -- Symlinking: /home/aiv/ev_ws/install/erp42_rqt_plugin/share/ament_index/resource_index/package_run_dependencies/erp42_rqt_plugin
[11.537s] -- Symlinking: /home/aiv/ev_ws/install/erp42_rqt_plugin/share/ament_index/resource_index/parent_prefix_path/erp42_rqt_plugin
[11.544s] -- Symlinking: /home/aiv/ev_ws/install/erp42_rqt_plugin/share/erp42_rqt_plugin/environment/ament_prefix_path.sh
[11.552s] -- Symlinking: /home/aiv/ev_ws/install/erp42_rqt_plugin/share/erp42_rqt_plugin/environment/ament_prefix_path.dsv
[11.560s] -- Symlinking: /home/aiv/ev_ws/install/erp42_rqt_plugin/share/erp42_rqt_plugin/environment/path.sh
[11.568s] -- Symlinking: /home/aiv/ev_ws/install/erp42_rqt_plugin/share/erp42_rqt_plugin/environment/path.dsv
[11.576s] -- Symlinking: /home/aiv/ev_ws/install/erp42_rqt_plugin/share/erp42_rqt_plugin/local_setup.bash
[11.584s] -- Symlinking: /home/aiv/ev_ws/install/erp42_rqt_plugin/share/erp42_rqt_plugin/local_setup.sh
[11.590s] -- Symlinking: /home/aiv/ev_ws/install/erp42_rqt_plugin/share/erp42_rqt_plugin/local_setup.zsh
[11.598s] -- Symlinking: /home/aiv/ev_ws/install/erp42_rqt_plugin/share/erp42_rqt_plugin/local_setup.dsv
[11.606s] -- Symlinking: /home/aiv/ev_ws/install/erp42_rqt_plugin/share/erp42_rqt_plugin/package.dsv
[11.613s] -- Symlinking: /home/aiv/ev_ws/install/erp42_rqt_plugin/share/ament_index/resource_index/packages/erp42_rqt_plugin
[11.620s] -- Symlinking: /home/aiv/ev_ws/install/erp42_rqt_plugin/share/ament_index/resource_index/rqt_gui__pluginlib__plugin/erp42_rqt_plugin
[11.628s] -- Symlinking: /home/aiv/ev_ws/install/erp42_rqt_plugin/share/erp42_rqt_plugin/cmake/ament_cmake_export_dependencies-extras.cmake
[11.635s] -- Symlinking: /home/aiv/ev_ws/install/erp42_rqt_plugin/share/erp42_rqt_plugin/cmake/ament_cmake_export_include_directories-extras.cmake
[11.643s] -- Symlinking: /home/aiv/ev_ws/install/erp42_rqt_plugin/share/erp42_rqt_plugin/cmake/ament_cmake_export_libraries-extras.cmake
[11.651s] -- Symlinking: /home/aiv/ev_ws/install/erp42_rqt_plugin/share/erp42_rqt_plugin/cmake/erp42_rqt_pluginConfig.cmake
[11.657s] -- Symlinking: /home/aiv/ev_ws/install/erp42_rqt_plugin/share/erp42_rqt_plugin/cmake/erp42_rqt_pluginConfig-version.cmake
[11.665s] -- Symlinking: /home/aiv/ev_ws/install/erp42_rqt_plugin/share/erp42_rqt_plugin/package.xml
[11.672s] -- Up-to-date symlink: /home/aiv/ev_ws/install/erp42_rqt_plugin/share/erp42_rqt_plugin/plugin.xml
[11.694s] -- Symlinking: /home/aiv/ev_ws/install/erp42_rqt_plugin/share/erp42_rqt_plugin/ui/control_panel.ui
[11.701s] -- Symlinking: /home/aiv/ev_ws/install/erp42_rqt_plugin/share/erp42_rqt_plugin/ui/feedback_monitor.ui
[11.711s] Invoked command in '/home/aiv/ev_ws/build/erp42_rqt_plugin' returned '0': AMENT_PREFIX_PATH=/home/aiv/ev_ws/install/erp42_util:/home/aiv/ev_ws/install/erp42_msgs:/home/aiv/ev_ws/install/erp42_cmake:${AMENT_PREFIX_PATH} CMAKE_PREFIX_PATH=/home/aiv/ev_ws/install/erp42_util:/home/aiv/ev_ws/install/erp42_msgs:/home/aiv/ev_ws/install/erp42_cmake:/home/aiv/ev_ws/carsa_gazebo/install/carsa_gazebo:/home/aiv/ev_ws/planning/install/chaining_costmap_ver:/home/aiv/ev_ws/ev_msgs/install/ev_msgs:/home/aiv/ev_ws/erp42_ros/install/erp42_serial:/home/aiv/ev_ws/erp42_ros/install/erp42_rqt_plugin:/home/aiv/ev_ws/erp42_ros/install/erp42_gazebo:/home/aiv/ev_ws/erp42_ros/install/erp42_util:/home/aiv/ev_ws/erp42_ros/install/erp42_msgs:/home/aiv/ev_ws/erp42_ros/install/erp42_description:/home/aiv/ev_ws/erp42_ros/install/erp42_cmake:/home/aiv/ev_ws/perception/install/velodyne:/home/aiv/ev_ws/perception/install/lidar_launch:/home/aiv/ev_ws/perception/install/velodyne_pointcloud:/home/aiv/ev_ws/perception/install/velodyne_driver:/home/aiv/ev_ws/perception/install/velodyne_msgs:/home/aiv/ev_ws/perception/install/velodyne_cropbox:/home/aiv/ev_ws/perception/install/patchworkpp:/home/aiv/ev_ws/perception/install/make_bbox:/home/aiv/ev_ws/perception/install/lidar_voxel_grid:/home/aiv/ev_ws/perception/install/dbscan_clustering:/home/aiv/ev_ws/perception/install/cluster_splitter:/opt/ros/humble LD_LIBRARY_PATH=/home/aiv/ev_ws/install/erp42_util/lib:/home/aiv/ev_ws/install/erp42_msgs/lib:${LD_LIBRARY_PATH} PYTHONPATH=/home/aiv/ev_ws/install/erp42_msgs/local/lib/python3.10/dist-packages:${PYTHONPATH} /usr/bin/cmake --install /home/aiv/ev_ws/build/erp42_rqt_plugin
