[0.007s] Invoking command in '/home/woonggook/ev_ws/build/usb_cam': CMAKE_PREFIX_PATH=${CMAKE_PREFIX_PATH}:/opt/ros/humble /usr/bin/cmake /home/woonggook/ev_ws/src/usb_cam -DCMAKE_INSTALL_PREFIX=/home/woonggook/ev_ws/install/usb_cam
[0.049s] -- The C compiler identification is GNU 11.4.0
[0.088s] -- The CXX compiler identification is GNU 11.4.0
[0.093s] -- Detecting C compiler ABI info
[0.153s] -- Detecting C compiler ABI info - done
[0.159s] -- Check for working C compiler: /usr/bin/cc - skipped
[0.159s] -- Detecting C compile features
[0.159s] -- Detecting C compile features - done
[0.161s] -- Detecting CXX compiler ABI info
[0.220s] -- Detecting CXX compiler ABI info - done
[0.227s] -- Check for working CXX compiler: /usr/bin/c++ - skipped
[0.227s] -- Detecting CXX compile features
[0.228s] -- Detecting CXX compile features - done
[0.230s] -- Found ament_cmake_auto: 1.3.12 (/opt/ros/humble/share/ament_cmake_auto/cmake)
[0.339s] -- Found Python3: /usr/bin/python3 (found version "3.10.12") found components: Interpreter 
[0.486s] -- Found rosidl_generator_c: 3.1.8 (/opt/ros/humble/share/rosidl_generator_c/cmake)
[0.489s] -- Found rosidl_adapter: 3.1.8 (/opt/ros/humble/share/rosidl_adapter/cmake)
[0.494s] -- Found rosidl_generator_cpp: 3.1.8 (/opt/ros/humble/share/rosidl_generator_cpp/cmake)
[0.501s] -- Using all available rosidl_typesupport_c: rosidl_typesupport_fastrtps_c;rosidl_typesupport_introspection_c
[0.511s] -- Using all available rosidl_typesupport_cpp: rosidl_typesupport_fastrtps_cpp;rosidl_typesupport_introspection_cpp
[0.540s] -- Found rmw_implementation_cmake: 6.1.2 (/opt/ros/humble/share/rmw_implementation_cmake/cmake)
[0.542s] -- Found rmw_fastrtps_cpp: 6.2.9 (/opt/ros/humble/share/rmw_fastrtps_cpp/cmake)
[0.614s] -- Found OpenSSL: /usr/lib/x86_64-linux-gnu/libcrypto.so (found version "3.0.2")  
[0.639s] -- Found FastRTPS: /opt/ros/humble/include  
[0.672s] -- Using RMW implementation 'rmw_fastrtps_cpp' as default
[0.677s] -- Looking for pthread.h
[0.731s] -- Looking for pthread.h - found
[0.731s] -- Performing Test CMAKE_HAVE_LIBC_PTHREAD
[0.790s] -- Performing Test CMAKE_HAVE_LIBC_PTHREAD - Success
[0.791s] -- Found Threads: TRUE  
[0.919s] -- Found OpenCV: /usr (found version "4.5.4") 
[0.922s] -- Found PkgConfig: /usr/bin/pkg-config (found version "0.29.2") 
[0.923s] -- Checking for module 'libavcodec'
[0.934s] --   Found libavcodec, version 58.134.100
[0.966s] -- Checking for module 'libavutil'
[0.984s] --   Found libavutil, version 56.70.100
[1.027s] -- Checking for module 'libswscale'
[1.047s] --   Found libswscale, version 5.9.100
[1.099s] -- Found ament_lint_auto: 0.12.14 (/opt/ros/humble/share/ament_lint_auto/cmake)
[1.113s] -- Found gtest sources under '/opt/ros/humble/src/gtest_vendor': C++ tests using 'Google Test' will be built
[1.117s] [0mIn this package, headers install destination is set to `include` by ament_auto_package. It is recommended to install `include/usb_cam` instead and will be the default behavior of ament_auto_package from ROS 2 Kilted Kaiju. On distributions before Kilted, ament_auto_package behaves the same way when you use USE_SCOPED_HEADER_INSTALL_DIR option.[0m
[1.119s] -- Added test 'copyright' to check source files copyright and LICENSE
[1.120s] -- Added test 'cppcheck' to perform static code analysis on C / C++ code
[1.121s] -- Configured cppcheck include dirs: /home/woonggook/ev_ws/src/usb_cam/include
[1.121s] -- Configured cppcheck exclude dirs and/or files: 
[1.122s] -- Added test 'cpplint' to check C / C++ code against the Google style
[1.122s] -- Configured cpplint exclude dirs and/or files: 
[1.122s] -- Added test 'flake8' to check Python code syntax and style conventions
[1.123s] -- Added test 'lint_cmake' to check CMake code style
[1.123s] -- Added test 'pep257' to check Python code against some of the docstring style conventions in PEP 257
[1.125s] -- Added test 'uncrustify' to check C / C++ code style
[1.125s] -- Configured uncrustify additional arguments: 
[1.125s] -- Added test 'xmllint' to check XML markup files
[1.126s] -- Configuring done
[1.141s] -- Generating done
[1.146s] -- Build files have been written to: /home/woonggook/ev_ws/build/usb_cam
[1.155s] Invoked command in '/home/woonggook/ev_ws/build/usb_cam' returned '0': CMAKE_PREFIX_PATH=${CMAKE_PREFIX_PATH}:/opt/ros/humble /usr/bin/cmake /home/woonggook/ev_ws/src/usb_cam -DCMAKE_INSTALL_PREFIX=/home/woonggook/ev_ws/install/usb_cam
[1.156s] Invoking command in '/home/woonggook/ev_ws/build/usb_cam': CMAKE_PREFIX_PATH=${CMAKE_PREFIX_PATH}:/opt/ros/humble /usr/bin/cmake --build /home/woonggook/ev_ws/build/usb_cam -- -j12 -l12
[1.196s] [  7%] [32mBuilding CXX object gtest/CMakeFiles/gtest_main.dir/src/gtest_main.cc.o[0m
[1.199s] [ 14%] [32mBuilding CXX object CMakeFiles/usb_cam_node_exe.dir/rclcpp_components/node_main_usb_cam_node_exe.cpp.o[0m
[1.199s] [ 28%] [32mBuilding CXX object CMakeFiles/usb_cam.dir/src/usb_cam.cpp.o[0m
[1.200s] [ 28%] [32mBuilding CXX object gtest/CMakeFiles/gtest.dir/src/gtest-all.cc.o[0m
[1.732s] [ 35%] [32m[1mLinking CXX static library libgtest_main.a[0m
[1.761s] [ 35%] Built target gtest_main
[2.346s] [ 42%] [32m[1mLinking CXX shared library libusb_cam.so[0m
[2.490s] [ 42%] Built target usb_cam
[2.510s] [ 50%] [32mBuilding CXX object CMakeFiles/usb_cam_node.dir/src/usb_cam_node.cpp.o[0m
[3.354s] [ 57%] [32m[1mLinking CXX executable usb_cam_node_exe[0m
[3.510s] [ 57%] Built target usb_cam_node_exe
[3.624s] [ 64%] [32m[1mLinking CXX static library libgtest.a[0m
[3.668s] [ 64%] Built target gtest
[3.685s] [ 71%] [32mBuilding CXX object CMakeFiles/test_pixel_formats.dir/test/test_pixel_formats.cpp.o[0m
[3.686s] [ 78%] [32mBuilding CXX object CMakeFiles/test_usb_cam_utils.dir/test/test_usb_cam_utils.cpp.o[0m
[4.718s] [ 85%] [32m[1mLinking CXX executable test_pixel_formats[0m
[4.784s] [ 92%] [32m[1mLinking CXX executable test_usb_cam_utils[0m
[4.885s] [ 92%] Built target test_pixel_formats
[4.944s] [ 92%] Built target test_usb_cam_utils
[7.479s] [100%] [32m[1mLinking CXX shared library libusb_cam_node.so[0m
[7.739s] [100%] Built target usb_cam_node
[7.748s] Invoked command in '/home/woonggook/ev_ws/build/usb_cam' returned '0': CMAKE_PREFIX_PATH=${CMAKE_PREFIX_PATH}:/opt/ros/humble /usr/bin/cmake --build /home/woonggook/ev_ws/build/usb_cam -- -j12 -l12
[7.755s] Invoking command in '/home/woonggook/ev_ws/build/usb_cam': CMAKE_PREFIX_PATH=${CMAKE_PREFIX_PATH}:/opt/ros/humble /usr/bin/cmake --install /home/woonggook/ev_ws/build/usb_cam
[7.761s] -- Install configuration: ""
[7.761s] -- Installing: /home/woonggook/ev_ws/install/usb_cam/share/usb_cam/environment/library_path.sh
[7.761s] -- Installing: /home/woonggook/ev_ws/install/usb_cam/share/usb_cam/environment/library_path.dsv
[7.761s] -- Installing: /home/woonggook/ev_ws/install/usb_cam/lib/usb_cam/usb_cam_node_exe
[7.762s] -- Set runtime path of "/home/woonggook/ev_ws/install/usb_cam/lib/usb_cam/usb_cam_node_exe" to ""
[7.762s] -- Installing: /home/woonggook/ev_ws/install/usb_cam/lib/usb_cam/show_image.py
[7.762s] -- Installing: /home/woonggook/ev_ws/install/usb_cam/lib/libusb_cam.so
[7.762s] -- Installing: /home/woonggook/ev_ws/install/usb_cam/lib/libusb_cam_node.so
[7.766s] -- Set runtime path of "/home/woonggook/ev_ws/install/usb_cam/lib/libusb_cam_node.so" to ""
[7.766s] -- Installing: /home/woonggook/ev_ws/install/usb_cam/include
[7.766s] -- Installing: /home/woonggook/ev_ws/install/usb_cam/include/usb_cam
[7.766s] -- Installing: /home/woonggook/ev_ws/install/usb_cam/include/usb_cam/formats
[7.766s] -- Installing: /home/woonggook/ev_ws/install/usb_cam/include/usb_cam/formats/rgb.hpp
[7.766s] -- Installing: /home/woonggook/ev_ws/install/usb_cam/include/usb_cam/formats/mono.hpp
[7.767s] -- Installing: /home/woonggook/ev_ws/install/usb_cam/include/usb_cam/formats/pixel_format_base.hpp
[7.767s] -- Installing: /home/woonggook/ev_ws/install/usb_cam/include/usb_cam/formats/utils.hpp
[7.767s] -- Installing: /home/woonggook/ev_ws/install/usb_cam/include/usb_cam/formats/m420.hpp
[7.767s] -- Installing: /home/woonggook/ev_ws/install/usb_cam/include/usb_cam/formats/yuyv.hpp
[7.767s] -- Installing: /home/woonggook/ev_ws/install/usb_cam/include/usb_cam/formats/mjpeg.hpp
[7.767s] -- Installing: /home/woonggook/ev_ws/install/usb_cam/include/usb_cam/formats/av_pixel_format_helper.hpp
[7.767s] -- Installing: /home/woonggook/ev_ws/install/usb_cam/include/usb_cam/formats/uyvy.hpp
[7.767s] -- Installing: /home/woonggook/ev_ws/install/usb_cam/include/usb_cam/constants.hpp
[7.767s] -- Installing: /home/woonggook/ev_ws/install/usb_cam/include/usb_cam/utils.hpp
[7.767s] -- Installing: /home/woonggook/ev_ws/install/usb_cam/include/usb_cam/conversions.hpp
[7.768s] -- Installing: /home/woonggook/ev_ws/install/usb_cam/include/usb_cam/usb_cam_node.hpp
[7.768s] -- Installing: /home/woonggook/ev_ws/install/usb_cam/include/usb_cam/usb_cam.hpp
[7.768s] -- Up-to-date: /home/woonggook/ev_ws/install/usb_cam/lib/libusb_cam_node.so
[7.768s] -- Installing: /home/woonggook/ev_ws/install/usb_cam/share/usb_cam/launch
[7.768s] -- Installing: /home/woonggook/ev_ws/install/usb_cam/share/usb_cam/launch/camera.launch.py
[7.768s] -- Installing: /home/woonggook/ev_ws/install/usb_cam/share/usb_cam/launch/camera_config.py
[7.768s] -- Installing: /home/woonggook/ev_ws/install/usb_cam/share/usb_cam/launch/__pycache__
[7.768s] -- Installing: /home/woonggook/ev_ws/install/usb_cam/share/usb_cam/launch/__pycache__/camera_config.cpython-310.pyc
[7.768s] -- Installing: /home/woonggook/ev_ws/install/usb_cam/share/usb_cam/launch/__init__.py
[7.768s] -- Installing: /home/woonggook/ev_ws/install/usb_cam/share/usb_cam/launch/camera_intra.launch.py
[7.768s] -- Installing: /home/woonggook/ev_ws/install/usb_cam/share/usb_cam/config
[7.768s] -- Installing: /home/woonggook/ev_ws/install/usb_cam/share/usb_cam/config/camera_info1.yaml
[7.768s] -- Installing: /home/woonggook/ev_ws/install/usb_cam/share/usb_cam/config/camera_info4.yaml
[7.768s] -- Installing: /home/woonggook/ev_ws/install/usb_cam/share/usb_cam/config/camera_info2.yaml
[7.768s] -- Installing: /home/woonggook/ev_ws/install/usb_cam/share/usb_cam/config/camera_info.yaml
[7.769s] -- Installing: /home/woonggook/ev_ws/install/usb_cam/share/usb_cam/config/params_1.yaml
[7.769s] -- Installing: /home/woonggook/ev_ws/install/usb_cam/share/usb_cam/config/params_2.yaml
[7.769s] -- Installing: /home/woonggook/ev_ws/install/usb_cam/share/usb_cam/config/TFConfig.zip
[7.769s] -- Installing: /home/woonggook/ev_ws/install/usb_cam/share/usb_cam/config/params_4.yaml
[7.769s] -- Installing: /home/woonggook/ev_ws/install/usb_cam/share/usb_cam/config/TFConfig
[7.769s] -- Installing: /home/woonggook/ev_ws/install/usb_cam/share/usb_cam/config/TFConfig/oldcamera4_tf.yaml
[7.769s] -- Installing: /home/woonggook/ev_ws/install/usb_cam/share/usb_cam/config/TFConfig/camera3_tf.yaml
[7.769s] -- Installing: /home/woonggook/ev_ws/install/usb_cam/share/usb_cam/config/TFConfig/camera2_tf.yaml
[7.769s] -- Installing: /home/woonggook/ev_ws/install/usb_cam/share/usb_cam/config/TFConfig/camera4_tf.yaml
[7.769s] -- Installing: /home/woonggook/ev_ws/install/usb_cam/share/usb_cam/config/TFConfig/oldcamera2_tf.yaml
[7.769s] -- Installing: /home/woonggook/ev_ws/install/usb_cam/share/usb_cam/config/TFConfig/camera1_tf.yaml
[7.769s] -- Installing: /home/woonggook/ev_ws/install/usb_cam/share/usb_cam/config/camera_info3.yaml
[7.769s] -- Installing: /home/woonggook/ev_ws/install/usb_cam/share/usb_cam/config/params_3.yaml
[7.769s] -- Installing: /home/woonggook/ev_ws/install/usb_cam/share/ament_index/resource_index/package_run_dependencies/usb_cam
[7.769s] -- Installing: /home/woonggook/ev_ws/install/usb_cam/share/ament_index/resource_index/parent_prefix_path/usb_cam
[7.769s] -- Installing: /home/woonggook/ev_ws/install/usb_cam/share/usb_cam/environment/ament_prefix_path.sh
[7.770s] -- Installing: /home/woonggook/ev_ws/install/usb_cam/share/usb_cam/environment/ament_prefix_path.dsv
[7.770s] -- Installing: /home/woonggook/ev_ws/install/usb_cam/share/usb_cam/environment/path.sh
[7.770s] -- Installing: /home/woonggook/ev_ws/install/usb_cam/share/usb_cam/environment/path.dsv
[7.770s] -- Installing: /home/woonggook/ev_ws/install/usb_cam/share/usb_cam/local_setup.bash
[7.770s] -- Installing: /home/woonggook/ev_ws/install/usb_cam/share/usb_cam/local_setup.sh
[7.770s] -- Installing: /home/woonggook/ev_ws/install/usb_cam/share/usb_cam/local_setup.zsh
[7.770s] -- Installing: /home/woonggook/ev_ws/install/usb_cam/share/usb_cam/local_setup.dsv
[7.770s] -- Installing: /home/woonggook/ev_ws/install/usb_cam/share/usb_cam/package.dsv
[7.770s] -- Installing: /home/woonggook/ev_ws/install/usb_cam/share/ament_index/resource_index/packages/usb_cam
[7.770s] -- Installing: /home/woonggook/ev_ws/install/usb_cam/share/ament_index/resource_index/rclcpp_components/usb_cam
[7.770s] -- Installing: /home/woonggook/ev_ws/install/usb_cam/share/usb_cam/cmake/ament_cmake_export_libraries-extras.cmake
[7.770s] -- Installing: /home/woonggook/ev_ws/install/usb_cam/share/usb_cam/cmake/ament_cmake_export_dependencies-extras.cmake
[7.770s] -- Installing: /home/woonggook/ev_ws/install/usb_cam/share/usb_cam/cmake/ament_cmake_export_include_directories-extras.cmake
[7.770s] -- Installing: /home/woonggook/ev_ws/install/usb_cam/share/usb_cam/cmake/usb_camConfig.cmake
[7.770s] -- Installing: /home/woonggook/ev_ws/install/usb_cam/share/usb_cam/cmake/usb_camConfig-version.cmake
[7.770s] -- Installing: /home/woonggook/ev_ws/install/usb_cam/share/usb_cam/package.xml
[7.771s] Invoked command in '/home/woonggook/ev_ws/build/usb_cam' returned '0': CMAKE_PREFIX_PATH=${CMAKE_PREFIX_PATH}:/opt/ros/humble /usr/bin/cmake --install /home/woonggook/ev_ws/build/usb_cam
