[0.006s] Invoking command in '/home/aiv/ev_ws/ev_msgs/build/ev_msgs': CMAKE_PREFIX_PATH=${CMAKE_PREFIX_PATH}:/opt/ros/humble /usr/bin/cmake /home/aiv/ev_ws/ev_msgs -DCMAKE_INSTALL_PREFIX=/home/aiv/ev_ws/ev_msgs/install/ev_msgs
[0.042s] -- The C compiler identification is GNU 11.4.0
[0.073s] -- The CXX compiler identification is GNU 11.4.0
[0.078s] -- Detecting C compiler ABI info
[0.120s] -- Detecting C compiler ABI info - done
[0.124s] -- Check for working C compiler: /usr/bin/cc - skipped
[0.124s] -- Detecting C compile features
[0.124s] -- Detecting C compile features - done
[0.125s] -- Detecting CXX compiler ABI info
[0.171s] -- Detecting CXX compiler ABI info - done
[0.175s] -- Check for working CXX compiler: /usr/bin/c++ - skipped
[0.175s] -- Detecting CXX compile features
[0.176s] -- Detecting CXX compile features - done
[0.177s] -- Found ament_cmake: 1.3.12 (/opt/ros/humble/share/ament_cmake/cmake)
[0.264s] -- Found Python3: /usr/bin/python3 (found version "3.10.12") found components: Interpreter 
[0.318s] -- Found rosidl_default_generators: 1.2.0 (/opt/ros/humble/share/rosidl_default_generators/cmake)
[0.323s] -- Using all available rosidl_typesupport_c: rosidl_typesupport_fastrtps_c;rosidl_typesupport_introspection_c
[0.330s] -- Found rosidl_adapter: 3.1.8 (/opt/ros/humble/share/rosidl_adapter/cmake)
[0.356s] -- Using all available rosidl_typesupport_cpp: rosidl_typesupport_fastrtps_cpp;rosidl_typesupport_introspection_cpp
[0.376s] -- Found geometry_msgs: 4.9.0 (/opt/ros/humble/share/geometry_msgs/cmake)
[0.571s] -- Found ament_cmake_ros: 0.10.0 (/opt/ros/humble/share/ament_cmake_ros/cmake)
[0.709s] -- Using all available rosidl_typesupport_c: rosidl_typesupport_fastrtps_c;rosidl_typesupport_introspection_c
[0.885s] -- Using all available rosidl_typesupport_cpp: rosidl_typesupport_fastrtps_cpp;rosidl_typesupport_introspection_cpp
[0.897s] -- Found PythonInterp: /usr/bin/python3 (found suitable version "3.10.12", minimum required is "3.6") 
[0.898s] -- Found python_cmake_module: 0.10.0 (/opt/ros/humble/share/python_cmake_module/cmake)
[0.915s] -- Found PythonLibs: /usr/lib/x86_64-linux-gnu/libpython3.10.so (found suitable version "3.10.12", minimum required is "3.5") 
[0.915s] -- Using PYTHON_EXECUTABLE: /usr/bin/python3
[0.915s] -- Using PYTHON_INCLUDE_DIRS: /usr/include/python3.10
[0.915s] -- Using PYTHON_LIBRARIES: /usr/lib/x86_64-linux-gnu/libpython3.10.so
[0.925s] -- Found PythonExtra: .so  
[0.963s] -- Configuring done
[0.983s] -- Generating done
[0.989s] -- Build files have been written to: /home/aiv/ev_ws/ev_msgs/build/ev_msgs
[0.994s] Invoked command in '/home/aiv/ev_ws/ev_msgs/build/ev_msgs' returned '0': CMAKE_PREFIX_PATH=${CMAKE_PREFIX_PATH}:/opt/ros/humble /usr/bin/cmake /home/aiv/ev_ws/ev_msgs -DCMAKE_INSTALL_PREFIX=/home/aiv/ev_ws/ev_msgs/install/ev_msgs
[0.995s] Invoking command in '/home/aiv/ev_ws/ev_msgs/build/ev_msgs': CMAKE_PREFIX_PATH=${CMAKE_PREFIX_PATH}:/opt/ros/humble /usr/bin/cmake --build /home/aiv/ev_ws/ev_msgs/build/ev_msgs -- -j28 -l28
[1.019s] [  1%] Generating C code for ROS interfaces
[1.027s] [  3%] Generating C++ code for ROS interfaces
[1.031s] [  3%] Built target ament_cmake_python_copy_ev_msgs
[1.164s] running egg_info
[1.164s] creating ev_msgs.egg-info
[1.164s] writing ev_msgs.egg-info/PKG-INFO
[1.164s] writing dependency_links to ev_msgs.egg-info/dependency_links.txt
[1.164s] writing top-level names to ev_msgs.egg-info/top_level.txt
[1.164s] writing manifest file 'ev_msgs.egg-info/SOURCES.txt'
[1.166s] reading manifest file 'ev_msgs.egg-info/SOURCES.txt'
[1.166s] writing manifest file 'ev_msgs.egg-info/SOURCES.txt'
[1.181s] [  3%] Built target ament_cmake_python_build_ev_msgs_egg
[1.296s] [  3%] Built target ev_msgs__cpp
[1.297s] [  5%] Building C object CMakeFiles/ev_msgs__rosidl_generator_c.dir/rosidl_generator_c/ev_msgs/msg/detail/lane_boundary_array__functions.c.o
[1.297s] [  9%] Building C object CMakeFiles/ev_msgs__rosidl_generator_c.dir/rosidl_generator_c/ev_msgs/msg/detail/cone_array__functions.c.o
[1.297s] [  9%] Building C object CMakeFiles/ev_msgs__rosidl_generator_c.dir/rosidl_generator_c/ev_msgs/msg/detail/cone__functions.c.o
[1.297s] [ 10%] Building C object CMakeFiles/ev_msgs__rosidl_generator_c.dir/rosidl_generator_c/ev_msgs/msg/detail/lane_boundary__functions.c.o
[1.303s] [ 12%] Generating C++ type support dispatch for ROS interfaces
[1.304s] [ 14%] Generating C++ type support for eProsima Fast-RTPS
[1.304s] [ 16%] Generating C++ introspection for ROS interfaces
[1.331s] [ 18%] Linking C shared library libev_msgs__rosidl_generator_c.so
[1.358s] [ 18%] Built target ev_msgs__rosidl_generator_c
[1.366s] [ 20%] Generating C type support for eProsima Fast-RTPS
[1.366s] [ 23%] Generating C introspection for ROS interfaces
[1.367s] [ 23%] Generating C type support dispatch for ROS interfaces
[1.526s] [ 25%] Building CXX object CMakeFiles/ev_msgs__rosidl_typesupport_cpp.dir/rosidl_typesupport_cpp/ev_msgs/msg/lane_boundary_array__type_support.cpp.o
[1.527s] [ 29%] Building CXX object CMakeFiles/ev_msgs__rosidl_typesupport_cpp.dir/rosidl_typesupport_cpp/ev_msgs/msg/cone__type_support.cpp.o
[1.527s] [ 29%] Building CXX object CMakeFiles/ev_msgs__rosidl_typesupport_cpp.dir/rosidl_typesupport_cpp/ev_msgs/msg/cone_array__type_support.cpp.o
[1.527s] [ 30%] Building CXX object CMakeFiles/ev_msgs__rosidl_typesupport_cpp.dir/rosidl_typesupport_cpp/ev_msgs/msg/lane_boundary__type_support.cpp.o
[1.551s] [ 32%] Building CXX object CMakeFiles/ev_msgs__rosidl_typesupport_introspection_cpp.dir/rosidl_typesupport_introspection_cpp/ev_msgs/msg/detail/lane_boundary__type_support.cpp.o
[1.552s] [ 34%] Building CXX object CMakeFiles/ev_msgs__rosidl_typesupport_introspection_cpp.dir/rosidl_typesupport_introspection_cpp/ev_msgs/msg/detail/lane_boundary_array__type_support.cpp.o
[1.553s] [ 36%] Building CXX object CMakeFiles/ev_msgs__rosidl_typesupport_introspection_cpp.dir/rosidl_typesupport_introspection_cpp/ev_msgs/msg/detail/cone__type_support.cpp.o
[1.554s] [ 38%] Building CXX object CMakeFiles/ev_msgs__rosidl_typesupport_introspection_cpp.dir/rosidl_typesupport_introspection_cpp/ev_msgs/msg/detail/cone_array__type_support.cpp.o
[1.563s] [ 40%] Building CXX object CMakeFiles/ev_msgs__rosidl_typesupport_fastrtps_cpp.dir/rosidl_typesupport_fastrtps_cpp/ev_msgs/msg/detail/dds_fastrtps/cone_array__type_support.cpp.o
[1.563s] [ 41%] Building CXX object CMakeFiles/ev_msgs__rosidl_typesupport_fastrtps_cpp.dir/rosidl_typesupport_fastrtps_cpp/ev_msgs/msg/detail/dds_fastrtps/lane_boundary_array__type_support.cpp.o
[1.565s] [ 43%] Building CXX object CMakeFiles/ev_msgs__rosidl_typesupport_fastrtps_cpp.dir/rosidl_typesupport_fastrtps_cpp/ev_msgs/msg/detail/dds_fastrtps/cone__type_support.cpp.o
[1.565s] [ 45%] Building CXX object CMakeFiles/ev_msgs__rosidl_typesupport_fastrtps_cpp.dir/rosidl_typesupport_fastrtps_cpp/ev_msgs/msg/detail/dds_fastrtps/lane_boundary__type_support.cpp.o
[1.602s] [ 49%] Building CXX object CMakeFiles/ev_msgs__rosidl_typesupport_c.dir/rosidl_typesupport_c/ev_msgs/msg/lane_boundary__type_support.cpp.o
[1.602s] [ 49%] Building CXX object CMakeFiles/ev_msgs__rosidl_typesupport_c.dir/rosidl_typesupport_c/ev_msgs/msg/lane_boundary_array__type_support.cpp.o
[1.603s] [ 52%] Building CXX object CMakeFiles/ev_msgs__rosidl_typesupport_c.dir/rosidl_typesupport_c/ev_msgs/msg/cone_array__type_support.cpp.o
[1.603s] [ 52%] Building CXX object CMakeFiles/ev_msgs__rosidl_typesupport_c.dir/rosidl_typesupport_c/ev_msgs/msg/cone__type_support.cpp.o
[1.626s] [ 58%] Building C object CMakeFiles/ev_msgs__rosidl_typesupport_introspection_c.dir/rosidl_typesupport_introspection_c/ev_msgs/msg/detail/lane_boundary__type_support.c.o
[1.626s] [ 58%] Building C object CMakeFiles/ev_msgs__rosidl_typesupport_introspection_c.dir/rosidl_typesupport_introspection_c/ev_msgs/msg/detail/cone__type_support.c.o
[1.626s] [ 58%] Linking CXX shared library libev_msgs__rosidl_typesupport_c.so
[1.629s] [ 61%] Building C object CMakeFiles/ev_msgs__rosidl_typesupport_introspection_c.dir/rosidl_typesupport_introspection_c/ev_msgs/msg/detail/lane_boundary_array__type_support.c.o
[1.629s] [ 61%] Building C object CMakeFiles/ev_msgs__rosidl_typesupport_introspection_c.dir/rosidl_typesupport_introspection_c/ev_msgs/msg/detail/cone_array__type_support.c.o
[1.633s] [ 63%] Building CXX object CMakeFiles/ev_msgs__rosidl_typesupport_fastrtps_c.dir/rosidl_typesupport_fastrtps_c/ev_msgs/msg/detail/cone__type_support_c.cpp.o
[1.634s] [ 65%] Building CXX object CMakeFiles/ev_msgs__rosidl_typesupport_fastrtps_c.dir/rosidl_typesupport_fastrtps_c/ev_msgs/msg/detail/cone_array__type_support_c.cpp.o
[1.635s] [ 67%] Building CXX object CMakeFiles/ev_msgs__rosidl_typesupport_fastrtps_c.dir/rosidl_typesupport_fastrtps_c/ev_msgs/msg/detail/lane_boundary__type_support_c.cpp.o
[1.635s] [ 69%] Building CXX object CMakeFiles/ev_msgs__rosidl_typesupport_fastrtps_c.dir/rosidl_typesupport_fastrtps_c/ev_msgs/msg/detail/lane_boundary_array__type_support_c.cpp.o
[1.655s] [ 69%] Built target ev_msgs__rosidl_typesupport_c
[1.660s] [ 70%] Linking C shared library libev_msgs__rosidl_typesupport_introspection_c.so
[1.681s] [ 70%] Built target ev_msgs__rosidl_typesupport_introspection_c
[1.768s] [ 72%] Linking CXX shared library libev_msgs__rosidl_typesupport_cpp.so
[1.802s] [ 72%] Built target ev_msgs__rosidl_typesupport_cpp
[1.882s] [ 74%] Linking CXX shared library libev_msgs__rosidl_typesupport_introspection_cpp.so
[1.885s] [ 76%] Linking CXX shared library libev_msgs__rosidl_typesupport_fastrtps_c.so
[1.898s] [ 78%] Linking CXX shared library libev_msgs__rosidl_typesupport_fastrtps_cpp.so
[1.930s] [ 78%] Built target ev_msgs__rosidl_typesupport_introspection_cpp
[1.938s] [ 78%] Built target ev_msgs__rosidl_typesupport_fastrtps_c
[1.948s] [ 78%] Built target ev_msgs__rosidl_typesupport_fastrtps_cpp
[1.962s] [ 78%] Built target ev_msgs
[1.977s] [ 80%] Generating Python code for ROS interfaces
[2.380s] [ 80%] Built target ev_msgs__py
[2.393s] [ 81%] Building C object CMakeFiles/ev_msgs__rosidl_generator_py.dir/rosidl_generator_py/ev_msgs/msg/_cone_s.c.o
[2.393s] [ 83%] Building C object CMakeFiles/ev_msgs__rosidl_generator_py.dir/rosidl_generator_py/ev_msgs/msg/_lane_boundary_array_s.c.o
[2.393s] [ 85%] Building C object CMakeFiles/ev_msgs__rosidl_generator_py.dir/rosidl_generator_py/ev_msgs/msg/_cone_array_s.c.o
[2.393s] [ 87%] Building C object CMakeFiles/ev_msgs__rosidl_generator_py.dir/rosidl_generator_py/ev_msgs/msg/_lane_boundary_s.c.o
[2.449s] [ 89%] Linking C shared library rosidl_generator_py/ev_msgs/libev_msgs__rosidl_generator_py.so
[2.473s] [ 89%] Built target ev_msgs__rosidl_generator_py
[2.488s] [ 92%] Building C object CMakeFiles/ev_msgs__rosidl_typesupport_c__pyext.dir/rosidl_generator_py/ev_msgs/_ev_msgs_s.ep.rosidl_typesupport_c.c.o
[2.488s] [ 92%] Building C object CMakeFiles/ev_msgs__rosidl_typesupport_fastrtps_c__pyext.dir/rosidl_generator_py/ev_msgs/_ev_msgs_s.ep.rosidl_typesupport_fastrtps_c.c.o
[2.489s] [ 94%] Building C object CMakeFiles/ev_msgs__rosidl_typesupport_introspection_c__pyext.dir/rosidl_generator_py/ev_msgs/_ev_msgs_s.ep.rosidl_typesupport_introspection_c.c.o
[2.545s] [ 96%] Linking C shared library rosidl_generator_py/ev_msgs/ev_msgs_s__rosidl_typesupport_fastrtps_c.cpython-310-x86_64-linux-gnu.so
[2.545s] [ 98%] Linking C shared library rosidl_generator_py/ev_msgs/ev_msgs_s__rosidl_typesupport_introspection_c.cpython-310-x86_64-linux-gnu.so
[2.548s] [100%] Linking C shared library rosidl_generator_py/ev_msgs/ev_msgs_s__rosidl_typesupport_c.cpython-310-x86_64-linux-gnu.so
[2.568s] [100%] Built target ev_msgs__rosidl_typesupport_fastrtps_c__pyext
[2.569s] [100%] Built target ev_msgs__rosidl_typesupport_introspection_c__pyext
[2.574s] [100%] Built target ev_msgs__rosidl_typesupport_c__pyext
[2.581s] Invoked command in '/home/aiv/ev_ws/ev_msgs/build/ev_msgs' returned '0': CMAKE_PREFIX_PATH=${CMAKE_PREFIX_PATH}:/opt/ros/humble /usr/bin/cmake --build /home/aiv/ev_ws/ev_msgs/build/ev_msgs -- -j28 -l28
[2.587s] Invoking command in '/home/aiv/ev_ws/ev_msgs/build/ev_msgs': CMAKE_PREFIX_PATH=${CMAKE_PREFIX_PATH}:/opt/ros/humble /usr/bin/cmake --install /home/aiv/ev_ws/ev_msgs/build/ev_msgs
[2.593s] -- Install configuration: ""
[2.593s] -- Installing: /home/aiv/ev_ws/ev_msgs/install/ev_msgs/share/ament_index/resource_index/rosidl_interfaces/ev_msgs
[2.593s] -- Installing: /home/aiv/ev_ws/ev_msgs/install/ev_msgs/include/ev_msgs/ev_msgs
[2.593s] -- Installing: /home/aiv/ev_ws/ev_msgs/install/ev_msgs/include/ev_msgs/ev_msgs/msg
[2.593s] -- Installing: /home/aiv/ev_ws/ev_msgs/install/ev_msgs/include/ev_msgs/ev_msgs/msg/lane_boundary.h
[2.593s] -- Installing: /home/aiv/ev_ws/ev_msgs/install/ev_msgs/include/ev_msgs/ev_msgs/msg/rosidl_generator_c__visibility_control.h
[2.593s] -- Installing: /home/aiv/ev_ws/ev_msgs/install/ev_msgs/include/ev_msgs/ev_msgs/msg/cone.h
[2.594s] -- Installing: /home/aiv/ev_ws/ev_msgs/install/ev_msgs/include/ev_msgs/ev_msgs/msg/lane_boundary_array.h
[2.594s] -- Installing: /home/aiv/ev_ws/ev_msgs/install/ev_msgs/include/ev_msgs/ev_msgs/msg/cone_array.h
[2.594s] -- Installing: /home/aiv/ev_ws/ev_msgs/install/ev_msgs/include/ev_msgs/ev_msgs/msg/detail
[2.594s] -- Installing: /home/aiv/ev_ws/ev_msgs/install/ev_msgs/include/ev_msgs/ev_msgs/msg/detail/cone__functions.c
[2.594s] -- Installing: /home/aiv/ev_ws/ev_msgs/install/ev_msgs/include/ev_msgs/ev_msgs/msg/detail/lane_boundary__functions.h
[2.594s] -- Installing: /home/aiv/ev_ws/ev_msgs/install/ev_msgs/include/ev_msgs/ev_msgs/msg/detail/cone_array__struct.h
[2.594s] -- Installing: /home/aiv/ev_ws/ev_msgs/install/ev_msgs/include/ev_msgs/ev_msgs/msg/detail/cone_array__functions.h
[2.594s] -- Installing: /home/aiv/ev_ws/ev_msgs/install/ev_msgs/include/ev_msgs/ev_msgs/msg/detail/cone_array__functions.c
[2.594s] -- Installing: /home/aiv/ev_ws/ev_msgs/install/ev_msgs/include/ev_msgs/ev_msgs/msg/detail/lane_boundary__functions.c
[2.594s] -- Installing: /home/aiv/ev_ws/ev_msgs/install/ev_msgs/include/ev_msgs/ev_msgs/msg/detail/lane_boundary_array__struct.h
[2.594s] -- Installing: /home/aiv/ev_ws/ev_msgs/install/ev_msgs/include/ev_msgs/ev_msgs/msg/detail/lane_boundary__struct.h
[2.594s] -- Installing: /home/aiv/ev_ws/ev_msgs/install/ev_msgs/include/ev_msgs/ev_msgs/msg/detail/lane_boundary_array__functions.c
[2.594s] -- Installing: /home/aiv/ev_ws/ev_msgs/install/ev_msgs/include/ev_msgs/ev_msgs/msg/detail/cone__type_support.h
[2.594s] -- Installing: /home/aiv/ev_ws/ev_msgs/install/ev_msgs/include/ev_msgs/ev_msgs/msg/detail/lane_boundary_array__functions.h
[2.594s] -- Installing: /home/aiv/ev_ws/ev_msgs/install/ev_msgs/include/ev_msgs/ev_msgs/msg/detail/cone__functions.h
[2.594s] -- Installing: /home/aiv/ev_ws/ev_msgs/install/ev_msgs/include/ev_msgs/ev_msgs/msg/detail/lane_boundary_array__type_support.h
[2.594s] -- Installing: /home/aiv/ev_ws/ev_msgs/install/ev_msgs/include/ev_msgs/ev_msgs/msg/detail/cone__struct.h
[2.594s] -- Installing: /home/aiv/ev_ws/ev_msgs/install/ev_msgs/include/ev_msgs/ev_msgs/msg/detail/cone_array__type_support.h
[2.594s] -- Installing: /home/aiv/ev_ws/ev_msgs/install/ev_msgs/include/ev_msgs/ev_msgs/msg/detail/lane_boundary__type_support.h
[2.594s] -- Installing: /home/aiv/ev_ws/ev_msgs/install/ev_msgs/share/ev_msgs/environment/library_path.sh
[2.594s] -- Installing: /home/aiv/ev_ws/ev_msgs/install/ev_msgs/share/ev_msgs/environment/library_path.dsv
[2.594s] -- Installing: /home/aiv/ev_ws/ev_msgs/install/ev_msgs/lib/libev_msgs__rosidl_generator_c.so
[2.594s] -- Set runtime path of "/home/aiv/ev_ws/ev_msgs/install/ev_msgs/lib/libev_msgs__rosidl_generator_c.so" to ""
[2.594s] -- Up-to-date: /home/aiv/ev_ws/ev_msgs/install/ev_msgs/include/ev_msgs/ev_msgs
[2.594s] -- Up-to-date: /home/aiv/ev_ws/ev_msgs/install/ev_msgs/include/ev_msgs/ev_msgs/msg
[2.594s] -- Installing: /home/aiv/ev_ws/ev_msgs/install/ev_msgs/include/ev_msgs/ev_msgs/msg/rosidl_typesupport_fastrtps_c__visibility_control.h
[2.594s] -- Up-to-date: /home/aiv/ev_ws/ev_msgs/install/ev_msgs/include/ev_msgs/ev_msgs/msg/detail
[2.594s] -- Installing: /home/aiv/ev_ws/ev_msgs/install/ev_msgs/include/ev_msgs/ev_msgs/msg/detail/lane_boundary__rosidl_typesupport_fastrtps_c.h
[2.595s] -- Installing: /home/aiv/ev_ws/ev_msgs/install/ev_msgs/include/ev_msgs/ev_msgs/msg/detail/cone__rosidl_typesupport_fastrtps_c.h
[2.595s] -- Installing: /home/aiv/ev_ws/ev_msgs/install/ev_msgs/include/ev_msgs/ev_msgs/msg/detail/cone_array__rosidl_typesupport_fastrtps_c.h
[2.595s] -- Installing: /home/aiv/ev_ws/ev_msgs/install/ev_msgs/include/ev_msgs/ev_msgs/msg/detail/lane_boundary_array__rosidl_typesupport_fastrtps_c.h
[2.595s] -- Installing: /home/aiv/ev_ws/ev_msgs/install/ev_msgs/lib/libev_msgs__rosidl_typesupport_fastrtps_c.so
[2.595s] -- Set runtime path of "/home/aiv/ev_ws/ev_msgs/install/ev_msgs/lib/libev_msgs__rosidl_typesupport_fastrtps_c.so" to ""
[2.595s] -- Up-to-date: /home/aiv/ev_ws/ev_msgs/install/ev_msgs/include/ev_msgs/ev_msgs
[2.595s] -- Up-to-date: /home/aiv/ev_ws/ev_msgs/install/ev_msgs/include/ev_msgs/ev_msgs/msg
[2.595s] -- Up-to-date: /home/aiv/ev_ws/ev_msgs/install/ev_msgs/include/ev_msgs/ev_msgs/msg/detail
[2.595s] -- Installing: /home/aiv/ev_ws/ev_msgs/install/ev_msgs/include/ev_msgs/ev_msgs/msg/detail/lane_boundary_array__type_support.c
[2.595s] -- Installing: /home/aiv/ev_ws/ev_msgs/install/ev_msgs/include/ev_msgs/ev_msgs/msg/detail/cone_array__rosidl_typesupport_introspection_c.h
[2.595s] -- Installing: /home/aiv/ev_ws/ev_msgs/install/ev_msgs/include/ev_msgs/ev_msgs/msg/detail/cone__type_support.c
[2.595s] -- Installing: /home/aiv/ev_ws/ev_msgs/install/ev_msgs/include/ev_msgs/ev_msgs/msg/detail/cone__rosidl_typesupport_introspection_c.h
[2.595s] -- Installing: /home/aiv/ev_ws/ev_msgs/install/ev_msgs/include/ev_msgs/ev_msgs/msg/detail/lane_boundary__type_support.c
[2.595s] -- Installing: /home/aiv/ev_ws/ev_msgs/install/ev_msgs/include/ev_msgs/ev_msgs/msg/detail/lane_boundary_array__rosidl_typesupport_introspection_c.h
[2.595s] -- Installing: /home/aiv/ev_ws/ev_msgs/install/ev_msgs/include/ev_msgs/ev_msgs/msg/detail/cone_array__type_support.c
[2.595s] -- Installing: /home/aiv/ev_ws/ev_msgs/install/ev_msgs/include/ev_msgs/ev_msgs/msg/detail/lane_boundary__rosidl_typesupport_introspection_c.h
[2.595s] -- Installing: /home/aiv/ev_ws/ev_msgs/install/ev_msgs/include/ev_msgs/ev_msgs/msg/rosidl_typesupport_introspection_c__visibility_control.h
[2.595s] -- Installing: /home/aiv/ev_ws/ev_msgs/install/ev_msgs/lib/libev_msgs__rosidl_typesupport_introspection_c.so
[2.595s] -- Set runtime path of "/home/aiv/ev_ws/ev_msgs/install/ev_msgs/lib/libev_msgs__rosidl_typesupport_introspection_c.so" to ""
[2.595s] -- Installing: /home/aiv/ev_ws/ev_msgs/install/ev_msgs/lib/libev_msgs__rosidl_typesupport_c.so
[2.595s] -- Set runtime path of "/home/aiv/ev_ws/ev_msgs/install/ev_msgs/lib/libev_msgs__rosidl_typesupport_c.so" to ""
[2.595s] -- Up-to-date: /home/aiv/ev_ws/ev_msgs/install/ev_msgs/include/ev_msgs/ev_msgs
[2.595s] -- Up-to-date: /home/aiv/ev_ws/ev_msgs/install/ev_msgs/include/ev_msgs/ev_msgs/msg
[2.595s] -- Installing: /home/aiv/ev_ws/ev_msgs/install/ev_msgs/include/ev_msgs/ev_msgs/msg/cone_array.hpp
[2.595s] -- Installing: /home/aiv/ev_ws/ev_msgs/install/ev_msgs/include/ev_msgs/ev_msgs/msg/lane_boundary.hpp
[2.595s] -- Installing: /home/aiv/ev_ws/ev_msgs/install/ev_msgs/include/ev_msgs/ev_msgs/msg/rosidl_generator_cpp__visibility_control.hpp
[2.595s] -- Up-to-date: /home/aiv/ev_ws/ev_msgs/install/ev_msgs/include/ev_msgs/ev_msgs/msg/detail
[2.596s] -- Installing: /home/aiv/ev_ws/ev_msgs/install/ev_msgs/include/ev_msgs/ev_msgs/msg/detail/cone__builder.hpp
[2.596s] -- Installing: /home/aiv/ev_ws/ev_msgs/install/ev_msgs/include/ev_msgs/ev_msgs/msg/detail/cone__type_support.hpp
[2.596s] -- Installing: /home/aiv/ev_ws/ev_msgs/install/ev_msgs/include/ev_msgs/ev_msgs/msg/detail/lane_boundary_array__traits.hpp
[2.596s] -- Installing: /home/aiv/ev_ws/ev_msgs/install/ev_msgs/include/ev_msgs/ev_msgs/msg/detail/lane_boundary_array__type_support.hpp
[2.596s] -- Installing: /home/aiv/ev_ws/ev_msgs/install/ev_msgs/include/ev_msgs/ev_msgs/msg/detail/cone__struct.hpp
[2.596s] -- Installing: /home/aiv/ev_ws/ev_msgs/install/ev_msgs/include/ev_msgs/ev_msgs/msg/detail/lane_boundary_array__struct.hpp
[2.596s] -- Installing: /home/aiv/ev_ws/ev_msgs/install/ev_msgs/include/ev_msgs/ev_msgs/msg/detail/cone_array__traits.hpp
[2.596s] -- Installing: /home/aiv/ev_ws/ev_msgs/install/ev_msgs/include/ev_msgs/ev_msgs/msg/detail/lane_boundary__type_support.hpp
[2.596s] -- Installing: /home/aiv/ev_ws/ev_msgs/install/ev_msgs/include/ev_msgs/ev_msgs/msg/detail/cone_array__struct.hpp
[2.596s] -- Installing: /home/aiv/ev_ws/ev_msgs/install/ev_msgs/include/ev_msgs/ev_msgs/msg/detail/cone__traits.hpp
[2.596s] -- Installing: /home/aiv/ev_ws/ev_msgs/install/ev_msgs/include/ev_msgs/ev_msgs/msg/detail/lane_boundary_array__builder.hpp
[2.596s] -- Installing: /home/aiv/ev_ws/ev_msgs/install/ev_msgs/include/ev_msgs/ev_msgs/msg/detail/lane_boundary__struct.hpp
[2.596s] -- Installing: /home/aiv/ev_ws/ev_msgs/install/ev_msgs/include/ev_msgs/ev_msgs/msg/detail/lane_boundary__builder.hpp
[2.596s] -- Installing: /home/aiv/ev_ws/ev_msgs/install/ev_msgs/include/ev_msgs/ev_msgs/msg/detail/lane_boundary__traits.hpp
[2.596s] -- Installing: /home/aiv/ev_ws/ev_msgs/install/ev_msgs/include/ev_msgs/ev_msgs/msg/detail/cone_array__type_support.hpp
[2.596s] -- Installing: /home/aiv/ev_ws/ev_msgs/install/ev_msgs/include/ev_msgs/ev_msgs/msg/detail/cone_array__builder.hpp
[2.596s] -- Installing: /home/aiv/ev_ws/ev_msgs/install/ev_msgs/include/ev_msgs/ev_msgs/msg/cone.hpp
[2.596s] -- Installing: /home/aiv/ev_ws/ev_msgs/install/ev_msgs/include/ev_msgs/ev_msgs/msg/lane_boundary_array.hpp
[2.596s] -- Up-to-date: /home/aiv/ev_ws/ev_msgs/install/ev_msgs/include/ev_msgs/ev_msgs
[2.596s] -- Up-to-date: /home/aiv/ev_ws/ev_msgs/install/ev_msgs/include/ev_msgs/ev_msgs/msg
[2.596s] -- Up-to-date: /home/aiv/ev_ws/ev_msgs/install/ev_msgs/include/ev_msgs/ev_msgs/msg/detail
[2.596s] -- Installing: /home/aiv/ev_ws/ev_msgs/install/ev_msgs/include/ev_msgs/ev_msgs/msg/detail/dds_fastrtps
[2.596s] -- Installing: /home/aiv/ev_ws/ev_msgs/install/ev_msgs/include/ev_msgs/ev_msgs/msg/detail/lane_boundary__rosidl_typesupport_fastrtps_cpp.hpp
[2.596s] -- Installing: /home/aiv/ev_ws/ev_msgs/install/ev_msgs/include/ev_msgs/ev_msgs/msg/detail/cone__rosidl_typesupport_fastrtps_cpp.hpp
[2.596s] -- Installing: /home/aiv/ev_ws/ev_msgs/install/ev_msgs/include/ev_msgs/ev_msgs/msg/detail/cone_array__rosidl_typesupport_fastrtps_cpp.hpp
[2.596s] -- Installing: /home/aiv/ev_ws/ev_msgs/install/ev_msgs/include/ev_msgs/ev_msgs/msg/detail/lane_boundary_array__rosidl_typesupport_fastrtps_cpp.hpp
[2.596s] -- Installing: /home/aiv/ev_ws/ev_msgs/install/ev_msgs/include/ev_msgs/ev_msgs/msg/rosidl_typesupport_fastrtps_cpp__visibility_control.h
[2.596s] -- Installing: /home/aiv/ev_ws/ev_msgs/install/ev_msgs/lib/libev_msgs__rosidl_typesupport_fastrtps_cpp.so
[2.596s] -- Set runtime path of "/home/aiv/ev_ws/ev_msgs/install/ev_msgs/lib/libev_msgs__rosidl_typesupport_fastrtps_cpp.so" to ""
[2.596s] -- Up-to-date: /home/aiv/ev_ws/ev_msgs/install/ev_msgs/include/ev_msgs/ev_msgs
[2.596s] -- Up-to-date: /home/aiv/ev_ws/ev_msgs/install/ev_msgs/include/ev_msgs/ev_msgs/msg
[2.596s] -- Up-to-date: /home/aiv/ev_ws/ev_msgs/install/ev_msgs/include/ev_msgs/ev_msgs/msg/detail
[2.597s] -- Installing: /home/aiv/ev_ws/ev_msgs/install/ev_msgs/include/ev_msgs/ev_msgs/msg/detail/lane_boundary__type_support.cpp
[2.597s] -- Installing: /home/aiv/ev_ws/ev_msgs/install/ev_msgs/include/ev_msgs/ev_msgs/msg/detail/cone__type_support.cpp
[2.597s] -- Installing: /home/aiv/ev_ws/ev_msgs/install/ev_msgs/include/ev_msgs/ev_msgs/msg/detail/lane_boundary_array__rosidl_typesupport_introspection_cpp.hpp
[2.597s] -- Installing: /home/aiv/ev_ws/ev_msgs/install/ev_msgs/include/ev_msgs/ev_msgs/msg/detail/cone_array__rosidl_typesupport_introspection_cpp.hpp
[2.597s] -- Installing: /home/aiv/ev_ws/ev_msgs/install/ev_msgs/include/ev_msgs/ev_msgs/msg/detail/lane_boundary_array__type_support.cpp
[2.597s] -- Installing: /home/aiv/ev_ws/ev_msgs/install/ev_msgs/include/ev_msgs/ev_msgs/msg/detail/cone_array__type_support.cpp
[2.597s] -- Installing: /home/aiv/ev_ws/ev_msgs/install/ev_msgs/include/ev_msgs/ev_msgs/msg/detail/cone__rosidl_typesupport_introspection_cpp.hpp
[2.597s] -- Installing: /home/aiv/ev_ws/ev_msgs/install/ev_msgs/include/ev_msgs/ev_msgs/msg/detail/lane_boundary__rosidl_typesupport_introspection_cpp.hpp
[2.597s] -- Installing: /home/aiv/ev_ws/ev_msgs/install/ev_msgs/lib/libev_msgs__rosidl_typesupport_introspection_cpp.so
[2.597s] -- Set runtime path of "/home/aiv/ev_ws/ev_msgs/install/ev_msgs/lib/libev_msgs__rosidl_typesupport_introspection_cpp.so" to ""
[2.597s] -- Installing: /home/aiv/ev_ws/ev_msgs/install/ev_msgs/lib/libev_msgs__rosidl_typesupport_cpp.so
[2.597s] -- Set runtime path of "/home/aiv/ev_ws/ev_msgs/install/ev_msgs/lib/libev_msgs__rosidl_typesupport_cpp.so" to ""
[2.597s] -- Installing: /home/aiv/ev_ws/ev_msgs/install/ev_msgs/share/ev_msgs/environment/pythonpath.sh
[2.597s] -- Installing: /home/aiv/ev_ws/ev_msgs/install/ev_msgs/share/ev_msgs/environment/pythonpath.dsv
[2.597s] -- Installing: /home/aiv/ev_ws/ev_msgs/install/ev_msgs/local/lib/python3.10/dist-packages/ev_msgs-0.1.0-py3.10.egg-info
[2.597s] -- Installing: /home/aiv/ev_ws/ev_msgs/install/ev_msgs/local/lib/python3.10/dist-packages/ev_msgs-0.1.0-py3.10.egg-info/PKG-INFO
[2.597s] -- Installing: /home/aiv/ev_ws/ev_msgs/install/ev_msgs/local/lib/python3.10/dist-packages/ev_msgs-0.1.0-py3.10.egg-info/top_level.txt
[2.597s] -- Installing: /home/aiv/ev_ws/ev_msgs/install/ev_msgs/local/lib/python3.10/dist-packages/ev_msgs-0.1.0-py3.10.egg-info/SOURCES.txt
[2.597s] -- Installing: /home/aiv/ev_ws/ev_msgs/install/ev_msgs/local/lib/python3.10/dist-packages/ev_msgs-0.1.0-py3.10.egg-info/dependency_links.txt
[2.597s] -- Installing: /home/aiv/ev_ws/ev_msgs/install/ev_msgs/local/lib/python3.10/dist-packages/ev_msgs
[2.597s] -- Installing: /home/aiv/ev_ws/ev_msgs/install/ev_msgs/local/lib/python3.10/dist-packages/ev_msgs/ev_msgs_s__rosidl_typesupport_c.cpython-310-x86_64-linux-gnu.so
[2.597s] -- Installing: /home/aiv/ev_ws/ev_msgs/install/ev_msgs/local/lib/python3.10/dist-packages/ev_msgs/ev_msgs_s__rosidl_typesupport_introspection_c.cpython-310-x86_64-linux-gnu.so
[2.597s] -- Installing: /home/aiv/ev_ws/ev_msgs/install/ev_msgs/local/lib/python3.10/dist-packages/ev_msgs/__init__.py
[2.597s] -- Installing: /home/aiv/ev_ws/ev_msgs/install/ev_msgs/local/lib/python3.10/dist-packages/ev_msgs/_ev_msgs_s.ep.rosidl_typesupport_introspection_c.c
[2.597s] -- Installing: /home/aiv/ev_ws/ev_msgs/install/ev_msgs/local/lib/python3.10/dist-packages/ev_msgs/libev_msgs__rosidl_generator_py.so
[2.597s] -- Installing: /home/aiv/ev_ws/ev_msgs/install/ev_msgs/local/lib/python3.10/dist-packages/ev_msgs/msg
[2.598s] -- Installing: /home/aiv/ev_ws/ev_msgs/install/ev_msgs/local/lib/python3.10/dist-packages/ev_msgs/msg/_cone_array.py
[2.598s] -- Installing: /home/aiv/ev_ws/ev_msgs/install/ev_msgs/local/lib/python3.10/dist-packages/ev_msgs/msg/_lane_boundary.py
[2.598s] -- Installing: /home/aiv/ev_ws/ev_msgs/install/ev_msgs/local/lib/python3.10/dist-packages/ev_msgs/msg/_lane_boundary_s.c
[2.598s] -- Installing: /home/aiv/ev_ws/ev_msgs/install/ev_msgs/local/lib/python3.10/dist-packages/ev_msgs/msg/__init__.py
[2.598s] -- Installing: /home/aiv/ev_ws/ev_msgs/install/ev_msgs/local/lib/python3.10/dist-packages/ev_msgs/msg/_lane_boundary_array_s.c
[2.598s] -- Installing: /home/aiv/ev_ws/ev_msgs/install/ev_msgs/local/lib/python3.10/dist-packages/ev_msgs/msg/_cone_array_s.c
[2.598s] -- Installing: /home/aiv/ev_ws/ev_msgs/install/ev_msgs/local/lib/python3.10/dist-packages/ev_msgs/msg/_lane_boundary_array.py
[2.598s] -- Installing: /home/aiv/ev_ws/ev_msgs/install/ev_msgs/local/lib/python3.10/dist-packages/ev_msgs/msg/_cone_s.c
[2.598s] -- Installing: /home/aiv/ev_ws/ev_msgs/install/ev_msgs/local/lib/python3.10/dist-packages/ev_msgs/msg/_cone.py
[2.598s] -- Installing: /home/aiv/ev_ws/ev_msgs/install/ev_msgs/local/lib/python3.10/dist-packages/ev_msgs/_ev_msgs_s.ep.rosidl_typesupport_c.c
[2.598s] -- Installing: /home/aiv/ev_ws/ev_msgs/install/ev_msgs/local/lib/python3.10/dist-packages/ev_msgs/ev_msgs_s__rosidl_typesupport_fastrtps_c.cpython-310-x86_64-linux-gnu.so
[2.598s] -- Installing: /home/aiv/ev_ws/ev_msgs/install/ev_msgs/local/lib/python3.10/dist-packages/ev_msgs/_ev_msgs_s.ep.rosidl_typesupport_fastrtps_c.c
[2.619s] Listing '/home/aiv/ev_ws/ev_msgs/install/ev_msgs/local/lib/python3.10/dist-packages/ev_msgs'...
[2.619s] Compiling '/home/aiv/ev_ws/ev_msgs/install/ev_msgs/local/lib/python3.10/dist-packages/ev_msgs/__init__.py'...
[2.619s] Listing '/home/aiv/ev_ws/ev_msgs/install/ev_msgs/local/lib/python3.10/dist-packages/ev_msgs/msg'...
[2.619s] Compiling '/home/aiv/ev_ws/ev_msgs/install/ev_msgs/local/lib/python3.10/dist-packages/ev_msgs/msg/__init__.py'...
[2.619s] Compiling '/home/aiv/ev_ws/ev_msgs/install/ev_msgs/local/lib/python3.10/dist-packages/ev_msgs/msg/_cone.py'...
[2.619s] Compiling '/home/aiv/ev_ws/ev_msgs/install/ev_msgs/local/lib/python3.10/dist-packages/ev_msgs/msg/_cone_array.py'...
[2.619s] Compiling '/home/aiv/ev_ws/ev_msgs/install/ev_msgs/local/lib/python3.10/dist-packages/ev_msgs/msg/_lane_boundary.py'...
[2.619s] Compiling '/home/aiv/ev_ws/ev_msgs/install/ev_msgs/local/lib/python3.10/dist-packages/ev_msgs/msg/_lane_boundary_array.py'...
[2.622s] -- Installing: /home/aiv/ev_ws/ev_msgs/install/ev_msgs/local/lib/python3.10/dist-packages/ev_msgs/ev_msgs_s__rosidl_typesupport_fastrtps_c.cpython-310-x86_64-linux-gnu.so
[2.622s] -- Set runtime path of "/home/aiv/ev_ws/ev_msgs/install/ev_msgs/local/lib/python3.10/dist-packages/ev_msgs/ev_msgs_s__rosidl_typesupport_fastrtps_c.cpython-310-x86_64-linux-gnu.so" to ""
[2.622s] -- Installing: /home/aiv/ev_ws/ev_msgs/install/ev_msgs/local/lib/python3.10/dist-packages/ev_msgs/ev_msgs_s__rosidl_typesupport_introspection_c.cpython-310-x86_64-linux-gnu.so
[2.622s] -- Set runtime path of "/home/aiv/ev_ws/ev_msgs/install/ev_msgs/local/lib/python3.10/dist-packages/ev_msgs/ev_msgs_s__rosidl_typesupport_introspection_c.cpython-310-x86_64-linux-gnu.so" to ""
[2.622s] -- Installing: /home/aiv/ev_ws/ev_msgs/install/ev_msgs/local/lib/python3.10/dist-packages/ev_msgs/ev_msgs_s__rosidl_typesupport_c.cpython-310-x86_64-linux-gnu.so
[2.622s] -- Set runtime path of "/home/aiv/ev_ws/ev_msgs/install/ev_msgs/local/lib/python3.10/dist-packages/ev_msgs/ev_msgs_s__rosidl_typesupport_c.cpython-310-x86_64-linux-gnu.so" to ""
[2.622s] -- Installing: /home/aiv/ev_ws/ev_msgs/install/ev_msgs/lib/libev_msgs__rosidl_generator_py.so
[2.622s] -- Set runtime path of "/home/aiv/ev_ws/ev_msgs/install/ev_msgs/lib/libev_msgs__rosidl_generator_py.so" to ""
[2.622s] -- Installing: /home/aiv/ev_ws/ev_msgs/install/ev_msgs/share/ev_msgs/msg/Cone.idl
[2.622s] -- Installing: /home/aiv/ev_ws/ev_msgs/install/ev_msgs/share/ev_msgs/msg/ConeArray.idl
[2.623s] -- Installing: /home/aiv/ev_ws/ev_msgs/install/ev_msgs/share/ev_msgs/msg/LaneBoundary.idl
[2.623s] -- Installing: /home/aiv/ev_ws/ev_msgs/install/ev_msgs/share/ev_msgs/msg/LaneBoundaryArray.idl
[2.623s] -- Installing: /home/aiv/ev_ws/ev_msgs/install/ev_msgs/share/ev_msgs/msg/Cone.msg
[2.623s] -- Installing: /home/aiv/ev_ws/ev_msgs/install/ev_msgs/share/ev_msgs/msg/ConeArray.msg
[2.623s] -- Installing: /home/aiv/ev_ws/ev_msgs/install/ev_msgs/share/ev_msgs/msg/LaneBoundary.msg
[2.623s] -- Installing: /home/aiv/ev_ws/ev_msgs/install/ev_msgs/share/ev_msgs/msg/LaneBoundaryArray.msg
[2.623s] -- Installing: /home/aiv/ev_ws/ev_msgs/install/ev_msgs/share/ament_index/resource_index/package_run_dependencies/ev_msgs
[2.623s] -- Installing: /home/aiv/ev_ws/ev_msgs/install/ev_msgs/share/ament_index/resource_index/parent_prefix_path/ev_msgs
[2.623s] -- Installing: /home/aiv/ev_ws/ev_msgs/install/ev_msgs/share/ev_msgs/environment/ament_prefix_path.sh
[2.623s] -- Installing: /home/aiv/ev_ws/ev_msgs/install/ev_msgs/share/ev_msgs/environment/ament_prefix_path.dsv
[2.623s] -- Installing: /home/aiv/ev_ws/ev_msgs/install/ev_msgs/share/ev_msgs/environment/path.sh
[2.623s] -- Installing: /home/aiv/ev_ws/ev_msgs/install/ev_msgs/share/ev_msgs/environment/path.dsv
[2.623s] -- Installing: /home/aiv/ev_ws/ev_msgs/install/ev_msgs/share/ev_msgs/local_setup.bash
[2.623s] -- Installing: /home/aiv/ev_ws/ev_msgs/install/ev_msgs/share/ev_msgs/local_setup.sh
[2.623s] -- Installing: /home/aiv/ev_ws/ev_msgs/install/ev_msgs/share/ev_msgs/local_setup.zsh
[2.623s] -- Installing: /home/aiv/ev_ws/ev_msgs/install/ev_msgs/share/ev_msgs/local_setup.dsv
[2.623s] -- Installing: /home/aiv/ev_ws/ev_msgs/install/ev_msgs/share/ev_msgs/package.dsv
[2.623s] -- Installing: /home/aiv/ev_ws/ev_msgs/install/ev_msgs/share/ament_index/resource_index/packages/ev_msgs
[2.623s] -- Installing: /home/aiv/ev_ws/ev_msgs/install/ev_msgs/share/ev_msgs/cmake/export_ev_msgs__rosidl_generator_cExport.cmake
[2.623s] -- Installing: /home/aiv/ev_ws/ev_msgs/install/ev_msgs/share/ev_msgs/cmake/export_ev_msgs__rosidl_generator_cExport-noconfig.cmake
[2.623s] -- Installing: /home/aiv/ev_ws/ev_msgs/install/ev_msgs/share/ev_msgs/cmake/export_ev_msgs__rosidl_typesupport_fastrtps_cExport.cmake
[2.624s] -- Installing: /home/aiv/ev_ws/ev_msgs/install/ev_msgs/share/ev_msgs/cmake/export_ev_msgs__rosidl_typesupport_fastrtps_cExport-noconfig.cmake
[2.624s] -- Installing: /home/aiv/ev_ws/ev_msgs/install/ev_msgs/share/ev_msgs/cmake/ev_msgs__rosidl_typesupport_introspection_cExport.cmake
[2.624s] -- Installing: /home/aiv/ev_ws/ev_msgs/install/ev_msgs/share/ev_msgs/cmake/ev_msgs__rosidl_typesupport_introspection_cExport-noconfig.cmake
[2.624s] -- Installing: /home/aiv/ev_ws/ev_msgs/install/ev_msgs/share/ev_msgs/cmake/ev_msgs__rosidl_typesupport_cExport.cmake
[2.624s] -- Installing: /home/aiv/ev_ws/ev_msgs/install/ev_msgs/share/ev_msgs/cmake/ev_msgs__rosidl_typesupport_cExport-noconfig.cmake
[2.624s] -- Installing: /home/aiv/ev_ws/ev_msgs/install/ev_msgs/share/ev_msgs/cmake/export_ev_msgs__rosidl_generator_cppExport.cmake
[2.624s] -- Installing: /home/aiv/ev_ws/ev_msgs/install/ev_msgs/share/ev_msgs/cmake/export_ev_msgs__rosidl_typesupport_fastrtps_cppExport.cmake
[2.624s] -- Installing: /home/aiv/ev_ws/ev_msgs/install/ev_msgs/share/ev_msgs/cmake/export_ev_msgs__rosidl_typesupport_fastrtps_cppExport-noconfig.cmake
[2.624s] -- Installing: /home/aiv/ev_ws/ev_msgs/install/ev_msgs/share/ev_msgs/cmake/ev_msgs__rosidl_typesupport_introspection_cppExport.cmake
[2.624s] -- Installing: /home/aiv/ev_ws/ev_msgs/install/ev_msgs/share/ev_msgs/cmake/ev_msgs__rosidl_typesupport_introspection_cppExport-noconfig.cmake
[2.624s] -- Installing: /home/aiv/ev_ws/ev_msgs/install/ev_msgs/share/ev_msgs/cmake/ev_msgs__rosidl_typesupport_cppExport.cmake
[2.624s] -- Installing: /home/aiv/ev_ws/ev_msgs/install/ev_msgs/share/ev_msgs/cmake/ev_msgs__rosidl_typesupport_cppExport-noconfig.cmake
[2.624s] -- Installing: /home/aiv/ev_ws/ev_msgs/install/ev_msgs/share/ev_msgs/cmake/export_ev_msgs__rosidl_generator_pyExport.cmake
[2.624s] -- Installing: /home/aiv/ev_ws/ev_msgs/install/ev_msgs/share/ev_msgs/cmake/export_ev_msgs__rosidl_generator_pyExport-noconfig.cmake
[2.624s] -- Installing: /home/aiv/ev_ws/ev_msgs/install/ev_msgs/share/ev_msgs/cmake/rosidl_cmake-extras.cmake
[2.624s] -- Installing: /home/aiv/ev_ws/ev_msgs/install/ev_msgs/share/ev_msgs/cmake/ament_cmake_export_dependencies-extras.cmake
[2.624s] -- Installing: /home/aiv/ev_ws/ev_msgs/install/ev_msgs/share/ev_msgs/cmake/ament_cmake_export_include_directories-extras.cmake
[2.624s] -- Installing: /home/aiv/ev_ws/ev_msgs/install/ev_msgs/share/ev_msgs/cmake/ament_cmake_export_libraries-extras.cmake
[2.624s] -- Installing: /home/aiv/ev_ws/ev_msgs/install/ev_msgs/share/ev_msgs/cmake/ament_cmake_export_targets-extras.cmake
[2.624s] -- Installing: /home/aiv/ev_ws/ev_msgs/install/ev_msgs/share/ev_msgs/cmake/rosidl_cmake_export_typesupport_targets-extras.cmake
[2.624s] -- Installing: /home/aiv/ev_ws/ev_msgs/install/ev_msgs/share/ev_msgs/cmake/rosidl_cmake_export_typesupport_libraries-extras.cmake
[2.624s] -- Installing: /home/aiv/ev_ws/ev_msgs/install/ev_msgs/share/ev_msgs/cmake/ev_msgsConfig.cmake
[2.624s] -- Installing: /home/aiv/ev_ws/ev_msgs/install/ev_msgs/share/ev_msgs/cmake/ev_msgsConfig-version.cmake
[2.624s] -- Installing: /home/aiv/ev_ws/ev_msgs/install/ev_msgs/share/ev_msgs/package.xml
[2.626s] Invoked command in '/home/aiv/ev_ws/ev_msgs/build/ev_msgs' returned '0': CMAKE_PREFIX_PATH=${CMAKE_PREFIX_PATH}:/opt/ros/humble /usr/bin/cmake --install /home/aiv/ev_ws/ev_msgs/build/ev_msgs
