[0.020s] Invoking command in '/home/kimsohee/ev-1-5/ev-Autonomous-Vehicle-1-5/build/erp42_msgs': CMAKE_PREFIX_PATH=/opt/ros/humble /usr/bin/cmake /home/kimsohee/ev-1-5/ev-Autonomous-Vehicle-1-5/erp42_ros/src/erp42_msgs -DAMENT_CMAKE_SYMLINK_INSTALL=1 -DCMAKE_INSTALL_PREFIX=/home/kimsohee/ev-1-5/ev-Autonomous-Vehicle-1-5/install/erp42_msgs
[0.127s] -- The C compiler identification is GNU 11.4.0
[0.153s] -- The CXX compiler identification is GNU 11.4.0
[0.157s] -- Detecting C compiler ABI info
[0.206s] -- Detecting C compiler ABI info - done
[0.209s] -- Check for working C compiler: /usr/bin/cc - skipped
[0.209s] -- Detecting C compile features
[0.209s] -- Detecting C compile features - done
[0.211s] -- Detecting CXX compiler ABI info
[0.294s] -- Detecting CXX compiler ABI info - done
[0.297s] -- Check for working CXX compiler: /usr/bin/c++ - skipped
[0.297s] -- Detecting CXX compile features
[0.298s] -- Detecting CXX compile features - done
[0.299s] -- Found ament_cmake: 1.3.12 (/opt/ros/humble/share/ament_cmake/cmake)
[0.372s] -- Found Python3: /usr/bin/python3 (found version "3.10.12") found components: Interpreter 
[0.402s] -- Override CMake install command with custom implementation using symlinks instead of copying resources
[0.412s] -- Found std_msgs: 4.9.0 (/opt/ros/humble/share/std_msgs/cmake)
[0.427s] -- Found rosidl_generator_c: 3.1.8 (/opt/ros/humble/share/rosidl_generator_c/cmake)
[0.429s] -- Found rosidl_adapter: 3.1.8 (/opt/ros/humble/share/rosidl_adapter/cmake)
[0.433s] -- Found rosidl_generator_cpp: 3.1.8 (/opt/ros/humble/share/rosidl_generator_cpp/cmake)
[0.438s] -- Using all available rosidl_typesupport_c: rosidl_typesupport_fastrtps_c;rosidl_typesupport_introspection_c
[0.445s] -- Using all available rosidl_typesupport_cpp: rosidl_typesupport_fastrtps_cpp;rosidl_typesupport_introspection_cpp
[0.457s] -- Found rosidl_default_generators: 1.2.0 (/opt/ros/humble/share/rosidl_default_generators/cmake)
[0.609s] -- Found ament_cmake_ros: 0.10.0 (/opt/ros/humble/share/ament_cmake_ros/cmake)
[0.797s] -- Using all available rosidl_typesupport_c: rosidl_typesupport_fastrtps_c;rosidl_typesupport_introspection_c
[0.875s] -- Using all available rosidl_typesupport_cpp: rosidl_typesupport_fastrtps_cpp;rosidl_typesupport_introspection_cpp
[0.889s] -- Found PythonInterp: /usr/bin/python3 (found suitable version "3.10.12", minimum required is "3.6") 
[0.891s] -- Found python_cmake_module: 0.10.0 (/opt/ros/humble/share/python_cmake_module/cmake)
[0.912s] -- Found PythonLibs: /usr/lib/aarch64-linux-gnu/libpython3.10.so (found suitable version "3.10.12", minimum required is "3.5") 
[0.912s] -- Using PYTHON_EXECUTABLE: /usr/bin/python3
[0.912s] -- Using PYTHON_INCLUDE_DIRS: /usr/include/python3.10
[0.912s] -- Using PYTHON_LIBRARIES: /usr/lib/aarch64-linux-gnu/libpython3.10.so
[0.928s] -- Found PythonExtra: .so  
[0.971s] -- Configuring done
[0.995s] -- Generating done
[0.999s] -- Build files have been written to: /home/kimsohee/ev-1-5/ev-Autonomous-Vehicle-1-5/build/erp42_msgs
[1.017s] Invoked command in '/home/kimsohee/ev-1-5/ev-Autonomous-Vehicle-1-5/build/erp42_msgs' returned '0': CMAKE_PREFIX_PATH=/opt/ros/humble /usr/bin/cmake /home/kimsohee/ev-1-5/ev-Autonomous-Vehicle-1-5/erp42_ros/src/erp42_msgs -DAMENT_CMAKE_SYMLINK_INSTALL=1 -DCMAKE_INSTALL_PREFIX=/home/kimsohee/ev-1-5/ev-Autonomous-Vehicle-1-5/install/erp42_msgs
[1.018s] Invoking command in '/home/kimsohee/ev-1-5/ev-Autonomous-Vehicle-1-5/build/erp42_msgs': CMAKE_PREFIX_PATH=/opt/ros/humble /usr/bin/cmake --build /home/kimsohee/ev-1-5/ev-Autonomous-Vehicle-1-5/build/erp42_msgs -- -j10 -l10
[1.071s] [  2%] [34m[1mGenerating C code for ROS interfaces[0m
[1.072s] [  4%] [34m[1mGenerating C++ code for ROS interfaces[0m
[1.100s] [  4%] Built target ament_cmake_python_symlink_erp42_msgs
[1.254s] running egg_info
[1.254s] creating erp42_msgs.egg-info
[1.254s] writing erp42_msgs.egg-info/PKG-INFO
[1.254s] writing dependency_links to erp42_msgs.egg-info/dependency_links.txt
[1.254s] writing top-level names to erp42_msgs.egg-info/top_level.txt
[1.254s] writing manifest file 'erp42_msgs.egg-info/SOURCES.txt'
[1.254s] reading manifest file 'erp42_msgs.egg-info/SOURCES.txt'
[1.254s] writing manifest file 'erp42_msgs.egg-info/SOURCES.txt'
[1.283s] [  4%] Built target ament_cmake_python_build_erp42_msgs_egg
[1.791s] [  6%] [32mBuilding C object CMakeFiles/erp42_msgs__rosidl_generator_c.dir/rosidl_generator_c/erp42_msgs/msg/detail/control_command__functions.c.o[0m
[1.797s] [  8%] [32mBuilding C object CMakeFiles/erp42_msgs__rosidl_generator_c.dir/rosidl_generator_c/erp42_msgs/msg/detail/feedback__functions.c.o[0m
[1.801s] [ 10%] [32mBuilding C object CMakeFiles/erp42_msgs__rosidl_generator_c.dir/rosidl_generator_c/erp42_msgs/srv/detail/mode_command__functions.c.o[0m
[1.915s] [ 10%] Built target erp42_msgs__cpp
[1.974s] [ 12%] [34m[1mGenerating C++ type support for eProsima Fast-RTPS[0m
[1.981s] [ 14%] [34m[1mGenerating C++ type support dispatch for ROS interfaces[0m
[1.988s] [ 17%] [32m[1mLinking C shared library liberp42_msgs__rosidl_generator_c.so[0m
[2.007s] [ 19%] [34m[1mGenerating C++ introspection for ROS interfaces[0m
[2.157s] [ 19%] Built target erp42_msgs__rosidl_generator_c
[2.188s] [ 21%] [34m[1mGenerating C type support for eProsima Fast-RTPS[0m
[2.222s] [ 23%] [34m[1mGenerating C type support dispatch for ROS interfaces[0m
[2.235s] [ 25%] [34m[1mGenerating C introspection for ROS interfaces[0m
[2.850s] [ 27%] [32mBuilding CXX object CMakeFiles/erp42_msgs__rosidl_typesupport_cpp.dir/rosidl_typesupport_cpp/erp42_msgs/msg/control_command__type_support.cpp.o[0m
[2.900s] [ 29%] [32mBuilding CXX object CMakeFiles/erp42_msgs__rosidl_typesupport_cpp.dir/rosidl_typesupport_cpp/erp42_msgs/msg/feedback__type_support.cpp.o[0m
[2.938s] [ 31%] [32mBuilding CXX object CMakeFiles/erp42_msgs__rosidl_typesupport_cpp.dir/rosidl_typesupport_cpp/erp42_msgs/srv/mode_command__type_support.cpp.o[0m
[2.977s] [ 34%] [32mBuilding CXX object CMakeFiles/erp42_msgs__rosidl_typesupport_fastrtps_cpp.dir/rosidl_typesupport_fastrtps_cpp/erp42_msgs/msg/detail/dds_fastrtps/control_command__type_support.cpp.o[0m
[3.014s] [ 38%] [32mBuilding CXX object CMakeFiles/erp42_msgs__rosidl_typesupport_fastrtps_cpp.dir/rosidl_typesupport_fastrtps_cpp/erp42_msgs/srv/detail/dds_fastrtps/mode_command__type_support.cpp.o[0m
[3.023s] [ 38%] [32mBuilding CXX object CMakeFiles/erp42_msgs__rosidl_typesupport_fastrtps_cpp.dir/rosidl_typesupport_fastrtps_cpp/erp42_msgs/msg/detail/dds_fastrtps/feedback__type_support.cpp.o[0m
[3.326s] [ 40%] [32mBuilding CXX object CMakeFiles/erp42_msgs__rosidl_typesupport_fastrtps_c.dir/rosidl_typesupport_fastrtps_c/erp42_msgs/msg/detail/control_command__type_support_c.cpp.o[0m
[3.378s] [ 42%] [32mBuilding CXX object CMakeFiles/erp42_msgs__rosidl_typesupport_introspection_cpp.dir/rosidl_typesupport_introspection_cpp/erp42_msgs/msg/detail/control_command__type_support.cpp.o[0m
[3.438s] [ 44%] [32mBuilding CXX object CMakeFiles/erp42_msgs__rosidl_typesupport_c.dir/rosidl_typesupport_c/erp42_msgs/msg/control_command__type_support.cpp.o[0m
[3.453s] [ 46%] [32mBuilding CXX object CMakeFiles/erp42_msgs__rosidl_typesupport_c.dir/rosidl_typesupport_c/erp42_msgs/msg/feedback__type_support.cpp.o[0m
[3.481s] [ 48%] [32mBuilding CXX object CMakeFiles/erp42_msgs__rosidl_typesupport_fastrtps_c.dir/rosidl_typesupport_fastrtps_c/erp42_msgs/msg/detail/feedback__type_support_c.cpp.o[0m
[3.514s] [ 51%] [32mBuilding CXX object CMakeFiles/erp42_msgs__rosidl_typesupport_introspection_cpp.dir/rosidl_typesupport_introspection_cpp/erp42_msgs/msg/detail/feedback__type_support.cpp.o[0m
[3.546s] [ 55%] [32m[1mLinking CXX shared library liberp42_msgs__rosidl_typesupport_cpp.so[0m
[3.546s] [ 55%] [32mBuilding CXX object CMakeFiles/erp42_msgs__rosidl_typesupport_c.dir/rosidl_typesupport_c/erp42_msgs/srv/mode_command__type_support.cpp.o[0m
[3.567s] [ 57%] [32mBuilding C object CMakeFiles/erp42_msgs__rosidl_typesupport_introspection_c.dir/rosidl_typesupport_introspection_c/erp42_msgs/msg/detail/control_command__type_support.c.o[0m
[3.569s] [ 59%] [32mBuilding CXX object CMakeFiles/erp42_msgs__rosidl_typesupport_fastrtps_c.dir/rosidl_typesupport_fastrtps_c/erp42_msgs/srv/detail/mode_command__type_support_c.cpp.o[0m
[3.602s] [ 61%] [32mBuilding CXX object CMakeFiles/erp42_msgs__rosidl_typesupport_introspection_cpp.dir/rosidl_typesupport_introspection_cpp/erp42_msgs/srv/detail/mode_command__type_support.cpp.o[0m
[3.658s] [ 63%] Built target erp42_msgs__rosidl_typesupport_cpp
[3.659s] [ 63%] [32m[1mLinking CXX shared library liberp42_msgs__rosidl_typesupport_c.so[0m
[3.691s] [ 65%] [32mBuilding C object CMakeFiles/erp42_msgs__rosidl_typesupport_introspection_c.dir/rosidl_typesupport_introspection_c/erp42_msgs/msg/detail/feedback__type_support.c.o[0m
[3.707s] [ 68%] [32mBuilding C object CMakeFiles/erp42_msgs__rosidl_typesupport_introspection_c.dir/rosidl_typesupport_introspection_c/erp42_msgs/srv/detail/mode_command__type_support.c.o[0m
[3.802s] [ 70%] [32m[1mLinking CXX shared library liberp42_msgs__rosidl_typesupport_fastrtps_cpp.so[0m
[3.814s] [ 72%] [32m[1mLinking C shared library liberp42_msgs__rosidl_typesupport_introspection_c.so[0m
[3.844s] [ 72%] Built target erp42_msgs__rosidl_typesupport_c
[3.935s] [ 72%] Built target erp42_msgs__rosidl_typesupport_introspection_c
[3.953s] [ 72%] Built target erp42_msgs__rosidl_typesupport_fastrtps_cpp
[4.135s] [ 74%] [32m[1mLinking CXX shared library liberp42_msgs__rosidl_typesupport_introspection_cpp.so[0m
[4.170s] [ 74%] Built target erp42_msgs__rosidl_typesupport_introspection_cpp
[4.181s] [ 76%] [32m[1mLinking CXX shared library liberp42_msgs__rosidl_typesupport_fastrtps_c.so[0m
[4.237s] [ 76%] Built target erp42_msgs__rosidl_typesupport_fastrtps_c
[4.248s] [ 76%] Built target erp42_msgs
[4.256s] [ 78%] [34m[1mGenerating Python code for ROS interfaces[0m
[4.758s] [ 78%] Built target erp42_msgs__py
[4.766s] [ 80%] [32mBuilding C object CMakeFiles/erp42_msgs__rosidl_generator_py.dir/rosidl_generator_py/erp42_msgs/msg/_control_command_s.c.o[0m
[4.769s] [ 82%] [32mBuilding C object CMakeFiles/erp42_msgs__rosidl_generator_py.dir/rosidl_generator_py/erp42_msgs/msg/_feedback_s.c.o[0m
[4.777s] [ 85%] [32mBuilding C object CMakeFiles/erp42_msgs__rosidl_generator_py.dir/rosidl_generator_py/erp42_msgs/srv/_mode_command_s.c.o[0m
[4.944s] [ 87%] [32m[1mLinking C shared library rosidl_generator_py/erp42_msgs/liberp42_msgs__rosidl_generator_py.so[0m
[5.022s] [ 87%] Built target erp42_msgs__rosidl_generator_py
[5.067s] [ 89%] [32mBuilding C object CMakeFiles/erp42_msgs__rosidl_typesupport_c__pyext.dir/rosidl_generator_py/erp42_msgs/_erp42_msgs_s.ep.rosidl_typesupport_c.c.o[0m
[5.103s] [ 91%] [32mBuilding C object CMakeFiles/erp42_msgs__rosidl_typesupport_introspection_c__pyext.dir/rosidl_generator_py/erp42_msgs/_erp42_msgs_s.ep.rosidl_typesupport_introspection_c.c.o[0m
[5.127s] [ 93%] [32mBuilding C object CMakeFiles/erp42_msgs__rosidl_typesupport_fastrtps_c__pyext.dir/rosidl_generator_py/erp42_msgs/_erp42_msgs_s.ep.rosidl_typesupport_fastrtps_c.c.o[0m
[5.206s] [ 95%] [32m[1mLinking C shared library rosidl_generator_py/erp42_msgs/erp42_msgs_s__rosidl_typesupport_c.cpython-310-aarch64-linux-gnu.so[0m
[5.211s] [ 97%] [32m[1mLinking C shared library rosidl_generator_py/erp42_msgs/erp42_msgs_s__rosidl_typesupport_introspection_c.cpython-310-aarch64-linux-gnu.so[0m
[5.254s] [ 97%] Built target erp42_msgs__rosidl_typesupport_introspection_c__pyext
[5.262s] [100%] [32m[1mLinking C shared library rosidl_generator_py/erp42_msgs/erp42_msgs_s__rosidl_typesupport_fastrtps_c.cpython-310-aarch64-linux-gnu.so[0m
[5.303s] [100%] Built target erp42_msgs__rosidl_typesupport_c__pyext
[5.318s] [100%] Built target erp42_msgs__rosidl_typesupport_fastrtps_c__pyext
[5.329s] Invoked command in '/home/kimsohee/ev-1-5/ev-Autonomous-Vehicle-1-5/build/erp42_msgs' returned '0': CMAKE_PREFIX_PATH=/opt/ros/humble /usr/bin/cmake --build /home/kimsohee/ev-1-5/ev-Autonomous-Vehicle-1-5/build/erp42_msgs -- -j10 -l10
[5.329s] Invoking command in '/home/kimsohee/ev-1-5/ev-Autonomous-Vehicle-1-5/build/erp42_msgs': CMAKE_PREFIX_PATH=/opt/ros/humble /usr/bin/cmake --install /home/kimsohee/ev-1-5/ev-Autonomous-Vehicle-1-5/build/erp42_msgs
[5.449s] -- Install configuration: ""
[5.449s] -- Execute custom install script
[5.449s] -- Symlinking: /home/kimsohee/ev-1-5/ev-Autonomous-Vehicle-1-5/install/erp42_msgs/share/ament_index/resource_index/rosidl_interfaces/erp42_msgs
[5.449s] -- Symlinking: /home/kimsohee/ev-1-5/ev-Autonomous-Vehicle-1-5/install/erp42_msgs/include/erp42_msgs/erp42_msgs/msg/control_command.h
[5.449s] -- Symlinking: /home/kimsohee/ev-1-5/ev-Autonomous-Vehicle-1-5/install/erp42_msgs/include/erp42_msgs/erp42_msgs/msg/detail/control_command__functions.h
[5.449s] -- Symlinking: /home/kimsohee/ev-1-5/ev-Autonomous-Vehicle-1-5/install/erp42_msgs/include/erp42_msgs/erp42_msgs/msg/detail/control_command__struct.h
[5.449s] -- Symlinking: /home/kimsohee/ev-1-5/ev-Autonomous-Vehicle-1-5/install/erp42_msgs/include/erp42_msgs/erp42_msgs/msg/detail/control_command__type_support.h
[5.449s] -- Symlinking: /home/kimsohee/ev-1-5/ev-Autonomous-Vehicle-1-5/install/erp42_msgs/include/erp42_msgs/erp42_msgs/msg/detail/feedback__functions.h
[5.449s] -- Symlinking: /home/kimsohee/ev-1-5/ev-Autonomous-Vehicle-1-5/install/erp42_msgs/include/erp42_msgs/erp42_msgs/msg/detail/feedback__struct.h
[5.449s] -- Symlinking: /home/kimsohee/ev-1-5/ev-Autonomous-Vehicle-1-5/install/erp42_msgs/include/erp42_msgs/erp42_msgs/msg/detail/feedback__type_support.h
[5.449s] -- Symlinking: /home/kimsohee/ev-1-5/ev-Autonomous-Vehicle-1-5/install/erp42_msgs/include/erp42_msgs/erp42_msgs/msg/feedback.h
[5.452s] -- Symlinking: /home/kimsohee/ev-1-5/ev-Autonomous-Vehicle-1-5/install/erp42_msgs/include/erp42_msgs/erp42_msgs/msg/rosidl_generator_c__visibility_control.h
[5.452s] -- Symlinking: /home/kimsohee/ev-1-5/ev-Autonomous-Vehicle-1-5/install/erp42_msgs/include/erp42_msgs/erp42_msgs/srv/detail/mode_command__functions.h
[5.452s] -- Symlinking: /home/kimsohee/ev-1-5/ev-Autonomous-Vehicle-1-5/install/erp42_msgs/include/erp42_msgs/erp42_msgs/srv/detail/mode_command__struct.h
[5.452s] -- Symlinking: /home/kimsohee/ev-1-5/ev-Autonomous-Vehicle-1-5/install/erp42_msgs/include/erp42_msgs/erp42_msgs/srv/detail/mode_command__type_support.h
[5.452s] -- Symlinking: /home/kimsohee/ev-1-5/ev-Autonomous-Vehicle-1-5/install/erp42_msgs/include/erp42_msgs/erp42_msgs/srv/mode_command.h
[5.452s] -- Symlinking: /home/kimsohee/ev-1-5/ev-Autonomous-Vehicle-1-5/install/erp42_msgs/share/erp42_msgs/environment/library_path.sh
[5.452s] -- Symlinking: /home/kimsohee/ev-1-5/ev-Autonomous-Vehicle-1-5/install/erp42_msgs/share/erp42_msgs/environment/library_path.dsv
[5.452s] -- Symlinking: /home/kimsohee/ev-1-5/ev-Autonomous-Vehicle-1-5/install/erp42_msgs/include/erp42_msgs/erp42_msgs/msg/detail/control_command__rosidl_typesupport_fastrtps_c.h
[5.453s] -- Symlinking: /home/kimsohee/ev-1-5/ev-Autonomous-Vehicle-1-5/install/erp42_msgs/include/erp42_msgs/erp42_msgs/msg/detail/feedback__rosidl_typesupport_fastrtps_c.h
[5.455s] -- Symlinking: /home/kimsohee/ev-1-5/ev-Autonomous-Vehicle-1-5/install/erp42_msgs/include/erp42_msgs/erp42_msgs/msg/rosidl_typesupport_fastrtps_c__visibility_control.h
[5.460s] -- Symlinking: /home/kimsohee/ev-1-5/ev-Autonomous-Vehicle-1-5/install/erp42_msgs/include/erp42_msgs/erp42_msgs/srv/detail/mode_command__rosidl_typesupport_fastrtps_c.h
[5.475s] -- Symlinking: /home/kimsohee/ev-1-5/ev-Autonomous-Vehicle-1-5/install/erp42_msgs/include/erp42_msgs/erp42_msgs/msg/control_command.hpp
[5.477s] -- Symlinking: /home/kimsohee/ev-1-5/ev-Autonomous-Vehicle-1-5/install/erp42_msgs/include/erp42_msgs/erp42_msgs/msg/detail/control_command__builder.hpp
[5.486s] -- Symlinking: /home/kimsohee/ev-1-5/ev-Autonomous-Vehicle-1-5/install/erp42_msgs/include/erp42_msgs/erp42_msgs/msg/detail/control_command__struct.hpp
[5.491s] -- Symlinking: /home/kimsohee/ev-1-5/ev-Autonomous-Vehicle-1-5/install/erp42_msgs/include/erp42_msgs/erp42_msgs/msg/detail/control_command__traits.hpp
[5.508s] -- Symlinking: /home/kimsohee/ev-1-5/ev-Autonomous-Vehicle-1-5/install/erp42_msgs/include/erp42_msgs/erp42_msgs/msg/detail/control_command__type_support.hpp
[5.512s] -- Symlinking: /home/kimsohee/ev-1-5/ev-Autonomous-Vehicle-1-5/install/erp42_msgs/include/erp42_msgs/erp42_msgs/msg/detail/feedback__builder.hpp
[5.515s] -- Symlinking: /home/kimsohee/ev-1-5/ev-Autonomous-Vehicle-1-5/install/erp42_msgs/include/erp42_msgs/erp42_msgs/msg/detail/feedback__struct.hpp
[5.519s] -- Symlinking: /home/kimsohee/ev-1-5/ev-Autonomous-Vehicle-1-5/install/erp42_msgs/include/erp42_msgs/erp42_msgs/msg/detail/feedback__traits.hpp
[5.540s] -- Symlinking: /home/kimsohee/ev-1-5/ev-Autonomous-Vehicle-1-5/install/erp42_msgs/include/erp42_msgs/erp42_msgs/msg/detail/feedback__type_support.hpp
[5.544s] -- Symlinking: /home/kimsohee/ev-1-5/ev-Autonomous-Vehicle-1-5/install/erp42_msgs/include/erp42_msgs/erp42_msgs/msg/feedback.hpp
[5.547s] -- Symlinking: /home/kimsohee/ev-1-5/ev-Autonomous-Vehicle-1-5/install/erp42_msgs/include/erp42_msgs/erp42_msgs/msg/rosidl_generator_cpp__visibility_control.hpp
[5.551s] -- Symlinking: /home/kimsohee/ev-1-5/ev-Autonomous-Vehicle-1-5/install/erp42_msgs/include/erp42_msgs/erp42_msgs/srv/detail/mode_command__builder.hpp
[5.555s] -- Symlinking: /home/kimsohee/ev-1-5/ev-Autonomous-Vehicle-1-5/install/erp42_msgs/include/erp42_msgs/erp42_msgs/srv/detail/mode_command__struct.hpp
[5.558s] -- Symlinking: /home/kimsohee/ev-1-5/ev-Autonomous-Vehicle-1-5/install/erp42_msgs/include/erp42_msgs/erp42_msgs/srv/detail/mode_command__traits.hpp
[5.562s] -- Symlinking: /home/kimsohee/ev-1-5/ev-Autonomous-Vehicle-1-5/install/erp42_msgs/include/erp42_msgs/erp42_msgs/srv/detail/mode_command__type_support.hpp
[5.574s] -- Symlinking: /home/kimsohee/ev-1-5/ev-Autonomous-Vehicle-1-5/install/erp42_msgs/include/erp42_msgs/erp42_msgs/srv/mode_command.hpp
[5.578s] -- Symlinking: /home/kimsohee/ev-1-5/ev-Autonomous-Vehicle-1-5/install/erp42_msgs/include/erp42_msgs/erp42_msgs/msg/detail/control_command__rosidl_typesupport_fastrtps_cpp.hpp
[5.582s] -- Symlinking: /home/kimsohee/ev-1-5/ev-Autonomous-Vehicle-1-5/install/erp42_msgs/include/erp42_msgs/erp42_msgs/msg/detail/feedback__rosidl_typesupport_fastrtps_cpp.hpp
[5.585s] -- Symlinking: /home/kimsohee/ev-1-5/ev-Autonomous-Vehicle-1-5/install/erp42_msgs/include/erp42_msgs/erp42_msgs/msg/rosidl_typesupport_fastrtps_cpp__visibility_control.h
[5.589s] -- Symlinking: /home/kimsohee/ev-1-5/ev-Autonomous-Vehicle-1-5/install/erp42_msgs/include/erp42_msgs/erp42_msgs/srv/detail/mode_command__rosidl_typesupport_fastrtps_cpp.hpp
[5.592s] -- Symlinking: /home/kimsohee/ev-1-5/ev-Autonomous-Vehicle-1-5/install/erp42_msgs/include/erp42_msgs/erp42_msgs/msg/detail/control_command__rosidl_typesupport_introspection_c.h
[5.598s] -- Symlinking: /home/kimsohee/ev-1-5/ev-Autonomous-Vehicle-1-5/install/erp42_msgs/include/erp42_msgs/erp42_msgs/msg/detail/feedback__rosidl_typesupport_introspection_c.h
[5.603s] -- Symlinking: /home/kimsohee/ev-1-5/ev-Autonomous-Vehicle-1-5/install/erp42_msgs/include/erp42_msgs/erp42_msgs/msg/rosidl_typesupport_introspection_c__visibility_control.h
[5.606s] -- Symlinking: /home/kimsohee/ev-1-5/ev-Autonomous-Vehicle-1-5/install/erp42_msgs/include/erp42_msgs/erp42_msgs/srv/detail/mode_command__rosidl_typesupport_introspection_c.h
[5.610s] -- Symlinking: /home/kimsohee/ev-1-5/ev-Autonomous-Vehicle-1-5/install/erp42_msgs/include/erp42_msgs/erp42_msgs/msg/detail/control_command__rosidl_typesupport_introspection_cpp.hpp
[5.614s] -- Symlinking: /home/kimsohee/ev-1-5/ev-Autonomous-Vehicle-1-5/install/erp42_msgs/include/erp42_msgs/erp42_msgs/msg/detail/feedback__rosidl_typesupport_introspection_cpp.hpp
[5.618s] -- Symlinking: /home/kimsohee/ev-1-5/ev-Autonomous-Vehicle-1-5/install/erp42_msgs/include/erp42_msgs/erp42_msgs/srv/detail/mode_command__rosidl_typesupport_introspection_cpp.hpp
[5.625s] -- Symlinking: /home/kimsohee/ev-1-5/ev-Autonomous-Vehicle-1-5/install/erp42_msgs/share/erp42_msgs/environment/pythonpath.sh
[5.629s] -- Symlinking: /home/kimsohee/ev-1-5/ev-Autonomous-Vehicle-1-5/install/erp42_msgs/share/erp42_msgs/environment/pythonpath.dsv
[5.636s] -- Symlinking: /home/kimsohee/ev-1-5/ev-Autonomous-Vehicle-1-5/install/erp42_msgs/local/lib/python3.10/dist-packages/erp42_msgs-0.0.0-py3.10.egg-info/PKG-INFO
[5.642s] -- Symlinking: /home/kimsohee/ev-1-5/ev-Autonomous-Vehicle-1-5/install/erp42_msgs/local/lib/python3.10/dist-packages/erp42_msgs-0.0.0-py3.10.egg-info/SOURCES.txt
[5.646s] -- Symlinking: /home/kimsohee/ev-1-5/ev-Autonomous-Vehicle-1-5/install/erp42_msgs/local/lib/python3.10/dist-packages/erp42_msgs-0.0.0-py3.10.egg-info/dependency_links.txt
[5.649s] -- Symlinking: /home/kimsohee/ev-1-5/ev-Autonomous-Vehicle-1-5/install/erp42_msgs/local/lib/python3.10/dist-packages/erp42_msgs-0.0.0-py3.10.egg-info/top_level.txt
[5.653s] -- Symlinking: /home/kimsohee/ev-1-5/ev-Autonomous-Vehicle-1-5/install/erp42_msgs/local/lib/python3.10/dist-packages/erp42_msgs/__init__.py
[5.660s] -- Symlinking: /home/kimsohee/ev-1-5/ev-Autonomous-Vehicle-1-5/install/erp42_msgs/local/lib/python3.10/dist-packages/erp42_msgs/_erp42_msgs_s.ep.rosidl_typesupport_c.c
[5.664s] -- Symlinking: /home/kimsohee/ev-1-5/ev-Autonomous-Vehicle-1-5/install/erp42_msgs/local/lib/python3.10/dist-packages/erp42_msgs/_erp42_msgs_s.ep.rosidl_typesupport_fastrtps_c.c
[5.668s] -- Symlinking: /home/kimsohee/ev-1-5/ev-Autonomous-Vehicle-1-5/install/erp42_msgs/local/lib/python3.10/dist-packages/erp42_msgs/_erp42_msgs_s.ep.rosidl_typesupport_introspection_c.c
[5.675s] -- Symlinking: /home/kimsohee/ev-1-5/ev-Autonomous-Vehicle-1-5/install/erp42_msgs/local/lib/python3.10/dist-packages/erp42_msgs/erp42_msgs_s__rosidl_typesupport_c.cpython-310-aarch64-linux-gnu.so
[5.678s] -- Symlinking: /home/kimsohee/ev-1-5/ev-Autonomous-Vehicle-1-5/install/erp42_msgs/local/lib/python3.10/dist-packages/erp42_msgs/erp42_msgs_s__rosidl_typesupport_fastrtps_c.cpython-310-aarch64-linux-gnu.so
[5.682s] -- Symlinking: /home/kimsohee/ev-1-5/ev-Autonomous-Vehicle-1-5/install/erp42_msgs/local/lib/python3.10/dist-packages/erp42_msgs/erp42_msgs_s__rosidl_typesupport_introspection_c.cpython-310-aarch64-linux-gnu.so
[5.685s] -- Symlinking: /home/kimsohee/ev-1-5/ev-Autonomous-Vehicle-1-5/install/erp42_msgs/local/lib/python3.10/dist-packages/erp42_msgs/liberp42_msgs__rosidl_generator_py.so
[5.689s] -- Symlinking: /home/kimsohee/ev-1-5/ev-Autonomous-Vehicle-1-5/install/erp42_msgs/local/lib/python3.10/dist-packages/erp42_msgs/msg/__init__.py
[5.692s] -- Symlinking: /home/kimsohee/ev-1-5/ev-Autonomous-Vehicle-1-5/install/erp42_msgs/local/lib/python3.10/dist-packages/erp42_msgs/msg/_control_command.py
[5.697s] -- Symlinking: /home/kimsohee/ev-1-5/ev-Autonomous-Vehicle-1-5/install/erp42_msgs/local/lib/python3.10/dist-packages/erp42_msgs/msg/_control_command_s.c
[5.704s] -- Symlinking: /home/kimsohee/ev-1-5/ev-Autonomous-Vehicle-1-5/install/erp42_msgs/local/lib/python3.10/dist-packages/erp42_msgs/msg/_feedback.py
[5.712s] -- Symlinking: /home/kimsohee/ev-1-5/ev-Autonomous-Vehicle-1-5/install/erp42_msgs/local/lib/python3.10/dist-packages/erp42_msgs/msg/_feedback_s.c
[5.721s] -- Symlinking: /home/kimsohee/ev-1-5/ev-Autonomous-Vehicle-1-5/install/erp42_msgs/local/lib/python3.10/dist-packages/erp42_msgs/srv/__init__.py
[5.728s] -- Symlinking: /home/kimsohee/ev-1-5/ev-Autonomous-Vehicle-1-5/install/erp42_msgs/local/lib/python3.10/dist-packages/erp42_msgs/srv/_mode_command.py
[5.732s] -- Symlinking: /home/kimsohee/ev-1-5/ev-Autonomous-Vehicle-1-5/install/erp42_msgs/local/lib/python3.10/dist-packages/erp42_msgs/srv/_mode_command_s.c
[5.736s] -- Up-to-date symlink: /home/kimsohee/ev-1-5/ev-Autonomous-Vehicle-1-5/install/erp42_msgs/local/lib/python3.10/dist-packages/erp42_msgs/erp42_msgs_s__rosidl_typesupport_fastrtps_c.cpython-310-aarch64-linux-gnu.so
[5.737s] -- Up-to-date symlink: /home/kimsohee/ev-1-5/ev-Autonomous-Vehicle-1-5/install/erp42_msgs/local/lib/python3.10/dist-packages/erp42_msgs/erp42_msgs_s__rosidl_typesupport_introspection_c.cpython-310-aarch64-linux-gnu.so
[5.737s] -- Up-to-date symlink: /home/kimsohee/ev-1-5/ev-Autonomous-Vehicle-1-5/install/erp42_msgs/local/lib/python3.10/dist-packages/erp42_msgs/erp42_msgs_s__rosidl_typesupport_c.cpython-310-aarch64-linux-gnu.so
[5.737s] -- Symlinking: /home/kimsohee/ev-1-5/ev-Autonomous-Vehicle-1-5/install/erp42_msgs/share/erp42_msgs/msg/ControlCommand.idl
[5.745s] -- Symlinking: /home/kimsohee/ev-1-5/ev-Autonomous-Vehicle-1-5/install/erp42_msgs/share/erp42_msgs/msg/Feedback.idl
[5.750s] -- Symlinking: /home/kimsohee/ev-1-5/ev-Autonomous-Vehicle-1-5/install/erp42_msgs/share/erp42_msgs/srv/ModeCommand.idl
[5.756s] -- Symlinking: /home/kimsohee/ev-1-5/ev-Autonomous-Vehicle-1-5/install/erp42_msgs/share/erp42_msgs/msg/ControlCommand.msg
[5.760s] -- Symlinking: /home/kimsohee/ev-1-5/ev-Autonomous-Vehicle-1-5/install/erp42_msgs/share/erp42_msgs/msg/Feedback.msg
[5.772s] -- Symlinking: /home/kimsohee/ev-1-5/ev-Autonomous-Vehicle-1-5/install/erp42_msgs/share/erp42_msgs/srv/ModeCommand.srv
[5.782s] -- Symlinking: /home/kimsohee/ev-1-5/ev-Autonomous-Vehicle-1-5/install/erp42_msgs/share/erp42_msgs/srv/ModeCommand_Request.msg
[5.786s] -- Symlinking: /home/kimsohee/ev-1-5/ev-Autonomous-Vehicle-1-5/install/erp42_msgs/share/erp42_msgs/srv/ModeCommand_Response.msg
[5.790s] -- Symlinking: /home/kimsohee/ev-1-5/ev-Autonomous-Vehicle-1-5/install/erp42_msgs/share/ament_index/resource_index/package_run_dependencies/erp42_msgs
[5.810s] -- Symlinking: /home/kimsohee/ev-1-5/ev-Autonomous-Vehicle-1-5/install/erp42_msgs/share/ament_index/resource_index/parent_prefix_path/erp42_msgs
[5.814s] -- Symlinking: /home/kimsohee/ev-1-5/ev-Autonomous-Vehicle-1-5/install/erp42_msgs/share/erp42_msgs/environment/ament_prefix_path.sh
[5.818s] -- Symlinking: /home/kimsohee/ev-1-5/ev-Autonomous-Vehicle-1-5/install/erp42_msgs/share/erp42_msgs/environment/ament_prefix_path.dsv
[5.821s] -- Symlinking: /home/kimsohee/ev-1-5/ev-Autonomous-Vehicle-1-5/install/erp42_msgs/share/erp42_msgs/environment/path.sh
[5.825s] -- Symlinking: /home/kimsohee/ev-1-5/ev-Autonomous-Vehicle-1-5/install/erp42_msgs/share/erp42_msgs/environment/path.dsv
[5.829s] -- Symlinking: /home/kimsohee/ev-1-5/ev-Autonomous-Vehicle-1-5/install/erp42_msgs/share/erp42_msgs/local_setup.bash
[5.833s] -- Symlinking: /home/kimsohee/ev-1-5/ev-Autonomous-Vehicle-1-5/install/erp42_msgs/share/erp42_msgs/local_setup.sh
[5.837s] -- Symlinking: /home/kimsohee/ev-1-5/ev-Autonomous-Vehicle-1-5/install/erp42_msgs/share/erp42_msgs/local_setup.zsh
[5.841s] -- Symlinking: /home/kimsohee/ev-1-5/ev-Autonomous-Vehicle-1-5/install/erp42_msgs/share/erp42_msgs/local_setup.dsv
[5.845s] -- Symlinking: /home/kimsohee/ev-1-5/ev-Autonomous-Vehicle-1-5/install/erp42_msgs/share/erp42_msgs/package.dsv
[5.849s] -- Symlinking: /home/kimsohee/ev-1-5/ev-Autonomous-Vehicle-1-5/install/erp42_msgs/share/ament_index/resource_index/packages/erp42_msgs
[5.853s] -- Symlinking: /home/kimsohee/ev-1-5/ev-Autonomous-Vehicle-1-5/install/erp42_msgs/share/erp42_msgs/cmake/rosidl_cmake-extras.cmake
[5.857s] -- Symlinking: /home/kimsohee/ev-1-5/ev-Autonomous-Vehicle-1-5/install/erp42_msgs/share/erp42_msgs/cmake/ament_cmake_export_dependencies-extras.cmake
[5.860s] -- Symlinking: /home/kimsohee/ev-1-5/ev-Autonomous-Vehicle-1-5/install/erp42_msgs/share/erp42_msgs/cmake/ament_cmake_export_include_directories-extras.cmake
[5.863s] -- Symlinking: /home/kimsohee/ev-1-5/ev-Autonomous-Vehicle-1-5/install/erp42_msgs/share/erp42_msgs/cmake/ament_cmake_export_libraries-extras.cmake
[5.867s] -- Symlinking: /home/kimsohee/ev-1-5/ev-Autonomous-Vehicle-1-5/install/erp42_msgs/share/erp42_msgs/cmake/ament_cmake_export_targets-extras.cmake
[5.871s] -- Symlinking: /home/kimsohee/ev-1-5/ev-Autonomous-Vehicle-1-5/install/erp42_msgs/share/erp42_msgs/cmake/rosidl_cmake_export_typesupport_targets-extras.cmake
[5.874s] -- Symlinking: /home/kimsohee/ev-1-5/ev-Autonomous-Vehicle-1-5/install/erp42_msgs/share/erp42_msgs/cmake/rosidl_cmake_export_typesupport_libraries-extras.cmake
[5.883s] -- Symlinking: /home/kimsohee/ev-1-5/ev-Autonomous-Vehicle-1-5/install/erp42_msgs/share/erp42_msgs/cmake/erp42_msgsConfig.cmake
[5.887s] -- Symlinking: /home/kimsohee/ev-1-5/ev-Autonomous-Vehicle-1-5/install/erp42_msgs/share/erp42_msgs/cmake/erp42_msgsConfig-version.cmake
[5.890s] -- Symlinking: /home/kimsohee/ev-1-5/ev-Autonomous-Vehicle-1-5/install/erp42_msgs/share/erp42_msgs/package.xml
[5.893s] -- Installing: /home/kimsohee/ev-1-5/ev-Autonomous-Vehicle-1-5/install/erp42_msgs/lib/liberp42_msgs__rosidl_generator_c.so
[5.894s] -- Set runtime path of "/home/kimsohee/ev-1-5/ev-Autonomous-Vehicle-1-5/install/erp42_msgs/lib/liberp42_msgs__rosidl_generator_c.so" to ""
[5.894s] -- Installing: /home/kimsohee/ev-1-5/ev-Autonomous-Vehicle-1-5/install/erp42_msgs/lib/liberp42_msgs__rosidl_typesupport_fastrtps_c.so
[5.894s] -- Set runtime path of "/home/kimsohee/ev-1-5/ev-Autonomous-Vehicle-1-5/install/erp42_msgs/lib/liberp42_msgs__rosidl_typesupport_fastrtps_c.so" to ""
[5.894s] -- Installing: /home/kimsohee/ev-1-5/ev-Autonomous-Vehicle-1-5/install/erp42_msgs/lib/liberp42_msgs__rosidl_typesupport_fastrtps_cpp.so
[5.894s] -- Set runtime path of "/home/kimsohee/ev-1-5/ev-Autonomous-Vehicle-1-5/install/erp42_msgs/lib/liberp42_msgs__rosidl_typesupport_fastrtps_cpp.so" to ""
[5.894s] -- Installing: /home/kimsohee/ev-1-5/ev-Autonomous-Vehicle-1-5/install/erp42_msgs/lib/liberp42_msgs__rosidl_typesupport_introspection_c.so
[5.894s] -- Set runtime path of "/home/kimsohee/ev-1-5/ev-Autonomous-Vehicle-1-5/install/erp42_msgs/lib/liberp42_msgs__rosidl_typesupport_introspection_c.so" to ""
[5.894s] -- Installing: /home/kimsohee/ev-1-5/ev-Autonomous-Vehicle-1-5/install/erp42_msgs/lib/liberp42_msgs__rosidl_typesupport_c.so
[5.894s] -- Set runtime path of "/home/kimsohee/ev-1-5/ev-Autonomous-Vehicle-1-5/install/erp42_msgs/lib/liberp42_msgs__rosidl_typesupport_c.so" to ""
[5.894s] -- Installing: /home/kimsohee/ev-1-5/ev-Autonomous-Vehicle-1-5/install/erp42_msgs/lib/liberp42_msgs__rosidl_typesupport_introspection_cpp.so
[5.895s] -- Set runtime path of "/home/kimsohee/ev-1-5/ev-Autonomous-Vehicle-1-5/install/erp42_msgs/lib/liberp42_msgs__rosidl_typesupport_introspection_cpp.so" to ""
[5.895s] -- Installing: /home/kimsohee/ev-1-5/ev-Autonomous-Vehicle-1-5/install/erp42_msgs/lib/liberp42_msgs__rosidl_typesupport_cpp.so
[5.895s] -- Set runtime path of "/home/kimsohee/ev-1-5/ev-Autonomous-Vehicle-1-5/install/erp42_msgs/lib/liberp42_msgs__rosidl_typesupport_cpp.so" to ""
[5.914s] Listing '/home/kimsohee/ev-1-5/ev-Autonomous-Vehicle-1-5/install/erp42_msgs/local/lib/python3.10/dist-packages/erp42_msgs'...
[5.914s] Compiling '/home/kimsohee/ev-1-5/ev-Autonomous-Vehicle-1-5/install/erp42_msgs/local/lib/python3.10/dist-packages/erp42_msgs/__init__.py'...
[5.914s] Listing '/home/kimsohee/ev-1-5/ev-Autonomous-Vehicle-1-5/install/erp42_msgs/local/lib/python3.10/dist-packages/erp42_msgs/msg'...
[5.914s] Compiling '/home/kimsohee/ev-1-5/ev-Autonomous-Vehicle-1-5/install/erp42_msgs/local/lib/python3.10/dist-packages/erp42_msgs/msg/__init__.py'...
[5.914s] Compiling '/home/kimsohee/ev-1-5/ev-Autonomous-Vehicle-1-5/install/erp42_msgs/local/lib/python3.10/dist-packages/erp42_msgs/msg/_control_command.py'...
[5.914s] Compiling '/home/kimsohee/ev-1-5/ev-Autonomous-Vehicle-1-5/install/erp42_msgs/local/lib/python3.10/dist-packages/erp42_msgs/msg/_feedback.py'...
[5.914s] Listing '/home/kimsohee/ev-1-5/ev-Autonomous-Vehicle-1-5/install/erp42_msgs/local/lib/python3.10/dist-packages/erp42_msgs/srv'...
[5.914s] Compiling '/home/kimsohee/ev-1-5/ev-Autonomous-Vehicle-1-5/install/erp42_msgs/local/lib/python3.10/dist-packages/erp42_msgs/srv/__init__.py'...
[5.914s] Compiling '/home/kimsohee/ev-1-5/ev-Autonomous-Vehicle-1-5/install/erp42_msgs/local/lib/python3.10/dist-packages/erp42_msgs/srv/_mode_command.py'...
[5.918s] -- Installing: /home/kimsohee/ev-1-5/ev-Autonomous-Vehicle-1-5/install/erp42_msgs/lib/liberp42_msgs__rosidl_generator_py.so
[5.919s] -- Set runtime path of "/home/kimsohee/ev-1-5/ev-Autonomous-Vehicle-1-5/install/erp42_msgs/lib/liberp42_msgs__rosidl_generator_py.so" to ""
[5.919s] -- Installing: /home/kimsohee/ev-1-5/ev-Autonomous-Vehicle-1-5/install/erp42_msgs/share/erp42_msgs/cmake/export_erp42_msgs__rosidl_generator_cExport.cmake
[5.919s] -- Installing: /home/kimsohee/ev-1-5/ev-Autonomous-Vehicle-1-5/install/erp42_msgs/share/erp42_msgs/cmake/export_erp42_msgs__rosidl_generator_cExport-noconfig.cmake
[5.919s] -- Installing: /home/kimsohee/ev-1-5/ev-Autonomous-Vehicle-1-5/install/erp42_msgs/share/erp42_msgs/cmake/export_erp42_msgs__rosidl_typesupport_fastrtps_cExport.cmake
[5.919s] -- Installing: /home/kimsohee/ev-1-5/ev-Autonomous-Vehicle-1-5/install/erp42_msgs/share/erp42_msgs/cmake/export_erp42_msgs__rosidl_typesupport_fastrtps_cExport-noconfig.cmake
[5.919s] -- Installing: /home/kimsohee/ev-1-5/ev-Autonomous-Vehicle-1-5/install/erp42_msgs/share/erp42_msgs/cmake/export_erp42_msgs__rosidl_generator_cppExport.cmake
[5.919s] -- Installing: /home/kimsohee/ev-1-5/ev-Autonomous-Vehicle-1-5/install/erp42_msgs/share/erp42_msgs/cmake/export_erp42_msgs__rosidl_typesupport_fastrtps_cppExport.cmake
[5.919s] -- Installing: /home/kimsohee/ev-1-5/ev-Autonomous-Vehicle-1-5/install/erp42_msgs/share/erp42_msgs/cmake/export_erp42_msgs__rosidl_typesupport_fastrtps_cppExport-noconfig.cmake
[5.920s] -- Installing: /home/kimsohee/ev-1-5/ev-Autonomous-Vehicle-1-5/install/erp42_msgs/share/erp42_msgs/cmake/erp42_msgs__rosidl_typesupport_introspection_cExport.cmake
[5.920s] -- Installing: /home/kimsohee/ev-1-5/ev-Autonomous-Vehicle-1-5/install/erp42_msgs/share/erp42_msgs/cmake/erp42_msgs__rosidl_typesupport_introspection_cExport-noconfig.cmake
[5.921s] -- Installing: /home/kimsohee/ev-1-5/ev-Autonomous-Vehicle-1-5/install/erp42_msgs/share/erp42_msgs/cmake/erp42_msgs__rosidl_typesupport_cExport.cmake
[5.921s] -- Installing: /home/kimsohee/ev-1-5/ev-Autonomous-Vehicle-1-5/install/erp42_msgs/share/erp42_msgs/cmake/erp42_msgs__rosidl_typesupport_cExport-noconfig.cmake
[5.921s] -- Installing: /home/kimsohee/ev-1-5/ev-Autonomous-Vehicle-1-5/install/erp42_msgs/share/erp42_msgs/cmake/erp42_msgs__rosidl_typesupport_introspection_cppExport.cmake
[5.921s] -- Installing: /home/kimsohee/ev-1-5/ev-Autonomous-Vehicle-1-5/install/erp42_msgs/share/erp42_msgs/cmake/erp42_msgs__rosidl_typesupport_introspection_cppExport-noconfig.cmake
[5.921s] -- Installing: /home/kimsohee/ev-1-5/ev-Autonomous-Vehicle-1-5/install/erp42_msgs/share/erp42_msgs/cmake/erp42_msgs__rosidl_typesupport_cppExport.cmake
[5.921s] -- Installing: /home/kimsohee/ev-1-5/ev-Autonomous-Vehicle-1-5/install/erp42_msgs/share/erp42_msgs/cmake/erp42_msgs__rosidl_typesupport_cppExport-noconfig.cmake
[5.921s] -- Installing: /home/kimsohee/ev-1-5/ev-Autonomous-Vehicle-1-5/install/erp42_msgs/share/erp42_msgs/cmake/export_erp42_msgs__rosidl_generator_pyExport.cmake
[5.921s] -- Installing: /home/kimsohee/ev-1-5/ev-Autonomous-Vehicle-1-5/install/erp42_msgs/share/erp42_msgs/cmake/export_erp42_msgs__rosidl_generator_pyExport-noconfig.cmake
