[0.015s] Invoking command in '/home/aiv/ev_ws/perception/build/lidar_voxel_grid': CMAKE_PREFIX_PATH=${CMAKE_PREFIX_PATH}:/opt/ros/humble /usr/bin/cmake /home/aiv/ev_ws/perception/src/lidar/lidar_voxel_grid -DAMENT_CMAKE_SYMLINK_INSTALL=1 -DCMAKE_INSTALL_PREFIX=/home/aiv/ev_ws/perception/install/lidar_voxel_grid
[0.053s] -- The C compiler identification is GNU 11.4.0
[0.087s] -- The CXX compiler identification is GNU 11.4.0
[0.091s] -- Detecting C compiler ABI info
[0.137s] -- Detecting C compiler ABI info - done
[0.141s] -- Check for working C compiler: /usr/bin/cc - skipped
[0.141s] -- Detecting C compile features
[0.142s] -- Detecting C compile features - done
[0.143s] -- Detecting CXX compiler ABI info
[0.198s] -- Detecting CXX compiler ABI info - done
[0.201s] -- Check for working CXX compiler: /usr/bin/c++ - skipped
[0.202s] -- Detecting CXX compile features
[0.202s] -- Detecting CXX compile features - done
[0.203s] -- Found ament_cmake: 1.3.12 (/opt/ros/humble/share/ament_cmake/cmake)
[0.301s] -- Found Python3: /usr/bin/python3 (found version "3.10.12") found components: Interpreter 
[0.343s] -- Override CMake install command with custom implementation using symlinks instead of copying resources
[0.372s] -- Found rclcpp: 16.0.17 (/opt/ros/humble/share/rclcpp/cmake)
[0.401s] -- Found rosidl_generator_c: 3.1.8 (/opt/ros/humble/share/rosidl_generator_c/cmake)
[0.404s] -- Found rosidl_adapter: 3.1.8 (/opt/ros/humble/share/rosidl_adapter/cmake)
[0.409s] -- Found rosidl_generator_cpp: 3.1.8 (/opt/ros/humble/share/rosidl_generator_cpp/cmake)
[0.417s] -- Using all available rosidl_typesupport_c: rosidl_typesupport_fastrtps_c;rosidl_typesupport_introspection_c
[0.426s] -- Using all available rosidl_typesupport_cpp: rosidl_typesupport_fastrtps_cpp;rosidl_typesupport_introspection_cpp
[0.454s] -- Found rmw_implementation_cmake: 6.1.2 (/opt/ros/humble/share/rmw_implementation_cmake/cmake)
[0.456s] -- Found rmw_fastrtps_cpp: 6.2.9 (/opt/ros/humble/share/rmw_fastrtps_cpp/cmake)
[0.518s] -- Found OpenSSL: /usr/lib/x86_64-linux-gnu/libcrypto.so (found version "3.0.2")  
[0.534s] -- Found FastRTPS: /opt/ros/humble/include  
[0.564s] -- Using RMW implementation 'rmw_fastrtps_cpp' as default
[0.573s] -- Looking for pthread.h
[0.619s] -- Looking for pthread.h - found
[0.619s] -- Performing Test CMAKE_HAVE_LIBC_PTHREAD
[0.665s] -- Performing Test CMAKE_HAVE_LIBC_PTHREAD - Success
[0.666s] -- Found Threads: TRUE  
[0.697s] -- Found rclcpp_components: 16.0.17 (/opt/ros/humble/share/rclcpp_components/cmake)
[0.714s] -- Found sensor_msgs: 4.9.0 (/opt/ros/humble/share/sensor_msgs/cmake)
[0.732s] -- Found pcl_conversions: 2.4.5 (/opt/ros/humble/share/pcl_conversions/cmake)
[0.758s] -- Checking for module 'eigen3'
[0.768s] --   Found eigen3, version 3.4.0
[0.794s] -- Found Eigen: /usr/include/eigen3 (Required is at least version "3.1") 
[0.794s] -- Eigen found (include: /usr/include/eigen3, version: 3.4.0)
[0.827s] -- Checking for module 'flann'
[0.840s] --   Found flann, version 1.9.1
[0.872s] -- Found FLANN: /usr/lib/x86_64-linux-gnu/libflann_cpp.so  
[0.872s] -- FLANN found (include: /usr/include, lib: /usr/lib/x86_64-linux-gnu/libflann_cpp.so)
[1.644s] -- Checking for module 'libusb-1.0'
[1.657s] --   Found libusb-1.0, version 1.0.25
[1.693s] -- Found libusb: /usr/lib/x86_64-linux-gnu/libusb-1.0.so  
[1.694s] -- OpenNI found (version: 1.5.4.0, include: /usr/include/ni, lib: /usr/lib/libOpenNI.so;libusb::libusb)
[1.748s] -- OpenNI2 found (version: 2.2.0.33, include: /usr/include/openni2, lib: /usr/lib/x86_64-linux-gnu/libOpenNI2.so;libusb::libusb)
[1.923s] -- Eigen found (include: /usr/include/eigen3, version: 3.4.0)
[1.930s] -- OpenNI found (version: 1.5.4.0, include: /usr/include/ni, lib: /usr/lib/libOpenNI.so;libusb::libusb)
[1.937s] -- OpenNI2 found (version: 2.2.0.33, include: /usr/include/openni2, lib: /usr/lib/x86_64-linux-gnu/libOpenNI2.so;libusb::libusb)
[2.076s] -- Found Qhull version 8.0.2
[2.216s] -- OpenNI found (version: 1.5.4.0, include: /usr/include/ni, lib: /usr/lib/libOpenNI.so;libusb::libusb)
[2.355s] -- Found PCL_COMMON: /usr/lib/x86_64-linux-gnu/libpcl_common.so  
[2.355s] -- Found PCL_KDTREE: /usr/lib/x86_64-linux-gnu/libpcl_kdtree.so  
[2.356s] -- Found PCL_OCTREE: /usr/lib/x86_64-linux-gnu/libpcl_octree.so  
[2.356s] -- Found PCL_SEARCH: /usr/lib/x86_64-linux-gnu/libpcl_search.so  
[2.357s] -- Found PCL_SAMPLE_CONSENSUS: /usr/lib/x86_64-linux-gnu/libpcl_sample_consensus.so  
[2.358s] -- Found PCL_FILTERS: /usr/lib/x86_64-linux-gnu/libpcl_filters.so  
[2.358s] -- Found PCL_2D: /usr/include/pcl-1.12  
[2.358s] -- Found PCL_GEOMETRY: /usr/include/pcl-1.12  
[2.360s] -- Found PCL_IO: /usr/lib/x86_64-linux-gnu/libpcl_io.so  
[2.361s] -- Found PCL_FEATURES: /usr/lib/x86_64-linux-gnu/libpcl_features.so  
[2.362s] -- Found PCL_ML: /usr/lib/x86_64-linux-gnu/libpcl_ml.so  
[2.362s] -- Found PCL_SEGMENTATION: /usr/lib/x86_64-linux-gnu/libpcl_segmentation.so  
[2.364s] -- Found PCL_VISUALIZATION: /usr/lib/x86_64-linux-gnu/libpcl_visualization.so  
[2.365s] -- Found PCL_SURFACE: /usr/lib/x86_64-linux-gnu/libpcl_surface.so  
[2.365s] -- Found PCL_REGISTRATION: /usr/lib/x86_64-linux-gnu/libpcl_registration.so  
[2.366s] -- Found PCL_KEYPOINTS: /usr/lib/x86_64-linux-gnu/libpcl_keypoints.so  
[2.367s] -- Found PCL_TRACKING: /usr/lib/x86_64-linux-gnu/libpcl_tracking.so  
[2.368s] -- Found PCL_RECOGNITION: /usr/lib/x86_64-linux-gnu/libpcl_recognition.so  
[2.369s] -- Found PCL_STEREO: /usr/lib/x86_64-linux-gnu/libpcl_stereo.so  
[2.370s] -- Found PCL_APPS: /usr/lib/x86_64-linux-gnu/libpcl_apps.so  
[2.371s] -- Found PCL_IN_HAND_SCANNER: /usr/include/pcl-1.12  
[2.371s] -- Found PCL_MODELER: /usr/include/pcl-1.12  
[2.371s] -- Found PCL_POINT_CLOUD_EDITOR: /usr/include/pcl-1.12  
[2.372s] -- Found PCL_OUTOFCORE: /usr/lib/x86_64-linux-gnu/libpcl_outofcore.so  
[2.373s] -- Found PCL_PEOPLE: /usr/lib/x86_64-linux-gnu/libpcl_people.so  
[2.403s] -- Found ament_lint_auto: 0.12.14 (/opt/ros/humble/share/ament_lint_auto/cmake)
[2.480s] -- Added test 'cppcheck' to perform static code analysis on C / C++ code
[2.480s] -- Configured cppcheck include dirs: /home/aiv/ev_ws/perception/src/lidar/lidar_voxel_grid/include
[2.481s] -- Configured cppcheck exclude dirs and/or files: 
[2.481s] -- Added test 'flake8' to check Python code syntax and style conventions
[2.482s] -- Added test 'lint_cmake' to check CMake code style
[2.483s] -- Added test 'pep257' to check Python code against some of the docstring style conventions in PEP 257
[2.485s] -- Added test 'uncrustify' to check C / C++ code style
[2.485s] -- Configured uncrustify additional arguments: 
[2.485s] -- Added test 'xmllint' to check XML markup files
[2.487s] -- Configuring done
[2.527s] -- Generating done
[2.535s] -- Build files have been written to: /home/aiv/ev_ws/perception/build/lidar_voxel_grid
[2.550s] Invoked command in '/home/aiv/ev_ws/perception/build/lidar_voxel_grid' returned '0': CMAKE_PREFIX_PATH=${CMAKE_PREFIX_PATH}:/opt/ros/humble /usr/bin/cmake /home/aiv/ev_ws/perception/src/lidar/lidar_voxel_grid -DAMENT_CMAKE_SYMLINK_INSTALL=1 -DCMAKE_INSTALL_PREFIX=/home/aiv/ev_ws/perception/install/lidar_voxel_grid
[2.552s] Invoking command in '/home/aiv/ev_ws/perception/build/lidar_voxel_grid': CMAKE_PREFIX_PATH=${CMAKE_PREFIX_PATH}:/opt/ros/humble /usr/bin/cmake --build /home/aiv/ev_ws/perception/build/lidar_voxel_grid -- -j28 -l28
[2.606s] [ 25%] [32mBuilding CXX object CMakeFiles/voxel_grid_component.dir/src/voxel_grid_component.cpp.o[0m
[2.607s] [ 50%] [32mBuilding CXX object CMakeFiles/voxel_grid_node.dir/rclcpp_components/node_main_voxel_grid_node.cpp.o[0m
[4.826s] [ 75%] [32m[1mLinking CXX executable voxel_grid_node[0m
[4.928s] [ 75%] Built target voxel_grid_node
[11.729s] [100%] [32m[1mLinking CXX shared library libvoxel_grid_component.so[0m
[12.376s] [100%] Built target voxel_grid_component
[12.383s] Invoked command in '/home/aiv/ev_ws/perception/build/lidar_voxel_grid' returned '0': CMAKE_PREFIX_PATH=${CMAKE_PREFIX_PATH}:/opt/ros/humble /usr/bin/cmake --build /home/aiv/ev_ws/perception/build/lidar_voxel_grid -- -j28 -l28
[12.385s] Invoking command in '/home/aiv/ev_ws/perception/build/lidar_voxel_grid': CMAKE_PREFIX_PATH=${CMAKE_PREFIX_PATH}:/opt/ros/humble /usr/bin/cmake --install /home/aiv/ev_ws/perception/build/lidar_voxel_grid
[12.392s] -- Install configuration: ""
[12.393s] -- Execute custom install script
[12.393s] -- Symlinking: /home/aiv/ev_ws/perception/install/lidar_voxel_grid/lib/lidar_voxel_grid/voxel_grid_node
[12.401s] -- Symlinking: /home/aiv/ev_ws/perception/install/lidar_voxel_grid/lib/libvoxel_grid_component.so
[12.408s] -- Symlinking: /home/aiv/ev_ws/perception/install/lidar_voxel_grid/include/lidar_voxel_grid/voxel_grid_component.hpp
[12.414s] -- Symlinking: /home/aiv/ev_ws/perception/install/lidar_voxel_grid/share/lidar_voxel_grid/config/voxel_grid_params.yaml
[12.423s] -- Symlinking: /home/aiv/ev_ws/perception/install/lidar_voxel_grid/share/lidar_voxel_grid/launch/voxel_grid.launch.py
[12.430s] -- Symlinking: /home/aiv/ev_ws/perception/install/lidar_voxel_grid/share/ament_index/resource_index/package_run_dependencies/lidar_voxel_grid
[12.435s] -- Symlinking: /home/aiv/ev_ws/perception/install/lidar_voxel_grid/share/ament_index/resource_index/parent_prefix_path/lidar_voxel_grid
[12.441s] -- Symlinking: /home/aiv/ev_ws/perception/install/lidar_voxel_grid/share/lidar_voxel_grid/environment/ament_prefix_path.sh
[12.448s] -- Symlinking: /home/aiv/ev_ws/perception/install/lidar_voxel_grid/share/lidar_voxel_grid/environment/ament_prefix_path.dsv
[12.455s] -- Symlinking: /home/aiv/ev_ws/perception/install/lidar_voxel_grid/share/lidar_voxel_grid/environment/path.sh
[12.462s] -- Symlinking: /home/aiv/ev_ws/perception/install/lidar_voxel_grid/share/lidar_voxel_grid/environment/path.dsv
[12.467s] -- Symlinking: /home/aiv/ev_ws/perception/install/lidar_voxel_grid/share/lidar_voxel_grid/local_setup.bash
[12.475s] -- Symlinking: /home/aiv/ev_ws/perception/install/lidar_voxel_grid/share/lidar_voxel_grid/local_setup.sh
[12.482s] -- Symlinking: /home/aiv/ev_ws/perception/install/lidar_voxel_grid/share/lidar_voxel_grid/local_setup.zsh
[12.487s] -- Symlinking: /home/aiv/ev_ws/perception/install/lidar_voxel_grid/share/lidar_voxel_grid/local_setup.dsv
[12.492s] -- Symlinking: /home/aiv/ev_ws/perception/install/lidar_voxel_grid/share/lidar_voxel_grid/package.dsv
[12.498s] -- Symlinking: /home/aiv/ev_ws/perception/install/lidar_voxel_grid/share/ament_index/resource_index/packages/lidar_voxel_grid
[12.503s] -- Symlinking: /home/aiv/ev_ws/perception/install/lidar_voxel_grid/share/ament_index/resource_index/rclcpp_components/lidar_voxel_grid
[12.510s] -- Symlinking: /home/aiv/ev_ws/perception/install/lidar_voxel_grid/share/lidar_voxel_grid/cmake/lidar_voxel_gridConfig.cmake
[12.516s] -- Symlinking: /home/aiv/ev_ws/perception/install/lidar_voxel_grid/share/lidar_voxel_grid/cmake/lidar_voxel_gridConfig-version.cmake
[12.523s] -- Symlinking: /home/aiv/ev_ws/perception/install/lidar_voxel_grid/share/lidar_voxel_grid/package.xml
[12.532s] Invoked command in '/home/aiv/ev_ws/perception/build/lidar_voxel_grid' returned '0': CMAKE_PREFIX_PATH=${CMAKE_PREFIX_PATH}:/opt/ros/humble /usr/bin/cmake --install /home/aiv/ev_ws/perception/build/lidar_voxel_grid
