[0.041s] Invoking command in '/home/kimsohee/ev-1-5/ev_ws/perception/build/velodyne_msgs': CMAKE_PREFIX_PATH=${CMAKE_PREFIX_PATH}:/opt/ros/humble /usr/bin/cmake /home/kimsohee/ev-1-5/ev_ws/perception/src/lidar/velodyne_msgs -DAMENT_CMAKE_SYMLINK_INSTALL=1 -DCMAKE_INSTALL_PREFIX=/home/kimsohee/ev-1-5/ev_ws/perception/install/velodyne_msgs
[0.124s] -- The C compiler identification is GNU 11.4.0
[0.222s] -- The CXX compiler identification is GNU 11.4.0
[0.236s] -- Detecting C compiler ABI info
[0.346s] -- Detecting C compiler ABI info - done
[0.355s] -- Check for working C compiler: /usr/bin/cc - skipped
[0.359s] -- Detecting C compile features
[0.359s] -- Detecting C compile features - done
[0.363s] -- Detecting CXX compiler ABI info
[0.498s] -- Detecting CXX compiler ABI info - done
[0.511s] -- Check for working CXX compiler: /usr/bin/c++ - skipped
[0.511s] -- Detecting CXX compile features
[0.512s] -- Detecting CXX compile features - done
[0.514s] -- Found ament_cmake: 1.3.12 (/opt/ros/humble/share/ament_cmake/cmake)
[0.769s] -- Found Python3: /usr/bin/python3 (found version "3.10.12") found components: Interpreter 
[0.876s] -- Override CMake install command with custom implementation using symlinks instead of copying resources
[0.934s] -- Found builtin_interfaces: 1.2.2 (/opt/ros/humble/share/builtin_interfaces/cmake)
[0.986s] -- Found rosidl_generator_c: 3.1.8 (/opt/ros/humble/share/rosidl_generator_c/cmake)
[0.994s] -- Found rosidl_adapter: 3.1.8 (/opt/ros/humble/share/rosidl_adapter/cmake)
[1.007s] -- Found rosidl_generator_cpp: 3.1.8 (/opt/ros/humble/share/rosidl_generator_cpp/cmake)
[1.025s] -- Using all available rosidl_typesupport_c: rosidl_typesupport_fastrtps_c;rosidl_typesupport_introspection_c
[1.060s] -- Using all available rosidl_typesupport_cpp: rosidl_typesupport_fastrtps_cpp;rosidl_typesupport_introspection_cpp
[1.082s] -- Found rosidl_default_generators: 1.2.0 (/opt/ros/humble/share/rosidl_default_generators/cmake)
[1.096s] -- Found std_msgs: 4.9.0 (/opt/ros/humble/share/std_msgs/cmake)
[1.592s] -- Found ament_cmake_cppcheck: 0.12.14 (/opt/ros/humble/share/ament_cmake_cppcheck/cmake)
[1.598s] -- Found ament_cmake_cpplint: 0.12.14 (/opt/ros/humble/share/ament_cmake_cpplint/cmake)
[1.603s] -- Found ament_cmake_uncrustify: 0.12.14 (/opt/ros/humble/share/ament_cmake_uncrustify/cmake)
[1.607s] -- Found ament_cmake_ros: 0.10.0 (/opt/ros/humble/share/ament_cmake_ros/cmake)
[2.191s] -- Using all available rosidl_typesupport_c: rosidl_typesupport_fastrtps_c;rosidl_typesupport_introspection_c
[2.497s] -- Using all available rosidl_typesupport_cpp: rosidl_typesupport_fastrtps_cpp;rosidl_typesupport_introspection_cpp
[2.559s] -- Found PythonInterp: /usr/bin/python3 (found suitable version "3.10.12", minimum required is "3.6") 
[2.562s] -- Found python_cmake_module: 0.10.0 (/opt/ros/humble/share/python_cmake_module/cmake)
[2.601s] -- Found PythonLibs: /usr/lib/x86_64-linux-gnu/libpython3.10.so (found suitable version "3.10.12", minimum required is "3.5") 
[2.601s] -- Using PYTHON_EXECUTABLE: /usr/bin/python3
[2.602s] -- Using PYTHON_INCLUDE_DIRS: /usr/include/python3.10
[2.602s] -- Using PYTHON_LIBRARIES: /usr/lib/x86_64-linux-gnu/libpython3.10.so
[2.636s] -- Found PythonExtra: .so  
[2.815s] -- Found ament_cmake_flake8: 0.12.14 (/opt/ros/humble/share/ament_cmake_flake8/cmake)
[2.822s] -- Found ament_cmake_pep257: 0.12.14 (/opt/ros/humble/share/ament_cmake_pep257/cmake)
[2.837s] -- Found ament_lint_auto: 0.12.14 (/opt/ros/humble/share/ament_lint_auto/cmake)
[2.890s] -- Added test 'copyright' to check source files copyright and LICENSE
[2.890s] -- Added test 'lint_cmake' to check CMake code style
[2.890s] -- Added test 'xmllint' to check XML markup files
[2.899s] -- Configuring done
[2.998s] -- Generating done
[3.033s] -- Build files have been written to: /home/kimsohee/ev-1-5/ev_ws/perception/build/velodyne_msgs
[3.057s] Invoked command in '/home/kimsohee/ev-1-5/ev_ws/perception/build/velodyne_msgs' returned '0': CMAKE_PREFIX_PATH=${CMAKE_PREFIX_PATH}:/opt/ros/humble /usr/bin/cmake /home/kimsohee/ev-1-5/ev_ws/perception/src/lidar/velodyne_msgs -DAMENT_CMAKE_SYMLINK_INSTALL=1 -DCMAKE_INSTALL_PREFIX=/home/kimsohee/ev-1-5/ev_ws/perception/install/velodyne_msgs
[3.065s] Invoking command in '/home/kimsohee/ev-1-5/ev_ws/perception/build/velodyne_msgs': CMAKE_PREFIX_PATH=${CMAKE_PREFIX_PATH}:/opt/ros/humble /usr/bin/cmake --build /home/kimsohee/ev-1-5/ev_ws/perception/build/velodyne_msgs -- -j8 -l8
[3.185s] [  2%] [34m[1mGenerating C code for ROS interfaces[0m
[3.203s] [  5%] [34m[1mGenerating C++ code for ROS interfaces[0m
[3.259s] [  5%] Built target ament_cmake_python_symlink_velodyne_msgs
[3.713s] running egg_info
[3.714s] creating velodyne_msgs.egg-info
[3.714s] writing velodyne_msgs.egg-info/PKG-INFO
[3.714s] writing dependency_links to velodyne_msgs.egg-info/dependency_links.txt
[3.714s] writing top-level names to velodyne_msgs.egg-info/top_level.txt
[3.715s] writing manifest file 'velodyne_msgs.egg-info/SOURCES.txt'
[3.720s] reading manifest file 'velodyne_msgs.egg-info/SOURCES.txt'
[3.720s] writing manifest file 'velodyne_msgs.egg-info/SOURCES.txt'
[3.786s] [  5%] Built target ament_cmake_python_build_velodyne_msgs_egg
[4.059s] [  5%] Built target velodyne_msgs__cpp
[4.090s] [  7%] [34m[1mGenerating C++ type support for eProsima Fast-RTPS[0m
[4.090s] [ 10%] [34m[1mGenerating C++ introspection for ROS interfaces[0m
[4.090s] [ 12%] [34m[1mGenerating C++ type support dispatch for ROS interfaces[0m
[4.430s] [ 15%] [32mBuilding C object CMakeFiles/velodyne_msgs__rosidl_generator_c.dir/rosidl_generator_c/velodyne_msgs/msg/detail/velodyne_packet__functions.c.o[0m
[4.440s] [ 17%] [32mBuilding C object CMakeFiles/velodyne_msgs__rosidl_generator_c.dir/rosidl_generator_c/velodyne_msgs/msg/detail/velodyne_scan__functions.c.o[0m
[4.615s] [ 20%] [32m[1mLinking C shared library libvelodyne_msgs__rosidl_generator_c.so[0m
[4.742s] [ 20%] Built target velodyne_msgs__rosidl_generator_c
[4.785s] [ 23%] [34m[1mGenerating C introspection for ROS interfaces[0m
[4.786s] [ 25%] [34m[1mGenerating C type support dispatch for ROS interfaces[0m
[4.787s] [ 28%] [34m[1mGenerating C type support for eProsima Fast-RTPS[0m
[5.488s] [ 30%] [32mBuilding CXX object CMakeFiles/velodyne_msgs__rosidl_typesupport_cpp.dir/rosidl_typesupport_cpp/velodyne_msgs/msg/velodyne_packet__type_support.cpp.o[0m
[5.502s] [ 33%] [32mBuilding CXX object CMakeFiles/velodyne_msgs__rosidl_typesupport_cpp.dir/rosidl_typesupport_cpp/velodyne_msgs/msg/velodyne_scan__type_support.cpp.o[0m
[5.556s] [ 35%] [32mBuilding CXX object CMakeFiles/velodyne_msgs__rosidl_typesupport_fastrtps_c.dir/rosidl_typesupport_fastrtps_c/velodyne_msgs/msg/detail/velodyne_packet__type_support_c.cpp.o[0m
[5.572s] [ 38%] [32mBuilding CXX object CMakeFiles/velodyne_msgs__rosidl_typesupport_fastrtps_c.dir/rosidl_typesupport_fastrtps_c/velodyne_msgs/msg/detail/velodyne_scan__type_support_c.cpp.o[0m
[5.587s] [ 41%] [32mBuilding CXX object CMakeFiles/velodyne_msgs__rosidl_typesupport_introspection_cpp.dir/rosidl_typesupport_introspection_cpp/velodyne_msgs/msg/detail/velodyne_packet__type_support.cpp.o[0m
[5.627s] [ 43%] [32mBuilding CXX object CMakeFiles/velodyne_msgs__rosidl_typesupport_fastrtps_cpp.dir/rosidl_typesupport_fastrtps_cpp/velodyne_msgs/msg/detail/dds_fastrtps/velodyne_packet__type_support.cpp.o[0m
[5.736s] [ 46%] [32mBuilding CXX object CMakeFiles/velodyne_msgs__rosidl_typesupport_c.dir/rosidl_typesupport_c/velodyne_msgs/msg/velodyne_packet__type_support.cpp.o[0m
[5.819s] [ 48%] [32mBuilding CXX object CMakeFiles/velodyne_msgs__rosidl_typesupport_c.dir/rosidl_typesupport_c/velodyne_msgs/msg/velodyne_scan__type_support.cpp.o[0m
[5.921s] [ 51%] [32m[1mLinking CXX shared library libvelodyne_msgs__rosidl_typesupport_c.so[0m
[6.044s] [ 53%] [32mBuilding C object CMakeFiles/velodyne_msgs__rosidl_typesupport_introspection_c.dir/rosidl_typesupport_introspection_c/velodyne_msgs/msg/detail/velodyne_packet__type_support.c.o[0m
[6.046s] [ 53%] Built target velodyne_msgs__rosidl_typesupport_c
[6.089s] [ 56%] [32mBuilding C object CMakeFiles/velodyne_msgs__rosidl_typesupport_introspection_c.dir/rosidl_typesupport_introspection_c/velodyne_msgs/msg/detail/velodyne_scan__type_support.c.o[0m
[6.201s] [ 58%] [32mBuilding CXX object CMakeFiles/velodyne_msgs__rosidl_typesupport_introspection_cpp.dir/rosidl_typesupport_introspection_cpp/velodyne_msgs/msg/detail/velodyne_scan__type_support.cpp.o[0m
[6.219s] [ 61%] [32m[1mLinking C shared library libvelodyne_msgs__rosidl_typesupport_introspection_c.so[0m
[6.310s] [ 64%] [32mBuilding CXX object CMakeFiles/velodyne_msgs__rosidl_typesupport_fastrtps_cpp.dir/rosidl_typesupport_fastrtps_cpp/velodyne_msgs/msg/detail/dds_fastrtps/velodyne_scan__type_support.cpp.o[0m
[6.324s] [ 64%] Built target velodyne_msgs__rosidl_typesupport_introspection_c
[6.502s] [ 66%] [32m[1mLinking CXX shared library libvelodyne_msgs__rosidl_typesupport_cpp.so[0m
[6.654s] [ 66%] Built target velodyne_msgs__rosidl_typesupport_cpp
[6.759s] [ 69%] [32m[1mLinking CXX shared library libvelodyne_msgs__rosidl_typesupport_fastrtps_c.so[0m
[7.026s] [ 71%] [32m[1mLinking CXX shared library libvelodyne_msgs__rosidl_typesupport_introspection_cpp.so[0m
[7.055s] [ 71%] Built target velodyne_msgs__rosidl_typesupport_fastrtps_c
[7.216s] [ 71%] Built target velodyne_msgs__rosidl_typesupport_introspection_cpp
[7.728s] [ 74%] [32m[1mLinking CXX shared library libvelodyne_msgs__rosidl_typesupport_fastrtps_cpp.so[0m
[7.900s] [ 74%] Built target velodyne_msgs__rosidl_typesupport_fastrtps_cpp
[7.974s] [ 74%] Built target velodyne_msgs
[8.042s] [ 76%] [34m[1mGenerating Python code for ROS interfaces[0m
[9.231s] [ 76%] Built target velodyne_msgs__py
[9.309s] [ 79%] [32mBuilding C object CMakeFiles/velodyne_msgs__rosidl_generator_py.dir/rosidl_generator_py/velodyne_msgs/msg/_velodyne_packet_s.c.o[0m
[9.312s] [ 82%] [32mBuilding C object CMakeFiles/velodyne_msgs__rosidl_generator_py.dir/rosidl_generator_py/velodyne_msgs/msg/_velodyne_scan_s.c.o[0m
[9.704s] [ 84%] [32m[1mLinking C shared library rosidl_generator_py/velodyne_msgs/libvelodyne_msgs__rosidl_generator_py.so[0m
[9.820s] [ 84%] Built target velodyne_msgs__rosidl_generator_py
[9.896s] [ 87%] [32mBuilding C object CMakeFiles/velodyne_msgs__rosidl_typesupport_fastrtps_c__pyext.dir/rosidl_generator_py/velodyne_msgs/_velodyne_msgs_s.ep.rosidl_typesupport_fastrtps_c.c.o[0m
[9.900s] [ 89%] [32mBuilding C object CMakeFiles/velodyne_msgs__rosidl_typesupport_c__pyext.dir/rosidl_generator_py/velodyne_msgs/_velodyne_msgs_s.ep.rosidl_typesupport_c.c.o[0m
[9.902s] [ 92%] [32mBuilding C object CMakeFiles/velodyne_msgs__rosidl_typesupport_introspection_c__pyext.dir/rosidl_generator_py/velodyne_msgs/_velodyne_msgs_s.ep.rosidl_typesupport_introspection_c.c.o[0m
[10.136s] [ 94%] [32m[1mLinking C shared library rosidl_generator_py/velodyne_msgs/velodyne_msgs_s__rosidl_typesupport_fastrtps_c.cpython-310-x86_64-linux-gnu.so[0m
[10.217s] [ 94%] Built target velodyne_msgs__rosidl_typesupport_fastrtps_c__pyext
[10.220s] [ 97%] [32m[1mLinking C shared library rosidl_generator_py/velodyne_msgs/velodyne_msgs_s__rosidl_typesupport_c.cpython-310-x86_64-linux-gnu.so[0m
[10.247s] [100%] [32m[1mLinking C shared library rosidl_generator_py/velodyne_msgs/velodyne_msgs_s__rosidl_typesupport_introspection_c.cpython-310-x86_64-linux-gnu.so[0m
[10.305s] [100%] Built target velodyne_msgs__rosidl_typesupport_c__pyext
[10.352s] [100%] Built target velodyne_msgs__rosidl_typesupport_introspection_c__pyext
[10.377s] Invoked command in '/home/kimsohee/ev-1-5/ev_ws/perception/build/velodyne_msgs' returned '0': CMAKE_PREFIX_PATH=${CMAKE_PREFIX_PATH}:/opt/ros/humble /usr/bin/cmake --build /home/kimsohee/ev-1-5/ev_ws/perception/build/velodyne_msgs -- -j8 -l8
[10.395s] Invoking command in '/home/kimsohee/ev-1-5/ev_ws/perception/build/velodyne_msgs': CMAKE_PREFIX_PATH=${CMAKE_PREFIX_PATH}:/opt/ros/humble /usr/bin/cmake --install /home/kimsohee/ev-1-5/ev_ws/perception/build/velodyne_msgs
[10.422s] -- Install configuration: ""
[10.422s] -- Execute custom install script
[10.422s] -- Symlinking: /home/kimsohee/ev-1-5/ev_ws/perception/install/velodyne_msgs/share/ament_index/resource_index/rosidl_interfaces/velodyne_msgs
[10.437s] -- Symlinking: /home/kimsohee/ev-1-5/ev_ws/perception/install/velodyne_msgs/include/velodyne_msgs/velodyne_msgs/msg/detail/velodyne_packet__functions.h
[10.456s] -- Symlinking: /home/kimsohee/ev-1-5/ev_ws/perception/install/velodyne_msgs/include/velodyne_msgs/velodyne_msgs/msg/detail/velodyne_packet__struct.h
[10.470s] -- Symlinking: /home/kimsohee/ev-1-5/ev_ws/perception/install/velodyne_msgs/include/velodyne_msgs/velodyne_msgs/msg/detail/velodyne_packet__type_support.h
[10.484s] -- Symlinking: /home/kimsohee/ev-1-5/ev_ws/perception/install/velodyne_msgs/include/velodyne_msgs/velodyne_msgs/msg/detail/velodyne_scan__functions.h
[10.498s] -- Symlinking: /home/kimsohee/ev-1-5/ev_ws/perception/install/velodyne_msgs/include/velodyne_msgs/velodyne_msgs/msg/detail/velodyne_scan__struct.h
[10.523s] -- Symlinking: /home/kimsohee/ev-1-5/ev_ws/perception/install/velodyne_msgs/include/velodyne_msgs/velodyne_msgs/msg/detail/velodyne_scan__type_support.h
[10.536s] -- Symlinking: /home/kimsohee/ev-1-5/ev_ws/perception/install/velodyne_msgs/include/velodyne_msgs/velodyne_msgs/msg/rosidl_generator_c__visibility_control.h
[10.550s] -- Symlinking: /home/kimsohee/ev-1-5/ev_ws/perception/install/velodyne_msgs/include/velodyne_msgs/velodyne_msgs/msg/velodyne_packet.h
[10.563s] -- Symlinking: /home/kimsohee/ev-1-5/ev_ws/perception/install/velodyne_msgs/include/velodyne_msgs/velodyne_msgs/msg/velodyne_scan.h
[10.578s] -- Symlinking: /home/kimsohee/ev-1-5/ev_ws/perception/install/velodyne_msgs/share/velodyne_msgs/environment/library_path.sh
[10.591s] -- Symlinking: /home/kimsohee/ev-1-5/ev_ws/perception/install/velodyne_msgs/share/velodyne_msgs/environment/library_path.dsv
[10.613s] -- Symlinking: /home/kimsohee/ev-1-5/ev_ws/perception/install/velodyne_msgs/include/velodyne_msgs/velodyne_msgs/msg/detail/velodyne_packet__rosidl_typesupport_fastrtps_c.h
[10.634s] -- Symlinking: /home/kimsohee/ev-1-5/ev_ws/perception/install/velodyne_msgs/include/velodyne_msgs/velodyne_msgs/msg/detail/velodyne_scan__rosidl_typesupport_fastrtps_c.h
[10.648s] -- Symlinking: /home/kimsohee/ev-1-5/ev_ws/perception/install/velodyne_msgs/include/velodyne_msgs/velodyne_msgs/msg/rosidl_typesupport_fastrtps_c__visibility_control.h
[10.662s] -- Symlinking: /home/kimsohee/ev-1-5/ev_ws/perception/install/velodyne_msgs/include/velodyne_msgs/velodyne_msgs/msg/detail/velodyne_packet__builder.hpp
[10.675s] -- Symlinking: /home/kimsohee/ev-1-5/ev_ws/perception/install/velodyne_msgs/include/velodyne_msgs/velodyne_msgs/msg/detail/velodyne_packet__struct.hpp
[10.690s] -- Symlinking: /home/kimsohee/ev-1-5/ev_ws/perception/install/velodyne_msgs/include/velodyne_msgs/velodyne_msgs/msg/detail/velodyne_packet__traits.hpp
[10.703s] -- Symlinking: /home/kimsohee/ev-1-5/ev_ws/perception/install/velodyne_msgs/include/velodyne_msgs/velodyne_msgs/msg/detail/velodyne_packet__type_support.hpp
[10.727s] -- Symlinking: /home/kimsohee/ev-1-5/ev_ws/perception/install/velodyne_msgs/include/velodyne_msgs/velodyne_msgs/msg/detail/velodyne_scan__builder.hpp
[10.741s] -- Symlinking: /home/kimsohee/ev-1-5/ev_ws/perception/install/velodyne_msgs/include/velodyne_msgs/velodyne_msgs/msg/detail/velodyne_scan__struct.hpp
[10.756s] -- Symlinking: /home/kimsohee/ev-1-5/ev_ws/perception/install/velodyne_msgs/include/velodyne_msgs/velodyne_msgs/msg/detail/velodyne_scan__traits.hpp
[10.770s] -- Symlinking: /home/kimsohee/ev-1-5/ev_ws/perception/install/velodyne_msgs/include/velodyne_msgs/velodyne_msgs/msg/detail/velodyne_scan__type_support.hpp
[10.787s] -- Symlinking: /home/kimsohee/ev-1-5/ev_ws/perception/install/velodyne_msgs/include/velodyne_msgs/velodyne_msgs/msg/rosidl_generator_cpp__visibility_control.hpp
[10.802s] -- Symlinking: /home/kimsohee/ev-1-5/ev_ws/perception/install/velodyne_msgs/include/velodyne_msgs/velodyne_msgs/msg/velodyne_packet.hpp
[10.828s] -- Symlinking: /home/kimsohee/ev-1-5/ev_ws/perception/install/velodyne_msgs/include/velodyne_msgs/velodyne_msgs/msg/velodyne_scan.hpp
[10.843s] -- Symlinking: /home/kimsohee/ev-1-5/ev_ws/perception/install/velodyne_msgs/include/velodyne_msgs/velodyne_msgs/msg/detail/velodyne_packet__rosidl_typesupport_fastrtps_cpp.hpp
[10.857s] -- Symlinking: /home/kimsohee/ev-1-5/ev_ws/perception/install/velodyne_msgs/include/velodyne_msgs/velodyne_msgs/msg/detail/velodyne_scan__rosidl_typesupport_fastrtps_cpp.hpp
[10.870s] -- Symlinking: /home/kimsohee/ev-1-5/ev_ws/perception/install/velodyne_msgs/include/velodyne_msgs/velodyne_msgs/msg/rosidl_typesupport_fastrtps_cpp__visibility_control.h
[10.885s] -- Symlinking: /home/kimsohee/ev-1-5/ev_ws/perception/install/velodyne_msgs/include/velodyne_msgs/velodyne_msgs/msg/detail/velodyne_packet__rosidl_typesupport_introspection_c.h
[10.899s] -- Symlinking: /home/kimsohee/ev-1-5/ev_ws/perception/install/velodyne_msgs/include/velodyne_msgs/velodyne_msgs/msg/detail/velodyne_scan__rosidl_typesupport_introspection_c.h
[10.924s] -- Symlinking: /home/kimsohee/ev-1-5/ev_ws/perception/install/velodyne_msgs/include/velodyne_msgs/velodyne_msgs/msg/rosidl_typesupport_introspection_c__visibility_control.h
[10.938s] -- Symlinking: /home/kimsohee/ev-1-5/ev_ws/perception/install/velodyne_msgs/include/velodyne_msgs/velodyne_msgs/msg/detail/velodyne_packet__rosidl_typesupport_introspection_cpp.hpp
[10.951s] -- Symlinking: /home/kimsohee/ev-1-5/ev_ws/perception/install/velodyne_msgs/include/velodyne_msgs/velodyne_msgs/msg/detail/velodyne_scan__rosidl_typesupport_introspection_cpp.hpp
[10.967s] -- Symlinking: /home/kimsohee/ev-1-5/ev_ws/perception/install/velodyne_msgs/share/velodyne_msgs/environment/pythonpath.sh
[10.981s] -- Symlinking: /home/kimsohee/ev-1-5/ev_ws/perception/install/velodyne_msgs/share/velodyne_msgs/environment/pythonpath.dsv
[10.997s] -- Symlinking: /home/kimsohee/ev-1-5/ev_ws/perception/install/velodyne_msgs/local/lib/python3.10/dist-packages/velodyne_msgs-2.5.1-py3.10.egg-info/PKG-INFO
[11.023s] -- Symlinking: /home/kimsohee/ev-1-5/ev_ws/perception/install/velodyne_msgs/local/lib/python3.10/dist-packages/velodyne_msgs-2.5.1-py3.10.egg-info/SOURCES.txt
[11.038s] -- Symlinking: /home/kimsohee/ev-1-5/ev_ws/perception/install/velodyne_msgs/local/lib/python3.10/dist-packages/velodyne_msgs-2.5.1-py3.10.egg-info/dependency_links.txt
[11.052s] -- Symlinking: /home/kimsohee/ev-1-5/ev_ws/perception/install/velodyne_msgs/local/lib/python3.10/dist-packages/velodyne_msgs-2.5.1-py3.10.egg-info/top_level.txt
[11.068s] -- Symlinking: /home/kimsohee/ev-1-5/ev_ws/perception/install/velodyne_msgs/local/lib/python3.10/dist-packages/velodyne_msgs/__init__.py
[11.083s] -- Symlinking: /home/kimsohee/ev-1-5/ev_ws/perception/install/velodyne_msgs/local/lib/python3.10/dist-packages/velodyne_msgs/_velodyne_msgs_s.ep.rosidl_typesupport_c.c
[11.097s] -- Symlinking: /home/kimsohee/ev-1-5/ev_ws/perception/install/velodyne_msgs/local/lib/python3.10/dist-packages/velodyne_msgs/_velodyne_msgs_s.ep.rosidl_typesupport_fastrtps_c.c
[11.126s] -- Symlinking: /home/kimsohee/ev-1-5/ev_ws/perception/install/velodyne_msgs/local/lib/python3.10/dist-packages/velodyne_msgs/_velodyne_msgs_s.ep.rosidl_typesupport_introspection_c.c
[11.138s] -- Symlinking: /home/kimsohee/ev-1-5/ev_ws/perception/install/velodyne_msgs/local/lib/python3.10/dist-packages/velodyne_msgs/libvelodyne_msgs__rosidl_generator_py.so
[11.157s] -- Symlinking: /home/kimsohee/ev-1-5/ev_ws/perception/install/velodyne_msgs/local/lib/python3.10/dist-packages/velodyne_msgs/msg/__init__.py
[11.169s] -- Symlinking: /home/kimsohee/ev-1-5/ev_ws/perception/install/velodyne_msgs/local/lib/python3.10/dist-packages/velodyne_msgs/msg/_velodyne_packet.py
[11.181s] -- Symlinking: /home/kimsohee/ev-1-5/ev_ws/perception/install/velodyne_msgs/local/lib/python3.10/dist-packages/velodyne_msgs/msg/_velodyne_packet_s.c
[11.193s] -- Symlinking: /home/kimsohee/ev-1-5/ev_ws/perception/install/velodyne_msgs/local/lib/python3.10/dist-packages/velodyne_msgs/msg/_velodyne_scan.py
[11.205s] -- Symlinking: /home/kimsohee/ev-1-5/ev_ws/perception/install/velodyne_msgs/local/lib/python3.10/dist-packages/velodyne_msgs/msg/_velodyne_scan_s.c
[11.237s] -- Symlinking: /home/kimsohee/ev-1-5/ev_ws/perception/install/velodyne_msgs/local/lib/python3.10/dist-packages/velodyne_msgs/velodyne_msgs_s__rosidl_typesupport_c.cpython-310-x86_64-linux-gnu.so
[11.249s] -- Symlinking: /home/kimsohee/ev-1-5/ev_ws/perception/install/velodyne_msgs/local/lib/python3.10/dist-packages/velodyne_msgs/velodyne_msgs_s__rosidl_typesupport_fastrtps_c.cpython-310-x86_64-linux-gnu.so
[11.261s] -- Symlinking: /home/kimsohee/ev-1-5/ev_ws/perception/install/velodyne_msgs/local/lib/python3.10/dist-packages/velodyne_msgs/velodyne_msgs_s__rosidl_typesupport_introspection_c.cpython-310-x86_64-linux-gnu.so
[11.274s] -- Up-to-date symlink: /home/kimsohee/ev-1-5/ev_ws/perception/install/velodyne_msgs/local/lib/python3.10/dist-packages/velodyne_msgs/velodyne_msgs_s__rosidl_typesupport_fastrtps_c.cpython-310-x86_64-linux-gnu.so
[11.275s] -- Up-to-date symlink: /home/kimsohee/ev-1-5/ev_ws/perception/install/velodyne_msgs/local/lib/python3.10/dist-packages/velodyne_msgs/velodyne_msgs_s__rosidl_typesupport_introspection_c.cpython-310-x86_64-linux-gnu.so
[11.276s] -- Up-to-date symlink: /home/kimsohee/ev-1-5/ev_ws/perception/install/velodyne_msgs/local/lib/python3.10/dist-packages/velodyne_msgs/velodyne_msgs_s__rosidl_typesupport_c.cpython-310-x86_64-linux-gnu.so
[11.276s] -- Symlinking: /home/kimsohee/ev-1-5/ev_ws/perception/install/velodyne_msgs/share/velodyne_msgs/msg/VelodynePacket.idl
[11.289s] -- Symlinking: /home/kimsohee/ev-1-5/ev_ws/perception/install/velodyne_msgs/share/velodyne_msgs/msg/VelodyneScan.idl
[11.310s] -- Symlinking: /home/kimsohee/ev-1-5/ev_ws/perception/install/velodyne_msgs/share/velodyne_msgs/msg/VelodynePacket.msg
[11.335s] -- Symlinking: /home/kimsohee/ev-1-5/ev_ws/perception/install/velodyne_msgs/share/velodyne_msgs/msg/VelodyneScan.msg
[11.349s] -- Symlinking: /home/kimsohee/ev-1-5/ev_ws/perception/install/velodyne_msgs/share/ament_index/resource_index/package_run_dependencies/velodyne_msgs
[11.363s] -- Symlinking: /home/kimsohee/ev-1-5/ev_ws/perception/install/velodyne_msgs/share/ament_index/resource_index/parent_prefix_path/velodyne_msgs
[11.377s] -- Symlinking: /home/kimsohee/ev-1-5/ev_ws/perception/install/velodyne_msgs/share/velodyne_msgs/environment/ament_prefix_path.sh
[11.392s] -- Symlinking: /home/kimsohee/ev-1-5/ev_ws/perception/install/velodyne_msgs/share/velodyne_msgs/environment/ament_prefix_path.dsv
[11.405s] -- Symlinking: /home/kimsohee/ev-1-5/ev_ws/perception/install/velodyne_msgs/share/velodyne_msgs/environment/path.sh
[11.432s] -- Symlinking: /home/kimsohee/ev-1-5/ev_ws/perception/install/velodyne_msgs/share/velodyne_msgs/environment/path.dsv
[11.446s] -- Symlinking: /home/kimsohee/ev-1-5/ev_ws/perception/install/velodyne_msgs/share/velodyne_msgs/local_setup.bash
[11.460s] -- Symlinking: /home/kimsohee/ev-1-5/ev_ws/perception/install/velodyne_msgs/share/velodyne_msgs/local_setup.sh
[11.474s] -- Symlinking: /home/kimsohee/ev-1-5/ev_ws/perception/install/velodyne_msgs/share/velodyne_msgs/local_setup.zsh
[11.487s] -- Symlinking: /home/kimsohee/ev-1-5/ev_ws/perception/install/velodyne_msgs/share/velodyne_msgs/local_setup.dsv
[11.502s] -- Symlinking: /home/kimsohee/ev-1-5/ev_ws/perception/install/velodyne_msgs/share/velodyne_msgs/package.dsv
[11.536s] -- Symlinking: /home/kimsohee/ev-1-5/ev_ws/perception/install/velodyne_msgs/share/ament_index/resource_index/packages/velodyne_msgs
[11.550s] -- Symlinking: /home/kimsohee/ev-1-5/ev_ws/perception/install/velodyne_msgs/share/velodyne_msgs/cmake/rosidl_cmake-extras.cmake
[11.564s] -- Symlinking: /home/kimsohee/ev-1-5/ev_ws/perception/install/velodyne_msgs/share/velodyne_msgs/cmake/ament_cmake_export_dependencies-extras.cmake
[11.580s] -- Symlinking: /home/kimsohee/ev-1-5/ev_ws/perception/install/velodyne_msgs/share/velodyne_msgs/cmake/ament_cmake_export_include_directories-extras.cmake
[11.596s] -- Symlinking: /home/kimsohee/ev-1-5/ev_ws/perception/install/velodyne_msgs/share/velodyne_msgs/cmake/ament_cmake_export_libraries-extras.cmake
[11.620s] -- Symlinking: /home/kimsohee/ev-1-5/ev_ws/perception/install/velodyne_msgs/share/velodyne_msgs/cmake/ament_cmake_export_targets-extras.cmake
[11.653s] -- Symlinking: /home/kimsohee/ev-1-5/ev_ws/perception/install/velodyne_msgs/share/velodyne_msgs/cmake/rosidl_cmake_export_typesupport_targets-extras.cmake
[11.667s] -- Symlinking: /home/kimsohee/ev-1-5/ev_ws/perception/install/velodyne_msgs/share/velodyne_msgs/cmake/rosidl_cmake_export_typesupport_libraries-extras.cmake
[11.684s] -- Symlinking: /home/kimsohee/ev-1-5/ev_ws/perception/install/velodyne_msgs/share/velodyne_msgs/cmake/velodyne_msgsConfig.cmake
[11.700s] -- Symlinking: /home/kimsohee/ev-1-5/ev_ws/perception/install/velodyne_msgs/share/velodyne_msgs/cmake/velodyne_msgsConfig-version.cmake
[11.738s] -- Symlinking: /home/kimsohee/ev-1-5/ev_ws/perception/install/velodyne_msgs/share/velodyne_msgs/package.xml
[11.750s] -- Installing: /home/kimsohee/ev-1-5/ev_ws/perception/install/velodyne_msgs/lib/libvelodyne_msgs__rosidl_generator_c.so
[11.751s] -- Set runtime path of "/home/kimsohee/ev-1-5/ev_ws/perception/install/velodyne_msgs/lib/libvelodyne_msgs__rosidl_generator_c.so" to ""
[11.751s] -- Installing: /home/kimsohee/ev-1-5/ev_ws/perception/install/velodyne_msgs/lib/libvelodyne_msgs__rosidl_typesupport_fastrtps_c.so
[11.751s] -- Set runtime path of "/home/kimsohee/ev-1-5/ev_ws/perception/install/velodyne_msgs/lib/libvelodyne_msgs__rosidl_typesupport_fastrtps_c.so" to ""
[11.751s] -- Installing: /home/kimsohee/ev-1-5/ev_ws/perception/install/velodyne_msgs/lib/libvelodyne_msgs__rosidl_typesupport_fastrtps_cpp.so
[11.751s] -- Set runtime path of "/home/kimsohee/ev-1-5/ev_ws/perception/install/velodyne_msgs/lib/libvelodyne_msgs__rosidl_typesupport_fastrtps_cpp.so" to ""
[11.751s] -- Installing: /home/kimsohee/ev-1-5/ev_ws/perception/install/velodyne_msgs/lib/libvelodyne_msgs__rosidl_typesupport_introspection_c.so
[11.751s] -- Set runtime path of "/home/kimsohee/ev-1-5/ev_ws/perception/install/velodyne_msgs/lib/libvelodyne_msgs__rosidl_typesupport_introspection_c.so" to ""
[11.751s] -- Installing: /home/kimsohee/ev-1-5/ev_ws/perception/install/velodyne_msgs/lib/libvelodyne_msgs__rosidl_typesupport_c.so
[11.751s] -- Set runtime path of "/home/kimsohee/ev-1-5/ev_ws/perception/install/velodyne_msgs/lib/libvelodyne_msgs__rosidl_typesupport_c.so" to ""
[11.751s] -- Installing: /home/kimsohee/ev-1-5/ev_ws/perception/install/velodyne_msgs/lib/libvelodyne_msgs__rosidl_typesupport_introspection_cpp.so
[11.751s] -- Set runtime path of "/home/kimsohee/ev-1-5/ev_ws/perception/install/velodyne_msgs/lib/libvelodyne_msgs__rosidl_typesupport_introspection_cpp.so" to ""
[11.752s] -- Installing: /home/kimsohee/ev-1-5/ev_ws/perception/install/velodyne_msgs/lib/libvelodyne_msgs__rosidl_typesupport_cpp.so
[11.752s] -- Set runtime path of "/home/kimsohee/ev-1-5/ev_ws/perception/install/velodyne_msgs/lib/libvelodyne_msgs__rosidl_typesupport_cpp.so" to ""
[11.811s] Listing '/home/kimsohee/ev-1-5/ev_ws/perception/install/velodyne_msgs/local/lib/python3.10/dist-packages/velodyne_msgs'...
[11.813s] Compiling '/home/kimsohee/ev-1-5/ev_ws/perception/install/velodyne_msgs/local/lib/python3.10/dist-packages/velodyne_msgs/__init__.py'...
[11.813s] Listing '/home/kimsohee/ev-1-5/ev_ws/perception/install/velodyne_msgs/local/lib/python3.10/dist-packages/velodyne_msgs/msg'...
[11.814s] Compiling '/home/kimsohee/ev-1-5/ev_ws/perception/install/velodyne_msgs/local/lib/python3.10/dist-packages/velodyne_msgs/msg/__init__.py'...
[11.814s] Compiling '/home/kimsohee/ev-1-5/ev_ws/perception/install/velodyne_msgs/local/lib/python3.10/dist-packages/velodyne_msgs/msg/_velodyne_packet.py'...
[11.814s] Compiling '/home/kimsohee/ev-1-5/ev_ws/perception/install/velodyne_msgs/local/lib/python3.10/dist-packages/velodyne_msgs/msg/_velodyne_scan.py'...
[11.829s] -- Installing: /home/kimsohee/ev-1-5/ev_ws/perception/install/velodyne_msgs/lib/libvelodyne_msgs__rosidl_generator_py.so
[11.829s] -- Set runtime path of "/home/kimsohee/ev-1-5/ev_ws/perception/install/velodyne_msgs/lib/libvelodyne_msgs__rosidl_generator_py.so" to ""
[11.829s] -- Installing: /home/kimsohee/ev-1-5/ev_ws/perception/install/velodyne_msgs/share/velodyne_msgs/cmake/export_velodyne_msgs__rosidl_generator_cExport.cmake
[11.829s] -- Installing: /home/kimsohee/ev-1-5/ev_ws/perception/install/velodyne_msgs/share/velodyne_msgs/cmake/export_velodyne_msgs__rosidl_generator_cExport-noconfig.cmake
[11.830s] -- Installing: /home/kimsohee/ev-1-5/ev_ws/perception/install/velodyne_msgs/share/velodyne_msgs/cmake/export_velodyne_msgs__rosidl_typesupport_fastrtps_cExport.cmake
[11.830s] -- Installing: /home/kimsohee/ev-1-5/ev_ws/perception/install/velodyne_msgs/share/velodyne_msgs/cmake/export_velodyne_msgs__rosidl_typesupport_fastrtps_cExport-noconfig.cmake
[11.830s] -- Installing: /home/kimsohee/ev-1-5/ev_ws/perception/install/velodyne_msgs/share/velodyne_msgs/cmake/export_velodyne_msgs__rosidl_generator_cppExport.cmake
[11.830s] -- Installing: /home/kimsohee/ev-1-5/ev_ws/perception/install/velodyne_msgs/share/velodyne_msgs/cmake/export_velodyne_msgs__rosidl_typesupport_fastrtps_cppExport.cmake
[11.830s] -- Installing: /home/kimsohee/ev-1-5/ev_ws/perception/install/velodyne_msgs/share/velodyne_msgs/cmake/export_velodyne_msgs__rosidl_typesupport_fastrtps_cppExport-noconfig.cmake
[11.830s] -- Installing: /home/kimsohee/ev-1-5/ev_ws/perception/install/velodyne_msgs/share/velodyne_msgs/cmake/velodyne_msgs__rosidl_typesupport_introspection_cExport.cmake
[11.830s] -- Installing: /home/kimsohee/ev-1-5/ev_ws/perception/install/velodyne_msgs/share/velodyne_msgs/cmake/velodyne_msgs__rosidl_typesupport_introspection_cExport-noconfig.cmake
[11.830s] -- Installing: /home/kimsohee/ev-1-5/ev_ws/perception/install/velodyne_msgs/share/velodyne_msgs/cmake/velodyne_msgs__rosidl_typesupport_cExport.cmake
[11.830s] -- Installing: /home/kimsohee/ev-1-5/ev_ws/perception/install/velodyne_msgs/share/velodyne_msgs/cmake/velodyne_msgs__rosidl_typesupport_cExport-noconfig.cmake
[11.830s] -- Installing: /home/kimsohee/ev-1-5/ev_ws/perception/install/velodyne_msgs/share/velodyne_msgs/cmake/velodyne_msgs__rosidl_typesupport_introspection_cppExport.cmake
[11.830s] -- Installing: /home/kimsohee/ev-1-5/ev_ws/perception/install/velodyne_msgs/share/velodyne_msgs/cmake/velodyne_msgs__rosidl_typesupport_introspection_cppExport-noconfig.cmake
[11.830s] -- Installing: /home/kimsohee/ev-1-5/ev_ws/perception/install/velodyne_msgs/share/velodyne_msgs/cmake/velodyne_msgs__rosidl_typesupport_cppExport.cmake
[11.831s] -- Installing: /home/kimsohee/ev-1-5/ev_ws/perception/install/velodyne_msgs/share/velodyne_msgs/cmake/velodyne_msgs__rosidl_typesupport_cppExport-noconfig.cmake
[11.831s] -- Installing: /home/kimsohee/ev-1-5/ev_ws/perception/install/velodyne_msgs/share/velodyne_msgs/cmake/export_velodyne_msgs__rosidl_generator_pyExport.cmake
[11.831s] -- Installing: /home/kimsohee/ev-1-5/ev_ws/perception/install/velodyne_msgs/share/velodyne_msgs/cmake/export_velodyne_msgs__rosidl_generator_pyExport-noconfig.cmake
[11.842s] Invoked command in '/home/kimsohee/ev-1-5/ev_ws/perception/build/velodyne_msgs' returned '0': CMAKE_PREFIX_PATH=${CMAKE_PREFIX_PATH}:/opt/ros/humble /usr/bin/cmake --install /home/kimsohee/ev-1-5/ev_ws/perception/build/velodyne_msgs
