[0.011s] Invoking command in '/home/aiv/ev_ws/perception/build/patchworkpp': CMAKE_PREFIX_PATH=${CMAKE_PREFIX_PATH}:/opt/ros/humble /usr/bin/cmake /home/aiv/ev_ws/perception/src/lidar/patchwork-plusplus-master/patchwork-plusplus-master/ros -DAMENT_CMAKE_SYMLINK_INSTALL=1 -DCMAKE_INSTALL_PREFIX=/home/aiv/ev_ws/perception/install/patchworkpp
[0.049s] -- The CXX compiler identification is GNU 11.4.0
[0.053s] -- Detecting CXX compiler ABI info
[0.102s] -- Detecting CXX compiler ABI info - done
[0.108s] -- Check for working CXX compiler: /usr/bin/c++ - skipped
[0.108s] -- Detecting CXX compile features
[0.108s] -- Detecting CXX compile features - done
[0.136s] -- The C compiler identification is GNU 11.4.0
[0.139s] -- Detecting C compiler ABI info
[0.187s] -- Detecting C compiler ABI info - done
[0.193s] -- Check for working C compiler: /usr/bin/cc - skipped
[0.193s] -- Detecting C compile features
[0.193s] -- Detecting C compile features - done
[0.199s] [0mParent project name: patchworkpp[0m
[0.200s] -- Found ament_cmake: 1.3.12 (/opt/ros/humble/share/ament_cmake/cmake)
[0.296s] -- Found Python3: /usr/bin/python3 (found version "3.10.12") found components: Interpreter 
[0.329s] -- Override CMake install command with custom implementation using symlinks instead of copying resources
[0.345s] -- Found nav_msgs: 4.9.0 (/opt/ros/humble/share/nav_msgs/cmake)
[0.364s] -- Found rosidl_generator_c: 3.1.8 (/opt/ros/humble/share/rosidl_generator_c/cmake)
[0.367s] -- Found rosidl_adapter: 3.1.8 (/opt/ros/humble/share/rosidl_adapter/cmake)
[0.372s] -- Found rosidl_generator_cpp: 3.1.8 (/opt/ros/humble/share/rosidl_generator_cpp/cmake)
[0.379s] -- Using all available rosidl_typesupport_c: rosidl_typesupport_fastrtps_c;rosidl_typesupport_introspection_c
[0.388s] -- Using all available rosidl_typesupport_cpp: rosidl_typesupport_fastrtps_cpp;rosidl_typesupport_introspection_cpp
[0.420s] -- Found rclcpp: 16.0.17 (/opt/ros/humble/share/rclcpp/cmake)
[0.442s] -- Found rmw_implementation_cmake: 6.1.2 (/opt/ros/humble/share/rmw_implementation_cmake/cmake)
[0.443s] -- Found rmw_fastrtps_cpp: 6.2.9 (/opt/ros/humble/share/rmw_fastrtps_cpp/cmake)
[0.498s] -- Found OpenSSL: /usr/lib/x86_64-linux-gnu/libcrypto.so (found version "3.0.2")  
[0.514s] -- Found FastRTPS: /opt/ros/humble/include  
[0.540s] -- Using RMW implementation 'rmw_fastrtps_cpp' as default
[0.545s] -- Looking for C++ include pthread.h
[0.602s] -- Looking for C++ include pthread.h - found
[0.603s] -- Performing Test CMAKE_HAVE_LIBC_PTHREAD
[0.654s] -- Performing Test CMAKE_HAVE_LIBC_PTHREAD - Success
[0.655s] -- Found Threads: TRUE  
[0.676s] -- Found rclcpp_components: 16.0.17 (/opt/ros/humble/share/rclcpp_components/cmake)
[0.691s] -- Found sensor_msgs: 4.9.0 (/opt/ros/humble/share/sensor_msgs/cmake)
[0.701s] -- Found tf2_ros: 0.25.18 (/opt/ros/humble/share/tf2_ros/cmake)
[0.798s] -- Configuring done
[0.808s] -- Generating done
[0.811s] -- Build files have been written to: /home/aiv/ev_ws/perception/build/patchworkpp
[0.818s] Invoked command in '/home/aiv/ev_ws/perception/build/patchworkpp' returned '0': CMAKE_PREFIX_PATH=${CMAKE_PREFIX_PATH}:/opt/ros/humble /usr/bin/cmake /home/aiv/ev_ws/perception/src/lidar/patchwork-plusplus-master/patchwork-plusplus-master/ros -DAMENT_CMAKE_SYMLINK_INSTALL=1 -DCMAKE_INSTALL_PREFIX=/home/aiv/ev_ws/perception/install/patchworkpp
[0.819s] Invoking command in '/home/aiv/ev_ws/perception/build/patchworkpp': CMAKE_PREFIX_PATH=${CMAKE_PREFIX_PATH}:/opt/ros/humble /usr/bin/cmake --build /home/aiv/ev_ws/perception/build/patchworkpp -- -j28 -l28
[0.854s] [ 16%] [32mBuilding CXX object patchworkpp_cpp/patchworkpp/CMakeFiles/ground_seg_cores.dir/src/patchworkpp.cpp.o[0m
[0.855s] [ 33%] [32mBuilding CXX object CMakeFiles/patchworkpp_node.dir/rclcpp_components/node_main_patchworkpp_node.cpp.o[0m
[3.480s] [ 50%] [32m[1mLinking CXX executable patchworkpp_node[0m
[3.569s] [ 50%] Built target patchworkpp_node
[9.934s] [ 66%] [32m[1mLinking CXX static library libground_seg_cores.a[0m
[9.962s] [ 66%] Built target ground_seg_cores
[9.979s] [ 83%] [32mBuilding CXX object CMakeFiles/gseg_component.dir/src/GroundSegmentationServer.cpp.o[0m
[18.284s] [100%] [32m[1mLinking CXX shared library libgseg_component.so[0m
[18.384s] [100%] Built target gseg_component
[18.390s] Invoked command in '/home/aiv/ev_ws/perception/build/patchworkpp' returned '0': CMAKE_PREFIX_PATH=${CMAKE_PREFIX_PATH}:/opt/ros/humble /usr/bin/cmake --build /home/aiv/ev_ws/perception/build/patchworkpp -- -j28 -l28
[18.391s] Invoking command in '/home/aiv/ev_ws/perception/build/patchworkpp': CMAKE_PREFIX_PATH=${CMAKE_PREFIX_PATH}:/opt/ros/humble /usr/bin/cmake --install /home/aiv/ev_ws/perception/build/patchworkpp
[18.397s] -- Install configuration: "Release"
[18.397s] -- Installing: /home/aiv/ev_ws/perception/install/patchworkpp/include
[18.397s] -- Installing: /home/aiv/ev_ws/perception/install/patchworkpp/include/patchwork
[18.397s] -- Installing: /home/aiv/ev_ws/perception/install/patchworkpp/include/patchwork/patchworkpp.h
[18.397s] -- Installing: /home/aiv/ev_ws/perception/install/patchworkpp/lib/libground_seg_cores.a
[18.398s] -- Installing: /home/aiv/ev_ws/perception/install/patchworkpp/lib/cmake/patchworkpp/patchworkppConfig.cmake
[18.398s] -- Installing: /home/aiv/ev_ws/perception/install/patchworkpp/lib/cmake/patchworkpp/patchworkppConfig-release.cmake
[18.398s] -- Installing: /home/aiv/ev_ws/perception/install/patchworkpp/lib/cmake/patchworkpp/patchworkppTargets.cmake
[18.398s] -- Installing: /home/aiv/ev_ws/perception/install/patchworkpp/lib/cmake/patchworkpp/patchworkppTargets-release.cmake
[18.398s] -- Execute custom install script
[18.398s] -- Symlinking: /home/aiv/ev_ws/perception/install/patchworkpp/lib/patchworkpp/patchworkpp_node
[18.403s] -- Symlinking: /home/aiv/ev_ws/perception/install/patchworkpp/lib/libgseg_component.so
[18.409s] -- Symlinking: /home/aiv/ev_ws/perception/install/patchworkpp/share/patchworkpp//launch/patchworkpp.launch.py
[18.415s] -- Symlinking: /home/aiv/ev_ws/perception/install/patchworkpp/share/patchworkpp//rviz/patchworkpp.rviz
[18.419s] -- Symlinking: /home/aiv/ev_ws/perception/install/patchworkpp/share/ament_index/resource_index/package_run_dependencies/patchworkpp
[18.425s] -- Symlinking: /home/aiv/ev_ws/perception/install/patchworkpp/share/ament_index/resource_index/parent_prefix_path/patchworkpp
[18.430s] -- Symlinking: /home/aiv/ev_ws/perception/install/patchworkpp/share/patchworkpp/environment/ament_prefix_path.sh
[18.436s] -- Symlinking: /home/aiv/ev_ws/perception/install/patchworkpp/share/patchworkpp/environment/ament_prefix_path.dsv
[18.442s] -- Symlinking: /home/aiv/ev_ws/perception/install/patchworkpp/share/patchworkpp/environment/path.sh
[18.446s] -- Symlinking: /home/aiv/ev_ws/perception/install/patchworkpp/share/patchworkpp/environment/path.dsv
[18.452s] -- Symlinking: /home/aiv/ev_ws/perception/install/patchworkpp/share/patchworkpp/local_setup.bash
[18.457s] -- Symlinking: /home/aiv/ev_ws/perception/install/patchworkpp/share/patchworkpp/local_setup.sh
[18.461s] -- Symlinking: /home/aiv/ev_ws/perception/install/patchworkpp/share/patchworkpp/local_setup.zsh
[18.466s] -- Symlinking: /home/aiv/ev_ws/perception/install/patchworkpp/share/patchworkpp/local_setup.dsv
[18.472s] -- Symlinking: /home/aiv/ev_ws/perception/install/patchworkpp/share/patchworkpp/package.dsv
[18.477s] -- Symlinking: /home/aiv/ev_ws/perception/install/patchworkpp/share/ament_index/resource_index/packages/patchworkpp
[18.482s] -- Symlinking: /home/aiv/ev_ws/perception/install/patchworkpp/share/ament_index/resource_index/rclcpp_components/patchworkpp
[18.487s] -- Symlinking: /home/aiv/ev_ws/perception/install/patchworkpp/share/patchworkpp/cmake/patchworkppConfig.cmake
[18.493s] -- Symlinking: /home/aiv/ev_ws/perception/install/patchworkpp/share/patchworkpp/cmake/patchworkppConfig-version.cmake
[18.499s] -- Symlinking: /home/aiv/ev_ws/perception/install/patchworkpp/share/patchworkpp/package.xml
[18.505s] Invoked command in '/home/aiv/ev_ws/perception/build/patchworkpp' returned '0': CMAKE_PREFIX_PATH=${CMAKE_PREFIX_PATH}:/opt/ros/humble /usr/bin/cmake --install /home/aiv/ev_ws/perception/build/patchworkpp
