[0.017s] Invoking command in '/home/aiv/ev_ws/perception/build/velodyne_msgs': CMAKE_PREFIX_PATH=${CMAKE_PREFIX_PATH}:/opt/ros/humble /usr/bin/cmake /home/aiv/ev_ws/perception/src/lidar/velodyne_msgs -DAMENT_CMAKE_SYMLINK_INSTALL=1 -DCMAKE_INSTALL_PREFIX=/home/aiv/ev_ws/perception/install/velodyne_msgs
[0.053s] -- The C compiler identification is GNU 11.4.0
[0.090s] -- The CXX compiler identification is GNU 11.4.0
[0.095s] -- Detecting C compiler ABI info
[0.145s] -- Detecting C compiler ABI info - done
[0.150s] -- Check for working C compiler: /usr/bin/cc - skipped
[0.150s] -- Detecting C compile features
[0.150s] -- Detecting C compile features - done
[0.152s] -- Detecting CXX compiler ABI info
[0.206s] -- Detecting CXX compiler ABI info - done
[0.213s] -- Check for working CXX compiler: /usr/bin/c++ - skipped
[0.213s] -- Detecting CXX compile features
[0.213s] -- Detecting CXX compile features - done
[0.215s] -- Found ament_cmake: 1.3.12 (/opt/ros/humble/share/ament_cmake/cmake)
[0.328s] -- Found Python3: /usr/bin/python3 (found version "3.10.12") found components: Interpreter 
[0.377s] -- Override CMake install command with custom implementation using symlinks instead of copying resources
[0.400s] -- Found builtin_interfaces: 1.2.2 (/opt/ros/humble/share/builtin_interfaces/cmake)
[0.423s] -- Found rosidl_generator_c: 3.1.8 (/opt/ros/humble/share/rosidl_generator_c/cmake)
[0.427s] -- Found rosidl_adapter: 3.1.8 (/opt/ros/humble/share/rosidl_adapter/cmake)
[0.433s] -- Found rosidl_generator_cpp: 3.1.8 (/opt/ros/humble/share/rosidl_generator_cpp/cmake)
[0.441s] -- Using all available rosidl_typesupport_c: rosidl_typesupport_fastrtps_c;rosidl_typesupport_introspection_c
[0.453s] -- Using all available rosidl_typesupport_cpp: rosidl_typesupport_fastrtps_cpp;rosidl_typesupport_introspection_cpp
[0.464s] -- Found rosidl_default_generators: 1.2.0 (/opt/ros/humble/share/rosidl_default_generators/cmake)
[0.472s] -- Found std_msgs: 4.9.0 (/opt/ros/humble/share/std_msgs/cmake)
[0.680s] -- Found ament_cmake_cppcheck: 0.12.14 (/opt/ros/humble/share/ament_cmake_cppcheck/cmake)
[0.682s] -- Found ament_cmake_cpplint: 0.12.14 (/opt/ros/humble/share/ament_cmake_cpplint/cmake)
[0.684s] -- Found ament_cmake_uncrustify: 0.12.14 (/opt/ros/humble/share/ament_cmake_uncrustify/cmake)
[0.686s] -- Found ament_cmake_ros: 0.10.0 (/opt/ros/humble/share/ament_cmake_ros/cmake)
[0.963s] -- Using all available rosidl_typesupport_c: rosidl_typesupport_fastrtps_c;rosidl_typesupport_introspection_c
[1.079s] -- Using all available rosidl_typesupport_cpp: rosidl_typesupport_fastrtps_cpp;rosidl_typesupport_introspection_cpp
[1.101s] -- Found PythonInterp: /usr/bin/python3 (found suitable version "3.10.12", minimum required is "3.6") 
[1.103s] -- Found python_cmake_module: 0.10.0 (/opt/ros/humble/share/python_cmake_module/cmake)
[1.124s] -- Found PythonLibs: /usr/lib/x86_64-linux-gnu/libpython3.10.so (found suitable version "3.10.12", minimum required is "3.5") 
[1.125s] -- Using PYTHON_EXECUTABLE: /usr/bin/python3
[1.125s] -- Using PYTHON_INCLUDE_DIRS: /usr/include/python3.10
[1.125s] -- Using PYTHON_LIBRARIES: /usr/lib/x86_64-linux-gnu/libpython3.10.so
[1.142s] -- Found PythonExtra: .so  
[1.182s] -- Found ament_cmake_flake8: 0.12.14 (/opt/ros/humble/share/ament_cmake_flake8/cmake)
[1.184s] -- Found ament_cmake_pep257: 0.12.14 (/opt/ros/humble/share/ament_cmake_pep257/cmake)
[1.187s] -- Found ament_lint_auto: 0.12.14 (/opt/ros/humble/share/ament_lint_auto/cmake)
[1.197s] -- Added test 'copyright' to check source files copyright and LICENSE
[1.198s] -- Added test 'lint_cmake' to check CMake code style
[1.198s] -- Added test 'xmllint' to check XML markup files
[1.201s] -- Configuring done
[1.228s] -- Generating done
[1.235s] -- Build files have been written to: /home/aiv/ev_ws/perception/build/velodyne_msgs
[1.241s] Invoked command in '/home/aiv/ev_ws/perception/build/velodyne_msgs' returned '0': CMAKE_PREFIX_PATH=${CMAKE_PREFIX_PATH}:/opt/ros/humble /usr/bin/cmake /home/aiv/ev_ws/perception/src/lidar/velodyne_msgs -DAMENT_CMAKE_SYMLINK_INSTALL=1 -DCMAKE_INSTALL_PREFIX=/home/aiv/ev_ws/perception/install/velodyne_msgs
[1.243s] Invoking command in '/home/aiv/ev_ws/perception/build/velodyne_msgs': CMAKE_PREFIX_PATH=${CMAKE_PREFIX_PATH}:/opt/ros/humble /usr/bin/cmake --build /home/aiv/ev_ws/perception/build/velodyne_msgs -- -j28 -l28
[1.278s] [  2%] [34m[1mGenerating C code for ROS interfaces[0m
[1.289s] [  5%] [34m[1mGenerating C++ code for ROS interfaces[0m
[1.293s] [  5%] Built target ament_cmake_python_symlink_velodyne_msgs
[1.543s] running egg_info
[1.544s] creating velodyne_msgs.egg-info
[1.544s] writing velodyne_msgs.egg-info/PKG-INFO
[1.544s] writing dependency_links to velodyne_msgs.egg-info/dependency_links.txt
[1.544s] writing top-level names to velodyne_msgs.egg-info/top_level.txt
[1.544s] writing manifest file 'velodyne_msgs.egg-info/SOURCES.txt'
[1.546s] reading manifest file 'velodyne_msgs.egg-info/SOURCES.txt'
[1.547s] writing manifest file 'velodyne_msgs.egg-info/SOURCES.txt'
[1.578s] [  5%] Built target ament_cmake_python_build_velodyne_msgs_egg
[1.622s] [  7%] [32mBuilding C object CMakeFiles/velodyne_msgs__rosidl_generator_c.dir/rosidl_generator_c/velodyne_msgs/msg/detail/velodyne_scan__functions.c.o[0m
[1.623s] [ 10%] [32mBuilding C object CMakeFiles/velodyne_msgs__rosidl_generator_c.dir/rosidl_generator_c/velodyne_msgs/msg/detail/velodyne_packet__functions.c.o[0m
[1.623s] [ 10%] Built target velodyne_msgs__cpp
[1.632s] [ 15%] [34m[1mGenerating C++ introspection for ROS interfaces[0m
[1.632s] [ 15%] [34m[1mGenerating C++ type support for eProsima Fast-RTPS[0m
[1.633s] [ 17%] [34m[1mGenerating C++ type support dispatch for ROS interfaces[0m
[1.675s] [ 20%] [32m[1mLinking C shared library libvelodyne_msgs__rosidl_generator_c.so[0m
[1.716s] [ 20%] Built target velodyne_msgs__rosidl_generator_c
[1.726s] [ 23%] [34m[1mGenerating C type support for eProsima Fast-RTPS[0m
[1.726s] [ 25%] [34m[1mGenerating C type support dispatch for ROS interfaces[0m
[1.727s] [ 28%] [34m[1mGenerating C introspection for ROS interfaces[0m
[1.898s] [ 30%] [32mBuilding CXX object CMakeFiles/velodyne_msgs__rosidl_typesupport_cpp.dir/rosidl_typesupport_cpp/velodyne_msgs/msg/velodyne_scan__type_support.cpp.o[0m
[1.900s] [ 33%] [32mBuilding CXX object CMakeFiles/velodyne_msgs__rosidl_typesupport_cpp.dir/rosidl_typesupport_cpp/velodyne_msgs/msg/velodyne_packet__type_support.cpp.o[0m
[1.989s] [ 38%] [32mBuilding CXX object CMakeFiles/velodyne_msgs__rosidl_typesupport_introspection_cpp.dir/rosidl_typesupport_introspection_cpp/velodyne_msgs/msg/detail/velodyne_scan__type_support.cpp.o[0m
[1.989s] [ 38%] [32mBuilding CXX object CMakeFiles/velodyne_msgs__rosidl_typesupport_introspection_cpp.dir/rosidl_typesupport_introspection_cpp/velodyne_msgs/msg/detail/velodyne_packet__type_support.cpp.o[0m
[2.021s] [ 43%] [32mBuilding CXX object CMakeFiles/velodyne_msgs__rosidl_typesupport_fastrtps_c.dir/rosidl_typesupport_fastrtps_c/velodyne_msgs/msg/detail/velodyne_packet__type_support_c.cpp.o[0m
[2.022s] [ 43%] [32mBuilding CXX object CMakeFiles/velodyne_msgs__rosidl_typesupport_fastrtps_c.dir/rosidl_typesupport_fastrtps_c/velodyne_msgs/msg/detail/velodyne_scan__type_support_c.cpp.o[0m
[2.031s] [ 46%] [32mBuilding CXX object CMakeFiles/velodyne_msgs__rosidl_typesupport_fastrtps_cpp.dir/rosidl_typesupport_fastrtps_cpp/velodyne_msgs/msg/detail/dds_fastrtps/velodyne_packet__type_support.cpp.o[0m
[2.040s] [ 48%] [32mBuilding CXX object CMakeFiles/velodyne_msgs__rosidl_typesupport_fastrtps_cpp.dir/rosidl_typesupport_fastrtps_cpp/velodyne_msgs/msg/detail/dds_fastrtps/velodyne_scan__type_support.cpp.o[0m
[2.082s] [ 51%] [32mBuilding CXX object CMakeFiles/velodyne_msgs__rosidl_typesupport_c.dir/rosidl_typesupport_c/velodyne_msgs/msg/velodyne_scan__type_support.cpp.o[0m
[2.083s] [ 53%] [32mBuilding CXX object CMakeFiles/velodyne_msgs__rosidl_typesupport_c.dir/rosidl_typesupport_c/velodyne_msgs/msg/velodyne_packet__type_support.cpp.o[0m
[2.087s] [ 58%] [32mBuilding C object CMakeFiles/velodyne_msgs__rosidl_typesupport_introspection_c.dir/rosidl_typesupport_introspection_c/velodyne_msgs/msg/detail/velodyne_scan__type_support.c.o[0m
[2.087s] [ 58%] [32mBuilding C object CMakeFiles/velodyne_msgs__rosidl_typesupport_introspection_c.dir/rosidl_typesupport_introspection_c/velodyne_msgs/msg/detail/velodyne_packet__type_support.c.o[0m
[2.141s] [ 61%] [32m[1mLinking CXX shared library libvelodyne_msgs__rosidl_typesupport_c.so[0m
[2.149s] [ 64%] [32m[1mLinking C shared library libvelodyne_msgs__rosidl_typesupport_introspection_c.so[0m
[2.167s] [ 66%] [32m[1mLinking CXX shared library libvelodyne_msgs__rosidl_typesupport_cpp.so[0m
[2.196s] [ 66%] Built target velodyne_msgs__rosidl_typesupport_introspection_c
[2.205s] [ 66%] Built target velodyne_msgs__rosidl_typesupport_c
[2.226s] [ 66%] Built target velodyne_msgs__rosidl_typesupport_cpp
[2.450s] [ 69%] [32m[1mLinking CXX shared library libvelodyne_msgs__rosidl_typesupport_fastrtps_c.so[0m
[2.497s] [ 71%] [32m[1mLinking CXX shared library libvelodyne_msgs__rosidl_typesupport_introspection_cpp.so[0m
[2.556s] [ 74%] [32m[1mLinking CXX shared library libvelodyne_msgs__rosidl_typesupport_fastrtps_cpp.so[0m
[2.585s] [ 74%] Built target velodyne_msgs__rosidl_typesupport_fastrtps_c
[2.593s] [ 74%] Built target velodyne_msgs__rosidl_typesupport_introspection_cpp
[2.633s] [ 74%] Built target velodyne_msgs__rosidl_typesupport_fastrtps_cpp
[2.661s] [ 74%] Built target velodyne_msgs
[2.683s] [ 76%] [34m[1mGenerating Python code for ROS interfaces[0m
[3.021s] [ 76%] Built target velodyne_msgs__py
[3.039s] [ 79%] [32mBuilding C object CMakeFiles/velodyne_msgs__rosidl_generator_py.dir/rosidl_generator_py/velodyne_msgs/msg/_velodyne_scan_s.c.o[0m
[3.040s] [ 82%] [32mBuilding C object CMakeFiles/velodyne_msgs__rosidl_generator_py.dir/rosidl_generator_py/velodyne_msgs/msg/_velodyne_packet_s.c.o[0m
[3.117s] [ 84%] [32m[1mLinking C shared library rosidl_generator_py/velodyne_msgs/libvelodyne_msgs__rosidl_generator_py.so[0m
[3.157s] [ 84%] Built target velodyne_msgs__rosidl_generator_py
[3.177s] [ 87%] [32mBuilding C object CMakeFiles/velodyne_msgs__rosidl_typesupport_introspection_c__pyext.dir/rosidl_generator_py/velodyne_msgs/_velodyne_msgs_s.ep.rosidl_typesupport_introspection_c.c.o[0m
[3.178s] [ 89%] [32mBuilding C object CMakeFiles/velodyne_msgs__rosidl_typesupport_fastrtps_c__pyext.dir/rosidl_generator_py/velodyne_msgs/_velodyne_msgs_s.ep.rosidl_typesupport_fastrtps_c.c.o[0m
[3.179s] [ 92%] [32mBuilding C object CMakeFiles/velodyne_msgs__rosidl_typesupport_c__pyext.dir/rosidl_generator_py/velodyne_msgs/_velodyne_msgs_s.ep.rosidl_typesupport_c.c.o[0m
[3.248s] [ 94%] [32m[1mLinking C shared library rosidl_generator_py/velodyne_msgs/velodyne_msgs_s__rosidl_typesupport_introspection_c.cpython-310-x86_64-linux-gnu.so[0m
[3.252s] [ 97%] [32m[1mLinking C shared library rosidl_generator_py/velodyne_msgs/velodyne_msgs_s__rosidl_typesupport_fastrtps_c.cpython-310-x86_64-linux-gnu.so[0m
[3.279s] [100%] [32m[1mLinking C shared library rosidl_generator_py/velodyne_msgs/velodyne_msgs_s__rosidl_typesupport_c.cpython-310-x86_64-linux-gnu.so[0m
[3.279s] [100%] Built target velodyne_msgs__rosidl_typesupport_introspection_c__pyext
[3.285s] [100%] Built target velodyne_msgs__rosidl_typesupport_fastrtps_c__pyext
[3.312s] [100%] Built target velodyne_msgs__rosidl_typesupport_c__pyext
[3.321s] Invoked command in '/home/aiv/ev_ws/perception/build/velodyne_msgs' returned '0': CMAKE_PREFIX_PATH=${CMAKE_PREFIX_PATH}:/opt/ros/humble /usr/bin/cmake --build /home/aiv/ev_ws/perception/build/velodyne_msgs -- -j28 -l28
[3.331s] Invoking command in '/home/aiv/ev_ws/perception/build/velodyne_msgs': CMAKE_PREFIX_PATH=${CMAKE_PREFIX_PATH}:/opt/ros/humble /usr/bin/cmake --install /home/aiv/ev_ws/perception/build/velodyne_msgs
[3.338s] -- Install configuration: ""
[3.338s] -- Execute custom install script
[3.338s] -- Symlinking: /home/aiv/ev_ws/perception/install/velodyne_msgs/share/ament_index/resource_index/rosidl_interfaces/velodyne_msgs
[3.347s] -- Symlinking: /home/aiv/ev_ws/perception/install/velodyne_msgs/include/velodyne_msgs/velodyne_msgs/msg/detail/velodyne_packet__functions.h
[3.354s] -- Symlinking: /home/aiv/ev_ws/perception/install/velodyne_msgs/include/velodyne_msgs/velodyne_msgs/msg/detail/velodyne_packet__struct.h
[3.363s] -- Symlinking: /home/aiv/ev_ws/perception/install/velodyne_msgs/include/velodyne_msgs/velodyne_msgs/msg/detail/velodyne_packet__type_support.h
[3.370s] -- Symlinking: /home/aiv/ev_ws/perception/install/velodyne_msgs/include/velodyne_msgs/velodyne_msgs/msg/detail/velodyne_scan__functions.h
[3.377s] -- Symlinking: /home/aiv/ev_ws/perception/install/velodyne_msgs/include/velodyne_msgs/velodyne_msgs/msg/detail/velodyne_scan__struct.h
[3.387s] -- Symlinking: /home/aiv/ev_ws/perception/install/velodyne_msgs/include/velodyne_msgs/velodyne_msgs/msg/detail/velodyne_scan__type_support.h
[3.395s] -- Symlinking: /home/aiv/ev_ws/perception/install/velodyne_msgs/include/velodyne_msgs/velodyne_msgs/msg/rosidl_generator_c__visibility_control.h
[3.402s] -- Symlinking: /home/aiv/ev_ws/perception/install/velodyne_msgs/include/velodyne_msgs/velodyne_msgs/msg/velodyne_packet.h
[3.411s] -- Symlinking: /home/aiv/ev_ws/perception/install/velodyne_msgs/include/velodyne_msgs/velodyne_msgs/msg/velodyne_scan.h
[3.419s] -- Symlinking: /home/aiv/ev_ws/perception/install/velodyne_msgs/share/velodyne_msgs/environment/library_path.sh
[3.428s] -- Symlinking: /home/aiv/ev_ws/perception/install/velodyne_msgs/share/velodyne_msgs/environment/library_path.dsv
[3.436s] -- Symlinking: /home/aiv/ev_ws/perception/install/velodyne_msgs/include/velodyne_msgs/velodyne_msgs/msg/detail/velodyne_packet__rosidl_typesupport_fastrtps_c.h
[3.443s] -- Symlinking: /home/aiv/ev_ws/perception/install/velodyne_msgs/include/velodyne_msgs/velodyne_msgs/msg/detail/velodyne_scan__rosidl_typesupport_fastrtps_c.h
[3.453s] -- Symlinking: /home/aiv/ev_ws/perception/install/velodyne_msgs/include/velodyne_msgs/velodyne_msgs/msg/rosidl_typesupport_fastrtps_c__visibility_control.h
[3.462s] -- Symlinking: /home/aiv/ev_ws/perception/install/velodyne_msgs/include/velodyne_msgs/velodyne_msgs/msg/detail/velodyne_packet__builder.hpp
[3.472s] -- Symlinking: /home/aiv/ev_ws/perception/install/velodyne_msgs/include/velodyne_msgs/velodyne_msgs/msg/detail/velodyne_packet__struct.hpp
[3.483s] -- Symlinking: /home/aiv/ev_ws/perception/install/velodyne_msgs/include/velodyne_msgs/velodyne_msgs/msg/detail/velodyne_packet__traits.hpp
[3.490s] -- Symlinking: /home/aiv/ev_ws/perception/install/velodyne_msgs/include/velodyne_msgs/velodyne_msgs/msg/detail/velodyne_packet__type_support.hpp
[3.497s] -- Symlinking: /home/aiv/ev_ws/perception/install/velodyne_msgs/include/velodyne_msgs/velodyne_msgs/msg/detail/velodyne_scan__builder.hpp
[3.506s] -- Symlinking: /home/aiv/ev_ws/perception/install/velodyne_msgs/include/velodyne_msgs/velodyne_msgs/msg/detail/velodyne_scan__struct.hpp
[3.517s] -- Symlinking: /home/aiv/ev_ws/perception/install/velodyne_msgs/include/velodyne_msgs/velodyne_msgs/msg/detail/velodyne_scan__traits.hpp
[3.528s] -- Symlinking: /home/aiv/ev_ws/perception/install/velodyne_msgs/include/velodyne_msgs/velodyne_msgs/msg/detail/velodyne_scan__type_support.hpp
[3.535s] -- Symlinking: /home/aiv/ev_ws/perception/install/velodyne_msgs/include/velodyne_msgs/velodyne_msgs/msg/rosidl_generator_cpp__visibility_control.hpp
[3.542s] -- Symlinking: /home/aiv/ev_ws/perception/install/velodyne_msgs/include/velodyne_msgs/velodyne_msgs/msg/velodyne_packet.hpp
[3.550s] -- Symlinking: /home/aiv/ev_ws/perception/install/velodyne_msgs/include/velodyne_msgs/velodyne_msgs/msg/velodyne_scan.hpp
[3.558s] -- Symlinking: /home/aiv/ev_ws/perception/install/velodyne_msgs/include/velodyne_msgs/velodyne_msgs/msg/detail/velodyne_packet__rosidl_typesupport_fastrtps_cpp.hpp
[3.568s] -- Symlinking: /home/aiv/ev_ws/perception/install/velodyne_msgs/include/velodyne_msgs/velodyne_msgs/msg/detail/velodyne_scan__rosidl_typesupport_fastrtps_cpp.hpp
[3.575s] -- Symlinking: /home/aiv/ev_ws/perception/install/velodyne_msgs/include/velodyne_msgs/velodyne_msgs/msg/rosidl_typesupport_fastrtps_cpp__visibility_control.h
[3.587s] -- Symlinking: /home/aiv/ev_ws/perception/install/velodyne_msgs/include/velodyne_msgs/velodyne_msgs/msg/detail/velodyne_packet__rosidl_typesupport_introspection_c.h
[3.593s] -- Symlinking: /home/aiv/ev_ws/perception/install/velodyne_msgs/include/velodyne_msgs/velodyne_msgs/msg/detail/velodyne_scan__rosidl_typesupport_introspection_c.h
[3.603s] -- Symlinking: /home/aiv/ev_ws/perception/install/velodyne_msgs/include/velodyne_msgs/velodyne_msgs/msg/rosidl_typesupport_introspection_c__visibility_control.h
[3.611s] -- Symlinking: /home/aiv/ev_ws/perception/install/velodyne_msgs/include/velodyne_msgs/velodyne_msgs/msg/detail/velodyne_packet__rosidl_typesupport_introspection_cpp.hpp
[3.619s] -- Symlinking: /home/aiv/ev_ws/perception/install/velodyne_msgs/include/velodyne_msgs/velodyne_msgs/msg/detail/velodyne_scan__rosidl_typesupport_introspection_cpp.hpp
[3.626s] -- Symlinking: /home/aiv/ev_ws/perception/install/velodyne_msgs/share/velodyne_msgs/environment/pythonpath.sh
[3.632s] -- Symlinking: /home/aiv/ev_ws/perception/install/velodyne_msgs/share/velodyne_msgs/environment/pythonpath.dsv
[3.639s] -- Symlinking: /home/aiv/ev_ws/perception/install/velodyne_msgs/local/lib/python3.10/dist-packages/velodyne_msgs-2.5.1-py3.10.egg-info/PKG-INFO
[3.648s] -- Symlinking: /home/aiv/ev_ws/perception/install/velodyne_msgs/local/lib/python3.10/dist-packages/velodyne_msgs-2.5.1-py3.10.egg-info/SOURCES.txt
[3.654s] -- Symlinking: /home/aiv/ev_ws/perception/install/velodyne_msgs/local/lib/python3.10/dist-packages/velodyne_msgs-2.5.1-py3.10.egg-info/dependency_links.txt
[3.662s] -- Symlinking: /home/aiv/ev_ws/perception/install/velodyne_msgs/local/lib/python3.10/dist-packages/velodyne_msgs-2.5.1-py3.10.egg-info/top_level.txt
[3.671s] -- Symlinking: /home/aiv/ev_ws/perception/install/velodyne_msgs/local/lib/python3.10/dist-packages/velodyne_msgs/__init__.py
[3.678s] -- Symlinking: /home/aiv/ev_ws/perception/install/velodyne_msgs/local/lib/python3.10/dist-packages/velodyne_msgs/_velodyne_msgs_s.ep.rosidl_typesupport_c.c
[3.685s] -- Symlinking: /home/aiv/ev_ws/perception/install/velodyne_msgs/local/lib/python3.10/dist-packages/velodyne_msgs/_velodyne_msgs_s.ep.rosidl_typesupport_fastrtps_c.c
[3.695s] -- Symlinking: /home/aiv/ev_ws/perception/install/velodyne_msgs/local/lib/python3.10/dist-packages/velodyne_msgs/_velodyne_msgs_s.ep.rosidl_typesupport_introspection_c.c
[3.705s] -- Symlinking: /home/aiv/ev_ws/perception/install/velodyne_msgs/local/lib/python3.10/dist-packages/velodyne_msgs/libvelodyne_msgs__rosidl_generator_py.so
[3.713s] -- Symlinking: /home/aiv/ev_ws/perception/install/velodyne_msgs/local/lib/python3.10/dist-packages/velodyne_msgs/msg/__init__.py
[3.721s] -- Symlinking: /home/aiv/ev_ws/perception/install/velodyne_msgs/local/lib/python3.10/dist-packages/velodyne_msgs/msg/_velodyne_packet.py
[3.728s] -- Symlinking: /home/aiv/ev_ws/perception/install/velodyne_msgs/local/lib/python3.10/dist-packages/velodyne_msgs/msg/_velodyne_packet_s.c
[3.738s] -- Symlinking: /home/aiv/ev_ws/perception/install/velodyne_msgs/local/lib/python3.10/dist-packages/velodyne_msgs/msg/_velodyne_scan.py
[3.748s] -- Symlinking: /home/aiv/ev_ws/perception/install/velodyne_msgs/local/lib/python3.10/dist-packages/velodyne_msgs/msg/_velodyne_scan_s.c
[3.755s] -- Symlinking: /home/aiv/ev_ws/perception/install/velodyne_msgs/local/lib/python3.10/dist-packages/velodyne_msgs/velodyne_msgs_s__rosidl_typesupport_c.cpython-310-x86_64-linux-gnu.so
[3.764s] -- Symlinking: /home/aiv/ev_ws/perception/install/velodyne_msgs/local/lib/python3.10/dist-packages/velodyne_msgs/velodyne_msgs_s__rosidl_typesupport_fastrtps_c.cpython-310-x86_64-linux-gnu.so
[3.772s] -- Symlinking: /home/aiv/ev_ws/perception/install/velodyne_msgs/local/lib/python3.10/dist-packages/velodyne_msgs/velodyne_msgs_s__rosidl_typesupport_introspection_c.cpython-310-x86_64-linux-gnu.so
[3.781s] -- Up-to-date symlink: /home/aiv/ev_ws/perception/install/velodyne_msgs/local/lib/python3.10/dist-packages/velodyne_msgs/velodyne_msgs_s__rosidl_typesupport_fastrtps_c.cpython-310-x86_64-linux-gnu.so
[3.782s] -- Up-to-date symlink: /home/aiv/ev_ws/perception/install/velodyne_msgs/local/lib/python3.10/dist-packages/velodyne_msgs/velodyne_msgs_s__rosidl_typesupport_introspection_c.cpython-310-x86_64-linux-gnu.so
[3.782s] -- Up-to-date symlink: /home/aiv/ev_ws/perception/install/velodyne_msgs/local/lib/python3.10/dist-packages/velodyne_msgs/velodyne_msgs_s__rosidl_typesupport_c.cpython-310-x86_64-linux-gnu.so
[3.782s] -- Symlinking: /home/aiv/ev_ws/perception/install/velodyne_msgs/share/velodyne_msgs/msg/VelodynePacket.idl
[3.791s] -- Symlinking: /home/aiv/ev_ws/perception/install/velodyne_msgs/share/velodyne_msgs/msg/VelodyneScan.idl
[3.800s] -- Symlinking: /home/aiv/ev_ws/perception/install/velodyne_msgs/share/velodyne_msgs/msg/VelodynePacket.msg
[3.807s] -- Symlinking: /home/aiv/ev_ws/perception/install/velodyne_msgs/share/velodyne_msgs/msg/VelodyneScan.msg
[3.814s] -- Symlinking: /home/aiv/ev_ws/perception/install/velodyne_msgs/share/ament_index/resource_index/package_run_dependencies/velodyne_msgs
[3.823s] -- Symlinking: /home/aiv/ev_ws/perception/install/velodyne_msgs/share/ament_index/resource_index/parent_prefix_path/velodyne_msgs
[3.830s] -- Symlinking: /home/aiv/ev_ws/perception/install/velodyne_msgs/share/velodyne_msgs/environment/ament_prefix_path.sh
[3.837s] -- Symlinking: /home/aiv/ev_ws/perception/install/velodyne_msgs/share/velodyne_msgs/environment/ament_prefix_path.dsv
[3.844s] -- Symlinking: /home/aiv/ev_ws/perception/install/velodyne_msgs/share/velodyne_msgs/environment/path.sh
[3.853s] -- Symlinking: /home/aiv/ev_ws/perception/install/velodyne_msgs/share/velodyne_msgs/environment/path.dsv
[3.859s] -- Symlinking: /home/aiv/ev_ws/perception/install/velodyne_msgs/share/velodyne_msgs/local_setup.bash
[3.869s] -- Symlinking: /home/aiv/ev_ws/perception/install/velodyne_msgs/share/velodyne_msgs/local_setup.sh
[3.878s] -- Symlinking: /home/aiv/ev_ws/perception/install/velodyne_msgs/share/velodyne_msgs/local_setup.zsh
[3.886s] -- Symlinking: /home/aiv/ev_ws/perception/install/velodyne_msgs/share/velodyne_msgs/local_setup.dsv
[3.893s] -- Symlinking: /home/aiv/ev_ws/perception/install/velodyne_msgs/share/velodyne_msgs/package.dsv
[3.900s] -- Symlinking: /home/aiv/ev_ws/perception/install/velodyne_msgs/share/ament_index/resource_index/packages/velodyne_msgs
[3.910s] -- Symlinking: /home/aiv/ev_ws/perception/install/velodyne_msgs/share/velodyne_msgs/cmake/rosidl_cmake-extras.cmake
[3.916s] -- Symlinking: /home/aiv/ev_ws/perception/install/velodyne_msgs/share/velodyne_msgs/cmake/ament_cmake_export_dependencies-extras.cmake
[3.923s] -- Symlinking: /home/aiv/ev_ws/perception/install/velodyne_msgs/share/velodyne_msgs/cmake/ament_cmake_export_include_directories-extras.cmake
[3.929s] -- Symlinking: /home/aiv/ev_ws/perception/install/velodyne_msgs/share/velodyne_msgs/cmake/ament_cmake_export_libraries-extras.cmake
[3.937s] -- Symlinking: /home/aiv/ev_ws/perception/install/velodyne_msgs/share/velodyne_msgs/cmake/ament_cmake_export_targets-extras.cmake
[3.945s] -- Symlinking: /home/aiv/ev_ws/perception/install/velodyne_msgs/share/velodyne_msgs/cmake/rosidl_cmake_export_typesupport_targets-extras.cmake
[3.952s] -- Symlinking: /home/aiv/ev_ws/perception/install/velodyne_msgs/share/velodyne_msgs/cmake/rosidl_cmake_export_typesupport_libraries-extras.cmake
[3.959s] -- Symlinking: /home/aiv/ev_ws/perception/install/velodyne_msgs/share/velodyne_msgs/cmake/velodyne_msgsConfig.cmake
[3.966s] -- Symlinking: /home/aiv/ev_ws/perception/install/velodyne_msgs/share/velodyne_msgs/cmake/velodyne_msgsConfig-version.cmake
[3.975s] -- Symlinking: /home/aiv/ev_ws/perception/install/velodyne_msgs/share/velodyne_msgs/package.xml
[3.982s] -- Installing: /home/aiv/ev_ws/perception/install/velodyne_msgs/lib/libvelodyne_msgs__rosidl_generator_c.so
[3.982s] -- Set runtime path of "/home/aiv/ev_ws/perception/install/velodyne_msgs/lib/libvelodyne_msgs__rosidl_generator_c.so" to ""
[3.982s] -- Installing: /home/aiv/ev_ws/perception/install/velodyne_msgs/lib/libvelodyne_msgs__rosidl_typesupport_fastrtps_c.so
[3.982s] -- Set runtime path of "/home/aiv/ev_ws/perception/install/velodyne_msgs/lib/libvelodyne_msgs__rosidl_typesupport_fastrtps_c.so" to ""
[3.982s] -- Installing: /home/aiv/ev_ws/perception/install/velodyne_msgs/lib/libvelodyne_msgs__rosidl_typesupport_fastrtps_cpp.so
[3.983s] -- Set runtime path of "/home/aiv/ev_ws/perception/install/velodyne_msgs/lib/libvelodyne_msgs__rosidl_typesupport_fastrtps_cpp.so" to ""
[3.983s] -- Installing: /home/aiv/ev_ws/perception/install/velodyne_msgs/lib/libvelodyne_msgs__rosidl_typesupport_introspection_c.so
[3.983s] -- Set runtime path of "/home/aiv/ev_ws/perception/install/velodyne_msgs/lib/libvelodyne_msgs__rosidl_typesupport_introspection_c.so" to ""
[3.983s] -- Installing: /home/aiv/ev_ws/perception/install/velodyne_msgs/lib/libvelodyne_msgs__rosidl_typesupport_c.so
[3.983s] -- Set runtime path of "/home/aiv/ev_ws/perception/install/velodyne_msgs/lib/libvelodyne_msgs__rosidl_typesupport_c.so" to ""
[3.983s] -- Installing: /home/aiv/ev_ws/perception/install/velodyne_msgs/lib/libvelodyne_msgs__rosidl_typesupport_introspection_cpp.so
[3.984s] -- Set runtime path of "/home/aiv/ev_ws/perception/install/velodyne_msgs/lib/libvelodyne_msgs__rosidl_typesupport_introspection_cpp.so" to ""
[3.984s] -- Installing: /home/aiv/ev_ws/perception/install/velodyne_msgs/lib/libvelodyne_msgs__rosidl_typesupport_cpp.so
[3.984s] -- Set runtime path of "/home/aiv/ev_ws/perception/install/velodyne_msgs/lib/libvelodyne_msgs__rosidl_typesupport_cpp.so" to ""
[4.011s] Listing '/home/aiv/ev_ws/perception/install/velodyne_msgs/local/lib/python3.10/dist-packages/velodyne_msgs'...
[4.011s] Compiling '/home/aiv/ev_ws/perception/install/velodyne_msgs/local/lib/python3.10/dist-packages/velodyne_msgs/__init__.py'...
[4.011s] Listing '/home/aiv/ev_ws/perception/install/velodyne_msgs/local/lib/python3.10/dist-packages/velodyne_msgs/msg'...
[4.011s] Compiling '/home/aiv/ev_ws/perception/install/velodyne_msgs/local/lib/python3.10/dist-packages/velodyne_msgs/msg/__init__.py'...
[4.011s] Compiling '/home/aiv/ev_ws/perception/install/velodyne_msgs/local/lib/python3.10/dist-packages/velodyne_msgs/msg/_velodyne_packet.py'...
[4.011s] Compiling '/home/aiv/ev_ws/perception/install/velodyne_msgs/local/lib/python3.10/dist-packages/velodyne_msgs/msg/_velodyne_scan.py'...
[4.014s] -- Installing: /home/aiv/ev_ws/perception/install/velodyne_msgs/lib/libvelodyne_msgs__rosidl_generator_py.so
[4.014s] -- Set runtime path of "/home/aiv/ev_ws/perception/install/velodyne_msgs/lib/libvelodyne_msgs__rosidl_generator_py.so" to ""
[4.014s] -- Installing: /home/aiv/ev_ws/perception/install/velodyne_msgs/share/velodyne_msgs/cmake/export_velodyne_msgs__rosidl_generator_cExport.cmake
[4.015s] -- Installing: /home/aiv/ev_ws/perception/install/velodyne_msgs/share/velodyne_msgs/cmake/export_velodyne_msgs__rosidl_generator_cExport-noconfig.cmake
[4.015s] -- Installing: /home/aiv/ev_ws/perception/install/velodyne_msgs/share/velodyne_msgs/cmake/export_velodyne_msgs__rosidl_typesupport_fastrtps_cExport.cmake
[4.015s] -- Installing: /home/aiv/ev_ws/perception/install/velodyne_msgs/share/velodyne_msgs/cmake/export_velodyne_msgs__rosidl_typesupport_fastrtps_cExport-noconfig.cmake
[4.015s] -- Installing: /home/aiv/ev_ws/perception/install/velodyne_msgs/share/velodyne_msgs/cmake/export_velodyne_msgs__rosidl_generator_cppExport.cmake
[4.015s] -- Installing: /home/aiv/ev_ws/perception/install/velodyne_msgs/share/velodyne_msgs/cmake/export_velodyne_msgs__rosidl_typesupport_fastrtps_cppExport.cmake
[4.015s] -- Installing: /home/aiv/ev_ws/perception/install/velodyne_msgs/share/velodyne_msgs/cmake/export_velodyne_msgs__rosidl_typesupport_fastrtps_cppExport-noconfig.cmake
[4.015s] -- Installing: /home/aiv/ev_ws/perception/install/velodyne_msgs/share/velodyne_msgs/cmake/velodyne_msgs__rosidl_typesupport_introspection_cExport.cmake
[4.015s] -- Installing: /home/aiv/ev_ws/perception/install/velodyne_msgs/share/velodyne_msgs/cmake/velodyne_msgs__rosidl_typesupport_introspection_cExport-noconfig.cmake
[4.015s] -- Installing: /home/aiv/ev_ws/perception/install/velodyne_msgs/share/velodyne_msgs/cmake/velodyne_msgs__rosidl_typesupport_cExport.cmake
[4.015s] -- Installing: /home/aiv/ev_ws/perception/install/velodyne_msgs/share/velodyne_msgs/cmake/velodyne_msgs__rosidl_typesupport_cExport-noconfig.cmake
[4.015s] -- Installing: /home/aiv/ev_ws/perception/install/velodyne_msgs/share/velodyne_msgs/cmake/velodyne_msgs__rosidl_typesupport_introspection_cppExport.cmake
[4.015s] -- Installing: /home/aiv/ev_ws/perception/install/velodyne_msgs/share/velodyne_msgs/cmake/velodyne_msgs__rosidl_typesupport_introspection_cppExport-noconfig.cmake
[4.015s] -- Installing: /home/aiv/ev_ws/perception/install/velodyne_msgs/share/velodyne_msgs/cmake/velodyne_msgs__rosidl_typesupport_cppExport.cmake
[4.015s] -- Installing: /home/aiv/ev_ws/perception/install/velodyne_msgs/share/velodyne_msgs/cmake/velodyne_msgs__rosidl_typesupport_cppExport-noconfig.cmake
[4.015s] -- Installing: /home/aiv/ev_ws/perception/install/velodyne_msgs/share/velodyne_msgs/cmake/export_velodyne_msgs__rosidl_generator_pyExport.cmake
[4.015s] -- Installing: /home/aiv/ev_ws/perception/install/velodyne_msgs/share/velodyne_msgs/cmake/export_velodyne_msgs__rosidl_generator_pyExport-noconfig.cmake
[4.017s] Invoked command in '/home/aiv/ev_ws/perception/build/velodyne_msgs' returned '0': CMAKE_PREFIX_PATH=${CMAKE_PREFIX_PATH}:/opt/ros/humble /usr/bin/cmake --install /home/aiv/ev_ws/perception/build/velodyne_msgs
