[0.025s] Invoking command in '/home/kimsohee/ev-1-5/ev-Autonomous-Vehicle-1-5/build/erp42_description': CMAKE_PREFIX_PATH=/home/kimsohee/ev-1-5/ev-Autonomous-Vehicle-1-5/install/erp42_cmake:/home/kimsohee/ev-1-5/ev-Autonomous-Vehicle-1-5/install/velodyne_pointcloud:/home/kimsohee/ev-1-5/ev-Autonomous-Vehicle-1-5/install/velodyne_driver:/home/kimsohee/ev-1-5/ev-Autonomous-Vehicle-1-5/install/velodyne_msgs:/home/kimsohee/ev-1-5/ev-Autonomous-Vehicle-1-5/install/velodyne_cropbox:/home/kimsohee/ev-1-5/ev-Autonomous-Vehicle-1-5/install/t870_serial:/home/kimsohee/ev-1-5/ev-Autonomous-Vehicle-1-5/install/t870_rqt_plugin:/home/kimsohee/ev-1-5/ev-Autonomous-Vehicle-1-5/install/t870_util:/home/kimsohee/ev-1-5/ev-Autonomous-Vehicle-1-5/install/t870_msgs:/home/kimsohee/ev-1-5/ev-Autonomous-Vehicle-1-5/install/t870_cmake:/home/kimsohee/ev-1-5/ev-Autonomous-Vehicle-1-5/install/make_bbox:/home/kimsohee/ev-1-5/ev-Autonomous-Vehicle-1-5/install/localization_fusion:/home/kimsohee/ev-1-5/ev-Autonomous-Vehicle-1-5/install/ev_msgs:/home/kimsohee/ev-1-5/ev-Autonomous-Vehicle-1-5/install/erp42_serial:/home/kimsohee/ev-1-5/ev-Autonomous-Vehicle-1-5/install/erp42_rqt_plugin:/home/kimsohee/ev-1-5/ev-Autonomous-Vehicle-1-5/install/erp42_util:/home/kimsohee/ev-1-5/ev-Autonomous-Vehicle-1-5/install/erp42_msgs:/home/kimsohee/ev-1-5/ev-Autonomous-Vehicle-1-5/install/erp42_description:/home/kimsohee/ev-1-5/ev-Autonomous-Vehicle-1-5/install/gps_localization:/home/kimsohee/ev-1-5/ev-Autonomous-Vehicle-1-5/install/erp42_gazebo:/home/kimsohee/ev-1-5/ev-Autonomous-Vehicle-1-5/install/carsa_gazebo:/opt/ros/humble /usr/bin/cmake /home/kimsohee/ev-1-5/ev-Autonomous-Vehicle-1-5/erp42_ros/src/erp42_description -DAMENT_CMAKE_SYMLINK_INSTALL=1 -DCMAKE_INSTALL_PREFIX=/home/kimsohee/ev-1-5/ev-Autonomous-Vehicle-1-5/install/erp42_description
[0.125s] -- The C compiler identification is GNU 11.4.0
[0.138s] -- The CXX compiler identification is GNU 11.4.0
[0.148s] -- Detecting C compiler ABI info
[0.402s] -- Detecting C compiler ABI info - done
[0.406s] -- Check for working C compiler: /usr/bin/cc - skipped
[0.406s] -- Detecting C compile features
[0.406s] -- Detecting C compile features - done
[0.410s] -- Detecting CXX compiler ABI info
[0.596s] -- Detecting CXX compiler ABI info - done
[0.600s] -- Check for working CXX compiler: /usr/bin/c++ - skipped
[0.601s] -- Detecting CXX compile features
[0.601s] -- Detecting CXX compile features - done
[0.602s] -- Found erp42_cmake: 0.0.0 (/home/kimsohee/ev-1-5/ev-Autonomous-Vehicle-1-5/install/erp42_cmake/share/erp42_cmake/cmake)
[0.603s] -- Found ament_cmake_auto: 1.3.12 (/opt/ros/humble/share/ament_cmake_auto/cmake)
[0.905s] -- Found Python3: /usr/bin/python3 (found version "3.10.12") found components: Interpreter 
[0.997s] -- Override CMake install command with custom implementation using symlinks instead of copying resources
[1.094s] -- Configuring done
[1.095s] -- Generating done
[1.097s] -- Build files have been written to: /home/kimsohee/ev-1-5/ev-Autonomous-Vehicle-1-5/build/erp42_description
[1.118s] Invoked command in '/home/kimsohee/ev-1-5/ev-Autonomous-Vehicle-1-5/build/erp42_description' returned '0': CMAKE_PREFIX_PATH=/home/kimsohee/ev-1-5/ev-Autonomous-Vehicle-1-5/install/erp42_cmake:/home/kimsohee/ev-1-5/ev-Autonomous-Vehicle-1-5/install/velodyne_pointcloud:/home/kimsohee/ev-1-5/ev-Autonomous-Vehicle-1-5/install/velodyne_driver:/home/kimsohee/ev-1-5/ev-Autonomous-Vehicle-1-5/install/velodyne_msgs:/home/kimsohee/ev-1-5/ev-Autonomous-Vehicle-1-5/install/velodyne_cropbox:/home/kimsohee/ev-1-5/ev-Autonomous-Vehicle-1-5/install/t870_serial:/home/kimsohee/ev-1-5/ev-Autonomous-Vehicle-1-5/install/t870_rqt_plugin:/home/kimsohee/ev-1-5/ev-Autonomous-Vehicle-1-5/install/t870_util:/home/kimsohee/ev-1-5/ev-Autonomous-Vehicle-1-5/install/t870_msgs:/home/kimsohee/ev-1-5/ev-Autonomous-Vehicle-1-5/install/t870_cmake:/home/kimsohee/ev-1-5/ev-Autonomous-Vehicle-1-5/install/make_bbox:/home/kimsohee/ev-1-5/ev-Autonomous-Vehicle-1-5/install/localization_fusion:/home/kimsohee/ev-1-5/ev-Autonomous-Vehicle-1-5/install/ev_msgs:/home/kimsohee/ev-1-5/ev-Autonomous-Vehicle-1-5/install/erp42_serial:/home/kimsohee/ev-1-5/ev-Autonomous-Vehicle-1-5/install/erp42_rqt_plugin:/home/kimsohee/ev-1-5/ev-Autonomous-Vehicle-1-5/install/erp42_util:/home/kimsohee/ev-1-5/ev-Autonomous-Vehicle-1-5/install/erp42_msgs:/home/kimsohee/ev-1-5/ev-Autonomous-Vehicle-1-5/install/erp42_description:/home/kimsohee/ev-1-5/ev-Autonomous-Vehicle-1-5/install/gps_localization:/home/kimsohee/ev-1-5/ev-Autonomous-Vehicle-1-5/install/erp42_gazebo:/home/kimsohee/ev-1-5/ev-Autonomous-Vehicle-1-5/install/carsa_gazebo:/opt/ros/humble /usr/bin/cmake /home/kimsohee/ev-1-5/ev-Autonomous-Vehicle-1-5/erp42_ros/src/erp42_description -DAMENT_CMAKE_SYMLINK_INSTALL=1 -DCMAKE_INSTALL_PREFIX=/home/kimsohee/ev-1-5/ev-Autonomous-Vehicle-1-5/install/erp42_description
[1.118s] Invoking command in '/home/kimsohee/ev-1-5/ev-Autonomous-Vehicle-1-5/build/erp42_description': CMAKE_PREFIX_PATH=/home/kimsohee/ev-1-5/ev-Autonomous-Vehicle-1-5/install/erp42_cmake:/home/kimsohee/ev-1-5/ev-Autonomous-Vehicle-1-5/install/velodyne_pointcloud:/home/kimsohee/ev-1-5/ev-Autonomous-Vehicle-1-5/install/velodyne_driver:/home/kimsohee/ev-1-5/ev-Autonomous-Vehicle-1-5/install/velodyne_msgs:/home/kimsohee/ev-1-5/ev-Autonomous-Vehicle-1-5/install/velodyne_cropbox:/home/kimsohee/ev-1-5/ev-Autonomous-Vehicle-1-5/install/t870_serial:/home/kimsohee/ev-1-5/ev-Autonomous-Vehicle-1-5/install/t870_rqt_plugin:/home/kimsohee/ev-1-5/ev-Autonomous-Vehicle-1-5/install/t870_util:/home/kimsohee/ev-1-5/ev-Autonomous-Vehicle-1-5/install/t870_msgs:/home/kimsohee/ev-1-5/ev-Autonomous-Vehicle-1-5/install/t870_cmake:/home/kimsohee/ev-1-5/ev-Autonomous-Vehicle-1-5/install/make_bbox:/home/kimsohee/ev-1-5/ev-Autonomous-Vehicle-1-5/install/localization_fusion:/home/kimsohee/ev-1-5/ev-Autonomous-Vehicle-1-5/install/ev_msgs:/home/kimsohee/ev-1-5/ev-Autonomous-Vehicle-1-5/install/erp42_serial:/home/kimsohee/ev-1-5/ev-Autonomous-Vehicle-1-5/install/erp42_rqt_plugin:/home/kimsohee/ev-1-5/ev-Autonomous-Vehicle-1-5/install/erp42_util:/home/kimsohee/ev-1-5/ev-Autonomous-Vehicle-1-5/install/erp42_msgs:/home/kimsohee/ev-1-5/ev-Autonomous-Vehicle-1-5/install/erp42_description:/home/kimsohee/ev-1-5/ev-Autonomous-Vehicle-1-5/install/gps_localization:/home/kimsohee/ev-1-5/ev-Autonomous-Vehicle-1-5/install/erp42_gazebo:/home/kimsohee/ev-1-5/ev-Autonomous-Vehicle-1-5/install/carsa_gazebo:/opt/ros/humble /usr/bin/cmake --build /home/kimsohee/ev-1-5/ev-Autonomous-Vehicle-1-5/build/erp42_description -- -j10 -l10
[1.909s] Invoked command in '/home/kimsohee/ev-1-5/ev-Autonomous-Vehicle-1-5/build/erp42_description' returned '0': CMAKE_PREFIX_PATH=/home/kimsohee/ev-1-5/ev-Autonomous-Vehicle-1-5/install/erp42_cmake:/home/kimsohee/ev-1-5/ev-Autonomous-Vehicle-1-5/install/velodyne_pointcloud:/home/kimsohee/ev-1-5/ev-Autonomous-Vehicle-1-5/install/velodyne_driver:/home/kimsohee/ev-1-5/ev-Autonomous-Vehicle-1-5/install/velodyne_msgs:/home/kimsohee/ev-1-5/ev-Autonomous-Vehicle-1-5/install/velodyne_cropbox:/home/kimsohee/ev-1-5/ev-Autonomous-Vehicle-1-5/install/t870_serial:/home/kimsohee/ev-1-5/ev-Autonomous-Vehicle-1-5/install/t870_rqt_plugin:/home/kimsohee/ev-1-5/ev-Autonomous-Vehicle-1-5/install/t870_util:/home/kimsohee/ev-1-5/ev-Autonomous-Vehicle-1-5/install/t870_msgs:/home/kimsohee/ev-1-5/ev-Autonomous-Vehicle-1-5/install/t870_cmake:/home/kimsohee/ev-1-5/ev-Autonomous-Vehicle-1-5/install/make_bbox:/home/kimsohee/ev-1-5/ev-Autonomous-Vehicle-1-5/install/localization_fusion:/home/kimsohee/ev-1-5/ev-Autonomous-Vehicle-1-5/install/ev_msgs:/home/kimsohee/ev-1-5/ev-Autonomous-Vehicle-1-5/install/erp42_serial:/home/kimsohee/ev-1-5/ev-Autonomous-Vehicle-1-5/install/erp42_rqt_plugin:/home/kimsohee/ev-1-5/ev-Autonomous-Vehicle-1-5/install/erp42_util:/home/kimsohee/ev-1-5/ev-Autonomous-Vehicle-1-5/install/erp42_msgs:/home/kimsohee/ev-1-5/ev-Autonomous-Vehicle-1-5/install/erp42_description:/home/kimsohee/ev-1-5/ev-Autonomous-Vehicle-1-5/install/gps_localization:/home/kimsohee/ev-1-5/ev-Autonomous-Vehicle-1-5/install/erp42_gazebo:/home/kimsohee/ev-1-5/ev-Autonomous-Vehicle-1-5/install/carsa_gazebo:/opt/ros/humble /usr/bin/cmake --build /home/kimsohee/ev-1-5/ev-Autonomous-Vehicle-1-5/build/erp42_description -- -j10 -l10
[1.910s] Invoking command in '/home/kimsohee/ev-1-5/ev-Autonomous-Vehicle-1-5/build/erp42_description': CMAKE_PREFIX_PATH=/home/kimsohee/ev-1-5/ev-Autonomous-Vehicle-1-5/install/erp42_cmake:/home/kimsohee/ev-1-5/ev-Autonomous-Vehicle-1-5/install/velodyne_pointcloud:/home/kimsohee/ev-1-5/ev-Autonomous-Vehicle-1-5/install/velodyne_driver:/home/kimsohee/ev-1-5/ev-Autonomous-Vehicle-1-5/install/velodyne_msgs:/home/kimsohee/ev-1-5/ev-Autonomous-Vehicle-1-5/install/velodyne_cropbox:/home/kimsohee/ev-1-5/ev-Autonomous-Vehicle-1-5/install/t870_serial:/home/kimsohee/ev-1-5/ev-Autonomous-Vehicle-1-5/install/t870_rqt_plugin:/home/kimsohee/ev-1-5/ev-Autonomous-Vehicle-1-5/install/t870_util:/home/kimsohee/ev-1-5/ev-Autonomous-Vehicle-1-5/install/t870_msgs:/home/kimsohee/ev-1-5/ev-Autonomous-Vehicle-1-5/install/t870_cmake:/home/kimsohee/ev-1-5/ev-Autonomous-Vehicle-1-5/install/make_bbox:/home/kimsohee/ev-1-5/ev-Autonomous-Vehicle-1-5/install/localization_fusion:/home/kimsohee/ev-1-5/ev-Autonomous-Vehicle-1-5/install/ev_msgs:/home/kimsohee/ev-1-5/ev-Autonomous-Vehicle-1-5/install/erp42_serial:/home/kimsohee/ev-1-5/ev-Autonomous-Vehicle-1-5/install/erp42_rqt_plugin:/home/kimsohee/ev-1-5/ev-Autonomous-Vehicle-1-5/install/erp42_util:/home/kimsohee/ev-1-5/ev-Autonomous-Vehicle-1-5/install/erp42_msgs:/home/kimsohee/ev-1-5/ev-Autonomous-Vehicle-1-5/install/erp42_description:/home/kimsohee/ev-1-5/ev-Autonomous-Vehicle-1-5/install/gps_localization:/home/kimsohee/ev-1-5/ev-Autonomous-Vehicle-1-5/install/erp42_gazebo:/home/kimsohee/ev-1-5/ev-Autonomous-Vehicle-1-5/install/carsa_gazebo:/opt/ros/humble /usr/bin/cmake --install /home/kimsohee/ev-1-5/ev-Autonomous-Vehicle-1-5/build/erp42_description
[2.604s] -- Install configuration: ""
[2.604s] -- Execute custom install script
[2.605s] -- Symlinking: /home/kimsohee/ev-1-5/ev-Autonomous-Vehicle-1-5/install/erp42_description/include/erp42_description/erp42_description/vehicle_parameters.hpp
[2.605s] -- Symlinking: /home/kimsohee/ev-1-5/ev-Autonomous-Vehicle-1-5/install/erp42_description/share/ament_index/resource_index/package_run_dependencies/erp42_description
[2.605s] -- Symlinking: /home/kimsohee/ev-1-5/ev-Autonomous-Vehicle-1-5/install/erp42_description/share/ament_index/resource_index/parent_prefix_path/erp42_description
[2.605s] -- Symlinking: /home/kimsohee/ev-1-5/ev-Autonomous-Vehicle-1-5/install/erp42_description/share/erp42_description/environment/ament_prefix_path.sh
[2.605s] -- Symlinking: /home/kimsohee/ev-1-5/ev-Autonomous-Vehicle-1-5/install/erp42_description/share/erp42_description/environment/ament_prefix_path.dsv
[2.605s] -- Symlinking: /home/kimsohee/ev-1-5/ev-Autonomous-Vehicle-1-5/install/erp42_description/share/erp42_description/environment/path.sh
[2.605s] -- Symlinking: /home/kimsohee/ev-1-5/ev-Autonomous-Vehicle-1-5/install/erp42_description/share/erp42_description/environment/path.dsv
[2.605s] -- Symlinking: /home/kimsohee/ev-1-5/ev-Autonomous-Vehicle-1-5/install/erp42_description/share/erp42_description/local_setup.bash
[2.605s] -- Symlinking: /home/kimsohee/ev-1-5/ev-Autonomous-Vehicle-1-5/install/erp42_description/share/erp42_description/local_setup.sh
[2.605s] -- Symlinking: /home/kimsohee/ev-1-5/ev-Autonomous-Vehicle-1-5/install/erp42_description/share/erp42_description/local_setup.zsh
[2.605s] -- Symlinking: /home/kimsohee/ev-1-5/ev-Autonomous-Vehicle-1-5/install/erp42_description/share/erp42_description/local_setup.dsv
[2.605s] -- Symlinking: /home/kimsohee/ev-1-5/ev-Autonomous-Vehicle-1-5/install/erp42_description/share/erp42_description/package.dsv
[2.605s] -- Symlinking: /home/kimsohee/ev-1-5/ev-Autonomous-Vehicle-1-5/install/erp42_description/share/ament_index/resource_index/packages/erp42_description
[2.605s] -- Symlinking: /home/kimsohee/ev-1-5/ev-Autonomous-Vehicle-1-5/install/erp42_description/share/erp42_description/cmake/ament_cmake_export_include_directories-extras.cmake
[2.605s] -- Symlinking: /home/kimsohee/ev-1-5/ev-Autonomous-Vehicle-1-5/install/erp42_description/share/erp42_description/cmake/erp42_descriptionConfig.cmake
[2.606s] -- Symlinking: /home/kimsohee/ev-1-5/ev-Autonomous-Vehicle-1-5/install/erp42_description/share/erp42_description/cmake/erp42_descriptionConfig-version.cmake
[2.606s] -- Symlinking: /home/kimsohee/ev-1-5/ev-Autonomous-Vehicle-1-5/install/erp42_description/share/erp42_description/package.xml
[2.606s] -- Symlinking: /home/kimsohee/ev-1-5/ev-Autonomous-Vehicle-1-5/install/erp42_description/share/erp42_description/launch/vehicle_description.launch.py
[2.606s] -- Symlinking: /home/kimsohee/ev-1-5/ev-Autonomous-Vehicle-1-5/install/erp42_description/share/erp42_description/meshes/erp42_bumper.dae
[2.606s] -- Symlinking: /home/kimsohee/ev-1-5/ev-Autonomous-Vehicle-1-5/install/erp42_description/share/erp42_description/meshes/erp42_chassis.dae
[2.606s] -- Symlinking: /home/kimsohee/ev-1-5/ev-Autonomous-Vehicle-1-5/install/erp42_description/share/erp42_description/meshes/erp42_rim.dae
[2.606s] -- Symlinking: /home/kimsohee/ev-1-5/ev-Autonomous-Vehicle-1-5/install/erp42_description/share/erp42_description/meshes/erp42_tire.dae
[2.606s] -- Symlinking: /home/kimsohee/ev-1-5/ev-Autonomous-Vehicle-1-5/install/erp42_description/share/erp42_description/rviz/vehicle_description.rviz
[2.606s] -- Symlinking: /home/kimsohee/ev-1-5/ev-Autonomous-Vehicle-1-5/install/erp42_description/share/erp42_description/urdf/erp42.urdf
[2.606s] -- Symlinking: /home/kimsohee/ev-1-5/ev-Autonomous-Vehicle-1-5/install/erp42_description/share/erp42_description/urdf/erp42.xacro
[2.607s] -- Symlinking: /home/kimsohee/ev-1-5/ev-Autonomous-Vehicle-1-5/install/erp42_description/share/erp42_description/urdf/erp42_model.xacro
[2.610s] -- Symlinking: /home/kimsohee/ev-1-5/ev-Autonomous-Vehicle-1-5/install/erp42_description/share/erp42_description/urdf/erp42_wheel.xacro
[2.654s] Invoked command in '/home/kimsohee/ev-1-5/ev-Autonomous-Vehicle-1-5/build/erp42_description' returned '0': CMAKE_PREFIX_PATH=/home/kimsohee/ev-1-5/ev-Autonomous-Vehicle-1-5/install/erp42_cmake:/home/kimsohee/ev-1-5/ev-Autonomous-Vehicle-1-5/install/velodyne_pointcloud:/home/kimsohee/ev-1-5/ev-Autonomous-Vehicle-1-5/install/velodyne_driver:/home/kimsohee/ev-1-5/ev-Autonomous-Vehicle-1-5/install/velodyne_msgs:/home/kimsohee/ev-1-5/ev-Autonomous-Vehicle-1-5/install/velodyne_cropbox:/home/kimsohee/ev-1-5/ev-Autonomous-Vehicle-1-5/install/t870_serial:/home/kimsohee/ev-1-5/ev-Autonomous-Vehicle-1-5/install/t870_rqt_plugin:/home/kimsohee/ev-1-5/ev-Autonomous-Vehicle-1-5/install/t870_util:/home/kimsohee/ev-1-5/ev-Autonomous-Vehicle-1-5/install/t870_msgs:/home/kimsohee/ev-1-5/ev-Autonomous-Vehicle-1-5/install/t870_cmake:/home/kimsohee/ev-1-5/ev-Autonomous-Vehicle-1-5/install/make_bbox:/home/kimsohee/ev-1-5/ev-Autonomous-Vehicle-1-5/install/localization_fusion:/home/kimsohee/ev-1-5/ev-Autonomous-Vehicle-1-5/install/ev_msgs:/home/kimsohee/ev-1-5/ev-Autonomous-Vehicle-1-5/install/erp42_serial:/home/kimsohee/ev-1-5/ev-Autonomous-Vehicle-1-5/install/erp42_rqt_plugin:/home/kimsohee/ev-1-5/ev-Autonomous-Vehicle-1-5/install/erp42_util:/home/kimsohee/ev-1-5/ev-Autonomous-Vehicle-1-5/install/erp42_msgs:/home/kimsohee/ev-1-5/ev-Autonomous-Vehicle-1-5/install/erp42_description:/home/kimsohee/ev-1-5/ev-Autonomous-Vehicle-1-5/install/gps_localization:/home/kimsohee/ev-1-5/ev-Autonomous-Vehicle-1-5/install/erp42_gazebo:/home/kimsohee/ev-1-5/ev-Autonomous-Vehicle-1-5/install/carsa_gazebo:/opt/ros/humble /usr/bin/cmake --install /home/kimsohee/ev-1-5/ev-Autonomous-Vehicle-1-5/build/erp42_description
