[0.083s] Invoking command in '/home/kimsohee/ev-1-5/ev-Autonomous-Vehicle-1-5/build/erp42_description': AMENT_PREFIX_PATH=/home/kimsohee/ev-1-5/ev-Autonomous-Vehicle-1-5/install/erp42_cmake:${AMENT_PREFIX_PATH} CMAKE_PREFIX_PATH=/home/kimsohee/ev-1-5/ev-Autonomous-Vehicle-1-5/install/erp42_cmake:/opt/ros/humble /usr/bin/cmake /home/kimsohee/ev-1-5/ev-Autonomous-Vehicle-1-5/erp42_ros/src/erp42_description -DCMAKE_INSTALL_PREFIX=/home/kimsohee/ev-1-5/ev-Autonomous-Vehicle-1-5/install/erp42_description
[0.119s] -- The C compiler identification is GNU 11.4.0
[0.151s] -- The CXX compiler identification is GNU 11.4.0
[0.165s] -- Detecting C compiler ABI info
[0.211s] -- Detecting C compiler ABI info - done
[0.219s] -- Check for working C compiler: /usr/bin/cc - skipped
[0.219s] -- Detecting C compile features
[0.219s] -- Detecting C compile features - done
[0.219s] -- Detecting CXX compiler ABI info
[0.272s] -- Detecting CXX compiler ABI info - done
[0.276s] -- Check for working CXX compiler: /usr/bin/c++ - skipped
[0.276s] -- Detecting CXX compile features
[0.277s] -- Detecting CXX compile features - done
[0.278s] -- Found erp42_cmake: 0.0.0 (/home/kimsohee/ev-1-5/ev-Autonomous-Vehicle-1-5/install/erp42_cmake/share/erp42_cmake/cmake)
[0.278s] -- Found ament_cmake_auto: 1.3.12 (/opt/ros/humble/share/ament_cmake_auto/cmake)
[0.385s] -- Found Python3: /usr/bin/python3 (found version "3.10.12") found components: Interpreter 
[0.506s] -- Configuring done
[0.506s] -- Generating done
[0.506s] -- Build files have been written to: /home/kimsohee/ev-1-5/ev-Autonomous-Vehicle-1-5/build/erp42_description
[0.525s] Invoked command in '/home/kimsohee/ev-1-5/ev-Autonomous-Vehicle-1-5/build/erp42_description' returned '0': AMENT_PREFIX_PATH=/home/kimsohee/ev-1-5/ev-Autonomous-Vehicle-1-5/install/erp42_cmake:${AMENT_PREFIX_PATH} CMAKE_PREFIX_PATH=/home/kimsohee/ev-1-5/ev-Autonomous-Vehicle-1-5/install/erp42_cmake:/opt/ros/humble /usr/bin/cmake /home/kimsohee/ev-1-5/ev-Autonomous-Vehicle-1-5/erp42_ros/src/erp42_description -DCMAKE_INSTALL_PREFIX=/home/kimsohee/ev-1-5/ev-Autonomous-Vehicle-1-5/install/erp42_description
[0.525s] Invoking command in '/home/kimsohee/ev-1-5/ev-Autonomous-Vehicle-1-5/build/erp42_description': AMENT_PREFIX_PATH=/home/kimsohee/ev-1-5/ev-Autonomous-Vehicle-1-5/install/erp42_cmake:${AMENT_PREFIX_PATH} CMAKE_PREFIX_PATH=/home/kimsohee/ev-1-5/ev-Autonomous-Vehicle-1-5/install/erp42_cmake:/opt/ros/humble /usr/bin/cmake --build /home/kimsohee/ev-1-5/ev-Autonomous-Vehicle-1-5/build/erp42_description -- -j10 -l10
[0.744s] Invoked command in '/home/kimsohee/ev-1-5/ev-Autonomous-Vehicle-1-5/build/erp42_description' returned '0': AMENT_PREFIX_PATH=/home/kimsohee/ev-1-5/ev-Autonomous-Vehicle-1-5/install/erp42_cmake:${AMENT_PREFIX_PATH} CMAKE_PREFIX_PATH=/home/kimsohee/ev-1-5/ev-Autonomous-Vehicle-1-5/install/erp42_cmake:/opt/ros/humble /usr/bin/cmake --build /home/kimsohee/ev-1-5/ev-Autonomous-Vehicle-1-5/build/erp42_description -- -j10 -l10
[0.744s] Invoking command in '/home/kimsohee/ev-1-5/ev-Autonomous-Vehicle-1-5/build/erp42_description': AMENT_PREFIX_PATH=/home/kimsohee/ev-1-5/ev-Autonomous-Vehicle-1-5/install/erp42_cmake:${AMENT_PREFIX_PATH} CMAKE_PREFIX_PATH=/home/kimsohee/ev-1-5/ev-Autonomous-Vehicle-1-5/install/erp42_cmake:/opt/ros/humble /usr/bin/cmake --install /home/kimsohee/ev-1-5/ev-Autonomous-Vehicle-1-5/build/erp42_description
[0.765s] -- Install configuration: ""
[0.765s] -- Installing: /home/kimsohee/ev-1-5/ev-Autonomous-Vehicle-1-5/install/erp42_description/include/erp42_description
[0.765s] -- Installing: /home/kimsohee/ev-1-5/ev-Autonomous-Vehicle-1-5/install/erp42_description/include/erp42_description/erp42_description
[0.765s] -- Installing: /home/kimsohee/ev-1-5/ev-Autonomous-Vehicle-1-5/install/erp42_description/include/erp42_description/erp42_description/vehicle_parameters.hpp
[0.765s] -- Installing: /home/kimsohee/ev-1-5/ev-Autonomous-Vehicle-1-5/install/erp42_description/share/ament_index/resource_index/package_run_dependencies/erp42_description
[0.765s] -- Installing: /home/kimsohee/ev-1-5/ev-Autonomous-Vehicle-1-5/install/erp42_description/share/ament_index/resource_index/parent_prefix_path/erp42_description
[0.765s] -- Installing: /home/kimsohee/ev-1-5/ev-Autonomous-Vehicle-1-5/install/erp42_description/share/erp42_description/environment/ament_prefix_path.sh
[0.765s] -- Installing: /home/kimsohee/ev-1-5/ev-Autonomous-Vehicle-1-5/install/erp42_description/share/erp42_description/environment/ament_prefix_path.dsv
[0.765s] -- Installing: /home/kimsohee/ev-1-5/ev-Autonomous-Vehicle-1-5/install/erp42_description/share/erp42_description/environment/path.sh
[0.765s] -- Installing: /home/kimsohee/ev-1-5/ev-Autonomous-Vehicle-1-5/install/erp42_description/share/erp42_description/environment/path.dsv
[0.765s] -- Installing: /home/kimsohee/ev-1-5/ev-Autonomous-Vehicle-1-5/install/erp42_description/share/erp42_description/local_setup.bash
[0.765s] -- Installing: /home/kimsohee/ev-1-5/ev-Autonomous-Vehicle-1-5/install/erp42_description/share/erp42_description/local_setup.sh
[0.765s] -- Installing: /home/kimsohee/ev-1-5/ev-Autonomous-Vehicle-1-5/install/erp42_description/share/erp42_description/local_setup.zsh
[0.765s] -- Installing: /home/kimsohee/ev-1-5/ev-Autonomous-Vehicle-1-5/install/erp42_description/share/erp42_description/local_setup.dsv
[0.765s] -- Installing: /home/kimsohee/ev-1-5/ev-Autonomous-Vehicle-1-5/install/erp42_description/share/erp42_description/package.dsv
[0.765s] -- Installing: /home/kimsohee/ev-1-5/ev-Autonomous-Vehicle-1-5/install/erp42_description/share/ament_index/resource_index/packages/erp42_description
[0.765s] -- Installing: /home/kimsohee/ev-1-5/ev-Autonomous-Vehicle-1-5/install/erp42_description/share/erp42_description/cmake/ament_cmake_export_include_directories-extras.cmake
[0.765s] -- Installing: /home/kimsohee/ev-1-5/ev-Autonomous-Vehicle-1-5/install/erp42_description/share/erp42_description/cmake/erp42_descriptionConfig.cmake
[0.765s] -- Installing: /home/kimsohee/ev-1-5/ev-Autonomous-Vehicle-1-5/install/erp42_description/share/erp42_description/cmake/erp42_descriptionConfig-version.cmake
[0.765s] -- Installing: /home/kimsohee/ev-1-5/ev-Autonomous-Vehicle-1-5/install/erp42_description/share/erp42_description/package.xml
[0.765s] -- Installing: /home/kimsohee/ev-1-5/ev-Autonomous-Vehicle-1-5/install/erp42_description/share/erp42_description/launch
[0.765s] -- Installing: /home/kimsohee/ev-1-5/ev-Autonomous-Vehicle-1-5/install/erp42_description/share/erp42_description/launch/vehicle_description.launch.py
[0.765s] -- Installing: /home/kimsohee/ev-1-5/ev-Autonomous-Vehicle-1-5/install/erp42_description/share/erp42_description/meshes
[0.765s] -- Installing: /home/kimsohee/ev-1-5/ev-Autonomous-Vehicle-1-5/install/erp42_description/share/erp42_description/meshes/erp42_bumper.dae
[0.765s] -- Installing: /home/kimsohee/ev-1-5/ev-Autonomous-Vehicle-1-5/install/erp42_description/share/erp42_description/meshes/erp42_chassis.dae
[0.771s] -- Installing: /home/kimsohee/ev-1-5/ev-Autonomous-Vehicle-1-5/install/erp42_description/share/erp42_description/meshes/erp42_tire.dae
[0.816s] -- Installing: /home/kimsohee/ev-1-5/ev-Autonomous-Vehicle-1-5/install/erp42_description/share/erp42_description/meshes/erp42_rim.dae
[0.819s] -- Installing: /home/kimsohee/ev-1-5/ev-Autonomous-Vehicle-1-5/install/erp42_description/share/erp42_description/rviz
[0.819s] -- Installing: /home/kimsohee/ev-1-5/ev-Autonomous-Vehicle-1-5/install/erp42_description/share/erp42_description/rviz/vehicle_description.rviz
[0.819s] -- Installing: /home/kimsohee/ev-1-5/ev-Autonomous-Vehicle-1-5/install/erp42_description/share/erp42_description/urdf
[0.820s] -- Installing: /home/kimsohee/ev-1-5/ev-Autonomous-Vehicle-1-5/install/erp42_description/share/erp42_description/urdf/erp42_wheel.xacro
[0.820s] -- Installing: /home/kimsohee/ev-1-5/ev-Autonomous-Vehicle-1-5/install/erp42_description/share/erp42_description/urdf/erp42.xacro
[0.820s] -- Installing: /home/kimsohee/ev-1-5/ev-Autonomous-Vehicle-1-5/install/erp42_description/share/erp42_description/urdf/erp42.urdf
[0.821s] -- Installing: /home/kimsohee/ev-1-5/ev-Autonomous-Vehicle-1-5/install/erp42_description/share/erp42_description/urdf/erp42_model.xacro
[0.833s] Invoked command in '/home/kimsohee/ev-1-5/ev-Autonomous-Vehicle-1-5/build/erp42_description' returned '0': AMENT_PREFIX_PATH=/home/kimsohee/ev-1-5/ev-Autonomous-Vehicle-1-5/install/erp42_cmake:${AMENT_PREFIX_PATH} CMAKE_PREFIX_PATH=/home/kimsohee/ev-1-5/ev-Autonomous-Vehicle-1-5/install/erp42_cmake:/opt/ros/humble /usr/bin/cmake --install /home/kimsohee/ev-1-5/ev-Autonomous-Vehicle-1-5/build/erp42_description
