[35m[1mConsolidate compiler generated dependencies of target ev_msgs__rosidl_generator_c[0m
[  1%] Built target ev_msgs__cpp
[ 12%] Built target ev_msgs__rosidl_generator_c
[35m[1mConsolidate compiler generated dependencies of target ev_msgs__rosidl_typesupport_fastrtps_cpp[0m
[35m[1mConsolidate compiler generated dependencies of target ev_msgs__rosidl_typesupport_cpp[0m
[35m[1mConsolidate compiler generated dependencies of target ev_msgs__rosidl_typesupport_introspection_cpp[0m
[ 23%] Built target ev_msgs__rosidl_typesupport_fastrtps_cpp
[35m[1mConsolidate compiler generated dependencies of target ev_msgs__rosidl_typesupport_fastrtps_c[0m
[35m[1mConsolidate compiler generated dependencies of target ev_msgs__rosidl_typesupport_introspection_c[0m
[ 34%] Built target ev_msgs__rosidl_typesupport_cpp
[35m[1mConsolidate compiler generated dependencies of target ev_msgs__rosidl_typesupport_c[0m
[ 34%] Built target ament_cmake_python_copy_ev_msgs
[ 45%] Built target ev_msgs__rosidl_typesupport_fastrtps_c
[ 56%] Built target ev_msgs__rosidl_typesupport_introspection_cpp
[ 67%] Built target ev_msgs__rosidl_typesupport_c
[ 78%] Built target ev_msgs__rosidl_typesupport_introspection_c
[ 78%] Built target ev_msgs
[ 80%] Built target ev_msgs__py
[35m[1mConsolidate compiler generated dependencies of target ev_msgs__rosidl_generator_py[0m
[ 89%] Built target ev_msgs__rosidl_generator_py
[35m[1mConsolidate compiler generated dependencies of target ev_msgs__rosidl_typesupport_introspection_c__pyext[0m
[35m[1mConsolidate compiler generated dependencies of target ev_msgs__rosidl_typesupport_fastrtps_c__pyext[0m
[35m[1mConsolidate compiler generated dependencies of target ev_msgs__rosidl_typesupport_c__pyext[0m
[ 92%] Built target ev_msgs__rosidl_typesupport_introspection_c__pyext
running egg_info
writing ev_msgs.egg-info/PKG-INFO
writing dependency_links to ev_msgs.egg-info/dependency_links.txt
writing top-level names to ev_msgs.egg-info/top_level.txt
[ 96%] Built target ev_msgs__rosidl_typesupport_fastrtps_c__pyext
reading manifest file 'ev_msgs.egg-info/SOURCES.txt'
writing manifest file 'ev_msgs.egg-info/SOURCES.txt'
[100%] Built target ev_msgs__rosidl_typesupport_c__pyext
[100%] Built target ament_cmake_python_build_ev_msgs_egg
-- Install configuration: ""
-- Installing: /home/kimsohee/ev-1-5/ev-Autonomous-Vehicle-1-5/install/ev_msgs/share/ament_index/resource_index/rosidl_interfaces/ev_msgs
-- Installing: /home/kimsohee/ev-1-5/ev-Autonomous-Vehicle-1-5/install/ev_msgs/include/ev_msgs/ev_msgs
-- Installing: /home/kimsohee/ev-1-5/ev-Autonomous-Vehicle-1-5/install/ev_msgs/include/ev_msgs/ev_msgs/msg
-- Installing: /home/kimsohee/ev-1-5/ev-Autonomous-Vehicle-1-5/install/ev_msgs/include/ev_msgs/ev_msgs/msg/b_box.h
-- Installing: /home/kimsohee/ev-1-5/ev-Autonomous-Vehicle-1-5/install/ev_msgs/include/ev_msgs/ev_msgs/msg/lane_boundary.h
-- Installing: /home/kimsohee/ev-1-5/ev-Autonomous-Vehicle-1-5/install/ev_msgs/include/ev_msgs/ev_msgs/msg/detail
-- Installing: /home/kimsohee/ev-1-5/ev-Autonomous-Vehicle-1-5/install/ev_msgs/include/ev_msgs/ev_msgs/msg/detail/lane_boundary__functions.c
-- Installing: /home/kimsohee/ev-1-5/ev-Autonomous-Vehicle-1-5/install/ev_msgs/include/ev_msgs/ev_msgs/msg/detail/b_box__struct.h
-- Installing: /home/kimsohee/ev-1-5/ev-Autonomous-Vehicle-1-5/install/ev_msgs/include/ev_msgs/ev_msgs/msg/detail/b_box_array__functions.c
-- Installing: /home/kimsohee/ev-1-5/ev-Autonomous-Vehicle-1-5/install/ev_msgs/include/ev_msgs/ev_msgs/msg/detail/lane_boundary_array__type_support.h
-- Installing: /home/kimsohee/ev-1-5/ev-Autonomous-Vehicle-1-5/install/ev_msgs/include/ev_msgs/ev_msgs/msg/detail/lane_boundary_array__functions.c
-- Installing: /home/kimsohee/ev-1-5/ev-Autonomous-Vehicle-1-5/install/ev_msgs/include/ev_msgs/ev_msgs/msg/detail/lane_boundary__struct.h
-- Installing: /home/kimsohee/ev-1-5/ev-Autonomous-Vehicle-1-5/install/ev_msgs/include/ev_msgs/ev_msgs/msg/detail/lane_boundary__functions.h
-- Installing: /home/kimsohee/ev-1-5/ev-Autonomous-Vehicle-1-5/install/ev_msgs/include/ev_msgs/ev_msgs/msg/detail/b_box__functions.h
-- Installing: /home/kimsohee/ev-1-5/ev-Autonomous-Vehicle-1-5/install/ev_msgs/include/ev_msgs/ev_msgs/msg/detail/b_box__functions.c
-- Installing: /home/kimsohee/ev-1-5/ev-Autonomous-Vehicle-1-5/install/ev_msgs/include/ev_msgs/ev_msgs/msg/detail/b_box_array__type_support.h
-- Installing: /home/kimsohee/ev-1-5/ev-Autonomous-Vehicle-1-5/install/ev_msgs/include/ev_msgs/ev_msgs/msg/detail/lane_boundary_array__functions.h
-- Installing: /home/kimsohee/ev-1-5/ev-Autonomous-Vehicle-1-5/install/ev_msgs/include/ev_msgs/ev_msgs/msg/detail/b_box_array__struct.h
-- Installing: /home/kimsohee/ev-1-5/ev-Autonomous-Vehicle-1-5/install/ev_msgs/include/ev_msgs/ev_msgs/msg/detail/b_box_array__functions.h
-- Installing: /home/kimsohee/ev-1-5/ev-Autonomous-Vehicle-1-5/install/ev_msgs/include/ev_msgs/ev_msgs/msg/detail/b_box__type_support.h
-- Installing: /home/kimsohee/ev-1-5/ev-Autonomous-Vehicle-1-5/install/ev_msgs/include/ev_msgs/ev_msgs/msg/detail/lane_boundary_array__struct.h
-- Installing: /home/kimsohee/ev-1-5/ev-Autonomous-Vehicle-1-5/install/ev_msgs/include/ev_msgs/ev_msgs/msg/detail/lane_boundary__type_support.h
-- Installing: /home/kimsohee/ev-1-5/ev-Autonomous-Vehicle-1-5/install/ev_msgs/include/ev_msgs/ev_msgs/msg/b_box_array.h
-- Installing: /home/kimsohee/ev-1-5/ev-Autonomous-Vehicle-1-5/install/ev_msgs/include/ev_msgs/ev_msgs/msg/lane_boundary_array.h
-- Installing: /home/kimsohee/ev-1-5/ev-Autonomous-Vehicle-1-5/install/ev_msgs/include/ev_msgs/ev_msgs/msg/rosidl_generator_c__visibility_control.h
-- Installing: /home/kimsohee/ev-1-5/ev-Autonomous-Vehicle-1-5/install/ev_msgs/share/ev_msgs/environment/library_path.sh
-- Installing: /home/kimsohee/ev-1-5/ev-Autonomous-Vehicle-1-5/install/ev_msgs/share/ev_msgs/environment/library_path.dsv
-- Installing: /home/kimsohee/ev-1-5/ev-Autonomous-Vehicle-1-5/install/ev_msgs/lib/libev_msgs__rosidl_generator_c.so
-- Set runtime path of "/home/kimsohee/ev-1-5/ev-Autonomous-Vehicle-1-5/install/ev_msgs/lib/libev_msgs__rosidl_generator_c.so" to ""
-- Up-to-date: /home/kimsohee/ev-1-5/ev-Autonomous-Vehicle-1-5/install/ev_msgs/include/ev_msgs/ev_msgs
-- Up-to-date: /home/kimsohee/ev-1-5/ev-Autonomous-Vehicle-1-5/install/ev_msgs/include/ev_msgs/ev_msgs/msg
-- Installing: /home/kimsohee/ev-1-5/ev-Autonomous-Vehicle-1-5/install/ev_msgs/include/ev_msgs/ev_msgs/msg/rosidl_typesupport_fastrtps_c__visibility_control.h
-- Up-to-date: /home/kimsohee/ev-1-5/ev-Autonomous-Vehicle-1-5/install/ev_msgs/include/ev_msgs/ev_msgs/msg/detail
-- Installing: /home/kimsohee/ev-1-5/ev-Autonomous-Vehicle-1-5/install/ev_msgs/include/ev_msgs/ev_msgs/msg/detail/b_box_array__rosidl_typesupport_fastrtps_c.h
-- Installing: /home/kimsohee/ev-1-5/ev-Autonomous-Vehicle-1-5/install/ev_msgs/include/ev_msgs/ev_msgs/msg/detail/lane_boundary_array__rosidl_typesupport_fastrtps_c.h
-- Installing: /home/kimsohee/ev-1-5/ev-Autonomous-Vehicle-1-5/install/ev_msgs/include/ev_msgs/ev_msgs/msg/detail/b_box__rosidl_typesupport_fastrtps_c.h
-- Installing: /home/kimsohee/ev-1-5/ev-Autonomous-Vehicle-1-5/install/ev_msgs/include/ev_msgs/ev_msgs/msg/detail/lane_boundary__rosidl_typesupport_fastrtps_c.h
-- Installing: /home/kimsohee/ev-1-5/ev-Autonomous-Vehicle-1-5/install/ev_msgs/lib/libev_msgs__rosidl_typesupport_fastrtps_c.so
-- Set runtime path of "/home/kimsohee/ev-1-5/ev-Autonomous-Vehicle-1-5/install/ev_msgs/lib/libev_msgs__rosidl_typesupport_fastrtps_c.so" to ""
-- Up-to-date: /home/kimsohee/ev-1-5/ev-Autonomous-Vehicle-1-5/install/ev_msgs/include/ev_msgs/ev_msgs
-- Up-to-date: /home/kimsohee/ev-1-5/ev-Autonomous-Vehicle-1-5/install/ev_msgs/include/ev_msgs/ev_msgs/msg
-- Installing: /home/kimsohee/ev-1-5/ev-Autonomous-Vehicle-1-5/install/ev_msgs/include/ev_msgs/ev_msgs/msg/rosidl_typesupport_introspection_c__visibility_control.h
-- Up-to-date: /home/kimsohee/ev-1-5/ev-Autonomous-Vehicle-1-5/install/ev_msgs/include/ev_msgs/ev_msgs/msg/detail
-- Installing: /home/kimsohee/ev-1-5/ev-Autonomous-Vehicle-1-5/install/ev_msgs/include/ev_msgs/ev_msgs/msg/detail/b_box_array__type_support.c
-- Installing: /home/kimsohee/ev-1-5/ev-Autonomous-Vehicle-1-5/install/ev_msgs/include/ev_msgs/ev_msgs/msg/detail/lane_boundary__rosidl_typesupport_introspection_c.h
-- Installing: /home/kimsohee/ev-1-5/ev-Autonomous-Vehicle-1-5/install/ev_msgs/include/ev_msgs/ev_msgs/msg/detail/b_box__type_support.c
-- Installing: /home/kimsohee/ev-1-5/ev-Autonomous-Vehicle-1-5/install/ev_msgs/include/ev_msgs/ev_msgs/msg/detail/lane_boundary_array__rosidl_typesupport_introspection_c.h
-- Installing: /home/kimsohee/ev-1-5/ev-Autonomous-Vehicle-1-5/install/ev_msgs/include/ev_msgs/ev_msgs/msg/detail/lane_boundary_array__type_support.c
-- Installing: /home/kimsohee/ev-1-5/ev-Autonomous-Vehicle-1-5/install/ev_msgs/include/ev_msgs/ev_msgs/msg/detail/b_box__rosidl_typesupport_introspection_c.h
-- Installing: /home/kimsohee/ev-1-5/ev-Autonomous-Vehicle-1-5/install/ev_msgs/include/ev_msgs/ev_msgs/msg/detail/lane_boundary__type_support.c
-- Installing: /home/kimsohee/ev-1-5/ev-Autonomous-Vehicle-1-5/install/ev_msgs/include/ev_msgs/ev_msgs/msg/detail/b_box_array__rosidl_typesupport_introspection_c.h
-- Installing: /home/kimsohee/ev-1-5/ev-Autonomous-Vehicle-1-5/install/ev_msgs/lib/libev_msgs__rosidl_typesupport_introspection_c.so
-- Set runtime path of "/home/kimsohee/ev-1-5/ev-Autonomous-Vehicle-1-5/install/ev_msgs/lib/libev_msgs__rosidl_typesupport_introspection_c.so" to ""
-- Installing: /home/kimsohee/ev-1-5/ev-Autonomous-Vehicle-1-5/install/ev_msgs/lib/libev_msgs__rosidl_typesupport_c.so
-- Set runtime path of "/home/kimsohee/ev-1-5/ev-Autonomous-Vehicle-1-5/install/ev_msgs/lib/libev_msgs__rosidl_typesupport_c.so" to ""
-- Up-to-date: /home/kimsohee/ev-1-5/ev-Autonomous-Vehicle-1-5/install/ev_msgs/include/ev_msgs/ev_msgs
-- Up-to-date: /home/kimsohee/ev-1-5/ev-Autonomous-Vehicle-1-5/install/ev_msgs/include/ev_msgs/ev_msgs/msg
-- Installing: /home/kimsohee/ev-1-5/ev-Autonomous-Vehicle-1-5/install/ev_msgs/include/ev_msgs/ev_msgs/msg/b_box_array.hpp
-- Installing: /home/kimsohee/ev-1-5/ev-Autonomous-Vehicle-1-5/install/ev_msgs/include/ev_msgs/ev_msgs/msg/lane_boundary.hpp
-- Up-to-date: /home/kimsohee/ev-1-5/ev-Autonomous-Vehicle-1-5/install/ev_msgs/include/ev_msgs/ev_msgs/msg/detail
-- Installing: /home/kimsohee/ev-1-5/ev-Autonomous-Vehicle-1-5/install/ev_msgs/include/ev_msgs/ev_msgs/msg/detail/lane_boundary__type_support.hpp
-- Installing: /home/kimsohee/ev-1-5/ev-Autonomous-Vehicle-1-5/install/ev_msgs/include/ev_msgs/ev_msgs/msg/detail/b_box_array__type_support.hpp
-- Installing: /home/kimsohee/ev-1-5/ev-Autonomous-Vehicle-1-5/install/ev_msgs/include/ev_msgs/ev_msgs/msg/detail/lane_boundary_array__builder.hpp
-- Installing: /home/kimsohee/ev-1-5/ev-Autonomous-Vehicle-1-5/install/ev_msgs/include/ev_msgs/ev_msgs/msg/detail/b_box__traits.hpp
-- Installing: /home/kimsohee/ev-1-5/ev-Autonomous-Vehicle-1-5/install/ev_msgs/include/ev_msgs/ev_msgs/msg/detail/lane_boundary_array__struct.hpp
-- Installing: /home/kimsohee/ev-1-5/ev-Autonomous-Vehicle-1-5/install/ev_msgs/include/ev_msgs/ev_msgs/msg/detail/b_box_array__builder.hpp
-- Installing: /home/kimsohee/ev-1-5/ev-Autonomous-Vehicle-1-5/install/ev_msgs/include/ev_msgs/ev_msgs/msg/detail/lane_boundary__builder.hpp
-- Installing: /home/kimsohee/ev-1-5/ev-Autonomous-Vehicle-1-5/install/ev_msgs/include/ev_msgs/ev_msgs/msg/detail/lane_boundary__traits.hpp
-- Installing: /home/kimsohee/ev-1-5/ev-Autonomous-Vehicle-1-5/install/ev_msgs/include/ev_msgs/ev_msgs/msg/detail/b_box__struct.hpp
-- Installing: /home/kimsohee/ev-1-5/ev-Autonomous-Vehicle-1-5/install/ev_msgs/include/ev_msgs/ev_msgs/msg/detail/b_box_array__struct.hpp
-- Installing: /home/kimsohee/ev-1-5/ev-Autonomous-Vehicle-1-5/install/ev_msgs/include/ev_msgs/ev_msgs/msg/detail/b_box_array__traits.hpp
-- Installing: /home/kimsohee/ev-1-5/ev-Autonomous-Vehicle-1-5/install/ev_msgs/include/ev_msgs/ev_msgs/msg/detail/lane_boundary_array__traits.hpp
-- Installing: /home/kimsohee/ev-1-5/ev-Autonomous-Vehicle-1-5/install/ev_msgs/include/ev_msgs/ev_msgs/msg/detail/b_box__type_support.hpp
-- Installing: /home/kimsohee/ev-1-5/ev-Autonomous-Vehicle-1-5/install/ev_msgs/include/ev_msgs/ev_msgs/msg/detail/b_box__builder.hpp
-- Installing: /home/kimsohee/ev-1-5/ev-Autonomous-Vehicle-1-5/install/ev_msgs/include/ev_msgs/ev_msgs/msg/detail/lane_boundary__struct.hpp
-- Installing: /home/kimsohee/ev-1-5/ev-Autonomous-Vehicle-1-5/install/ev_msgs/include/ev_msgs/ev_msgs/msg/detail/lane_boundary_array__type_support.hpp
-- Installing: /home/kimsohee/ev-1-5/ev-Autonomous-Vehicle-1-5/install/ev_msgs/include/ev_msgs/ev_msgs/msg/rosidl_generator_cpp__visibility_control.hpp
-- Installing: /home/kimsohee/ev-1-5/ev-Autonomous-Vehicle-1-5/install/ev_msgs/include/ev_msgs/ev_msgs/msg/lane_boundary_array.hpp
-- Installing: /home/kimsohee/ev-1-5/ev-Autonomous-Vehicle-1-5/install/ev_msgs/include/ev_msgs/ev_msgs/msg/b_box.hpp
-- Up-to-date: /home/kimsohee/ev-1-5/ev-Autonomous-Vehicle-1-5/install/ev_msgs/include/ev_msgs/ev_msgs
-- Up-to-date: /home/kimsohee/ev-1-5/ev-Autonomous-Vehicle-1-5/install/ev_msgs/include/ev_msgs/ev_msgs/msg
-- Installing: /home/kimsohee/ev-1-5/ev-Autonomous-Vehicle-1-5/install/ev_msgs/include/ev_msgs/ev_msgs/msg/rosidl_typesupport_fastrtps_cpp__visibility_control.h
-- Up-to-date: /home/kimsohee/ev-1-5/ev-Autonomous-Vehicle-1-5/install/ev_msgs/include/ev_msgs/ev_msgs/msg/detail
-- Installing: /home/kimsohee/ev-1-5/ev-Autonomous-Vehicle-1-5/install/ev_msgs/include/ev_msgs/ev_msgs/msg/detail/lane_boundary__rosidl_typesupport_fastrtps_cpp.hpp
-- Installing: /home/kimsohee/ev-1-5/ev-Autonomous-Vehicle-1-5/install/ev_msgs/include/ev_msgs/ev_msgs/msg/detail/lane_boundary_array__rosidl_typesupport_fastrtps_cpp.hpp
-- Installing: /home/kimsohee/ev-1-5/ev-Autonomous-Vehicle-1-5/install/ev_msgs/include/ev_msgs/ev_msgs/msg/detail/b_box_array__rosidl_typesupport_fastrtps_cpp.hpp
-- Installing: /home/kimsohee/ev-1-5/ev-Autonomous-Vehicle-1-5/install/ev_msgs/include/ev_msgs/ev_msgs/msg/detail/dds_fastrtps
-- Installing: /home/kimsohee/ev-1-5/ev-Autonomous-Vehicle-1-5/install/ev_msgs/include/ev_msgs/ev_msgs/msg/detail/b_box__rosidl_typesupport_fastrtps_cpp.hpp
-- Installing: /home/kimsohee/ev-1-5/ev-Autonomous-Vehicle-1-5/install/ev_msgs/lib/libev_msgs__rosidl_typesupport_fastrtps_cpp.so
-- Set runtime path of "/home/kimsohee/ev-1-5/ev-Autonomous-Vehicle-1-5/install/ev_msgs/lib/libev_msgs__rosidl_typesupport_fastrtps_cpp.so" to ""
-- Up-to-date: /home/kimsohee/ev-1-5/ev-Autonomous-Vehicle-1-5/install/ev_msgs/include/ev_msgs/ev_msgs
-- Up-to-date: /home/kimsohee/ev-1-5/ev-Autonomous-Vehicle-1-5/install/ev_msgs/include/ev_msgs/ev_msgs/msg
-- Up-to-date: /home/kimsohee/ev-1-5/ev-Autonomous-Vehicle-1-5/install/ev_msgs/include/ev_msgs/ev_msgs/msg/detail
-- Installing: /home/kimsohee/ev-1-5/ev-Autonomous-Vehicle-1-5/install/ev_msgs/include/ev_msgs/ev_msgs/msg/detail/lane_boundary__type_support.cpp
-- Installing: /home/kimsohee/ev-1-5/ev-Autonomous-Vehicle-1-5/install/ev_msgs/include/ev_msgs/ev_msgs/msg/detail/b_box__rosidl_typesupport_introspection_cpp.hpp
-- Installing: /home/kimsohee/ev-1-5/ev-Autonomous-Vehicle-1-5/install/ev_msgs/include/ev_msgs/ev_msgs/msg/detail/lane_boundary_array__rosidl_typesupport_introspection_cpp.hpp
-- Installing: /home/kimsohee/ev-1-5/ev-Autonomous-Vehicle-1-5/install/ev_msgs/include/ev_msgs/ev_msgs/msg/detail/b_box__type_support.cpp
-- Installing: /home/kimsohee/ev-1-5/ev-Autonomous-Vehicle-1-5/install/ev_msgs/include/ev_msgs/ev_msgs/msg/detail/b_box_array__rosidl_typesupport_introspection_cpp.hpp
-- Installing: /home/kimsohee/ev-1-5/ev-Autonomous-Vehicle-1-5/install/ev_msgs/include/ev_msgs/ev_msgs/msg/detail/b_box_array__type_support.cpp
-- Installing: /home/kimsohee/ev-1-5/ev-Autonomous-Vehicle-1-5/install/ev_msgs/include/ev_msgs/ev_msgs/msg/detail/lane_boundary_array__type_support.cpp
-- Installing: /home/kimsohee/ev-1-5/ev-Autonomous-Vehicle-1-5/install/ev_msgs/include/ev_msgs/ev_msgs/msg/detail/lane_boundary__rosidl_typesupport_introspection_cpp.hpp
-- Installing: /home/kimsohee/ev-1-5/ev-Autonomous-Vehicle-1-5/install/ev_msgs/lib/libev_msgs__rosidl_typesupport_introspection_cpp.so
-- Set runtime path of "/home/kimsohee/ev-1-5/ev-Autonomous-Vehicle-1-5/install/ev_msgs/lib/libev_msgs__rosidl_typesupport_introspection_cpp.so" to ""
-- Installing: /home/kimsohee/ev-1-5/ev-Autonomous-Vehicle-1-5/install/ev_msgs/lib/libev_msgs__rosidl_typesupport_cpp.so
-- Set runtime path of "/home/kimsohee/ev-1-5/ev-Autonomous-Vehicle-1-5/install/ev_msgs/lib/libev_msgs__rosidl_typesupport_cpp.so" to ""
-- Installing: /home/kimsohee/ev-1-5/ev-Autonomous-Vehicle-1-5/install/ev_msgs/share/ev_msgs/environment/pythonpath.sh
-- Installing: /home/kimsohee/ev-1-5/ev-Autonomous-Vehicle-1-5/install/ev_msgs/share/ev_msgs/environment/pythonpath.dsv
-- Installing: /home/kimsohee/ev-1-5/ev-Autonomous-Vehicle-1-5/install/ev_msgs/local/lib/python3.10/dist-packages/ev_msgs-0.1.0-py3.10.egg-info
-- Installing: /home/kimsohee/ev-1-5/ev-Autonomous-Vehicle-1-5/install/ev_msgs/local/lib/python3.10/dist-packages/ev_msgs-0.1.0-py3.10.egg-info/PKG-INFO
-- Installing: /home/kimsohee/ev-1-5/ev-Autonomous-Vehicle-1-5/install/ev_msgs/local/lib/python3.10/dist-packages/ev_msgs-0.1.0-py3.10.egg-info/dependency_links.txt
-- Installing: /home/kimsohee/ev-1-5/ev-Autonomous-Vehicle-1-5/install/ev_msgs/local/lib/python3.10/dist-packages/ev_msgs-0.1.0-py3.10.egg-info/top_level.txt
-- Installing: /home/kimsohee/ev-1-5/ev-Autonomous-Vehicle-1-5/install/ev_msgs/local/lib/python3.10/dist-packages/ev_msgs-0.1.0-py3.10.egg-info/SOURCES.txt
-- Installing: /home/kimsohee/ev-1-5/ev-Autonomous-Vehicle-1-5/install/ev_msgs/local/lib/python3.10/dist-packages/ev_msgs
-- Installing: /home/kimsohee/ev-1-5/ev-Autonomous-Vehicle-1-5/install/ev_msgs/local/lib/python3.10/dist-packages/ev_msgs/ev_msgs_s__rosidl_typesupport_introspection_c.cpython-310-aarch64-linux-gnu.so
-- Installing: /home/kimsohee/ev-1-5/ev-Autonomous-Vehicle-1-5/install/ev_msgs/local/lib/python3.10/dist-packages/ev_msgs/_ev_msgs_s.ep.rosidl_typesupport_c.c
-- Installing: /home/kimsohee/ev-1-5/ev-Autonomous-Vehicle-1-5/install/ev_msgs/local/lib/python3.10/dist-packages/ev_msgs/ev_msgs_s__rosidl_typesupport_c.cpython-310-aarch64-linux-gnu.so
-- Installing: /home/kimsohee/ev-1-5/ev-Autonomous-Vehicle-1-5/install/ev_msgs/local/lib/python3.10/dist-packages/ev_msgs/_ev_msgs_s.ep.rosidl_typesupport_introspection_c.c
-- Installing: /home/kimsohee/ev-1-5/ev-Autonomous-Vehicle-1-5/install/ev_msgs/local/lib/python3.10/dist-packages/ev_msgs/_ev_msgs_s.ep.rosidl_typesupport_fastrtps_c.c
-- Installing: /home/kimsohee/ev-1-5/ev-Autonomous-Vehicle-1-5/install/ev_msgs/local/lib/python3.10/dist-packages/ev_msgs/__init__.py
-- Installing: /home/kimsohee/ev-1-5/ev-Autonomous-Vehicle-1-5/install/ev_msgs/local/lib/python3.10/dist-packages/ev_msgs/libev_msgs__rosidl_generator_py.so
-- Installing: /home/kimsohee/ev-1-5/ev-Autonomous-Vehicle-1-5/install/ev_msgs/local/lib/python3.10/dist-packages/ev_msgs/msg
-- Installing: /home/kimsohee/ev-1-5/ev-Autonomous-Vehicle-1-5/install/ev_msgs/local/lib/python3.10/dist-packages/ev_msgs/msg/_b_box_array_s.c
-- Installing: /home/kimsohee/ev-1-5/ev-Autonomous-Vehicle-1-5/install/ev_msgs/local/lib/python3.10/dist-packages/ev_msgs/msg/_b_box_array.py
-- Installing: /home/kimsohee/ev-1-5/ev-Autonomous-Vehicle-1-5/install/ev_msgs/local/lib/python3.10/dist-packages/ev_msgs/msg/_lane_boundary_array.py
-- Installing: /home/kimsohee/ev-1-5/ev-Autonomous-Vehicle-1-5/install/ev_msgs/local/lib/python3.10/dist-packages/ev_msgs/msg/_b_box_s.c
-- Installing: /home/kimsohee/ev-1-5/ev-Autonomous-Vehicle-1-5/install/ev_msgs/local/lib/python3.10/dist-packages/ev_msgs/msg/_lane_boundary_s.c
-- Installing: /home/kimsohee/ev-1-5/ev-Autonomous-Vehicle-1-5/install/ev_msgs/local/lib/python3.10/dist-packages/ev_msgs/msg/_lane_boundary.py
-- Installing: /home/kimsohee/ev-1-5/ev-Autonomous-Vehicle-1-5/install/ev_msgs/local/lib/python3.10/dist-packages/ev_msgs/msg/__init__.py
-- Installing: /home/kimsohee/ev-1-5/ev-Autonomous-Vehicle-1-5/install/ev_msgs/local/lib/python3.10/dist-packages/ev_msgs/msg/_lane_boundary_array_s.c
-- Installing: /home/kimsohee/ev-1-5/ev-Autonomous-Vehicle-1-5/install/ev_msgs/local/lib/python3.10/dist-packages/ev_msgs/msg/_b_box.py
-- Installing: /home/kimsohee/ev-1-5/ev-Autonomous-Vehicle-1-5/install/ev_msgs/local/lib/python3.10/dist-packages/ev_msgs/ev_msgs_s__rosidl_typesupport_fastrtps_c.cpython-310-aarch64-linux-gnu.so
Listing '/home/kimsohee/ev-1-5/ev-Autonomous-Vehicle-1-5/install/ev_msgs/local/lib/python3.10/dist-packages/ev_msgs'...
Compiling '/home/kimsohee/ev-1-5/ev-Autonomous-Vehicle-1-5/install/ev_msgs/local/lib/python3.10/dist-packages/ev_msgs/__init__.py'...
Listing '/home/kimsohee/ev-1-5/ev-Autonomous-Vehicle-1-5/install/ev_msgs/local/lib/python3.10/dist-packages/ev_msgs/msg'...
Compiling '/home/kimsohee/ev-1-5/ev-Autonomous-Vehicle-1-5/install/ev_msgs/local/lib/python3.10/dist-packages/ev_msgs/msg/__init__.py'...
Compiling '/home/kimsohee/ev-1-5/ev-Autonomous-Vehicle-1-5/install/ev_msgs/local/lib/python3.10/dist-packages/ev_msgs/msg/_b_box.py'...
Compiling '/home/kimsohee/ev-1-5/ev-Autonomous-Vehicle-1-5/install/ev_msgs/local/lib/python3.10/dist-packages/ev_msgs/msg/_b_box_array.py'...
Compiling '/home/kimsohee/ev-1-5/ev-Autonomous-Vehicle-1-5/install/ev_msgs/local/lib/python3.10/dist-packages/ev_msgs/msg/_lane_boundary.py'...
Compiling '/home/kimsohee/ev-1-5/ev-Autonomous-Vehicle-1-5/install/ev_msgs/local/lib/python3.10/dist-packages/ev_msgs/msg/_lane_boundary_array.py'...
-- Installing: /home/kimsohee/ev-1-5/ev-Autonomous-Vehicle-1-5/install/ev_msgs/local/lib/python3.10/dist-packages/ev_msgs/ev_msgs_s__rosidl_typesupport_fastrtps_c.cpython-310-aarch64-linux-gnu.so
-- Set runtime path of "/home/kimsohee/ev-1-5/ev-Autonomous-Vehicle-1-5/install/ev_msgs/local/lib/python3.10/dist-packages/ev_msgs/ev_msgs_s__rosidl_typesupport_fastrtps_c.cpython-310-aarch64-linux-gnu.so" to ""
-- Installing: /home/kimsohee/ev-1-5/ev-Autonomous-Vehicle-1-5/install/ev_msgs/local/lib/python3.10/dist-packages/ev_msgs/ev_msgs_s__rosidl_typesupport_introspection_c.cpython-310-aarch64-linux-gnu.so
-- Set runtime path of "/home/kimsohee/ev-1-5/ev-Autonomous-Vehicle-1-5/install/ev_msgs/local/lib/python3.10/dist-packages/ev_msgs/ev_msgs_s__rosidl_typesupport_introspection_c.cpython-310-aarch64-linux-gnu.so" to ""
-- Installing: /home/kimsohee/ev-1-5/ev-Autonomous-Vehicle-1-5/install/ev_msgs/local/lib/python3.10/dist-packages/ev_msgs/ev_msgs_s__rosidl_typesupport_c.cpython-310-aarch64-linux-gnu.so
-- Set runtime path of "/home/kimsohee/ev-1-5/ev-Autonomous-Vehicle-1-5/install/ev_msgs/local/lib/python3.10/dist-packages/ev_msgs/ev_msgs_s__rosidl_typesupport_c.cpython-310-aarch64-linux-gnu.so" to ""
-- Installing: /home/kimsohee/ev-1-5/ev-Autonomous-Vehicle-1-5/install/ev_msgs/lib/libev_msgs__rosidl_generator_py.so
-- Set runtime path of "/home/kimsohee/ev-1-5/ev-Autonomous-Vehicle-1-5/install/ev_msgs/lib/libev_msgs__rosidl_generator_py.so" to ""
-- Installing: /home/kimsohee/ev-1-5/ev-Autonomous-Vehicle-1-5/install/ev_msgs/share/ev_msgs/msg/BBox.idl
-- Installing: /home/kimsohee/ev-1-5/ev-Autonomous-Vehicle-1-5/install/ev_msgs/share/ev_msgs/msg/BBoxArray.idl
-- Installing: /home/kimsohee/ev-1-5/ev-Autonomous-Vehicle-1-5/install/ev_msgs/share/ev_msgs/msg/LaneBoundary.idl
-- Installing: /home/kimsohee/ev-1-5/ev-Autonomous-Vehicle-1-5/install/ev_msgs/share/ev_msgs/msg/LaneBoundaryArray.idl
-- Installing: /home/kimsohee/ev-1-5/ev-Autonomous-Vehicle-1-5/install/ev_msgs/share/ev_msgs/msg/BBox.msg
-- Installing: /home/kimsohee/ev-1-5/ev-Autonomous-Vehicle-1-5/install/ev_msgs/share/ev_msgs/msg/BBoxArray.msg
-- Installing: /home/kimsohee/ev-1-5/ev-Autonomous-Vehicle-1-5/install/ev_msgs/share/ev_msgs/msg/LaneBoundary.msg
-- Installing: /home/kimsohee/ev-1-5/ev-Autonomous-Vehicle-1-5/install/ev_msgs/share/ev_msgs/msg/LaneBoundaryArray.msg
-- Installing: /home/kimsohee/ev-1-5/ev-Autonomous-Vehicle-1-5/install/ev_msgs/share/ament_index/resource_index/package_run_dependencies/ev_msgs
-- Installing: /home/kimsohee/ev-1-5/ev-Autonomous-Vehicle-1-5/install/ev_msgs/share/ament_index/resource_index/parent_prefix_path/ev_msgs
-- Installing: /home/kimsohee/ev-1-5/ev-Autonomous-Vehicle-1-5/install/ev_msgs/share/ev_msgs/environment/ament_prefix_path.sh
-- Installing: /home/kimsohee/ev-1-5/ev-Autonomous-Vehicle-1-5/install/ev_msgs/share/ev_msgs/environment/ament_prefix_path.dsv
-- Installing: /home/kimsohee/ev-1-5/ev-Autonomous-Vehicle-1-5/install/ev_msgs/share/ev_msgs/environment/path.sh
-- Installing: /home/kimsohee/ev-1-5/ev-Autonomous-Vehicle-1-5/install/ev_msgs/share/ev_msgs/environment/path.dsv
-- Installing: /home/kimsohee/ev-1-5/ev-Autonomous-Vehicle-1-5/install/ev_msgs/share/ev_msgs/local_setup.bash
-- Installing: /home/kimsohee/ev-1-5/ev-Autonomous-Vehicle-1-5/install/ev_msgs/share/ev_msgs/local_setup.sh
-- Installing: /home/kimsohee/ev-1-5/ev-Autonomous-Vehicle-1-5/install/ev_msgs/share/ev_msgs/local_setup.zsh
-- Installing: /home/kimsohee/ev-1-5/ev-Autonomous-Vehicle-1-5/install/ev_msgs/share/ev_msgs/local_setup.dsv
-- Installing: /home/kimsohee/ev-1-5/ev-Autonomous-Vehicle-1-5/install/ev_msgs/share/ev_msgs/package.dsv
-- Installing: /home/kimsohee/ev-1-5/ev-Autonomous-Vehicle-1-5/install/ev_msgs/share/ament_index/resource_index/packages/ev_msgs
-- Installing: /home/kimsohee/ev-1-5/ev-Autonomous-Vehicle-1-5/install/ev_msgs/share/ev_msgs/cmake/export_ev_msgs__rosidl_generator_cExport.cmake
-- Installing: /home/kimsohee/ev-1-5/ev-Autonomous-Vehicle-1-5/install/ev_msgs/share/ev_msgs/cmake/export_ev_msgs__rosidl_generator_cExport-noconfig.cmake
-- Installing: /home/kimsohee/ev-1-5/ev-Autonomous-Vehicle-1-5/install/ev_msgs/share/ev_msgs/cmake/export_ev_msgs__rosidl_typesupport_fastrtps_cExport.cmake
-- Installing: /home/kimsohee/ev-1-5/ev-Autonomous-Vehicle-1-5/install/ev_msgs/share/ev_msgs/cmake/export_ev_msgs__rosidl_typesupport_fastrtps_cExport-noconfig.cmake
-- Installing: /home/kimsohee/ev-1-5/ev-Autonomous-Vehicle-1-5/install/ev_msgs/share/ev_msgs/cmake/ev_msgs__rosidl_typesupport_introspection_cExport.cmake
-- Installing: /home/kimsohee/ev-1-5/ev-Autonomous-Vehicle-1-5/install/ev_msgs/share/ev_msgs/cmake/ev_msgs__rosidl_typesupport_introspection_cExport-noconfig.cmake
-- Installing: /home/kimsohee/ev-1-5/ev-Autonomous-Vehicle-1-5/install/ev_msgs/share/ev_msgs/cmake/ev_msgs__rosidl_typesupport_cExport.cmake
-- Installing: /home/kimsohee/ev-1-5/ev-Autonomous-Vehicle-1-5/install/ev_msgs/share/ev_msgs/cmake/ev_msgs__rosidl_typesupport_cExport-noconfig.cmake
-- Installing: /home/kimsohee/ev-1-5/ev-Autonomous-Vehicle-1-5/install/ev_msgs/share/ev_msgs/cmake/export_ev_msgs__rosidl_generator_cppExport.cmake
-- Installing: /home/kimsohee/ev-1-5/ev-Autonomous-Vehicle-1-5/install/ev_msgs/share/ev_msgs/cmake/export_ev_msgs__rosidl_typesupport_fastrtps_cppExport.cmake
-- Installing: /home/kimsohee/ev-1-5/ev-Autonomous-Vehicle-1-5/install/ev_msgs/share/ev_msgs/cmake/export_ev_msgs__rosidl_typesupport_fastrtps_cppExport-noconfig.cmake
-- Installing: /home/kimsohee/ev-1-5/ev-Autonomous-Vehicle-1-5/install/ev_msgs/share/ev_msgs/cmake/ev_msgs__rosidl_typesupport_introspection_cppExport.cmake
-- Installing: /home/kimsohee/ev-1-5/ev-Autonomous-Vehicle-1-5/install/ev_msgs/share/ev_msgs/cmake/ev_msgs__rosidl_typesupport_introspection_cppExport-noconfig.cmake
-- Installing: /home/kimsohee/ev-1-5/ev-Autonomous-Vehicle-1-5/install/ev_msgs/share/ev_msgs/cmake/ev_msgs__rosidl_typesupport_cppExport.cmake
-- Installing: /home/kimsohee/ev-1-5/ev-Autonomous-Vehicle-1-5/install/ev_msgs/share/ev_msgs/cmake/ev_msgs__rosidl_typesupport_cppExport-noconfig.cmake
-- Installing: /home/kimsohee/ev-1-5/ev-Autonomous-Vehicle-1-5/install/ev_msgs/share/ev_msgs/cmake/export_ev_msgs__rosidl_generator_pyExport.cmake
-- Installing: /home/kimsohee/ev-1-5/ev-Autonomous-Vehicle-1-5/install/ev_msgs/share/ev_msgs/cmake/export_ev_msgs__rosidl_generator_pyExport-noconfig.cmake
-- Installing: /home/kimsohee/ev-1-5/ev-Autonomous-Vehicle-1-5/install/ev_msgs/share/ev_msgs/cmake/rosidl_cmake-extras.cmake
-- Installing: /home/kimsohee/ev-1-5/ev-Autonomous-Vehicle-1-5/install/ev_msgs/share/ev_msgs/cmake/ament_cmake_export_dependencies-extras.cmake
-- Installing: /home/kimsohee/ev-1-5/ev-Autonomous-Vehicle-1-5/install/ev_msgs/share/ev_msgs/cmake/ament_cmake_export_include_directories-extras.cmake
-- Installing: /home/kimsohee/ev-1-5/ev-Autonomous-Vehicle-1-5/install/ev_msgs/share/ev_msgs/cmake/ament_cmake_export_libraries-extras.cmake
-- Installing: /home/kimsohee/ev-1-5/ev-Autonomous-Vehicle-1-5/install/ev_msgs/share/ev_msgs/cmake/ament_cmake_export_targets-extras.cmake
-- Installing: /home/kimsohee/ev-1-5/ev-Autonomous-Vehicle-1-5/install/ev_msgs/share/ev_msgs/cmake/rosidl_cmake_export_typesupport_targets-extras.cmake
-- Installing: /home/kimsohee/ev-1-5/ev-Autonomous-Vehicle-1-5/install/ev_msgs/share/ev_msgs/cmake/rosidl_cmake_export_typesupport_libraries-extras.cmake
-- Installing: /home/kimsohee/ev-1-5/ev-Autonomous-Vehicle-1-5/install/ev_msgs/share/ev_msgs/cmake/ev_msgsConfig.cmake
-- Installing: /home/kimsohee/ev-1-5/ev-Autonomous-Vehicle-1-5/install/ev_msgs/share/ev_msgs/cmake/ev_msgsConfig-version.cmake
-- Installing: /home/kimsohee/ev-1-5/ev-Autonomous-Vehicle-1-5/install/ev_msgs/share/ev_msgs/package.xml
