[0.021s] Invoking command in '/home/aiv/ev_ws/perception/build/cluster_splitter': CMAKE_PREFIX_PATH=${CMAKE_PREFIX_PATH}:/opt/ros/humble /usr/bin/cmake --build /home/aiv/ev_ws/perception/build/cluster_splitter -- -j28 -l28
[0.054s] [35m[1mConsolidate compiler generated dependencies of target cluster_splitter_component[0m
[0.056s] [35m[1mConsolidate compiler generated dependencies of target cluster_splitter_node[0m
[0.067s] [ 50%] Built target cluster_splitter_node
[0.067s] [100%] Built target cluster_splitter_component
[0.086s] Invoked command in '/home/aiv/ev_ws/perception/build/cluster_splitter' returned '0': CMAKE_PREFIX_PATH=${CMAKE_PREFIX_PATH}:/opt/ros/humble /usr/bin/cmake --build /home/aiv/ev_ws/perception/build/cluster_splitter -- -j28 -l28
[0.087s] Invoking command in '/home/aiv/ev_ws/perception/build/cluster_splitter': CMAKE_PREFIX_PATH=${CMAKE_PREFIX_PATH}:/opt/ros/humble /usr/bin/cmake --install /home/aiv/ev_ws/perception/build/cluster_splitter
[0.094s] -- Install configuration: ""
[0.095s] -- Execute custom install script
[0.095s] -- Up-to-date symlink: /home/aiv/ev_ws/perception/install/cluster_splitter/lib/cluster_splitter/cluster_splitter_node
[0.095s] -- Up-to-date symlink: /home/aiv/ev_ws/perception/install/cluster_splitter/lib/libcluster_splitter_component.so
[0.095s] -- Up-to-date symlink: /home/aiv/ev_ws/perception/install/cluster_splitter/include/cluster_splitter/cluster_splitter_node.hpp
[0.095s] -- Up-to-date symlink: /home/aiv/ev_ws/perception/install/cluster_splitter/share/cluster_splitter/config/cluster_splitter_params.yaml
[0.095s] -- Up-to-date symlink: /home/aiv/ev_ws/perception/install/cluster_splitter/share/cluster_splitter/launch/cluster_splitter.launch.py
[0.095s] -- Up-to-date symlink: /home/aiv/ev_ws/perception/install/cluster_splitter/share/ament_index/resource_index/package_run_dependencies/cluster_splitter
[0.095s] -- Up-to-date symlink: /home/aiv/ev_ws/perception/install/cluster_splitter/share/ament_index/resource_index/parent_prefix_path/cluster_splitter
[0.095s] -- Up-to-date symlink: /home/aiv/ev_ws/perception/install/cluster_splitter/share/cluster_splitter/environment/ament_prefix_path.sh
[0.095s] -- Up-to-date symlink: /home/aiv/ev_ws/perception/install/cluster_splitter/share/cluster_splitter/environment/ament_prefix_path.dsv
[0.095s] -- Up-to-date symlink: /home/aiv/ev_ws/perception/install/cluster_splitter/share/cluster_splitter/environment/path.sh
[0.095s] -- Up-to-date symlink: /home/aiv/ev_ws/perception/install/cluster_splitter/share/cluster_splitter/environment/path.dsv
[0.095s] -- Up-to-date symlink: /home/aiv/ev_ws/perception/install/cluster_splitter/share/cluster_splitter/local_setup.bash
[0.095s] -- Up-to-date symlink: /home/aiv/ev_ws/perception/install/cluster_splitter/share/cluster_splitter/local_setup.sh
[0.095s] -- Up-to-date symlink: /home/aiv/ev_ws/perception/install/cluster_splitter/share/cluster_splitter/local_setup.zsh
[0.095s] -- Up-to-date symlink: /home/aiv/ev_ws/perception/install/cluster_splitter/share/cluster_splitter/local_setup.dsv
[0.095s] -- Symlinking: /home/aiv/ev_ws/perception/install/cluster_splitter/share/cluster_splitter/package.dsv
[0.101s] -- Up-to-date symlink: /home/aiv/ev_ws/perception/install/cluster_splitter/share/ament_index/resource_index/packages/cluster_splitter
[0.101s] -- Up-to-date symlink: /home/aiv/ev_ws/perception/install/cluster_splitter/share/ament_index/resource_index/rclcpp_components/cluster_splitter
[0.104s] -- Up-to-date symlink: /home/aiv/ev_ws/perception/install/cluster_splitter/share/cluster_splitter/cmake/cluster_splitterConfig.cmake
[0.104s] -- Up-to-date symlink: /home/aiv/ev_ws/perception/install/cluster_splitter/share/cluster_splitter/cmake/cluster_splitterConfig-version.cmake
[0.104s] -- Up-to-date symlink: /home/aiv/ev_ws/perception/install/cluster_splitter/share/cluster_splitter/package.xml
[0.125s] Invoked command in '/home/aiv/ev_ws/perception/build/cluster_splitter' returned '0': CMAKE_PREFIX_PATH=${CMAKE_PREFIX_PATH}:/opt/ros/humble /usr/bin/cmake --install /home/aiv/ev_ws/perception/build/cluster_splitter
