[0.006s] Invoking command in '/home/aiv/ev_ws/planning/build/track_msgs': CMAKE_PREFIX_PATH=${CMAKE_PREFIX_PATH}:/opt/ros/humble /usr/bin/cmake --build /home/aiv/ev_ws/planning/build/track_msgs -- -j28 -l28
[0.029s] -- Found ament_cmake: 1.3.12 (/opt/ros/humble/share/ament_cmake/cmake)
[0.092s] -- Found rosidl_default_generators: 1.2.0 (/opt/ros/humble/share/rosidl_default_generators/cmake)
[0.094s] -- Using all available rosidl_typesupport_c: rosidl_typesupport_fastrtps_c;rosidl_typesupport_introspection_c
[0.095s] -- Found rosidl_adapter: 3.1.8 (/opt/ros/humble/share/rosidl_adapter/cmake)
[0.109s] -- Using all available rosidl_typesupport_cpp: rosidl_typesupport_fastrtps_cpp;rosidl_typesupport_introspection_cpp
[0.121s] -- Found geometry_msgs: 4.9.0 (/opt/ros/humble/share/geometry_msgs/cmake)
[0.305s] -- Found ament_cmake_ros: 0.10.0 (/opt/ros/humble/share/ament_cmake_ros/cmake)
[0.436s] -- Using all available rosidl_typesupport_c: rosidl_typesupport_fastrtps_c;rosidl_typesupport_introspection_c
[0.613s] -- Using all available rosidl_typesupport_cpp: rosidl_typesupport_fastrtps_cpp;rosidl_typesupport_introspection_cpp
[0.625s] -- Found python_cmake_module: 0.10.0 (/opt/ros/humble/share/python_cmake_module/cmake)
[0.638s] -- Using PYTHON_EXECUTABLE: /usr/bin/python3
[0.638s] -- Using PYTHON_INCLUDE_DIRS: /usr/include/python3.10
[0.638s] -- Using PYTHON_LIBRARIES: /usr/lib/x86_64-linux-gnu/libpython3.10.so
[0.660s] -- Found ament_lint_auto: 0.12.14 (/opt/ros/humble/share/ament_lint_auto/cmake)
[0.665s] -- Added test 'lint_cmake' to check CMake code style
[0.665s] -- Added test 'xmllint' to check XML markup files
[0.666s] -- Configuring done
[0.685s] -- Generating done
[0.691s] -- Build files have been written to: /home/aiv/ev_ws/planning/build/track_msgs
[0.709s] [  1%] Generating C code for ROS interfaces
[0.716s] [  2%] Generating C++ code for ROS interfaces
[0.722s] [  2%] Built target ament_cmake_python_copy_track_msgs
[0.839s] running egg_info
[0.839s] writing track_msgs.egg-info/PKG-INFO
[0.839s] writing dependency_links to track_msgs.egg-info/dependency_links.txt
[0.839s] writing top-level names to track_msgs.egg-info/top_level.txt
[0.841s] reading manifest file 'track_msgs.egg-info/SOURCES.txt'
[0.841s] writing manifest file 'track_msgs.egg-info/SOURCES.txt'
[0.857s] [  2%] Built target ament_cmake_python_build_track_msgs_egg
[1.269s] [  2%] Built target track_msgs__cpp
[1.275s] Consolidate compiler generated dependencies of target track_msgs__rosidl_generator_c
[1.277s] [  4%] Generating C++ introspection for ROS interfaces
[1.277s] [  4%] Generating C++ type support for eProsima Fast-RTPS
[1.277s] [  5%] Generating C++ type support dispatch for ROS interfaces
[1.283s] [ 10%] Building C object CMakeFiles/track_msgs__rosidl_generator_c.dir/rosidl_generator_c/track_msgs/msg/detail/planner_status__functions.c.o
[1.283s] [ 10%] Building C object CMakeFiles/track_msgs__rosidl_generator_c.dir/rosidl_generator_c/track_msgs/msg/detail/obstacle__functions.c.o
[1.283s] [ 10%] Building C object CMakeFiles/track_msgs__rosidl_generator_c.dir/rosidl_generator_c/track_msgs/msg/detail/cone__functions.c.o
[1.283s] [ 10%] Building C object CMakeFiles/track_msgs__rosidl_generator_c.dir/rosidl_generator_c/track_msgs/msg/detail/cone_array__functions.c.o
[1.284s] [ 11%] Building C object CMakeFiles/track_msgs__rosidl_generator_c.dir/rosidl_generator_c/track_msgs/msg/detail/system_state__functions.c.o
[1.284s] [ 12%] Building C object CMakeFiles/track_msgs__rosidl_generator_c.dir/rosidl_generator_c/track_msgs/msg/detail/lane_boundary_array__functions.c.o
[1.284s] [ 13%] Building C object CMakeFiles/track_msgs__rosidl_generator_c.dir/rosidl_generator_c/track_msgs/msg/detail/lane_boundary__functions.c.o
[1.285s] [ 14%] Building C object CMakeFiles/track_msgs__rosidl_generator_c.dir/rosidl_generator_c/track_msgs/msg/detail/obstacle_array__functions.c.o
[1.337s] [ 16%] Linking C shared library libtrack_msgs__rosidl_generator_c.so
[1.363s] [ 16%] Built target track_msgs__rosidl_generator_c
[1.370s] [ 17%] Generating C type support dispatch for ROS interfaces
[1.371s] [ 18%] Generating C type support for eProsima Fast-RTPS
[1.372s] [ 19%] Generating C introspection for ROS interfaces
[1.771s] Consolidate compiler generated dependencies of target track_msgs__rosidl_typesupport_cpp
[1.784s] [ 22%] Building CXX object CMakeFiles/track_msgs__rosidl_typesupport_cpp.dir/rosidl_typesupport_cpp/track_msgs/msg/lane_boundary_array__type_support.cpp.o
[1.784s] [ 22%] Building CXX object CMakeFiles/track_msgs__rosidl_typesupport_cpp.dir/rosidl_typesupport_cpp/track_msgs/msg/cone_array__type_support.cpp.o
[1.784s] [ 22%] Building CXX object CMakeFiles/track_msgs__rosidl_typesupport_cpp.dir/rosidl_typesupport_cpp/track_msgs/msg/planner_status__type_support.cpp.o
[1.784s] [ 24%] Building CXX object CMakeFiles/track_msgs__rosidl_typesupport_cpp.dir/rosidl_typesupport_cpp/track_msgs/msg/obstacle__type_support.cpp.o
[1.785s] [ 25%] Building CXX object CMakeFiles/track_msgs__rosidl_typesupport_cpp.dir/rosidl_typesupport_cpp/track_msgs/msg/obstacle_array__type_support.cpp.o
[1.785s] [ 26%] Building CXX object CMakeFiles/track_msgs__rosidl_typesupport_cpp.dir/rosidl_typesupport_cpp/track_msgs/msg/system_state__type_support.cpp.o
[1.786s] [ 27%] Building CXX object CMakeFiles/track_msgs__rosidl_typesupport_cpp.dir/rosidl_typesupport_cpp/track_msgs/msg/cone__type_support.cpp.o
[1.786s] [ 28%] Building CXX object CMakeFiles/track_msgs__rosidl_typesupport_cpp.dir/rosidl_typesupport_cpp/track_msgs/msg/lane_boundary__type_support.cpp.o
[1.802s] Consolidate compiler generated dependencies of target track_msgs__rosidl_typesupport_introspection_cpp
[1.816s] [ 33%] Building CXX object CMakeFiles/track_msgs__rosidl_typesupport_introspection_cpp.dir/rosidl_typesupport_introspection_cpp/track_msgs/msg/detail/lane_boundary_array__type_support.cpp.o
[1.816s] [ 33%] Building CXX object CMakeFiles/track_msgs__rosidl_typesupport_introspection_cpp.dir/rosidl_typesupport_introspection_cpp/track_msgs/msg/detail/cone__type_support.cpp.o
[1.816s] [ 33%] Building CXX object CMakeFiles/track_msgs__rosidl_typesupport_introspection_cpp.dir/rosidl_typesupport_introspection_cpp/track_msgs/msg/detail/lane_boundary__type_support.cpp.o
[1.816s] [ 33%] Building CXX object CMakeFiles/track_msgs__rosidl_typesupport_introspection_cpp.dir/rosidl_typesupport_introspection_cpp/track_msgs/msg/detail/cone_array__type_support.cpp.o
[1.816s] [ 36%] Building CXX object CMakeFiles/track_msgs__rosidl_typesupport_introspection_cpp.dir/rosidl_typesupport_introspection_cpp/track_msgs/msg/detail/obstacle__type_support.cpp.o
[1.816s] [ 36%] Building CXX object CMakeFiles/track_msgs__rosidl_typesupport_introspection_cpp.dir/rosidl_typesupport_introspection_cpp/track_msgs/msg/detail/planner_status__type_support.cpp.o
[1.816s] [ 35%] Building CXX object CMakeFiles/track_msgs__rosidl_typesupport_introspection_cpp.dir/rosidl_typesupport_introspection_cpp/track_msgs/msg/detail/obstacle_array__type_support.cpp.o
[1.816s] [ 37%] Building CXX object CMakeFiles/track_msgs__rosidl_typesupport_introspection_cpp.dir/rosidl_typesupport_introspection_cpp/track_msgs/msg/detail/system_state__type_support.cpp.o
[1.841s] Consolidate compiler generated dependencies of target track_msgs__rosidl_typesupport_fastrtps_cpp
[1.856s] [ 41%] Building CXX object CMakeFiles/track_msgs__rosidl_typesupport_fastrtps_cpp.dir/rosidl_typesupport_fastrtps_cpp/track_msgs/msg/detail/dds_fastrtps/lane_boundary_array__type_support.cpp.o
[1.856s] [ 41%] Building CXX object CMakeFiles/track_msgs__rosidl_typesupport_fastrtps_cpp.dir/rosidl_typesupport_fastrtps_cpp/track_msgs/msg/detail/dds_fastrtps/cone__type_support.cpp.o
[1.856s] [ 42%] Building CXX object CMakeFiles/track_msgs__rosidl_typesupport_fastrtps_cpp.dir/rosidl_typesupport_fastrtps_cpp/track_msgs/msg/detail/dds_fastrtps/cone_array__type_support.cpp.o
[1.856s] [ 43%] Building CXX object CMakeFiles/track_msgs__rosidl_typesupport_fastrtps_cpp.dir/rosidl_typesupport_fastrtps_cpp/track_msgs/msg/detail/dds_fastrtps/obstacle__type_support.cpp.o
[1.856s] [ 44%] Building CXX object CMakeFiles/track_msgs__rosidl_typesupport_fastrtps_cpp.dir/rosidl_typesupport_fastrtps_cpp/track_msgs/msg/detail/dds_fastrtps/obstacle_array__type_support.cpp.o
[1.856s] [ 44%] Building CXX object CMakeFiles/track_msgs__rosidl_typesupport_fastrtps_cpp.dir/rosidl_typesupport_fastrtps_cpp/track_msgs/msg/detail/dds_fastrtps/lane_boundary__type_support.cpp.o
[1.856s] [ 45%] Building CXX object CMakeFiles/track_msgs__rosidl_typesupport_fastrtps_cpp.dir/rosidl_typesupport_fastrtps_cpp/track_msgs/msg/detail/dds_fastrtps/system_state__type_support.cpp.o
[1.857s] Consolidate compiler generated dependencies of target track_msgs__rosidl_typesupport_c
[1.858s] [ 47%] Building CXX object CMakeFiles/track_msgs__rosidl_typesupport_fastrtps_cpp.dir/rosidl_typesupport_fastrtps_cpp/track_msgs/msg/detail/dds_fastrtps/planner_status__type_support.cpp.o
[1.868s] [ 49%] Building CXX object CMakeFiles/track_msgs__rosidl_typesupport_c.dir/rosidl_typesupport_c/track_msgs/msg/lane_boundary_array__type_support.cpp.o
[1.868s] [ 49%] Building CXX object CMakeFiles/track_msgs__rosidl_typesupport_c.dir/rosidl_typesupport_c/track_msgs/msg/lane_boundary__type_support.cpp.o
[1.904s] [ 50%] Building CXX object CMakeFiles/track_msgs__rosidl_typesupport_c.dir/rosidl_typesupport_c/track_msgs/msg/cone__type_support.cpp.o
[1.912s] [ 51%] Building CXX object CMakeFiles/track_msgs__rosidl_typesupport_c.dir/rosidl_typesupport_c/track_msgs/msg/cone_array__type_support.cpp.o
[1.937s] [ 52%] Building CXX object CMakeFiles/track_msgs__rosidl_typesupport_c.dir/rosidl_typesupport_c/track_msgs/msg/obstacle__type_support.cpp.o
[1.955s] [ 54%] Building CXX object CMakeFiles/track_msgs__rosidl_typesupport_c.dir/rosidl_typesupport_c/track_msgs/msg/obstacle_array__type_support.cpp.o
[1.981s] [ 55%] Building CXX object CMakeFiles/track_msgs__rosidl_typesupport_c.dir/rosidl_typesupport_c/track_msgs/msg/planner_status__type_support.cpp.o
[1.995s] [ 56%] Building CXX object CMakeFiles/track_msgs__rosidl_typesupport_c.dir/rosidl_typesupport_c/track_msgs/msg/system_state__type_support.cpp.o
[2.026s] [ 57%] Linking CXX shared library libtrack_msgs__rosidl_typesupport_c.so
[2.040s] Consolidate compiler generated dependencies of target track_msgs__rosidl_typesupport_introspection_c
[2.043s] [ 58%] Linking CXX shared library libtrack_msgs__rosidl_typesupport_cpp.so
[2.049s] Consolidate compiler generated dependencies of target track_msgs__rosidl_typesupport_fastrtps_c
[2.053s] [ 62%] Building C object CMakeFiles/track_msgs__rosidl_typesupport_introspection_c.dir/rosidl_typesupport_introspection_c/track_msgs/msg/detail/cone__type_support.c.o
[2.053s] [ 62%] Building C object CMakeFiles/track_msgs__rosidl_typesupport_introspection_c.dir/rosidl_typesupport_introspection_c/track_msgs/msg/detail/lane_boundary__type_support.c.o
[2.054s] [ 62%] Building C object CMakeFiles/track_msgs__rosidl_typesupport_introspection_c.dir/rosidl_typesupport_introspection_c/track_msgs/msg/detail/lane_boundary_array__type_support.c.o
[2.054s] [ 63%] Building C object CMakeFiles/track_msgs__rosidl_typesupport_introspection_c.dir/rosidl_typesupport_introspection_c/track_msgs/msg/detail/obstacle_array__type_support.c.o
[2.054s] [ 64%] Building C object CMakeFiles/track_msgs__rosidl_typesupport_introspection_c.dir/rosidl_typesupport_introspection_c/track_msgs/msg/detail/obstacle__type_support.c.o
[2.060s] [ 65%] Building C object CMakeFiles/track_msgs__rosidl_typesupport_introspection_c.dir/rosidl_typesupport_introspection_c/track_msgs/msg/detail/cone_array__type_support.c.o
[2.060s] [ 66%] Building C object CMakeFiles/track_msgs__rosidl_typesupport_introspection_c.dir/rosidl_typesupport_introspection_c/track_msgs/msg/detail/system_state__type_support.c.o
[2.060s] [ 67%] Building C object CMakeFiles/track_msgs__rosidl_typesupport_introspection_c.dir/rosidl_typesupport_introspection_c/track_msgs/msg/detail/planner_status__type_support.c.o
[2.068s] [ 68%] Building CXX object CMakeFiles/track_msgs__rosidl_typesupport_fastrtps_c.dir/rosidl_typesupport_fastrtps_c/track_msgs/msg/detail/lane_boundary__type_support_c.cpp.o
[2.068s] [ 70%] Building CXX object CMakeFiles/track_msgs__rosidl_typesupport_fastrtps_c.dir/rosidl_typesupport_fastrtps_c/track_msgs/msg/detail/lane_boundary_array__type_support_c.cpp.o
[2.070s] [ 70%] Built target track_msgs__rosidl_typesupport_c
[2.094s] [ 71%] Building CXX object CMakeFiles/track_msgs__rosidl_typesupport_fastrtps_c.dir/rosidl_typesupport_fastrtps_c/track_msgs/msg/detail/cone__type_support_c.cpp.o
[2.096s] [ 72%] Building CXX object CMakeFiles/track_msgs__rosidl_typesupport_fastrtps_c.dir/rosidl_typesupport_fastrtps_c/track_msgs/msg/detail/cone_array__type_support_c.cpp.o
[2.099s] [ 73%] Building CXX object CMakeFiles/track_msgs__rosidl_typesupport_fastrtps_c.dir/rosidl_typesupport_fastrtps_c/track_msgs/msg/detail/obstacle_array__type_support_c.cpp.o
[2.099s] [ 74%] Building CXX object CMakeFiles/track_msgs__rosidl_typesupport_fastrtps_c.dir/rosidl_typesupport_fastrtps_c/track_msgs/msg/detail/obstacle__type_support_c.cpp.o
[2.100s] [ 74%] Built target track_msgs__rosidl_typesupport_cpp
[2.106s] [ 77%] Building CXX object CMakeFiles/track_msgs__rosidl_typesupport_fastrtps_c.dir/rosidl_typesupport_fastrtps_c/track_msgs/msg/detail/planner_status__type_support_c.cpp.o
[2.106s] [ 77%] Building CXX object CMakeFiles/track_msgs__rosidl_typesupport_fastrtps_c.dir/rosidl_typesupport_fastrtps_c/track_msgs/msg/detail/system_state__type_support_c.cpp.o
[2.113s] [ 78%] Linking C shared library libtrack_msgs__rosidl_typesupport_introspection_c.so
[2.157s] [ 78%] Built target track_msgs__rosidl_typesupport_introspection_c
[2.250s] [ 79%] Linking CXX shared library libtrack_msgs__rosidl_typesupport_introspection_cpp.so
[2.254s] [ 80%] Linking CXX shared library libtrack_msgs__rosidl_typesupport_fastrtps_cpp.so
[2.302s] [ 80%] Built target track_msgs__rosidl_typesupport_introspection_cpp
[2.308s] [ 80%] Built target track_msgs__rosidl_typesupport_fastrtps_cpp
[2.362s] [ 81%] Linking CXX shared library libtrack_msgs__rosidl_typesupport_fastrtps_c.so
[2.405s] [ 81%] Built target track_msgs__rosidl_typesupport_fastrtps_c
[2.419s] [ 81%] Built target track_msgs
[2.434s] [ 82%] Generating Python code for ROS interfaces
[3.368s] [ 82%] Built target track_msgs__py
[3.377s] Consolidate compiler generated dependencies of target track_msgs__rosidl_generator_py
[3.385s] [ 83%] Building C object CMakeFiles/track_msgs__rosidl_generator_py.dir/rosidl_generator_py/track_msgs/msg/_planner_status_s.c.o
[3.385s] [ 85%] Building C object CMakeFiles/track_msgs__rosidl_generator_py.dir/rosidl_generator_py/track_msgs/msg/_system_state_s.c.o
[3.386s] [ 86%] Building C object CMakeFiles/track_msgs__rosidl_generator_py.dir/rosidl_generator_py/track_msgs/msg/_lane_boundary_s.c.o
[3.386s] [ 87%] Building C object CMakeFiles/track_msgs__rosidl_generator_py.dir/rosidl_generator_py/track_msgs/msg/_lane_boundary_array_s.c.o
[3.386s] [ 89%] Building C object CMakeFiles/track_msgs__rosidl_generator_py.dir/rosidl_generator_py/track_msgs/msg/_cone_array_s.c.o
[3.386s] [ 88%] Building C object CMakeFiles/track_msgs__rosidl_generator_py.dir/rosidl_generator_py/track_msgs/msg/_cone_s.c.o
[3.387s] [ 90%] Building C object CMakeFiles/track_msgs__rosidl_generator_py.dir/rosidl_generator_py/track_msgs/msg/_obstacle_s.c.o
[3.387s] [ 91%] Building C object CMakeFiles/track_msgs__rosidl_generator_py.dir/rosidl_generator_py/track_msgs/msg/_obstacle_array_s.c.o
[3.461s] [ 93%] Linking C shared library rosidl_generator_py/track_msgs/libtrack_msgs__rosidl_generator_py.so
[3.490s] [ 93%] Built target track_msgs__rosidl_generator_py
[3.499s] Consolidate compiler generated dependencies of target track_msgs__rosidl_typesupport_fastrtps_c__pyext
[3.499s] Consolidate compiler generated dependencies of target track_msgs__rosidl_typesupport_introspection_c__pyext
[3.499s] Consolidate compiler generated dependencies of target track_msgs__rosidl_typesupport_c__pyext
[3.506s] [ 94%] Building C object CMakeFiles/track_msgs__rosidl_typesupport_introspection_c__pyext.dir/rosidl_generator_py/track_msgs/_track_msgs_s.ep.rosidl_typesupport_introspection_c.c.o
[3.508s] [ 95%] Building C object CMakeFiles/track_msgs__rosidl_typesupport_c__pyext.dir/rosidl_generator_py/track_msgs/_track_msgs_s.ep.rosidl_typesupport_c.c.o
[3.508s] [ 96%] Building C object CMakeFiles/track_msgs__rosidl_typesupport_fastrtps_c__pyext.dir/rosidl_generator_py/track_msgs/_track_msgs_s.ep.rosidl_typesupport_fastrtps_c.c.o
[3.573s] [ 97%] Linking C shared library rosidl_generator_py/track_msgs/track_msgs_s__rosidl_typesupport_c.cpython-310-x86_64-linux-gnu.so
[3.573s] [ 98%] Linking C shared library rosidl_generator_py/track_msgs/track_msgs_s__rosidl_typesupport_fastrtps_c.cpython-310-x86_64-linux-gnu.so
[3.574s] [100%] Linking C shared library rosidl_generator_py/track_msgs/track_msgs_s__rosidl_typesupport_introspection_c.cpython-310-x86_64-linux-gnu.so
[3.598s] [100%] Built target track_msgs__rosidl_typesupport_fastrtps_c__pyext
[3.602s] [100%] Built target track_msgs__rosidl_typesupport_introspection_c__pyext
[3.603s] [100%] Built target track_msgs__rosidl_typesupport_c__pyext
[3.611s] Invoked command in '/home/aiv/ev_ws/planning/build/track_msgs' returned '0': CMAKE_PREFIX_PATH=${CMAKE_PREFIX_PATH}:/opt/ros/humble /usr/bin/cmake --build /home/aiv/ev_ws/planning/build/track_msgs -- -j28 -l28
[3.618s] Invoking command in '/home/aiv/ev_ws/planning/build/track_msgs': CMAKE_PREFIX_PATH=${CMAKE_PREFIX_PATH}:/opt/ros/humble /usr/bin/cmake --install /home/aiv/ev_ws/planning/build/track_msgs
[3.622s] -- Install configuration: ""
[3.622s] -- Up-to-date: /home/aiv/ev_ws/planning/install/track_msgs/share/ament_index/resource_index/rosidl_interfaces/track_msgs
[3.622s] -- Up-to-date: /home/aiv/ev_ws/planning/install/track_msgs/include/track_msgs/track_msgs
[3.622s] -- Up-to-date: /home/aiv/ev_ws/planning/install/track_msgs/include/track_msgs/track_msgs/msg
[3.622s] -- Installing: /home/aiv/ev_ws/planning/install/track_msgs/include/track_msgs/track_msgs/msg/lane_boundary.h
[3.622s] -- Up-to-date: /home/aiv/ev_ws/planning/install/track_msgs/include/track_msgs/track_msgs/msg/rosidl_generator_c__visibility_control.h
[3.623s] -- Installing: /home/aiv/ev_ws/planning/install/track_msgs/include/track_msgs/track_msgs/msg/system_state.h
[3.623s] -- Installing: /home/aiv/ev_ws/planning/install/track_msgs/include/track_msgs/track_msgs/msg/obstacle_array.h
[3.623s] -- Installing: /home/aiv/ev_ws/planning/install/track_msgs/include/track_msgs/track_msgs/msg/cone.h
[3.623s] -- Installing: /home/aiv/ev_ws/planning/install/track_msgs/include/track_msgs/track_msgs/msg/lane_boundary_array.h
[3.623s] -- Installing: /home/aiv/ev_ws/planning/install/track_msgs/include/track_msgs/track_msgs/msg/cone_array.h
[3.623s] -- Up-to-date: /home/aiv/ev_ws/planning/install/track_msgs/include/track_msgs/track_msgs/msg/detail
[3.623s] -- Installing: /home/aiv/ev_ws/planning/install/track_msgs/include/track_msgs/track_msgs/msg/detail/obstacle_array__functions.h
[3.623s] -- Installing: /home/aiv/ev_ws/planning/install/track_msgs/include/track_msgs/track_msgs/msg/detail/obstacle__struct.h
[3.623s] -- Installing: /home/aiv/ev_ws/planning/install/track_msgs/include/track_msgs/track_msgs/msg/detail/obstacle_array__functions.c
[3.623s] -- Installing: /home/aiv/ev_ws/planning/install/track_msgs/include/track_msgs/track_msgs/msg/detail/cone__functions.c
[3.623s] -- Installing: /home/aiv/ev_ws/planning/install/track_msgs/include/track_msgs/track_msgs/msg/detail/obstacle__functions.c
[3.623s] -- Installing: /home/aiv/ev_ws/planning/install/track_msgs/include/track_msgs/track_msgs/msg/detail/obstacle_array__type_support.h
[3.623s] -- Installing: /home/aiv/ev_ws/planning/install/track_msgs/include/track_msgs/track_msgs/msg/detail/obstacle__functions.h
[3.623s] -- Installing: /home/aiv/ev_ws/planning/install/track_msgs/include/track_msgs/track_msgs/msg/detail/lane_boundary__functions.h
[3.623s] -- Installing: /home/aiv/ev_ws/planning/install/track_msgs/include/track_msgs/track_msgs/msg/detail/cone_array__struct.h
[3.623s] -- Installing: /home/aiv/ev_ws/planning/install/track_msgs/include/track_msgs/track_msgs/msg/detail/cone_array__functions.h
[3.623s] -- Installing: /home/aiv/ev_ws/planning/install/track_msgs/include/track_msgs/track_msgs/msg/detail/cone_array__functions.c
[3.623s] -- Installing: /home/aiv/ev_ws/planning/install/track_msgs/include/track_msgs/track_msgs/msg/detail/lane_boundary__functions.c
[3.623s] -- Installing: /home/aiv/ev_ws/planning/install/track_msgs/include/track_msgs/track_msgs/msg/detail/planner_status__functions.h
[3.623s] -- Installing: /home/aiv/ev_ws/planning/install/track_msgs/include/track_msgs/track_msgs/msg/detail/lane_boundary_array__struct.h
[3.623s] -- Installing: /home/aiv/ev_ws/planning/install/track_msgs/include/track_msgs/track_msgs/msg/detail/obstacle__type_support.h
[3.623s] -- Installing: /home/aiv/ev_ws/planning/install/track_msgs/include/track_msgs/track_msgs/msg/detail/planner_status__struct.h
[3.623s] -- Installing: /home/aiv/ev_ws/planning/install/track_msgs/include/track_msgs/track_msgs/msg/detail/lane_boundary__struct.h
[3.623s] -- Installing: /home/aiv/ev_ws/planning/install/track_msgs/include/track_msgs/track_msgs/msg/detail/obstacle_array__struct.h
[3.623s] -- Installing: /home/aiv/ev_ws/planning/install/track_msgs/include/track_msgs/track_msgs/msg/detail/lane_boundary_array__functions.c
[3.623s] -- Installing: /home/aiv/ev_ws/planning/install/track_msgs/include/track_msgs/track_msgs/msg/detail/system_state__type_support.h
[3.623s] -- Installing: /home/aiv/ev_ws/planning/install/track_msgs/include/track_msgs/track_msgs/msg/detail/cone__type_support.h
[3.623s] -- Installing: /home/aiv/ev_ws/planning/install/track_msgs/include/track_msgs/track_msgs/msg/detail/lane_boundary_array__functions.h
[3.624s] -- Installing: /home/aiv/ev_ws/planning/install/track_msgs/include/track_msgs/track_msgs/msg/detail/cone__functions.h
[3.624s] -- Installing: /home/aiv/ev_ws/planning/install/track_msgs/include/track_msgs/track_msgs/msg/detail/system_state__functions.h
[3.624s] -- Installing: /home/aiv/ev_ws/planning/install/track_msgs/include/track_msgs/track_msgs/msg/detail/system_state__functions.c
[3.624s] -- Installing: /home/aiv/ev_ws/planning/install/track_msgs/include/track_msgs/track_msgs/msg/detail/planner_status__type_support.h
[3.624s] -- Installing: /home/aiv/ev_ws/planning/install/track_msgs/include/track_msgs/track_msgs/msg/detail/planner_status__functions.c
[3.624s] -- Installing: /home/aiv/ev_ws/planning/install/track_msgs/include/track_msgs/track_msgs/msg/detail/lane_boundary_array__type_support.h
[3.624s] -- Installing: /home/aiv/ev_ws/planning/install/track_msgs/include/track_msgs/track_msgs/msg/detail/cone__struct.h
[3.624s] -- Installing: /home/aiv/ev_ws/planning/install/track_msgs/include/track_msgs/track_msgs/msg/detail/cone_array__type_support.h
[3.624s] -- Installing: /home/aiv/ev_ws/planning/install/track_msgs/include/track_msgs/track_msgs/msg/detail/system_state__struct.h
[3.624s] -- Installing: /home/aiv/ev_ws/planning/install/track_msgs/include/track_msgs/track_msgs/msg/detail/lane_boundary__type_support.h
[3.624s] -- Installing: /home/aiv/ev_ws/planning/install/track_msgs/include/track_msgs/track_msgs/msg/obstacle.h
[3.624s] -- Installing: /home/aiv/ev_ws/planning/install/track_msgs/include/track_msgs/track_msgs/msg/planner_status.h
[3.624s] -- Up-to-date: /home/aiv/ev_ws/planning/install/track_msgs/share/track_msgs/environment/library_path.sh
[3.624s] -- Installing: /home/aiv/ev_ws/planning/install/track_msgs/share/track_msgs/environment/library_path.dsv
[3.624s] -- Installing: /home/aiv/ev_ws/planning/install/track_msgs/lib/libtrack_msgs__rosidl_generator_c.so
[3.624s] -- Set runtime path of "/home/aiv/ev_ws/planning/install/track_msgs/lib/libtrack_msgs__rosidl_generator_c.so" to ""
[3.624s] -- Up-to-date: /home/aiv/ev_ws/planning/install/track_msgs/include/track_msgs/track_msgs
[3.624s] -- Up-to-date: /home/aiv/ev_ws/planning/install/track_msgs/include/track_msgs/track_msgs/msg
[3.624s] -- Up-to-date: /home/aiv/ev_ws/planning/install/track_msgs/include/track_msgs/track_msgs/msg/rosidl_typesupport_fastrtps_c__visibility_control.h
[3.624s] -- Up-to-date: /home/aiv/ev_ws/planning/install/track_msgs/include/track_msgs/track_msgs/msg/detail
[3.624s] -- Installing: /home/aiv/ev_ws/planning/install/track_msgs/include/track_msgs/track_msgs/msg/detail/obstacle_array__rosidl_typesupport_fastrtps_c.h
[3.624s] -- Installing: /home/aiv/ev_ws/planning/install/track_msgs/include/track_msgs/track_msgs/msg/detail/system_state__rosidl_typesupport_fastrtps_c.h
[3.625s] -- Installing: /home/aiv/ev_ws/planning/install/track_msgs/include/track_msgs/track_msgs/msg/detail/lane_boundary__rosidl_typesupport_fastrtps_c.h
[3.625s] -- Installing: /home/aiv/ev_ws/planning/install/track_msgs/include/track_msgs/track_msgs/msg/detail/cone__rosidl_typesupport_fastrtps_c.h
[3.625s] -- Installing: /home/aiv/ev_ws/planning/install/track_msgs/include/track_msgs/track_msgs/msg/detail/planner_status__rosidl_typesupport_fastrtps_c.h
[3.625s] -- Installing: /home/aiv/ev_ws/planning/install/track_msgs/include/track_msgs/track_msgs/msg/detail/obstacle__rosidl_typesupport_fastrtps_c.h
[3.625s] -- Installing: /home/aiv/ev_ws/planning/install/track_msgs/include/track_msgs/track_msgs/msg/detail/cone_array__rosidl_typesupport_fastrtps_c.h
[3.625s] -- Installing: /home/aiv/ev_ws/planning/install/track_msgs/include/track_msgs/track_msgs/msg/detail/lane_boundary_array__rosidl_typesupport_fastrtps_c.h
[3.625s] -- Installing: /home/aiv/ev_ws/planning/install/track_msgs/lib/libtrack_msgs__rosidl_typesupport_fastrtps_c.so
[3.625s] -- Set runtime path of "/home/aiv/ev_ws/planning/install/track_msgs/lib/libtrack_msgs__rosidl_typesupport_fastrtps_c.so" to ""
[3.625s] -- Up-to-date: /home/aiv/ev_ws/planning/install/track_msgs/include/track_msgs/track_msgs
[3.625s] -- Up-to-date: /home/aiv/ev_ws/planning/install/track_msgs/include/track_msgs/track_msgs/msg
[3.625s] -- Up-to-date: /home/aiv/ev_ws/planning/install/track_msgs/include/track_msgs/track_msgs/msg/detail
[3.625s] -- Installing: /home/aiv/ev_ws/planning/install/track_msgs/include/track_msgs/track_msgs/msg/detail/system_state__rosidl_typesupport_introspection_c.h
[3.625s] -- Installing: /home/aiv/ev_ws/planning/install/track_msgs/include/track_msgs/track_msgs/msg/detail/obstacle_array__rosidl_typesupport_introspection_c.h
[3.625s] -- Installing: /home/aiv/ev_ws/planning/install/track_msgs/include/track_msgs/track_msgs/msg/detail/lane_boundary_array__type_support.c
[3.625s] -- Installing: /home/aiv/ev_ws/planning/install/track_msgs/include/track_msgs/track_msgs/msg/detail/cone_array__rosidl_typesupport_introspection_c.h
[3.625s] -- Installing: /home/aiv/ev_ws/planning/install/track_msgs/include/track_msgs/track_msgs/msg/detail/obstacle__type_support.c
[3.625s] -- Installing: /home/aiv/ev_ws/planning/install/track_msgs/include/track_msgs/track_msgs/msg/detail/cone__type_support.c
[3.625s] -- Installing: /home/aiv/ev_ws/planning/install/track_msgs/include/track_msgs/track_msgs/msg/detail/system_state__type_support.c
[3.625s] -- Installing: /home/aiv/ev_ws/planning/install/track_msgs/include/track_msgs/track_msgs/msg/detail/obstacle_array__type_support.c
[3.625s] -- Installing: /home/aiv/ev_ws/planning/install/track_msgs/include/track_msgs/track_msgs/msg/detail/cone__rosidl_typesupport_introspection_c.h
[3.625s] -- Installing: /home/aiv/ev_ws/planning/install/track_msgs/include/track_msgs/track_msgs/msg/detail/obstacle__rosidl_typesupport_introspection_c.h
[3.625s] -- Installing: /home/aiv/ev_ws/planning/install/track_msgs/include/track_msgs/track_msgs/msg/detail/lane_boundary__type_support.c
[3.625s] -- Installing: /home/aiv/ev_ws/planning/install/track_msgs/include/track_msgs/track_msgs/msg/detail/lane_boundary_array__rosidl_typesupport_introspection_c.h
[3.625s] -- Installing: /home/aiv/ev_ws/planning/install/track_msgs/include/track_msgs/track_msgs/msg/detail/planner_status__type_support.c
[3.625s] -- Installing: /home/aiv/ev_ws/planning/install/track_msgs/include/track_msgs/track_msgs/msg/detail/cone_array__type_support.c
[3.625s] -- Installing: /home/aiv/ev_ws/planning/install/track_msgs/include/track_msgs/track_msgs/msg/detail/planner_status__rosidl_typesupport_introspection_c.h
[3.626s] -- Installing: /home/aiv/ev_ws/planning/install/track_msgs/include/track_msgs/track_msgs/msg/detail/lane_boundary__rosidl_typesupport_introspection_c.h
[3.626s] -- Up-to-date: /home/aiv/ev_ws/planning/install/track_msgs/include/track_msgs/track_msgs/msg/rosidl_typesupport_introspection_c__visibility_control.h
[3.626s] -- Installing: /home/aiv/ev_ws/planning/install/track_msgs/lib/libtrack_msgs__rosidl_typesupport_introspection_c.so
[3.626s] -- Set runtime path of "/home/aiv/ev_ws/planning/install/track_msgs/lib/libtrack_msgs__rosidl_typesupport_introspection_c.so" to ""
[3.626s] -- Installing: /home/aiv/ev_ws/planning/install/track_msgs/lib/libtrack_msgs__rosidl_typesupport_c.so
[3.626s] -- Set runtime path of "/home/aiv/ev_ws/planning/install/track_msgs/lib/libtrack_msgs__rosidl_typesupport_c.so" to ""
[3.626s] -- Up-to-date: /home/aiv/ev_ws/planning/install/track_msgs/include/track_msgs/track_msgs
[3.626s] -- Up-to-date: /home/aiv/ev_ws/planning/install/track_msgs/include/track_msgs/track_msgs/msg
[3.626s] -- Installing: /home/aiv/ev_ws/planning/install/track_msgs/include/track_msgs/track_msgs/msg/system_state.hpp
[3.626s] -- Installing: /home/aiv/ev_ws/planning/install/track_msgs/include/track_msgs/track_msgs/msg/cone_array.hpp
[3.626s] -- Installing: /home/aiv/ev_ws/planning/install/track_msgs/include/track_msgs/track_msgs/msg/planner_status.hpp
[3.626s] -- Installing: /home/aiv/ev_ws/planning/install/track_msgs/include/track_msgs/track_msgs/msg/obstacle_array.hpp
[3.626s] -- Installing: /home/aiv/ev_ws/planning/install/track_msgs/include/track_msgs/track_msgs/msg/lane_boundary.hpp
[3.626s] -- Up-to-date: /home/aiv/ev_ws/planning/install/track_msgs/include/track_msgs/track_msgs/msg/rosidl_generator_cpp__visibility_control.hpp
[3.626s] -- Installing: /home/aiv/ev_ws/planning/install/track_msgs/include/track_msgs/track_msgs/msg/obstacle.hpp
[3.626s] -- Up-to-date: /home/aiv/ev_ws/planning/install/track_msgs/include/track_msgs/track_msgs/msg/detail
[3.626s] -- Installing: /home/aiv/ev_ws/planning/install/track_msgs/include/track_msgs/track_msgs/msg/detail/cone__builder.hpp
[3.626s] -- Installing: /home/aiv/ev_ws/planning/install/track_msgs/include/track_msgs/track_msgs/msg/detail/obstacle__builder.hpp
[3.626s] -- Installing: /home/aiv/ev_ws/planning/install/track_msgs/include/track_msgs/track_msgs/msg/detail/cone__type_support.hpp
[3.626s] -- Installing: /home/aiv/ev_ws/planning/install/track_msgs/include/track_msgs/track_msgs/msg/detail/lane_boundary_array__traits.hpp
[3.626s] -- Installing: /home/aiv/ev_ws/planning/install/track_msgs/include/track_msgs/track_msgs/msg/detail/lane_boundary_array__type_support.hpp
[3.626s] -- Installing: /home/aiv/ev_ws/planning/install/track_msgs/include/track_msgs/track_msgs/msg/detail/cone__struct.hpp
[3.626s] -- Installing: /home/aiv/ev_ws/planning/install/track_msgs/include/track_msgs/track_msgs/msg/detail/lane_boundary_array__struct.hpp
[3.626s] -- Installing: /home/aiv/ev_ws/planning/install/track_msgs/include/track_msgs/track_msgs/msg/detail/cone_array__traits.hpp
[3.626s] -- Installing: /home/aiv/ev_ws/planning/install/track_msgs/include/track_msgs/track_msgs/msg/detail/planner_status__struct.hpp
[3.627s] -- Installing: /home/aiv/ev_ws/planning/install/track_msgs/include/track_msgs/track_msgs/msg/detail/planner_status__type_support.hpp
[3.627s] -- Installing: /home/aiv/ev_ws/planning/install/track_msgs/include/track_msgs/track_msgs/msg/detail/planner_status__traits.hpp
[3.627s] -- Installing: /home/aiv/ev_ws/planning/install/track_msgs/include/track_msgs/track_msgs/msg/detail/lane_boundary__type_support.hpp
[3.627s] -- Installing: /home/aiv/ev_ws/planning/install/track_msgs/include/track_msgs/track_msgs/msg/detail/obstacle__traits.hpp
[3.627s] -- Installing: /home/aiv/ev_ws/planning/install/track_msgs/include/track_msgs/track_msgs/msg/detail/cone_array__struct.hpp
[3.627s] -- Installing: /home/aiv/ev_ws/planning/install/track_msgs/include/track_msgs/track_msgs/msg/detail/cone__traits.hpp
[3.627s] -- Installing: /home/aiv/ev_ws/planning/install/track_msgs/include/track_msgs/track_msgs/msg/detail/lane_boundary_array__builder.hpp
[3.627s] -- Installing: /home/aiv/ev_ws/planning/install/track_msgs/include/track_msgs/track_msgs/msg/detail/system_state__builder.hpp
[3.627s] -- Installing: /home/aiv/ev_ws/planning/install/track_msgs/include/track_msgs/track_msgs/msg/detail/lane_boundary__struct.hpp
[3.627s] -- Installing: /home/aiv/ev_ws/planning/install/track_msgs/include/track_msgs/track_msgs/msg/detail/lane_boundary__builder.hpp
[3.627s] -- Installing: /home/aiv/ev_ws/planning/install/track_msgs/include/track_msgs/track_msgs/msg/detail/lane_boundary__traits.hpp
[3.627s] -- Installing: /home/aiv/ev_ws/planning/install/track_msgs/include/track_msgs/track_msgs/msg/detail/obstacle_array__builder.hpp
[3.627s] -- Installing: /home/aiv/ev_ws/planning/install/track_msgs/include/track_msgs/track_msgs/msg/detail/system_state__traits.hpp
[3.627s] -- Installing: /home/aiv/ev_ws/planning/install/track_msgs/include/track_msgs/track_msgs/msg/detail/cone_array__type_support.hpp
[3.627s] -- Installing: /home/aiv/ev_ws/planning/install/track_msgs/include/track_msgs/track_msgs/msg/detail/system_state__struct.hpp
[3.627s] -- Installing: /home/aiv/ev_ws/planning/install/track_msgs/include/track_msgs/track_msgs/msg/detail/obstacle_array__struct.hpp
[3.627s] -- Installing: /home/aiv/ev_ws/planning/install/track_msgs/include/track_msgs/track_msgs/msg/detail/cone_array__builder.hpp
[3.627s] -- Installing: /home/aiv/ev_ws/planning/install/track_msgs/include/track_msgs/track_msgs/msg/detail/planner_status__builder.hpp
[3.627s] -- Installing: /home/aiv/ev_ws/planning/install/track_msgs/include/track_msgs/track_msgs/msg/detail/obstacle__type_support.hpp
[3.627s] -- Installing: /home/aiv/ev_ws/planning/install/track_msgs/include/track_msgs/track_msgs/msg/detail/system_state__type_support.hpp
[3.627s] -- Installing: /home/aiv/ev_ws/planning/install/track_msgs/include/track_msgs/track_msgs/msg/detail/obstacle_array__traits.hpp
[3.627s] -- Installing: /home/aiv/ev_ws/planning/install/track_msgs/include/track_msgs/track_msgs/msg/detail/obstacle__struct.hpp
[3.627s] -- Installing: /home/aiv/ev_ws/planning/install/track_msgs/include/track_msgs/track_msgs/msg/detail/obstacle_array__type_support.hpp
[3.627s] -- Installing: /home/aiv/ev_ws/planning/install/track_msgs/include/track_msgs/track_msgs/msg/cone.hpp
[3.627s] -- Installing: /home/aiv/ev_ws/planning/install/track_msgs/include/track_msgs/track_msgs/msg/lane_boundary_array.hpp
[3.628s] -- Up-to-date: /home/aiv/ev_ws/planning/install/track_msgs/include/track_msgs/track_msgs
[3.628s] -- Up-to-date: /home/aiv/ev_ws/planning/install/track_msgs/include/track_msgs/track_msgs/msg
[3.628s] -- Up-to-date: /home/aiv/ev_ws/planning/install/track_msgs/include/track_msgs/track_msgs/msg/detail
[3.628s] -- Installing: /home/aiv/ev_ws/planning/install/track_msgs/include/track_msgs/track_msgs/msg/detail/system_state__rosidl_typesupport_fastrtps_cpp.hpp
[3.628s] -- Up-to-date: /home/aiv/ev_ws/planning/install/track_msgs/include/track_msgs/track_msgs/msg/detail/dds_fastrtps
[3.628s] -- Installing: /home/aiv/ev_ws/planning/install/track_msgs/include/track_msgs/track_msgs/msg/detail/lane_boundary__rosidl_typesupport_fastrtps_cpp.hpp
[3.628s] -- Installing: /home/aiv/ev_ws/planning/install/track_msgs/include/track_msgs/track_msgs/msg/detail/planner_status__rosidl_typesupport_fastrtps_cpp.hpp
[3.628s] -- Installing: /home/aiv/ev_ws/planning/install/track_msgs/include/track_msgs/track_msgs/msg/detail/cone__rosidl_typesupport_fastrtps_cpp.hpp
[3.628s] -- Installing: /home/aiv/ev_ws/planning/install/track_msgs/include/track_msgs/track_msgs/msg/detail/cone_array__rosidl_typesupport_fastrtps_cpp.hpp
[3.628s] -- Installing: /home/aiv/ev_ws/planning/install/track_msgs/include/track_msgs/track_msgs/msg/detail/obstacle_array__rosidl_typesupport_fastrtps_cpp.hpp
[3.628s] -- Installing: /home/aiv/ev_ws/planning/install/track_msgs/include/track_msgs/track_msgs/msg/detail/lane_boundary_array__rosidl_typesupport_fastrtps_cpp.hpp
[3.628s] -- Installing: /home/aiv/ev_ws/planning/install/track_msgs/include/track_msgs/track_msgs/msg/detail/obstacle__rosidl_typesupport_fastrtps_cpp.hpp
[3.628s] -- Up-to-date: /home/aiv/ev_ws/planning/install/track_msgs/include/track_msgs/track_msgs/msg/rosidl_typesupport_fastrtps_cpp__visibility_control.h
[3.628s] -- Installing: /home/aiv/ev_ws/planning/install/track_msgs/lib/libtrack_msgs__rosidl_typesupport_fastrtps_cpp.so
[3.628s] -- Set runtime path of "/home/aiv/ev_ws/planning/install/track_msgs/lib/libtrack_msgs__rosidl_typesupport_fastrtps_cpp.so" to ""
[3.628s] -- Up-to-date: /home/aiv/ev_ws/planning/install/track_msgs/include/track_msgs/track_msgs
[3.628s] -- Up-to-date: /home/aiv/ev_ws/planning/install/track_msgs/include/track_msgs/track_msgs/msg
[3.628s] -- Up-to-date: /home/aiv/ev_ws/planning/install/track_msgs/include/track_msgs/track_msgs/msg/detail
[3.628s] -- Installing: /home/aiv/ev_ws/planning/install/track_msgs/include/track_msgs/track_msgs/msg/detail/lane_boundary__type_support.cpp
[3.628s] -- Installing: /home/aiv/ev_ws/planning/install/track_msgs/include/track_msgs/track_msgs/msg/detail/obstacle_array__rosidl_typesupport_introspection_cpp.hpp
[3.628s] -- Installing: /home/aiv/ev_ws/planning/install/track_msgs/include/track_msgs/track_msgs/msg/detail/system_state__type_support.cpp
[3.628s] -- Installing: /home/aiv/ev_ws/planning/install/track_msgs/include/track_msgs/track_msgs/msg/detail/cone__type_support.cpp
[3.628s] -- Installing: /home/aiv/ev_ws/planning/install/track_msgs/include/track_msgs/track_msgs/msg/detail/system_state__rosidl_typesupport_introspection_cpp.hpp
[3.628s] -- Installing: /home/aiv/ev_ws/planning/install/track_msgs/include/track_msgs/track_msgs/msg/detail/planner_status__type_support.cpp
[3.628s] -- Installing: /home/aiv/ev_ws/planning/install/track_msgs/include/track_msgs/track_msgs/msg/detail/lane_boundary_array__rosidl_typesupport_introspection_cpp.hpp
[3.629s] -- Installing: /home/aiv/ev_ws/planning/install/track_msgs/include/track_msgs/track_msgs/msg/detail/cone_array__rosidl_typesupport_introspection_cpp.hpp
[3.629s] -- Installing: /home/aiv/ev_ws/planning/install/track_msgs/include/track_msgs/track_msgs/msg/detail/obstacle__type_support.cpp
[3.629s] -- Installing: /home/aiv/ev_ws/planning/install/track_msgs/include/track_msgs/track_msgs/msg/detail/planner_status__rosidl_typesupport_introspection_cpp.hpp
[3.629s] -- Installing: /home/aiv/ev_ws/planning/install/track_msgs/include/track_msgs/track_msgs/msg/detail/obstacle_array__type_support.cpp
[3.629s] -- Installing: /home/aiv/ev_ws/planning/install/track_msgs/include/track_msgs/track_msgs/msg/detail/lane_boundary_array__type_support.cpp
[3.629s] -- Installing: /home/aiv/ev_ws/planning/install/track_msgs/include/track_msgs/track_msgs/msg/detail/cone_array__type_support.cpp
[3.629s] -- Installing: /home/aiv/ev_ws/planning/install/track_msgs/include/track_msgs/track_msgs/msg/detail/cone__rosidl_typesupport_introspection_cpp.hpp
[3.629s] -- Installing: /home/aiv/ev_ws/planning/install/track_msgs/include/track_msgs/track_msgs/msg/detail/obstacle__rosidl_typesupport_introspection_cpp.hpp
[3.629s] -- Installing: /home/aiv/ev_ws/planning/install/track_msgs/include/track_msgs/track_msgs/msg/detail/lane_boundary__rosidl_typesupport_introspection_cpp.hpp
[3.629s] -- Installing: /home/aiv/ev_ws/planning/install/track_msgs/lib/libtrack_msgs__rosidl_typesupport_introspection_cpp.so
[3.629s] -- Set runtime path of "/home/aiv/ev_ws/planning/install/track_msgs/lib/libtrack_msgs__rosidl_typesupport_introspection_cpp.so" to ""
[3.629s] -- Installing: /home/aiv/ev_ws/planning/install/track_msgs/lib/libtrack_msgs__rosidl_typesupport_cpp.so
[3.629s] -- Set runtime path of "/home/aiv/ev_ws/planning/install/track_msgs/lib/libtrack_msgs__rosidl_typesupport_cpp.so" to ""
[3.629s] -- Up-to-date: /home/aiv/ev_ws/planning/install/track_msgs/share/track_msgs/environment/pythonpath.sh
[3.629s] -- Installing: /home/aiv/ev_ws/planning/install/track_msgs/share/track_msgs/environment/pythonpath.dsv
[3.629s] -- Up-to-date: /home/aiv/ev_ws/planning/install/track_msgs/local/lib/python3.10/dist-packages/track_msgs-0.1.0-py3.10.egg-info
[3.629s] -- Installing: /home/aiv/ev_ws/planning/install/track_msgs/local/lib/python3.10/dist-packages/track_msgs-0.1.0-py3.10.egg-info/PKG-INFO
[3.629s] -- Installing: /home/aiv/ev_ws/planning/install/track_msgs/local/lib/python3.10/dist-packages/track_msgs-0.1.0-py3.10.egg-info/top_level.txt
[3.629s] -- Installing: /home/aiv/ev_ws/planning/install/track_msgs/local/lib/python3.10/dist-packages/track_msgs-0.1.0-py3.10.egg-info/SOURCES.txt
[3.630s] -- Installing: /home/aiv/ev_ws/planning/install/track_msgs/local/lib/python3.10/dist-packages/track_msgs-0.1.0-py3.10.egg-info/dependency_links.txt
[3.630s] -- Up-to-date: /home/aiv/ev_ws/planning/install/track_msgs/local/lib/python3.10/dist-packages/track_msgs
[3.630s] -- Installing: /home/aiv/ev_ws/planning/install/track_msgs/local/lib/python3.10/dist-packages/track_msgs/track_msgs_s__rosidl_typesupport_c.cpython-310-x86_64-linux-gnu.so
[3.630s] -- Installing: /home/aiv/ev_ws/planning/install/track_msgs/local/lib/python3.10/dist-packages/track_msgs/track_msgs_s__rosidl_typesupport_introspection_c.cpython-310-x86_64-linux-gnu.so
[3.630s] -- Installing: /home/aiv/ev_ws/planning/install/track_msgs/local/lib/python3.10/dist-packages/track_msgs/__init__.py
[3.630s] -- Up-to-date: /home/aiv/ev_ws/planning/install/track_msgs/local/lib/python3.10/dist-packages/track_msgs/msg
[3.630s] -- Installing: /home/aiv/ev_ws/planning/install/track_msgs/local/lib/python3.10/dist-packages/track_msgs/msg/_cone_array.py
[3.630s] -- Installing: /home/aiv/ev_ws/planning/install/track_msgs/local/lib/python3.10/dist-packages/track_msgs/msg/_planner_status.py
[3.630s] -- Installing: /home/aiv/ev_ws/planning/install/track_msgs/local/lib/python3.10/dist-packages/track_msgs/msg/_lane_boundary.py
[3.630s] -- Installing: /home/aiv/ev_ws/planning/install/track_msgs/local/lib/python3.10/dist-packages/track_msgs/msg/_lane_boundary_s.c
[3.630s] -- Installing: /home/aiv/ev_ws/planning/install/track_msgs/local/lib/python3.10/dist-packages/track_msgs/msg/__init__.py
[3.630s] -- Installing: /home/aiv/ev_ws/planning/install/track_msgs/local/lib/python3.10/dist-packages/track_msgs/msg/_system_state_s.c
[3.630s] -- Installing: /home/aiv/ev_ws/planning/install/track_msgs/local/lib/python3.10/dist-packages/track_msgs/msg/_lane_boundary_array_s.c
[3.630s] -- Installing: /home/aiv/ev_ws/planning/install/track_msgs/local/lib/python3.10/dist-packages/track_msgs/msg/_planner_status_s.c
[3.630s] -- Installing: /home/aiv/ev_ws/planning/install/track_msgs/local/lib/python3.10/dist-packages/track_msgs/msg/_obstacle_array_s.c
[3.630s] -- Installing: /home/aiv/ev_ws/planning/install/track_msgs/local/lib/python3.10/dist-packages/track_msgs/msg/_cone_array_s.c
[3.630s] -- Installing: /home/aiv/ev_ws/planning/install/track_msgs/local/lib/python3.10/dist-packages/track_msgs/msg/_lane_boundary_array.py
[3.630s] -- Installing: /home/aiv/ev_ws/planning/install/track_msgs/local/lib/python3.10/dist-packages/track_msgs/msg/_obstacle_array.py
[3.630s] -- Installing: /home/aiv/ev_ws/planning/install/track_msgs/local/lib/python3.10/dist-packages/track_msgs/msg/_obstacle.py
[3.630s] -- Installing: /home/aiv/ev_ws/planning/install/track_msgs/local/lib/python3.10/dist-packages/track_msgs/msg/_cone_s.c
[3.630s] -- Installing: /home/aiv/ev_ws/planning/install/track_msgs/local/lib/python3.10/dist-packages/track_msgs/msg/_system_state.py
[3.630s] -- Installing: /home/aiv/ev_ws/planning/install/track_msgs/local/lib/python3.10/dist-packages/track_msgs/msg/_cone.py
[3.630s] -- Installing: /home/aiv/ev_ws/planning/install/track_msgs/local/lib/python3.10/dist-packages/track_msgs/msg/_obstacle_s.c
[3.630s] -- Installing: /home/aiv/ev_ws/planning/install/track_msgs/local/lib/python3.10/dist-packages/track_msgs/_track_msgs_s.ep.rosidl_typesupport_introspection_c.c
[3.630s] -- Installing: /home/aiv/ev_ws/planning/install/track_msgs/local/lib/python3.10/dist-packages/track_msgs/track_msgs_s__rosidl_typesupport_fastrtps_c.cpython-310-x86_64-linux-gnu.so
[3.630s] -- Installing: /home/aiv/ev_ws/planning/install/track_msgs/local/lib/python3.10/dist-packages/track_msgs/libtrack_msgs__rosidl_generator_py.so
[3.630s] -- Installing: /home/aiv/ev_ws/planning/install/track_msgs/local/lib/python3.10/dist-packages/track_msgs/_track_msgs_s.ep.rosidl_typesupport_fastrtps_c.c
[3.631s] -- Installing: /home/aiv/ev_ws/planning/install/track_msgs/local/lib/python3.10/dist-packages/track_msgs/_track_msgs_s.ep.rosidl_typesupport_c.c
[3.656s] Listing '/home/aiv/ev_ws/planning/install/track_msgs/local/lib/python3.10/dist-packages/track_msgs'...
[3.656s] Compiling '/home/aiv/ev_ws/planning/install/track_msgs/local/lib/python3.10/dist-packages/track_msgs/__init__.py'...
[3.656s] Listing '/home/aiv/ev_ws/planning/install/track_msgs/local/lib/python3.10/dist-packages/track_msgs/msg'...
[3.656s] Compiling '/home/aiv/ev_ws/planning/install/track_msgs/local/lib/python3.10/dist-packages/track_msgs/msg/__init__.py'...
[3.656s] Compiling '/home/aiv/ev_ws/planning/install/track_msgs/local/lib/python3.10/dist-packages/track_msgs/msg/_cone.py'...
[3.656s] Compiling '/home/aiv/ev_ws/planning/install/track_msgs/local/lib/python3.10/dist-packages/track_msgs/msg/_cone_array.py'...
[3.657s] Compiling '/home/aiv/ev_ws/planning/install/track_msgs/local/lib/python3.10/dist-packages/track_msgs/msg/_lane_boundary.py'...
[3.657s] Compiling '/home/aiv/ev_ws/planning/install/track_msgs/local/lib/python3.10/dist-packages/track_msgs/msg/_lane_boundary_array.py'...
[3.657s] Compiling '/home/aiv/ev_ws/planning/install/track_msgs/local/lib/python3.10/dist-packages/track_msgs/msg/_obstacle.py'...
[3.657s] Compiling '/home/aiv/ev_ws/planning/install/track_msgs/local/lib/python3.10/dist-packages/track_msgs/msg/_obstacle_array.py'...
[3.657s] Compiling '/home/aiv/ev_ws/planning/install/track_msgs/local/lib/python3.10/dist-packages/track_msgs/msg/_planner_status.py'...
[3.657s] Compiling '/home/aiv/ev_ws/planning/install/track_msgs/local/lib/python3.10/dist-packages/track_msgs/msg/_system_state.py'...
[3.659s] -- Installing: /home/aiv/ev_ws/planning/install/track_msgs/local/lib/python3.10/dist-packages/track_msgs/track_msgs_s__rosidl_typesupport_fastrtps_c.cpython-310-x86_64-linux-gnu.so
[3.659s] -- Set runtime path of "/home/aiv/ev_ws/planning/install/track_msgs/local/lib/python3.10/dist-packages/track_msgs/track_msgs_s__rosidl_typesupport_fastrtps_c.cpython-310-x86_64-linux-gnu.so" to ""
[3.659s] -- Installing: /home/aiv/ev_ws/planning/install/track_msgs/local/lib/python3.10/dist-packages/track_msgs/track_msgs_s__rosidl_typesupport_introspection_c.cpython-310-x86_64-linux-gnu.so
[3.659s] -- Set runtime path of "/home/aiv/ev_ws/planning/install/track_msgs/local/lib/python3.10/dist-packages/track_msgs/track_msgs_s__rosidl_typesupport_introspection_c.cpython-310-x86_64-linux-gnu.so" to ""
[3.660s] -- Installing: /home/aiv/ev_ws/planning/install/track_msgs/local/lib/python3.10/dist-packages/track_msgs/track_msgs_s__rosidl_typesupport_c.cpython-310-x86_64-linux-gnu.so
[3.660s] -- Set runtime path of "/home/aiv/ev_ws/planning/install/track_msgs/local/lib/python3.10/dist-packages/track_msgs/track_msgs_s__rosidl_typesupport_c.cpython-310-x86_64-linux-gnu.so" to ""
[3.660s] -- Installing: /home/aiv/ev_ws/planning/install/track_msgs/lib/libtrack_msgs__rosidl_generator_py.so
[3.660s] -- Set runtime path of "/home/aiv/ev_ws/planning/install/track_msgs/lib/libtrack_msgs__rosidl_generator_py.so" to ""
[3.660s] -- Installing: /home/aiv/ev_ws/planning/install/track_msgs/share/track_msgs/msg/LaneBoundary.idl
[3.660s] -- Installing: /home/aiv/ev_ws/planning/install/track_msgs/share/track_msgs/msg/LaneBoundaryArray.idl
[3.660s] -- Installing: /home/aiv/ev_ws/planning/install/track_msgs/share/track_msgs/msg/Cone.idl
[3.660s] -- Installing: /home/aiv/ev_ws/planning/install/track_msgs/share/track_msgs/msg/ConeArray.idl
[3.660s] -- Installing: /home/aiv/ev_ws/planning/install/track_msgs/share/track_msgs/msg/Obstacle.idl
[3.660s] -- Installing: /home/aiv/ev_ws/planning/install/track_msgs/share/track_msgs/msg/ObstacleArray.idl
[3.660s] -- Installing: /home/aiv/ev_ws/planning/install/track_msgs/share/track_msgs/msg/PlannerStatus.idl
[3.661s] -- Installing: /home/aiv/ev_ws/planning/install/track_msgs/share/track_msgs/msg/SystemState.idl
[3.661s] -- Installing: /home/aiv/ev_ws/planning/install/track_msgs/share/track_msgs/msg/LaneBoundary.msg
[3.661s] -- Installing: /home/aiv/ev_ws/planning/install/track_msgs/share/track_msgs/msg/LaneBoundaryArray.msg
[3.661s] -- Installing: /home/aiv/ev_ws/planning/install/track_msgs/share/track_msgs/msg/Cone.msg
[3.661s] -- Installing: /home/aiv/ev_ws/planning/install/track_msgs/share/track_msgs/msg/ConeArray.msg
[3.661s] -- Installing: /home/aiv/ev_ws/planning/install/track_msgs/share/track_msgs/msg/Obstacle.msg
[3.661s] -- Installing: /home/aiv/ev_ws/planning/install/track_msgs/share/track_msgs/msg/ObstacleArray.msg
[3.661s] -- Installing: /home/aiv/ev_ws/planning/install/track_msgs/share/track_msgs/msg/PlannerStatus.msg
[3.661s] -- Installing: /home/aiv/ev_ws/planning/install/track_msgs/share/track_msgs/msg/SystemState.msg
[3.661s] -- Up-to-date: /home/aiv/ev_ws/planning/install/track_msgs/share/ament_index/resource_index/package_run_dependencies/track_msgs
[3.661s] -- Up-to-date: /home/aiv/ev_ws/planning/install/track_msgs/share/ament_index/resource_index/parent_prefix_path/track_msgs
[3.661s] -- Up-to-date: /home/aiv/ev_ws/planning/install/track_msgs/share/track_msgs/environment/ament_prefix_path.sh
[3.661s] -- Installing: /home/aiv/ev_ws/planning/install/track_msgs/share/track_msgs/environment/ament_prefix_path.dsv
[3.661s] -- Up-to-date: /home/aiv/ev_ws/planning/install/track_msgs/share/track_msgs/environment/path.sh
[3.661s] -- Installing: /home/aiv/ev_ws/planning/install/track_msgs/share/track_msgs/environment/path.dsv
[3.661s] -- Up-to-date: /home/aiv/ev_ws/planning/install/track_msgs/share/track_msgs/local_setup.bash
[3.661s] -- Up-to-date: /home/aiv/ev_ws/planning/install/track_msgs/share/track_msgs/local_setup.sh
[3.662s] -- Up-to-date: /home/aiv/ev_ws/planning/install/track_msgs/share/track_msgs/local_setup.zsh
[3.662s] -- Installing: /home/aiv/ev_ws/planning/install/track_msgs/share/track_msgs/local_setup.dsv
[3.662s] -- Installing: /home/aiv/ev_ws/planning/install/track_msgs/share/track_msgs/package.dsv
[3.662s] -- Up-to-date: /home/aiv/ev_ws/planning/install/track_msgs/share/ament_index/resource_index/packages/track_msgs
[3.662s] -- Up-to-date: /home/aiv/ev_ws/planning/install/track_msgs/share/track_msgs/cmake/export_track_msgs__rosidl_generator_cExport.cmake
[3.662s] -- Up-to-date: /home/aiv/ev_ws/planning/install/track_msgs/share/track_msgs/cmake/export_track_msgs__rosidl_generator_cExport-noconfig.cmake
[3.662s] -- Up-to-date: /home/aiv/ev_ws/planning/install/track_msgs/share/track_msgs/cmake/export_track_msgs__rosidl_typesupport_fastrtps_cExport.cmake
[3.662s] -- Up-to-date: /home/aiv/ev_ws/planning/install/track_msgs/share/track_msgs/cmake/export_track_msgs__rosidl_typesupport_fastrtps_cExport-noconfig.cmake
[3.662s] -- Up-to-date: /home/aiv/ev_ws/planning/install/track_msgs/share/track_msgs/cmake/track_msgs__rosidl_typesupport_introspection_cExport.cmake
[3.662s] -- Up-to-date: /home/aiv/ev_ws/planning/install/track_msgs/share/track_msgs/cmake/track_msgs__rosidl_typesupport_introspection_cExport-noconfig.cmake
[3.662s] -- Up-to-date: /home/aiv/ev_ws/planning/install/track_msgs/share/track_msgs/cmake/track_msgs__rosidl_typesupport_cExport.cmake
[3.663s] -- Up-to-date: /home/aiv/ev_ws/planning/install/track_msgs/share/track_msgs/cmake/track_msgs__rosidl_typesupport_cExport-noconfig.cmake
[3.663s] -- Up-to-date: /home/aiv/ev_ws/planning/install/track_msgs/share/track_msgs/cmake/export_track_msgs__rosidl_generator_cppExport.cmake
[3.663s] -- Up-to-date: /home/aiv/ev_ws/planning/install/track_msgs/share/track_msgs/cmake/export_track_msgs__rosidl_typesupport_fastrtps_cppExport.cmake
[3.663s] -- Up-to-date: /home/aiv/ev_ws/planning/install/track_msgs/share/track_msgs/cmake/export_track_msgs__rosidl_typesupport_fastrtps_cppExport-noconfig.cmake
[3.663s] -- Up-to-date: /home/aiv/ev_ws/planning/install/track_msgs/share/track_msgs/cmake/track_msgs__rosidl_typesupport_introspection_cppExport.cmake
[3.663s] -- Up-to-date: /home/aiv/ev_ws/planning/install/track_msgs/share/track_msgs/cmake/track_msgs__rosidl_typesupport_introspection_cppExport-noconfig.cmake
[3.663s] -- Up-to-date: /home/aiv/ev_ws/planning/install/track_msgs/share/track_msgs/cmake/track_msgs__rosidl_typesupport_cppExport.cmake
[3.663s] -- Up-to-date: /home/aiv/ev_ws/planning/install/track_msgs/share/track_msgs/cmake/track_msgs__rosidl_typesupport_cppExport-noconfig.cmake
[3.663s] -- Up-to-date: /home/aiv/ev_ws/planning/install/track_msgs/share/track_msgs/cmake/export_track_msgs__rosidl_generator_pyExport.cmake
[3.663s] -- Up-to-date: /home/aiv/ev_ws/planning/install/track_msgs/share/track_msgs/cmake/export_track_msgs__rosidl_generator_pyExport-noconfig.cmake
[3.663s] -- Up-to-date: /home/aiv/ev_ws/planning/install/track_msgs/share/track_msgs/cmake/rosidl_cmake-extras.cmake
[3.664s] -- Up-to-date: /home/aiv/ev_ws/planning/install/track_msgs/share/track_msgs/cmake/ament_cmake_export_dependencies-extras.cmake
[3.664s] -- Up-to-date: /home/aiv/ev_ws/planning/install/track_msgs/share/track_msgs/cmake/ament_cmake_export_include_directories-extras.cmake
[3.664s] -- Up-to-date: /home/aiv/ev_ws/planning/install/track_msgs/share/track_msgs/cmake/ament_cmake_export_libraries-extras.cmake
[3.664s] -- Up-to-date: /home/aiv/ev_ws/planning/install/track_msgs/share/track_msgs/cmake/ament_cmake_export_targets-extras.cmake
[3.664s] -- Up-to-date: /home/aiv/ev_ws/planning/install/track_msgs/share/track_msgs/cmake/rosidl_cmake_export_typesupport_targets-extras.cmake
[3.664s] -- Up-to-date: /home/aiv/ev_ws/planning/install/track_msgs/share/track_msgs/cmake/rosidl_cmake_export_typesupport_libraries-extras.cmake
[3.664s] -- Up-to-date: /home/aiv/ev_ws/planning/install/track_msgs/share/track_msgs/cmake/track_msgsConfig.cmake
[3.664s] -- Up-to-date: /home/aiv/ev_ws/planning/install/track_msgs/share/track_msgs/cmake/track_msgsConfig-version.cmake
[3.664s] -- Installing: /home/aiv/ev_ws/planning/install/track_msgs/share/track_msgs/package.xml
[3.665s] Invoked command in '/home/aiv/ev_ws/planning/build/track_msgs' returned '0': CMAKE_PREFIX_PATH=${CMAKE_PREFIX_PATH}:/opt/ros/humble /usr/bin/cmake --install /home/aiv/ev_ws/planning/build/track_msgs
