[0.027s] Invoking command in '/home/kimsohee/ev-1-5/ev_ws/build/erp42_gazebo': CMAKE_PREFIX_PATH=${CMAKE_PREFIX_PATH}:/opt/ros/humble /usr/bin/cmake /home/kimsohee/ev-1-5/ev_ws/erp42_ros/src/erp42_gazebo -DCMAKE_INSTALL_PREFIX=/home/kimsohee/ev-1-5/ev_ws/install/erp42_gazebo
[0.178s] -- The C compiler identification is GNU 11.4.0
[0.267s] -- The CXX compiler identification is GNU 11.4.0
[0.280s] -- Detecting C compiler ABI info
[0.412s] -- Detecting C compiler ABI info - done
[0.423s] -- Check for working C compiler: /usr/bin/cc - skipped
[0.424s] -- Detecting C compile features
[0.424s] -- Detecting C compile features - done
[0.426s] -- Detecting CXX compiler ABI info
[0.586s] -- Detecting CXX compiler ABI info - done
[0.594s] -- Check for working CXX compiler: /usr/bin/c++ - skipped
[0.595s] -- Detecting CXX compile features
[0.596s] -- Detecting CXX compile features - done
[0.598s] -- Found erp42_cmake: 0.0.0 (/home/kimsohee/workspace/ros2/erp42_ros/install/erp42_cmake/share/erp42_cmake/cmake)
[0.600s] -- Found ament_cmake_auto: 1.3.12 (/opt/ros/humble/share/ament_cmake_auto/cmake)
[0.900s] -- Found Python3: /usr/bin/python3 (found version "3.10.12") found components: Interpreter 
[1.311s] -- Found rosidl_generator_c: 3.1.8 (/opt/ros/humble/share/rosidl_generator_c/cmake)
[1.313s] -- Found rosidl_adapter: 3.1.8 (/opt/ros/humble/share/rosidl_adapter/cmake)
[1.334s] -- Found rosidl_generator_cpp: 3.1.8 (/opt/ros/humble/share/rosidl_generator_cpp/cmake)
[1.357s] -- Using all available rosidl_typesupport_c: rosidl_typesupport_fastrtps_c;rosidl_typesupport_introspection_c
[1.379s] -- Using all available rosidl_typesupport_cpp: rosidl_typesupport_fastrtps_cpp;rosidl_typesupport_introspection_cpp
[1.475s] -- Found rmw_implementation_cmake: 6.1.2 (/opt/ros/humble/share/rmw_implementation_cmake/cmake)
[1.480s] -- Found rmw_fastrtps_cpp: 6.2.9 (/opt/ros/humble/share/rmw_fastrtps_cpp/cmake)
[1.644s] -- Found OpenSSL: /usr/lib/x86_64-linux-gnu/libcrypto.so (found version "3.0.2")  
[1.693s] -- Found FastRTPS: /opt/ros/humble/include  
[1.761s] -- Using RMW implementation 'rmw_fastrtps_cpp' as default
[1.776s] -- Looking for pthread.h
[1.933s] -- Looking for pthread.h - found
[1.936s] -- Performing Test CMAKE_HAVE_LIBC_PTHREAD
[2.090s] -- Performing Test CMAKE_HAVE_LIBC_PTHREAD - Success
[2.090s] -- Found Threads: TRUE  
[2.363s] -- Configuring done
[2.388s] -- Generating done
[2.398s] -- Build files have been written to: /home/kimsohee/ev-1-5/ev_ws/build/erp42_gazebo
[2.410s] Invoked command in '/home/kimsohee/ev-1-5/ev_ws/build/erp42_gazebo' returned '0': CMAKE_PREFIX_PATH=${CMAKE_PREFIX_PATH}:/opt/ros/humble /usr/bin/cmake /home/kimsohee/ev-1-5/ev_ws/erp42_ros/src/erp42_gazebo -DCMAKE_INSTALL_PREFIX=/home/kimsohee/ev-1-5/ev_ws/install/erp42_gazebo
[2.412s] Invoking command in '/home/kimsohee/ev-1-5/ev_ws/build/erp42_gazebo': CMAKE_PREFIX_PATH=${CMAKE_PREFIX_PATH}:/opt/ros/humble /usr/bin/cmake --build /home/kimsohee/ev-1-5/ev_ws/build/erp42_gazebo -- -j8 -l8
[2.512s] [ 16%] [32mBuilding CXX object CMakeFiles/gazebo_bridge_composable.dir/rclcpp_components/node_main_gazebo_bridge_composable.cpp.o[0m
[2.517s] [ 33%] [32mBuilding CXX object CMakeFiles/erp42_gazebo.dir/src/gazebo_bridge.cpp.o[0m
[6.645s] [ 50%] [32m[1mLinking CXX executable gazebo_bridge_composable[0m
[6.830s] [ 50%] Built target gazebo_bridge_composable
[20.031s] [ 66%] [32m[1mLinking CXX shared library liberp42_gazebo.so[0m
[21.119s] [ 66%] Built target erp42_gazebo
[21.156s] [ 83%] [32mBuilding CXX object CMakeFiles/gazebo_bridge.dir/node/gazebo_bridge_node.cpp.o[0m
[24.855s] [100%] [32m[1mLinking CXX executable gazebo_bridge[0m
[25.357s] [100%] Built target gazebo_bridge
[25.381s] Invoked command in '/home/kimsohee/ev-1-5/ev_ws/build/erp42_gazebo' returned '0': CMAKE_PREFIX_PATH=${CMAKE_PREFIX_PATH}:/opt/ros/humble /usr/bin/cmake --build /home/kimsohee/ev-1-5/ev_ws/build/erp42_gazebo -- -j8 -l8
[25.383s] Invoking command in '/home/kimsohee/ev-1-5/ev_ws/build/erp42_gazebo': CMAKE_PREFIX_PATH=${CMAKE_PREFIX_PATH}:/opt/ros/humble /usr/bin/cmake --install /home/kimsohee/ev-1-5/ev_ws/build/erp42_gazebo
[25.394s] -- Install configuration: ""
[25.394s] -- Installing: /home/kimsohee/ev-1-5/ev_ws/install/erp42_gazebo/lib/erp42_gazebo/gazebo_bridge_composable
[25.400s] -- Set runtime path of "/home/kimsohee/ev-1-5/ev_ws/install/erp42_gazebo/lib/erp42_gazebo/gazebo_bridge_composable" to ""
[25.400s] -- Installing: /home/kimsohee/ev-1-5/ev_ws/install/erp42_gazebo/include/erp42_gazebo
[25.400s] -- Installing: /home/kimsohee/ev-1-5/ev_ws/install/erp42_gazebo/include/erp42_gazebo/erp42_gazebo
[25.400s] -- Installing: /home/kimsohee/ev-1-5/ev_ws/install/erp42_gazebo/include/erp42_gazebo/erp42_gazebo/gazebo_bridge.hpp
[25.400s] -- Installing: /home/kimsohee/ev-1-5/ev_ws/install/erp42_gazebo/share/erp42_gazebo/environment/library_path.sh
[25.400s] -- Installing: /home/kimsohee/ev-1-5/ev_ws/install/erp42_gazebo/share/erp42_gazebo/environment/library_path.dsv
[25.400s] -- Installing: /home/kimsohee/ev-1-5/ev_ws/install/erp42_gazebo/lib/liberp42_gazebo.so
[25.416s] -- Set runtime path of "/home/kimsohee/ev-1-5/ev_ws/install/erp42_gazebo/lib/liberp42_gazebo.so" to ""
[25.416s] -- Installing: /home/kimsohee/ev-1-5/ev_ws/install/erp42_gazebo/lib/erp42_gazebo/gazebo_bridge
[25.416s] -- Set runtime path of "/home/kimsohee/ev-1-5/ev_ws/install/erp42_gazebo/lib/erp42_gazebo/gazebo_bridge" to ""
[25.416s] -- Installing: /home/kimsohee/ev-1-5/ev_ws/install/erp42_gazebo/share/ament_index/resource_index/package_run_dependencies/erp42_gazebo
[25.416s] -- Installing: /home/kimsohee/ev-1-5/ev_ws/install/erp42_gazebo/share/ament_index/resource_index/parent_prefix_path/erp42_gazebo
[25.416s] -- Installing: /home/kimsohee/ev-1-5/ev_ws/install/erp42_gazebo/share/erp42_gazebo/environment/ament_prefix_path.sh
[25.416s] -- Installing: /home/kimsohee/ev-1-5/ev_ws/install/erp42_gazebo/share/erp42_gazebo/environment/ament_prefix_path.dsv
[25.417s] -- Installing: /home/kimsohee/ev-1-5/ev_ws/install/erp42_gazebo/share/erp42_gazebo/environment/path.sh
[25.417s] -- Installing: /home/kimsohee/ev-1-5/ev_ws/install/erp42_gazebo/share/erp42_gazebo/environment/path.dsv
[25.417s] -- Installing: /home/kimsohee/ev-1-5/ev_ws/install/erp42_gazebo/share/erp42_gazebo/local_setup.bash
[25.417s] -- Installing: /home/kimsohee/ev-1-5/ev_ws/install/erp42_gazebo/share/erp42_gazebo/local_setup.sh
[25.417s] -- Installing: /home/kimsohee/ev-1-5/ev_ws/install/erp42_gazebo/share/erp42_gazebo/local_setup.zsh
[25.417s] -- Installing: /home/kimsohee/ev-1-5/ev_ws/install/erp42_gazebo/share/erp42_gazebo/local_setup.dsv
[25.417s] -- Installing: /home/kimsohee/ev-1-5/ev_ws/install/erp42_gazebo/share/erp42_gazebo/package.dsv
[25.417s] -- Installing: /home/kimsohee/ev-1-5/ev_ws/install/erp42_gazebo/share/ament_index/resource_index/packages/erp42_gazebo
[25.417s] -- Installing: /home/kimsohee/ev-1-5/ev_ws/install/erp42_gazebo/share/ament_index/resource_index/rclcpp_components/erp42_gazebo
[25.417s] -- Installing: /home/kimsohee/ev-1-5/ev_ws/install/erp42_gazebo/share/erp42_gazebo/cmake/ament_cmake_export_dependencies-extras.cmake
[25.417s] -- Installing: /home/kimsohee/ev-1-5/ev_ws/install/erp42_gazebo/share/erp42_gazebo/cmake/ament_cmake_export_include_directories-extras.cmake
[25.417s] -- Installing: /home/kimsohee/ev-1-5/ev_ws/install/erp42_gazebo/share/erp42_gazebo/cmake/ament_cmake_export_libraries-extras.cmake
[25.417s] -- Installing: /home/kimsohee/ev-1-5/ev_ws/install/erp42_gazebo/share/erp42_gazebo/cmake/erp42_gazeboConfig.cmake
[25.418s] -- Installing: /home/kimsohee/ev-1-5/ev_ws/install/erp42_gazebo/share/erp42_gazebo/cmake/erp42_gazeboConfig-version.cmake
[25.418s] -- Installing: /home/kimsohee/ev-1-5/ev_ws/install/erp42_gazebo/share/erp42_gazebo/package.xml
[25.418s] -- Installing: /home/kimsohee/ev-1-5/ev_ws/install/erp42_gazebo/share/erp42_gazebo//config
[25.418s] -- Installing: /home/kimsohee/ev-1-5/ev_ws/install/erp42_gazebo/share/erp42_gazebo//config/gazebo.param.yaml
[25.418s] -- Installing: /home/kimsohee/ev-1-5/ev_ws/install/erp42_gazebo/share/erp42_gazebo//launch
[25.418s] -- Installing: /home/kimsohee/ev-1-5/ev_ws/install/erp42_gazebo/share/erp42_gazebo//launch/gazebo.launch.py
[25.418s] -- Installing: /home/kimsohee/ev-1-5/ev_ws/install/erp42_gazebo/share/erp42_gazebo//rviz
[25.418s] -- Installing: /home/kimsohee/ev-1-5/ev_ws/install/erp42_gazebo/share/erp42_gazebo//rviz/erp42_gazebo.rviz
[25.418s] -- Installing: /home/kimsohee/ev-1-5/ev_ws/install/erp42_gazebo/share/erp42_gazebo//urdf
[25.418s] -- Installing: /home/kimsohee/ev-1-5/ev_ws/install/erp42_gazebo/share/erp42_gazebo//urdf/erp42_gazebo.urdf
[25.418s] -- Installing: /home/kimsohee/ev-1-5/ev_ws/install/erp42_gazebo/share/erp42_gazebo//urdf/erp42_gazebo.xacro
[25.418s] -- Installing: /home/kimsohee/ev-1-5/ev_ws/install/erp42_gazebo/share/erp42_gazebo//urdf/erp42_gazebo_control.xacro
[25.418s] -- Installing: /home/kimsohee/ev-1-5/ev_ws/install/erp42_gazebo/share/erp42_gazebo//worlds
[25.418s] -- Installing: /home/kimsohee/ev-1-5/ev_ws/install/erp42_gazebo/share/erp42_gazebo//worlds/empty.world
[25.420s] Invoked command in '/home/kimsohee/ev-1-5/ev_ws/build/erp42_gazebo' returned '0': CMAKE_PREFIX_PATH=${CMAKE_PREFIX_PATH}:/opt/ros/humble /usr/bin/cmake --install /home/kimsohee/ev-1-5/ev_ws/build/erp42_gazebo
