[0.000000] (-) TimerEvent: {}
[0.000127] (-) JobUnselected: {'identifier': 'track_msgs'}
[0.000294] (track_planning) JobQueued: {'identifier': 'track_planning', 'dependencies': OrderedDict([('track_msgs', '/home/aiv/ev_ws/planning/install/track_msgs')])}
[0.000439] (track_planning) JobStarted: {'identifier': 'track_planning'}
[0.008360] (track_planning) JobProgress: {'identifier': 'track_planning', 'progress': 'cmake'}
[0.008604] (track_planning) JobProgress: {'identifier': 'track_planning', 'progress': 'build'}
[0.008945] (track_planning) Command: {'cmd': ['/usr/bin/cmake', '--build', '/home/aiv/ev_ws/planning/build/track_planning', '--', '-j28', '-l28'], 'cwd': '/home/aiv/ev_ws/planning/build/track_planning', 'env': OrderedDict([('GJS_DEBUG_TOPICS', 'JS ERROR;JS LOG'), ('USER', 'aiv'), ('CLAUDE_CODE_ENTRYPOINT', 'cli'), ('LC_TIME', 'ko_KR.UTF-8'), ('GIT_EDITOR', 'true'), ('XDG_SESSION_TYPE', 'x11'), ('SHLVL', '2'), ('LD_LIBRARY_PATH', '/home/aiv/ev_ws/planning/install/track_msgs/lib:/home/aiv/ev_ws/planning/install/track_planning/lib:/usr/local/cuda-12.6/lib64:/usr/local/cuda-12.6/lib64:/home/aiv/ev_ws/erp42_ros/install/erp42_serial/lib:/home/aiv/ev_ws/erp42_ros/install/erp42_rqt_plugin/lib:/home/aiv/ev_ws/erp42_ros/install/erp42_gazebo/lib:/home/aiv/ev_ws/erp42_ros/install/erp42_util/lib:/home/aiv/ev_ws/erp42_ros/install/erp42_msgs/lib:/home/aiv/ev_ws/perception/install/velodyne_pointcloud/lib:/home/aiv/ev_ws/perception/install/velodyne_driver/lib:/home/aiv/ev_ws/perception/install/velodyne_msgs/lib:/home/aiv/ev_ws/perception/install/velodyne_laserscan/lib:/home/aiv/ev_ws/perception/install/velodyne_cropbox/lib:/home/aiv/ev_ws/perception/install/patchworkpp/lib:/home/aiv/ev_ws/perception/install/lidar_voxel_grid/lib:/home/aiv/ev_ws/perception/install/lidar_interfaces/lib:/home/aiv/ev_ws/perception/install/dbscan_clustering/lib:/home/aiv/ev_ws/perception/install/cluster_splitter/lib:/usr/lib/x86_64-linux-gnu/gazebo-11/plugins:/opt/ros/humble/opt/rviz_ogre_vendor/lib:/opt/ros/humble/lib/x86_64-linux-gnu:/opt/ros/humble/lib:/usr/local/cuda-12.6/lib64'), ('HOME', '/home/aiv'), ('OLDPWD', '/home/aiv'), ('DESKTOP_SESSION', 'ubuntu'), ('NVM_BIN', '/home/aiv/.nvm/versions/node/v24.13.0/bin'), ('NVM_INC', '/home/aiv/.nvm/versions/node/v24.13.0/include/node'), ('GIO_LAUNCHED_DESKTOP_FILE', '/usr/share/applications/terminator.desktop'), ('ROS_PYTHON_VERSION', '3'), ('GNOME_SHELL_SESSION_MODE', 'ubuntu'), ('GTK_MODULES', 'gail:atk-bridge'), ('LC_MONETARY', 'ko_KR.UTF-8'), ('MANAGERPID', '2074'), ('SYSTEMD_EXEC_PID', '2584'), ('DBUS_SESSION_BUS_ADDRESS', 'unix:path=/run/user/1000/bus'), ('COLORTERM', 'truecolor'), ('TERMINATOR_DBUS_NAME', 'net.tenshu.Terminator23558193cd9818af7fe4d2c2f5bd9d00f'), ('GIO_LAUNCHED_DESKTOP_FILE_PID', '7953'), ('NVM_DIR', '/home/aiv/.nvm'), ('COLCON_PREFIX_PATH', '/home/aiv/ev_ws/planning/install:/home/aiv/ev_ws/perception/install:/home/aiv/ev_ws/carsa_gazebo/install:/home/aiv/ev_ws/erp42_ros/install'), ('ROS_DISTRO', 'humble'), ('GTK_IM_MODULE', 'ibus'), ('LOGNAME', 'aiv'), ('JOURNAL_STREAM', '8:15731'), ('_', '/usr/bin/colcon'), ('ROS_VERSION', '2'), ('XDG_SESSION_CLASS', 'user'), ('USERNAME', 'aiv'), ('TERM', 'xterm-256color'), ('OTEL_EXPORTER_OTLP_METRICS_TEMPORALITY_PREFERENCE', 'delta'), ('GNOME_DESKTOP_SESSION_ID', 'this-is-deprecated'), ('ROS_LOCALHOST_ONLY', '0'), ('WINDOWPATH', '2'), ('PATH', '/usr/local/cuda-12.6/bin:/home/aiv/.local/bin:/opt/ros/humble/bin:/home/aiv/.nvm/versions/node/v24.13.0/bin:/usr/local/cuda-12.6/bin:/usr/local/sbin:/usr/local/bin:/usr/sbin:/usr/bin:/sbin:/bin:/usr/games:/usr/local/games:/snap/bin:/snap/bin'), ('SESSION_MANAGER', 'local/aiv:@/tmp/.ICE-unix/2556,unix/aiv:/tmp/.ICE-unix/2556'), ('INVOCATION_ID', '1e48b71c64b846adb5029138dd925edc'), ('COREPACK_ENABLE_AUTO_PIN', '0'), ('XDG_MENU_PREFIX', 'gnome-'), ('LC_ADDRESS', 'ko_KR.UTF-8'), ('XDG_RUNTIME_DIR', '/run/user/1000'), ('DISPLAY', ':1'), ('TERMINATOR_DBUS_PATH', '/net/tenshu/Terminator2'), ('NoDefaultCurrentDirectoryInExePath', '1'), ('LANG', 'en_US.UTF-8'), ('XDG_CURRENT_DESKTOP', 'ubuntu:GNOME'), ('IBUS_DISABLE_SNOOPER', '1'), ('LC_TELEPHONE', 'ko_KR.UTF-8'), ('XMODIFIERS', '@im=ibus'), ('XDG_SESSION_DESKTOP', 'ubuntu'), ('XAUTHORITY', '/run/user/1000/gdm/Xauthority'), ('SSH_AGENT_LAUNCHER', 'gnome-keyring'), ('SSH_AUTH_SOCK', '/run/user/1000/keyring/ssh'), ('AMENT_PREFIX_PATH', '/home/aiv/ev_ws/planning/install/track_planning:/home/aiv/ev_ws/planning/install/track_msgs:/home/aiv/ev_ws/carsa_gazebo/install/carsa_gazebo:/home/aiv/ev_ws/erp42_ros/install/erp42_serial:/home/aiv/ev_ws/erp42_ros/install/erp42_rqt_plugin:/home/aiv/ev_ws/erp42_ros/install/erp42_gazebo:/home/aiv/ev_ws/erp42_ros/install/erp42_util:/home/aiv/ev_ws/erp42_ros/install/erp42_msgs:/home/aiv/ev_ws/erp42_ros/install/erp42_description:/home/aiv/ev_ws/erp42_ros/install/erp42_cmake:/home/aiv/ev_ws/perception/install/velodyne:/home/aiv/ev_ws/perception/install/lidar_launch:/home/aiv/ev_ws/perception/install/velodyne_pointcloud:/home/aiv/ev_ws/perception/install/velodyne_driver:/home/aiv/ev_ws/perception/install/velodyne_msgs:/home/aiv/ev_ws/perception/install/velodyne_laserscan:/home/aiv/ev_ws/perception/install/velodyne_cropbox:/home/aiv/ev_ws/perception/install/patchworkpp:/home/aiv/ev_ws/perception/install/lidar_voxel_grid:/home/aiv/ev_ws/perception/install/lidar_interfaces:/home/aiv/ev_ws/perception/install/dbscan_clustering:/home/aiv/ev_ws/perception/install/cluster_splitter:/opt/ros/humble'), ('SHELL', '/bin/bash'), ('LC_NAME', 'ko_KR.UTF-8'), ('TERMINATOR_UUID', 'urn:uuid:8a5ea92a-2740-47e4-b74e-c567117d0d1a'), ('QT_ACCESSIBILITY', '1'), ('GDMSESSION', 'ubuntu'), ('CLAUDECODE', '1'), ('LC_MEASUREMENT', 'ko_KR.UTF-8'), ('GPG_AGENT_INFO', '/run/user/1000/gnupg/S.gpg-agent:0:1'), ('GJS_DEBUG_OUTPUT', 'stderr'), ('LC_IDENTIFICATION', 'ko_KR.UTF-8'), ('QT_IM_MODULE', 'ibus'), ('PWD', '/home/aiv/ev_ws/planning/build/track_planning'), ('LC_ALL', 'en_US.UTF-8'), ('XDG_CONFIG_DIRS', '/etc/xdg/xdg-ubuntu:/etc/xdg'), ('NVM_CD_FLAGS', ''), ('XDG_DATA_DIRS', '/usr/share/ubuntu:/usr/share/gnome:/usr/local/share/:/usr/share/:/var/lib/snapd/desktop'), ('PYTHONPATH', '/home/aiv/ev_ws/planning/install/track_msgs/local/lib/python3.10/dist-packages:/home/aiv/ev_ws/erp42_ros/install/erp42_msgs/local/lib/python3.10/dist-packages:/home/aiv/ev_ws/perception/install/velodyne_msgs/local/lib/python3.10/dist-packages:/home/aiv/ev_ws/perception/install/lidar_interfaces/local/lib/python3.10/dist-packages:/opt/ros/humble/lib/python3.10/site-packages:/opt/ros/humble/local/lib/python3.10/dist-packages'), ('LC_NUMERIC', 'ko_KR.UTF-8'), ('LC_PAPER', 'ko_KR.UTF-8'), ('COLCON', '1'), ('VTE_VERSION', '6800'), ('EDITOR', 'code --wait'), ('CMAKE_PREFIX_PATH', '/home/aiv/ev_ws/planning/install/track_msgs:/home/aiv/ev_ws/planning/install/track_planning:/home/aiv/ev_ws/carsa_gazebo/install/carsa_gazebo:/home/aiv/ev_ws/erp42_ros/install/erp42_serial:/home/aiv/ev_ws/erp42_ros/install/erp42_rqt_plugin:/home/aiv/ev_ws/erp42_ros/install/erp42_gazebo:/home/aiv/ev_ws/erp42_ros/install/erp42_util:/home/aiv/ev_ws/erp42_ros/install/erp42_msgs:/home/aiv/ev_ws/erp42_ros/install/erp42_description:/home/aiv/ev_ws/erp42_ros/install/erp42_cmake:/home/aiv/ev_ws/perception/install/velodyne:/home/aiv/ev_ws/perception/install/lidar_launch:/home/aiv/ev_ws/perception/install/velodyne_pointcloud:/home/aiv/ev_ws/perception/install/velodyne_driver:/home/aiv/ev_ws/perception/install/velodyne_msgs:/home/aiv/ev_ws/perception/install/velodyne_laserscan:/home/aiv/ev_ws/perception/install/velodyne_cropbox:/home/aiv/ev_ws/perception/install/patchworkpp:/home/aiv/ev_ws/perception/install/lidar_voxel_grid:/home/aiv/ev_ws/perception/install/lidar_interfaces:/home/aiv/ev_ws/perception/install/dbscan_clustering:/home/aiv/ev_ws/perception/install/cluster_splitter:/opt/ros/humble')]), 'shell': False}
[0.024607] (track_planning) StdoutLine: {'line': b'-- Found ament_cmake: 1.3.12 (/opt/ros/humble/share/ament_cmake/cmake)\n'}
[0.091510] (track_planning) StdoutLine: {'line': b'-- Found rclcpp: 16.0.17 (/opt/ros/humble/share/rclcpp/cmake)\n'}
[0.099920] (-) TimerEvent: {}
[0.106482] (track_planning) StdoutLine: {'line': b'-- Found rosidl_generator_c: 3.1.8 (/opt/ros/humble/share/rosidl_generator_c/cmake)\n'}
[0.107576] (track_planning) StdoutLine: {'line': b'-- Found rosidl_adapter: 3.1.8 (/opt/ros/humble/share/rosidl_adapter/cmake)\n'}
[0.110425] (track_planning) StdoutLine: {'line': b'-- Found rosidl_generator_cpp: 3.1.8 (/opt/ros/humble/share/rosidl_generator_cpp/cmake)\n'}
[0.115327] (track_planning) StdoutLine: {'line': b'-- Using all available rosidl_typesupport_c: rosidl_typesupport_fastrtps_c;rosidl_typesupport_introspection_c\n'}
[0.121721] (track_planning) StdoutLine: {'line': b'-- Using all available rosidl_typesupport_cpp: rosidl_typesupport_fastrtps_cpp;rosidl_typesupport_introspection_cpp\n'}
[0.138537] (track_planning) StdoutLine: {'line': b'-- Found rmw_implementation_cmake: 6.1.2 (/opt/ros/humble/share/rmw_implementation_cmake/cmake)\n'}
[0.139460] (track_planning) StdoutLine: {'line': b'-- Found rmw_fastrtps_cpp: 6.2.9 (/opt/ros/humble/share/rmw_fastrtps_cpp/cmake)\n'}
[0.200084] (track_planning) StdoutLine: {'line': b"-- Using RMW implementation 'rmw_fastrtps_cpp' as default\n"}
[0.200191] (-) TimerEvent: {}
[0.225120] (track_planning) StdoutLine: {'line': b'-- Found rclcpp_components: 16.0.17 (/opt/ros/humble/share/rclcpp_components/cmake)\n'}
[0.234526] (track_planning) StdoutLine: {'line': b'-- Found nav_msgs: 4.9.0 (/opt/ros/humble/share/nav_msgs/cmake)\n'}
[0.249452] (track_planning) StdoutLine: {'line': b'-- Found visualization_msgs: 4.9.0 (/opt/ros/humble/share/visualization_msgs/cmake)\n'}
[0.269104] (track_planning) StdoutLine: {'line': b'-- Found track_msgs: 0.1.0 (/home/aiv/ev_ws/planning/install/track_msgs/share/track_msgs/cmake)\n'}
[0.279623] (track_planning) StdoutLine: {'line': b'-- Found ament_lint_auto: 0.12.14 (/opt/ros/humble/share/ament_lint_auto/cmake)\n'}
[0.300282] (-) TimerEvent: {}
[0.317258] (track_planning) StdoutLine: {'line': b"-- Added test 'cppcheck' to perform static code analysis on C / C++ code\n"}
[0.317406] (track_planning) StdoutLine: {'line': b'-- Configured cppcheck include dirs: /home/aiv/ev_ws/planning/src/track_planning/include\n'}
[0.317464] (track_planning) StdoutLine: {'line': b'-- Configured cppcheck exclude dirs and/or files: \n'}
[0.317759] (track_planning) StdoutLine: {'line': b"-- Added test 'lint_cmake' to check CMake code style\n"}
[0.318607] (track_planning) StdoutLine: {'line': b"-- Added test 'uncrustify' to check C / C++ code style\n"}
[0.318691] (track_planning) StdoutLine: {'line': b'-- Configured uncrustify additional arguments: \n'}
[0.318799] (track_planning) StdoutLine: {'line': b"-- Added test 'xmllint' to check XML markup files\n"}
[0.319159] (track_planning) StdoutLine: {'line': b'-- Configuring done\n'}
[0.326203] (track_planning) StdoutLine: {'line': b'-- Generating done\n'}
[0.328778] (track_planning) StdoutLine: {'line': b'-- Build files have been written to: /home/aiv/ev_ws/planning/build/track_planning\n'}
[0.352609] (track_planning) StdoutLine: {'line': b'Consolidate compiler generated dependencies of target track_planning_corridor\n'}
[0.355108] (track_planning) StdoutLine: {'line': b'[ 12%] Building CXX object CMakeFiles/track_planning_costmap.dir/src/costmap/costmap_validation_builder.cpp.o\n'}
[0.355353] (track_planning) StdoutLine: {'line': b'[ 25%] Building CXX object CMakeFiles/track_planning_costmap.dir/src/costmap/inflation.cpp.o\n'}
[0.364295] (track_planning) StdoutLine: {'line': b'[ 37%] Building CXX object CMakeFiles/track_planning_corridor.dir/src/corridor/centerline_builder.cpp.o\n'}
[0.400374] (-) TimerEvent: {}
[0.500619] (-) TimerEvent: {}
[0.600812] (-) TimerEvent: {}
[0.615183] (track_planning) StdoutLine: {'line': b'[ 50%] Linking CXX shared library libtrack_planning_corridor.so\n'}
[0.697463] (track_planning) StdoutLine: {'line': b'[ 87%] Built target track_planning_corridor\n'}
[0.700885] (-) TimerEvent: {}
[0.801037] (-) TimerEvent: {}
[0.901289] (-) TimerEvent: {}
[1.001405] (-) TimerEvent: {}
[1.101521] (-) TimerEvent: {}
[1.201629] (-) TimerEvent: {}
[1.301745] (-) TimerEvent: {}
[1.401904] (-) TimerEvent: {}
[1.502021] (-) TimerEvent: {}
[1.602146] (-) TimerEvent: {}
[1.702248] (-) TimerEvent: {}
[1.742786] (track_planning) StdoutLine: {'line': b'[100%] Linking CXX shared library libtrack_planning_costmap.so\n'}
[1.802355] (-) TimerEvent: {}
[1.822501] (track_planning) StdoutLine: {'line': b'[100%] Built target track_planning_costmap\n'}
[1.830752] (track_planning) CommandEnded: {'returncode': 0}
[1.831269] (track_planning) JobProgress: {'identifier': 'track_planning', 'progress': 'install'}
[1.838329] (track_planning) Command: {'cmd': ['/usr/bin/cmake', '--install', '/home/aiv/ev_ws/planning/build/track_planning'], 'cwd': '/home/aiv/ev_ws/planning/build/track_planning', 'env': OrderedDict([('GJS_DEBUG_TOPICS', 'JS ERROR;JS LOG'), ('USER', 'aiv'), ('CLAUDE_CODE_ENTRYPOINT', 'cli'), ('LC_TIME', 'ko_KR.UTF-8'), ('GIT_EDITOR', 'true'), ('XDG_SESSION_TYPE', 'x11'), ('SHLVL', '2'), ('LD_LIBRARY_PATH', '/home/aiv/ev_ws/planning/install/track_msgs/lib:/home/aiv/ev_ws/planning/install/track_planning/lib:/usr/local/cuda-12.6/lib64:/usr/local/cuda-12.6/lib64:/home/aiv/ev_ws/erp42_ros/install/erp42_serial/lib:/home/aiv/ev_ws/erp42_ros/install/erp42_rqt_plugin/lib:/home/aiv/ev_ws/erp42_ros/install/erp42_gazebo/lib:/home/aiv/ev_ws/erp42_ros/install/erp42_util/lib:/home/aiv/ev_ws/erp42_ros/install/erp42_msgs/lib:/home/aiv/ev_ws/perception/install/velodyne_pointcloud/lib:/home/aiv/ev_ws/perception/install/velodyne_driver/lib:/home/aiv/ev_ws/perception/install/velodyne_msgs/lib:/home/aiv/ev_ws/perception/install/velodyne_laserscan/lib:/home/aiv/ev_ws/perception/install/velodyne_cropbox/lib:/home/aiv/ev_ws/perception/install/patchworkpp/lib:/home/aiv/ev_ws/perception/install/lidar_voxel_grid/lib:/home/aiv/ev_ws/perception/install/lidar_interfaces/lib:/home/aiv/ev_ws/perception/install/dbscan_clustering/lib:/home/aiv/ev_ws/perception/install/cluster_splitter/lib:/usr/lib/x86_64-linux-gnu/gazebo-11/plugins:/opt/ros/humble/opt/rviz_ogre_vendor/lib:/opt/ros/humble/lib/x86_64-linux-gnu:/opt/ros/humble/lib:/usr/local/cuda-12.6/lib64'), ('HOME', '/home/aiv'), ('OLDPWD', '/home/aiv'), ('DESKTOP_SESSION', 'ubuntu'), ('NVM_BIN', '/home/aiv/.nvm/versions/node/v24.13.0/bin'), ('NVM_INC', '/home/aiv/.nvm/versions/node/v24.13.0/include/node'), ('GIO_LAUNCHED_DESKTOP_FILE', '/usr/share/applications/terminator.desktop'), ('ROS_PYTHON_VERSION', '3'), ('GNOME_SHELL_SESSION_MODE', 'ubuntu'), ('GTK_MODULES', 'gail:atk-bridge'), ('LC_MONETARY', 'ko_KR.UTF-8'), ('MANAGERPID', '2074'), ('SYSTEMD_EXEC_PID', '2584'), ('DBUS_SESSION_BUS_ADDRESS', 'unix:path=/run/user/1000/bus'), ('COLORTERM', 'truecolor'), ('TERMINATOR_DBUS_NAME', 'net.tenshu.Terminator23558193cd9818af7fe4d2c2f5bd9d00f'), ('GIO_LAUNCHED_DESKTOP_FILE_PID', '7953'), ('NVM_DIR', '/home/aiv/.nvm'), ('COLCON_PREFIX_PATH', '/home/aiv/ev_ws/planning/install:/home/aiv/ev_ws/perception/install:/home/aiv/ev_ws/carsa_gazebo/install:/home/aiv/ev_ws/erp42_ros/install'), ('ROS_DISTRO', 'humble'), ('GTK_IM_MODULE', 'ibus'), ('LOGNAME', 'aiv'), ('JOURNAL_STREAM', '8:15731'), ('_', '/usr/bin/colcon'), ('ROS_VERSION', '2'), ('XDG_SESSION_CLASS', 'user'), ('USERNAME', 'aiv'), ('TERM', 'xterm-256color'), ('OTEL_EXPORTER_OTLP_METRICS_TEMPORALITY_PREFERENCE', 'delta'), ('GNOME_DESKTOP_SESSION_ID', 'this-is-deprecated'), ('ROS_LOCALHOST_ONLY', '0'), ('WINDOWPATH', '2'), ('PATH', '/usr/local/cuda-12.6/bin:/home/aiv/.local/bin:/opt/ros/humble/bin:/home/aiv/.nvm/versions/node/v24.13.0/bin:/usr/local/cuda-12.6/bin:/usr/local/sbin:/usr/local/bin:/usr/sbin:/usr/bin:/sbin:/bin:/usr/games:/usr/local/games:/snap/bin:/snap/bin'), ('SESSION_MANAGER', 'local/aiv:@/tmp/.ICE-unix/2556,unix/aiv:/tmp/.ICE-unix/2556'), ('INVOCATION_ID', '1e48b71c64b846adb5029138dd925edc'), ('COREPACK_ENABLE_AUTO_PIN', '0'), ('XDG_MENU_PREFIX', 'gnome-'), ('LC_ADDRESS', 'ko_KR.UTF-8'), ('XDG_RUNTIME_DIR', '/run/user/1000'), ('DISPLAY', ':1'), ('TERMINATOR_DBUS_PATH', '/net/tenshu/Terminator2'), ('NoDefaultCurrentDirectoryInExePath', '1'), ('LANG', 'en_US.UTF-8'), ('XDG_CURRENT_DESKTOP', 'ubuntu:GNOME'), ('IBUS_DISABLE_SNOOPER', '1'), ('LC_TELEPHONE', 'ko_KR.UTF-8'), ('XMODIFIERS', '@im=ibus'), ('XDG_SESSION_DESKTOP', 'ubuntu'), ('XAUTHORITY', '/run/user/1000/gdm/Xauthority'), ('SSH_AGENT_LAUNCHER', 'gnome-keyring'), ('SSH_AUTH_SOCK', '/run/user/1000/keyring/ssh'), ('AMENT_PREFIX_PATH', '/home/aiv/ev_ws/planning/install/track_planning:/home/aiv/ev_ws/planning/install/track_msgs:/home/aiv/ev_ws/carsa_gazebo/install/carsa_gazebo:/home/aiv/ev_ws/erp42_ros/install/erp42_serial:/home/aiv/ev_ws/erp42_ros/install/erp42_rqt_plugin:/home/aiv/ev_ws/erp42_ros/install/erp42_gazebo:/home/aiv/ev_ws/erp42_ros/install/erp42_util:/home/aiv/ev_ws/erp42_ros/install/erp42_msgs:/home/aiv/ev_ws/erp42_ros/install/erp42_description:/home/aiv/ev_ws/erp42_ros/install/erp42_cmake:/home/aiv/ev_ws/perception/install/velodyne:/home/aiv/ev_ws/perception/install/lidar_launch:/home/aiv/ev_ws/perception/install/velodyne_pointcloud:/home/aiv/ev_ws/perception/install/velodyne_driver:/home/aiv/ev_ws/perception/install/velodyne_msgs:/home/aiv/ev_ws/perception/install/velodyne_laserscan:/home/aiv/ev_ws/perception/install/velodyne_cropbox:/home/aiv/ev_ws/perception/install/patchworkpp:/home/aiv/ev_ws/perception/install/lidar_voxel_grid:/home/aiv/ev_ws/perception/install/lidar_interfaces:/home/aiv/ev_ws/perception/install/dbscan_clustering:/home/aiv/ev_ws/perception/install/cluster_splitter:/opt/ros/humble'), ('SHELL', '/bin/bash'), ('LC_NAME', 'ko_KR.UTF-8'), ('TERMINATOR_UUID', 'urn:uuid:8a5ea92a-2740-47e4-b74e-c567117d0d1a'), ('QT_ACCESSIBILITY', '1'), ('GDMSESSION', 'ubuntu'), ('CLAUDECODE', '1'), ('LC_MEASUREMENT', 'ko_KR.UTF-8'), ('GPG_AGENT_INFO', '/run/user/1000/gnupg/S.gpg-agent:0:1'), ('GJS_DEBUG_OUTPUT', 'stderr'), ('LC_IDENTIFICATION', 'ko_KR.UTF-8'), ('QT_IM_MODULE', 'ibus'), ('PWD', '/home/aiv/ev_ws/planning/build/track_planning'), ('LC_ALL', 'en_US.UTF-8'), ('XDG_CONFIG_DIRS', '/etc/xdg/xdg-ubuntu:/etc/xdg'), ('NVM_CD_FLAGS', ''), ('XDG_DATA_DIRS', '/usr/share/ubuntu:/usr/share/gnome:/usr/local/share/:/usr/share/:/var/lib/snapd/desktop'), ('PYTHONPATH', '/home/aiv/ev_ws/planning/install/track_msgs/local/lib/python3.10/dist-packages:/home/aiv/ev_ws/erp42_ros/install/erp42_msgs/local/lib/python3.10/dist-packages:/home/aiv/ev_ws/perception/install/velodyne_msgs/local/lib/python3.10/dist-packages:/home/aiv/ev_ws/perception/install/lidar_interfaces/local/lib/python3.10/dist-packages:/opt/ros/humble/lib/python3.10/site-packages:/opt/ros/humble/local/lib/python3.10/dist-packages'), ('LC_NUMERIC', 'ko_KR.UTF-8'), ('LC_PAPER', 'ko_KR.UTF-8'), ('COLCON', '1'), ('VTE_VERSION', '6800'), ('EDITOR', 'code --wait'), ('CMAKE_PREFIX_PATH', '/home/aiv/ev_ws/planning/install/track_msgs:/home/aiv/ev_ws/planning/install/track_planning:/home/aiv/ev_ws/carsa_gazebo/install/carsa_gazebo:/home/aiv/ev_ws/erp42_ros/install/erp42_serial:/home/aiv/ev_ws/erp42_ros/install/erp42_rqt_plugin:/home/aiv/ev_ws/erp42_ros/install/erp42_gazebo:/home/aiv/ev_ws/erp42_ros/install/erp42_util:/home/aiv/ev_ws/erp42_ros/install/erp42_msgs:/home/aiv/ev_ws/erp42_ros/install/erp42_description:/home/aiv/ev_ws/erp42_ros/install/erp42_cmake:/home/aiv/ev_ws/perception/install/velodyne:/home/aiv/ev_ws/perception/install/lidar_launch:/home/aiv/ev_ws/perception/install/velodyne_pointcloud:/home/aiv/ev_ws/perception/install/velodyne_driver:/home/aiv/ev_ws/perception/install/velodyne_msgs:/home/aiv/ev_ws/perception/install/velodyne_laserscan:/home/aiv/ev_ws/perception/install/velodyne_cropbox:/home/aiv/ev_ws/perception/install/patchworkpp:/home/aiv/ev_ws/perception/install/lidar_voxel_grid:/home/aiv/ev_ws/perception/install/lidar_interfaces:/home/aiv/ev_ws/perception/install/dbscan_clustering:/home/aiv/ev_ws/perception/install/cluster_splitter:/opt/ros/humble')]), 'shell': False}
[1.843623] (track_planning) StdoutLine: {'line': b'-- Install configuration: ""\n'}
[1.843758] (track_planning) StdoutLine: {'line': b'-- Installing: /home/aiv/ev_ws/planning/install/track_planning/lib/libtrack_planning_corridor.so\n'}
[1.844058] (track_planning) StdoutLine: {'line': b'-- Set runtime path of "/home/aiv/ev_ws/planning/install/track_planning/lib/libtrack_planning_corridor.so" to ""\n'}
[1.844147] (track_planning) StdoutLine: {'line': b'-- Installing: /home/aiv/ev_ws/planning/install/track_planning/lib/libtrack_planning_costmap.so\n'}
[1.844413] (track_planning) StdoutLine: {'line': b'-- Set runtime path of "/home/aiv/ev_ws/planning/install/track_planning/lib/libtrack_planning_costmap.so" to ""\n'}
[1.844467] (track_planning) StdoutLine: {'line': b'-- Up-to-date: /home/aiv/ev_ws/planning/install/track_planning/include\n'}
[1.844517] (track_planning) StdoutLine: {'line': b'-- Up-to-date: /home/aiv/ev_ws/planning/install/track_planning/include/track_planning\n'}
[1.844569] (track_planning) StdoutLine: {'line': b'-- Up-to-date: /home/aiv/ev_ws/planning/install/track_planning/include/track_planning/corridor\n'}
[1.844618] (track_planning) StdoutLine: {'line': b'-- Up-to-date: /home/aiv/ev_ws/planning/install/track_planning/include/track_planning/corridor/corridor_builder.hpp\n'}
[1.844668] (track_planning) StdoutLine: {'line': b'-- Up-to-date: /home/aiv/ev_ws/planning/install/track_planning/include/track_planning/corridor/virtual_boundary.hpp\n'}
[1.844717] (track_planning) StdoutLine: {'line': b'-- Installing: /home/aiv/ev_ws/planning/install/track_planning/include/track_planning/corridor/centerline_builder.hpp\n'}
[1.845023] (track_planning) StdoutLine: {'line': b'-- Up-to-date: /home/aiv/ev_ws/planning/install/track_planning/include/track_planning/corridor/pair_validator.hpp\n'}
[1.845225] (track_planning) StdoutLine: {'line': b'-- Up-to-date: /home/aiv/ev_ws/planning/install/track_planning/include/track_planning/costmap\n'}
[1.845272] (track_planning) StdoutLine: {'line': b'-- Installing: /home/aiv/ev_ws/planning/install/track_planning/include/track_planning/costmap/costmap_validation_builder.hpp\n'}
[1.845318] (track_planning) StdoutLine: {'line': b'-- Installing: /home/aiv/ev_ws/planning/install/track_planning/include/track_planning/costmap/inflation.hpp\n'}
[1.845365] (track_planning) StdoutLine: {'line': b'-- Up-to-date: /home/aiv/ev_ws/planning/install/track_planning/include/track_planning/common\n'}
[1.845412] (track_planning) StdoutLine: {'line': b'-- Up-to-date: /home/aiv/ev_ws/planning/install/track_planning/include/track_planning/common/geometry.hpp\n'}
[1.845458] (track_planning) StdoutLine: {'line': b'-- Up-to-date: /home/aiv/ev_ws/planning/install/track_planning/include/track_planning/common/types.hpp\n'}
[1.845517] (track_planning) StdoutLine: {'line': b'-- Up-to-date: /home/aiv/ev_ws/planning/install/track_planning/include/track_planning/common/params.hpp\n'}
[1.845564] (track_planning) StdoutLine: {'line': b'-- Up-to-date: /home/aiv/ev_ws/planning/install/track_planning/include/track_planning/common/debug_publish.hpp\n'}
[1.845610] (track_planning) StdoutLine: {'line': b'-- Up-to-date: /home/aiv/ev_ws/planning/install/track_planning/include/track_planning/goal\n'}
[1.845655] (track_planning) StdoutLine: {'line': b'-- Up-to-date: /home/aiv/ev_ws/planning/install/track_planning/share/track_planning/config\n'}
[1.845708] (track_planning) StdoutLine: {'line': b'-- Up-to-date: /home/aiv/ev_ws/planning/install/track_planning/share/track_planning/config/planning.yaml\n'}
[1.845760] (track_planning) StdoutLine: {'line': b'-- Up-to-date: /home/aiv/ev_ws/planning/install/track_planning/share/track_planning/launch\n'}
[1.845812] (track_planning) StdoutLine: {'line': b'-- Up-to-date: /home/aiv/ev_ws/planning/install/track_planning/share/ament_index/resource_index/package_run_dependencies/track_planning\n'}
[1.845861] (track_planning) StdoutLine: {'line': b'-- Up-to-date: /home/aiv/ev_ws/planning/install/track_planning/share/ament_index/resource_index/parent_prefix_path/track_planning\n'}
[1.846033] (track_planning) StdoutLine: {'line': b'-- Up-to-date: /home/aiv/ev_ws/planning/install/track_planning/share/track_planning/environment/ament_prefix_path.sh\n'}
[1.846086] (track_planning) StdoutLine: {'line': b'-- Installing: /home/aiv/ev_ws/planning/install/track_planning/share/track_planning/environment/ament_prefix_path.dsv\n'}
[1.846135] (track_planning) StdoutLine: {'line': b'-- Up-to-date: /home/aiv/ev_ws/planning/install/track_planning/share/track_planning/environment/path.sh\n'}
[1.846203] (track_planning) StdoutLine: {'line': b'-- Installing: /home/aiv/ev_ws/planning/install/track_planning/share/track_planning/environment/path.dsv\n'}
[1.846255] (track_planning) StdoutLine: {'line': b'-- Up-to-date: /home/aiv/ev_ws/planning/install/track_planning/share/track_planning/local_setup.bash\n'}
[1.846305] (track_planning) StdoutLine: {'line': b'-- Up-to-date: /home/aiv/ev_ws/planning/install/track_planning/share/track_planning/local_setup.sh\n'}
[1.846354] (track_planning) StdoutLine: {'line': b'-- Up-to-date: /home/aiv/ev_ws/planning/install/track_planning/share/track_planning/local_setup.zsh\n'}
[1.846405] (track_planning) StdoutLine: {'line': b'-- Installing: /home/aiv/ev_ws/planning/install/track_planning/share/track_planning/local_setup.dsv\n'}
[1.846457] (track_planning) StdoutLine: {'line': b'-- Installing: /home/aiv/ev_ws/planning/install/track_planning/share/track_planning/package.dsv\n'}
[1.846509] (track_planning) StdoutLine: {'line': b'-- Up-to-date: /home/aiv/ev_ws/planning/install/track_planning/share/ament_index/resource_index/packages/track_planning\n'}
[1.846561] (track_planning) StdoutLine: {'line': b'-- Up-to-date: /home/aiv/ev_ws/planning/install/track_planning/share/track_planning/cmake/track_planningConfig.cmake\n'}
[1.846613] (track_planning) StdoutLine: {'line': b'-- Up-to-date: /home/aiv/ev_ws/planning/install/track_planning/share/track_planning/cmake/track_planningConfig-version.cmake\n'}
[1.846665] (track_planning) StdoutLine: {'line': b'-- Up-to-date: /home/aiv/ev_ws/planning/install/track_planning/share/track_planning/package.xml\n'}
[1.846899] (track_planning) CommandEnded: {'returncode': 0}
[1.856223] (track_planning) JobEnded: {'identifier': 'track_planning', 'rc': 0}
[1.856484] (-) EventReactorShutdown: {}
