[0.000000] (-) TimerEvent: {}
[0.000183] (planning_lc_ver) JobQueued: {'identifier': 'planning_lc_ver', 'dependencies': OrderedDict()}
[0.000211] (planning_lc_ver) JobStarted: {'identifier': 'planning_lc_ver'}
[0.005734] (planning_lc_ver) JobProgress: {'identifier': 'planning_lc_ver', 'progress': 'cmake'}
[0.006055] (planning_lc_ver) Command: {'cmd': ['/usr/bin/cmake', '/home/aiv/ev_ws/planning/src/planning_lc_ver', '-DAMENT_CMAKE_SYMLINK_INSTALL=1', '-DCMAKE_INSTALL_PREFIX=/home/aiv/ev_ws/planning/install/planning_lc_ver'], 'cwd': '/home/aiv/ev_ws/planning/build/planning_lc_ver', 'env': OrderedDict([('GJS_DEBUG_TOPICS', 'JS ERROR;JS LOG'), ('USER', 'aiv'), ('LC_TIME', 'ko_KR.UTF-8'), ('XDG_SESSION_TYPE', 'x11'), ('SHLVL', '1'), ('LD_LIBRARY_PATH', '/home/aiv/ev_ws/planning/install/planning_lc_ver/lib:/usr/local/cuda-12.6/lib64:/usr/local/cuda-12.6/lib64:/home/aiv/ev_ws/ev_msgs/install/ev_msgs/lib:/home/aiv/ev_ws/perception/install/make_cylinder/lib:/usr/local/cuda-12.6/lib64:/usr/local/cuda-12.6/lib64:/home/aiv/ev_ws/planning/install/planning_mr_ver/lib:/home/aiv/ev_ws/planning/install/track_msgs/lib:/usr/local/cuda-12.6/lib64:/home/aiv/ev_ws/erp42_ros/install/erp42_serial/lib:/home/aiv/ev_ws/erp42_ros/install/erp42_rqt_plugin/lib:/home/aiv/ev_ws/erp42_ros/install/erp42_gazebo/lib:/home/aiv/ev_ws/erp42_ros/install/erp42_util/lib:/home/aiv/ev_ws/erp42_ros/install/erp42_msgs/lib:/home/aiv/ev_ws/perception/install/velodyne_pointcloud/lib:/home/aiv/ev_ws/perception/install/velodyne_driver/lib:/home/aiv/ev_ws/perception/install/velodyne_msgs/lib:/home/aiv/ev_ws/perception/install/velodyne_laserscan/lib:/home/aiv/ev_ws/perception/install/velodyne_cropbox/lib:/home/aiv/ev_ws/perception/install/patchworkpp/lib:/home/aiv/ev_ws/perception/install/lidar_voxel_grid/lib:/home/aiv/ev_ws/perception/install/lidar_interfaces/lib:/home/aiv/ev_ws/perception/install/dbscan_clustering/lib:/home/aiv/ev_ws/perception/install/cluster_splitter/lib:/usr/lib/x86_64-linux-gnu/gazebo-11/plugins:/opt/ros/humble/opt/rviz_ogre_vendor/lib:/opt/ros/humble/lib/x86_64-linux-gnu:/opt/ros/humble/lib:/usr/local/cuda-12.6/lib64'), ('HOME', '/home/aiv'), ('OLDPWD', '/home/aiv/ev_ws'), ('DESKTOP_SESSION', 'ubuntu'), ('NVM_BIN', '/home/aiv/.nvm/versions/node/v24.13.1/bin'), ('NVM_INC', '/home/aiv/.nvm/versions/node/v24.13.1/include/node'), ('GIO_LAUNCHED_DESKTOP_FILE', '/usr/share/applications/terminator.desktop'), ('ROS_PYTHON_VERSION', '3'), ('GNOME_SHELL_SESSION_MODE', 'ubuntu'), ('GTK_MODULES', 'gail:atk-bridge'), ('LC_MONETARY', 'ko_KR.UTF-8'), ('MANAGERPID', '1839'), ('SYSTEMD_EXEC_PID', '2596'), ('DBUS_SESSION_BUS_ADDRESS', 'unix:path=/run/user/1000/bus'), ('COLORTERM', 'truecolor'), ('TERMINATOR_DBUS_NAME', 'net.tenshu.Terminator23558193cd9818af7fe4d2c2f5bd9d00f'), ('GIO_LAUNCHED_DESKTOP_FILE_PID', '6376'), ('NVM_DIR', '/home/aiv/.nvm'), ('COLCON_PREFIX_PATH', '/home/aiv/ev_ws/planning/install:/home/aiv/ev_ws/perception/install:/home/aiv/ev_ws/ev_msgs/install:/home/aiv/ev_ws/carsa_gazebo/install:/home/aiv/ev_ws/erp42_ros/install'), ('ROS_DISTRO', 'humble'), ('GTK_IM_MODULE', 'ibus'), ('LOGNAME', 'aiv'), ('JOURNAL_STREAM', '8:14626'), ('_', '/usr/bin/colcon'), ('ROS_VERSION', '2'), ('XDG_SESSION_CLASS', 'user'), ('USERNAME', 'aiv'), ('TERM', 'xterm-256color'), ('GNOME_DESKTOP_SESSION_ID', 'this-is-deprecated'), ('ROS_LOCALHOST_ONLY', '0'), ('WINDOWPATH', '2'), ('PATH', '/usr/local/cuda-12.6/bin:/usr/local/cuda-12.6/bin:/usr/local/cuda-12.6/bin:/usr/local/cuda-12.6/bin:/usr/local/cuda-12.6/bin:/home/aiv/.local/bin:/opt/ros/humble/bin:/home/aiv/.nvm/versions/node/v24.13.1/bin:/usr/local/cuda-12.6/bin:/usr/local/sbin:/usr/local/bin:/usr/sbin:/usr/bin:/sbin:/bin:/usr/games:/usr/local/games:/snap/bin:/snap/bin'), ('SESSION_MANAGER', 'local/aiv:@/tmp/.ICE-unix/2567,unix/aiv:/tmp/.ICE-unix/2567'), ('INVOCATION_ID', '0568b3f95aa24871a61c02a9dcac9b80'), ('XDG_MENU_PREFIX', 'gnome-'), ('LC_ADDRESS', 'ko_KR.UTF-8'), ('XDG_RUNTIME_DIR', '/run/user/1000'), ('DISPLAY', ':1'), ('TERMINATOR_DBUS_PATH', '/net/tenshu/Terminator2'), ('LANG', 'en_US.UTF-8'), ('XDG_CURRENT_DESKTOP', 'ubuntu:GNOME'), ('IBUS_DISABLE_SNOOPER', '1'), ('LC_TELEPHONE', 'ko_KR.UTF-8'), ('XMODIFIERS', '@im=ibus'), ('XDG_SESSION_DESKTOP', 'ubuntu'), ('XAUTHORITY', '/run/user/1000/gdm/Xauthority'), ('SSH_AGENT_LAUNCHER', 'gnome-keyring'), ('SSH_AUTH_SOCK', '/run/user/1000/keyring/ssh'), ('AMENT_PREFIX_PATH', '/home/aiv/ev_ws/planning/install/planning_lc_ver:/home/aiv/ev_ws/ev_msgs/install/ev_msgs:/home/aiv/ev_ws/perception/install/make_cylinder:/home/aiv/ev_ws/planning/install/planning_mr_ver:/home/aiv/ev_ws/planning/install/track_msgs:/home/aiv/ev_ws/carsa_gazebo/install/carsa_gazebo:/home/aiv/ev_ws/erp42_ros/install/erp42_serial:/home/aiv/ev_ws/erp42_ros/install/erp42_rqt_plugin:/home/aiv/ev_ws/erp42_ros/install/erp42_gazebo:/home/aiv/ev_ws/erp42_ros/install/erp42_util:/home/aiv/ev_ws/erp42_ros/install/erp42_msgs:/home/aiv/ev_ws/erp42_ros/install/erp42_description:/home/aiv/ev_ws/erp42_ros/install/erp42_cmake:/home/aiv/ev_ws/perception/install/velodyne:/home/aiv/ev_ws/perception/install/lidar_launch:/home/aiv/ev_ws/perception/install/velodyne_pointcloud:/home/aiv/ev_ws/perception/install/velodyne_driver:/home/aiv/ev_ws/perception/install/velodyne_msgs:/home/aiv/ev_ws/perception/install/velodyne_laserscan:/home/aiv/ev_ws/perception/install/velodyne_cropbox:/home/aiv/ev_ws/perception/install/patchworkpp:/home/aiv/ev_ws/perception/install/lidar_voxel_grid:/home/aiv/ev_ws/perception/install/lidar_interfaces:/home/aiv/ev_ws/perception/install/dbscan_clustering:/home/aiv/ev_ws/perception/install/cluster_splitter:/opt/ros/humble'), ('SHELL', '/bin/bash'), ('LC_NAME', 'ko_KR.UTF-8'), ('TERMINATOR_UUID', 'urn:uuid:b9c2d4ac-81c7-439c-870c-61cfe5ca8ac1'), ('QT_ACCESSIBILITY', '1'), ('GDMSESSION', 'ubuntu'), ('LC_MEASUREMENT', 'ko_KR.UTF-8'), ('GPG_AGENT_INFO', '/run/user/1000/gnupg/S.gpg-agent:0:1'), ('GJS_DEBUG_OUTPUT', 'stderr'), ('LC_IDENTIFICATION', 'ko_KR.UTF-8'), ('QT_IM_MODULE', 'ibus'), ('PWD', '/home/aiv/ev_ws/planning/build/planning_lc_ver'), ('LC_ALL', 'en_US.UTF-8'), ('XDG_CONFIG_DIRS', '/etc/xdg/xdg-ubuntu:/etc/xdg'), ('NVM_CD_FLAGS', ''), ('XDG_DATA_DIRS', '/usr/share/ubuntu:/usr/share/gnome:/usr/local/share/:/usr/share/:/var/lib/snapd/desktop'), ('PYTHONPATH', '/home/aiv/ev_ws/ev_msgs/install/ev_msgs/local/lib/python3.10/dist-packages:/home/aiv/ev_ws/planning/install/track_msgs/local/lib/python3.10/dist-packages:/home/aiv/ev_ws/erp42_ros/install/erp42_msgs/local/lib/python3.10/dist-packages:/home/aiv/ev_ws/perception/install/velodyne_msgs/local/lib/python3.10/dist-packages:/home/aiv/ev_ws/perception/install/lidar_interfaces/local/lib/python3.10/dist-packages:/opt/ros/humble/lib/python3.10/site-packages:/opt/ros/humble/local/lib/python3.10/dist-packages'), ('LC_NUMERIC', 'ko_KR.UTF-8'), ('LC_PAPER', 'ko_KR.UTF-8'), ('COLCON', '1'), ('VTE_VERSION', '6800'), ('EDITOR', 'code --wait'), ('CMAKE_PREFIX_PATH', '/home/aiv/ev_ws/planning/install/planning_lc_ver:/home/aiv/ev_ws/ev_msgs/install/ev_msgs:/home/aiv/ev_ws/perception/install/make_cylinder:/home/aiv/ev_ws/planning/install/planning_mr_ver:/home/aiv/ev_ws/planning/install/track_msgs:/home/aiv/ev_ws/carsa_gazebo/install/carsa_gazebo:/home/aiv/ev_ws/erp42_ros/install/erp42_serial:/home/aiv/ev_ws/erp42_ros/install/erp42_rqt_plugin:/home/aiv/ev_ws/erp42_ros/install/erp42_gazebo:/home/aiv/ev_ws/erp42_ros/install/erp42_util:/home/aiv/ev_ws/erp42_ros/install/erp42_msgs:/home/aiv/ev_ws/erp42_ros/install/erp42_description:/home/aiv/ev_ws/erp42_ros/install/erp42_cmake:/home/aiv/ev_ws/perception/install/velodyne:/home/aiv/ev_ws/perception/install/lidar_launch:/home/aiv/ev_ws/perception/install/velodyne_pointcloud:/home/aiv/ev_ws/perception/install/velodyne_driver:/home/aiv/ev_ws/perception/install/velodyne_msgs:/home/aiv/ev_ws/perception/install/velodyne_laserscan:/home/aiv/ev_ws/perception/install/velodyne_cropbox:/home/aiv/ev_ws/perception/install/patchworkpp:/home/aiv/ev_ws/perception/install/lidar_voxel_grid:/home/aiv/ev_ws/perception/install/lidar_interfaces:/home/aiv/ev_ws/perception/install/dbscan_clustering:/home/aiv/ev_ws/perception/install/cluster_splitter:/opt/ros/humble')]), 'shell': False}
[0.044741] (planning_lc_ver) StdoutLine: {'line': b'-- The C compiler identification is GNU 11.4.0\n'}
[0.078783] (planning_lc_ver) StdoutLine: {'line': b'-- The CXX compiler identification is GNU 11.4.0\n'}
[0.083812] (planning_lc_ver) StdoutLine: {'line': b'-- Detecting C compiler ABI info\n'}
[0.099600] (-) TimerEvent: {}
[0.127219] (planning_lc_ver) StdoutLine: {'line': b'-- Detecting C compiler ABI info - done\n'}
[0.130926] (planning_lc_ver) StdoutLine: {'line': b'-- Check for working C compiler: /usr/bin/cc - skipped\n'}
[0.131021] (planning_lc_ver) StdoutLine: {'line': b'-- Detecting C compile features\n'}
[0.131294] (planning_lc_ver) StdoutLine: {'line': b'-- Detecting C compile features - done\n'}
[0.132851] (planning_lc_ver) StdoutLine: {'line': b'-- Detecting CXX compiler ABI info\n'}
[0.180019] (planning_lc_ver) StdoutLine: {'line': b'-- Detecting CXX compiler ABI info - done\n'}
[0.183767] (planning_lc_ver) StdoutLine: {'line': b'-- Check for working CXX compiler: /usr/bin/c++ - skipped\n'}
[0.183933] (planning_lc_ver) StdoutLine: {'line': b'-- Detecting CXX compile features\n'}
[0.184179] (planning_lc_ver) StdoutLine: {'line': b'-- Detecting CXX compile features - done\n'}
[0.185919] (planning_lc_ver) StdoutLine: {'line': b'-- Found ament_cmake: 1.3.12 (/opt/ros/humble/share/ament_cmake/cmake)\n'}
[0.199674] (-) TimerEvent: {}
[0.281726] (planning_lc_ver) StdoutLine: {'line': b'-- Found Python3: /usr/bin/python3 (found version "3.10.12") found components: Interpreter \n'}
[0.299918] (-) TimerEvent: {}
[0.316443] (planning_lc_ver) StdoutLine: {'line': b'-- Override CMake install command with custom implementation using symlinks instead of copying resources\n'}
[0.339422] (planning_lc_ver) StdoutLine: {'line': b'-- Found rclcpp: 16.0.17 (/opt/ros/humble/share/rclcpp/cmake)\n'}
[0.367303] (planning_lc_ver) StdoutLine: {'line': b'-- Found rosidl_generator_c: 3.1.8 (/opt/ros/humble/share/rosidl_generator_c/cmake)\n'}
[0.370790] (planning_lc_ver) StdoutLine: {'line': b'-- Found rosidl_adapter: 3.1.8 (/opt/ros/humble/share/rosidl_adapter/cmake)\n'}
[0.376148] (planning_lc_ver) StdoutLine: {'line': b'-- Found rosidl_generator_cpp: 3.1.8 (/opt/ros/humble/share/rosidl_generator_cpp/cmake)\n'}
[0.383966] (planning_lc_ver) StdoutLine: {'line': b'-- Using all available rosidl_typesupport_c: rosidl_typesupport_fastrtps_c;rosidl_typesupport_introspection_c\n'}
[0.394913] (planning_lc_ver) StdoutLine: {'line': b'-- Using all available rosidl_typesupport_cpp: rosidl_typesupport_fastrtps_cpp;rosidl_typesupport_introspection_cpp\n'}
[0.399960] (-) TimerEvent: {}
[0.424111] (planning_lc_ver) StdoutLine: {'line': b'-- Found rmw_implementation_cmake: 6.1.2 (/opt/ros/humble/share/rmw_implementation_cmake/cmake)\n'}
[0.426458] (planning_lc_ver) StdoutLine: {'line': b'-- Found rmw_fastrtps_cpp: 6.2.9 (/opt/ros/humble/share/rmw_fastrtps_cpp/cmake)\n'}
[0.486912] (planning_lc_ver) StdoutLine: {'line': b'-- Found OpenSSL: /usr/lib/x86_64-linux-gnu/libcrypto.so (found version "3.0.2")  \n'}
[0.500040] (-) TimerEvent: {}
[0.503800] (planning_lc_ver) StdoutLine: {'line': b'-- Found FastRTPS: /opt/ros/humble/include  \n'}
[0.527464] (planning_lc_ver) StdoutLine: {'line': b"-- Using RMW implementation 'rmw_fastrtps_cpp' as default\n"}
[0.533392] (planning_lc_ver) StdoutLine: {'line': b'-- Looking for pthread.h\n'}
[0.581037] (planning_lc_ver) StdoutLine: {'line': b'-- Looking for pthread.h - found\n'}
[0.581269] (planning_lc_ver) StdoutLine: {'line': b'-- Performing Test CMAKE_HAVE_LIBC_PTHREAD\n'}
[0.600113] (-) TimerEvent: {}
[0.627892] (planning_lc_ver) StdoutLine: {'line': b'-- Performing Test CMAKE_HAVE_LIBC_PTHREAD - Success\n'}
[0.628493] (planning_lc_ver) StdoutLine: {'line': b'-- Found Threads: TRUE  \n'}
[0.658017] (planning_lc_ver) StdoutLine: {'line': b'-- Found rclcpp_components: 16.0.17 (/opt/ros/humble/share/rclcpp_components/cmake)\n'}
[0.674384] (planning_lc_ver) StdoutLine: {'line': b'-- Found nav_msgs: 4.9.0 (/opt/ros/humble/share/nav_msgs/cmake)\n'}
[0.690668] (planning_lc_ver) StdoutLine: {'line': b'-- Found ev_msgs: 0.1.0 (/home/aiv/ev_ws/ev_msgs/install/ev_msgs/share/ev_msgs/cmake)\n'}
[0.700172] (-) TimerEvent: {}
[0.708856] (planning_lc_ver) StdoutLine: {'line': b'-- Found ament_lint_auto: 0.12.14 (/opt/ros/humble/share/ament_lint_auto/cmake)\n'}
[0.759164] (planning_lc_ver) StdoutLine: {'line': b"-- Added test 'cppcheck' to perform static code analysis on C / C++ code\n"}
[0.759403] (planning_lc_ver) StdoutLine: {'line': b'-- Configured cppcheck include dirs: /home/aiv/ev_ws/planning/src/planning_lc_ver/include\n'}
[0.759438] (planning_lc_ver) StdoutLine: {'line': b'-- Configured cppcheck exclude dirs and/or files: \n'}
[0.760041] (planning_lc_ver) StdoutLine: {'line': b"-- Added test 'flake8' to check Python code syntax and style conventions\n"}
[0.760511] (planning_lc_ver) StdoutLine: {'line': b"-- Added test 'lint_cmake' to check CMake code style\n"}
[0.761050] (planning_lc_ver) StdoutLine: {'line': b"-- Added test 'pep257' to check Python code against some of the docstring style conventions in PEP 257\n"}
[0.762106] (planning_lc_ver) StdoutLine: {'line': b"-- Added test 'uncrustify' to check C / C++ code style\n"}
[0.762157] (planning_lc_ver) StdoutLine: {'line': b'-- Configured uncrustify additional arguments: \n'}
[0.762598] (planning_lc_ver) StdoutLine: {'line': b"-- Added test 'xmllint' to check XML markup files\n"}
[0.763669] (planning_lc_ver) StdoutLine: {'line': b'-- Configuring done\n'}
[0.776842] (planning_lc_ver) StdoutLine: {'line': b'-- Generating done\n'}
[0.781759] (planning_lc_ver) StdoutLine: {'line': b'-- Build files have been written to: /home/aiv/ev_ws/planning/build/planning_lc_ver\n'}
[0.787738] (planning_lc_ver) CommandEnded: {'returncode': 0}
[0.788117] (planning_lc_ver) JobProgress: {'identifier': 'planning_lc_ver', 'progress': 'build'}
[0.789011] (planning_lc_ver) Command: {'cmd': ['/usr/bin/cmake', '--build', '/home/aiv/ev_ws/planning/build/planning_lc_ver', '--', '-j28', '-l28'], 'cwd': '/home/aiv/ev_ws/planning/build/planning_lc_ver', 'env': OrderedDict([('GJS_DEBUG_TOPICS', 'JS ERROR;JS LOG'), ('USER', 'aiv'), ('LC_TIME', 'ko_KR.UTF-8'), ('XDG_SESSION_TYPE', 'x11'), ('SHLVL', '1'), ('LD_LIBRARY_PATH', '/home/aiv/ev_ws/planning/install/planning_lc_ver/lib:/usr/local/cuda-12.6/lib64:/usr/local/cuda-12.6/lib64:/home/aiv/ev_ws/ev_msgs/install/ev_msgs/lib:/home/aiv/ev_ws/perception/install/make_cylinder/lib:/usr/local/cuda-12.6/lib64:/usr/local/cuda-12.6/lib64:/home/aiv/ev_ws/planning/install/planning_mr_ver/lib:/home/aiv/ev_ws/planning/install/track_msgs/lib:/usr/local/cuda-12.6/lib64:/home/aiv/ev_ws/erp42_ros/install/erp42_serial/lib:/home/aiv/ev_ws/erp42_ros/install/erp42_rqt_plugin/lib:/home/aiv/ev_ws/erp42_ros/install/erp42_gazebo/lib:/home/aiv/ev_ws/erp42_ros/install/erp42_util/lib:/home/aiv/ev_ws/erp42_ros/install/erp42_msgs/lib:/home/aiv/ev_ws/perception/install/velodyne_pointcloud/lib:/home/aiv/ev_ws/perception/install/velodyne_driver/lib:/home/aiv/ev_ws/perception/install/velodyne_msgs/lib:/home/aiv/ev_ws/perception/install/velodyne_laserscan/lib:/home/aiv/ev_ws/perception/install/velodyne_cropbox/lib:/home/aiv/ev_ws/perception/install/patchworkpp/lib:/home/aiv/ev_ws/perception/install/lidar_voxel_grid/lib:/home/aiv/ev_ws/perception/install/lidar_interfaces/lib:/home/aiv/ev_ws/perception/install/dbscan_clustering/lib:/home/aiv/ev_ws/perception/install/cluster_splitter/lib:/usr/lib/x86_64-linux-gnu/gazebo-11/plugins:/opt/ros/humble/opt/rviz_ogre_vendor/lib:/opt/ros/humble/lib/x86_64-linux-gnu:/opt/ros/humble/lib:/usr/local/cuda-12.6/lib64'), ('HOME', '/home/aiv'), ('OLDPWD', '/home/aiv/ev_ws'), ('DESKTOP_SESSION', 'ubuntu'), ('NVM_BIN', '/home/aiv/.nvm/versions/node/v24.13.1/bin'), ('NVM_INC', '/home/aiv/.nvm/versions/node/v24.13.1/include/node'), ('GIO_LAUNCHED_DESKTOP_FILE', '/usr/share/applications/terminator.desktop'), ('ROS_PYTHON_VERSION', '3'), ('GNOME_SHELL_SESSION_MODE', 'ubuntu'), ('GTK_MODULES', 'gail:atk-bridge'), ('LC_MONETARY', 'ko_KR.UTF-8'), ('MANAGERPID', '1839'), ('SYSTEMD_EXEC_PID', '2596'), ('DBUS_SESSION_BUS_ADDRESS', 'unix:path=/run/user/1000/bus'), ('COLORTERM', 'truecolor'), ('TERMINATOR_DBUS_NAME', 'net.tenshu.Terminator23558193cd9818af7fe4d2c2f5bd9d00f'), ('GIO_LAUNCHED_DESKTOP_FILE_PID', '6376'), ('NVM_DIR', '/home/aiv/.nvm'), ('COLCON_PREFIX_PATH', '/home/aiv/ev_ws/planning/install:/home/aiv/ev_ws/perception/install:/home/aiv/ev_ws/ev_msgs/install:/home/aiv/ev_ws/carsa_gazebo/install:/home/aiv/ev_ws/erp42_ros/install'), ('ROS_DISTRO', 'humble'), ('GTK_IM_MODULE', 'ibus'), ('LOGNAME', 'aiv'), ('JOURNAL_STREAM', '8:14626'), ('_', '/usr/bin/colcon'), ('ROS_VERSION', '2'), ('XDG_SESSION_CLASS', 'user'), ('USERNAME', 'aiv'), ('TERM', 'xterm-256color'), ('GNOME_DESKTOP_SESSION_ID', 'this-is-deprecated'), ('ROS_LOCALHOST_ONLY', '0'), ('WINDOWPATH', '2'), ('PATH', '/usr/local/cuda-12.6/bin:/usr/local/cuda-12.6/bin:/usr/local/cuda-12.6/bin:/usr/local/cuda-12.6/bin:/usr/local/cuda-12.6/bin:/home/aiv/.local/bin:/opt/ros/humble/bin:/home/aiv/.nvm/versions/node/v24.13.1/bin:/usr/local/cuda-12.6/bin:/usr/local/sbin:/usr/local/bin:/usr/sbin:/usr/bin:/sbin:/bin:/usr/games:/usr/local/games:/snap/bin:/snap/bin'), ('SESSION_MANAGER', 'local/aiv:@/tmp/.ICE-unix/2567,unix/aiv:/tmp/.ICE-unix/2567'), ('INVOCATION_ID', '0568b3f95aa24871a61c02a9dcac9b80'), ('XDG_MENU_PREFIX', 'gnome-'), ('LC_ADDRESS', 'ko_KR.UTF-8'), ('XDG_RUNTIME_DIR', '/run/user/1000'), ('DISPLAY', ':1'), ('TERMINATOR_DBUS_PATH', '/net/tenshu/Terminator2'), ('LANG', 'en_US.UTF-8'), ('XDG_CURRENT_DESKTOP', 'ubuntu:GNOME'), ('IBUS_DISABLE_SNOOPER', '1'), ('LC_TELEPHONE', 'ko_KR.UTF-8'), ('XMODIFIERS', '@im=ibus'), ('XDG_SESSION_DESKTOP', 'ubuntu'), ('XAUTHORITY', '/run/user/1000/gdm/Xauthority'), ('SSH_AGENT_LAUNCHER', 'gnome-keyring'), ('SSH_AUTH_SOCK', '/run/user/1000/keyring/ssh'), ('AMENT_PREFIX_PATH', '/home/aiv/ev_ws/planning/install/planning_lc_ver:/home/aiv/ev_ws/ev_msgs/install/ev_msgs:/home/aiv/ev_ws/perception/install/make_cylinder:/home/aiv/ev_ws/planning/install/planning_mr_ver:/home/aiv/ev_ws/planning/install/track_msgs:/home/aiv/ev_ws/carsa_gazebo/install/carsa_gazebo:/home/aiv/ev_ws/erp42_ros/install/erp42_serial:/home/aiv/ev_ws/erp42_ros/install/erp42_rqt_plugin:/home/aiv/ev_ws/erp42_ros/install/erp42_gazebo:/home/aiv/ev_ws/erp42_ros/install/erp42_util:/home/aiv/ev_ws/erp42_ros/install/erp42_msgs:/home/aiv/ev_ws/erp42_ros/install/erp42_description:/home/aiv/ev_ws/erp42_ros/install/erp42_cmake:/home/aiv/ev_ws/perception/install/velodyne:/home/aiv/ev_ws/perception/install/lidar_launch:/home/aiv/ev_ws/perception/install/velodyne_pointcloud:/home/aiv/ev_ws/perception/install/velodyne_driver:/home/aiv/ev_ws/perception/install/velodyne_msgs:/home/aiv/ev_ws/perception/install/velodyne_laserscan:/home/aiv/ev_ws/perception/install/velodyne_cropbox:/home/aiv/ev_ws/perception/install/patchworkpp:/home/aiv/ev_ws/perception/install/lidar_voxel_grid:/home/aiv/ev_ws/perception/install/lidar_interfaces:/home/aiv/ev_ws/perception/install/dbscan_clustering:/home/aiv/ev_ws/perception/install/cluster_splitter:/opt/ros/humble'), ('SHELL', '/bin/bash'), ('LC_NAME', 'ko_KR.UTF-8'), ('TERMINATOR_UUID', 'urn:uuid:b9c2d4ac-81c7-439c-870c-61cfe5ca8ac1'), ('QT_ACCESSIBILITY', '1'), ('GDMSESSION', 'ubuntu'), ('LC_MEASUREMENT', 'ko_KR.UTF-8'), ('GPG_AGENT_INFO', '/run/user/1000/gnupg/S.gpg-agent:0:1'), ('GJS_DEBUG_OUTPUT', 'stderr'), ('LC_IDENTIFICATION', 'ko_KR.UTF-8'), ('QT_IM_MODULE', 'ibus'), ('PWD', '/home/aiv/ev_ws/planning/build/planning_lc_ver'), ('LC_ALL', 'en_US.UTF-8'), ('XDG_CONFIG_DIRS', '/etc/xdg/xdg-ubuntu:/etc/xdg'), ('NVM_CD_FLAGS', ''), ('XDG_DATA_DIRS', '/usr/share/ubuntu:/usr/share/gnome:/usr/local/share/:/usr/share/:/var/lib/snapd/desktop'), ('PYTHONPATH', '/home/aiv/ev_ws/ev_msgs/install/ev_msgs/local/lib/python3.10/dist-packages:/home/aiv/ev_ws/planning/install/track_msgs/local/lib/python3.10/dist-packages:/home/aiv/ev_ws/erp42_ros/install/erp42_msgs/local/lib/python3.10/dist-packages:/home/aiv/ev_ws/perception/install/velodyne_msgs/local/lib/python3.10/dist-packages:/home/aiv/ev_ws/perception/install/lidar_interfaces/local/lib/python3.10/dist-packages:/opt/ros/humble/lib/python3.10/site-packages:/opt/ros/humble/local/lib/python3.10/dist-packages'), ('LC_NUMERIC', 'ko_KR.UTF-8'), ('LC_PAPER', 'ko_KR.UTF-8'), ('COLCON', '1'), ('VTE_VERSION', '6800'), ('EDITOR', 'code --wait'), ('CMAKE_PREFIX_PATH', '/home/aiv/ev_ws/planning/install/planning_lc_ver:/home/aiv/ev_ws/ev_msgs/install/ev_msgs:/home/aiv/ev_ws/perception/install/make_cylinder:/home/aiv/ev_ws/planning/install/planning_mr_ver:/home/aiv/ev_ws/planning/install/track_msgs:/home/aiv/ev_ws/carsa_gazebo/install/carsa_gazebo:/home/aiv/ev_ws/erp42_ros/install/erp42_serial:/home/aiv/ev_ws/erp42_ros/install/erp42_rqt_plugin:/home/aiv/ev_ws/erp42_ros/install/erp42_gazebo:/home/aiv/ev_ws/erp42_ros/install/erp42_util:/home/aiv/ev_ws/erp42_ros/install/erp42_msgs:/home/aiv/ev_ws/erp42_ros/install/erp42_description:/home/aiv/ev_ws/erp42_ros/install/erp42_cmake:/home/aiv/ev_ws/perception/install/velodyne:/home/aiv/ev_ws/perception/install/lidar_launch:/home/aiv/ev_ws/perception/install/velodyne_pointcloud:/home/aiv/ev_ws/perception/install/velodyne_driver:/home/aiv/ev_ws/perception/install/velodyne_msgs:/home/aiv/ev_ws/perception/install/velodyne_laserscan:/home/aiv/ev_ws/perception/install/velodyne_cropbox:/home/aiv/ev_ws/perception/install/patchworkpp:/home/aiv/ev_ws/perception/install/lidar_voxel_grid:/home/aiv/ev_ws/perception/install/lidar_interfaces:/home/aiv/ev_ws/perception/install/dbscan_clustering:/home/aiv/ev_ws/perception/install/cluster_splitter:/opt/ros/humble')]), 'shell': False}
[0.800256] (-) TimerEvent: {}
[0.822615] (planning_lc_ver) StdoutLine: {'line': b'[  8%] \x1b[32mBuilding CXX object CMakeFiles/planning_lc_chainer.dir/src/chainer/line_chainer.cpp.o\x1b[0m\n'}
[0.824911] (planning_lc_ver) StdoutLine: {'line': b'[ 16%] \x1b[32mBuilding CXX object CMakeFiles/lc_planner_node_exe.dir/rclcpp_components/node_main_lc_planner_node_exe.cpp.o\x1b[0m\n'}
[0.825519] (planning_lc_ver) StdoutLine: {'line': b'[ 25%] \x1b[32mBuilding CXX object CMakeFiles/planning_lc_costmap.dir/src/costmap/costmap_generator.cpp.o\x1b[0m\n'}
[0.826316] (planning_lc_ver) StdoutLine: {'line': b'[ 33%] \x1b[32mBuilding CXX object CMakeFiles/planning_lc_planner.dir/src/planner/magnetic_planner.cpp.o\x1b[0m\n'}
[0.826457] (planning_lc_ver) StdoutLine: {'line': b'[ 41%] \x1b[32mBuilding CXX object CMakeFiles/planning_lc_postprocess.dir/src/postprocess/path_postprocessor.cpp.o\x1b[0m\n'}
[0.900357] (-) TimerEvent: {}
[1.000615] (-) TimerEvent: {}
[1.100877] (-) TimerEvent: {}
[1.105422] (planning_lc_ver) StdoutLine: {'line': b'[ 50%] \x1b[32m\x1b[1mLinking CXX shared library libplanning_lc_postprocess.so\x1b[0m\n'}
[1.182183] (planning_lc_ver) StdoutLine: {'line': b'[ 50%] Built target planning_lc_postprocess\n'}
[1.200926] (-) TimerEvent: {}
[1.301207] (-) TimerEvent: {}
[1.401474] (-) TimerEvent: {}
[1.501788] (-) TimerEvent: {}
[1.602053] (-) TimerEvent: {}
[1.702333] (-) TimerEvent: {}
[1.802602] (-) TimerEvent: {}
[1.902885] (-) TimerEvent: {}
[2.003146] (-) TimerEvent: {}
[2.103425] (-) TimerEvent: {}
[2.203717] (-) TimerEvent: {}
[2.304025] (-) TimerEvent: {}
[2.318895] (planning_lc_ver) StdoutLine: {'line': b'[ 58%] \x1b[32m\x1b[1mLinking CXX shared library libplanning_lc_planner.so\x1b[0m\n'}
[2.319158] (planning_lc_ver) StdoutLine: {'line': b'[ 66%] \x1b[32m\x1b[1mLinking CXX shared library libplanning_lc_costmap.so\x1b[0m\n'}
[2.383602] (planning_lc_ver) StdoutLine: {'line': b'[ 75%] \x1b[32m\x1b[1mLinking CXX shared library libplanning_lc_chainer.so\x1b[0m\n'}
[2.404133] (-) TimerEvent: {}
[2.404406] (planning_lc_ver) StdoutLine: {'line': b'[ 75%] Built target planning_lc_planner\n'}
[2.416991] (planning_lc_ver) StdoutLine: {'line': b'[ 75%] Built target planning_lc_costmap\n'}
[2.443986] (planning_lc_ver) StdoutLine: {'line': b'[ 75%] Built target planning_lc_chainer\n'}
[2.458836] (planning_lc_ver) StdoutLine: {'line': b'[ 83%] \x1b[32mBuilding CXX object CMakeFiles/lc_planner_component.dir/src/nodes/lc_planner_node.cpp.o\x1b[0m\n'}
[2.501930] (planning_lc_ver) StdoutLine: {'line': b'[ 91%] \x1b[32m\x1b[1mLinking CXX executable lc_planner_node_exe\x1b[0m\n'}
[2.504195] (-) TimerEvent: {}
[2.571391] (planning_lc_ver) StdoutLine: {'line': b'[ 91%] Built target lc_planner_node_exe\n'}
[2.604289] (-) TimerEvent: {}
[2.704526] (-) TimerEvent: {}
[2.804774] (-) TimerEvent: {}
[2.905057] (-) TimerEvent: {}
[3.005303] (-) TimerEvent: {}
[3.105502] (-) TimerEvent: {}
[3.205718] (-) TimerEvent: {}
[3.305982] (-) TimerEvent: {}
[3.406185] (-) TimerEvent: {}
[3.506379] (-) TimerEvent: {}
[3.606577] (-) TimerEvent: {}
[3.706781] (-) TimerEvent: {}
[3.807014] (-) TimerEvent: {}
[3.907215] (-) TimerEvent: {}
[4.007412] (-) TimerEvent: {}
[4.107616] (-) TimerEvent: {}
[4.207817] (-) TimerEvent: {}
[4.308011] (-) TimerEvent: {}
[4.408216] (-) TimerEvent: {}
[4.508415] (-) TimerEvent: {}
[4.608660] (-) TimerEvent: {}
[4.708855] (-) TimerEvent: {}
[4.809085] (-) TimerEvent: {}
[4.909272] (-) TimerEvent: {}
[5.009495] (-) TimerEvent: {}
[5.109697] (-) TimerEvent: {}
[5.209893] (-) TimerEvent: {}
[5.310133] (-) TimerEvent: {}
[5.410604] (-) TimerEvent: {}
[5.510940] (-) TimerEvent: {}
[5.611228] (-) TimerEvent: {}
[5.711481] (-) TimerEvent: {}
[5.811710] (-) TimerEvent: {}
[5.911981] (-) TimerEvent: {}
[6.012211] (-) TimerEvent: {}
[6.112413] (-) TimerEvent: {}
[6.212637] (-) TimerEvent: {}
[6.312891] (-) TimerEvent: {}
[6.413169] (-) TimerEvent: {}
[6.513411] (-) TimerEvent: {}
[6.613642] (-) TimerEvent: {}
[6.713870] (-) TimerEvent: {}
[6.814093] (-) TimerEvent: {}
[6.914290] (-) TimerEvent: {}
[7.014483] (-) TimerEvent: {}
[7.114667] (-) TimerEvent: {}
[7.214861] (-) TimerEvent: {}
[7.315067] (-) TimerEvent: {}
[7.415274] (-) TimerEvent: {}
[7.515472] (-) TimerEvent: {}
[7.615674] (-) TimerEvent: {}
[7.715893] (-) TimerEvent: {}
[7.816142] (-) TimerEvent: {}
[7.916350] (-) TimerEvent: {}
[8.016542] (-) TimerEvent: {}
[8.116726] (-) TimerEvent: {}
[8.216921] (-) TimerEvent: {}
[8.317143] (-) TimerEvent: {}
[8.417376] (-) TimerEvent: {}
[8.479274] (planning_lc_ver) StdoutLine: {'line': b'[100%] \x1b[32m\x1b[1mLinking CXX shared library liblc_planner_component.so\x1b[0m\n'}
[8.517464] (-) TimerEvent: {}
[8.617668] (-) TimerEvent: {}
[8.717883] (-) TimerEvent: {}
[8.804681] (planning_lc_ver) StdoutLine: {'line': b'[100%] Built target lc_planner_component\n'}
[8.813157] (planning_lc_ver) CommandEnded: {'returncode': 0}
[8.813560] (planning_lc_ver) JobProgress: {'identifier': 'planning_lc_ver', 'progress': 'install'}
[8.817938] (-) TimerEvent: {}
[8.819261] (planning_lc_ver) Command: {'cmd': ['/usr/bin/cmake', '--install', '/home/aiv/ev_ws/planning/build/planning_lc_ver'], 'cwd': '/home/aiv/ev_ws/planning/build/planning_lc_ver', 'env': OrderedDict([('GJS_DEBUG_TOPICS', 'JS ERROR;JS LOG'), ('USER', 'aiv'), ('LC_TIME', 'ko_KR.UTF-8'), ('XDG_SESSION_TYPE', 'x11'), ('SHLVL', '1'), ('LD_LIBRARY_PATH', '/home/aiv/ev_ws/planning/install/planning_lc_ver/lib:/usr/local/cuda-12.6/lib64:/usr/local/cuda-12.6/lib64:/home/aiv/ev_ws/ev_msgs/install/ev_msgs/lib:/home/aiv/ev_ws/perception/install/make_cylinder/lib:/usr/local/cuda-12.6/lib64:/usr/local/cuda-12.6/lib64:/home/aiv/ev_ws/planning/install/planning_mr_ver/lib:/home/aiv/ev_ws/planning/install/track_msgs/lib:/usr/local/cuda-12.6/lib64:/home/aiv/ev_ws/erp42_ros/install/erp42_serial/lib:/home/aiv/ev_ws/erp42_ros/install/erp42_rqt_plugin/lib:/home/aiv/ev_ws/erp42_ros/install/erp42_gazebo/lib:/home/aiv/ev_ws/erp42_ros/install/erp42_util/lib:/home/aiv/ev_ws/erp42_ros/install/erp42_msgs/lib:/home/aiv/ev_ws/perception/install/velodyne_pointcloud/lib:/home/aiv/ev_ws/perception/install/velodyne_driver/lib:/home/aiv/ev_ws/perception/install/velodyne_msgs/lib:/home/aiv/ev_ws/perception/install/velodyne_laserscan/lib:/home/aiv/ev_ws/perception/install/velodyne_cropbox/lib:/home/aiv/ev_ws/perception/install/patchworkpp/lib:/home/aiv/ev_ws/perception/install/lidar_voxel_grid/lib:/home/aiv/ev_ws/perception/install/lidar_interfaces/lib:/home/aiv/ev_ws/perception/install/dbscan_clustering/lib:/home/aiv/ev_ws/perception/install/cluster_splitter/lib:/usr/lib/x86_64-linux-gnu/gazebo-11/plugins:/opt/ros/humble/opt/rviz_ogre_vendor/lib:/opt/ros/humble/lib/x86_64-linux-gnu:/opt/ros/humble/lib:/usr/local/cuda-12.6/lib64'), ('HOME', '/home/aiv'), ('OLDPWD', '/home/aiv/ev_ws'), ('DESKTOP_SESSION', 'ubuntu'), ('NVM_BIN', '/home/aiv/.nvm/versions/node/v24.13.1/bin'), ('NVM_INC', '/home/aiv/.nvm/versions/node/v24.13.1/include/node'), ('GIO_LAUNCHED_DESKTOP_FILE', '/usr/share/applications/terminator.desktop'), ('ROS_PYTHON_VERSION', '3'), ('GNOME_SHELL_SESSION_MODE', 'ubuntu'), ('GTK_MODULES', 'gail:atk-bridge'), ('LC_MONETARY', 'ko_KR.UTF-8'), ('MANAGERPID', '1839'), ('SYSTEMD_EXEC_PID', '2596'), ('DBUS_SESSION_BUS_ADDRESS', 'unix:path=/run/user/1000/bus'), ('COLORTERM', 'truecolor'), ('TERMINATOR_DBUS_NAME', 'net.tenshu.Terminator23558193cd9818af7fe4d2c2f5bd9d00f'), ('GIO_LAUNCHED_DESKTOP_FILE_PID', '6376'), ('NVM_DIR', '/home/aiv/.nvm'), ('COLCON_PREFIX_PATH', '/home/aiv/ev_ws/planning/install:/home/aiv/ev_ws/perception/install:/home/aiv/ev_ws/ev_msgs/install:/home/aiv/ev_ws/carsa_gazebo/install:/home/aiv/ev_ws/erp42_ros/install'), ('ROS_DISTRO', 'humble'), ('GTK_IM_MODULE', 'ibus'), ('LOGNAME', 'aiv'), ('JOURNAL_STREAM', '8:14626'), ('_', '/usr/bin/colcon'), ('ROS_VERSION', '2'), ('XDG_SESSION_CLASS', 'user'), ('USERNAME', 'aiv'), ('TERM', 'xterm-256color'), ('GNOME_DESKTOP_SESSION_ID', 'this-is-deprecated'), ('ROS_LOCALHOST_ONLY', '0'), ('WINDOWPATH', '2'), ('PATH', '/usr/local/cuda-12.6/bin:/usr/local/cuda-12.6/bin:/usr/local/cuda-12.6/bin:/usr/local/cuda-12.6/bin:/usr/local/cuda-12.6/bin:/home/aiv/.local/bin:/opt/ros/humble/bin:/home/aiv/.nvm/versions/node/v24.13.1/bin:/usr/local/cuda-12.6/bin:/usr/local/sbin:/usr/local/bin:/usr/sbin:/usr/bin:/sbin:/bin:/usr/games:/usr/local/games:/snap/bin:/snap/bin'), ('SESSION_MANAGER', 'local/aiv:@/tmp/.ICE-unix/2567,unix/aiv:/tmp/.ICE-unix/2567'), ('INVOCATION_ID', '0568b3f95aa24871a61c02a9dcac9b80'), ('XDG_MENU_PREFIX', 'gnome-'), ('LC_ADDRESS', 'ko_KR.UTF-8'), ('XDG_RUNTIME_DIR', '/run/user/1000'), ('DISPLAY', ':1'), ('TERMINATOR_DBUS_PATH', '/net/tenshu/Terminator2'), ('LANG', 'en_US.UTF-8'), ('XDG_CURRENT_DESKTOP', 'ubuntu:GNOME'), ('IBUS_DISABLE_SNOOPER', '1'), ('LC_TELEPHONE', 'ko_KR.UTF-8'), ('XMODIFIERS', '@im=ibus'), ('XDG_SESSION_DESKTOP', 'ubuntu'), ('XAUTHORITY', '/run/user/1000/gdm/Xauthority'), ('SSH_AGENT_LAUNCHER', 'gnome-keyring'), ('SSH_AUTH_SOCK', '/run/user/1000/keyring/ssh'), ('AMENT_PREFIX_PATH', '/home/aiv/ev_ws/planning/install/planning_lc_ver:/home/aiv/ev_ws/ev_msgs/install/ev_msgs:/home/aiv/ev_ws/perception/install/make_cylinder:/home/aiv/ev_ws/planning/install/planning_mr_ver:/home/aiv/ev_ws/planning/install/track_msgs:/home/aiv/ev_ws/carsa_gazebo/install/carsa_gazebo:/home/aiv/ev_ws/erp42_ros/install/erp42_serial:/home/aiv/ev_ws/erp42_ros/install/erp42_rqt_plugin:/home/aiv/ev_ws/erp42_ros/install/erp42_gazebo:/home/aiv/ev_ws/erp42_ros/install/erp42_util:/home/aiv/ev_ws/erp42_ros/install/erp42_msgs:/home/aiv/ev_ws/erp42_ros/install/erp42_description:/home/aiv/ev_ws/erp42_ros/install/erp42_cmake:/home/aiv/ev_ws/perception/install/velodyne:/home/aiv/ev_ws/perception/install/lidar_launch:/home/aiv/ev_ws/perception/install/velodyne_pointcloud:/home/aiv/ev_ws/perception/install/velodyne_driver:/home/aiv/ev_ws/perception/install/velodyne_msgs:/home/aiv/ev_ws/perception/install/velodyne_laserscan:/home/aiv/ev_ws/perception/install/velodyne_cropbox:/home/aiv/ev_ws/perception/install/patchworkpp:/home/aiv/ev_ws/perception/install/lidar_voxel_grid:/home/aiv/ev_ws/perception/install/lidar_interfaces:/home/aiv/ev_ws/perception/install/dbscan_clustering:/home/aiv/ev_ws/perception/install/cluster_splitter:/opt/ros/humble'), ('SHELL', '/bin/bash'), ('LC_NAME', 'ko_KR.UTF-8'), ('TERMINATOR_UUID', 'urn:uuid:b9c2d4ac-81c7-439c-870c-61cfe5ca8ac1'), ('QT_ACCESSIBILITY', '1'), ('GDMSESSION', 'ubuntu'), ('LC_MEASUREMENT', 'ko_KR.UTF-8'), ('GPG_AGENT_INFO', '/run/user/1000/gnupg/S.gpg-agent:0:1'), ('GJS_DEBUG_OUTPUT', 'stderr'), ('LC_IDENTIFICATION', 'ko_KR.UTF-8'), ('QT_IM_MODULE', 'ibus'), ('PWD', '/home/aiv/ev_ws/planning/build/planning_lc_ver'), ('LC_ALL', 'en_US.UTF-8'), ('XDG_CONFIG_DIRS', '/etc/xdg/xdg-ubuntu:/etc/xdg'), ('NVM_CD_FLAGS', ''), ('XDG_DATA_DIRS', '/usr/share/ubuntu:/usr/share/gnome:/usr/local/share/:/usr/share/:/var/lib/snapd/desktop'), ('PYTHONPATH', '/home/aiv/ev_ws/ev_msgs/install/ev_msgs/local/lib/python3.10/dist-packages:/home/aiv/ev_ws/planning/install/track_msgs/local/lib/python3.10/dist-packages:/home/aiv/ev_ws/erp42_ros/install/erp42_msgs/local/lib/python3.10/dist-packages:/home/aiv/ev_ws/perception/install/velodyne_msgs/local/lib/python3.10/dist-packages:/home/aiv/ev_ws/perception/install/lidar_interfaces/local/lib/python3.10/dist-packages:/opt/ros/humble/lib/python3.10/site-packages:/opt/ros/humble/local/lib/python3.10/dist-packages'), ('LC_NUMERIC', 'ko_KR.UTF-8'), ('LC_PAPER', 'ko_KR.UTF-8'), ('COLCON', '1'), ('VTE_VERSION', '6800'), ('EDITOR', 'code --wait'), ('CMAKE_PREFIX_PATH', '/home/aiv/ev_ws/planning/install/planning_lc_ver:/home/aiv/ev_ws/ev_msgs/install/ev_msgs:/home/aiv/ev_ws/perception/install/make_cylinder:/home/aiv/ev_ws/planning/install/planning_mr_ver:/home/aiv/ev_ws/planning/install/track_msgs:/home/aiv/ev_ws/carsa_gazebo/install/carsa_gazebo:/home/aiv/ev_ws/erp42_ros/install/erp42_serial:/home/aiv/ev_ws/erp42_ros/install/erp42_rqt_plugin:/home/aiv/ev_ws/erp42_ros/install/erp42_gazebo:/home/aiv/ev_ws/erp42_ros/install/erp42_util:/home/aiv/ev_ws/erp42_ros/install/erp42_msgs:/home/aiv/ev_ws/erp42_ros/install/erp42_description:/home/aiv/ev_ws/erp42_ros/install/erp42_cmake:/home/aiv/ev_ws/perception/install/velodyne:/home/aiv/ev_ws/perception/install/lidar_launch:/home/aiv/ev_ws/perception/install/velodyne_pointcloud:/home/aiv/ev_ws/perception/install/velodyne_driver:/home/aiv/ev_ws/perception/install/velodyne_msgs:/home/aiv/ev_ws/perception/install/velodyne_laserscan:/home/aiv/ev_ws/perception/install/velodyne_cropbox:/home/aiv/ev_ws/perception/install/patchworkpp:/home/aiv/ev_ws/perception/install/lidar_voxel_grid:/home/aiv/ev_ws/perception/install/lidar_interfaces:/home/aiv/ev_ws/perception/install/dbscan_clustering:/home/aiv/ev_ws/perception/install/cluster_splitter:/opt/ros/humble')]), 'shell': False}
[8.824927] (planning_lc_ver) StdoutLine: {'line': b'-- Install configuration: ""\n'}
[8.825193] (planning_lc_ver) StdoutLine: {'line': b'-- Execute custom install script\n'}
[8.825345] (planning_lc_ver) StdoutLine: {'line': b'-- Symlinking: /home/aiv/ev_ws/planning/install/planning_lc_ver/lib/libplanning_lc_chainer.so\n'}
[8.830247] (planning_lc_ver) StdoutLine: {'line': b'-- Symlinking: /home/aiv/ev_ws/planning/install/planning_lc_ver/lib/libplanning_lc_costmap.so\n'}
[8.836668] (planning_lc_ver) StdoutLine: {'line': b'-- Symlinking: /home/aiv/ev_ws/planning/install/planning_lc_ver/lib/libplanning_lc_planner.so\n'}
[8.842210] (planning_lc_ver) StdoutLine: {'line': b'-- Symlinking: /home/aiv/ev_ws/planning/install/planning_lc_ver/lib/libplanning_lc_postprocess.so\n'}
[8.848254] (planning_lc_ver) StdoutLine: {'line': b'-- Symlinking: /home/aiv/ev_ws/planning/install/planning_lc_ver/lib/planning_lc_ver/lc_planner_node_exe\n'}
[8.854269] (planning_lc_ver) StdoutLine: {'line': b'-- Symlinking: /home/aiv/ev_ws/planning/install/planning_lc_ver/lib/liblc_planner_component.so\n'}
[8.859986] (planning_lc_ver) StdoutLine: {'line': b'-- Symlinking: /home/aiv/ev_ws/planning/install/planning_lc_ver/include/planning_lc_ver/chainer/line_chainer.hpp\n'}
[8.866372] (planning_lc_ver) StdoutLine: {'line': b'-- Symlinking: /home/aiv/ev_ws/planning/install/planning_lc_ver/include/planning_lc_ver/common/debug_publish.hpp\n'}
[8.871304] (planning_lc_ver) StdoutLine: {'line': b'-- Symlinking: /home/aiv/ev_ws/planning/install/planning_lc_ver/include/planning_lc_ver/common/geometry.hpp\n'}
[8.875897] (planning_lc_ver) StdoutLine: {'line': b'-- Symlinking: /home/aiv/ev_ws/planning/install/planning_lc_ver/include/planning_lc_ver/common/params.hpp\n'}
[8.880551] (planning_lc_ver) StdoutLine: {'line': b'-- Symlinking: /home/aiv/ev_ws/planning/install/planning_lc_ver/include/planning_lc_ver/common/types.hpp\n'}
[8.887026] (planning_lc_ver) StdoutLine: {'line': b'-- Symlinking: /home/aiv/ev_ws/planning/install/planning_lc_ver/include/planning_lc_ver/costmap/costmap_generator.hpp\n'}
[8.892504] (planning_lc_ver) StdoutLine: {'line': b'-- Symlinking: /home/aiv/ev_ws/planning/install/planning_lc_ver/include/planning_lc_ver/nodes/lc_planner_node.hpp\n'}
[8.898552] (planning_lc_ver) StdoutLine: {'line': b'-- Symlinking: /home/aiv/ev_ws/planning/install/planning_lc_ver/include/planning_lc_ver/planner/magnetic_planner.hpp\n'}
[8.903377] (planning_lc_ver) StdoutLine: {'line': b'-- Symlinking: /home/aiv/ev_ws/planning/install/planning_lc_ver/include/planning_lc_ver/postprocess/path_postprocessor.hpp\n'}
[8.907872] (planning_lc_ver) StdoutLine: {'line': b'-- Symlinking: /home/aiv/ev_ws/planning/install/planning_lc_ver/include/planning_lc_ver/safety/safety_checker.hpp\n'}
[8.913257] (planning_lc_ver) StdoutLine: {'line': b'-- Symlinking: /home/aiv/ev_ws/planning/install/planning_lc_ver/share/planning_lc_ver/config/planning_lc.yaml\n'}
[8.918014] (planning_lc_ver) StdoutLine: {'line': b'-- Symlinking: /home/aiv/ev_ws/planning/install/planning_lc_ver/share/planning_lc_ver/launch/planning_lc.launch.py\n'}
[8.918076] (-) TimerEvent: {}
[8.924415] (planning_lc_ver) StdoutLine: {'line': b'-- Symlinking: /home/aiv/ev_ws/planning/install/planning_lc_ver/share/ament_index/resource_index/package_run_dependencies/planning_lc_ver\n'}
[8.928960] (planning_lc_ver) StdoutLine: {'line': b'-- Symlinking: /home/aiv/ev_ws/planning/install/planning_lc_ver/share/ament_index/resource_index/parent_prefix_path/planning_lc_ver\n'}
[8.934466] (planning_lc_ver) StdoutLine: {'line': b'-- Symlinking: /home/aiv/ev_ws/planning/install/planning_lc_ver/share/planning_lc_ver/environment/ament_prefix_path.sh\n'}
[8.939422] (planning_lc_ver) StdoutLine: {'line': b'-- Symlinking: /home/aiv/ev_ws/planning/install/planning_lc_ver/share/planning_lc_ver/environment/ament_prefix_path.dsv\n'}
[8.945295] (planning_lc_ver) StdoutLine: {'line': b'-- Symlinking: /home/aiv/ev_ws/planning/install/planning_lc_ver/share/planning_lc_ver/environment/path.sh\n'}
[8.952634] (planning_lc_ver) StdoutLine: {'line': b'-- Symlinking: /home/aiv/ev_ws/planning/install/planning_lc_ver/share/planning_lc_ver/environment/path.dsv\n'}
[8.958097] (planning_lc_ver) StdoutLine: {'line': b'-- Symlinking: /home/aiv/ev_ws/planning/install/planning_lc_ver/share/planning_lc_ver/local_setup.bash\n'}
[8.963809] (planning_lc_ver) StdoutLine: {'line': b'-- Symlinking: /home/aiv/ev_ws/planning/install/planning_lc_ver/share/planning_lc_ver/local_setup.sh\n'}
[8.968899] (planning_lc_ver) StdoutLine: {'line': b'-- Symlinking: /home/aiv/ev_ws/planning/install/planning_lc_ver/share/planning_lc_ver/local_setup.zsh\n'}
[8.974103] (planning_lc_ver) StdoutLine: {'line': b'-- Symlinking: /home/aiv/ev_ws/planning/install/planning_lc_ver/share/planning_lc_ver/local_setup.dsv\n'}
[8.978879] (planning_lc_ver) StdoutLine: {'line': b'-- Symlinking: /home/aiv/ev_ws/planning/install/planning_lc_ver/share/planning_lc_ver/package.dsv\n'}
[8.984213] (planning_lc_ver) StdoutLine: {'line': b'-- Symlinking: /home/aiv/ev_ws/planning/install/planning_lc_ver/share/ament_index/resource_index/packages/planning_lc_ver\n'}
[8.989446] (planning_lc_ver) StdoutLine: {'line': b'-- Symlinking: /home/aiv/ev_ws/planning/install/planning_lc_ver/share/ament_index/resource_index/rclcpp_components/planning_lc_ver\n'}
[8.995057] (planning_lc_ver) StdoutLine: {'line': b'-- Symlinking: /home/aiv/ev_ws/planning/install/planning_lc_ver/share/planning_lc_ver/cmake/planning_lc_verConfig.cmake\n'}
[9.000221] (planning_lc_ver) StdoutLine: {'line': b'-- Symlinking: /home/aiv/ev_ws/planning/install/planning_lc_ver/share/planning_lc_ver/cmake/planning_lc_verConfig-version.cmake\n'}
[9.006564] (planning_lc_ver) StdoutLine: {'line': b'-- Symlinking: /home/aiv/ev_ws/planning/install/planning_lc_ver/share/planning_lc_ver/package.xml\n'}
[9.012836] (planning_lc_ver) CommandEnded: {'returncode': 0}
[9.018133] (-) TimerEvent: {}
[9.023052] (planning_lc_ver) JobEnded: {'identifier': 'planning_lc_ver', 'rc': 0}
[9.023700] (-) EventReactorShutdown: {}
