[0.012s] Invoking command in '/home/aiv/ev_ws/perception/build/make_bbox': CMAKE_PREFIX_PATH=${CMAKE_PREFIX_PATH}:/opt/ros/humble /usr/bin/cmake /home/aiv/ev_ws/perception/src/lidar/make_bbox -DAMENT_CMAKE_SYMLINK_INSTALL=1 -DCMAKE_INSTALL_PREFIX=/home/aiv/ev_ws/perception/install/make_bbox
[0.051s] -- The C compiler identification is GNU 11.4.0
[0.087s] -- The CXX compiler identification is GNU 11.4.0
[0.092s] -- Detecting C compiler ABI info
[0.136s] -- Detecting C compiler ABI info - done
[0.140s] -- Check for working C compiler: /usr/bin/cc - skipped
[0.140s] -- Detecting C compile features
[0.141s] -- Detecting C compile features - done
[0.142s] -- Detecting CXX compiler ABI info
[0.201s] -- Detecting CXX compiler ABI info - done
[0.205s] -- Check for working CXX compiler: /usr/bin/c++ - skipped
[0.205s] -- Detecting CXX compile features
[0.205s] -- Detecting CXX compile features - done
[0.207s] -- Found ament_cmake: 1.3.12 (/opt/ros/humble/share/ament_cmake/cmake)
[0.303s] -- Found Python3: /usr/bin/python3 (found version "3.10.12") found components: Interpreter 
[0.346s] -- Override CMake install command with custom implementation using symlinks instead of copying resources
[0.372s] -- Found rclcpp: 16.0.17 (/opt/ros/humble/share/rclcpp/cmake)
[0.405s] -- Found rosidl_generator_c: 3.1.8 (/opt/ros/humble/share/rosidl_generator_c/cmake)
[0.408s] -- Found rosidl_adapter: 3.1.8 (/opt/ros/humble/share/rosidl_adapter/cmake)
[0.413s] -- Found rosidl_generator_cpp: 3.1.8 (/opt/ros/humble/share/rosidl_generator_cpp/cmake)
[0.420s] -- Using all available rosidl_typesupport_c: rosidl_typesupport_fastrtps_c;rosidl_typesupport_introspection_c
[0.429s] -- Using all available rosidl_typesupport_cpp: rosidl_typesupport_fastrtps_cpp;rosidl_typesupport_introspection_cpp
[0.455s] -- Found rmw_implementation_cmake: 6.1.2 (/opt/ros/humble/share/rmw_implementation_cmake/cmake)
[0.456s] -- Found rmw_fastrtps_cpp: 6.2.9 (/opt/ros/humble/share/rmw_fastrtps_cpp/cmake)
[0.513s] -- Found OpenSSL: /usr/lib/x86_64-linux-gnu/libcrypto.so (found version "3.0.2")  
[0.534s] -- Found FastRTPS: /opt/ros/humble/include  
[0.567s] -- Using RMW implementation 'rmw_fastrtps_cpp' as default
[0.572s] -- Looking for pthread.h
[0.622s] -- Looking for pthread.h - found
[0.623s] -- Performing Test CMAKE_HAVE_LIBC_PTHREAD
[0.668s] -- Performing Test CMAKE_HAVE_LIBC_PTHREAD - Success
[0.669s] -- Found Threads: TRUE  
[0.698s] -- Found rclcpp_components: 16.0.17 (/opt/ros/humble/share/rclcpp_components/cmake)
[0.712s] -- Found sensor_msgs: 4.9.0 (/opt/ros/humble/share/sensor_msgs/cmake)
[0.729s] -- Found visualization_msgs: 4.9.0 (/opt/ros/humble/share/visualization_msgs/cmake)
[0.739s] -- Found ev_msgs: 0.1.0 (/home/aiv/ev_ws/ev_msgs/install/ev_msgs/share/ev_msgs/cmake)
[0.804s] -- Configuring done
[0.811s] -- Generating done
[0.813s] -- Build files have been written to: /home/aiv/ev_ws/perception/build/make_bbox
[0.821s] Invoked command in '/home/aiv/ev_ws/perception/build/make_bbox' returned '0': CMAKE_PREFIX_PATH=${CMAKE_PREFIX_PATH}:/opt/ros/humble /usr/bin/cmake /home/aiv/ev_ws/perception/src/lidar/make_bbox -DAMENT_CMAKE_SYMLINK_INSTALL=1 -DCMAKE_INSTALL_PREFIX=/home/aiv/ev_ws/perception/install/make_bbox
[0.822s] Invoking command in '/home/aiv/ev_ws/perception/build/make_bbox': CMAKE_PREFIX_PATH=${CMAKE_PREFIX_PATH}:/opt/ros/humble /usr/bin/cmake --build /home/aiv/ev_ws/perception/build/make_bbox -- -j28 -l28
[0.858s] [ 25%] [32mBuilding CXX object CMakeFiles/make_bbox_node.dir/rclcpp_components/node_main_make_bbox_node.cpp.o[0m
[0.858s] [ 50%] [32mBuilding CXX object CMakeFiles/make_bbox_component.dir/src/make_bbox_node.cpp.o[0m
[3.293s] [ 75%] [32m[1mLinking CXX executable make_bbox_node[0m
[3.410s] [ 75%] Built target make_bbox_node
[7.690s] [100%] [32m[1mLinking CXX shared library libmake_bbox_component.so[0m
[7.980s] [100%] Built target make_bbox_component
[7.988s] Invoked command in '/home/aiv/ev_ws/perception/build/make_bbox' returned '0': CMAKE_PREFIX_PATH=${CMAKE_PREFIX_PATH}:/opt/ros/humble /usr/bin/cmake --build /home/aiv/ev_ws/perception/build/make_bbox -- -j28 -l28
[7.989s] Invoking command in '/home/aiv/ev_ws/perception/build/make_bbox': CMAKE_PREFIX_PATH=${CMAKE_PREFIX_PATH}:/opt/ros/humble /usr/bin/cmake --install /home/aiv/ev_ws/perception/build/make_bbox
[7.996s] -- Install configuration: ""
[7.996s] -- Execute custom install script
[7.997s] -- Symlinking: /home/aiv/ev_ws/perception/install/make_bbox/lib/make_bbox/make_bbox_node
[8.003s] -- Symlinking: /home/aiv/ev_ws/perception/install/make_bbox/lib/libmake_bbox_component.so
[8.011s] -- Symlinking: /home/aiv/ev_ws/perception/install/make_bbox/include/make_bbox/make_bbox_node.hpp
[8.018s] -- Symlinking: /home/aiv/ev_ws/perception/install/make_bbox/share/ament_index/resource_index/package_run_dependencies/make_bbox
[8.025s] -- Symlinking: /home/aiv/ev_ws/perception/install/make_bbox/share/ament_index/resource_index/parent_prefix_path/make_bbox
[8.031s] -- Symlinking: /home/aiv/ev_ws/perception/install/make_bbox/share/make_bbox/environment/ament_prefix_path.sh
[8.039s] -- Symlinking: /home/aiv/ev_ws/perception/install/make_bbox/share/make_bbox/environment/ament_prefix_path.dsv
[8.045s] -- Symlinking: /home/aiv/ev_ws/perception/install/make_bbox/share/make_bbox/environment/path.sh
[8.053s] -- Symlinking: /home/aiv/ev_ws/perception/install/make_bbox/share/make_bbox/environment/path.dsv
[8.059s] -- Symlinking: /home/aiv/ev_ws/perception/install/make_bbox/share/make_bbox/local_setup.bash
[8.066s] -- Symlinking: /home/aiv/ev_ws/perception/install/make_bbox/share/make_bbox/local_setup.sh
[8.072s] -- Symlinking: /home/aiv/ev_ws/perception/install/make_bbox/share/make_bbox/local_setup.zsh
[8.077s] -- Symlinking: /home/aiv/ev_ws/perception/install/make_bbox/share/make_bbox/local_setup.dsv
[8.085s] -- Symlinking: /home/aiv/ev_ws/perception/install/make_bbox/share/make_bbox/package.dsv
[8.093s] -- Symlinking: /home/aiv/ev_ws/perception/install/make_bbox/share/ament_index/resource_index/packages/make_bbox
[8.099s] -- Symlinking: /home/aiv/ev_ws/perception/install/make_bbox/share/ament_index/resource_index/rclcpp_components/make_bbox
[8.107s] -- Symlinking: /home/aiv/ev_ws/perception/install/make_bbox/share/make_bbox/cmake/make_bboxConfig.cmake
[8.113s] -- Symlinking: /home/aiv/ev_ws/perception/install/make_bbox/share/make_bbox/cmake/make_bboxConfig-version.cmake
[8.121s] -- Symlinking: /home/aiv/ev_ws/perception/install/make_bbox/share/make_bbox/package.xml
[8.129s] Invoked command in '/home/aiv/ev_ws/perception/build/make_bbox' returned '0': CMAKE_PREFIX_PATH=${CMAKE_PREFIX_PATH}:/opt/ros/humble /usr/bin/cmake --install /home/aiv/ev_ws/perception/build/make_bbox
