[0.038s] Invoking command in '/home/kimsohee/ev-1-5/ev_ws/perception/build/lidar_voxel_grid': CMAKE_PREFIX_PATH=${CMAKE_PREFIX_PATH}:/opt/ros/humble /usr/bin/cmake /home/kimsohee/ev-1-5/ev_ws/perception/src/lidar/lidar_voxel_grid -DAMENT_CMAKE_SYMLINK_INSTALL=1 -DCMAKE_INSTALL_PREFIX=/home/kimsohee/ev-1-5/ev_ws/perception/install/lidar_voxel_grid
[0.161s] -- The C compiler identification is GNU 11.4.0
[0.263s] -- The CXX compiler identification is GNU 11.4.0
[0.280s] -- Detecting C compiler ABI info
[0.397s] -- Detecting C compiler ABI info - done
[0.408s] -- Check for working C compiler: /usr/bin/cc - skipped
[0.408s] -- Detecting C compile features
[0.408s] -- Detecting C compile features - done
[0.414s] -- Detecting CXX compiler ABI info
[0.549s] -- Detecting CXX compiler ABI info - done
[0.560s] -- Check for working CXX compiler: /usr/bin/c++ - skipped
[0.562s] -- Detecting CXX compile features
[0.562s] -- Detecting CXX compile features - done
[0.565s] -- Found ament_cmake: 1.3.12 (/opt/ros/humble/share/ament_cmake/cmake)
[0.814s] -- Found Python3: /usr/bin/python3 (found version "3.10.12") found components: Interpreter 
[0.911s] -- Override CMake install command with custom implementation using symlinks instead of copying resources
[0.953s] -- Found rclcpp: 16.0.17 (/opt/ros/humble/share/rclcpp/cmake)
[1.017s] -- Found rosidl_generator_c: 3.1.8 (/opt/ros/humble/share/rosidl_generator_c/cmake)
[1.027s] -- Found rosidl_adapter: 3.1.8 (/opt/ros/humble/share/rosidl_adapter/cmake)
[1.037s] -- Found rosidl_generator_cpp: 3.1.8 (/opt/ros/humble/share/rosidl_generator_cpp/cmake)
[1.058s] -- Using all available rosidl_typesupport_c: rosidl_typesupport_fastrtps_c;rosidl_typesupport_introspection_c
[1.079s] -- Using all available rosidl_typesupport_cpp: rosidl_typesupport_fastrtps_cpp;rosidl_typesupport_introspection_cpp
[1.147s] -- Found rmw_implementation_cmake: 6.1.2 (/opt/ros/humble/share/rmw_implementation_cmake/cmake)
[1.150s] -- Found rmw_fastrtps_cpp: 6.2.9 (/opt/ros/humble/share/rmw_fastrtps_cpp/cmake)
[1.287s] -- Found OpenSSL: /usr/lib/x86_64-linux-gnu/libcrypto.so (found version "3.0.2")  
[1.329s] -- Found FastRTPS: /opt/ros/humble/include  
[1.388s] -- Using RMW implementation 'rmw_fastrtps_cpp' as default
[1.405s] -- Looking for pthread.h
[1.510s] -- Looking for pthread.h - found
[1.511s] -- Performing Test CMAKE_HAVE_LIBC_PTHREAD
[1.639s] -- Performing Test CMAKE_HAVE_LIBC_PTHREAD - Success
[1.640s] -- Found Threads: TRUE  
[1.727s] -- Found rclcpp_components: 16.0.17 (/opt/ros/humble/share/rclcpp_components/cmake)
[1.784s] -- Found sensor_msgs: 4.9.0 (/opt/ros/humble/share/sensor_msgs/cmake)
[1.840s] -- Found pcl_conversions: 2.4.5 (/opt/ros/humble/share/pcl_conversions/cmake)
[1.909s] -- Checking for module 'eigen3'
[1.934s] --   Found eigen3, version 3.4.0
[1.976s] -- Found Eigen: /usr/include/eigen3 (Required is at least version "3.1") 
[1.977s] -- Eigen found (include: /usr/include/eigen3, version: 3.4.0)
[2.042s] -- Checking for module 'flann'
[2.063s] --   Found flann, version 1.9.1
[2.132s] -- Found FLANN: /usr/lib/x86_64-linux-gnu/libflann_cpp.so  
[2.132s] -- FLANN found (include: /usr/include, lib: /usr/lib/x86_64-linux-gnu/libflann_cpp.so)
[4.806s] -- Checking for module 'libusb-1.0'
[4.844s] --   Found libusb-1.0, version 1.0.25
[4.963s] -- Found libusb: /usr/lib/x86_64-linux-gnu/libusb-1.0.so  
[4.975s] -- OpenNI found (version: 1.5.4.0, include: /usr/include/ni, lib: /usr/lib/libOpenNI.so;libusb::libusb)
[5.160s] -- OpenNI2 found (version: 2.2.0.33, include: /usr/include/openni2, lib: /usr/lib/x86_64-linux-gnu/libOpenNI2.so;libusb::libusb)
[5.786s] -- Eigen found (include: /usr/include/eigen3, version: 3.4.0)
[5.809s] -- OpenNI found (version: 1.5.4.0, include: /usr/include/ni, lib: /usr/lib/libOpenNI.so;libusb::libusb)
[5.827s] -- OpenNI2 found (version: 2.2.0.33, include: /usr/include/openni2, lib: /usr/lib/x86_64-linux-gnu/libOpenNI2.so;libusb::libusb)
[6.398s] -- Found Qhull version 8.0.2
[7.052s] -- OpenNI found (version: 1.5.4.0, include: /usr/include/ni, lib: /usr/lib/libOpenNI.so;libusb::libusb)
[7.681s] -- Found PCL_COMMON: /usr/lib/x86_64-linux-gnu/libpcl_common.so  
[7.691s] -- Found PCL_KDTREE: /usr/lib/x86_64-linux-gnu/libpcl_kdtree.so  
[7.691s] -- Found PCL_OCTREE: /usr/lib/x86_64-linux-gnu/libpcl_octree.so  
[7.691s] -- Found PCL_SEARCH: /usr/lib/x86_64-linux-gnu/libpcl_search.so  
[7.695s] -- Found PCL_SAMPLE_CONSENSUS: /usr/lib/x86_64-linux-gnu/libpcl_sample_consensus.so  
[7.697s] -- Found PCL_FILTERS: /usr/lib/x86_64-linux-gnu/libpcl_filters.so  
[7.699s] -- Found PCL_2D: /usr/include/pcl-1.12  
[7.699s] -- Found PCL_GEOMETRY: /usr/include/pcl-1.12  
[7.703s] -- Found PCL_IO: /usr/lib/x86_64-linux-gnu/libpcl_io.so  
[7.703s] -- Found PCL_FEATURES: /usr/lib/x86_64-linux-gnu/libpcl_features.so  
[7.705s] -- Found PCL_ML: /usr/lib/x86_64-linux-gnu/libpcl_ml.so  
[7.707s] -- Found PCL_SEGMENTATION: /usr/lib/x86_64-linux-gnu/libpcl_segmentation.so  
[7.710s] -- Found PCL_VISUALIZATION: /usr/lib/x86_64-linux-gnu/libpcl_visualization.so  
[7.712s] -- Found PCL_SURFACE: /usr/lib/x86_64-linux-gnu/libpcl_surface.so  
[7.717s] -- Found PCL_REGISTRATION: /usr/lib/x86_64-linux-gnu/libpcl_registration.so  
[7.717s] -- Found PCL_KEYPOINTS: /usr/lib/x86_64-linux-gnu/libpcl_keypoints.so  
[7.719s] -- Found PCL_TRACKING: /usr/lib/x86_64-linux-gnu/libpcl_tracking.so  
[7.725s] -- Found PCL_RECOGNITION: /usr/lib/x86_64-linux-gnu/libpcl_recognition.so  
[7.731s] -- Found PCL_STEREO: /usr/lib/x86_64-linux-gnu/libpcl_stereo.so  
[7.736s] -- Found PCL_APPS: /usr/lib/x86_64-linux-gnu/libpcl_apps.so  
[7.739s] -- Found PCL_IN_HAND_SCANNER: /usr/include/pcl-1.12  
[7.740s] -- Found PCL_MODELER: /usr/include/pcl-1.12  
[7.746s] -- Found PCL_POINT_CLOUD_EDITOR: /usr/include/pcl-1.12  
[7.749s] -- Found PCL_OUTOFCORE: /usr/lib/x86_64-linux-gnu/libpcl_outofcore.so  
[7.752s] -- Found PCL_PEOPLE: /usr/lib/x86_64-linux-gnu/libpcl_people.so  
[7.798s] -- Found ament_lint_auto: 0.12.14 (/opt/ros/humble/share/ament_lint_auto/cmake)
[8.091s] -- Added test 'cppcheck' to perform static code analysis on C / C++ code
[8.091s] -- Configured cppcheck include dirs: /home/kimsohee/ev-1-5/ev_ws/perception/src/lidar/lidar_voxel_grid/include
[8.091s] -- Configured cppcheck exclude dirs and/or files: 
[8.091s] -- Added test 'flake8' to check Python code syntax and style conventions
[8.091s] -- Added test 'lint_cmake' to check CMake code style
[8.095s] -- Added test 'pep257' to check Python code against some of the docstring style conventions in PEP 257
[8.096s] -- Added test 'uncrustify' to check C / C++ code style
[8.096s] -- Configured uncrustify additional arguments: 
[8.098s] -- Added test 'xmllint' to check XML markup files
[8.105s] -- Configuring done
[8.251s] -- Generating done
[8.298s] -- Build files have been written to: /home/kimsohee/ev-1-5/ev_ws/perception/build/lidar_voxel_grid
[8.369s] Invoked command in '/home/kimsohee/ev-1-5/ev_ws/perception/build/lidar_voxel_grid' returned '0': CMAKE_PREFIX_PATH=${CMAKE_PREFIX_PATH}:/opt/ros/humble /usr/bin/cmake /home/kimsohee/ev-1-5/ev_ws/perception/src/lidar/lidar_voxel_grid -DAMENT_CMAKE_SYMLINK_INSTALL=1 -DCMAKE_INSTALL_PREFIX=/home/kimsohee/ev-1-5/ev_ws/perception/install/lidar_voxel_grid
[8.375s] Invoking command in '/home/kimsohee/ev-1-5/ev_ws/perception/build/lidar_voxel_grid': CMAKE_PREFIX_PATH=${CMAKE_PREFIX_PATH}:/opt/ros/humble /usr/bin/cmake --build /home/kimsohee/ev-1-5/ev_ws/perception/build/lidar_voxel_grid -- -j8 -l8
[8.532s] [ 25%] [32mBuilding CXX object CMakeFiles/voxel_grid_component.dir/src/voxel_grid_component.cpp.o[0m
[8.536s] [ 50%] [32mBuilding CXX object CMakeFiles/voxel_grid_node.dir/rclcpp_components/node_main_voxel_grid_node.cpp.o[0m
[14.006s] [ 75%] [32m[1mLinking CXX executable voxel_grid_node[0m
[14.248s] [ 75%] Built target voxel_grid_node
[32.136s] [100%] [32m[1mLinking CXX shared library libvoxel_grid_component.so[0m
[33.946s] [100%] Built target voxel_grid_component
[33.963s] Invoked command in '/home/kimsohee/ev-1-5/ev_ws/perception/build/lidar_voxel_grid' returned '0': CMAKE_PREFIX_PATH=${CMAKE_PREFIX_PATH}:/opt/ros/humble /usr/bin/cmake --build /home/kimsohee/ev-1-5/ev_ws/perception/build/lidar_voxel_grid -- -j8 -l8
[33.965s] Invoking command in '/home/kimsohee/ev-1-5/ev_ws/perception/build/lidar_voxel_grid': CMAKE_PREFIX_PATH=${CMAKE_PREFIX_PATH}:/opt/ros/humble /usr/bin/cmake --install /home/kimsohee/ev-1-5/ev_ws/perception/build/lidar_voxel_grid
[33.977s] -- Install configuration: ""
[33.978s] -- Execute custom install script
[33.978s] -- Symlinking: /home/kimsohee/ev-1-5/ev_ws/perception/install/lidar_voxel_grid/lib/lidar_voxel_grid/voxel_grid_node
[33.991s] -- Symlinking: /home/kimsohee/ev-1-5/ev_ws/perception/install/lidar_voxel_grid/lib/libvoxel_grid_component.so
[34.005s] -- Symlinking: /home/kimsohee/ev-1-5/ev_ws/perception/install/lidar_voxel_grid/include/lidar_voxel_grid/voxel_grid_component.hpp
[34.018s] -- Symlinking: /home/kimsohee/ev-1-5/ev_ws/perception/install/lidar_voxel_grid/share/lidar_voxel_grid/config/voxel_grid_params.yaml
[34.044s] -- Symlinking: /home/kimsohee/ev-1-5/ev_ws/perception/install/lidar_voxel_grid/share/lidar_voxel_grid/launch/voxel_grid.launch.py
[34.057s] -- Symlinking: /home/kimsohee/ev-1-5/ev_ws/perception/install/lidar_voxel_grid/share/ament_index/resource_index/package_run_dependencies/lidar_voxel_grid
[34.070s] -- Symlinking: /home/kimsohee/ev-1-5/ev_ws/perception/install/lidar_voxel_grid/share/ament_index/resource_index/parent_prefix_path/lidar_voxel_grid
[34.084s] -- Symlinking: /home/kimsohee/ev-1-5/ev_ws/perception/install/lidar_voxel_grid/share/lidar_voxel_grid/environment/ament_prefix_path.sh
[34.098s] -- Symlinking: /home/kimsohee/ev-1-5/ev_ws/perception/install/lidar_voxel_grid/share/lidar_voxel_grid/environment/ament_prefix_path.dsv
[34.112s] -- Symlinking: /home/kimsohee/ev-1-5/ev_ws/perception/install/lidar_voxel_grid/share/lidar_voxel_grid/environment/path.sh
[34.142s] -- Symlinking: /home/kimsohee/ev-1-5/ev_ws/perception/install/lidar_voxel_grid/share/lidar_voxel_grid/environment/path.dsv
[34.153s] -- Symlinking: /home/kimsohee/ev-1-5/ev_ws/perception/install/lidar_voxel_grid/share/lidar_voxel_grid/local_setup.bash
[34.168s] -- Symlinking: /home/kimsohee/ev-1-5/ev_ws/perception/install/lidar_voxel_grid/share/lidar_voxel_grid/local_setup.sh
[34.181s] -- Symlinking: /home/kimsohee/ev-1-5/ev_ws/perception/install/lidar_voxel_grid/share/lidar_voxel_grid/local_setup.zsh
[34.193s] -- Symlinking: /home/kimsohee/ev-1-5/ev_ws/perception/install/lidar_voxel_grid/share/lidar_voxel_grid/local_setup.dsv
[34.207s] -- Symlinking: /home/kimsohee/ev-1-5/ev_ws/perception/install/lidar_voxel_grid/share/lidar_voxel_grid/package.dsv
[34.221s] -- Symlinking: /home/kimsohee/ev-1-5/ev_ws/perception/install/lidar_voxel_grid/share/ament_index/resource_index/packages/lidar_voxel_grid
[34.250s] -- Symlinking: /home/kimsohee/ev-1-5/ev_ws/perception/install/lidar_voxel_grid/share/ament_index/resource_index/rclcpp_components/lidar_voxel_grid
[34.273s] -- Symlinking: /home/kimsohee/ev-1-5/ev_ws/perception/install/lidar_voxel_grid/share/lidar_voxel_grid/cmake/lidar_voxel_gridConfig.cmake
[34.286s] -- Symlinking: /home/kimsohee/ev-1-5/ev_ws/perception/install/lidar_voxel_grid/share/lidar_voxel_grid/cmake/lidar_voxel_gridConfig-version.cmake
[34.298s] -- Symlinking: /home/kimsohee/ev-1-5/ev_ws/perception/install/lidar_voxel_grid/share/lidar_voxel_grid/package.xml
[34.315s] Invoked command in '/home/kimsohee/ev-1-5/ev_ws/perception/build/lidar_voxel_grid' returned '0': CMAKE_PREFIX_PATH=${CMAKE_PREFIX_PATH}:/opt/ros/humble /usr/bin/cmake --install /home/kimsohee/ev-1-5/ev_ws/perception/build/lidar_voxel_grid
