[0.008s] Invoking command in '/home/woonggook/ev_ws/build/lane_seg_msgs': CMAKE_PREFIX_PATH=${CMAKE_PREFIX_PATH}:/home/woonggook/ev_ws/install/my_bev_package:/home/woonggook/ev_ws/install/lane_seg:/opt/ros/humble /usr/bin/cmake /home/woonggook/ev_ws/src/lane_seg_msgs -DCMAKE_INSTALL_PREFIX=/home/woonggook/ev_ws/install/lane_seg_msgs
[0.091s] -- The C compiler identification is GNU 11.4.0
[0.168s] -- The CXX compiler identification is GNU 11.4.0
[0.179s] -- Detecting C compiler ABI info
[0.239s] -- Detecting C compiler ABI info - done
[0.247s] -- Check for working C compiler: /usr/bin/cc - skipped
[0.247s] -- Detecting C compile features
[0.248s] -- Detecting C compile features - done
[0.251s] -- Detecting CXX compiler ABI info
[0.320s] -- Detecting CXX compiler ABI info - done
[0.326s] -- Check for working CXX compiler: /usr/bin/c++ - skipped
[0.326s] -- Detecting CXX compile features
[0.327s] -- Detecting CXX compile features - done
[0.330s] -- Found ament_cmake: 1.3.13 (/opt/ros/humble/share/ament_cmake/cmake)
[0.441s] -- Found Python3: /usr/bin/python3 (found version "3.10.12") found components: Interpreter 
[0.522s] -- Found rosidl_default_generators: 1.2.0 (/opt/ros/humble/share/rosidl_default_generators/cmake)
[0.527s] -- Using all available rosidl_typesupport_c: rosidl_typesupport_fastrtps_c;rosidl_typesupport_introspection_c
[0.534s] -- Found rosidl_adapter: 3.1.8 (/opt/ros/humble/share/rosidl_adapter/cmake)
[0.574s] -- Using all available rosidl_typesupport_cpp: rosidl_typesupport_fastrtps_cpp;rosidl_typesupport_introspection_cpp
[0.798s] -- Found ament_cmake_ros: 0.10.0 (/opt/ros/humble/share/ament_cmake_ros/cmake)
[0.937s] -- Using all available rosidl_typesupport_c: rosidl_typesupport_fastrtps_c;rosidl_typesupport_introspection_c
[1.118s] -- Using all available rosidl_typesupport_cpp: rosidl_typesupport_fastrtps_cpp;rosidl_typesupport_introspection_cpp
[1.135s] -- Found PythonInterp: /usr/bin/python3 (found suitable version "3.10.12", minimum required is "3.6") 
[1.137s] -- Found python_cmake_module: 0.10.0 (/opt/ros/humble/share/python_cmake_module/cmake)
[1.161s] -- Found PythonLibs: /usr/lib/x86_64-linux-gnu/libpython3.10.so (found suitable version "3.10.12", minimum required is "3.5") 
[1.161s] -- Using PYTHON_EXECUTABLE: /usr/bin/python3
[1.161s] -- Using PYTHON_INCLUDE_DIRS: /usr/include/python3.10
[1.161s] -- Using PYTHON_LIBRARIES: /usr/lib/x86_64-linux-gnu/libpython3.10.so
[1.179s] -- Found PythonExtra: .so  
[1.207s] -- Configuring done
[1.221s] -- Generating done
[1.226s] -- Build files have been written to: /home/woonggook/ev_ws/build/lane_seg_msgs
[1.230s] Invoked command in '/home/woonggook/ev_ws/build/lane_seg_msgs' returned '0': CMAKE_PREFIX_PATH=${CMAKE_PREFIX_PATH}:/home/woonggook/ev_ws/install/my_bev_package:/home/woonggook/ev_ws/install/lane_seg:/opt/ros/humble /usr/bin/cmake /home/woonggook/ev_ws/src/lane_seg_msgs -DCMAKE_INSTALL_PREFIX=/home/woonggook/ev_ws/install/lane_seg_msgs
[1.232s] Invoking command in '/home/woonggook/ev_ws/build/lane_seg_msgs': CMAKE_PREFIX_PATH=${CMAKE_PREFIX_PATH}:/home/woonggook/ev_ws/install/my_bev_package:/home/woonggook/ev_ws/install/lane_seg:/opt/ros/humble /usr/bin/cmake --build /home/woonggook/ev_ws/build/lane_seg_msgs -- -j12 -l12
[1.265s] [  3%] Generating C code for ROS interfaces
[1.274s] [  6%] Generating C++ code for ROS interfaces
[1.279s] [  6%] Built target ament_cmake_python_copy_lane_seg_msgs
[1.438s] [  6%] Built target lane_seg_msgs__cpp
[1.449s] [  9%] Generating C++ type support dispatch for ROS interfaces
[1.450s] [ 12%] Generating C++ type support for eProsima Fast-RTPS
[1.455s] [ 16%] Generating C++ introspection for ROS interfaces
[1.492s] [ 19%] Building C object CMakeFiles/lane_seg_msgs__rosidl_generator_c.dir/rosidl_generator_c/lane_seg_msgs/msg/detail/lane_coords__functions.c.o
[1.525s] running egg_info
[1.525s] creating lane_seg_msgs.egg-info
[1.526s] writing lane_seg_msgs.egg-info/PKG-INFO
[1.526s] writing dependency_links to lane_seg_msgs.egg-info/dependency_links.txt
[1.526s] writing top-level names to lane_seg_msgs.egg-info/top_level.txt
[1.526s] writing manifest file 'lane_seg_msgs.egg-info/SOURCES.txt'
[1.529s] reading manifest file 'lane_seg_msgs.egg-info/SOURCES.txt'
[1.529s] writing manifest file 'lane_seg_msgs.egg-info/SOURCES.txt'
[1.551s] [ 22%] Linking C shared library liblane_seg_msgs__rosidl_generator_c.so
[1.553s] [ 22%] Built target ament_cmake_python_build_lane_seg_msgs_egg
[1.584s] [ 22%] Built target lane_seg_msgs__rosidl_generator_c
[1.594s] [ 32%] Generating C introspection for ROS interfaces
[1.594s] [ 32%] Generating C type support for eProsima Fast-RTPS
[1.594s] [ 32%] Generating C type support dispatch for ROS interfaces
[1.611s] [ 35%] Building CXX object CMakeFiles/lane_seg_msgs__rosidl_typesupport_cpp.dir/rosidl_typesupport_cpp/lane_seg_msgs/msg/lane_coords__type_support.cpp.o
[1.631s] [ 38%] Building CXX object CMakeFiles/lane_seg_msgs__rosidl_typesupport_fastrtps_cpp.dir/rosidl_typesupport_fastrtps_cpp/lane_seg_msgs/msg/detail/dds_fastrtps/lane_coords__type_support.cpp.o
[1.704s] [ 41%] Building CXX object CMakeFiles/lane_seg_msgs__rosidl_typesupport_introspection_cpp.dir/rosidl_typesupport_introspection_cpp/lane_seg_msgs/msg/detail/lane_coords__type_support.cpp.o
[1.805s] [ 45%] Building CXX object CMakeFiles/lane_seg_msgs__rosidl_typesupport_fastrtps_c.dir/rosidl_typesupport_fastrtps_c/lane_seg_msgs/msg/detail/lane_coords__type_support_c.cpp.o
[1.808s] [ 48%] Building CXX object CMakeFiles/lane_seg_msgs__rosidl_typesupport_c.dir/rosidl_typesupport_c/lane_seg_msgs/msg/lane_coords__type_support.cpp.o
[1.832s] [ 51%] Linking CXX shared library liblane_seg_msgs__rosidl_typesupport_c.so
[1.868s] [ 54%] Building C object CMakeFiles/lane_seg_msgs__rosidl_typesupport_introspection_c.dir/rosidl_typesupport_introspection_c/lane_seg_msgs/msg/detail/lane_coords__type_support.c.o
[1.869s] [ 54%] Built target lane_seg_msgs__rosidl_typesupport_c
[1.904s] [ 58%] Linking C shared library liblane_seg_msgs__rosidl_typesupport_introspection_c.so
[1.914s] [ 61%] Linking CXX shared library liblane_seg_msgs__rosidl_typesupport_cpp.so
[1.932s] [ 61%] Built target lane_seg_msgs__rosidl_typesupport_introspection_c
[1.952s] [ 61%] Built target lane_seg_msgs__rosidl_typesupport_cpp
[1.955s] [ 64%] Linking CXX shared library liblane_seg_msgs__rosidl_typesupport_fastrtps_cpp.so
[2.005s] [ 67%] Linking CXX shared library liblane_seg_msgs__rosidl_typesupport_introspection_cpp.so
[2.014s] [ 67%] Built target lane_seg_msgs__rosidl_typesupport_fastrtps_cpp
[2.058s] [ 67%] Built target lane_seg_msgs__rosidl_typesupport_introspection_cpp
[2.079s] [ 70%] Linking CXX shared library liblane_seg_msgs__rosidl_typesupport_fastrtps_c.so
[2.136s] [ 70%] Built target lane_seg_msgs__rosidl_typesupport_fastrtps_c
[2.152s] [ 70%] Built target lane_seg_msgs
[2.170s] [ 74%] Generating Python code for ROS interfaces
[2.341s] [ 74%] Built target lane_seg_msgs__py
[2.359s] [ 77%] Building C object CMakeFiles/lane_seg_msgs__rosidl_generator_py.dir/rosidl_generator_py/lane_seg_msgs/msg/_lane_coords_s.c.o
[2.441s] [ 80%] Linking C shared library rosidl_generator_py/lane_seg_msgs/liblane_seg_msgs__rosidl_generator_py.so
[2.471s] [ 80%] Built target lane_seg_msgs__rosidl_generator_py
[2.488s] [ 83%] Building C object CMakeFiles/lane_seg_msgs__rosidl_typesupport_fastrtps_c__pyext.dir/rosidl_generator_py/lane_seg_msgs/_lane_seg_msgs_s.ep.rosidl_typesupport_fastrtps_c.c.o
[2.488s] [ 87%] Building C object CMakeFiles/lane_seg_msgs__rosidl_typesupport_c__pyext.dir/rosidl_generator_py/lane_seg_msgs/_lane_seg_msgs_s.ep.rosidl_typesupport_c.c.o
[2.488s] [ 90%] Building C object CMakeFiles/lane_seg_msgs__rosidl_typesupport_introspection_c__pyext.dir/rosidl_generator_py/lane_seg_msgs/_lane_seg_msgs_s.ep.rosidl_typesupport_introspection_c.c.o
[2.541s] [ 93%] Linking C shared library rosidl_generator_py/lane_seg_msgs/lane_seg_msgs_s__rosidl_typesupport_c.cpython-310-x86_64-linux-gnu.so
[2.546s] [ 96%] Linking C shared library rosidl_generator_py/lane_seg_msgs/lane_seg_msgs_s__rosidl_typesupport_introspection_c.cpython-310-x86_64-linux-gnu.so
[2.564s] [ 96%] Built target lane_seg_msgs__rosidl_typesupport_c__pyext
[2.570s] [100%] Linking C shared library rosidl_generator_py/lane_seg_msgs/lane_seg_msgs_s__rosidl_typesupport_fastrtps_c.cpython-310-x86_64-linux-gnu.so
[2.571s] [100%] Built target lane_seg_msgs__rosidl_typesupport_introspection_c__pyext
[2.599s] [100%] Built target lane_seg_msgs__rosidl_typesupport_fastrtps_c__pyext
[2.609s] Invoked command in '/home/woonggook/ev_ws/build/lane_seg_msgs' returned '0': CMAKE_PREFIX_PATH=${CMAKE_PREFIX_PATH}:/home/woonggook/ev_ws/install/my_bev_package:/home/woonggook/ev_ws/install/lane_seg:/opt/ros/humble /usr/bin/cmake --build /home/woonggook/ev_ws/build/lane_seg_msgs -- -j12 -l12
[2.616s] Invoking command in '/home/woonggook/ev_ws/build/lane_seg_msgs': CMAKE_PREFIX_PATH=${CMAKE_PREFIX_PATH}:/home/woonggook/ev_ws/install/my_bev_package:/home/woonggook/ev_ws/install/lane_seg:/opt/ros/humble /usr/bin/cmake --install /home/woonggook/ev_ws/build/lane_seg_msgs
[2.622s] -- Install configuration: ""
[2.622s] -- Installing: /home/woonggook/ev_ws/install/lane_seg_msgs/share/ament_index/resource_index/rosidl_interfaces/lane_seg_msgs
[2.623s] -- Installing: /home/woonggook/ev_ws/install/lane_seg_msgs/include/lane_seg_msgs/lane_seg_msgs
[2.623s] -- Installing: /home/woonggook/ev_ws/install/lane_seg_msgs/include/lane_seg_msgs/lane_seg_msgs/msg
[2.623s] -- Installing: /home/woonggook/ev_ws/install/lane_seg_msgs/include/lane_seg_msgs/lane_seg_msgs/msg/detail
[2.623s] -- Installing: /home/woonggook/ev_ws/install/lane_seg_msgs/include/lane_seg_msgs/lane_seg_msgs/msg/detail/lane_coords__type_support.h
[2.623s] -- Installing: /home/woonggook/ev_ws/install/lane_seg_msgs/include/lane_seg_msgs/lane_seg_msgs/msg/detail/lane_coords__struct.h
[2.623s] -- Installing: /home/woonggook/ev_ws/install/lane_seg_msgs/include/lane_seg_msgs/lane_seg_msgs/msg/detail/lane_coords__functions.h
[2.623s] -- Installing: /home/woonggook/ev_ws/install/lane_seg_msgs/include/lane_seg_msgs/lane_seg_msgs/msg/detail/lane_coords__functions.c
[2.623s] -- Installing: /home/woonggook/ev_ws/install/lane_seg_msgs/include/lane_seg_msgs/lane_seg_msgs/msg/lane_coords.h
[2.624s] -- Installing: /home/woonggook/ev_ws/install/lane_seg_msgs/include/lane_seg_msgs/lane_seg_msgs/msg/rosidl_generator_c__visibility_control.h
[2.624s] -- Installing: /home/woonggook/ev_ws/install/lane_seg_msgs/share/lane_seg_msgs/environment/library_path.sh
[2.624s] -- Installing: /home/woonggook/ev_ws/install/lane_seg_msgs/share/lane_seg_msgs/environment/library_path.dsv
[2.624s] -- Installing: /home/woonggook/ev_ws/install/lane_seg_msgs/lib/liblane_seg_msgs__rosidl_generator_c.so
[2.624s] -- Set runtime path of "/home/woonggook/ev_ws/install/lane_seg_msgs/lib/liblane_seg_msgs__rosidl_generator_c.so" to ""
[2.624s] -- Up-to-date: /home/woonggook/ev_ws/install/lane_seg_msgs/include/lane_seg_msgs/lane_seg_msgs
[2.624s] -- Up-to-date: /home/woonggook/ev_ws/install/lane_seg_msgs/include/lane_seg_msgs/lane_seg_msgs/msg
[2.624s] -- Up-to-date: /home/woonggook/ev_ws/install/lane_seg_msgs/include/lane_seg_msgs/lane_seg_msgs/msg/detail
[2.625s] -- Installing: /home/woonggook/ev_ws/install/lane_seg_msgs/include/lane_seg_msgs/lane_seg_msgs/msg/detail/lane_coords__rosidl_typesupport_fastrtps_c.h
[2.625s] -- Installing: /home/woonggook/ev_ws/install/lane_seg_msgs/include/lane_seg_msgs/lane_seg_msgs/msg/rosidl_typesupport_fastrtps_c__visibility_control.h
[2.625s] -- Installing: /home/woonggook/ev_ws/install/lane_seg_msgs/lib/liblane_seg_msgs__rosidl_typesupport_fastrtps_c.so
[2.625s] -- Set runtime path of "/home/woonggook/ev_ws/install/lane_seg_msgs/lib/liblane_seg_msgs__rosidl_typesupport_fastrtps_c.so" to ""
[2.625s] -- Up-to-date: /home/woonggook/ev_ws/install/lane_seg_msgs/include/lane_seg_msgs/lane_seg_msgs
[2.626s] -- Up-to-date: /home/woonggook/ev_ws/install/lane_seg_msgs/include/lane_seg_msgs/lane_seg_msgs/msg
[2.626s] -- Installing: /home/woonggook/ev_ws/install/lane_seg_msgs/include/lane_seg_msgs/lane_seg_msgs/msg/rosidl_typesupport_introspection_c__visibility_control.h
[2.626s] -- Up-to-date: /home/woonggook/ev_ws/install/lane_seg_msgs/include/lane_seg_msgs/lane_seg_msgs/msg/detail
[2.626s] -- Installing: /home/woonggook/ev_ws/install/lane_seg_msgs/include/lane_seg_msgs/lane_seg_msgs/msg/detail/lane_coords__rosidl_typesupport_introspection_c.h
[2.626s] -- Installing: /home/woonggook/ev_ws/install/lane_seg_msgs/include/lane_seg_msgs/lane_seg_msgs/msg/detail/lane_coords__type_support.c
[2.626s] -- Installing: /home/woonggook/ev_ws/install/lane_seg_msgs/lib/liblane_seg_msgs__rosidl_typesupport_introspection_c.so
[2.626s] -- Set runtime path of "/home/woonggook/ev_ws/install/lane_seg_msgs/lib/liblane_seg_msgs__rosidl_typesupport_introspection_c.so" to ""
[2.626s] -- Installing: /home/woonggook/ev_ws/install/lane_seg_msgs/lib/liblane_seg_msgs__rosidl_typesupport_c.so
[2.626s] -- Set runtime path of "/home/woonggook/ev_ws/install/lane_seg_msgs/lib/liblane_seg_msgs__rosidl_typesupport_c.so" to ""
[2.626s] -- Up-to-date: /home/woonggook/ev_ws/install/lane_seg_msgs/include/lane_seg_msgs/lane_seg_msgs
[2.626s] -- Up-to-date: /home/woonggook/ev_ws/install/lane_seg_msgs/include/lane_seg_msgs/lane_seg_msgs/msg
[2.626s] -- Installing: /home/woonggook/ev_ws/install/lane_seg_msgs/include/lane_seg_msgs/lane_seg_msgs/msg/lane_coords.hpp
[2.626s] -- Up-to-date: /home/woonggook/ev_ws/install/lane_seg_msgs/include/lane_seg_msgs/lane_seg_msgs/msg/detail
[2.626s] -- Installing: /home/woonggook/ev_ws/install/lane_seg_msgs/include/lane_seg_msgs/lane_seg_msgs/msg/detail/lane_coords__type_support.hpp
[2.626s] -- Installing: /home/woonggook/ev_ws/install/lane_seg_msgs/include/lane_seg_msgs/lane_seg_msgs/msg/detail/lane_coords__struct.hpp
[2.626s] -- Installing: /home/woonggook/ev_ws/install/lane_seg_msgs/include/lane_seg_msgs/lane_seg_msgs/msg/detail/lane_coords__traits.hpp
[2.626s] -- Installing: /home/woonggook/ev_ws/install/lane_seg_msgs/include/lane_seg_msgs/lane_seg_msgs/msg/detail/lane_coords__builder.hpp
[2.627s] -- Installing: /home/woonggook/ev_ws/install/lane_seg_msgs/include/lane_seg_msgs/lane_seg_msgs/msg/rosidl_generator_cpp__visibility_control.hpp
[2.627s] -- Up-to-date: /home/woonggook/ev_ws/install/lane_seg_msgs/include/lane_seg_msgs/lane_seg_msgs
[2.627s] -- Up-to-date: /home/woonggook/ev_ws/install/lane_seg_msgs/include/lane_seg_msgs/lane_seg_msgs/msg
[2.627s] -- Up-to-date: /home/woonggook/ev_ws/install/lane_seg_msgs/include/lane_seg_msgs/lane_seg_msgs/msg/detail
[2.627s] -- Installing: /home/woonggook/ev_ws/install/lane_seg_msgs/include/lane_seg_msgs/lane_seg_msgs/msg/detail/dds_fastrtps
[2.627s] -- Installing: /home/woonggook/ev_ws/install/lane_seg_msgs/include/lane_seg_msgs/lane_seg_msgs/msg/detail/lane_coords__rosidl_typesupport_fastrtps_cpp.hpp
[2.627s] -- Installing: /home/woonggook/ev_ws/install/lane_seg_msgs/include/lane_seg_msgs/lane_seg_msgs/msg/rosidl_typesupport_fastrtps_cpp__visibility_control.h
[2.627s] -- Installing: /home/woonggook/ev_ws/install/lane_seg_msgs/lib/liblane_seg_msgs__rosidl_typesupport_fastrtps_cpp.so
[2.627s] -- Set runtime path of "/home/woonggook/ev_ws/install/lane_seg_msgs/lib/liblane_seg_msgs__rosidl_typesupport_fastrtps_cpp.so" to ""
[2.627s] -- Up-to-date: /home/woonggook/ev_ws/install/lane_seg_msgs/include/lane_seg_msgs/lane_seg_msgs
[2.627s] -- Up-to-date: /home/woonggook/ev_ws/install/lane_seg_msgs/include/lane_seg_msgs/lane_seg_msgs/msg
[2.627s] -- Up-to-date: /home/woonggook/ev_ws/install/lane_seg_msgs/include/lane_seg_msgs/lane_seg_msgs/msg/detail
[2.627s] -- Installing: /home/woonggook/ev_ws/install/lane_seg_msgs/include/lane_seg_msgs/lane_seg_msgs/msg/detail/lane_coords__rosidl_typesupport_introspection_cpp.hpp
[2.627s] -- Installing: /home/woonggook/ev_ws/install/lane_seg_msgs/include/lane_seg_msgs/lane_seg_msgs/msg/detail/lane_coords__type_support.cpp
[2.627s] -- Installing: /home/woonggook/ev_ws/install/lane_seg_msgs/lib/liblane_seg_msgs__rosidl_typesupport_introspection_cpp.so
[2.627s] -- Set runtime path of "/home/woonggook/ev_ws/install/lane_seg_msgs/lib/liblane_seg_msgs__rosidl_typesupport_introspection_cpp.so" to ""
[2.628s] -- Installing: /home/woonggook/ev_ws/install/lane_seg_msgs/lib/liblane_seg_msgs__rosidl_typesupport_cpp.so
[2.628s] -- Set runtime path of "/home/woonggook/ev_ws/install/lane_seg_msgs/lib/liblane_seg_msgs__rosidl_typesupport_cpp.so" to ""
[2.628s] -- Installing: /home/woonggook/ev_ws/install/lane_seg_msgs/share/lane_seg_msgs/environment/pythonpath.sh
[2.628s] -- Installing: /home/woonggook/ev_ws/install/lane_seg_msgs/share/lane_seg_msgs/environment/pythonpath.dsv
[2.628s] -- Installing: /home/woonggook/ev_ws/install/lane_seg_msgs/local/lib/python3.10/dist-packages/lane_seg_msgs-0.0.0-py3.10.egg-info
[2.628s] -- Installing: /home/woonggook/ev_ws/install/lane_seg_msgs/local/lib/python3.10/dist-packages/lane_seg_msgs-0.0.0-py3.10.egg-info/PKG-INFO
[2.628s] -- Installing: /home/woonggook/ev_ws/install/lane_seg_msgs/local/lib/python3.10/dist-packages/lane_seg_msgs-0.0.0-py3.10.egg-info/top_level.txt
[2.628s] -- Installing: /home/woonggook/ev_ws/install/lane_seg_msgs/local/lib/python3.10/dist-packages/lane_seg_msgs-0.0.0-py3.10.egg-info/dependency_links.txt
[2.628s] -- Installing: /home/woonggook/ev_ws/install/lane_seg_msgs/local/lib/python3.10/dist-packages/lane_seg_msgs-0.0.0-py3.10.egg-info/SOURCES.txt
[2.628s] -- Installing: /home/woonggook/ev_ws/install/lane_seg_msgs/local/lib/python3.10/dist-packages/lane_seg_msgs
[2.628s] -- Installing: /home/woonggook/ev_ws/install/lane_seg_msgs/local/lib/python3.10/dist-packages/lane_seg_msgs/msg
[2.628s] -- Installing: /home/woonggook/ev_ws/install/lane_seg_msgs/local/lib/python3.10/dist-packages/lane_seg_msgs/msg/_lane_coords.py
[2.628s] -- Installing: /home/woonggook/ev_ws/install/lane_seg_msgs/local/lib/python3.10/dist-packages/lane_seg_msgs/msg/_lane_coords_s.c
[2.628s] -- Installing: /home/woonggook/ev_ws/install/lane_seg_msgs/local/lib/python3.10/dist-packages/lane_seg_msgs/msg/__init__.py
[2.628s] -- Installing: /home/woonggook/ev_ws/install/lane_seg_msgs/local/lib/python3.10/dist-packages/lane_seg_msgs/_lane_seg_msgs_s.ep.rosidl_typesupport_c.c
[2.628s] -- Installing: /home/woonggook/ev_ws/install/lane_seg_msgs/local/lib/python3.10/dist-packages/lane_seg_msgs/lane_seg_msgs_s__rosidl_typesupport_introspection_c.cpython-310-x86_64-linux-gnu.so
[2.628s] -- Installing: /home/woonggook/ev_ws/install/lane_seg_msgs/local/lib/python3.10/dist-packages/lane_seg_msgs/lane_seg_msgs_s__rosidl_typesupport_c.cpython-310-x86_64-linux-gnu.so
[2.629s] -- Installing: /home/woonggook/ev_ws/install/lane_seg_msgs/local/lib/python3.10/dist-packages/lane_seg_msgs/_lane_seg_msgs_s.ep.rosidl_typesupport_introspection_c.c
[2.629s] -- Installing: /home/woonggook/ev_ws/install/lane_seg_msgs/local/lib/python3.10/dist-packages/lane_seg_msgs/lane_seg_msgs_s__rosidl_typesupport_fastrtps_c.cpython-310-x86_64-linux-gnu.so
[2.629s] -- Installing: /home/woonggook/ev_ws/install/lane_seg_msgs/local/lib/python3.10/dist-packages/lane_seg_msgs/__init__.py
[2.629s] -- Installing: /home/woonggook/ev_ws/install/lane_seg_msgs/local/lib/python3.10/dist-packages/lane_seg_msgs/_lane_seg_msgs_s.ep.rosidl_typesupport_fastrtps_c.c
[2.629s] -- Installing: /home/woonggook/ev_ws/install/lane_seg_msgs/local/lib/python3.10/dist-packages/lane_seg_msgs/liblane_seg_msgs__rosidl_generator_py.so
[2.649s] Listing '/home/woonggook/ev_ws/install/lane_seg_msgs/local/lib/python3.10/dist-packages/lane_seg_msgs'...
[2.649s] Compiling '/home/woonggook/ev_ws/install/lane_seg_msgs/local/lib/python3.10/dist-packages/lane_seg_msgs/__init__.py'...
[2.649s] Listing '/home/woonggook/ev_ws/install/lane_seg_msgs/local/lib/python3.10/dist-packages/lane_seg_msgs/msg'...
[2.649s] Compiling '/home/woonggook/ev_ws/install/lane_seg_msgs/local/lib/python3.10/dist-packages/lane_seg_msgs/msg/__init__.py'...
[2.649s] Compiling '/home/woonggook/ev_ws/install/lane_seg_msgs/local/lib/python3.10/dist-packages/lane_seg_msgs/msg/_lane_coords.py'...
[2.652s] -- Installing: /home/woonggook/ev_ws/install/lane_seg_msgs/local/lib/python3.10/dist-packages/lane_seg_msgs/lane_seg_msgs_s__rosidl_typesupport_fastrtps_c.cpython-310-x86_64-linux-gnu.so
[2.652s] -- Set runtime path of "/home/woonggook/ev_ws/install/lane_seg_msgs/local/lib/python3.10/dist-packages/lane_seg_msgs/lane_seg_msgs_s__rosidl_typesupport_fastrtps_c.cpython-310-x86_64-linux-gnu.so" to ""
[2.652s] -- Installing: /home/woonggook/ev_ws/install/lane_seg_msgs/local/lib/python3.10/dist-packages/lane_seg_msgs/lane_seg_msgs_s__rosidl_typesupport_introspection_c.cpython-310-x86_64-linux-gnu.so
[2.652s] -- Set runtime path of "/home/woonggook/ev_ws/install/lane_seg_msgs/local/lib/python3.10/dist-packages/lane_seg_msgs/lane_seg_msgs_s__rosidl_typesupport_introspection_c.cpython-310-x86_64-linux-gnu.so" to ""
[2.652s] -- Installing: /home/woonggook/ev_ws/install/lane_seg_msgs/local/lib/python3.10/dist-packages/lane_seg_msgs/lane_seg_msgs_s__rosidl_typesupport_c.cpython-310-x86_64-linux-gnu.so
[2.652s] -- Set runtime path of "/home/woonggook/ev_ws/install/lane_seg_msgs/local/lib/python3.10/dist-packages/lane_seg_msgs/lane_seg_msgs_s__rosidl_typesupport_c.cpython-310-x86_64-linux-gnu.so" to ""
[2.653s] -- Installing: /home/woonggook/ev_ws/install/lane_seg_msgs/lib/liblane_seg_msgs__rosidl_generator_py.so
[2.653s] -- Set runtime path of "/home/woonggook/ev_ws/install/lane_seg_msgs/lib/liblane_seg_msgs__rosidl_generator_py.so" to ""
[2.653s] -- Installing: /home/woonggook/ev_ws/install/lane_seg_msgs/share/lane_seg_msgs/msg/LaneCoords.idl
[2.653s] -- Installing: /home/woonggook/ev_ws/install/lane_seg_msgs/share/lane_seg_msgs/msg/LaneCoords.msg
[2.653s] -- Installing: /home/woonggook/ev_ws/install/lane_seg_msgs/share/ament_index/resource_index/package_run_dependencies/lane_seg_msgs
[2.653s] -- Installing: /home/woonggook/ev_ws/install/lane_seg_msgs/share/ament_index/resource_index/parent_prefix_path/lane_seg_msgs
[2.653s] -- Installing: /home/woonggook/ev_ws/install/lane_seg_msgs/share/lane_seg_msgs/environment/ament_prefix_path.sh
[2.653s] -- Installing: /home/woonggook/ev_ws/install/lane_seg_msgs/share/lane_seg_msgs/environment/ament_prefix_path.dsv
[2.654s] -- Installing: /home/woonggook/ev_ws/install/lane_seg_msgs/share/lane_seg_msgs/environment/path.sh
[2.654s] -- Installing: /home/woonggook/ev_ws/install/lane_seg_msgs/share/lane_seg_msgs/environment/path.dsv
[2.654s] -- Installing: /home/woonggook/ev_ws/install/lane_seg_msgs/share/lane_seg_msgs/local_setup.bash
[2.654s] -- Installing: /home/woonggook/ev_ws/install/lane_seg_msgs/share/lane_seg_msgs/local_setup.sh
[2.654s] -- Installing: /home/woonggook/ev_ws/install/lane_seg_msgs/share/lane_seg_msgs/local_setup.zsh
[2.654s] -- Installing: /home/woonggook/ev_ws/install/lane_seg_msgs/share/lane_seg_msgs/local_setup.dsv
[2.654s] -- Installing: /home/woonggook/ev_ws/install/lane_seg_msgs/share/lane_seg_msgs/package.dsv
[2.654s] -- Installing: /home/woonggook/ev_ws/install/lane_seg_msgs/share/ament_index/resource_index/packages/lane_seg_msgs
[2.654s] -- Installing: /home/woonggook/ev_ws/install/lane_seg_msgs/share/lane_seg_msgs/cmake/export_lane_seg_msgs__rosidl_generator_cExport.cmake
[2.654s] -- Installing: /home/woonggook/ev_ws/install/lane_seg_msgs/share/lane_seg_msgs/cmake/export_lane_seg_msgs__rosidl_generator_cExport-noconfig.cmake
[2.654s] -- Installing: /home/woonggook/ev_ws/install/lane_seg_msgs/share/lane_seg_msgs/cmake/export_lane_seg_msgs__rosidl_typesupport_fastrtps_cExport.cmake
[2.655s] -- Installing: /home/woonggook/ev_ws/install/lane_seg_msgs/share/lane_seg_msgs/cmake/export_lane_seg_msgs__rosidl_typesupport_fastrtps_cExport-noconfig.cmake
[2.655s] -- Installing: /home/woonggook/ev_ws/install/lane_seg_msgs/share/lane_seg_msgs/cmake/lane_seg_msgs__rosidl_typesupport_introspection_cExport.cmake
[2.655s] -- Installing: /home/woonggook/ev_ws/install/lane_seg_msgs/share/lane_seg_msgs/cmake/lane_seg_msgs__rosidl_typesupport_introspection_cExport-noconfig.cmake
[2.655s] -- Installing: /home/woonggook/ev_ws/install/lane_seg_msgs/share/lane_seg_msgs/cmake/lane_seg_msgs__rosidl_typesupport_cExport.cmake
[2.655s] -- Installing: /home/woonggook/ev_ws/install/lane_seg_msgs/share/lane_seg_msgs/cmake/lane_seg_msgs__rosidl_typesupport_cExport-noconfig.cmake
[2.655s] -- Installing: /home/woonggook/ev_ws/install/lane_seg_msgs/share/lane_seg_msgs/cmake/export_lane_seg_msgs__rosidl_generator_cppExport.cmake
[2.655s] -- Installing: /home/woonggook/ev_ws/install/lane_seg_msgs/share/lane_seg_msgs/cmake/export_lane_seg_msgs__rosidl_typesupport_fastrtps_cppExport.cmake
[2.655s] -- Installing: /home/woonggook/ev_ws/install/lane_seg_msgs/share/lane_seg_msgs/cmake/export_lane_seg_msgs__rosidl_typesupport_fastrtps_cppExport-noconfig.cmake
[2.655s] -- Installing: /home/woonggook/ev_ws/install/lane_seg_msgs/share/lane_seg_msgs/cmake/lane_seg_msgs__rosidl_typesupport_introspection_cppExport.cmake
[2.655s] -- Installing: /home/woonggook/ev_ws/install/lane_seg_msgs/share/lane_seg_msgs/cmake/lane_seg_msgs__rosidl_typesupport_introspection_cppExport-noconfig.cmake
[2.655s] -- Installing: /home/woonggook/ev_ws/install/lane_seg_msgs/share/lane_seg_msgs/cmake/lane_seg_msgs__rosidl_typesupport_cppExport.cmake
[2.655s] -- Installing: /home/woonggook/ev_ws/install/lane_seg_msgs/share/lane_seg_msgs/cmake/lane_seg_msgs__rosidl_typesupport_cppExport-noconfig.cmake
[2.655s] -- Installing: /home/woonggook/ev_ws/install/lane_seg_msgs/share/lane_seg_msgs/cmake/export_lane_seg_msgs__rosidl_generator_pyExport.cmake
[2.655s] -- Installing: /home/woonggook/ev_ws/install/lane_seg_msgs/share/lane_seg_msgs/cmake/export_lane_seg_msgs__rosidl_generator_pyExport-noconfig.cmake
[2.656s] -- Installing: /home/woonggook/ev_ws/install/lane_seg_msgs/share/lane_seg_msgs/cmake/rosidl_cmake-extras.cmake
[2.656s] -- Installing: /home/woonggook/ev_ws/install/lane_seg_msgs/share/lane_seg_msgs/cmake/ament_cmake_export_include_directories-extras.cmake
[2.656s] -- Installing: /home/woonggook/ev_ws/install/lane_seg_msgs/share/lane_seg_msgs/cmake/ament_cmake_export_libraries-extras.cmake
[2.656s] -- Installing: /home/woonggook/ev_ws/install/lane_seg_msgs/share/lane_seg_msgs/cmake/ament_cmake_export_targets-extras.cmake
[2.656s] -- Installing: /home/woonggook/ev_ws/install/lane_seg_msgs/share/lane_seg_msgs/cmake/rosidl_cmake_export_typesupport_targets-extras.cmake
[2.656s] -- Installing: /home/woonggook/ev_ws/install/lane_seg_msgs/share/lane_seg_msgs/cmake/ament_cmake_export_dependencies-extras.cmake
[2.656s] -- Installing: /home/woonggook/ev_ws/install/lane_seg_msgs/share/lane_seg_msgs/cmake/rosidl_cmake_export_typesupport_libraries-extras.cmake
[2.656s] -- Installing: /home/woonggook/ev_ws/install/lane_seg_msgs/share/lane_seg_msgs/cmake/lane_seg_msgsConfig.cmake
[2.656s] -- Installing: /home/woonggook/ev_ws/install/lane_seg_msgs/share/lane_seg_msgs/cmake/lane_seg_msgsConfig-version.cmake
[2.657s] -- Installing: /home/woonggook/ev_ws/install/lane_seg_msgs/share/lane_seg_msgs/package.xml
[2.657s] Invoked command in '/home/woonggook/ev_ws/build/lane_seg_msgs' returned '0': CMAKE_PREFIX_PATH=${CMAKE_PREFIX_PATH}:/home/woonggook/ev_ws/install/my_bev_package:/home/woonggook/ev_ws/install/lane_seg:/opt/ros/humble /usr/bin/cmake --install /home/woonggook/ev_ws/build/lane_seg_msgs
