In file included from /opt/ros/humble/include/rclcpp/rclcpp/client.hpp:40,
                 from /opt/ros/humble/include/rclcpp/rclcpp/callback_group.hpp:24,
                 from /opt/ros/humble/include/rclcpp/rclcpp/any_executable.hpp:20,
                 from /opt/ros/humble/include/rclcpp/rclcpp/memory_strategy.hpp:25,
                 from /opt/ros/humble/include/rclcpp/rclcpp/memory_strategies.hpp:18,
                 from /opt/ros/humble/include/rclcpp/rclcpp/executor_options.hpp:20,
                 from /opt/ros/humble/include/rclcpp/rclcpp/executor.hpp:37,
                 from /opt/ros/humble/include/rclcpp/rclcpp/executors/multi_threaded_executor.hpp:25,
                 from /opt/ros/humble/include/rclcpp/rclcpp/executors.hpp:21,
                 from /opt/ros/humble/include/rclcpp/rclcpp/rclcpp.hpp:155,
                 from /home/aiv/ev_ws/perception/src/lidar/cluster_splitter/include/cluster_splitter/cluster_splitter_node.hpp:11,
                 from /home/aiv/ev_ws/perception/src/lidar/cluster_splitter/src/cluster_splitter_node.cpp:1:
/home/aiv/ev_ws/perception/src/lidar/cluster_splitter/src/cluster_splitter_node.cpp: In lambda function:
/home/aiv/ev_ws/perception/src/lidar/cluster_splitter/src/cluster_splitter_node.cpp:825:3: error: passing ‘const rclcpp::Clock’ as ‘this’ argument discards qualifiers [-fpermissive]
  825 |   RCLCPP_INFO_THROTTLE(
      |   ^~~~~~~~~~~~~~~~~~~~
In file included from /opt/ros/humble/include/rclcpp/rclcpp/timer.hpp:27,
                 from /opt/ros/humble/include/rclcpp/rclcpp/callback_group.hpp:30,
                 from /opt/ros/humble/include/rclcpp/rclcpp/any_executable.hpp:20,
                 from /opt/ros/humble/include/rclcpp/rclcpp/memory_strategy.hpp:25,
                 from /opt/ros/humble/include/rclcpp/rclcpp/memory_strategies.hpp:18,
                 from /opt/ros/humble/include/rclcpp/rclcpp/executor_options.hpp:20,
                 from /opt/ros/humble/include/rclcpp/rclcpp/executor.hpp:37,
                 from /opt/ros/humble/include/rclcpp/rclcpp/executors/multi_threaded_executor.hpp:25,
                 from /opt/ros/humble/include/rclcpp/rclcpp/executors.hpp:21,
                 from /opt/ros/humble/include/rclcpp/rclcpp/rclcpp.hpp:155,
                 from /home/aiv/ev_ws/perception/src/lidar/cluster_splitter/include/cluster_splitter/cluster_splitter_node.hpp:11,
                 from /home/aiv/ev_ws/perception/src/lidar/cluster_splitter/src/cluster_splitter_node.cpp:1:
/opt/ros/humble/include/rclcpp/rclcpp/clock.hpp:87:3: note:   in call to ‘rclcpp::Time rclcpp::Clock::now()’
   87 |   now();
      |   ^~~
gmake[2]: *** [CMakeFiles/cluster_splitter_component.dir/build.make:76: CMakeFiles/cluster_splitter_component.dir/src/cluster_splitter_node.cpp.o] Error 1
gmake[1]: *** [CMakeFiles/Makefile2:139: CMakeFiles/cluster_splitter_component.dir/all] Error 2
gmake: *** [Makefile:146: all] Error 2
