[0.007s] Invoking command in '/home/aiv/ev_ws/perception/build/cluster_splitter': CMAKE_PREFIX_PATH=${CMAKE_PREFIX_PATH}:/opt/ros/humble /usr/bin/cmake /home/aiv/ev_ws/perception/src/lidar/cluster_splitter -DAMENT_CMAKE_SYMLINK_INSTALL=1 -DCMAKE_INSTALL_PREFIX=/home/aiv/ev_ws/perception/install/cluster_splitter
[0.015s] -- Found ament_cmake: 1.3.12 (/opt/ros/humble/share/ament_cmake/cmake)
[0.080s] -- Override CMake install command with custom implementation using symlinks instead of copying resources
[0.084s] -- Found rclcpp: 16.0.17 (/opt/ros/humble/share/rclcpp/cmake)
[0.098s] -- Found rosidl_generator_c: 3.1.8 (/opt/ros/humble/share/rosidl_generator_c/cmake)
[0.099s] -- Found rosidl_adapter: 3.1.8 (/opt/ros/humble/share/rosidl_adapter/cmake)
[0.102s] -- Found rosidl_generator_cpp: 3.1.8 (/opt/ros/humble/share/rosidl_generator_cpp/cmake)
[0.108s] -- Using all available rosidl_typesupport_c: rosidl_typesupport_fastrtps_c;rosidl_typesupport_introspection_c
[0.114s] -- Using all available rosidl_typesupport_cpp: rosidl_typesupport_fastrtps_cpp;rosidl_typesupport_introspection_cpp
[0.130s] -- Found rmw_implementation_cmake: 6.1.2 (/opt/ros/humble/share/rmw_implementation_cmake/cmake)
[0.131s] -- Found rmw_fastrtps_cpp: 6.2.9 (/opt/ros/humble/share/rmw_fastrtps_cpp/cmake)
[0.191s] -- Using RMW implementation 'rmw_fastrtps_cpp' as default
[0.214s] -- Found rclcpp_components: 16.0.17 (/opt/ros/humble/share/rclcpp_components/cmake)
[0.223s] -- Found sensor_msgs: 4.9.0 (/opt/ros/humble/share/sensor_msgs/cmake)
[0.241s] -- Found ament_lint_auto: 0.12.14 (/opt/ros/humble/share/ament_lint_auto/cmake)
[0.278s] -- Added test 'cppcheck' to perform static code analysis on C / C++ code
[0.278s] -- Configured cppcheck include dirs: /home/aiv/ev_ws/perception/src/lidar/cluster_splitter/include
[0.278s] -- Configured cppcheck exclude dirs and/or files: 
[0.278s] -- Added test 'flake8' to check Python code syntax and style conventions
[0.278s] -- Added test 'lint_cmake' to check CMake code style
[0.278s] -- Added test 'pep257' to check Python code against some of the docstring style conventions in PEP 257
[0.279s] -- Added test 'uncrustify' to check C / C++ code style
[0.279s] -- Configured uncrustify additional arguments: 
[0.279s] -- Added test 'xmllint' to check XML markup files
[0.279s] -- Configuring done
[0.285s] -- Generating done
[0.288s] -- Build files have been written to: /home/aiv/ev_ws/perception/build/cluster_splitter
[0.292s] Invoked command in '/home/aiv/ev_ws/perception/build/cluster_splitter' returned '0': CMAKE_PREFIX_PATH=${CMAKE_PREFIX_PATH}:/opt/ros/humble /usr/bin/cmake /home/aiv/ev_ws/perception/src/lidar/cluster_splitter -DAMENT_CMAKE_SYMLINK_INSTALL=1 -DCMAKE_INSTALL_PREFIX=/home/aiv/ev_ws/perception/install/cluster_splitter
[0.293s] Invoking command in '/home/aiv/ev_ws/perception/build/cluster_splitter': CMAKE_PREFIX_PATH=${CMAKE_PREFIX_PATH}:/opt/ros/humble /usr/bin/cmake --build /home/aiv/ev_ws/perception/build/cluster_splitter -- -j28 -l28
[0.325s] Consolidate compiler generated dependencies of target cluster_splitter_node
[0.326s] Consolidate compiler generated dependencies of target cluster_splitter_component
[0.336s] [ 25%] Building CXX object CMakeFiles/cluster_splitter_component.dir/src/cluster_splitter_node.cpp.o
[0.336s] [ 75%] Built target cluster_splitter_node
[1.659s] In file included from /opt/ros/humble/include/rclcpp/rclcpp/client.hpp:40,
[1.659s]                  from /opt/ros/humble/include/rclcpp/rclcpp/callback_group.hpp:24,
[1.659s]                  from /opt/ros/humble/include/rclcpp/rclcpp/any_executable.hpp:20,
[1.659s]                  from /opt/ros/humble/include/rclcpp/rclcpp/memory_strategy.hpp:25,
[1.659s]                  from /opt/ros/humble/include/rclcpp/rclcpp/memory_strategies.hpp:18,
[1.659s]                  from /opt/ros/humble/include/rclcpp/rclcpp/executor_options.hpp:20,
[1.659s]                  from /opt/ros/humble/include/rclcpp/rclcpp/executor.hpp:37,
[1.660s]                  from /opt/ros/humble/include/rclcpp/rclcpp/executors/multi_threaded_executor.hpp:25,
[1.660s]                  from /opt/ros/humble/include/rclcpp/rclcpp/executors.hpp:21,
[1.660s]                  from /opt/ros/humble/include/rclcpp/rclcpp/rclcpp.hpp:155,
[1.660s]                  from /home/aiv/ev_ws/perception/src/lidar/cluster_splitter/include/cluster_splitter/cluster_splitter_node.hpp:11,
[1.660s]                  from /home/aiv/ev_ws/perception/src/lidar/cluster_splitter/src/cluster_splitter_node.cpp:1:
[1.660s] /home/aiv/ev_ws/perception/src/lidar/cluster_splitter/src/cluster_splitter_node.cpp: In lambda function:
[1.660s] /home/aiv/ev_ws/perception/src/lidar/cluster_splitter/src/cluster_splitter_node.cpp:825:3: error: passing ‘const rclcpp::Clock’ as ‘this’ argument discards qualifiers [-fpermissive]
[1.660s]   825 |   RCLCPP_INFO_THROTTLE(
[1.660s]       |   ^~~~~~~~~~~~~~~~~~~~
[1.660s] In file included from /opt/ros/humble/include/rclcpp/rclcpp/timer.hpp:27,
[1.660s]                  from /opt/ros/humble/include/rclcpp/rclcpp/callback_group.hpp:30,
[1.660s]                  from /opt/ros/humble/include/rclcpp/rclcpp/any_executable.hpp:20,
[1.660s]                  from /opt/ros/humble/include/rclcpp/rclcpp/memory_strategy.hpp:25,
[1.660s]                  from /opt/ros/humble/include/rclcpp/rclcpp/memory_strategies.hpp:18,
[1.660s]                  from /opt/ros/humble/include/rclcpp/rclcpp/executor_options.hpp:20,
[1.660s]                  from /opt/ros/humble/include/rclcpp/rclcpp/executor.hpp:37,
[1.660s]                  from /opt/ros/humble/include/rclcpp/rclcpp/executors/multi_threaded_executor.hpp:25,
[1.660s]                  from /opt/ros/humble/include/rclcpp/rclcpp/executors.hpp:21,
[1.660s]                  from /opt/ros/humble/include/rclcpp/rclcpp/rclcpp.hpp:155,
[1.660s]                  from /home/aiv/ev_ws/perception/src/lidar/cluster_splitter/include/cluster_splitter/cluster_splitter_node.hpp:11,
[1.660s]                  from /home/aiv/ev_ws/perception/src/lidar/cluster_splitter/src/cluster_splitter_node.cpp:1:
[1.660s] /opt/ros/humble/include/rclcpp/rclcpp/clock.hpp:87:3: note:   in call to ‘rclcpp::Time rclcpp::Clock::now()’
[1.660s]    87 |   now();
[1.660s]       |   ^~~
[3.068s] gmake[2]: *** [CMakeFiles/cluster_splitter_component.dir/build.make:76: CMakeFiles/cluster_splitter_component.dir/src/cluster_splitter_node.cpp.o] Error 1
[3.068s] gmake[1]: *** [CMakeFiles/Makefile2:139: CMakeFiles/cluster_splitter_component.dir/all] Error 2
[3.068s] gmake: *** [Makefile:146: all] Error 2
[3.069s] Invoked command in '/home/aiv/ev_ws/perception/build/cluster_splitter' returned '2': CMAKE_PREFIX_PATH=${CMAKE_PREFIX_PATH}:/opt/ros/humble /usr/bin/cmake --build /home/aiv/ev_ws/perception/build/cluster_splitter -- -j28 -l28
