[0.020s] Invoking command in '/home/aiv/ev_ws/build/cluster_splitter': CMAKE_PREFIX_PATH=${CMAKE_PREFIX_PATH}:/opt/ros/humble /usr/bin/cmake /home/aiv/ev_ws/perception/src/lidar/cluster_splitter -DAMENT_CMAKE_SYMLINK_INSTALL=1 -DCMAKE_INSTALL_PREFIX=/home/aiv/ev_ws/install/cluster_splitter
[0.057s] -- The C compiler identification is GNU 11.4.0
[0.091s] -- The CXX compiler identification is GNU 11.4.0
[0.097s] -- Detecting C compiler ABI info
[0.136s] -- Detecting C compiler ABI info - done
[0.140s] -- Check for working C compiler: /usr/bin/cc - skipped
[0.140s] -- Detecting C compile features
[0.141s] -- Detecting C compile features - done
[0.143s] -- Detecting CXX compiler ABI info
[0.197s] -- Detecting CXX compiler ABI info - done
[0.203s] -- Check for working CXX compiler: /usr/bin/c++ - skipped
[0.203s] -- Detecting CXX compile features
[0.203s] -- Detecting CXX compile features - done
[0.205s] -- Found ament_cmake: 1.3.12 (/opt/ros/humble/share/ament_cmake/cmake)
[0.298s] -- Found Python3: /usr/bin/python3 (found version "3.10.12") found components: Interpreter 
[0.350s] -- Override CMake install command with custom implementation using symlinks instead of copying resources
[0.386s] -- Found rclcpp: 16.0.17 (/opt/ros/humble/share/rclcpp/cmake)
[0.414s] -- Found rosidl_generator_c: 3.1.8 (/opt/ros/humble/share/rosidl_generator_c/cmake)
[0.418s] -- Found rosidl_adapter: 3.1.8 (/opt/ros/humble/share/rosidl_adapter/cmake)
[0.424s] -- Found rosidl_generator_cpp: 3.1.8 (/opt/ros/humble/share/rosidl_generator_cpp/cmake)
[0.432s] -- Using all available rosidl_typesupport_c: rosidl_typesupport_fastrtps_c;rosidl_typesupport_introspection_c
[0.442s] -- Using all available rosidl_typesupport_cpp: rosidl_typesupport_fastrtps_cpp;rosidl_typesupport_introspection_cpp
[0.472s] -- Found rmw_implementation_cmake: 6.1.2 (/opt/ros/humble/share/rmw_implementation_cmake/cmake)
[0.475s] -- Found rmw_fastrtps_cpp: 6.2.9 (/opt/ros/humble/share/rmw_fastrtps_cpp/cmake)
[0.547s] -- Found OpenSSL: /usr/lib/x86_64-linux-gnu/libcrypto.so (found version "3.0.2")  
[0.568s] -- Found FastRTPS: /opt/ros/humble/include  
[0.594s] -- Using RMW implementation 'rmw_fastrtps_cpp' as default
[0.601s] -- Looking for pthread.h
[0.653s] -- Looking for pthread.h - found
[0.653s] -- Performing Test CMAKE_HAVE_LIBC_PTHREAD
[0.695s] -- Performing Test CMAKE_HAVE_LIBC_PTHREAD - Success
[0.696s] -- Found Threads: TRUE  
[0.726s] -- Found rclcpp_components: 16.0.17 (/opt/ros/humble/share/rclcpp_components/cmake)
[0.744s] -- Found sensor_msgs: 4.9.0 (/opt/ros/humble/share/sensor_msgs/cmake)
[0.764s] -- Found ament_lint_auto: 0.12.14 (/opt/ros/humble/share/ament_lint_auto/cmake)
[0.812s] -- Added test 'cppcheck' to perform static code analysis on C / C++ code
[0.813s] -- Configured cppcheck include dirs: /home/aiv/ev_ws/perception/src/lidar/cluster_splitter/include
[0.813s] -- Configured cppcheck exclude dirs and/or files: 
[0.813s] -- Added test 'flake8' to check Python code syntax and style conventions
[0.813s] -- Added test 'lint_cmake' to check CMake code style
[0.814s] -- Added test 'pep257' to check Python code against some of the docstring style conventions in PEP 257
[0.814s] -- Added test 'uncrustify' to check C / C++ code style
[0.814s] -- Configured uncrustify additional arguments: 
[0.814s] -- Added test 'xmllint' to check XML markup files
[0.815s] -- Configuring done
[0.822s] -- Generating done
[0.824s] -- Build files have been written to: /home/aiv/ev_ws/build/cluster_splitter
[0.830s] Invoked command in '/home/aiv/ev_ws/build/cluster_splitter' returned '0': CMAKE_PREFIX_PATH=${CMAKE_PREFIX_PATH}:/opt/ros/humble /usr/bin/cmake /home/aiv/ev_ws/perception/src/lidar/cluster_splitter -DAMENT_CMAKE_SYMLINK_INSTALL=1 -DCMAKE_INSTALL_PREFIX=/home/aiv/ev_ws/install/cluster_splitter
[0.831s] Invoking command in '/home/aiv/ev_ws/build/cluster_splitter': CMAKE_PREFIX_PATH=${CMAKE_PREFIX_PATH}:/opt/ros/humble /usr/bin/cmake --build /home/aiv/ev_ws/build/cluster_splitter -- -j28 -l28
[0.864s] [ 25%] [32mBuilding CXX object CMakeFiles/cluster_splitter_node.dir/rclcpp_components/node_main_cluster_splitter_node.cpp.o[0m
[0.869s] [ 50%] [32mBuilding CXX object CMakeFiles/cluster_splitter_component.dir/src/cluster_splitter_node.cpp.o[0m
[3.975s] [ 75%] [32m[1mLinking CXX executable cluster_splitter_node[0m
[4.091s] [ 75%] Built target cluster_splitter_node
[9.256s] [100%] [32m[1mLinking CXX shared library libcluster_splitter_component.so[0m
[9.853s] [100%] Built target cluster_splitter_component
[9.871s] Invoked command in '/home/aiv/ev_ws/build/cluster_splitter' returned '0': CMAKE_PREFIX_PATH=${CMAKE_PREFIX_PATH}:/opt/ros/humble /usr/bin/cmake --build /home/aiv/ev_ws/build/cluster_splitter -- -j28 -l28
[9.873s] Invoking command in '/home/aiv/ev_ws/build/cluster_splitter': CMAKE_PREFIX_PATH=${CMAKE_PREFIX_PATH}:/opt/ros/humble /usr/bin/cmake --install /home/aiv/ev_ws/build/cluster_splitter
[9.882s] -- Install configuration: ""
[9.883s] -- Execute custom install script
[9.886s] -- Symlinking: /home/aiv/ev_ws/install/cluster_splitter/lib/cluster_splitter/cluster_splitter_node
[9.897s] -- Symlinking: /home/aiv/ev_ws/install/cluster_splitter/lib/libcluster_splitter_component.so
[9.909s] -- Symlinking: /home/aiv/ev_ws/install/cluster_splitter/include/cluster_splitter/cluster_splitter_node.hpp
[9.922s] -- Symlinking: /home/aiv/ev_ws/install/cluster_splitter/share/cluster_splitter/config/cluster_splitter_params.yaml
[9.933s] -- Symlinking: /home/aiv/ev_ws/install/cluster_splitter/share/cluster_splitter/launch/cluster_splitter.launch.py
[9.944s] -- Symlinking: /home/aiv/ev_ws/install/cluster_splitter/share/ament_index/resource_index/package_run_dependencies/cluster_splitter
[9.954s] -- Symlinking: /home/aiv/ev_ws/install/cluster_splitter/share/ament_index/resource_index/parent_prefix_path/cluster_splitter
[9.964s] -- Symlinking: /home/aiv/ev_ws/install/cluster_splitter/share/cluster_splitter/environment/ament_prefix_path.sh
[9.975s] -- Symlinking: /home/aiv/ev_ws/install/cluster_splitter/share/cluster_splitter/environment/ament_prefix_path.dsv
[9.986s] -- Symlinking: /home/aiv/ev_ws/install/cluster_splitter/share/cluster_splitter/environment/path.sh
[10.000s] -- Symlinking: /home/aiv/ev_ws/install/cluster_splitter/share/cluster_splitter/environment/path.dsv
[10.010s] -- Symlinking: /home/aiv/ev_ws/install/cluster_splitter/share/cluster_splitter/local_setup.bash
[10.020s] -- Symlinking: /home/aiv/ev_ws/install/cluster_splitter/share/cluster_splitter/local_setup.sh
[10.031s] -- Symlinking: /home/aiv/ev_ws/install/cluster_splitter/share/cluster_splitter/local_setup.zsh
[10.042s] -- Symlinking: /home/aiv/ev_ws/install/cluster_splitter/share/cluster_splitter/local_setup.dsv
[10.053s] -- Symlinking: /home/aiv/ev_ws/install/cluster_splitter/share/cluster_splitter/package.dsv
[10.064s] -- Symlinking: /home/aiv/ev_ws/install/cluster_splitter/share/ament_index/resource_index/packages/cluster_splitter
[10.075s] -- Symlinking: /home/aiv/ev_ws/install/cluster_splitter/share/ament_index/resource_index/rclcpp_components/cluster_splitter
[10.085s] -- Symlinking: /home/aiv/ev_ws/install/cluster_splitter/share/cluster_splitter/cmake/cluster_splitterConfig.cmake
[10.093s] -- Symlinking: /home/aiv/ev_ws/install/cluster_splitter/share/cluster_splitter/cmake/cluster_splitterConfig-version.cmake
[10.100s] -- Symlinking: /home/aiv/ev_ws/install/cluster_splitter/share/cluster_splitter/package.xml
[10.111s] Invoked command in '/home/aiv/ev_ws/build/cluster_splitter' returned '0': CMAKE_PREFIX_PATH=${CMAKE_PREFIX_PATH}:/opt/ros/humble /usr/bin/cmake --install /home/aiv/ev_ws/build/cluster_splitter
