[0.000000] (-) TimerEvent: {}
[0.000445] (chaining_costmap_ver) JobQueued: {'identifier': 'chaining_costmap_ver', 'dependencies': OrderedDict()}
[0.000527] (chaining_costmap_ver) JobStarted: {'identifier': 'chaining_costmap_ver'}
[0.007352] (chaining_costmap_ver) JobProgress: {'identifier': 'chaining_costmap_ver', 'progress': 'cmake'}
[0.007660] (chaining_costmap_ver) Command: {'cmd': ['/usr/bin/cmake', '/home/aiv/ev_ws/planning/src/chaining_costmap_ver', '-DAMENT_CMAKE_SYMLINK_INSTALL=1', '-DCMAKE_INSTALL_PREFIX=/home/aiv/ev_ws/planning/install/chaining_costmap_ver'], 'cwd': '/home/aiv/ev_ws/planning/build/chaining_costmap_ver', 'env': OrderedDict([('GJS_DEBUG_TOPICS', 'JS ERROR;JS LOG'), ('PYTHON_BASIC_REPL', '1'), ('USER', 'aiv'), ('LC_TIME', 'ko_KR.UTF-8'), ('XDG_SESSION_TYPE', 'x11'), ('GIT_ASKPASS', '/usr/share/code/resources/app/extensions/git/dist/askpass.sh'), ('SHLVL', '1'), ('LD_LIBRARY_PATH', '/usr/local/cuda-12.6/lib64:/usr/local/cuda-12.6/lib64:/home/aiv/ev_ws/planning/install/chaining_costmap_ver/lib:/home/aiv/ev_ws/ev_msgs/install/ev_msgs/lib:/home/aiv/ev_ws/erp42_ros/install/erp42_serial/lib:/home/aiv/ev_ws/erp42_ros/install/erp42_rqt_plugin/lib:/home/aiv/ev_ws/erp42_ros/install/erp42_gazebo/lib:/home/aiv/ev_ws/erp42_ros/install/erp42_util/lib:/home/aiv/ev_ws/erp42_ros/install/erp42_msgs/lib:/home/aiv/ev_ws/perception/install/velodyne_pointcloud/lib:/home/aiv/ev_ws/perception/install/velodyne_driver/lib:/home/aiv/ev_ws/perception/install/velodyne_msgs/lib:/home/aiv/ev_ws/perception/install/velodyne_cropbox/lib:/home/aiv/ev_ws/perception/install/patchworkpp/lib:/home/aiv/ev_ws/perception/install/make_bbox/lib:/home/aiv/ev_ws/perception/install/lidar_voxel_grid/lib:/home/aiv/ev_ws/perception/install/dbscan_clustering/lib:/home/aiv/ev_ws/perception/install/cluster_splitter/lib:/usr/lib/x86_64-linux-gnu/gazebo-11/plugins:/opt/ros/humble/opt/rviz_ogre_vendor/lib:/opt/ros/humble/lib/x86_64-linux-gnu:/opt/ros/humble/lib:/usr/local/cuda-12.6/lib64'), ('HOME', '/home/aiv'), ('CHROME_DESKTOP', 'code.desktop'), ('OLDPWD', '/home/aiv/ev_ws'), ('TERM_PROGRAM_VERSION', '1.109.2'), ('DESKTOP_SESSION', 'ubuntu'), ('NVM_BIN', '/home/aiv/.nvm/versions/node/v24.13.1/bin'), ('NVM_INC', '/home/aiv/.nvm/versions/node/v24.13.1/include/node'), ('GIO_LAUNCHED_DESKTOP_FILE', '/usr/share/applications/code.desktop'), ('ROS_PYTHON_VERSION', '3'), ('GNOME_SHELL_SESSION_MODE', 'ubuntu'), ('GTK_MODULES', 'gail:atk-bridge'), ('VSCODE_GIT_ASKPASS_MAIN', '/usr/share/code/resources/app/extensions/git/dist/askpass-main.js'), ('LC_MONETARY', 'ko_KR.UTF-8'), ('VSCODE_GIT_ASKPASS_NODE', '/usr/share/code/code'), ('MANAGERPID', '2053'), ('PYDEVD_DISABLE_FILE_VALIDATION', '1'), ('SYSTEMD_EXEC_PID', '2600'), ('BUNDLED_DEBUGPY_PATH', '/home/aiv/.vscode/extensions/ms-python.debugpy-2025.18.0-linux-x64/bundled/libs/debugpy'), ('VSCODE_PYTHON_AUTOACTIVATE_GUARD', '1'), ('DBUS_SESSION_BUS_ADDRESS', 'unix:path=/run/user/1000/bus'), ('COLORTERM', 'truecolor'), ('GIO_LAUNCHED_DESKTOP_FILE_PID', '4050'), ('NVM_DIR', '/home/aiv/.nvm'), ('COLCON_PREFIX_PATH', '/home/aiv/ev_ws/planning/install:/home/aiv/ev_ws/perception/install:/home/aiv/ev_ws/ev_msgs/install:/home/aiv/ev_ws/carsa_gazebo/install:/home/aiv/ev_ws/erp42_ros/install'), ('ROS_DISTRO', 'humble'), ('GTK_IM_MODULE', 'ibus'), ('LOGNAME', 'aiv'), ('JOURNAL_STREAM', '8:17728'), ('_', '/usr/bin/colcon'), ('ROS_VERSION', '2'), ('CLAUDE_CODE_SSE_PORT', '14312'), ('XDG_SESSION_CLASS', 'user'), ('USERNAME', 'aiv'), ('TERM', 'xterm-256color'), ('GNOME_DESKTOP_SESSION_ID', 'this-is-deprecated'), ('FC_FONTATIONS', '1'), ('ROS_LOCALHOST_ONLY', '0'), ('WINDOWPATH', '2'), ('PATH', '/usr/local/cuda-12.6/bin:/home/aiv/.local/bin:/usr/local/cuda-12.6/bin:/home/aiv/.local/bin:/opt/ros/humble/bin:/home/aiv/.nvm/versions/node/v24.13.1/bin:/usr/local/cuda-12.6/bin:/usr/local/sbin:/usr/local/bin:/usr/sbin:/usr/bin:/sbin:/bin:/usr/games:/usr/local/games:/snap/bin:/snap/bin:/home/aiv/.vscode/extensions/ms-python.debugpy-2025.18.0-linux-x64/bundled/scripts/noConfigScripts'), ('SESSION_MANAGER', 'local/aiv:@/tmp/.ICE-unix/2572,unix/aiv:/tmp/.ICE-unix/2572'), ('INVOCATION_ID', '73361147c32d477cab63523844691b36'), ('XDG_MENU_PREFIX', 'gnome-'), ('LC_ADDRESS', 'ko_KR.UTF-8'), ('XDG_RUNTIME_DIR', '/run/user/1000'), ('GDK_BACKEND', 'x11'), ('DISPLAY', ':1'), ('VSCODE_DEBUGPY_ADAPTER_ENDPOINTS', '/home/aiv/.vscode/extensions/ms-python.debugpy-2025.18.0-linux-x64/.noConfigDebugAdapterEndpoints/endpoint-46563bbf624c3cef.txt'), ('LANG', 'en_US.UTF-8'), ('XDG_CURRENT_DESKTOP', 'ubuntu:GNOME'), ('PYTHONSTARTUP', '/home/aiv/.config/Code/User/workspaceStorage/9d75279b595d34a0fd4ce4d24c8f3c60/ms-python.python/pythonrc.py'), ('LC_TELEPHONE', 'ko_KR.UTF-8'), ('XMODIFIERS', '@im=ibus'), ('XDG_SESSION_DESKTOP', 'ubuntu'), ('XAUTHORITY', '/run/user/1000/gdm/Xauthority'), ('VSCODE_GIT_IPC_HANDLE', '/run/user/1000/vscode-git-84c9dd9eb3.sock'), ('TERM_PROGRAM', 'vscode'), ('SSH_AGENT_LAUNCHER', 'gnome-keyring'), ('SSH_AUTH_SOCK', '/run/user/1000/keyring/ssh'), ('AMENT_PREFIX_PATH', '/home/aiv/ev_ws/carsa_gazebo/install/carsa_gazebo:/home/aiv/ev_ws/planning/install/chaining_costmap_ver:/home/aiv/ev_ws/ev_msgs/install/ev_msgs:/home/aiv/ev_ws/erp42_ros/install/erp42_serial:/home/aiv/ev_ws/erp42_ros/install/erp42_rqt_plugin:/home/aiv/ev_ws/erp42_ros/install/erp42_gazebo:/home/aiv/ev_ws/erp42_ros/install/erp42_util:/home/aiv/ev_ws/erp42_ros/install/erp42_msgs:/home/aiv/ev_ws/erp42_ros/install/erp42_description:/home/aiv/ev_ws/erp42_ros/install/erp42_cmake:/home/aiv/ev_ws/perception/install/velodyne:/home/aiv/ev_ws/perception/install/lidar_launch:/home/aiv/ev_ws/perception/install/velodyne_pointcloud:/home/aiv/ev_ws/perception/install/velodyne_driver:/home/aiv/ev_ws/perception/install/velodyne_msgs:/home/aiv/ev_ws/perception/install/velodyne_cropbox:/home/aiv/ev_ws/perception/install/patchworkpp:/home/aiv/ev_ws/perception/install/make_bbox:/home/aiv/ev_ws/perception/install/lidar_voxel_grid:/home/aiv/ev_ws/perception/install/dbscan_clustering:/home/aiv/ev_ws/perception/install/cluster_splitter:/opt/ros/humble'), ('SHELL', '/bin/bash'), ('LC_NAME', 'ko_KR.UTF-8'), ('QT_ACCESSIBILITY', '1'), ('GDMSESSION', 'ubuntu'), ('LC_MEASUREMENT', 'ko_KR.UTF-8'), ('GPG_AGENT_INFO', '/run/user/1000/gnupg/S.gpg-agent:0:1'), ('GJS_DEBUG_OUTPUT', 'stderr'), ('LC_IDENTIFICATION', 'ko_KR.UTF-8'), ('VSCODE_GIT_ASKPASS_EXTRA_ARGS', ''), ('QT_IM_MODULE', 'ibus'), ('PWD', '/home/aiv/ev_ws/planning/build/chaining_costmap_ver'), ('LC_ALL', 'en_US.UTF-8'), ('XDG_CONFIG_DIRS', '/etc/xdg/xdg-ubuntu:/etc/xdg'), ('NVM_CD_FLAGS', ''), ('XDG_DATA_DIRS', '/usr/share/ubuntu:/usr/share/gnome:/usr/local/share/:/usr/share/:/var/lib/snapd/desktop'), ('PYTHONPATH', '/home/aiv/ev_ws/ev_msgs/install/ev_msgs/local/lib/python3.10/dist-packages:/home/aiv/ev_ws/erp42_ros/install/erp42_msgs/local/lib/python3.10/dist-packages:/home/aiv/ev_ws/perception/install/velodyne_msgs/local/lib/python3.10/dist-packages:/opt/ros/humble/lib/python3.10/site-packages:/opt/ros/humble/local/lib/python3.10/dist-packages'), ('LC_NUMERIC', 'ko_KR.UTF-8'), ('LC_PAPER', 'ko_KR.UTF-8'), ('COLCON', '1'), ('EDITOR', 'code --wait'), ('CMAKE_PREFIX_PATH', '/home/aiv/ev_ws/carsa_gazebo/install/carsa_gazebo:/home/aiv/ev_ws/planning/install/chaining_costmap_ver:/home/aiv/ev_ws/ev_msgs/install/ev_msgs:/home/aiv/ev_ws/erp42_ros/install/erp42_serial:/home/aiv/ev_ws/erp42_ros/install/erp42_rqt_plugin:/home/aiv/ev_ws/erp42_ros/install/erp42_gazebo:/home/aiv/ev_ws/erp42_ros/install/erp42_util:/home/aiv/ev_ws/erp42_ros/install/erp42_msgs:/home/aiv/ev_ws/erp42_ros/install/erp42_description:/home/aiv/ev_ws/erp42_ros/install/erp42_cmake:/home/aiv/ev_ws/perception/install/velodyne:/home/aiv/ev_ws/perception/install/lidar_launch:/home/aiv/ev_ws/perception/install/velodyne_pointcloud:/home/aiv/ev_ws/perception/install/velodyne_driver:/home/aiv/ev_ws/perception/install/velodyne_msgs:/home/aiv/ev_ws/perception/install/velodyne_cropbox:/home/aiv/ev_ws/perception/install/patchworkpp:/home/aiv/ev_ws/perception/install/make_bbox:/home/aiv/ev_ws/perception/install/lidar_voxel_grid:/home/aiv/ev_ws/perception/install/dbscan_clustering:/home/aiv/ev_ws/perception/install/cluster_splitter:/opt/ros/humble')]), 'shell': False}
[0.044616] (chaining_costmap_ver) StdoutLine: {'line': b'-- The C compiler identification is GNU 11.4.0\n'}
[0.079214] (chaining_costmap_ver) StdoutLine: {'line': b'-- The CXX compiler identification is GNU 11.4.0\n'}
[0.083674] (chaining_costmap_ver) StdoutLine: {'line': b'-- Detecting C compiler ABI info\n'}
[0.099863] (-) TimerEvent: {}
[0.130620] (chaining_costmap_ver) StdoutLine: {'line': b'-- Detecting C compiler ABI info - done\n'}
[0.134409] (chaining_costmap_ver) StdoutLine: {'line': b'-- Check for working C compiler: /usr/bin/cc - skipped\n'}
[0.134675] (chaining_costmap_ver) StdoutLine: {'line': b'-- Detecting C compile features\n'}
[0.134907] (chaining_costmap_ver) StdoutLine: {'line': b'-- Detecting C compile features - done\n'}
[0.136463] (chaining_costmap_ver) StdoutLine: {'line': b'-- Detecting CXX compiler ABI info\n'}
[0.191804] (chaining_costmap_ver) StdoutLine: {'line': b'-- Detecting CXX compiler ABI info - done\n'}
[0.197159] (chaining_costmap_ver) StdoutLine: {'line': b'-- Check for working CXX compiler: /usr/bin/c++ - skipped\n'}
[0.197292] (chaining_costmap_ver) StdoutLine: {'line': b'-- Detecting CXX compile features\n'}
[0.197545] (chaining_costmap_ver) StdoutLine: {'line': b'-- Detecting CXX compile features - done\n'}
[0.199307] (chaining_costmap_ver) StdoutLine: {'line': b'-- Found ament_cmake: 1.3.12 (/opt/ros/humble/share/ament_cmake/cmake)\n'}
[0.199917] (-) TimerEvent: {}
[0.297271] (chaining_costmap_ver) StdoutLine: {'line': b'-- Found Python3: /usr/bin/python3 (found version "3.10.12") found components: Interpreter \n'}
[0.300034] (-) TimerEvent: {}
[0.334586] (chaining_costmap_ver) StdoutLine: {'line': b'-- Override CMake install command with custom implementation using symlinks instead of copying resources\n'}
[0.359537] (chaining_costmap_ver) StdoutLine: {'line': b'-- Found rclcpp: 16.0.17 (/opt/ros/humble/share/rclcpp/cmake)\n'}
[0.391990] (chaining_costmap_ver) StdoutLine: {'line': b'-- Found rosidl_generator_c: 3.1.8 (/opt/ros/humble/share/rosidl_generator_c/cmake)\n'}
[0.396269] (chaining_costmap_ver) StdoutLine: {'line': b'-- Found rosidl_adapter: 3.1.8 (/opt/ros/humble/share/rosidl_adapter/cmake)\n'}
[0.400126] (-) TimerEvent: {}
[0.402498] (chaining_costmap_ver) StdoutLine: {'line': b'-- Found rosidl_generator_cpp: 3.1.8 (/opt/ros/humble/share/rosidl_generator_cpp/cmake)\n'}
[0.411131] (chaining_costmap_ver) StdoutLine: {'line': b'-- Using all available rosidl_typesupport_c: rosidl_typesupport_fastrtps_c;rosidl_typesupport_introspection_c\n'}
[0.422728] (chaining_costmap_ver) StdoutLine: {'line': b'-- Using all available rosidl_typesupport_cpp: rosidl_typesupport_fastrtps_cpp;rosidl_typesupport_introspection_cpp\n'}
[0.457900] (chaining_costmap_ver) StdoutLine: {'line': b'-- Found rmw_implementation_cmake: 6.1.2 (/opt/ros/humble/share/rmw_implementation_cmake/cmake)\n'}
[0.460288] (chaining_costmap_ver) StdoutLine: {'line': b'-- Found rmw_fastrtps_cpp: 6.2.9 (/opt/ros/humble/share/rmw_fastrtps_cpp/cmake)\n'}
[0.500220] (-) TimerEvent: {}
[0.525498] (chaining_costmap_ver) StdoutLine: {'line': b'-- Found OpenSSL: /usr/lib/x86_64-linux-gnu/libcrypto.so (found version "3.0.2")  \n'}
[0.542218] (chaining_costmap_ver) StdoutLine: {'line': b'-- Found FastRTPS: /opt/ros/humble/include  \n'}
[0.569036] (chaining_costmap_ver) StdoutLine: {'line': b"-- Using RMW implementation 'rmw_fastrtps_cpp' as default\n"}
[0.575444] (chaining_costmap_ver) StdoutLine: {'line': b'-- Looking for pthread.h\n'}
[0.600326] (-) TimerEvent: {}
[0.636289] (chaining_costmap_ver) StdoutLine: {'line': b'-- Looking for pthread.h - found\n'}
[0.636525] (chaining_costmap_ver) StdoutLine: {'line': b'-- Performing Test CMAKE_HAVE_LIBC_PTHREAD\n'}
[0.690103] (chaining_costmap_ver) StdoutLine: {'line': b'-- Performing Test CMAKE_HAVE_LIBC_PTHREAD - Success\n'}
[0.691117] (chaining_costmap_ver) StdoutLine: {'line': b'-- Found Threads: TRUE  \n'}
[0.700382] (-) TimerEvent: {}
[0.725223] (chaining_costmap_ver) StdoutLine: {'line': b'-- Found rclcpp_components: 16.0.17 (/opt/ros/humble/share/rclcpp_components/cmake)\n'}
[0.743893] (chaining_costmap_ver) StdoutLine: {'line': b'-- Found nav_msgs: 4.9.0 (/opt/ros/humble/share/nav_msgs/cmake)\n'}
[0.762351] (chaining_costmap_ver) StdoutLine: {'line': b'-- Found ev_msgs: 0.1.0 (/home/aiv/ev_ws/ev_msgs/install/ev_msgs/share/ev_msgs/cmake)\n'}
[0.772193] (chaining_costmap_ver) StdoutLine: {'line': b'-- Found visualization_msgs: 4.9.0 (/opt/ros/humble/share/visualization_msgs/cmake)\n'}
[0.800475] (-) TimerEvent: {}
[0.803929] (chaining_costmap_ver) StdoutLine: {'line': b'-- Found ament_lint_auto: 0.12.14 (/opt/ros/humble/share/ament_lint_auto/cmake)\n'}
[0.853500] (chaining_costmap_ver) StdoutLine: {'line': b"-- Added test 'cppcheck' to perform static code analysis on C / C++ code\n"}
[0.853712] (chaining_costmap_ver) StdoutLine: {'line': b'-- Configured cppcheck include dirs: /home/aiv/ev_ws/planning/src/chaining_costmap_ver/include\n'}
[0.853746] (chaining_costmap_ver) StdoutLine: {'line': b'-- Configured cppcheck exclude dirs and/or files: \n'}
[0.854279] (chaining_costmap_ver) StdoutLine: {'line': b"-- Added test 'flake8' to check Python code syntax and style conventions\n"}
[0.854880] (chaining_costmap_ver) StdoutLine: {'line': b"-- Added test 'lint_cmake' to check CMake code style\n"}
[0.855333] (chaining_costmap_ver) StdoutLine: {'line': b"-- Added test 'pep257' to check Python code against some of the docstring style conventions in PEP 257\n"}
[0.856518] (chaining_costmap_ver) StdoutLine: {'line': b"-- Added test 'uncrustify' to check C / C++ code style\n"}
[0.856592] (chaining_costmap_ver) StdoutLine: {'line': b'-- Configured uncrustify additional arguments: \n'}
[0.857090] (chaining_costmap_ver) StdoutLine: {'line': b"-- Added test 'xmllint' to check XML markup files\n"}
[0.858129] (chaining_costmap_ver) StdoutLine: {'line': b'-- Configuring done\n'}
[0.871417] (chaining_costmap_ver) StdoutLine: {'line': b'-- Generating done\n'}
[0.876660] (chaining_costmap_ver) StdoutLine: {'line': b'-- Build files have been written to: /home/aiv/ev_ws/planning/build/chaining_costmap_ver\n'}
[0.882669] (chaining_costmap_ver) CommandEnded: {'returncode': 0}
[0.883198] (chaining_costmap_ver) JobProgress: {'identifier': 'chaining_costmap_ver', 'progress': 'build'}
[0.883874] (chaining_costmap_ver) Command: {'cmd': ['/usr/bin/cmake', '--build', '/home/aiv/ev_ws/planning/build/chaining_costmap_ver', '--', '-j28', '-l28'], 'cwd': '/home/aiv/ev_ws/planning/build/chaining_costmap_ver', 'env': OrderedDict([('GJS_DEBUG_TOPICS', 'JS ERROR;JS LOG'), ('PYTHON_BASIC_REPL', '1'), ('USER', 'aiv'), ('LC_TIME', 'ko_KR.UTF-8'), ('XDG_SESSION_TYPE', 'x11'), ('GIT_ASKPASS', '/usr/share/code/resources/app/extensions/git/dist/askpass.sh'), ('SHLVL', '1'), ('LD_LIBRARY_PATH', '/usr/local/cuda-12.6/lib64:/usr/local/cuda-12.6/lib64:/home/aiv/ev_ws/planning/install/chaining_costmap_ver/lib:/home/aiv/ev_ws/ev_msgs/install/ev_msgs/lib:/home/aiv/ev_ws/erp42_ros/install/erp42_serial/lib:/home/aiv/ev_ws/erp42_ros/install/erp42_rqt_plugin/lib:/home/aiv/ev_ws/erp42_ros/install/erp42_gazebo/lib:/home/aiv/ev_ws/erp42_ros/install/erp42_util/lib:/home/aiv/ev_ws/erp42_ros/install/erp42_msgs/lib:/home/aiv/ev_ws/perception/install/velodyne_pointcloud/lib:/home/aiv/ev_ws/perception/install/velodyne_driver/lib:/home/aiv/ev_ws/perception/install/velodyne_msgs/lib:/home/aiv/ev_ws/perception/install/velodyne_cropbox/lib:/home/aiv/ev_ws/perception/install/patchworkpp/lib:/home/aiv/ev_ws/perception/install/make_bbox/lib:/home/aiv/ev_ws/perception/install/lidar_voxel_grid/lib:/home/aiv/ev_ws/perception/install/dbscan_clustering/lib:/home/aiv/ev_ws/perception/install/cluster_splitter/lib:/usr/lib/x86_64-linux-gnu/gazebo-11/plugins:/opt/ros/humble/opt/rviz_ogre_vendor/lib:/opt/ros/humble/lib/x86_64-linux-gnu:/opt/ros/humble/lib:/usr/local/cuda-12.6/lib64'), ('HOME', '/home/aiv'), ('CHROME_DESKTOP', 'code.desktop'), ('OLDPWD', '/home/aiv/ev_ws'), ('TERM_PROGRAM_VERSION', '1.109.2'), ('DESKTOP_SESSION', 'ubuntu'), ('NVM_BIN', '/home/aiv/.nvm/versions/node/v24.13.1/bin'), ('NVM_INC', '/home/aiv/.nvm/versions/node/v24.13.1/include/node'), ('GIO_LAUNCHED_DESKTOP_FILE', '/usr/share/applications/code.desktop'), ('ROS_PYTHON_VERSION', '3'), ('GNOME_SHELL_SESSION_MODE', 'ubuntu'), ('GTK_MODULES', 'gail:atk-bridge'), ('VSCODE_GIT_ASKPASS_MAIN', '/usr/share/code/resources/app/extensions/git/dist/askpass-main.js'), ('LC_MONETARY', 'ko_KR.UTF-8'), ('VSCODE_GIT_ASKPASS_NODE', '/usr/share/code/code'), ('MANAGERPID', '2053'), ('PYDEVD_DISABLE_FILE_VALIDATION', '1'), ('SYSTEMD_EXEC_PID', '2600'), ('BUNDLED_DEBUGPY_PATH', '/home/aiv/.vscode/extensions/ms-python.debugpy-2025.18.0-linux-x64/bundled/libs/debugpy'), ('VSCODE_PYTHON_AUTOACTIVATE_GUARD', '1'), ('DBUS_SESSION_BUS_ADDRESS', 'unix:path=/run/user/1000/bus'), ('COLORTERM', 'truecolor'), ('GIO_LAUNCHED_DESKTOP_FILE_PID', '4050'), ('NVM_DIR', '/home/aiv/.nvm'), ('COLCON_PREFIX_PATH', '/home/aiv/ev_ws/planning/install:/home/aiv/ev_ws/perception/install:/home/aiv/ev_ws/ev_msgs/install:/home/aiv/ev_ws/carsa_gazebo/install:/home/aiv/ev_ws/erp42_ros/install'), ('ROS_DISTRO', 'humble'), ('GTK_IM_MODULE', 'ibus'), ('LOGNAME', 'aiv'), ('JOURNAL_STREAM', '8:17728'), ('_', '/usr/bin/colcon'), ('ROS_VERSION', '2'), ('CLAUDE_CODE_SSE_PORT', '14312'), ('XDG_SESSION_CLASS', 'user'), ('USERNAME', 'aiv'), ('TERM', 'xterm-256color'), ('GNOME_DESKTOP_SESSION_ID', 'this-is-deprecated'), ('FC_FONTATIONS', '1'), ('ROS_LOCALHOST_ONLY', '0'), ('WINDOWPATH', '2'), ('PATH', '/usr/local/cuda-12.6/bin:/home/aiv/.local/bin:/usr/local/cuda-12.6/bin:/home/aiv/.local/bin:/opt/ros/humble/bin:/home/aiv/.nvm/versions/node/v24.13.1/bin:/usr/local/cuda-12.6/bin:/usr/local/sbin:/usr/local/bin:/usr/sbin:/usr/bin:/sbin:/bin:/usr/games:/usr/local/games:/snap/bin:/snap/bin:/home/aiv/.vscode/extensions/ms-python.debugpy-2025.18.0-linux-x64/bundled/scripts/noConfigScripts'), ('SESSION_MANAGER', 'local/aiv:@/tmp/.ICE-unix/2572,unix/aiv:/tmp/.ICE-unix/2572'), ('INVOCATION_ID', '73361147c32d477cab63523844691b36'), ('XDG_MENU_PREFIX', 'gnome-'), ('LC_ADDRESS', 'ko_KR.UTF-8'), ('XDG_RUNTIME_DIR', '/run/user/1000'), ('GDK_BACKEND', 'x11'), ('DISPLAY', ':1'), ('VSCODE_DEBUGPY_ADAPTER_ENDPOINTS', '/home/aiv/.vscode/extensions/ms-python.debugpy-2025.18.0-linux-x64/.noConfigDebugAdapterEndpoints/endpoint-46563bbf624c3cef.txt'), ('LANG', 'en_US.UTF-8'), ('XDG_CURRENT_DESKTOP', 'ubuntu:GNOME'), ('PYTHONSTARTUP', '/home/aiv/.config/Code/User/workspaceStorage/9d75279b595d34a0fd4ce4d24c8f3c60/ms-python.python/pythonrc.py'), ('LC_TELEPHONE', 'ko_KR.UTF-8'), ('XMODIFIERS', '@im=ibus'), ('XDG_SESSION_DESKTOP', 'ubuntu'), ('XAUTHORITY', '/run/user/1000/gdm/Xauthority'), ('VSCODE_GIT_IPC_HANDLE', '/run/user/1000/vscode-git-84c9dd9eb3.sock'), ('TERM_PROGRAM', 'vscode'), ('SSH_AGENT_LAUNCHER', 'gnome-keyring'), ('SSH_AUTH_SOCK', '/run/user/1000/keyring/ssh'), ('AMENT_PREFIX_PATH', '/home/aiv/ev_ws/carsa_gazebo/install/carsa_gazebo:/home/aiv/ev_ws/planning/install/chaining_costmap_ver:/home/aiv/ev_ws/ev_msgs/install/ev_msgs:/home/aiv/ev_ws/erp42_ros/install/erp42_serial:/home/aiv/ev_ws/erp42_ros/install/erp42_rqt_plugin:/home/aiv/ev_ws/erp42_ros/install/erp42_gazebo:/home/aiv/ev_ws/erp42_ros/install/erp42_util:/home/aiv/ev_ws/erp42_ros/install/erp42_msgs:/home/aiv/ev_ws/erp42_ros/install/erp42_description:/home/aiv/ev_ws/erp42_ros/install/erp42_cmake:/home/aiv/ev_ws/perception/install/velodyne:/home/aiv/ev_ws/perception/install/lidar_launch:/home/aiv/ev_ws/perception/install/velodyne_pointcloud:/home/aiv/ev_ws/perception/install/velodyne_driver:/home/aiv/ev_ws/perception/install/velodyne_msgs:/home/aiv/ev_ws/perception/install/velodyne_cropbox:/home/aiv/ev_ws/perception/install/patchworkpp:/home/aiv/ev_ws/perception/install/make_bbox:/home/aiv/ev_ws/perception/install/lidar_voxel_grid:/home/aiv/ev_ws/perception/install/dbscan_clustering:/home/aiv/ev_ws/perception/install/cluster_splitter:/opt/ros/humble'), ('SHELL', '/bin/bash'), ('LC_NAME', 'ko_KR.UTF-8'), ('QT_ACCESSIBILITY', '1'), ('GDMSESSION', 'ubuntu'), ('LC_MEASUREMENT', 'ko_KR.UTF-8'), ('GPG_AGENT_INFO', '/run/user/1000/gnupg/S.gpg-agent:0:1'), ('GJS_DEBUG_OUTPUT', 'stderr'), ('LC_IDENTIFICATION', 'ko_KR.UTF-8'), ('VSCODE_GIT_ASKPASS_EXTRA_ARGS', ''), ('QT_IM_MODULE', 'ibus'), ('PWD', '/home/aiv/ev_ws/planning/build/chaining_costmap_ver'), ('LC_ALL', 'en_US.UTF-8'), ('XDG_CONFIG_DIRS', '/etc/xdg/xdg-ubuntu:/etc/xdg'), ('NVM_CD_FLAGS', ''), ('XDG_DATA_DIRS', '/usr/share/ubuntu:/usr/share/gnome:/usr/local/share/:/usr/share/:/var/lib/snapd/desktop'), ('PYTHONPATH', '/home/aiv/ev_ws/ev_msgs/install/ev_msgs/local/lib/python3.10/dist-packages:/home/aiv/ev_ws/erp42_ros/install/erp42_msgs/local/lib/python3.10/dist-packages:/home/aiv/ev_ws/perception/install/velodyne_msgs/local/lib/python3.10/dist-packages:/opt/ros/humble/lib/python3.10/site-packages:/opt/ros/humble/local/lib/python3.10/dist-packages'), ('LC_NUMERIC', 'ko_KR.UTF-8'), ('LC_PAPER', 'ko_KR.UTF-8'), ('COLCON', '1'), ('EDITOR', 'code --wait'), ('CMAKE_PREFIX_PATH', '/home/aiv/ev_ws/carsa_gazebo/install/carsa_gazebo:/home/aiv/ev_ws/planning/install/chaining_costmap_ver:/home/aiv/ev_ws/ev_msgs/install/ev_msgs:/home/aiv/ev_ws/erp42_ros/install/erp42_serial:/home/aiv/ev_ws/erp42_ros/install/erp42_rqt_plugin:/home/aiv/ev_ws/erp42_ros/install/erp42_gazebo:/home/aiv/ev_ws/erp42_ros/install/erp42_util:/home/aiv/ev_ws/erp42_ros/install/erp42_msgs:/home/aiv/ev_ws/erp42_ros/install/erp42_description:/home/aiv/ev_ws/erp42_ros/install/erp42_cmake:/home/aiv/ev_ws/perception/install/velodyne:/home/aiv/ev_ws/perception/install/lidar_launch:/home/aiv/ev_ws/perception/install/velodyne_pointcloud:/home/aiv/ev_ws/perception/install/velodyne_driver:/home/aiv/ev_ws/perception/install/velodyne_msgs:/home/aiv/ev_ws/perception/install/velodyne_cropbox:/home/aiv/ev_ws/perception/install/patchworkpp:/home/aiv/ev_ws/perception/install/make_bbox:/home/aiv/ev_ws/perception/install/lidar_voxel_grid:/home/aiv/ev_ws/perception/install/dbscan_clustering:/home/aiv/ev_ws/perception/install/cluster_splitter:/opt/ros/humble')]), 'shell': False}
[0.900568] (-) TimerEvent: {}
[0.925312] (chaining_costmap_ver) StdoutLine: {'line': b'[ 33%] \x1b[32mBuilding CXX object CMakeFiles/chaining_costmap_astar.dir/src/planner/astar_planner.cpp.o\x1b[0m\n'}
[0.925509] (chaining_costmap_ver) StdoutLine: {'line': b'[ 33%] \x1b[32mBuilding CXX object CMakeFiles/chaining_costmap_chainer.dir/src/chainer/direction_chainer.cpp.o\x1b[0m\n'}
[0.925576] (chaining_costmap_ver) StdoutLine: {'line': b'[ 33%] \x1b[32mBuilding CXX object CMakeFiles/chaining_costmap_costmap.dir/src/costmap/costmap_generator.cpp.o\x1b[0m\n'}
[0.925654] (chaining_costmap_ver) StdoutLine: {'line': b'[ 33%] \x1b[32mBuilding CXX object CMakeFiles/lc_planner_node_exe.dir/rclcpp_components/node_main_lc_planner_node_exe.cpp.o\x1b[0m\n'}
[0.925713] (chaining_costmap_ver) StdoutLine: {'line': b'[ 41%] \x1b[32mBuilding CXX object CMakeFiles/chaining_costmap_postprocess.dir/src/postprocess/path_postprocessor.cpp.o\x1b[0m\n'}
[1.000674] (-) TimerEvent: {}
[1.100957] (-) TimerEvent: {}
[1.201267] (-) TimerEvent: {}
[1.249741] (chaining_costmap_ver) StdoutLine: {'line': b'[ 50%] \x1b[32m\x1b[1mLinking CXX shared library libchaining_costmap_postprocess.so\x1b[0m\n'}
[1.301377] (-) TimerEvent: {}
[1.345013] (chaining_costmap_ver) StdoutLine: {'line': b'[ 50%] Built target chaining_costmap_postprocess\n'}
[1.401484] (-) TimerEvent: {}
[1.501767] (-) TimerEvent: {}
[1.602050] (-) TimerEvent: {}
[1.702338] (-) TimerEvent: {}
[1.802627] (-) TimerEvent: {}
[1.902905] (-) TimerEvent: {}
[2.003133] (-) TimerEvent: {}
[2.103408] (-) TimerEvent: {}
[2.203711] (-) TimerEvent: {}
[2.304079] (-) TimerEvent: {}
[2.404367] (-) TimerEvent: {}
[2.504656] (-) TimerEvent: {}
[2.592565] (chaining_costmap_ver) StdoutLine: {'line': b'[ 58%] \x1b[32m\x1b[1mLinking CXX shared library libchaining_costmap_costmap.so\x1b[0m\n'}
[2.604752] (-) TimerEvent: {}
[2.630516] (chaining_costmap_ver) StdoutLine: {'line': b'[ 66%] \x1b[32m\x1b[1mLinking CXX shared library libchaining_costmap_astar.so\x1b[0m\n'}
[2.675753] (chaining_costmap_ver) StdoutLine: {'line': b'[ 66%] Built target chaining_costmap_costmap\n'}
[2.704856] (chaining_costmap_ver) StdoutLine: {'line': b'[ 66%] Built target chaining_costmap_astar\n'}
[2.704973] (-) TimerEvent: {}
[2.805201] (-) TimerEvent: {}
[2.819256] (chaining_costmap_ver) StdoutLine: {'line': b'[ 75%] \x1b[32m\x1b[1mLinking CXX executable lc_planner_node_exe\x1b[0m\n'}
[2.898653] (chaining_costmap_ver) StdoutLine: {'line': b'[ 75%] Built target lc_planner_node_exe\n'}
[2.905276] (-) TimerEvent: {}
[2.945332] (chaining_costmap_ver) StdoutLine: {'line': b'[ 83%] \x1b[32m\x1b[1mLinking CXX shared library libchaining_costmap_chainer.so\x1b[0m\n'}
[3.005426] (-) TimerEvent: {}
[3.020517] (chaining_costmap_ver) StdoutLine: {'line': b'[ 83%] Built target chaining_costmap_chainer\n'}
[3.037295] (chaining_costmap_ver) StdoutLine: {'line': b'[ 91%] \x1b[32mBuilding CXX object CMakeFiles/lc_planner_component.dir/src/nodes/chaining_costmap_ver_node.cpp.o\x1b[0m\n'}
[3.105576] (-) TimerEvent: {}
[3.205858] (-) TimerEvent: {}
[3.306147] (-) TimerEvent: {}
[3.406343] (-) TimerEvent: {}
[3.506718] (-) TimerEvent: {}
[3.607021] (-) TimerEvent: {}
[3.707305] (-) TimerEvent: {}
[3.807585] (-) TimerEvent: {}
[3.907887] (-) TimerEvent: {}
[4.008129] (-) TimerEvent: {}
[4.108380] (-) TimerEvent: {}
[4.208630] (-) TimerEvent: {}
[4.308881] (-) TimerEvent: {}
[4.409130] (-) TimerEvent: {}
[4.509388] (-) TimerEvent: {}
[4.609650] (-) TimerEvent: {}
[4.709900] (-) TimerEvent: {}
[4.810124] (-) TimerEvent: {}
[4.910373] (-) TimerEvent: {}
[5.010617] (-) TimerEvent: {}
[5.110872] (-) TimerEvent: {}
[5.211227] (-) TimerEvent: {}
[5.311489] (-) TimerEvent: {}
[5.411756] (-) TimerEvent: {}
[5.512019] (-) TimerEvent: {}
[5.612274] (-) TimerEvent: {}
[5.712516] (-) TimerEvent: {}
[5.812767] (-) TimerEvent: {}
[5.913052] (-) TimerEvent: {}
[6.013308] (-) TimerEvent: {}
[6.113572] (-) TimerEvent: {}
[6.213831] (-) TimerEvent: {}
[6.314091] (-) TimerEvent: {}
[6.414346] (-) TimerEvent: {}
[6.514605] (-) TimerEvent: {}
[6.614843] (-) TimerEvent: {}
[6.715084] (-) TimerEvent: {}
[6.815385] (-) TimerEvent: {}
[6.915646] (-) TimerEvent: {}
[7.015885] (-) TimerEvent: {}
[7.116154] (-) TimerEvent: {}
[7.216394] (-) TimerEvent: {}
[7.316657] (-) TimerEvent: {}
[7.416989] (-) TimerEvent: {}
[7.517238] (-) TimerEvent: {}
[7.617484] (-) TimerEvent: {}
[7.717727] (-) TimerEvent: {}
[7.817962] (-) TimerEvent: {}
[7.918209] (-) TimerEvent: {}
[8.018450] (-) TimerEvent: {}
[8.118685] (-) TimerEvent: {}
[8.218926] (-) TimerEvent: {}
[8.319194] (-) TimerEvent: {}
[8.419444] (-) TimerEvent: {}
[8.519703] (-) TimerEvent: {}
[8.619941] (-) TimerEvent: {}
[8.720202] (-) TimerEvent: {}
[8.820401] (-) TimerEvent: {}
[8.920606] (-) TimerEvent: {}
[9.020790] (-) TimerEvent: {}
[9.120977] (-) TimerEvent: {}
[9.221218] (-) TimerEvent: {}
[9.321470] (-) TimerEvent: {}
[9.421717] (-) TimerEvent: {}
[9.521961] (-) TimerEvent: {}
[9.622262] (-) TimerEvent: {}
[9.648199] (chaining_costmap_ver) StdoutLine: {'line': b'[100%] \x1b[32m\x1b[1mLinking CXX shared library liblc_planner_component.so\x1b[0m\n'}
[9.722365] (-) TimerEvent: {}
[9.822629] (-) TimerEvent: {}
[9.922899] (-) TimerEvent: {}
[10.023260] (-) TimerEvent: {}
[10.031506] (chaining_costmap_ver) StdoutLine: {'line': b'[100%] Built target lc_planner_component\n'}
[10.040159] (chaining_costmap_ver) CommandEnded: {'returncode': 0}
[10.040561] (chaining_costmap_ver) JobProgress: {'identifier': 'chaining_costmap_ver', 'progress': 'install'}
[10.047266] (chaining_costmap_ver) Command: {'cmd': ['/usr/bin/cmake', '--install', '/home/aiv/ev_ws/planning/build/chaining_costmap_ver'], 'cwd': '/home/aiv/ev_ws/planning/build/chaining_costmap_ver', 'env': OrderedDict([('GJS_DEBUG_TOPICS', 'JS ERROR;JS LOG'), ('PYTHON_BASIC_REPL', '1'), ('USER', 'aiv'), ('LC_TIME', 'ko_KR.UTF-8'), ('XDG_SESSION_TYPE', 'x11'), ('GIT_ASKPASS', '/usr/share/code/resources/app/extensions/git/dist/askpass.sh'), ('SHLVL', '1'), ('LD_LIBRARY_PATH', '/usr/local/cuda-12.6/lib64:/usr/local/cuda-12.6/lib64:/home/aiv/ev_ws/planning/install/chaining_costmap_ver/lib:/home/aiv/ev_ws/ev_msgs/install/ev_msgs/lib:/home/aiv/ev_ws/erp42_ros/install/erp42_serial/lib:/home/aiv/ev_ws/erp42_ros/install/erp42_rqt_plugin/lib:/home/aiv/ev_ws/erp42_ros/install/erp42_gazebo/lib:/home/aiv/ev_ws/erp42_ros/install/erp42_util/lib:/home/aiv/ev_ws/erp42_ros/install/erp42_msgs/lib:/home/aiv/ev_ws/perception/install/velodyne_pointcloud/lib:/home/aiv/ev_ws/perception/install/velodyne_driver/lib:/home/aiv/ev_ws/perception/install/velodyne_msgs/lib:/home/aiv/ev_ws/perception/install/velodyne_cropbox/lib:/home/aiv/ev_ws/perception/install/patchworkpp/lib:/home/aiv/ev_ws/perception/install/make_bbox/lib:/home/aiv/ev_ws/perception/install/lidar_voxel_grid/lib:/home/aiv/ev_ws/perception/install/dbscan_clustering/lib:/home/aiv/ev_ws/perception/install/cluster_splitter/lib:/usr/lib/x86_64-linux-gnu/gazebo-11/plugins:/opt/ros/humble/opt/rviz_ogre_vendor/lib:/opt/ros/humble/lib/x86_64-linux-gnu:/opt/ros/humble/lib:/usr/local/cuda-12.6/lib64'), ('HOME', '/home/aiv'), ('CHROME_DESKTOP', 'code.desktop'), ('OLDPWD', '/home/aiv/ev_ws'), ('TERM_PROGRAM_VERSION', '1.109.2'), ('DESKTOP_SESSION', 'ubuntu'), ('NVM_BIN', '/home/aiv/.nvm/versions/node/v24.13.1/bin'), ('NVM_INC', '/home/aiv/.nvm/versions/node/v24.13.1/include/node'), ('GIO_LAUNCHED_DESKTOP_FILE', '/usr/share/applications/code.desktop'), ('ROS_PYTHON_VERSION', '3'), ('GNOME_SHELL_SESSION_MODE', 'ubuntu'), ('GTK_MODULES', 'gail:atk-bridge'), ('VSCODE_GIT_ASKPASS_MAIN', '/usr/share/code/resources/app/extensions/git/dist/askpass-main.js'), ('LC_MONETARY', 'ko_KR.UTF-8'), ('VSCODE_GIT_ASKPASS_NODE', '/usr/share/code/code'), ('MANAGERPID', '2053'), ('PYDEVD_DISABLE_FILE_VALIDATION', '1'), ('SYSTEMD_EXEC_PID', '2600'), ('BUNDLED_DEBUGPY_PATH', '/home/aiv/.vscode/extensions/ms-python.debugpy-2025.18.0-linux-x64/bundled/libs/debugpy'), ('VSCODE_PYTHON_AUTOACTIVATE_GUARD', '1'), ('DBUS_SESSION_BUS_ADDRESS', 'unix:path=/run/user/1000/bus'), ('COLORTERM', 'truecolor'), ('GIO_LAUNCHED_DESKTOP_FILE_PID', '4050'), ('NVM_DIR', '/home/aiv/.nvm'), ('COLCON_PREFIX_PATH', '/home/aiv/ev_ws/planning/install:/home/aiv/ev_ws/perception/install:/home/aiv/ev_ws/ev_msgs/install:/home/aiv/ev_ws/carsa_gazebo/install:/home/aiv/ev_ws/erp42_ros/install'), ('ROS_DISTRO', 'humble'), ('GTK_IM_MODULE', 'ibus'), ('LOGNAME', 'aiv'), ('JOURNAL_STREAM', '8:17728'), ('_', '/usr/bin/colcon'), ('ROS_VERSION', '2'), ('CLAUDE_CODE_SSE_PORT', '14312'), ('XDG_SESSION_CLASS', 'user'), ('USERNAME', 'aiv'), ('TERM', 'xterm-256color'), ('GNOME_DESKTOP_SESSION_ID', 'this-is-deprecated'), ('FC_FONTATIONS', '1'), ('ROS_LOCALHOST_ONLY', '0'), ('WINDOWPATH', '2'), ('PATH', '/usr/local/cuda-12.6/bin:/home/aiv/.local/bin:/usr/local/cuda-12.6/bin:/home/aiv/.local/bin:/opt/ros/humble/bin:/home/aiv/.nvm/versions/node/v24.13.1/bin:/usr/local/cuda-12.6/bin:/usr/local/sbin:/usr/local/bin:/usr/sbin:/usr/bin:/sbin:/bin:/usr/games:/usr/local/games:/snap/bin:/snap/bin:/home/aiv/.vscode/extensions/ms-python.debugpy-2025.18.0-linux-x64/bundled/scripts/noConfigScripts'), ('SESSION_MANAGER', 'local/aiv:@/tmp/.ICE-unix/2572,unix/aiv:/tmp/.ICE-unix/2572'), ('INVOCATION_ID', '73361147c32d477cab63523844691b36'), ('XDG_MENU_PREFIX', 'gnome-'), ('LC_ADDRESS', 'ko_KR.UTF-8'), ('XDG_RUNTIME_DIR', '/run/user/1000'), ('GDK_BACKEND', 'x11'), ('DISPLAY', ':1'), ('VSCODE_DEBUGPY_ADAPTER_ENDPOINTS', '/home/aiv/.vscode/extensions/ms-python.debugpy-2025.18.0-linux-x64/.noConfigDebugAdapterEndpoints/endpoint-46563bbf624c3cef.txt'), ('LANG', 'en_US.UTF-8'), ('XDG_CURRENT_DESKTOP', 'ubuntu:GNOME'), ('PYTHONSTARTUP', '/home/aiv/.config/Code/User/workspaceStorage/9d75279b595d34a0fd4ce4d24c8f3c60/ms-python.python/pythonrc.py'), ('LC_TELEPHONE', 'ko_KR.UTF-8'), ('XMODIFIERS', '@im=ibus'), ('XDG_SESSION_DESKTOP', 'ubuntu'), ('XAUTHORITY', '/run/user/1000/gdm/Xauthority'), ('VSCODE_GIT_IPC_HANDLE', '/run/user/1000/vscode-git-84c9dd9eb3.sock'), ('TERM_PROGRAM', 'vscode'), ('SSH_AGENT_LAUNCHER', 'gnome-keyring'), ('SSH_AUTH_SOCK', '/run/user/1000/keyring/ssh'), ('AMENT_PREFIX_PATH', '/home/aiv/ev_ws/carsa_gazebo/install/carsa_gazebo:/home/aiv/ev_ws/planning/install/chaining_costmap_ver:/home/aiv/ev_ws/ev_msgs/install/ev_msgs:/home/aiv/ev_ws/erp42_ros/install/erp42_serial:/home/aiv/ev_ws/erp42_ros/install/erp42_rqt_plugin:/home/aiv/ev_ws/erp42_ros/install/erp42_gazebo:/home/aiv/ev_ws/erp42_ros/install/erp42_util:/home/aiv/ev_ws/erp42_ros/install/erp42_msgs:/home/aiv/ev_ws/erp42_ros/install/erp42_description:/home/aiv/ev_ws/erp42_ros/install/erp42_cmake:/home/aiv/ev_ws/perception/install/velodyne:/home/aiv/ev_ws/perception/install/lidar_launch:/home/aiv/ev_ws/perception/install/velodyne_pointcloud:/home/aiv/ev_ws/perception/install/velodyne_driver:/home/aiv/ev_ws/perception/install/velodyne_msgs:/home/aiv/ev_ws/perception/install/velodyne_cropbox:/home/aiv/ev_ws/perception/install/patchworkpp:/home/aiv/ev_ws/perception/install/make_bbox:/home/aiv/ev_ws/perception/install/lidar_voxel_grid:/home/aiv/ev_ws/perception/install/dbscan_clustering:/home/aiv/ev_ws/perception/install/cluster_splitter:/opt/ros/humble'), ('SHELL', '/bin/bash'), ('LC_NAME', 'ko_KR.UTF-8'), ('QT_ACCESSIBILITY', '1'), ('GDMSESSION', 'ubuntu'), ('LC_MEASUREMENT', 'ko_KR.UTF-8'), ('GPG_AGENT_INFO', '/run/user/1000/gnupg/S.gpg-agent:0:1'), ('GJS_DEBUG_OUTPUT', 'stderr'), ('LC_IDENTIFICATION', 'ko_KR.UTF-8'), ('VSCODE_GIT_ASKPASS_EXTRA_ARGS', ''), ('QT_IM_MODULE', 'ibus'), ('PWD', '/home/aiv/ev_ws/planning/build/chaining_costmap_ver'), ('LC_ALL', 'en_US.UTF-8'), ('XDG_CONFIG_DIRS', '/etc/xdg/xdg-ubuntu:/etc/xdg'), ('NVM_CD_FLAGS', ''), ('XDG_DATA_DIRS', '/usr/share/ubuntu:/usr/share/gnome:/usr/local/share/:/usr/share/:/var/lib/snapd/desktop'), ('PYTHONPATH', '/home/aiv/ev_ws/ev_msgs/install/ev_msgs/local/lib/python3.10/dist-packages:/home/aiv/ev_ws/erp42_ros/install/erp42_msgs/local/lib/python3.10/dist-packages:/home/aiv/ev_ws/perception/install/velodyne_msgs/local/lib/python3.10/dist-packages:/opt/ros/humble/lib/python3.10/site-packages:/opt/ros/humble/local/lib/python3.10/dist-packages'), ('LC_NUMERIC', 'ko_KR.UTF-8'), ('LC_PAPER', 'ko_KR.UTF-8'), ('COLCON', '1'), ('EDITOR', 'code --wait'), ('CMAKE_PREFIX_PATH', '/home/aiv/ev_ws/carsa_gazebo/install/carsa_gazebo:/home/aiv/ev_ws/planning/install/chaining_costmap_ver:/home/aiv/ev_ws/ev_msgs/install/ev_msgs:/home/aiv/ev_ws/erp42_ros/install/erp42_serial:/home/aiv/ev_ws/erp42_ros/install/erp42_rqt_plugin:/home/aiv/ev_ws/erp42_ros/install/erp42_gazebo:/home/aiv/ev_ws/erp42_ros/install/erp42_util:/home/aiv/ev_ws/erp42_ros/install/erp42_msgs:/home/aiv/ev_ws/erp42_ros/install/erp42_description:/home/aiv/ev_ws/erp42_ros/install/erp42_cmake:/home/aiv/ev_ws/perception/install/velodyne:/home/aiv/ev_ws/perception/install/lidar_launch:/home/aiv/ev_ws/perception/install/velodyne_pointcloud:/home/aiv/ev_ws/perception/install/velodyne_driver:/home/aiv/ev_ws/perception/install/velodyne_msgs:/home/aiv/ev_ws/perception/install/velodyne_cropbox:/home/aiv/ev_ws/perception/install/patchworkpp:/home/aiv/ev_ws/perception/install/make_bbox:/home/aiv/ev_ws/perception/install/lidar_voxel_grid:/home/aiv/ev_ws/perception/install/dbscan_clustering:/home/aiv/ev_ws/perception/install/cluster_splitter:/opt/ros/humble')]), 'shell': False}
[10.052226] (chaining_costmap_ver) StdoutLine: {'line': b'-- Install configuration: ""\n'}
[10.052491] (chaining_costmap_ver) StdoutLine: {'line': b'-- Execute custom install script\n'}
[10.052629] (chaining_costmap_ver) StdoutLine: {'line': b'-- Symlinking: /home/aiv/ev_ws/planning/install/chaining_costmap_ver/lib/libchaining_costmap_chainer.so\n'}
[10.057699] (chaining_costmap_ver) StdoutLine: {'line': b'-- Symlinking: /home/aiv/ev_ws/planning/install/chaining_costmap_ver/lib/libchaining_costmap_costmap.so\n'}
[10.064568] (chaining_costmap_ver) StdoutLine: {'line': b'-- Symlinking: /home/aiv/ev_ws/planning/install/chaining_costmap_ver/lib/libchaining_costmap_astar.so\n'}
[10.070426] (chaining_costmap_ver) StdoutLine: {'line': b'-- Symlinking: /home/aiv/ev_ws/planning/install/chaining_costmap_ver/lib/libchaining_costmap_postprocess.so\n'}
[10.077127] (chaining_costmap_ver) StdoutLine: {'line': b'-- Symlinking: /home/aiv/ev_ws/planning/install/chaining_costmap_ver/lib/chaining_costmap_ver/lc_planner_node_exe\n'}
[10.081988] (chaining_costmap_ver) StdoutLine: {'line': b'-- Symlinking: /home/aiv/ev_ws/planning/install/chaining_costmap_ver/lib/liblc_planner_component.so\n'}
[10.088886] (chaining_costmap_ver) StdoutLine: {'line': b'-- Symlinking: /home/aiv/ev_ws/planning/install/chaining_costmap_ver/include/chaining_costmap_ver/chainer/direction_chainer.hpp\n'}
[10.094027] (chaining_costmap_ver) StdoutLine: {'line': b'-- Symlinking: /home/aiv/ev_ws/planning/install/chaining_costmap_ver/include/chaining_costmap_ver/common/debug_publish.hpp\n'}
[10.099451] (chaining_costmap_ver) StdoutLine: {'line': b'-- Symlinking: /home/aiv/ev_ws/planning/install/chaining_costmap_ver/include/chaining_costmap_ver/common/geometry.hpp\n'}
[10.104983] (chaining_costmap_ver) StdoutLine: {'line': b'-- Symlinking: /home/aiv/ev_ws/planning/install/chaining_costmap_ver/include/chaining_costmap_ver/common/params.hpp\n'}
[10.110266] (chaining_costmap_ver) StdoutLine: {'line': b'-- Symlinking: /home/aiv/ev_ws/planning/install/chaining_costmap_ver/include/chaining_costmap_ver/common/types.hpp\n'}
[10.116851] (chaining_costmap_ver) StdoutLine: {'line': b'-- Symlinking: /home/aiv/ev_ws/planning/install/chaining_costmap_ver/include/chaining_costmap_ver/costmap/costmap_generator.hpp\n'}
[10.122243] (chaining_costmap_ver) StdoutLine: {'line': b'-- Symlinking: /home/aiv/ev_ws/planning/install/chaining_costmap_ver/include/chaining_costmap_ver/nodes/chaining_costmap_ver_node.hpp\n'}
[10.123321] (-) TimerEvent: {}
[10.127432] (chaining_costmap_ver) StdoutLine: {'line': b'-- Symlinking: /home/aiv/ev_ws/planning/install/chaining_costmap_ver/include/chaining_costmap_ver/planner/astar_planner.hpp\n'}
[10.132034] (chaining_costmap_ver) StdoutLine: {'line': b'-- Symlinking: /home/aiv/ev_ws/planning/install/chaining_costmap_ver/include/chaining_costmap_ver/postprocess/path_postprocessor.hpp\n'}
[10.137606] (chaining_costmap_ver) StdoutLine: {'line': b'-- Symlinking: /home/aiv/ev_ws/planning/install/chaining_costmap_ver/include/chaining_costmap_ver/safety/safety_checker.hpp\n'}
[10.143061] (chaining_costmap_ver) StdoutLine: {'line': b'-- Symlinking: /home/aiv/ev_ws/planning/install/chaining_costmap_ver/share/chaining_costmap_ver/config/chaining_costmap_ver.yaml\n'}
[10.148208] (chaining_costmap_ver) StdoutLine: {'line': b'-- Symlinking: /home/aiv/ev_ws/planning/install/chaining_costmap_ver/share/chaining_costmap_ver/launch/chaining_costmap_ver.launch.py\n'}
[10.153067] (chaining_costmap_ver) StdoutLine: {'line': b'-- Symlinking: /home/aiv/ev_ws/planning/install/chaining_costmap_ver/share/ament_index/resource_index/package_run_dependencies/chaining_costmap_ver\n'}
[10.159154] (chaining_costmap_ver) StdoutLine: {'line': b'-- Symlinking: /home/aiv/ev_ws/planning/install/chaining_costmap_ver/share/ament_index/resource_index/parent_prefix_path/chaining_costmap_ver\n'}
[10.164929] (chaining_costmap_ver) StdoutLine: {'line': b'-- Symlinking: /home/aiv/ev_ws/planning/install/chaining_costmap_ver/share/chaining_costmap_ver/environment/ament_prefix_path.sh\n'}
[10.169561] (chaining_costmap_ver) StdoutLine: {'line': b'-- Symlinking: /home/aiv/ev_ws/planning/install/chaining_costmap_ver/share/chaining_costmap_ver/environment/ament_prefix_path.dsv\n'}
[10.175374] (chaining_costmap_ver) StdoutLine: {'line': b'-- Symlinking: /home/aiv/ev_ws/planning/install/chaining_costmap_ver/share/chaining_costmap_ver/environment/path.sh\n'}
[10.181215] (chaining_costmap_ver) StdoutLine: {'line': b'-- Symlinking: /home/aiv/ev_ws/planning/install/chaining_costmap_ver/share/chaining_costmap_ver/environment/path.dsv\n'}
[10.187067] (chaining_costmap_ver) StdoutLine: {'line': b'-- Symlinking: /home/aiv/ev_ws/planning/install/chaining_costmap_ver/share/chaining_costmap_ver/local_setup.bash\n'}
[10.193021] (chaining_costmap_ver) StdoutLine: {'line': b'-- Symlinking: /home/aiv/ev_ws/planning/install/chaining_costmap_ver/share/chaining_costmap_ver/local_setup.sh\n'}
[10.197900] (chaining_costmap_ver) StdoutLine: {'line': b'-- Symlinking: /home/aiv/ev_ws/planning/install/chaining_costmap_ver/share/chaining_costmap_ver/local_setup.zsh\n'}
[10.204649] (chaining_costmap_ver) StdoutLine: {'line': b'-- Symlinking: /home/aiv/ev_ws/planning/install/chaining_costmap_ver/share/chaining_costmap_ver/local_setup.dsv\n'}
[10.210090] (chaining_costmap_ver) StdoutLine: {'line': b'-- Symlinking: /home/aiv/ev_ws/planning/install/chaining_costmap_ver/share/chaining_costmap_ver/package.dsv\n'}
[10.217012] (chaining_costmap_ver) StdoutLine: {'line': b'-- Symlinking: /home/aiv/ev_ws/planning/install/chaining_costmap_ver/share/ament_index/resource_index/packages/chaining_costmap_ver\n'}
[10.221868] (chaining_costmap_ver) StdoutLine: {'line': b'-- Symlinking: /home/aiv/ev_ws/planning/install/chaining_costmap_ver/share/ament_index/resource_index/rclcpp_components/chaining_costmap_ver\n'}
[10.223376] (-) TimerEvent: {}
[10.226385] (chaining_costmap_ver) StdoutLine: {'line': b'-- Symlinking: /home/aiv/ev_ws/planning/install/chaining_costmap_ver/share/chaining_costmap_ver/cmake/chaining_costmap_verConfig.cmake\n'}
[10.231100] (chaining_costmap_ver) StdoutLine: {'line': b'-- Symlinking: /home/aiv/ev_ws/planning/install/chaining_costmap_ver/share/chaining_costmap_ver/cmake/chaining_costmap_verConfig-version.cmake\n'}
[10.237340] (chaining_costmap_ver) StdoutLine: {'line': b'-- Symlinking: /home/aiv/ev_ws/planning/install/chaining_costmap_ver/share/chaining_costmap_ver/package.xml\n'}
[10.244177] (chaining_costmap_ver) CommandEnded: {'returncode': 0}
[10.253136] (chaining_costmap_ver) JobEnded: {'identifier': 'chaining_costmap_ver', 'rc': 0}
[10.253429] (-) EventReactorShutdown: {}
