[0.018s] Invoking command in '/home/aiv/ev_ws/perception/build/make_bbox': CMAKE_PREFIX_PATH=${CMAKE_PREFIX_PATH}:/opt/ros/humble /usr/bin/cmake --build /home/aiv/ev_ws/perception/build/make_bbox -- -j28 -l28
[0.045s] [35m[1mConsolidate compiler generated dependencies of target make_bbox_node[0m
[0.045s] [35m[1mConsolidate compiler generated dependencies of target make_bbox_component[0m
[0.058s] [ 50%] Built target make_bbox_component
[0.059s] [100%] Built target make_bbox_node
[0.072s] Invoked command in '/home/aiv/ev_ws/perception/build/make_bbox' returned '0': CMAKE_PREFIX_PATH=${CMAKE_PREFIX_PATH}:/opt/ros/humble /usr/bin/cmake --build /home/aiv/ev_ws/perception/build/make_bbox -- -j28 -l28
[0.074s] Invoking command in '/home/aiv/ev_ws/perception/build/make_bbox': CMAKE_PREFIX_PATH=${CMAKE_PREFIX_PATH}:/opt/ros/humble /usr/bin/cmake --install /home/aiv/ev_ws/perception/build/make_bbox
[0.080s] -- Install configuration: ""
[0.082s] -- Execute custom install script
[0.082s] -- Up-to-date symlink: /home/aiv/ev_ws/perception/install/make_bbox/lib/make_bbox/make_bbox_node
[0.082s] -- Up-to-date symlink: /home/aiv/ev_ws/perception/install/make_bbox/lib/libmake_bbox_component.so
[0.083s] -- Up-to-date symlink: /home/aiv/ev_ws/perception/install/make_bbox/include/make_bbox/make_bbox_node.hpp
[0.083s] -- Up-to-date symlink: /home/aiv/ev_ws/perception/install/make_bbox/share/ament_index/resource_index/package_run_dependencies/make_bbox
[0.083s] -- Up-to-date symlink: /home/aiv/ev_ws/perception/install/make_bbox/share/ament_index/resource_index/parent_prefix_path/make_bbox
[0.083s] -- Up-to-date symlink: /home/aiv/ev_ws/perception/install/make_bbox/share/make_bbox/environment/ament_prefix_path.sh
[0.084s] -- Up-to-date symlink: /home/aiv/ev_ws/perception/install/make_bbox/share/make_bbox/environment/ament_prefix_path.dsv
[0.084s] -- Up-to-date symlink: /home/aiv/ev_ws/perception/install/make_bbox/share/make_bbox/environment/path.sh
[0.084s] -- Up-to-date symlink: /home/aiv/ev_ws/perception/install/make_bbox/share/make_bbox/environment/path.dsv
[0.084s] -- Up-to-date symlink: /home/aiv/ev_ws/perception/install/make_bbox/share/make_bbox/local_setup.bash
[0.084s] -- Up-to-date symlink: /home/aiv/ev_ws/perception/install/make_bbox/share/make_bbox/local_setup.sh
[0.084s] -- Up-to-date symlink: /home/aiv/ev_ws/perception/install/make_bbox/share/make_bbox/local_setup.zsh
[0.085s] -- Up-to-date symlink: /home/aiv/ev_ws/perception/install/make_bbox/share/make_bbox/local_setup.dsv
[0.085s] -- Symlinking: /home/aiv/ev_ws/perception/install/make_bbox/share/make_bbox/package.dsv
[0.089s] -- Up-to-date symlink: /home/aiv/ev_ws/perception/install/make_bbox/share/ament_index/resource_index/packages/make_bbox
[0.089s] -- Up-to-date symlink: /home/aiv/ev_ws/perception/install/make_bbox/share/ament_index/resource_index/rclcpp_components/make_bbox
[0.089s] -- Up-to-date symlink: /home/aiv/ev_ws/perception/install/make_bbox/share/make_bbox/cmake/make_bboxConfig.cmake
[0.089s] -- Up-to-date symlink: /home/aiv/ev_ws/perception/install/make_bbox/share/make_bbox/cmake/make_bboxConfig-version.cmake
[0.089s] -- Up-to-date symlink: /home/aiv/ev_ws/perception/install/make_bbox/share/make_bbox/package.xml
[0.103s] Invoked command in '/home/aiv/ev_ws/perception/build/make_bbox' returned '0': CMAKE_PREFIX_PATH=${CMAKE_PREFIX_PATH}:/opt/ros/humble /usr/bin/cmake --install /home/aiv/ev_ws/perception/build/make_bbox
