[0.040s] Invoking command in '/home/kimsohee/ev-1-5/ev_ws/perception/build/cluster_splitter': CMAKE_PREFIX_PATH=${CMAKE_PREFIX_PATH}:/opt/ros/humble /usr/bin/cmake /home/kimsohee/ev-1-5/ev_ws/perception/src/lidar/cluster_splitter -DAMENT_CMAKE_SYMLINK_INSTALL=1 -DCMAKE_INSTALL_PREFIX=/home/kimsohee/ev-1-5/ev_ws/perception/install/cluster_splitter
[0.165s] -- The C compiler identification is GNU 11.4.0
[0.296s] -- The CXX compiler identification is GNU 11.4.0
[0.306s] -- Detecting C compiler ABI info
[0.434s] -- Detecting C compiler ABI info - done
[0.445s] -- Check for working C compiler: /usr/bin/cc - skipped
[0.447s] -- Detecting C compile features
[0.447s] -- Detecting C compile features - done
[0.453s] -- Detecting CXX compiler ABI info
[0.581s] -- Detecting CXX compiler ABI info - done
[0.592s] -- Check for working CXX compiler: /usr/bin/c++ - skipped
[0.592s] -- Detecting CXX compile features
[0.593s] -- Detecting CXX compile features - done
[0.599s] -- Found ament_cmake: 1.3.12 (/opt/ros/humble/share/ament_cmake/cmake)
[0.845s] -- Found Python3: /usr/bin/python3 (found version "3.10.12") found components: Interpreter 
[0.939s] -- Override CMake install command with custom implementation using symlinks instead of copying resources
[0.981s] -- Found rclcpp: 16.0.17 (/opt/ros/humble/share/rclcpp/cmake)
[1.047s] -- Found rosidl_generator_c: 3.1.8 (/opt/ros/humble/share/rosidl_generator_c/cmake)
[1.053s] -- Found rosidl_adapter: 3.1.8 (/opt/ros/humble/share/rosidl_adapter/cmake)
[1.065s] -- Found rosidl_generator_cpp: 3.1.8 (/opt/ros/humble/share/rosidl_generator_cpp/cmake)
[1.083s] -- Using all available rosidl_typesupport_c: rosidl_typesupport_fastrtps_c;rosidl_typesupport_introspection_c
[1.107s] -- Using all available rosidl_typesupport_cpp: rosidl_typesupport_fastrtps_cpp;rosidl_typesupport_introspection_cpp
[1.173s] -- Found rmw_implementation_cmake: 6.1.2 (/opt/ros/humble/share/rmw_implementation_cmake/cmake)
[1.186s] -- Found rmw_fastrtps_cpp: 6.2.9 (/opt/ros/humble/share/rmw_fastrtps_cpp/cmake)
[1.310s] -- Found OpenSSL: /usr/lib/x86_64-linux-gnu/libcrypto.so (found version "3.0.2")  
[1.362s] -- Found FastRTPS: /opt/ros/humble/include  
[1.440s] -- Using RMW implementation 'rmw_fastrtps_cpp' as default
[1.455s] -- Looking for pthread.h
[1.588s] -- Looking for pthread.h - found
[1.589s] -- Performing Test CMAKE_HAVE_LIBC_PTHREAD
[1.701s] -- Performing Test CMAKE_HAVE_LIBC_PTHREAD - Success
[1.704s] -- Found Threads: TRUE  
[1.789s] -- Found rclcpp_components: 16.0.17 (/opt/ros/humble/share/rclcpp_components/cmake)
[1.822s] -- Found sensor_msgs: 4.9.0 (/opt/ros/humble/share/sensor_msgs/cmake)
[1.882s] -- Found ament_lint_auto: 0.12.14 (/opt/ros/humble/share/ament_lint_auto/cmake)
[2.037s] -- Added test 'cppcheck' to perform static code analysis on C / C++ code
[2.038s] -- Configured cppcheck include dirs: /home/kimsohee/ev-1-5/ev_ws/perception/src/lidar/cluster_splitter/include
[2.038s] -- Configured cppcheck exclude dirs and/or files: 
[2.039s] -- Added test 'flake8' to check Python code syntax and style conventions
[2.040s] -- Added test 'lint_cmake' to check CMake code style
[2.040s] -- Added test 'pep257' to check Python code against some of the docstring style conventions in PEP 257
[2.042s] -- Added test 'uncrustify' to check C / C++ code style
[2.042s] -- Configured uncrustify additional arguments: 
[2.046s] -- Added test 'xmllint' to check XML markup files
[2.046s] -- Configuring done
[2.061s] -- Generating done
[2.068s] -- Build files have been written to: /home/kimsohee/ev-1-5/ev_ws/perception/build/cluster_splitter
[2.084s] Invoked command in '/home/kimsohee/ev-1-5/ev_ws/perception/build/cluster_splitter' returned '0': CMAKE_PREFIX_PATH=${CMAKE_PREFIX_PATH}:/opt/ros/humble /usr/bin/cmake /home/kimsohee/ev-1-5/ev_ws/perception/src/lidar/cluster_splitter -DAMENT_CMAKE_SYMLINK_INSTALL=1 -DCMAKE_INSTALL_PREFIX=/home/kimsohee/ev-1-5/ev_ws/perception/install/cluster_splitter
[2.085s] Invoking command in '/home/kimsohee/ev-1-5/ev_ws/perception/build/cluster_splitter': CMAKE_PREFIX_PATH=${CMAKE_PREFIX_PATH}:/opt/ros/humble /usr/bin/cmake --build /home/kimsohee/ev-1-5/ev_ws/perception/build/cluster_splitter -- -j8 -l8
[2.168s] [ 50%] [32mBuilding CXX object CMakeFiles/cluster_splitter_node.dir/rclcpp_components/node_main_cluster_splitter_node.cpp.o[0m
[2.168s] [ 50%] [32mBuilding CXX object CMakeFiles/cluster_splitter_component.dir/src/cluster_splitter_node.cpp.o[0m
[10.208s] [ 75%] [32m[1mLinking CXX executable cluster_splitter_node[0m
[10.461s] [ 75%] Built target cluster_splitter_node
[24.870s] [100%] [32m[1mLinking CXX shared library libcluster_splitter_component.so[0m
[26.045s] [100%] Built target cluster_splitter_component
[26.071s] Invoked command in '/home/kimsohee/ev-1-5/ev_ws/perception/build/cluster_splitter' returned '0': CMAKE_PREFIX_PATH=${CMAKE_PREFIX_PATH}:/opt/ros/humble /usr/bin/cmake --build /home/kimsohee/ev-1-5/ev_ws/perception/build/cluster_splitter -- -j8 -l8
[26.073s] Invoking command in '/home/kimsohee/ev-1-5/ev_ws/perception/build/cluster_splitter': CMAKE_PREFIX_PATH=${CMAKE_PREFIX_PATH}:/opt/ros/humble /usr/bin/cmake --install /home/kimsohee/ev-1-5/ev_ws/perception/build/cluster_splitter
[26.094s] -- Install configuration: ""
[26.094s] -- Execute custom install script
[26.094s] -- Symlinking: /home/kimsohee/ev-1-5/ev_ws/perception/install/cluster_splitter/lib/cluster_splitter/cluster_splitter_node
[26.109s] -- Symlinking: /home/kimsohee/ev-1-5/ev_ws/perception/install/cluster_splitter/lib/libcluster_splitter_component.so
[26.126s] -- Symlinking: /home/kimsohee/ev-1-5/ev_ws/perception/install/cluster_splitter/include/cluster_splitter/cluster_splitter_node.hpp
[26.143s] -- Symlinking: /home/kimsohee/ev-1-5/ev_ws/perception/install/cluster_splitter/share/cluster_splitter/config/cluster_splitter_params.yaml
[26.160s] -- Symlinking: /home/kimsohee/ev-1-5/ev_ws/perception/install/cluster_splitter/share/cluster_splitter/launch/cluster_splitter.launch.py
[26.177s] -- Symlinking: /home/kimsohee/ev-1-5/ev_ws/perception/install/cluster_splitter/share/ament_index/resource_index/package_run_dependencies/cluster_splitter
[26.199s] -- Symlinking: /home/kimsohee/ev-1-5/ev_ws/perception/install/cluster_splitter/share/ament_index/resource_index/parent_prefix_path/cluster_splitter
[26.217s] -- Symlinking: /home/kimsohee/ev-1-5/ev_ws/perception/install/cluster_splitter/share/cluster_splitter/environment/ament_prefix_path.sh
[26.232s] -- Symlinking: /home/kimsohee/ev-1-5/ev_ws/perception/install/cluster_splitter/share/cluster_splitter/environment/ament_prefix_path.dsv
[26.249s] -- Symlinking: /home/kimsohee/ev-1-5/ev_ws/perception/install/cluster_splitter/share/cluster_splitter/environment/path.sh
[26.266s] -- Symlinking: /home/kimsohee/ev-1-5/ev_ws/perception/install/cluster_splitter/share/cluster_splitter/environment/path.dsv
[26.282s] -- Symlinking: /home/kimsohee/ev-1-5/ev_ws/perception/install/cluster_splitter/share/cluster_splitter/local_setup.bash
[26.299s] -- Symlinking: /home/kimsohee/ev-1-5/ev_ws/perception/install/cluster_splitter/share/cluster_splitter/local_setup.sh
[26.315s] -- Symlinking: /home/kimsohee/ev-1-5/ev_ws/perception/install/cluster_splitter/share/cluster_splitter/local_setup.zsh
[26.337s] -- Symlinking: /home/kimsohee/ev-1-5/ev_ws/perception/install/cluster_splitter/share/cluster_splitter/local_setup.dsv
[26.363s] -- Symlinking: /home/kimsohee/ev-1-5/ev_ws/perception/install/cluster_splitter/share/cluster_splitter/package.dsv
[26.397s] -- Symlinking: /home/kimsohee/ev-1-5/ev_ws/perception/install/cluster_splitter/share/ament_index/resource_index/packages/cluster_splitter
[26.437s] -- Symlinking: /home/kimsohee/ev-1-5/ev_ws/perception/install/cluster_splitter/share/ament_index/resource_index/rclcpp_components/cluster_splitter
[26.469s] -- Symlinking: /home/kimsohee/ev-1-5/ev_ws/perception/install/cluster_splitter/share/cluster_splitter/cmake/cluster_splitterConfig.cmake
[26.501s] -- Symlinking: /home/kimsohee/ev-1-5/ev_ws/perception/install/cluster_splitter/share/cluster_splitter/cmake/cluster_splitterConfig-version.cmake
[26.538s] -- Symlinking: /home/kimsohee/ev-1-5/ev_ws/perception/install/cluster_splitter/share/cluster_splitter/package.xml
[26.573s] Invoked command in '/home/kimsohee/ev-1-5/ev_ws/perception/build/cluster_splitter' returned '0': CMAKE_PREFIX_PATH=${CMAKE_PREFIX_PATH}:/opt/ros/humble /usr/bin/cmake --install /home/kimsohee/ev-1-5/ev_ws/perception/build/cluster_splitter
