[35m[1mConsolidate compiler generated dependencies of target t870_msgs__rosidl_generator_c[0m
[ 10%] Built target t870_msgs__rosidl_generator_c
[ 12%] Built target t870_msgs__cpp
[35m[1mConsolidate compiler generated dependencies of target t870_msgs__rosidl_typesupport_fastrtps_c[0m
[35m[1mConsolidate compiler generated dependencies of target t870_msgs__rosidl_typesupport_c[0m
[35m[1mConsolidate compiler generated dependencies of target t870_msgs__rosidl_typesupport_fastrtps_cpp[0m
[ 12%] Built target ament_cmake_python_symlink_t870_msgs
[35m[1mConsolidate compiler generated dependencies of target t870_msgs__rosidl_typesupport_introspection_cpp[0m
[35m[1mConsolidate compiler generated dependencies of target t870_msgs__rosidl_typesupport_introspection_c[0m
[ 25%] Built target t870_msgs__rosidl_typesupport_c
[ 34%] Built target t870_msgs__rosidl_typesupport_fastrtps_cpp
[ 44%] Built target t870_msgs__rosidl_typesupport_fastrtps_c
[ 55%] Built target t870_msgs__rosidl_typesupport_introspection_cpp
[ 65%] Built target t870_msgs__rosidl_typesupport_introspection_c
[35m[1mConsolidate compiler generated dependencies of target t870_msgs__rosidl_typesupport_cpp[0m
[ 76%] Built target t870_msgs__rosidl_typesupport_cpp
[ 76%] Built target t870_msgs
[ 78%] Built target t870_msgs__py
[35m[1mConsolidate compiler generated dependencies of target t870_msgs__rosidl_generator_py[0m
[ 87%] Built target t870_msgs__rosidl_generator_py
[35m[1mConsolidate compiler generated dependencies of target t870_msgs__rosidl_typesupport_introspection_c__pyext[0m
[35m[1mConsolidate compiler generated dependencies of target t870_msgs__rosidl_typesupport_c__pyext[0m
[ 91%] Built target t870_msgs__rosidl_typesupport_introspection_c__pyext
[ 95%] Built target t870_msgs__rosidl_typesupport_c__pyext
running egg_info
writing t870_msgs.egg-info/PKG-INFO
writing dependency_links to t870_msgs.egg-info/dependency_links.txt
writing top-level names to t870_msgs.egg-info/top_level.txt
reading manifest file 't870_msgs.egg-info/SOURCES.txt'
writing manifest file 't870_msgs.egg-info/SOURCES.txt'
[35m[1mConsolidate compiler generated dependencies of target t870_msgs__rosidl_typesupport_fastrtps_c__pyext[0m
[100%] Built target t870_msgs__rosidl_typesupport_fastrtps_c__pyext
[100%] Built target ament_cmake_python_build_t870_msgs_egg
-- Install configuration: ""
-- Execute custom install script
-- Up-to-date symlink: /home/kimsohee/ev-1-5/ev-Autonomous-Vehicle-1-5/install/t870_msgs/share/ament_index/resource_index/rosidl_interfaces/t870_msgs
-- Up-to-date symlink: /home/kimsohee/ev-1-5/ev-Autonomous-Vehicle-1-5/install/t870_msgs/include/t870_msgs/t870_msgs/msg/control_command.h
-- Up-to-date symlink: /home/kimsohee/ev-1-5/ev-Autonomous-Vehicle-1-5/install/t870_msgs/include/t870_msgs/t870_msgs/msg/detail/control_command__functions.h
-- Up-to-date symlink: /home/kimsohee/ev-1-5/ev-Autonomous-Vehicle-1-5/install/t870_msgs/include/t870_msgs/t870_msgs/msg/detail/control_command__struct.h
-- Up-to-date symlink: /home/kimsohee/ev-1-5/ev-Autonomous-Vehicle-1-5/install/t870_msgs/include/t870_msgs/t870_msgs/msg/detail/control_command__type_support.h
-- Up-to-date symlink: /home/kimsohee/ev-1-5/ev-Autonomous-Vehicle-1-5/install/t870_msgs/include/t870_msgs/t870_msgs/msg/detail/feedback__functions.h
-- Up-to-date symlink: /home/kimsohee/ev-1-5/ev-Autonomous-Vehicle-1-5/install/t870_msgs/include/t870_msgs/t870_msgs/msg/detail/feedback__struct.h
-- Up-to-date symlink: /home/kimsohee/ev-1-5/ev-Autonomous-Vehicle-1-5/install/t870_msgs/include/t870_msgs/t870_msgs/msg/detail/feedback__type_support.h
-- Up-to-date symlink: /home/kimsohee/ev-1-5/ev-Autonomous-Vehicle-1-5/install/t870_msgs/include/t870_msgs/t870_msgs/msg/feedback.h
-- Up-to-date symlink: /home/kimsohee/ev-1-5/ev-Autonomous-Vehicle-1-5/install/t870_msgs/include/t870_msgs/t870_msgs/msg/rosidl_generator_c__visibility_control.h
-- Up-to-date symlink: /home/kimsohee/ev-1-5/ev-Autonomous-Vehicle-1-5/install/t870_msgs/include/t870_msgs/t870_msgs/srv/detail/mode_command__functions.h
-- Up-to-date symlink: /home/kimsohee/ev-1-5/ev-Autonomous-Vehicle-1-5/install/t870_msgs/include/t870_msgs/t870_msgs/srv/detail/mode_command__struct.h
-- Up-to-date symlink: /home/kimsohee/ev-1-5/ev-Autonomous-Vehicle-1-5/install/t870_msgs/include/t870_msgs/t870_msgs/srv/detail/mode_command__type_support.h
-- Up-to-date symlink: /home/kimsohee/ev-1-5/ev-Autonomous-Vehicle-1-5/install/t870_msgs/include/t870_msgs/t870_msgs/srv/mode_command.h
-- Up-to-date symlink: /home/kimsohee/ev-1-5/ev-Autonomous-Vehicle-1-5/install/t870_msgs/share/t870_msgs/environment/library_path.sh
-- Up-to-date symlink: /home/kimsohee/ev-1-5/ev-Autonomous-Vehicle-1-5/install/t870_msgs/share/t870_msgs/environment/library_path.dsv
-- Up-to-date symlink: /home/kimsohee/ev-1-5/ev-Autonomous-Vehicle-1-5/install/t870_msgs/include/t870_msgs/t870_msgs/msg/detail/control_command__rosidl_typesupport_fastrtps_c.h
-- Up-to-date symlink: /home/kimsohee/ev-1-5/ev-Autonomous-Vehicle-1-5/install/t870_msgs/include/t870_msgs/t870_msgs/msg/detail/feedback__rosidl_typesupport_fastrtps_c.h
-- Up-to-date symlink: /home/kimsohee/ev-1-5/ev-Autonomous-Vehicle-1-5/install/t870_msgs/include/t870_msgs/t870_msgs/msg/rosidl_typesupport_fastrtps_c__visibility_control.h
-- Up-to-date symlink: /home/kimsohee/ev-1-5/ev-Autonomous-Vehicle-1-5/install/t870_msgs/include/t870_msgs/t870_msgs/srv/detail/mode_command__rosidl_typesupport_fastrtps_c.h
-- Up-to-date symlink: /home/kimsohee/ev-1-5/ev-Autonomous-Vehicle-1-5/install/t870_msgs/include/t870_msgs/t870_msgs/msg/control_command.hpp
-- Up-to-date symlink: /home/kimsohee/ev-1-5/ev-Autonomous-Vehicle-1-5/install/t870_msgs/include/t870_msgs/t870_msgs/msg/detail/control_command__builder.hpp
-- Up-to-date symlink: /home/kimsohee/ev-1-5/ev-Autonomous-Vehicle-1-5/install/t870_msgs/include/t870_msgs/t870_msgs/msg/detail/control_command__struct.hpp
-- Up-to-date symlink: /home/kimsohee/ev-1-5/ev-Autonomous-Vehicle-1-5/install/t870_msgs/include/t870_msgs/t870_msgs/msg/detail/control_command__traits.hpp
-- Up-to-date symlink: /home/kimsohee/ev-1-5/ev-Autonomous-Vehicle-1-5/install/t870_msgs/include/t870_msgs/t870_msgs/msg/detail/control_command__type_support.hpp
-- Up-to-date symlink: /home/kimsohee/ev-1-5/ev-Autonomous-Vehicle-1-5/install/t870_msgs/include/t870_msgs/t870_msgs/msg/detail/feedback__builder.hpp
-- Up-to-date symlink: /home/kimsohee/ev-1-5/ev-Autonomous-Vehicle-1-5/install/t870_msgs/include/t870_msgs/t870_msgs/msg/detail/feedback__struct.hpp
-- Up-to-date symlink: /home/kimsohee/ev-1-5/ev-Autonomous-Vehicle-1-5/install/t870_msgs/include/t870_msgs/t870_msgs/msg/detail/feedback__traits.hpp
-- Up-to-date symlink: /home/kimsohee/ev-1-5/ev-Autonomous-Vehicle-1-5/install/t870_msgs/include/t870_msgs/t870_msgs/msg/detail/feedback__type_support.hpp
-- Up-to-date symlink: /home/kimsohee/ev-1-5/ev-Autonomous-Vehicle-1-5/install/t870_msgs/include/t870_msgs/t870_msgs/msg/feedback.hpp
-- Up-to-date symlink: /home/kimsohee/ev-1-5/ev-Autonomous-Vehicle-1-5/install/t870_msgs/include/t870_msgs/t870_msgs/msg/rosidl_generator_cpp__visibility_control.hpp
-- Up-to-date symlink: /home/kimsohee/ev-1-5/ev-Autonomous-Vehicle-1-5/install/t870_msgs/include/t870_msgs/t870_msgs/srv/detail/mode_command__builder.hpp
-- Up-to-date symlink: /home/kimsohee/ev-1-5/ev-Autonomous-Vehicle-1-5/install/t870_msgs/include/t870_msgs/t870_msgs/srv/detail/mode_command__struct.hpp
-- Up-to-date symlink: /home/kimsohee/ev-1-5/ev-Autonomous-Vehicle-1-5/install/t870_msgs/include/t870_msgs/t870_msgs/srv/detail/mode_command__traits.hpp
-- Up-to-date symlink: /home/kimsohee/ev-1-5/ev-Autonomous-Vehicle-1-5/install/t870_msgs/include/t870_msgs/t870_msgs/srv/detail/mode_command__type_support.hpp
-- Up-to-date symlink: /home/kimsohee/ev-1-5/ev-Autonomous-Vehicle-1-5/install/t870_msgs/include/t870_msgs/t870_msgs/srv/mode_command.hpp
-- Up-to-date symlink: /home/kimsohee/ev-1-5/ev-Autonomous-Vehicle-1-5/install/t870_msgs/include/t870_msgs/t870_msgs/msg/detail/control_command__rosidl_typesupport_fastrtps_cpp.hpp
-- Up-to-date symlink: /home/kimsohee/ev-1-5/ev-Autonomous-Vehicle-1-5/install/t870_msgs/include/t870_msgs/t870_msgs/msg/detail/feedback__rosidl_typesupport_fastrtps_cpp.hpp
-- Up-to-date symlink: /home/kimsohee/ev-1-5/ev-Autonomous-Vehicle-1-5/install/t870_msgs/include/t870_msgs/t870_msgs/msg/rosidl_typesupport_fastrtps_cpp__visibility_control.h
-- Up-to-date symlink: /home/kimsohee/ev-1-5/ev-Autonomous-Vehicle-1-5/install/t870_msgs/include/t870_msgs/t870_msgs/srv/detail/mode_command__rosidl_typesupport_fastrtps_cpp.hpp
-- Up-to-date symlink: /home/kimsohee/ev-1-5/ev-Autonomous-Vehicle-1-5/install/t870_msgs/include/t870_msgs/t870_msgs/msg/detail/control_command__rosidl_typesupport_introspection_c.h
-- Up-to-date symlink: /home/kimsohee/ev-1-5/ev-Autonomous-Vehicle-1-5/install/t870_msgs/include/t870_msgs/t870_msgs/msg/detail/feedback__rosidl_typesupport_introspection_c.h
-- Up-to-date symlink: /home/kimsohee/ev-1-5/ev-Autonomous-Vehicle-1-5/install/t870_msgs/include/t870_msgs/t870_msgs/msg/rosidl_typesupport_introspection_c__visibility_control.h
-- Up-to-date symlink: /home/kimsohee/ev-1-5/ev-Autonomous-Vehicle-1-5/install/t870_msgs/include/t870_msgs/t870_msgs/srv/detail/mode_command__rosidl_typesupport_introspection_c.h
-- Up-to-date symlink: /home/kimsohee/ev-1-5/ev-Autonomous-Vehicle-1-5/install/t870_msgs/include/t870_msgs/t870_msgs/msg/detail/control_command__rosidl_typesupport_introspection_cpp.hpp
-- Up-to-date symlink: /home/kimsohee/ev-1-5/ev-Autonomous-Vehicle-1-5/install/t870_msgs/include/t870_msgs/t870_msgs/msg/detail/feedback__rosidl_typesupport_introspection_cpp.hpp
-- Up-to-date symlink: /home/kimsohee/ev-1-5/ev-Autonomous-Vehicle-1-5/install/t870_msgs/include/t870_msgs/t870_msgs/srv/detail/mode_command__rosidl_typesupport_introspection_cpp.hpp
-- Up-to-date symlink: /home/kimsohee/ev-1-5/ev-Autonomous-Vehicle-1-5/install/t870_msgs/share/t870_msgs/environment/pythonpath.sh
-- Up-to-date symlink: /home/kimsohee/ev-1-5/ev-Autonomous-Vehicle-1-5/install/t870_msgs/share/t870_msgs/environment/pythonpath.dsv
-- Up-to-date symlink: /home/kimsohee/ev-1-5/ev-Autonomous-Vehicle-1-5/install/t870_msgs/local/lib/python3.10/dist-packages/t870_msgs-0.0.0-py3.10.egg-info/PKG-INFO
-- Up-to-date symlink: /home/kimsohee/ev-1-5/ev-Autonomous-Vehicle-1-5/install/t870_msgs/local/lib/python3.10/dist-packages/t870_msgs-0.0.0-py3.10.egg-info/SOURCES.txt
-- Up-to-date symlink: /home/kimsohee/ev-1-5/ev-Autonomous-Vehicle-1-5/install/t870_msgs/local/lib/python3.10/dist-packages/t870_msgs-0.0.0-py3.10.egg-info/dependency_links.txt
-- Up-to-date symlink: /home/kimsohee/ev-1-5/ev-Autonomous-Vehicle-1-5/install/t870_msgs/local/lib/python3.10/dist-packages/t870_msgs-0.0.0-py3.10.egg-info/top_level.txt
-- Up-to-date symlink: /home/kimsohee/ev-1-5/ev-Autonomous-Vehicle-1-5/install/t870_msgs/local/lib/python3.10/dist-packages/t870_msgs/__init__.py
-- Up-to-date symlink: /home/kimsohee/ev-1-5/ev-Autonomous-Vehicle-1-5/install/t870_msgs/local/lib/python3.10/dist-packages/t870_msgs/_t870_msgs_s.ep.rosidl_typesupport_c.c
-- Up-to-date symlink: /home/kimsohee/ev-1-5/ev-Autonomous-Vehicle-1-5/install/t870_msgs/local/lib/python3.10/dist-packages/t870_msgs/_t870_msgs_s.ep.rosidl_typesupport_fastrtps_c.c
-- Up-to-date symlink: /home/kimsohee/ev-1-5/ev-Autonomous-Vehicle-1-5/install/t870_msgs/local/lib/python3.10/dist-packages/t870_msgs/_t870_msgs_s.ep.rosidl_typesupport_introspection_c.c
-- Up-to-date symlink: /home/kimsohee/ev-1-5/ev-Autonomous-Vehicle-1-5/install/t870_msgs/local/lib/python3.10/dist-packages/t870_msgs/libt870_msgs__rosidl_generator_py.so
-- Up-to-date symlink: /home/kimsohee/ev-1-5/ev-Autonomous-Vehicle-1-5/install/t870_msgs/local/lib/python3.10/dist-packages/t870_msgs/msg/__init__.py
-- Up-to-date symlink: /home/kimsohee/ev-1-5/ev-Autonomous-Vehicle-1-5/install/t870_msgs/local/lib/python3.10/dist-packages/t870_msgs/msg/_control_command.py
-- Up-to-date symlink: /home/kimsohee/ev-1-5/ev-Autonomous-Vehicle-1-5/install/t870_msgs/local/lib/python3.10/dist-packages/t870_msgs/msg/_control_command_s.c
-- Up-to-date symlink: /home/kimsohee/ev-1-5/ev-Autonomous-Vehicle-1-5/install/t870_msgs/local/lib/python3.10/dist-packages/t870_msgs/msg/_feedback.py
-- Up-to-date symlink: /home/kimsohee/ev-1-5/ev-Autonomous-Vehicle-1-5/install/t870_msgs/local/lib/python3.10/dist-packages/t870_msgs/msg/_feedback_s.c
-- Up-to-date symlink: /home/kimsohee/ev-1-5/ev-Autonomous-Vehicle-1-5/install/t870_msgs/local/lib/python3.10/dist-packages/t870_msgs/srv/__init__.py
-- Up-to-date symlink: /home/kimsohee/ev-1-5/ev-Autonomous-Vehicle-1-5/install/t870_msgs/local/lib/python3.10/dist-packages/t870_msgs/srv/_mode_command.py
-- Up-to-date symlink: /home/kimsohee/ev-1-5/ev-Autonomous-Vehicle-1-5/install/t870_msgs/local/lib/python3.10/dist-packages/t870_msgs/srv/_mode_command_s.c
-- Up-to-date symlink: /home/kimsohee/ev-1-5/ev-Autonomous-Vehicle-1-5/install/t870_msgs/local/lib/python3.10/dist-packages/t870_msgs/t870_msgs_s__rosidl_typesupport_c.cpython-310-aarch64-linux-gnu.so
-- Up-to-date symlink: /home/kimsohee/ev-1-5/ev-Autonomous-Vehicle-1-5/install/t870_msgs/local/lib/python3.10/dist-packages/t870_msgs/t870_msgs_s__rosidl_typesupport_fastrtps_c.cpython-310-aarch64-linux-gnu.so
-- Up-to-date symlink: /home/kimsohee/ev-1-5/ev-Autonomous-Vehicle-1-5/install/t870_msgs/local/lib/python3.10/dist-packages/t870_msgs/t870_msgs_s__rosidl_typesupport_introspection_c.cpython-310-aarch64-linux-gnu.so
-- Up-to-date symlink: /home/kimsohee/ev-1-5/ev-Autonomous-Vehicle-1-5/install/t870_msgs/local/lib/python3.10/dist-packages/t870_msgs/t870_msgs_s__rosidl_typesupport_fastrtps_c.cpython-310-aarch64-linux-gnu.so
-- Up-to-date symlink: /home/kimsohee/ev-1-5/ev-Autonomous-Vehicle-1-5/install/t870_msgs/local/lib/python3.10/dist-packages/t870_msgs/t870_msgs_s__rosidl_typesupport_introspection_c.cpython-310-aarch64-linux-gnu.so
-- Up-to-date symlink: /home/kimsohee/ev-1-5/ev-Autonomous-Vehicle-1-5/install/t870_msgs/local/lib/python3.10/dist-packages/t870_msgs/t870_msgs_s__rosidl_typesupport_c.cpython-310-aarch64-linux-gnu.so
-- Up-to-date symlink: /home/kimsohee/ev-1-5/ev-Autonomous-Vehicle-1-5/install/t870_msgs/share/t870_msgs/msg/ControlCommand.idl
-- Up-to-date symlink: /home/kimsohee/ev-1-5/ev-Autonomous-Vehicle-1-5/install/t870_msgs/share/t870_msgs/msg/Feedback.idl
-- Up-to-date symlink: /home/kimsohee/ev-1-5/ev-Autonomous-Vehicle-1-5/install/t870_msgs/share/t870_msgs/srv/ModeCommand.idl
-- Up-to-date symlink: /home/kimsohee/ev-1-5/ev-Autonomous-Vehicle-1-5/install/t870_msgs/share/t870_msgs/msg/ControlCommand.msg
-- Up-to-date symlink: /home/kimsohee/ev-1-5/ev-Autonomous-Vehicle-1-5/install/t870_msgs/share/t870_msgs/msg/Feedback.msg
-- Up-to-date symlink: /home/kimsohee/ev-1-5/ev-Autonomous-Vehicle-1-5/install/t870_msgs/share/t870_msgs/srv/ModeCommand.srv
-- Up-to-date symlink: /home/kimsohee/ev-1-5/ev-Autonomous-Vehicle-1-5/install/t870_msgs/share/t870_msgs/srv/ModeCommand_Request.msg
-- Up-to-date symlink: /home/kimsohee/ev-1-5/ev-Autonomous-Vehicle-1-5/install/t870_msgs/share/t870_msgs/srv/ModeCommand_Response.msg
-- Up-to-date symlink: /home/kimsohee/ev-1-5/ev-Autonomous-Vehicle-1-5/install/t870_msgs/share/ament_index/resource_index/package_run_dependencies/t870_msgs
-- Up-to-date symlink: /home/kimsohee/ev-1-5/ev-Autonomous-Vehicle-1-5/install/t870_msgs/share/ament_index/resource_index/parent_prefix_path/t870_msgs
-- Up-to-date symlink: /home/kimsohee/ev-1-5/ev-Autonomous-Vehicle-1-5/install/t870_msgs/share/t870_msgs/environment/ament_prefix_path.sh
-- Up-to-date symlink: /home/kimsohee/ev-1-5/ev-Autonomous-Vehicle-1-5/install/t870_msgs/share/t870_msgs/environment/ament_prefix_path.dsv
-- Up-to-date symlink: /home/kimsohee/ev-1-5/ev-Autonomous-Vehicle-1-5/install/t870_msgs/share/t870_msgs/environment/path.sh
-- Up-to-date symlink: /home/kimsohee/ev-1-5/ev-Autonomous-Vehicle-1-5/install/t870_msgs/share/t870_msgs/environment/path.dsv
-- Up-to-date symlink: /home/kimsohee/ev-1-5/ev-Autonomous-Vehicle-1-5/install/t870_msgs/share/t870_msgs/local_setup.bash
-- Up-to-date symlink: /home/kimsohee/ev-1-5/ev-Autonomous-Vehicle-1-5/install/t870_msgs/share/t870_msgs/local_setup.sh
-- Up-to-date symlink: /home/kimsohee/ev-1-5/ev-Autonomous-Vehicle-1-5/install/t870_msgs/share/t870_msgs/local_setup.zsh
-- Up-to-date symlink: /home/kimsohee/ev-1-5/ev-Autonomous-Vehicle-1-5/install/t870_msgs/share/t870_msgs/local_setup.dsv
-- Up-to-date symlink: /home/kimsohee/ev-1-5/ev-Autonomous-Vehicle-1-5/install/t870_msgs/share/t870_msgs/package.dsv
-- Up-to-date symlink: /home/kimsohee/ev-1-5/ev-Autonomous-Vehicle-1-5/install/t870_msgs/share/ament_index/resource_index/packages/t870_msgs
-- Up-to-date symlink: /home/kimsohee/ev-1-5/ev-Autonomous-Vehicle-1-5/install/t870_msgs/share/t870_msgs/cmake/rosidl_cmake-extras.cmake
-- Up-to-date symlink: /home/kimsohee/ev-1-5/ev-Autonomous-Vehicle-1-5/install/t870_msgs/share/t870_msgs/cmake/ament_cmake_export_dependencies-extras.cmake
-- Up-to-date symlink: /home/kimsohee/ev-1-5/ev-Autonomous-Vehicle-1-5/install/t870_msgs/share/t870_msgs/cmake/ament_cmake_export_include_directories-extras.cmake
-- Up-to-date symlink: /home/kimsohee/ev-1-5/ev-Autonomous-Vehicle-1-5/install/t870_msgs/share/t870_msgs/cmake/ament_cmake_export_libraries-extras.cmake
-- Up-to-date symlink: /home/kimsohee/ev-1-5/ev-Autonomous-Vehicle-1-5/install/t870_msgs/share/t870_msgs/cmake/ament_cmake_export_targets-extras.cmake
-- Up-to-date symlink: /home/kimsohee/ev-1-5/ev-Autonomous-Vehicle-1-5/install/t870_msgs/share/t870_msgs/cmake/rosidl_cmake_export_typesupport_targets-extras.cmake
-- Up-to-date symlink: /home/kimsohee/ev-1-5/ev-Autonomous-Vehicle-1-5/install/t870_msgs/share/t870_msgs/cmake/rosidl_cmake_export_typesupport_libraries-extras.cmake
-- Up-to-date symlink: /home/kimsohee/ev-1-5/ev-Autonomous-Vehicle-1-5/install/t870_msgs/share/t870_msgs/cmake/t870_msgsConfig.cmake
-- Up-to-date symlink: /home/kimsohee/ev-1-5/ev-Autonomous-Vehicle-1-5/install/t870_msgs/share/t870_msgs/cmake/t870_msgsConfig-version.cmake
-- Up-to-date symlink: /home/kimsohee/ev-1-5/ev-Autonomous-Vehicle-1-5/install/t870_msgs/share/t870_msgs/package.xml
-- Up-to-date: /home/kimsohee/ev-1-5/ev-Autonomous-Vehicle-1-5/install/t870_msgs/lib/libt870_msgs__rosidl_generator_c.so
-- Up-to-date: /home/kimsohee/ev-1-5/ev-Autonomous-Vehicle-1-5/install/t870_msgs/lib/libt870_msgs__rosidl_typesupport_fastrtps_c.so
-- Up-to-date: /home/kimsohee/ev-1-5/ev-Autonomous-Vehicle-1-5/install/t870_msgs/lib/libt870_msgs__rosidl_typesupport_fastrtps_cpp.so
-- Up-to-date: /home/kimsohee/ev-1-5/ev-Autonomous-Vehicle-1-5/install/t870_msgs/lib/libt870_msgs__rosidl_typesupport_introspection_c.so
-- Up-to-date: /home/kimsohee/ev-1-5/ev-Autonomous-Vehicle-1-5/install/t870_msgs/lib/libt870_msgs__rosidl_typesupport_c.so
-- Up-to-date: /home/kimsohee/ev-1-5/ev-Autonomous-Vehicle-1-5/install/t870_msgs/lib/libt870_msgs__rosidl_typesupport_introspection_cpp.so
-- Up-to-date: /home/kimsohee/ev-1-5/ev-Autonomous-Vehicle-1-5/install/t870_msgs/lib/libt870_msgs__rosidl_typesupport_cpp.so
Listing '/home/kimsohee/ev-1-5/ev-Autonomous-Vehicle-1-5/install/t870_msgs/local/lib/python3.10/dist-packages/t870_msgs'...
Listing '/home/kimsohee/ev-1-5/ev-Autonomous-Vehicle-1-5/install/t870_msgs/local/lib/python3.10/dist-packages/t870_msgs/msg'...
Listing '/home/kimsohee/ev-1-5/ev-Autonomous-Vehicle-1-5/install/t870_msgs/local/lib/python3.10/dist-packages/t870_msgs/srv'...
-- Up-to-date: /home/kimsohee/ev-1-5/ev-Autonomous-Vehicle-1-5/install/t870_msgs/lib/libt870_msgs__rosidl_generator_py.so
-- Up-to-date: /home/kimsohee/ev-1-5/ev-Autonomous-Vehicle-1-5/install/t870_msgs/share/t870_msgs/cmake/export_t870_msgs__rosidl_generator_cExport.cmake
-- Up-to-date: /home/kimsohee/ev-1-5/ev-Autonomous-Vehicle-1-5/install/t870_msgs/share/t870_msgs/cmake/export_t870_msgs__rosidl_generator_cExport-noconfig.cmake
-- Up-to-date: /home/kimsohee/ev-1-5/ev-Autonomous-Vehicle-1-5/install/t870_msgs/share/t870_msgs/cmake/export_t870_msgs__rosidl_typesupport_fastrtps_cExport.cmake
-- Up-to-date: /home/kimsohee/ev-1-5/ev-Autonomous-Vehicle-1-5/install/t870_msgs/share/t870_msgs/cmake/export_t870_msgs__rosidl_typesupport_fastrtps_cExport-noconfig.cmake
-- Up-to-date: /home/kimsohee/ev-1-5/ev-Autonomous-Vehicle-1-5/install/t870_msgs/share/t870_msgs/cmake/export_t870_msgs__rosidl_generator_cppExport.cmake
-- Up-to-date: /home/kimsohee/ev-1-5/ev-Autonomous-Vehicle-1-5/install/t870_msgs/share/t870_msgs/cmake/export_t870_msgs__rosidl_typesupport_fastrtps_cppExport.cmake
-- Up-to-date: /home/kimsohee/ev-1-5/ev-Autonomous-Vehicle-1-5/install/t870_msgs/share/t870_msgs/cmake/export_t870_msgs__rosidl_typesupport_fastrtps_cppExport-noconfig.cmake
-- Up-to-date: /home/kimsohee/ev-1-5/ev-Autonomous-Vehicle-1-5/install/t870_msgs/share/t870_msgs/cmake/t870_msgs__rosidl_typesupport_introspection_cExport.cmake
-- Up-to-date: /home/kimsohee/ev-1-5/ev-Autonomous-Vehicle-1-5/install/t870_msgs/share/t870_msgs/cmake/t870_msgs__rosidl_typesupport_introspection_cExport-noconfig.cmake
-- Up-to-date: /home/kimsohee/ev-1-5/ev-Autonomous-Vehicle-1-5/install/t870_msgs/share/t870_msgs/cmake/t870_msgs__rosidl_typesupport_cExport.cmake
-- Up-to-date: /home/kimsohee/ev-1-5/ev-Autonomous-Vehicle-1-5/install/t870_msgs/share/t870_msgs/cmake/t870_msgs__rosidl_typesupport_cExport-noconfig.cmake
-- Up-to-date: /home/kimsohee/ev-1-5/ev-Autonomous-Vehicle-1-5/install/t870_msgs/share/t870_msgs/cmake/t870_msgs__rosidl_typesupport_introspection_cppExport.cmake
-- Up-to-date: /home/kimsohee/ev-1-5/ev-Autonomous-Vehicle-1-5/install/t870_msgs/share/t870_msgs/cmake/t870_msgs__rosidl_typesupport_introspection_cppExport-noconfig.cmake
-- Up-to-date: /home/kimsohee/ev-1-5/ev-Autonomous-Vehicle-1-5/install/t870_msgs/share/t870_msgs/cmake/t870_msgs__rosidl_typesupport_cppExport.cmake
-- Up-to-date: /home/kimsohee/ev-1-5/ev-Autonomous-Vehicle-1-5/install/t870_msgs/share/t870_msgs/cmake/t870_msgs__rosidl_typesupport_cppExport-noconfig.cmake
-- Up-to-date: /home/kimsohee/ev-1-5/ev-Autonomous-Vehicle-1-5/install/t870_msgs/share/t870_msgs/cmake/export_t870_msgs__rosidl_generator_pyExport.cmake
-- Up-to-date: /home/kimsohee/ev-1-5/ev-Autonomous-Vehicle-1-5/install/t870_msgs/share/t870_msgs/cmake/export_t870_msgs__rosidl_generator_pyExport-noconfig.cmake
