[0.014s] Invoking command in '/home/aiv/ev_ws/perception/build/lidar_interfaces': CMAKE_PREFIX_PATH=${CMAKE_PREFIX_PATH}:/opt/ros/humble /usr/bin/cmake /home/aiv/ev_ws/perception/src/lidar/lidar_interfaces -DAMENT_CMAKE_SYMLINK_INSTALL=1 -DCMAKE_INSTALL_PREFIX=/home/aiv/ev_ws/perception/install/lidar_interfaces
[0.056s] -- The C compiler identification is GNU 11.4.0
[0.091s] -- The CXX compiler identification is GNU 11.4.0
[0.097s] -- Detecting C compiler ABI info
[0.141s] -- Detecting C compiler ABI info - done
[0.145s] -- Check for working C compiler: /usr/bin/cc - skipped
[0.145s] -- Detecting C compile features
[0.145s] -- Detecting C compile features - done
[0.147s] -- Detecting CXX compiler ABI info
[0.199s] -- Detecting CXX compiler ABI info - done
[0.206s] -- Check for working CXX compiler: /usr/bin/c++ - skipped
[0.206s] -- Detecting CXX compile features
[0.206s] -- Detecting CXX compile features - done
[0.209s] -- Found ament_cmake: 1.3.12 (/opt/ros/humble/share/ament_cmake/cmake)
[0.310s] -- Found Python3: /usr/bin/python3 (found version "3.10.12") found components: Interpreter 
[0.343s] -- Override CMake install command with custom implementation using symlinks instead of copying resources
[0.368s] -- Found rosidl_default_generators: 1.2.0 (/opt/ros/humble/share/rosidl_default_generators/cmake)
[0.372s] -- Using all available rosidl_typesupport_c: rosidl_typesupport_fastrtps_c;rosidl_typesupport_introspection_c
[0.376s] -- Found rosidl_adapter: 3.1.8 (/opt/ros/humble/share/rosidl_adapter/cmake)
[0.398s] -- Using all available rosidl_typesupport_cpp: rosidl_typesupport_fastrtps_cpp;rosidl_typesupport_introspection_cpp
[0.416s] -- Found geometry_msgs: 4.9.0 (/opt/ros/humble/share/geometry_msgs/cmake)
[0.604s] -- Found ament_cmake_ros: 0.10.0 (/opt/ros/humble/share/ament_cmake_ros/cmake)
[0.768s] -- Using all available rosidl_typesupport_c: rosidl_typesupport_fastrtps_c;rosidl_typesupport_introspection_c
[0.965s] -- Using all available rosidl_typesupport_cpp: rosidl_typesupport_fastrtps_cpp;rosidl_typesupport_introspection_cpp
[0.981s] -- Found PythonInterp: /usr/bin/python3 (found suitable version "3.10.12", minimum required is "3.6") 
[0.981s] -- Found python_cmake_module: 0.10.0 (/opt/ros/humble/share/python_cmake_module/cmake)
[0.996s] -- Found PythonLibs: /usr/lib/x86_64-linux-gnu/libpython3.10.so (found suitable version "3.10.12", minimum required is "3.5") 
[0.996s] -- Using PYTHON_EXECUTABLE: /usr/bin/python3
[0.996s] -- Using PYTHON_INCLUDE_DIRS: /usr/include/python3.10
[0.996s] -- Using PYTHON_LIBRARIES: /usr/lib/x86_64-linux-gnu/libpython3.10.so
[1.010s] -- Found PythonExtra: .so  
[1.049s] -- Found ament_lint_auto: 0.12.14 (/opt/ros/humble/share/ament_lint_auto/cmake)
[1.053s] -- Configuring done
[1.071s] -- Generating done
[1.078s] -- Build files have been written to: /home/aiv/ev_ws/perception/build/lidar_interfaces
[1.084s] Invoked command in '/home/aiv/ev_ws/perception/build/lidar_interfaces' returned '0': CMAKE_PREFIX_PATH=${CMAKE_PREFIX_PATH}:/opt/ros/humble /usr/bin/cmake /home/aiv/ev_ws/perception/src/lidar/lidar_interfaces -DAMENT_CMAKE_SYMLINK_INSTALL=1 -DCMAKE_INSTALL_PREFIX=/home/aiv/ev_ws/perception/install/lidar_interfaces
[1.085s] Invoking command in '/home/aiv/ev_ws/perception/build/lidar_interfaces': CMAKE_PREFIX_PATH=${CMAKE_PREFIX_PATH}:/opt/ros/humble /usr/bin/cmake --build /home/aiv/ev_ws/perception/build/lidar_interfaces -- -j28 -l28
[1.113s] [  1%] [34m[1mGenerating C code for ROS interfaces[0m
[1.118s] [  3%] [34m[1mGenerating C++ code for ROS interfaces[0m
[1.122s] [  3%] Built target ament_cmake_python_symlink_lidar_interfaces
[1.345s] running egg_info
[1.347s] creating lidar_interfaces.egg-info
[1.347s] writing lidar_interfaces.egg-info/PKG-INFO
[1.347s] writing dependency_links to lidar_interfaces.egg-info/dependency_links.txt
[1.347s] writing top-level names to lidar_interfaces.egg-info/top_level.txt
[1.347s] writing manifest file 'lidar_interfaces.egg-info/SOURCES.txt'
[1.349s] reading manifest file 'lidar_interfaces.egg-info/SOURCES.txt'
[1.349s] writing manifest file 'lidar_interfaces.egg-info/SOURCES.txt'
[1.368s] [  3%] Built target lidar_interfaces__cpp
[1.370s] [  7%] [32mBuilding C object CMakeFiles/lidar_interfaces__rosidl_generator_c.dir/rosidl_generator_c/lidar_interfaces/msg/detail/cone_array__functions.c.o[0m
[1.370s] [  7%] [32mBuilding C object CMakeFiles/lidar_interfaces__rosidl_generator_c.dir/rosidl_generator_c/lidar_interfaces/msg/detail/tracked_cone__functions.c.o[0m
[1.370s] [  9%] [32mBuilding C object CMakeFiles/lidar_interfaces__rosidl_generator_c.dir/rosidl_generator_c/lidar_interfaces/msg/detail/cone__functions.c.o[0m
[1.372s] [ 10%] [32mBuilding C object CMakeFiles/lidar_interfaces__rosidl_generator_c.dir/rosidl_generator_c/lidar_interfaces/msg/detail/tracked_cone_array__functions.c.o[0m
[1.376s] [ 12%] [34m[1mGenerating C++ type support dispatch for ROS interfaces[0m
[1.378s] [ 14%] [34m[1mGenerating C++ introspection for ROS interfaces[0m
[1.378s] [ 16%] [34m[1mGenerating C++ type support for eProsima Fast-RTPS[0m
[1.386s] [ 16%] Built target ament_cmake_python_build_lidar_interfaces_egg
[1.414s] [ 18%] [32m[1mLinking C shared library liblidar_interfaces__rosidl_generator_c.so[0m
[1.447s] [ 18%] Built target lidar_interfaces__rosidl_generator_c
[1.453s] [ 20%] [34m[1mGenerating C type support for eProsima Fast-RTPS[0m
[1.456s] [ 21%] [34m[1mGenerating C introspection for ROS interfaces[0m
[1.456s] [ 23%] [34m[1mGenerating C type support dispatch for ROS interfaces[0m
[1.616s] [ 25%] [32mBuilding CXX object CMakeFiles/lidar_interfaces__rosidl_typesupport_cpp.dir/rosidl_typesupport_cpp/lidar_interfaces/msg/cone__type_support.cpp.o[0m
[1.616s] [ 27%] [32mBuilding CXX object CMakeFiles/lidar_interfaces__rosidl_typesupport_cpp.dir/rosidl_typesupport_cpp/lidar_interfaces/msg/cone_array__type_support.cpp.o[0m
[1.619s] [ 29%] [32mBuilding CXX object CMakeFiles/lidar_interfaces__rosidl_typesupport_cpp.dir/rosidl_typesupport_cpp/lidar_interfaces/msg/tracked_cone__type_support.cpp.o[0m
[1.619s] [ 30%] [32mBuilding CXX object CMakeFiles/lidar_interfaces__rosidl_typesupport_cpp.dir/rosidl_typesupport_cpp/lidar_interfaces/msg/tracked_cone_array__type_support.cpp.o[0m
[1.638s] [ 32%] [32mBuilding CXX object CMakeFiles/lidar_interfaces__rosidl_typesupport_introspection_cpp.dir/rosidl_typesupport_introspection_cpp/lidar_interfaces/msg/detail/cone__type_support.cpp.o[0m
[1.639s] [ 34%] [32mBuilding CXX object CMakeFiles/lidar_interfaces__rosidl_typesupport_introspection_cpp.dir/rosidl_typesupport_introspection_cpp/lidar_interfaces/msg/detail/cone_array__type_support.cpp.o[0m
[1.640s] [ 36%] [32mBuilding CXX object CMakeFiles/lidar_interfaces__rosidl_typesupport_introspection_cpp.dir/rosidl_typesupport_introspection_cpp/lidar_interfaces/msg/detail/tracked_cone_array__type_support.cpp.o[0m
[1.641s] [ 38%] [32mBuilding CXX object CMakeFiles/lidar_interfaces__rosidl_typesupport_introspection_cpp.dir/rosidl_typesupport_introspection_cpp/lidar_interfaces/msg/detail/tracked_cone__type_support.cpp.o[0m
[1.671s] [ 41%] [32mBuilding CXX object CMakeFiles/lidar_interfaces__rosidl_typesupport_fastrtps_cpp.dir/rosidl_typesupport_fastrtps_cpp/lidar_interfaces/msg/detail/dds_fastrtps/tracked_cone_array__type_support.cpp.o[0m
[1.671s] [ 41%] [32mBuilding CXX object CMakeFiles/lidar_interfaces__rosidl_typesupport_fastrtps_cpp.dir/rosidl_typesupport_fastrtps_cpp/lidar_interfaces/msg/detail/dds_fastrtps/tracked_cone__type_support.cpp.o[0m
[1.676s] [ 43%] [32mBuilding CXX object CMakeFiles/lidar_interfaces__rosidl_typesupport_fastrtps_cpp.dir/rosidl_typesupport_fastrtps_cpp/lidar_interfaces/msg/detail/dds_fastrtps/cone_array__type_support.cpp.o[0m
[1.677s] [ 45%] [32mBuilding CXX object CMakeFiles/lidar_interfaces__rosidl_typesupport_fastrtps_cpp.dir/rosidl_typesupport_fastrtps_cpp/lidar_interfaces/msg/detail/dds_fastrtps/cone__type_support.cpp.o[0m
[1.768s] [ 47%] [32mBuilding CXX object CMakeFiles/lidar_interfaces__rosidl_typesupport_c.dir/rosidl_typesupport_c/lidar_interfaces/msg/cone__type_support.cpp.o[0m
[1.768s] [ 49%] [32mBuilding CXX object CMakeFiles/lidar_interfaces__rosidl_typesupport_c.dir/rosidl_typesupport_c/lidar_interfaces/msg/cone_array__type_support.cpp.o[0m
[1.774s] [ 50%] [32mBuilding CXX object CMakeFiles/lidar_interfaces__rosidl_typesupport_c.dir/rosidl_typesupport_c/lidar_interfaces/msg/tracked_cone__type_support.cpp.o[0m
[1.780s] [ 52%] [32mBuilding CXX object CMakeFiles/lidar_interfaces__rosidl_typesupport_c.dir/rosidl_typesupport_c/lidar_interfaces/msg/tracked_cone_array__type_support.cpp.o[0m
[1.815s] [ 54%] [32m[1mLinking CXX shared library liblidar_interfaces__rosidl_typesupport_c.so[0m
[1.855s] [ 56%] [32mBuilding C object CMakeFiles/lidar_interfaces__rosidl_typesupport_introspection_c.dir/rosidl_typesupport_introspection_c/lidar_interfaces/msg/detail/cone__type_support.c.o[0m
[1.859s] [ 58%] [32mBuilding C object CMakeFiles/lidar_interfaces__rosidl_typesupport_introspection_c.dir/rosidl_typesupport_introspection_c/lidar_interfaces/msg/detail/cone_array__type_support.c.o[0m
[1.860s] [ 60%] [32mBuilding C object CMakeFiles/lidar_interfaces__rosidl_typesupport_introspection_c.dir/rosidl_typesupport_introspection_c/lidar_interfaces/msg/detail/tracked_cone_array__type_support.c.o[0m
[1.862s] [ 61%] [32mBuilding C object CMakeFiles/lidar_interfaces__rosidl_typesupport_introspection_c.dir/rosidl_typesupport_introspection_c/lidar_interfaces/msg/detail/tracked_cone__type_support.c.o[0m
[1.862s] [ 61%] Built target lidar_interfaces__rosidl_typesupport_c
[1.878s] [ 63%] [32mBuilding CXX object CMakeFiles/lidar_interfaces__rosidl_typesupport_fastrtps_c.dir/rosidl_typesupport_fastrtps_c/lidar_interfaces/msg/detail/cone__type_support_c.cpp.o[0m
[1.880s] [ 65%] [32mBuilding CXX object CMakeFiles/lidar_interfaces__rosidl_typesupport_fastrtps_c.dir/rosidl_typesupport_fastrtps_c/lidar_interfaces/msg/detail/cone_array__type_support_c.cpp.o[0m
[1.881s] [ 67%] [32mBuilding CXX object CMakeFiles/lidar_interfaces__rosidl_typesupport_fastrtps_c.dir/rosidl_typesupport_fastrtps_c/lidar_interfaces/msg/detail/tracked_cone_array__type_support_c.cpp.o[0m
[1.881s] [ 69%] [32mBuilding CXX object CMakeFiles/lidar_interfaces__rosidl_typesupport_fastrtps_c.dir/rosidl_typesupport_fastrtps_c/lidar_interfaces/msg/detail/tracked_cone__type_support_c.cpp.o[0m
[1.884s] [ 70%] [32m[1mLinking CXX shared library liblidar_interfaces__rosidl_typesupport_cpp.so[0m
[1.899s] [ 72%] [32m[1mLinking C shared library liblidar_interfaces__rosidl_typesupport_introspection_c.so[0m
[1.920s] [ 72%] Built target lidar_interfaces__rosidl_typesupport_cpp
[1.932s] [ 72%] Built target lidar_interfaces__rosidl_typesupport_introspection_c
[1.981s] [ 74%] [32m[1mLinking CXX shared library liblidar_interfaces__rosidl_typesupport_introspection_cpp.so[0m
[2.029s] [ 74%] Built target lidar_interfaces__rosidl_typesupport_introspection_cpp
[2.092s] [ 76%] [32m[1mLinking CXX shared library liblidar_interfaces__rosidl_typesupport_fastrtps_cpp.so[0m
[2.149s] [ 78%] [32m[1mLinking CXX shared library liblidar_interfaces__rosidl_typesupport_fastrtps_c.so[0m
[2.154s] [ 78%] Built target lidar_interfaces__rosidl_typesupport_fastrtps_cpp
[2.210s] [ 78%] Built target lidar_interfaces__rosidl_typesupport_fastrtps_c
[2.229s] [ 78%] Built target lidar_interfaces
[2.246s] [ 80%] [34m[1mGenerating Python code for ROS interfaces[0m
[2.820s] [ 80%] Built target lidar_interfaces__py
[2.834s] [ 81%] [32mBuilding C object CMakeFiles/lidar_interfaces__rosidl_generator_py.dir/rosidl_generator_py/lidar_interfaces/msg/_cone_s.c.o[0m
[2.835s] [ 83%] [32mBuilding C object CMakeFiles/lidar_interfaces__rosidl_generator_py.dir/rosidl_generator_py/lidar_interfaces/msg/_cone_array_s.c.o[0m
[2.836s] [ 87%] [32mBuilding C object CMakeFiles/lidar_interfaces__rosidl_generator_py.dir/rosidl_generator_py/lidar_interfaces/msg/_tracked_cone_s.c.o[0m
[2.836s] [ 87%] [32mBuilding C object CMakeFiles/lidar_interfaces__rosidl_generator_py.dir/rosidl_generator_py/lidar_interfaces/msg/_tracked_cone_array_s.c.o[0m
[2.921s] [ 89%] [32m[1mLinking C shared library rosidl_generator_py/lidar_interfaces/liblidar_interfaces__rosidl_generator_py.so[0m
[2.952s] [ 89%] Built target lidar_interfaces__rosidl_generator_py
[2.968s] [ 90%] [32mBuilding C object CMakeFiles/lidar_interfaces__rosidl_typesupport_c__pyext.dir/rosidl_generator_py/lidar_interfaces/_lidar_interfaces_s.ep.rosidl_typesupport_c.c.o[0m
[2.969s] [ 92%] [32mBuilding C object CMakeFiles/lidar_interfaces__rosidl_typesupport_introspection_c__pyext.dir/rosidl_generator_py/lidar_interfaces/_lidar_interfaces_s.ep.rosidl_typesupport_introspection_c.c.o[0m
[2.969s] [ 94%] [32mBuilding C object CMakeFiles/lidar_interfaces__rosidl_typesupport_fastrtps_c__pyext.dir/rosidl_generator_py/lidar_interfaces/_lidar_interfaces_s.ep.rosidl_typesupport_fastrtps_c.c.o[0m
[3.028s] [ 96%] [32m[1mLinking C shared library rosidl_generator_py/lidar_interfaces/lidar_interfaces_s__rosidl_typesupport_introspection_c.cpython-310-x86_64-linux-gnu.so[0m
[3.030s] [ 98%] [32m[1mLinking C shared library rosidl_generator_py/lidar_interfaces/lidar_interfaces_s__rosidl_typesupport_fastrtps_c.cpython-310-x86_64-linux-gnu.so[0m
[3.035s] [100%] [32m[1mLinking C shared library rosidl_generator_py/lidar_interfaces/lidar_interfaces_s__rosidl_typesupport_c.cpython-310-x86_64-linux-gnu.so[0m
[3.060s] [100%] Built target lidar_interfaces__rosidl_typesupport_introspection_c__pyext
[3.062s] [100%] Built target lidar_interfaces__rosidl_typesupport_c__pyext
[3.064s] [100%] Built target lidar_interfaces__rosidl_typesupport_fastrtps_c__pyext
[3.074s] Invoked command in '/home/aiv/ev_ws/perception/build/lidar_interfaces' returned '0': CMAKE_PREFIX_PATH=${CMAKE_PREFIX_PATH}:/opt/ros/humble /usr/bin/cmake --build /home/aiv/ev_ws/perception/build/lidar_interfaces -- -j28 -l28
[3.075s] Invoking command in '/home/aiv/ev_ws/perception/build/lidar_interfaces': CMAKE_PREFIX_PATH=${CMAKE_PREFIX_PATH}:/opt/ros/humble /usr/bin/cmake --install /home/aiv/ev_ws/perception/build/lidar_interfaces
[3.081s] -- Install configuration: ""
[3.081s] -- Execute custom install script
[3.082s] -- Symlinking: /home/aiv/ev_ws/perception/install/lidar_interfaces/share/ament_index/resource_index/rosidl_interfaces/lidar_interfaces
[3.087s] -- Symlinking: /home/aiv/ev_ws/perception/install/lidar_interfaces/include/lidar_interfaces/lidar_interfaces/msg/cone.h
[3.094s] -- Symlinking: /home/aiv/ev_ws/perception/install/lidar_interfaces/include/lidar_interfaces/lidar_interfaces/msg/cone_array.h
[3.099s] -- Symlinking: /home/aiv/ev_ws/perception/install/lidar_interfaces/include/lidar_interfaces/lidar_interfaces/msg/detail/cone__functions.h
[3.107s] -- Symlinking: /home/aiv/ev_ws/perception/install/lidar_interfaces/include/lidar_interfaces/lidar_interfaces/msg/detail/cone__struct.h
[3.113s] -- Symlinking: /home/aiv/ev_ws/perception/install/lidar_interfaces/include/lidar_interfaces/lidar_interfaces/msg/detail/cone__type_support.h
[3.118s] -- Symlinking: /home/aiv/ev_ws/perception/install/lidar_interfaces/include/lidar_interfaces/lidar_interfaces/msg/detail/cone_array__functions.h
[3.125s] -- Symlinking: /home/aiv/ev_ws/perception/install/lidar_interfaces/include/lidar_interfaces/lidar_interfaces/msg/detail/cone_array__struct.h
[3.133s] -- Symlinking: /home/aiv/ev_ws/perception/install/lidar_interfaces/include/lidar_interfaces/lidar_interfaces/msg/detail/cone_array__type_support.h
[3.138s] -- Symlinking: /home/aiv/ev_ws/perception/install/lidar_interfaces/include/lidar_interfaces/lidar_interfaces/msg/detail/tracked_cone__functions.h
[3.146s] -- Symlinking: /home/aiv/ev_ws/perception/install/lidar_interfaces/include/lidar_interfaces/lidar_interfaces/msg/detail/tracked_cone__struct.h
[3.153s] -- Symlinking: /home/aiv/ev_ws/perception/install/lidar_interfaces/include/lidar_interfaces/lidar_interfaces/msg/detail/tracked_cone__type_support.h
[3.160s] -- Symlinking: /home/aiv/ev_ws/perception/install/lidar_interfaces/include/lidar_interfaces/lidar_interfaces/msg/detail/tracked_cone_array__functions.h
[3.165s] -- Symlinking: /home/aiv/ev_ws/perception/install/lidar_interfaces/include/lidar_interfaces/lidar_interfaces/msg/detail/tracked_cone_array__struct.h
[3.172s] -- Symlinking: /home/aiv/ev_ws/perception/install/lidar_interfaces/include/lidar_interfaces/lidar_interfaces/msg/detail/tracked_cone_array__type_support.h
[3.177s] -- Symlinking: /home/aiv/ev_ws/perception/install/lidar_interfaces/include/lidar_interfaces/lidar_interfaces/msg/rosidl_generator_c__visibility_control.h
[3.182s] -- Symlinking: /home/aiv/ev_ws/perception/install/lidar_interfaces/include/lidar_interfaces/lidar_interfaces/msg/tracked_cone.h
[3.190s] -- Symlinking: /home/aiv/ev_ws/perception/install/lidar_interfaces/include/lidar_interfaces/lidar_interfaces/msg/tracked_cone_array.h
[3.198s] -- Symlinking: /home/aiv/ev_ws/perception/install/lidar_interfaces/share/lidar_interfaces/environment/library_path.sh
[3.204s] -- Symlinking: /home/aiv/ev_ws/perception/install/lidar_interfaces/share/lidar_interfaces/environment/library_path.dsv
[3.213s] -- Symlinking: /home/aiv/ev_ws/perception/install/lidar_interfaces/include/lidar_interfaces/lidar_interfaces/msg/detail/cone__rosidl_typesupport_fastrtps_c.h
[3.225s] -- Symlinking: /home/aiv/ev_ws/perception/install/lidar_interfaces/include/lidar_interfaces/lidar_interfaces/msg/detail/cone_array__rosidl_typesupport_fastrtps_c.h
[3.231s] -- Symlinking: /home/aiv/ev_ws/perception/install/lidar_interfaces/include/lidar_interfaces/lidar_interfaces/msg/detail/tracked_cone__rosidl_typesupport_fastrtps_c.h
[3.238s] -- Symlinking: /home/aiv/ev_ws/perception/install/lidar_interfaces/include/lidar_interfaces/lidar_interfaces/msg/detail/tracked_cone_array__rosidl_typesupport_fastrtps_c.h
[3.245s] -- Symlinking: /home/aiv/ev_ws/perception/install/lidar_interfaces/include/lidar_interfaces/lidar_interfaces/msg/rosidl_typesupport_fastrtps_c__visibility_control.h
[3.252s] -- Symlinking: /home/aiv/ev_ws/perception/install/lidar_interfaces/include/lidar_interfaces/lidar_interfaces/msg/detail/cone__rosidl_typesupport_introspection_c.h
[3.257s] -- Symlinking: /home/aiv/ev_ws/perception/install/lidar_interfaces/include/lidar_interfaces/lidar_interfaces/msg/detail/cone_array__rosidl_typesupport_introspection_c.h
[3.265s] -- Symlinking: /home/aiv/ev_ws/perception/install/lidar_interfaces/include/lidar_interfaces/lidar_interfaces/msg/detail/tracked_cone__rosidl_typesupport_introspection_c.h
[3.271s] -- Symlinking: /home/aiv/ev_ws/perception/install/lidar_interfaces/include/lidar_interfaces/lidar_interfaces/msg/detail/tracked_cone_array__rosidl_typesupport_introspection_c.h
[3.278s] -- Symlinking: /home/aiv/ev_ws/perception/install/lidar_interfaces/include/lidar_interfaces/lidar_interfaces/msg/rosidl_typesupport_introspection_c__visibility_control.h
[3.285s] -- Symlinking: /home/aiv/ev_ws/perception/install/lidar_interfaces/include/lidar_interfaces/lidar_interfaces/msg/cone.hpp
[3.292s] -- Symlinking: /home/aiv/ev_ws/perception/install/lidar_interfaces/include/lidar_interfaces/lidar_interfaces/msg/cone_array.hpp
[3.299s] -- Symlinking: /home/aiv/ev_ws/perception/install/lidar_interfaces/include/lidar_interfaces/lidar_interfaces/msg/detail/cone__builder.hpp
[3.306s] -- Symlinking: /home/aiv/ev_ws/perception/install/lidar_interfaces/include/lidar_interfaces/lidar_interfaces/msg/detail/cone__struct.hpp
[3.314s] -- Symlinking: /home/aiv/ev_ws/perception/install/lidar_interfaces/include/lidar_interfaces/lidar_interfaces/msg/detail/cone__traits.hpp
[3.321s] -- Symlinking: /home/aiv/ev_ws/perception/install/lidar_interfaces/include/lidar_interfaces/lidar_interfaces/msg/detail/cone__type_support.hpp
[3.326s] -- Symlinking: /home/aiv/ev_ws/perception/install/lidar_interfaces/include/lidar_interfaces/lidar_interfaces/msg/detail/cone_array__builder.hpp
[3.333s] -- Symlinking: /home/aiv/ev_ws/perception/install/lidar_interfaces/include/lidar_interfaces/lidar_interfaces/msg/detail/cone_array__struct.hpp
[3.341s] -- Symlinking: /home/aiv/ev_ws/perception/install/lidar_interfaces/include/lidar_interfaces/lidar_interfaces/msg/detail/cone_array__traits.hpp
[3.348s] -- Symlinking: /home/aiv/ev_ws/perception/install/lidar_interfaces/include/lidar_interfaces/lidar_interfaces/msg/detail/cone_array__type_support.hpp
[3.354s] -- Symlinking: /home/aiv/ev_ws/perception/install/lidar_interfaces/include/lidar_interfaces/lidar_interfaces/msg/detail/tracked_cone__builder.hpp
[3.363s] -- Symlinking: /home/aiv/ev_ws/perception/install/lidar_interfaces/include/lidar_interfaces/lidar_interfaces/msg/detail/tracked_cone__struct.hpp
[3.371s] -- Symlinking: /home/aiv/ev_ws/perception/install/lidar_interfaces/include/lidar_interfaces/lidar_interfaces/msg/detail/tracked_cone__traits.hpp
[3.378s] -- Symlinking: /home/aiv/ev_ws/perception/install/lidar_interfaces/include/lidar_interfaces/lidar_interfaces/msg/detail/tracked_cone__type_support.hpp
[3.386s] -- Symlinking: /home/aiv/ev_ws/perception/install/lidar_interfaces/include/lidar_interfaces/lidar_interfaces/msg/detail/tracked_cone_array__builder.hpp
[3.394s] -- Symlinking: /home/aiv/ev_ws/perception/install/lidar_interfaces/include/lidar_interfaces/lidar_interfaces/msg/detail/tracked_cone_array__struct.hpp
[3.401s] -- Symlinking: /home/aiv/ev_ws/perception/install/lidar_interfaces/include/lidar_interfaces/lidar_interfaces/msg/detail/tracked_cone_array__traits.hpp
[3.409s] -- Symlinking: /home/aiv/ev_ws/perception/install/lidar_interfaces/include/lidar_interfaces/lidar_interfaces/msg/detail/tracked_cone_array__type_support.hpp
[3.417s] -- Symlinking: /home/aiv/ev_ws/perception/install/lidar_interfaces/include/lidar_interfaces/lidar_interfaces/msg/rosidl_generator_cpp__visibility_control.hpp
[3.423s] -- Symlinking: /home/aiv/ev_ws/perception/install/lidar_interfaces/include/lidar_interfaces/lidar_interfaces/msg/tracked_cone.hpp
[3.431s] -- Symlinking: /home/aiv/ev_ws/perception/install/lidar_interfaces/include/lidar_interfaces/lidar_interfaces/msg/tracked_cone_array.hpp
[3.439s] -- Symlinking: /home/aiv/ev_ws/perception/install/lidar_interfaces/include/lidar_interfaces/lidar_interfaces/msg/detail/cone__rosidl_typesupport_fastrtps_cpp.hpp
[3.447s] -- Symlinking: /home/aiv/ev_ws/perception/install/lidar_interfaces/include/lidar_interfaces/lidar_interfaces/msg/detail/cone_array__rosidl_typesupport_fastrtps_cpp.hpp
[3.454s] -- Symlinking: /home/aiv/ev_ws/perception/install/lidar_interfaces/include/lidar_interfaces/lidar_interfaces/msg/detail/tracked_cone__rosidl_typesupport_fastrtps_cpp.hpp
[3.462s] -- Symlinking: /home/aiv/ev_ws/perception/install/lidar_interfaces/include/lidar_interfaces/lidar_interfaces/msg/detail/tracked_cone_array__rosidl_typesupport_fastrtps_cpp.hpp
[3.469s] -- Symlinking: /home/aiv/ev_ws/perception/install/lidar_interfaces/include/lidar_interfaces/lidar_interfaces/msg/rosidl_typesupport_fastrtps_cpp__visibility_control.h
[3.477s] -- Symlinking: /home/aiv/ev_ws/perception/install/lidar_interfaces/include/lidar_interfaces/lidar_interfaces/msg/detail/cone__rosidl_typesupport_introspection_cpp.hpp
[3.485s] -- Symlinking: /home/aiv/ev_ws/perception/install/lidar_interfaces/include/lidar_interfaces/lidar_interfaces/msg/detail/cone_array__rosidl_typesupport_introspection_cpp.hpp
[3.492s] -- Symlinking: /home/aiv/ev_ws/perception/install/lidar_interfaces/include/lidar_interfaces/lidar_interfaces/msg/detail/tracked_cone__rosidl_typesupport_introspection_cpp.hpp
[3.500s] -- Symlinking: /home/aiv/ev_ws/perception/install/lidar_interfaces/include/lidar_interfaces/lidar_interfaces/msg/detail/tracked_cone_array__rosidl_typesupport_introspection_cpp.hpp
[3.506s] -- Symlinking: /home/aiv/ev_ws/perception/install/lidar_interfaces/share/lidar_interfaces/environment/pythonpath.sh
[3.512s] -- Symlinking: /home/aiv/ev_ws/perception/install/lidar_interfaces/share/lidar_interfaces/environment/pythonpath.dsv
[3.520s] -- Symlinking: /home/aiv/ev_ws/perception/install/lidar_interfaces/local/lib/python3.10/dist-packages/lidar_interfaces-0.0.0-py3.10.egg-info/PKG-INFO
[3.528s] -- Symlinking: /home/aiv/ev_ws/perception/install/lidar_interfaces/local/lib/python3.10/dist-packages/lidar_interfaces-0.0.0-py3.10.egg-info/SOURCES.txt
[3.533s] -- Symlinking: /home/aiv/ev_ws/perception/install/lidar_interfaces/local/lib/python3.10/dist-packages/lidar_interfaces-0.0.0-py3.10.egg-info/dependency_links.txt
[3.540s] -- Symlinking: /home/aiv/ev_ws/perception/install/lidar_interfaces/local/lib/python3.10/dist-packages/lidar_interfaces-0.0.0-py3.10.egg-info/top_level.txt
[3.546s] -- Symlinking: /home/aiv/ev_ws/perception/install/lidar_interfaces/local/lib/python3.10/dist-packages/lidar_interfaces/__init__.py
[3.552s] -- Symlinking: /home/aiv/ev_ws/perception/install/lidar_interfaces/local/lib/python3.10/dist-packages/lidar_interfaces/_lidar_interfaces_s.ep.rosidl_typesupport_c.c
[3.559s] -- Symlinking: /home/aiv/ev_ws/perception/install/lidar_interfaces/local/lib/python3.10/dist-packages/lidar_interfaces/_lidar_interfaces_s.ep.rosidl_typesupport_fastrtps_c.c
[3.565s] -- Symlinking: /home/aiv/ev_ws/perception/install/lidar_interfaces/local/lib/python3.10/dist-packages/lidar_interfaces/_lidar_interfaces_s.ep.rosidl_typesupport_introspection_c.c
[3.573s] -- Symlinking: /home/aiv/ev_ws/perception/install/lidar_interfaces/local/lib/python3.10/dist-packages/lidar_interfaces/liblidar_interfaces__rosidl_generator_py.so
[3.580s] -- Symlinking: /home/aiv/ev_ws/perception/install/lidar_interfaces/local/lib/python3.10/dist-packages/lidar_interfaces/lidar_interfaces_s__rosidl_typesupport_c.cpython-310-x86_64-linux-gnu.so
[3.587s] -- Symlinking: /home/aiv/ev_ws/perception/install/lidar_interfaces/local/lib/python3.10/dist-packages/lidar_interfaces/lidar_interfaces_s__rosidl_typesupport_fastrtps_c.cpython-310-x86_64-linux-gnu.so
[3.594s] -- Symlinking: /home/aiv/ev_ws/perception/install/lidar_interfaces/local/lib/python3.10/dist-packages/lidar_interfaces/lidar_interfaces_s__rosidl_typesupport_introspection_c.cpython-310-x86_64-linux-gnu.so
[3.599s] -- Symlinking: /home/aiv/ev_ws/perception/install/lidar_interfaces/local/lib/python3.10/dist-packages/lidar_interfaces/msg/__init__.py
[3.607s] -- Symlinking: /home/aiv/ev_ws/perception/install/lidar_interfaces/local/lib/python3.10/dist-packages/lidar_interfaces/msg/_cone.py
[3.615s] -- Symlinking: /home/aiv/ev_ws/perception/install/lidar_interfaces/local/lib/python3.10/dist-packages/lidar_interfaces/msg/_cone_array.py
[3.621s] -- Symlinking: /home/aiv/ev_ws/perception/install/lidar_interfaces/local/lib/python3.10/dist-packages/lidar_interfaces/msg/_cone_array_s.c
[3.628s] -- Symlinking: /home/aiv/ev_ws/perception/install/lidar_interfaces/local/lib/python3.10/dist-packages/lidar_interfaces/msg/_cone_s.c
[3.634s] -- Symlinking: /home/aiv/ev_ws/perception/install/lidar_interfaces/local/lib/python3.10/dist-packages/lidar_interfaces/msg/_tracked_cone.py
[3.642s] -- Symlinking: /home/aiv/ev_ws/perception/install/lidar_interfaces/local/lib/python3.10/dist-packages/lidar_interfaces/msg/_tracked_cone_array.py
[3.649s] -- Symlinking: /home/aiv/ev_ws/perception/install/lidar_interfaces/local/lib/python3.10/dist-packages/lidar_interfaces/msg/_tracked_cone_array_s.c
[3.656s] -- Symlinking: /home/aiv/ev_ws/perception/install/lidar_interfaces/local/lib/python3.10/dist-packages/lidar_interfaces/msg/_tracked_cone_s.c
[3.661s] -- Up-to-date symlink: /home/aiv/ev_ws/perception/install/lidar_interfaces/local/lib/python3.10/dist-packages/lidar_interfaces/lidar_interfaces_s__rosidl_typesupport_fastrtps_c.cpython-310-x86_64-linux-gnu.so
[3.662s] -- Up-to-date symlink: /home/aiv/ev_ws/perception/install/lidar_interfaces/local/lib/python3.10/dist-packages/lidar_interfaces/lidar_interfaces_s__rosidl_typesupport_introspection_c.cpython-310-x86_64-linux-gnu.so
[3.662s] -- Up-to-date symlink: /home/aiv/ev_ws/perception/install/lidar_interfaces/local/lib/python3.10/dist-packages/lidar_interfaces/lidar_interfaces_s__rosidl_typesupport_c.cpython-310-x86_64-linux-gnu.so
[3.662s] -- Symlinking: /home/aiv/ev_ws/perception/install/lidar_interfaces/share/lidar_interfaces/msg/Cone.idl
[3.670s] -- Symlinking: /home/aiv/ev_ws/perception/install/lidar_interfaces/share/lidar_interfaces/msg/ConeArray.idl
[3.678s] -- Symlinking: /home/aiv/ev_ws/perception/install/lidar_interfaces/share/lidar_interfaces/msg/TrackedCone.idl
[3.685s] -- Symlinking: /home/aiv/ev_ws/perception/install/lidar_interfaces/share/lidar_interfaces/msg/TrackedConeArray.idl
[3.690s] -- Symlinking: /home/aiv/ev_ws/perception/install/lidar_interfaces/share/lidar_interfaces/msg/Cone.msg
[3.696s] -- Symlinking: /home/aiv/ev_ws/perception/install/lidar_interfaces/share/lidar_interfaces/msg/ConeArray.msg
[3.703s] -- Symlinking: /home/aiv/ev_ws/perception/install/lidar_interfaces/share/lidar_interfaces/msg/TrackedCone.msg
[3.709s] -- Symlinking: /home/aiv/ev_ws/perception/install/lidar_interfaces/share/lidar_interfaces/msg/TrackedConeArray.msg
[3.717s] -- Symlinking: /home/aiv/ev_ws/perception/install/lidar_interfaces/share/ament_index/resource_index/package_run_dependencies/lidar_interfaces
[3.723s] -- Symlinking: /home/aiv/ev_ws/perception/install/lidar_interfaces/share/ament_index/resource_index/parent_prefix_path/lidar_interfaces
[3.731s] -- Symlinking: /home/aiv/ev_ws/perception/install/lidar_interfaces/share/lidar_interfaces/environment/ament_prefix_path.sh
[3.739s] -- Symlinking: /home/aiv/ev_ws/perception/install/lidar_interfaces/share/lidar_interfaces/environment/ament_prefix_path.dsv
[3.745s] -- Symlinking: /home/aiv/ev_ws/perception/install/lidar_interfaces/share/lidar_interfaces/environment/path.sh
[3.753s] -- Symlinking: /home/aiv/ev_ws/perception/install/lidar_interfaces/share/lidar_interfaces/environment/path.dsv
[3.761s] -- Symlinking: /home/aiv/ev_ws/perception/install/lidar_interfaces/share/lidar_interfaces/local_setup.bash
[3.768s] -- Symlinking: /home/aiv/ev_ws/perception/install/lidar_interfaces/share/lidar_interfaces/local_setup.sh
[3.776s] -- Symlinking: /home/aiv/ev_ws/perception/install/lidar_interfaces/share/lidar_interfaces/local_setup.zsh
[3.783s] -- Symlinking: /home/aiv/ev_ws/perception/install/lidar_interfaces/share/lidar_interfaces/local_setup.dsv
[3.791s] -- Symlinking: /home/aiv/ev_ws/perception/install/lidar_interfaces/share/lidar_interfaces/package.dsv
[3.797s] -- Symlinking: /home/aiv/ev_ws/perception/install/lidar_interfaces/share/ament_index/resource_index/packages/lidar_interfaces
[3.805s] -- Symlinking: /home/aiv/ev_ws/perception/install/lidar_interfaces/share/lidar_interfaces/cmake/rosidl_cmake-extras.cmake
[3.813s] -- Symlinking: /home/aiv/ev_ws/perception/install/lidar_interfaces/share/lidar_interfaces/cmake/ament_cmake_export_dependencies-extras.cmake
[3.820s] -- Symlinking: /home/aiv/ev_ws/perception/install/lidar_interfaces/share/lidar_interfaces/cmake/ament_cmake_export_include_directories-extras.cmake
[3.827s] -- Symlinking: /home/aiv/ev_ws/perception/install/lidar_interfaces/share/lidar_interfaces/cmake/ament_cmake_export_libraries-extras.cmake
[3.835s] -- Symlinking: /home/aiv/ev_ws/perception/install/lidar_interfaces/share/lidar_interfaces/cmake/ament_cmake_export_targets-extras.cmake
[3.843s] -- Symlinking: /home/aiv/ev_ws/perception/install/lidar_interfaces/share/lidar_interfaces/cmake/rosidl_cmake_export_typesupport_targets-extras.cmake
[3.848s] -- Symlinking: /home/aiv/ev_ws/perception/install/lidar_interfaces/share/lidar_interfaces/cmake/rosidl_cmake_export_typesupport_libraries-extras.cmake
[3.855s] -- Symlinking: /home/aiv/ev_ws/perception/install/lidar_interfaces/share/lidar_interfaces/cmake/lidar_interfacesConfig.cmake
[3.860s] -- Symlinking: /home/aiv/ev_ws/perception/install/lidar_interfaces/share/lidar_interfaces/cmake/lidar_interfacesConfig-version.cmake
[3.868s] -- Symlinking: /home/aiv/ev_ws/perception/install/lidar_interfaces/share/lidar_interfaces/package.xml
[3.876s] -- Installing: /home/aiv/ev_ws/perception/install/lidar_interfaces/lib/liblidar_interfaces__rosidl_generator_c.so
[3.876s] -- Set runtime path of "/home/aiv/ev_ws/perception/install/lidar_interfaces/lib/liblidar_interfaces__rosidl_generator_c.so" to ""
[3.876s] -- Installing: /home/aiv/ev_ws/perception/install/lidar_interfaces/lib/liblidar_interfaces__rosidl_typesupport_fastrtps_c.so
[3.876s] -- Set runtime path of "/home/aiv/ev_ws/perception/install/lidar_interfaces/lib/liblidar_interfaces__rosidl_typesupport_fastrtps_c.so" to ""
[3.876s] -- Installing: /home/aiv/ev_ws/perception/install/lidar_interfaces/lib/liblidar_interfaces__rosidl_typesupport_introspection_c.so
[3.877s] -- Set runtime path of "/home/aiv/ev_ws/perception/install/lidar_interfaces/lib/liblidar_interfaces__rosidl_typesupport_introspection_c.so" to ""
[3.877s] -- Installing: /home/aiv/ev_ws/perception/install/lidar_interfaces/lib/liblidar_interfaces__rosidl_typesupport_c.so
[3.877s] -- Set runtime path of "/home/aiv/ev_ws/perception/install/lidar_interfaces/lib/liblidar_interfaces__rosidl_typesupport_c.so" to ""
[3.877s] -- Installing: /home/aiv/ev_ws/perception/install/lidar_interfaces/lib/liblidar_interfaces__rosidl_typesupport_fastrtps_cpp.so
[3.877s] -- Set runtime path of "/home/aiv/ev_ws/perception/install/lidar_interfaces/lib/liblidar_interfaces__rosidl_typesupport_fastrtps_cpp.so" to ""
[3.877s] -- Installing: /home/aiv/ev_ws/perception/install/lidar_interfaces/lib/liblidar_interfaces__rosidl_typesupport_introspection_cpp.so
[3.878s] -- Set runtime path of "/home/aiv/ev_ws/perception/install/lidar_interfaces/lib/liblidar_interfaces__rosidl_typesupport_introspection_cpp.so" to ""
[3.878s] -- Installing: /home/aiv/ev_ws/perception/install/lidar_interfaces/lib/liblidar_interfaces__rosidl_typesupport_cpp.so
[3.878s] -- Set runtime path of "/home/aiv/ev_ws/perception/install/lidar_interfaces/lib/liblidar_interfaces__rosidl_typesupport_cpp.so" to ""
[3.903s] Listing '/home/aiv/ev_ws/perception/install/lidar_interfaces/local/lib/python3.10/dist-packages/lidar_interfaces'...
[3.903s] Compiling '/home/aiv/ev_ws/perception/install/lidar_interfaces/local/lib/python3.10/dist-packages/lidar_interfaces/__init__.py'...
[3.903s] Listing '/home/aiv/ev_ws/perception/install/lidar_interfaces/local/lib/python3.10/dist-packages/lidar_interfaces/msg'...
[3.903s] Compiling '/home/aiv/ev_ws/perception/install/lidar_interfaces/local/lib/python3.10/dist-packages/lidar_interfaces/msg/__init__.py'...
[3.903s] Compiling '/home/aiv/ev_ws/perception/install/lidar_interfaces/local/lib/python3.10/dist-packages/lidar_interfaces/msg/_cone.py'...
[3.903s] Compiling '/home/aiv/ev_ws/perception/install/lidar_interfaces/local/lib/python3.10/dist-packages/lidar_interfaces/msg/_cone_array.py'...
[3.903s] Compiling '/home/aiv/ev_ws/perception/install/lidar_interfaces/local/lib/python3.10/dist-packages/lidar_interfaces/msg/_tracked_cone.py'...
[3.903s] Compiling '/home/aiv/ev_ws/perception/install/lidar_interfaces/local/lib/python3.10/dist-packages/lidar_interfaces/msg/_tracked_cone_array.py'...
[3.906s] -- Installing: /home/aiv/ev_ws/perception/install/lidar_interfaces/lib/liblidar_interfaces__rosidl_generator_py.so
[3.906s] -- Set runtime path of "/home/aiv/ev_ws/perception/install/lidar_interfaces/lib/liblidar_interfaces__rosidl_generator_py.so" to ""
[3.906s] -- Installing: /home/aiv/ev_ws/perception/install/lidar_interfaces/share/lidar_interfaces/cmake/export_lidar_interfaces__rosidl_generator_cExport.cmake
[3.906s] -- Installing: /home/aiv/ev_ws/perception/install/lidar_interfaces/share/lidar_interfaces/cmake/export_lidar_interfaces__rosidl_generator_cExport-noconfig.cmake
[3.906s] -- Installing: /home/aiv/ev_ws/perception/install/lidar_interfaces/share/lidar_interfaces/cmake/export_lidar_interfaces__rosidl_typesupport_fastrtps_cExport.cmake
[3.906s] -- Installing: /home/aiv/ev_ws/perception/install/lidar_interfaces/share/lidar_interfaces/cmake/export_lidar_interfaces__rosidl_typesupport_fastrtps_cExport-noconfig.cmake
[3.907s] -- Installing: /home/aiv/ev_ws/perception/install/lidar_interfaces/share/lidar_interfaces/cmake/lidar_interfaces__rosidl_typesupport_introspection_cExport.cmake
[3.907s] -- Installing: /home/aiv/ev_ws/perception/install/lidar_interfaces/share/lidar_interfaces/cmake/lidar_interfaces__rosidl_typesupport_introspection_cExport-noconfig.cmake
[3.907s] -- Installing: /home/aiv/ev_ws/perception/install/lidar_interfaces/share/lidar_interfaces/cmake/lidar_interfaces__rosidl_typesupport_cExport.cmake
[3.907s] -- Installing: /home/aiv/ev_ws/perception/install/lidar_interfaces/share/lidar_interfaces/cmake/lidar_interfaces__rosidl_typesupport_cExport-noconfig.cmake
[3.907s] -- Installing: /home/aiv/ev_ws/perception/install/lidar_interfaces/share/lidar_interfaces/cmake/export_lidar_interfaces__rosidl_generator_cppExport.cmake
[3.907s] -- Installing: /home/aiv/ev_ws/perception/install/lidar_interfaces/share/lidar_interfaces/cmake/export_lidar_interfaces__rosidl_typesupport_fastrtps_cppExport.cmake
[3.907s] -- Installing: /home/aiv/ev_ws/perception/install/lidar_interfaces/share/lidar_interfaces/cmake/export_lidar_interfaces__rosidl_typesupport_fastrtps_cppExport-noconfig.cmake
[3.907s] -- Installing: /home/aiv/ev_ws/perception/install/lidar_interfaces/share/lidar_interfaces/cmake/lidar_interfaces__rosidl_typesupport_introspection_cppExport.cmake
[3.907s] -- Installing: /home/aiv/ev_ws/perception/install/lidar_interfaces/share/lidar_interfaces/cmake/lidar_interfaces__rosidl_typesupport_introspection_cppExport-noconfig.cmake
[3.907s] -- Installing: /home/aiv/ev_ws/perception/install/lidar_interfaces/share/lidar_interfaces/cmake/lidar_interfaces__rosidl_typesupport_cppExport.cmake
[3.907s] -- Installing: /home/aiv/ev_ws/perception/install/lidar_interfaces/share/lidar_interfaces/cmake/lidar_interfaces__rosidl_typesupport_cppExport-noconfig.cmake
[3.907s] -- Installing: /home/aiv/ev_ws/perception/install/lidar_interfaces/share/lidar_interfaces/cmake/export_lidar_interfaces__rosidl_generator_pyExport.cmake
[3.907s] -- Installing: /home/aiv/ev_ws/perception/install/lidar_interfaces/share/lidar_interfaces/cmake/export_lidar_interfaces__rosidl_generator_pyExport-noconfig.cmake
[3.909s] Invoked command in '/home/aiv/ev_ws/perception/build/lidar_interfaces' returned '0': CMAKE_PREFIX_PATH=${CMAKE_PREFIX_PATH}:/opt/ros/humble /usr/bin/cmake --install /home/aiv/ev_ws/perception/build/lidar_interfaces
