[0.000000] (-) TimerEvent: {}
[0.000129] (-) JobUnselected: {'identifier': 'track_msgs'}
[0.000364] (track_planning) JobQueued: {'identifier': 'track_planning', 'dependencies': OrderedDict([('track_msgs', '/home/aiv/ev_ws/planning/install/track_msgs')])}
[0.000454] (track_planning) JobStarted: {'identifier': 'track_planning'}
[0.007650] (track_planning) JobProgress: {'identifier': 'track_planning', 'progress': 'cmake'}
[0.008084] (track_planning) JobProgress: {'identifier': 'track_planning', 'progress': 'build'}
[0.008625] (track_planning) Command: {'cmd': ['/usr/bin/cmake', '--build', '/home/aiv/ev_ws/planning/build/track_planning', '--', '-j28', '-l28'], 'cwd': '/home/aiv/ev_ws/planning/build/track_planning', 'env': OrderedDict([('GJS_DEBUG_TOPICS', 'JS ERROR;JS LOG'), ('USER', 'aiv'), ('CLAUDE_CODE_ENTRYPOINT', 'cli'), ('LC_TIME', 'ko_KR.UTF-8'), ('GIT_EDITOR', 'true'), ('XDG_SESSION_TYPE', 'x11'), ('SHLVL', '2'), ('LD_LIBRARY_PATH', '/home/aiv/ev_ws/planning/install/track_msgs/lib:/usr/local/cuda-12.6/lib64:/usr/local/cuda-12.6/lib64:/home/aiv/ev_ws/erp42_ros/install/erp42_serial/lib:/home/aiv/ev_ws/erp42_ros/install/erp42_rqt_plugin/lib:/home/aiv/ev_ws/erp42_ros/install/erp42_gazebo/lib:/home/aiv/ev_ws/erp42_ros/install/erp42_util/lib:/home/aiv/ev_ws/erp42_ros/install/erp42_msgs/lib:/home/aiv/ev_ws/perception/install/velodyne_pointcloud/lib:/home/aiv/ev_ws/perception/install/velodyne_driver/lib:/home/aiv/ev_ws/perception/install/velodyne_msgs/lib:/home/aiv/ev_ws/perception/install/velodyne_laserscan/lib:/home/aiv/ev_ws/perception/install/velodyne_cropbox/lib:/home/aiv/ev_ws/perception/install/patchworkpp/lib:/home/aiv/ev_ws/perception/install/lidar_voxel_grid/lib:/home/aiv/ev_ws/perception/install/lidar_interfaces/lib:/home/aiv/ev_ws/perception/install/dbscan_clustering/lib:/home/aiv/ev_ws/perception/install/cluster_splitter/lib:/usr/lib/x86_64-linux-gnu/gazebo-11/plugins:/opt/ros/humble/opt/rviz_ogre_vendor/lib:/opt/ros/humble/lib/x86_64-linux-gnu:/opt/ros/humble/lib:/usr/local/cuda-12.6/lib64'), ('HOME', '/home/aiv'), ('OLDPWD', '/home/aiv'), ('DESKTOP_SESSION', 'ubuntu'), ('NVM_BIN', '/home/aiv/.nvm/versions/node/v24.13.0/bin'), ('NVM_INC', '/home/aiv/.nvm/versions/node/v24.13.0/include/node'), ('GIO_LAUNCHED_DESKTOP_FILE', '/usr/share/applications/terminator.desktop'), ('ROS_PYTHON_VERSION', '3'), ('GNOME_SHELL_SESSION_MODE', 'ubuntu'), ('GTK_MODULES', 'gail:atk-bridge'), ('LC_MONETARY', 'ko_KR.UTF-8'), ('MANAGERPID', '2074'), ('SYSTEMD_EXEC_PID', '2584'), ('DBUS_SESSION_BUS_ADDRESS', 'unix:path=/run/user/1000/bus'), ('COLORTERM', 'truecolor'), ('TERMINATOR_DBUS_NAME', 'net.tenshu.Terminator23558193cd9818af7fe4d2c2f5bd9d00f'), ('GIO_LAUNCHED_DESKTOP_FILE_PID', '7953'), ('NVM_DIR', '/home/aiv/.nvm'), ('COLCON_PREFIX_PATH', '/home/aiv/ev_ws/perception/install:/home/aiv/ev_ws/carsa_gazebo/install:/home/aiv/ev_ws/erp42_ros/install'), ('ROS_DISTRO', 'humble'), ('GTK_IM_MODULE', 'ibus'), ('LOGNAME', 'aiv'), ('JOURNAL_STREAM', '8:15731'), ('_', '/usr/bin/colcon'), ('ROS_VERSION', '2'), ('XDG_SESSION_CLASS', 'user'), ('USERNAME', 'aiv'), ('TERM', 'xterm-256color'), ('OTEL_EXPORTER_OTLP_METRICS_TEMPORALITY_PREFERENCE', 'delta'), ('GNOME_DESKTOP_SESSION_ID', 'this-is-deprecated'), ('ROS_LOCALHOST_ONLY', '0'), ('WINDOWPATH', '2'), ('PATH', '/usr/local/cuda-12.6/bin:/home/aiv/.local/bin:/opt/ros/humble/bin:/home/aiv/.nvm/versions/node/v24.13.0/bin:/usr/local/cuda-12.6/bin:/usr/local/sbin:/usr/local/bin:/usr/sbin:/usr/bin:/sbin:/bin:/usr/games:/usr/local/games:/snap/bin:/snap/bin'), ('SESSION_MANAGER', 'local/aiv:@/tmp/.ICE-unix/2556,unix/aiv:/tmp/.ICE-unix/2556'), ('INVOCATION_ID', '1e48b71c64b846adb5029138dd925edc'), ('COREPACK_ENABLE_AUTO_PIN', '0'), ('XDG_MENU_PREFIX', 'gnome-'), ('LC_ADDRESS', 'ko_KR.UTF-8'), ('XDG_RUNTIME_DIR', '/run/user/1000'), ('DISPLAY', ':1'), ('TERMINATOR_DBUS_PATH', '/net/tenshu/Terminator2'), ('NoDefaultCurrentDirectoryInExePath', '1'), ('LANG', 'en_US.UTF-8'), ('XDG_CURRENT_DESKTOP', 'ubuntu:GNOME'), ('IBUS_DISABLE_SNOOPER', '1'), ('LC_TELEPHONE', 'ko_KR.UTF-8'), ('XMODIFIERS', '@im=ibus'), ('XDG_SESSION_DESKTOP', 'ubuntu'), ('XAUTHORITY', '/run/user/1000/gdm/Xauthority'), ('SSH_AGENT_LAUNCHER', 'gnome-keyring'), ('SSH_AUTH_SOCK', '/run/user/1000/keyring/ssh'), ('AMENT_PREFIX_PATH', '/home/aiv/ev_ws/planning/install/track_msgs:/home/aiv/ev_ws/carsa_gazebo/install/carsa_gazebo:/home/aiv/ev_ws/erp42_ros/install/erp42_serial:/home/aiv/ev_ws/erp42_ros/install/erp42_rqt_plugin:/home/aiv/ev_ws/erp42_ros/install/erp42_gazebo:/home/aiv/ev_ws/erp42_ros/install/erp42_util:/home/aiv/ev_ws/erp42_ros/install/erp42_msgs:/home/aiv/ev_ws/erp42_ros/install/erp42_description:/home/aiv/ev_ws/erp42_ros/install/erp42_cmake:/home/aiv/ev_ws/perception/install/velodyne:/home/aiv/ev_ws/perception/install/lidar_launch:/home/aiv/ev_ws/perception/install/velodyne_pointcloud:/home/aiv/ev_ws/perception/install/velodyne_driver:/home/aiv/ev_ws/perception/install/velodyne_msgs:/home/aiv/ev_ws/perception/install/velodyne_laserscan:/home/aiv/ev_ws/perception/install/velodyne_cropbox:/home/aiv/ev_ws/perception/install/patchworkpp:/home/aiv/ev_ws/perception/install/lidar_voxel_grid:/home/aiv/ev_ws/perception/install/lidar_interfaces:/home/aiv/ev_ws/perception/install/dbscan_clustering:/home/aiv/ev_ws/perception/install/cluster_splitter:/opt/ros/humble'), ('SHELL', '/bin/bash'), ('LC_NAME', 'ko_KR.UTF-8'), ('TERMINATOR_UUID', 'urn:uuid:8a5ea92a-2740-47e4-b74e-c567117d0d1a'), ('QT_ACCESSIBILITY', '1'), ('GDMSESSION', 'ubuntu'), ('CLAUDECODE', '1'), ('LC_MEASUREMENT', 'ko_KR.UTF-8'), ('GPG_AGENT_INFO', '/run/user/1000/gnupg/S.gpg-agent:0:1'), ('GJS_DEBUG_OUTPUT', 'stderr'), ('LC_IDENTIFICATION', 'ko_KR.UTF-8'), ('QT_IM_MODULE', 'ibus'), ('PWD', '/home/aiv/ev_ws/planning/build/track_planning'), ('LC_ALL', 'en_US.UTF-8'), ('XDG_CONFIG_DIRS', '/etc/xdg/xdg-ubuntu:/etc/xdg'), ('NVM_CD_FLAGS', ''), ('XDG_DATA_DIRS', '/usr/share/ubuntu:/usr/share/gnome:/usr/local/share/:/usr/share/:/var/lib/snapd/desktop'), ('PYTHONPATH', '/home/aiv/ev_ws/planning/install/track_msgs/local/lib/python3.10/dist-packages:/home/aiv/ev_ws/erp42_ros/install/erp42_msgs/local/lib/python3.10/dist-packages:/home/aiv/ev_ws/perception/install/velodyne_msgs/local/lib/python3.10/dist-packages:/home/aiv/ev_ws/perception/install/lidar_interfaces/local/lib/python3.10/dist-packages:/opt/ros/humble/lib/python3.10/site-packages:/opt/ros/humble/local/lib/python3.10/dist-packages'), ('LC_NUMERIC', 'ko_KR.UTF-8'), ('LC_PAPER', 'ko_KR.UTF-8'), ('COLCON', '1'), ('VTE_VERSION', '6800'), ('EDITOR', 'code --wait'), ('CMAKE_PREFIX_PATH', '/home/aiv/ev_ws/planning/install/track_msgs:/home/aiv/ev_ws/carsa_gazebo/install/carsa_gazebo:/home/aiv/ev_ws/erp42_ros/install/erp42_serial:/home/aiv/ev_ws/erp42_ros/install/erp42_rqt_plugin:/home/aiv/ev_ws/erp42_ros/install/erp42_gazebo:/home/aiv/ev_ws/erp42_ros/install/erp42_util:/home/aiv/ev_ws/erp42_ros/install/erp42_msgs:/home/aiv/ev_ws/erp42_ros/install/erp42_description:/home/aiv/ev_ws/erp42_ros/install/erp42_cmake:/home/aiv/ev_ws/perception/install/velodyne:/home/aiv/ev_ws/perception/install/lidar_launch:/home/aiv/ev_ws/perception/install/velodyne_pointcloud:/home/aiv/ev_ws/perception/install/velodyne_driver:/home/aiv/ev_ws/perception/install/velodyne_msgs:/home/aiv/ev_ws/perception/install/velodyne_laserscan:/home/aiv/ev_ws/perception/install/velodyne_cropbox:/home/aiv/ev_ws/perception/install/patchworkpp:/home/aiv/ev_ws/perception/install/lidar_voxel_grid:/home/aiv/ev_ws/perception/install/lidar_interfaces:/home/aiv/ev_ws/perception/install/dbscan_clustering:/home/aiv/ev_ws/perception/install/cluster_splitter:/opt/ros/humble')]), 'shell': False}
[0.026459] (track_planning) StdoutLine: {'line': b'-- Found ament_cmake: 1.3.12 (/opt/ros/humble/share/ament_cmake/cmake)\n'}
[0.095363] (track_planning) StdoutLine: {'line': b'-- Found rclcpp: 16.0.17 (/opt/ros/humble/share/rclcpp/cmake)\n'}
[0.099845] (-) TimerEvent: {}
[0.110325] (track_planning) StdoutLine: {'line': b'-- Found rosidl_generator_c: 3.1.8 (/opt/ros/humble/share/rosidl_generator_c/cmake)\n'}
[0.111468] (track_planning) StdoutLine: {'line': b'-- Found rosidl_adapter: 3.1.8 (/opt/ros/humble/share/rosidl_adapter/cmake)\n'}
[0.114620] (track_planning) StdoutLine: {'line': b'-- Found rosidl_generator_cpp: 3.1.8 (/opt/ros/humble/share/rosidl_generator_cpp/cmake)\n'}
[0.119655] (track_planning) StdoutLine: {'line': b'-- Using all available rosidl_typesupport_c: rosidl_typesupport_fastrtps_c;rosidl_typesupport_introspection_c\n'}
[0.126082] (track_planning) StdoutLine: {'line': b'-- Using all available rosidl_typesupport_cpp: rosidl_typesupport_fastrtps_cpp;rosidl_typesupport_introspection_cpp\n'}
[0.142626] (track_planning) StdoutLine: {'line': b'-- Found rmw_implementation_cmake: 6.1.2 (/opt/ros/humble/share/rmw_implementation_cmake/cmake)\n'}
[0.143591] (track_planning) StdoutLine: {'line': b'-- Found rmw_fastrtps_cpp: 6.2.9 (/opt/ros/humble/share/rmw_fastrtps_cpp/cmake)\n'}
[0.200012] (-) TimerEvent: {}
[0.203521] (track_planning) StdoutLine: {'line': b"-- Using RMW implementation 'rmw_fastrtps_cpp' as default\n"}
[0.229803] (track_planning) StdoutLine: {'line': b'-- Found rclcpp_components: 16.0.17 (/opt/ros/humble/share/rclcpp_components/cmake)\n'}
[0.238999] (track_planning) StdoutLine: {'line': b'-- Found nav_msgs: 4.9.0 (/opt/ros/humble/share/nav_msgs/cmake)\n'}
[0.253478] (track_planning) StdoutLine: {'line': b'-- Found visualization_msgs: 4.9.0 (/opt/ros/humble/share/visualization_msgs/cmake)\n'}
[0.273659] (track_planning) StdoutLine: {'line': b'-- Found track_msgs: 0.1.0 (/home/aiv/ev_ws/planning/install/track_msgs/share/track_msgs/cmake)\n'}
[0.286974] (track_planning) StdoutLine: {'line': b'-- Found ament_lint_auto: 0.12.14 (/opt/ros/humble/share/ament_lint_auto/cmake)\n'}
[0.300144] (-) TimerEvent: {}
[0.325641] (track_planning) StdoutLine: {'line': b"-- Added test 'cppcheck' to perform static code analysis on C / C++ code\n"}
[0.325942] (track_planning) StdoutLine: {'line': b'-- Configured cppcheck include dirs: /home/aiv/ev_ws/planning/src/track_planning/include\n'}
[0.326004] (track_planning) StdoutLine: {'line': b'-- Configured cppcheck exclude dirs and/or files: \n'}
[0.326237] (track_planning) StdoutLine: {'line': b"-- Added test 'lint_cmake' to check CMake code style\n"}
[0.327404] (track_planning) StdoutLine: {'line': b"-- Added test 'uncrustify' to check C / C++ code style\n"}
[0.327481] (track_planning) StdoutLine: {'line': b'-- Configured uncrustify additional arguments: \n'}
[0.328152] (track_planning) StdoutLine: {'line': b"-- Added test 'xmllint' to check XML markup files\n"}
[0.328224] (track_planning) StdoutLine: {'line': b'-- Configuring done\n'}
[0.338318] (track_planning) StdoutLine: {'line': b'-- Generating done\n'}
[0.342452] (track_planning) StdoutLine: {'line': b'-- Build files have been written to: /home/aiv/ev_ws/planning/build/track_planning\n'}
[0.363728] (track_planning) StdoutLine: {'line': b'Consolidate compiler generated dependencies of target track_planning_costmap\n'}
[0.365514] (track_planning) StdoutLine: {'line': b'Consolidate compiler generated dependencies of target track_planning_planner\n'}
[0.368446] (track_planning) StdoutLine: {'line': b'Consolidate compiler generated dependencies of target track_planning_corridor\n'}
[0.371863] (track_planning) StdoutLine: {'line': b'[  6%] Building CXX object CMakeFiles/track_planning_postprocess.dir/src/postprocess/path_postprocessor.cpp.o\n'}
[0.374958] (track_planning) StdoutLine: {'line': b'[ 13%] Building CXX object CMakeFiles/track_planning_planner.dir/src/planner/astar_planner.cpp.o\n'}
[0.375495] (track_planning) StdoutLine: {'line': b'[ 20%] Building CXX object CMakeFiles/track_planning_costmap.dir/src/costmap/costmap_validation_builder.cpp.o\n'}
[0.375633] (track_planning) StdoutLine: {'line': b'[ 26%] Building CXX object CMakeFiles/track_planning_costmap.dir/src/costmap/drivable_mask_scanline.cpp.o\n'}
[0.376033] (track_planning) StdoutLine: {'line': b'[ 33%] Building CXX object CMakeFiles/track_planning_costmap.dir/src/costmap/connected_component.cpp.o\n'}
[0.377185] (track_planning) StdoutLine: {'line': b'[ 46%] Building CXX object CMakeFiles/track_planning_corridor.dir/src/corridor/corridor_builder.cpp.o\n'}
[0.377307] (track_planning) StdoutLine: {'line': b'[ 46%] Building CXX object CMakeFiles/track_planning_planner.dir/src/goal/goal_selector.cpp.o\n'}
[0.377392] (track_planning) StdoutLine: {'line': b'[ 53%] Building CXX object CMakeFiles/track_planning_corridor.dir/src/corridor/pair_validator.cpp.o\n'}
[0.377812] (track_planning) StdoutLine: {'line': b'[ 60%] Building CXX object CMakeFiles/track_planning_corridor.dir/src/corridor/centerline_builder.cpp.o\n'}
[0.377929] (track_planning) StdoutLine: {'line': b'[ 66%] Building CXX object CMakeFiles/track_planning_corridor.dir/src/corridor/virtual_boundary.cpp.o\n'}
[0.400257] (-) TimerEvent: {}
[0.500433] (-) TimerEvent: {}
[0.600626] (-) TimerEvent: {}
[0.700800] (-) TimerEvent: {}
[0.713691] (track_planning) StdoutLine: {'line': b'[ 73%] Linking CXX shared library libtrack_planning_postprocess.so\n'}
[0.792470] (track_planning) StdoutLine: {'line': b'[ 73%] Built target track_planning_postprocess\n'}
[0.800877] (-) TimerEvent: {}
[0.901037] (-) TimerEvent: {}
[1.001245] (-) TimerEvent: {}
[1.101419] (-) TimerEvent: {}
[1.201614] (-) TimerEvent: {}
[1.301807] (-) TimerEvent: {}
[1.402003] (-) TimerEvent: {}
[1.502202] (-) TimerEvent: {}
[1.602414] (-) TimerEvent: {}
[1.702634] (-) TimerEvent: {}
[1.802870] (-) TimerEvent: {}
[1.903112] (-) TimerEvent: {}
[2.003382] (-) TimerEvent: {}
[2.103599] (-) TimerEvent: {}
[2.117173] (track_planning) StdoutLine: {'line': b'[ 80%] Linking CXX shared library libtrack_planning_planner.so\n'}
[2.203729] (-) TimerEvent: {}
[2.208870] (track_planning) StdoutLine: {'line': b'[ 86%] Linking CXX shared library libtrack_planning_corridor.so\n'}
[2.209513] (track_planning) StdoutLine: {'line': b'[ 93%] Linking CXX shared library libtrack_planning_costmap.so\n'}
[2.212263] (track_planning) StdoutLine: {'line': b'[ 93%] Built target track_planning_planner\n'}
[2.293616] (track_planning) StdoutLine: {'line': b'[ 93%] Built target track_planning_corridor\n'}
[2.297983] (track_planning) StdoutLine: {'line': b'[100%] Built target track_planning_costmap\n'}
[2.303788] (-) TimerEvent: {}
[2.304837] (track_planning) CommandEnded: {'returncode': 0}
[2.305198] (track_planning) JobProgress: {'identifier': 'track_planning', 'progress': 'install'}
[2.310707] (track_planning) Command: {'cmd': ['/usr/bin/cmake', '--install', '/home/aiv/ev_ws/planning/build/track_planning'], 'cwd': '/home/aiv/ev_ws/planning/build/track_planning', 'env': OrderedDict([('GJS_DEBUG_TOPICS', 'JS ERROR;JS LOG'), ('USER', 'aiv'), ('CLAUDE_CODE_ENTRYPOINT', 'cli'), ('LC_TIME', 'ko_KR.UTF-8'), ('GIT_EDITOR', 'true'), ('XDG_SESSION_TYPE', 'x11'), ('SHLVL', '2'), ('LD_LIBRARY_PATH', '/home/aiv/ev_ws/planning/install/track_msgs/lib:/usr/local/cuda-12.6/lib64:/usr/local/cuda-12.6/lib64:/home/aiv/ev_ws/erp42_ros/install/erp42_serial/lib:/home/aiv/ev_ws/erp42_ros/install/erp42_rqt_plugin/lib:/home/aiv/ev_ws/erp42_ros/install/erp42_gazebo/lib:/home/aiv/ev_ws/erp42_ros/install/erp42_util/lib:/home/aiv/ev_ws/erp42_ros/install/erp42_msgs/lib:/home/aiv/ev_ws/perception/install/velodyne_pointcloud/lib:/home/aiv/ev_ws/perception/install/velodyne_driver/lib:/home/aiv/ev_ws/perception/install/velodyne_msgs/lib:/home/aiv/ev_ws/perception/install/velodyne_laserscan/lib:/home/aiv/ev_ws/perception/install/velodyne_cropbox/lib:/home/aiv/ev_ws/perception/install/patchworkpp/lib:/home/aiv/ev_ws/perception/install/lidar_voxel_grid/lib:/home/aiv/ev_ws/perception/install/lidar_interfaces/lib:/home/aiv/ev_ws/perception/install/dbscan_clustering/lib:/home/aiv/ev_ws/perception/install/cluster_splitter/lib:/usr/lib/x86_64-linux-gnu/gazebo-11/plugins:/opt/ros/humble/opt/rviz_ogre_vendor/lib:/opt/ros/humble/lib/x86_64-linux-gnu:/opt/ros/humble/lib:/usr/local/cuda-12.6/lib64'), ('HOME', '/home/aiv'), ('OLDPWD', '/home/aiv'), ('DESKTOP_SESSION', 'ubuntu'), ('NVM_BIN', '/home/aiv/.nvm/versions/node/v24.13.0/bin'), ('NVM_INC', '/home/aiv/.nvm/versions/node/v24.13.0/include/node'), ('GIO_LAUNCHED_DESKTOP_FILE', '/usr/share/applications/terminator.desktop'), ('ROS_PYTHON_VERSION', '3'), ('GNOME_SHELL_SESSION_MODE', 'ubuntu'), ('GTK_MODULES', 'gail:atk-bridge'), ('LC_MONETARY', 'ko_KR.UTF-8'), ('MANAGERPID', '2074'), ('SYSTEMD_EXEC_PID', '2584'), ('DBUS_SESSION_BUS_ADDRESS', 'unix:path=/run/user/1000/bus'), ('COLORTERM', 'truecolor'), ('TERMINATOR_DBUS_NAME', 'net.tenshu.Terminator23558193cd9818af7fe4d2c2f5bd9d00f'), ('GIO_LAUNCHED_DESKTOP_FILE_PID', '7953'), ('NVM_DIR', '/home/aiv/.nvm'), ('COLCON_PREFIX_PATH', '/home/aiv/ev_ws/perception/install:/home/aiv/ev_ws/carsa_gazebo/install:/home/aiv/ev_ws/erp42_ros/install'), ('ROS_DISTRO', 'humble'), ('GTK_IM_MODULE', 'ibus'), ('LOGNAME', 'aiv'), ('JOURNAL_STREAM', '8:15731'), ('_', '/usr/bin/colcon'), ('ROS_VERSION', '2'), ('XDG_SESSION_CLASS', 'user'), ('USERNAME', 'aiv'), ('TERM', 'xterm-256color'), ('OTEL_EXPORTER_OTLP_METRICS_TEMPORALITY_PREFERENCE', 'delta'), ('GNOME_DESKTOP_SESSION_ID', 'this-is-deprecated'), ('ROS_LOCALHOST_ONLY', '0'), ('WINDOWPATH', '2'), ('PATH', '/usr/local/cuda-12.6/bin:/home/aiv/.local/bin:/opt/ros/humble/bin:/home/aiv/.nvm/versions/node/v24.13.0/bin:/usr/local/cuda-12.6/bin:/usr/local/sbin:/usr/local/bin:/usr/sbin:/usr/bin:/sbin:/bin:/usr/games:/usr/local/games:/snap/bin:/snap/bin'), ('SESSION_MANAGER', 'local/aiv:@/tmp/.ICE-unix/2556,unix/aiv:/tmp/.ICE-unix/2556'), ('INVOCATION_ID', '1e48b71c64b846adb5029138dd925edc'), ('COREPACK_ENABLE_AUTO_PIN', '0'), ('XDG_MENU_PREFIX', 'gnome-'), ('LC_ADDRESS', 'ko_KR.UTF-8'), ('XDG_RUNTIME_DIR', '/run/user/1000'), ('DISPLAY', ':1'), ('TERMINATOR_DBUS_PATH', '/net/tenshu/Terminator2'), ('NoDefaultCurrentDirectoryInExePath', '1'), ('LANG', 'en_US.UTF-8'), ('XDG_CURRENT_DESKTOP', 'ubuntu:GNOME'), ('IBUS_DISABLE_SNOOPER', '1'), ('LC_TELEPHONE', 'ko_KR.UTF-8'), ('XMODIFIERS', '@im=ibus'), ('XDG_SESSION_DESKTOP', 'ubuntu'), ('XAUTHORITY', '/run/user/1000/gdm/Xauthority'), ('SSH_AGENT_LAUNCHER', 'gnome-keyring'), ('SSH_AUTH_SOCK', '/run/user/1000/keyring/ssh'), ('AMENT_PREFIX_PATH', '/home/aiv/ev_ws/planning/install/track_msgs:/home/aiv/ev_ws/carsa_gazebo/install/carsa_gazebo:/home/aiv/ev_ws/erp42_ros/install/erp42_serial:/home/aiv/ev_ws/erp42_ros/install/erp42_rqt_plugin:/home/aiv/ev_ws/erp42_ros/install/erp42_gazebo:/home/aiv/ev_ws/erp42_ros/install/erp42_util:/home/aiv/ev_ws/erp42_ros/install/erp42_msgs:/home/aiv/ev_ws/erp42_ros/install/erp42_description:/home/aiv/ev_ws/erp42_ros/install/erp42_cmake:/home/aiv/ev_ws/perception/install/velodyne:/home/aiv/ev_ws/perception/install/lidar_launch:/home/aiv/ev_ws/perception/install/velodyne_pointcloud:/home/aiv/ev_ws/perception/install/velodyne_driver:/home/aiv/ev_ws/perception/install/velodyne_msgs:/home/aiv/ev_ws/perception/install/velodyne_laserscan:/home/aiv/ev_ws/perception/install/velodyne_cropbox:/home/aiv/ev_ws/perception/install/patchworkpp:/home/aiv/ev_ws/perception/install/lidar_voxel_grid:/home/aiv/ev_ws/perception/install/lidar_interfaces:/home/aiv/ev_ws/perception/install/dbscan_clustering:/home/aiv/ev_ws/perception/install/cluster_splitter:/opt/ros/humble'), ('SHELL', '/bin/bash'), ('LC_NAME', 'ko_KR.UTF-8'), ('TERMINATOR_UUID', 'urn:uuid:8a5ea92a-2740-47e4-b74e-c567117d0d1a'), ('QT_ACCESSIBILITY', '1'), ('GDMSESSION', 'ubuntu'), ('CLAUDECODE', '1'), ('LC_MEASUREMENT', 'ko_KR.UTF-8'), ('GPG_AGENT_INFO', '/run/user/1000/gnupg/S.gpg-agent:0:1'), ('GJS_DEBUG_OUTPUT', 'stderr'), ('LC_IDENTIFICATION', 'ko_KR.UTF-8'), ('QT_IM_MODULE', 'ibus'), ('PWD', '/home/aiv/ev_ws/planning/build/track_planning'), ('LC_ALL', 'en_US.UTF-8'), ('XDG_CONFIG_DIRS', '/etc/xdg/xdg-ubuntu:/etc/xdg'), ('NVM_CD_FLAGS', ''), ('XDG_DATA_DIRS', '/usr/share/ubuntu:/usr/share/gnome:/usr/local/share/:/usr/share/:/var/lib/snapd/desktop'), ('PYTHONPATH', '/home/aiv/ev_ws/planning/install/track_msgs/local/lib/python3.10/dist-packages:/home/aiv/ev_ws/erp42_ros/install/erp42_msgs/local/lib/python3.10/dist-packages:/home/aiv/ev_ws/perception/install/velodyne_msgs/local/lib/python3.10/dist-packages:/home/aiv/ev_ws/perception/install/lidar_interfaces/local/lib/python3.10/dist-packages:/opt/ros/humble/lib/python3.10/site-packages:/opt/ros/humble/local/lib/python3.10/dist-packages'), ('LC_NUMERIC', 'ko_KR.UTF-8'), ('LC_PAPER', 'ko_KR.UTF-8'), ('COLCON', '1'), ('VTE_VERSION', '6800'), ('EDITOR', 'code --wait'), ('CMAKE_PREFIX_PATH', '/home/aiv/ev_ws/planning/install/track_msgs:/home/aiv/ev_ws/carsa_gazebo/install/carsa_gazebo:/home/aiv/ev_ws/erp42_ros/install/erp42_serial:/home/aiv/ev_ws/erp42_ros/install/erp42_rqt_plugin:/home/aiv/ev_ws/erp42_ros/install/erp42_gazebo:/home/aiv/ev_ws/erp42_ros/install/erp42_util:/home/aiv/ev_ws/erp42_ros/install/erp42_msgs:/home/aiv/ev_ws/erp42_ros/install/erp42_description:/home/aiv/ev_ws/erp42_ros/install/erp42_cmake:/home/aiv/ev_ws/perception/install/velodyne:/home/aiv/ev_ws/perception/install/lidar_launch:/home/aiv/ev_ws/perception/install/velodyne_pointcloud:/home/aiv/ev_ws/perception/install/velodyne_driver:/home/aiv/ev_ws/perception/install/velodyne_msgs:/home/aiv/ev_ws/perception/install/velodyne_laserscan:/home/aiv/ev_ws/perception/install/velodyne_cropbox:/home/aiv/ev_ws/perception/install/patchworkpp:/home/aiv/ev_ws/perception/install/lidar_voxel_grid:/home/aiv/ev_ws/perception/install/lidar_interfaces:/home/aiv/ev_ws/perception/install/dbscan_clustering:/home/aiv/ev_ws/perception/install/cluster_splitter:/opt/ros/humble')]), 'shell': False}
[2.316012] (track_planning) StdoutLine: {'line': b'-- Install configuration: ""\n'}
[2.316135] (track_planning) StdoutLine: {'line': b'-- Installing: /home/aiv/ev_ws/planning/install/track_planning/lib/libtrack_planning_corridor.so\n'}
[2.316444] (track_planning) StdoutLine: {'line': b'-- Set runtime path of "/home/aiv/ev_ws/planning/install/track_planning/lib/libtrack_planning_corridor.so" to ""\n'}
[2.316507] (track_planning) StdoutLine: {'line': b'-- Installing: /home/aiv/ev_ws/planning/install/track_planning/lib/libtrack_planning_costmap.so\n'}
[2.316754] (track_planning) StdoutLine: {'line': b'-- Set runtime path of "/home/aiv/ev_ws/planning/install/track_planning/lib/libtrack_planning_costmap.so" to ""\n'}
[2.316817] (track_planning) StdoutLine: {'line': b'-- Installing: /home/aiv/ev_ws/planning/install/track_planning/lib/libtrack_planning_planner.so\n'}
[2.317039] (track_planning) StdoutLine: {'line': b'-- Set runtime path of "/home/aiv/ev_ws/planning/install/track_planning/lib/libtrack_planning_planner.so" to ""\n'}
[2.317089] (track_planning) StdoutLine: {'line': b'-- Installing: /home/aiv/ev_ws/planning/install/track_planning/lib/libtrack_planning_postprocess.so\n'}
[2.317370] (track_planning) StdoutLine: {'line': b'-- Set runtime path of "/home/aiv/ev_ws/planning/install/track_planning/lib/libtrack_planning_postprocess.so" to ""\n'}
[2.317400] (track_planning) StdoutLine: {'line': b'-- Up-to-date: /home/aiv/ev_ws/planning/install/track_planning/include\n'}
[2.317595] (track_planning) StdoutLine: {'line': b'-- Up-to-date: /home/aiv/ev_ws/planning/install/track_planning/include/track_planning\n'}
[2.317741] (track_planning) StdoutLine: {'line': b'-- Up-to-date: /home/aiv/ev_ws/planning/install/track_planning/include/track_planning/corridor\n'}
[2.317860] (track_planning) StdoutLine: {'line': b'-- Up-to-date: /home/aiv/ev_ws/planning/install/track_planning/include/track_planning/corridor/corridor_builder.hpp\n'}
[2.317982] (track_planning) StdoutLine: {'line': b'-- Up-to-date: /home/aiv/ev_ws/planning/install/track_planning/include/track_planning/corridor/virtual_boundary.hpp\n'}
[2.318083] (track_planning) StdoutLine: {'line': b'-- Up-to-date: /home/aiv/ev_ws/planning/install/track_planning/include/track_planning/corridor/centerline_builder.hpp\n'}
[2.318137] (track_planning) StdoutLine: {'line': b'-- Up-to-date: /home/aiv/ev_ws/planning/install/track_planning/include/track_planning/corridor/pair_validator.hpp\n'}
[2.318190] (track_planning) StdoutLine: {'line': b'-- Up-to-date: /home/aiv/ev_ws/planning/install/track_planning/include/track_planning/costmap\n'}
[2.318241] (track_planning) StdoutLine: {'line': b'-- Up-to-date: /home/aiv/ev_ws/planning/install/track_planning/include/track_planning/costmap/costmap_validation_builder.hpp\n'}
[2.318289] (track_planning) StdoutLine: {'line': b'-- Up-to-date: /home/aiv/ev_ws/planning/install/track_planning/include/track_planning/costmap/inflation.hpp\n'}
[2.318347] (track_planning) StdoutLine: {'line': b'-- Up-to-date: /home/aiv/ev_ws/planning/install/track_planning/include/track_planning/costmap/connected_component.hpp\n'}
[2.318414] (track_planning) StdoutLine: {'line': b'-- Up-to-date: /home/aiv/ev_ws/planning/install/track_planning/include/track_planning/costmap/drivable_mask_scanline.hpp\n'}
[2.318444] (track_planning) StdoutLine: {'line': b'-- Up-to-date: /home/aiv/ev_ws/planning/install/track_planning/include/track_planning/common\n'}
[2.318469] (track_planning) StdoutLine: {'line': b'-- Up-to-date: /home/aiv/ev_ws/planning/install/track_planning/include/track_planning/common/geometry.hpp\n'}
[2.318496] (track_planning) StdoutLine: {'line': b'-- Installing: /home/aiv/ev_ws/planning/install/track_planning/include/track_planning/common/types.hpp\n'}
[2.318520] (track_planning) StdoutLine: {'line': b'-- Installing: /home/aiv/ev_ws/planning/install/track_planning/include/track_planning/common/params.hpp\n'}
[2.318543] (track_planning) StdoutLine: {'line': b'-- Up-to-date: /home/aiv/ev_ws/planning/install/track_planning/include/track_planning/common/debug_publish.hpp\n'}
[2.318565] (track_planning) StdoutLine: {'line': b'-- Up-to-date: /home/aiv/ev_ws/planning/install/track_planning/include/track_planning/planner\n'}
[2.318590] (track_planning) StdoutLine: {'line': b'-- Up-to-date: /home/aiv/ev_ws/planning/install/track_planning/include/track_planning/planner/astar_planner.hpp\n'}
[2.318615] (track_planning) StdoutLine: {'line': b'-- Up-to-date: /home/aiv/ev_ws/planning/install/track_planning/include/track_planning/planner/mode_selector.hpp\n'}
[2.318639] (track_planning) StdoutLine: {'line': b'-- Up-to-date: /home/aiv/ev_ws/planning/install/track_planning/include/track_planning/goal\n'}
[2.318663] (track_planning) StdoutLine: {'line': b'-- Up-to-date: /home/aiv/ev_ws/planning/install/track_planning/include/track_planning/goal/goal_selector.hpp\n'}
[2.318686] (track_planning) StdoutLine: {'line': b'-- Installing: /home/aiv/ev_ws/planning/install/track_planning/include/track_planning/safety\n'}
[2.318710] (track_planning) StdoutLine: {'line': b'-- Installing: /home/aiv/ev_ws/planning/install/track_planning/include/track_planning/safety/safety_checker.hpp\n'}
[2.318733] (track_planning) StdoutLine: {'line': b'-- Installing: /home/aiv/ev_ws/planning/install/track_planning/include/track_planning/postprocess\n'}
[2.318757] (track_planning) StdoutLine: {'line': b'-- Installing: /home/aiv/ev_ws/planning/install/track_planning/include/track_planning/postprocess/path_postprocessor.hpp\n'}
[2.318855] (track_planning) StdoutLine: {'line': b'-- Up-to-date: /home/aiv/ev_ws/planning/install/track_planning/share/track_planning/config\n'}
[2.318883] (track_planning) StdoutLine: {'line': b'-- Installing: /home/aiv/ev_ws/planning/install/track_planning/share/track_planning/config/planning.yaml\n'}
[2.318907] (track_planning) StdoutLine: {'line': b'-- Up-to-date: /home/aiv/ev_ws/planning/install/track_planning/share/track_planning/launch\n'}
[2.318932] (track_planning) StdoutLine: {'line': b'-- Up-to-date: /home/aiv/ev_ws/planning/install/track_planning/share/ament_index/resource_index/package_run_dependencies/track_planning\n'}
[2.318958] (track_planning) StdoutLine: {'line': b'-- Up-to-date: /home/aiv/ev_ws/planning/install/track_planning/share/ament_index/resource_index/parent_prefix_path/track_planning\n'}
[2.318981] (track_planning) StdoutLine: {'line': b'-- Up-to-date: /home/aiv/ev_ws/planning/install/track_planning/share/track_planning/environment/ament_prefix_path.sh\n'}
[2.319004] (track_planning) StdoutLine: {'line': b'-- Installing: /home/aiv/ev_ws/planning/install/track_planning/share/track_planning/environment/ament_prefix_path.dsv\n'}
[2.319028] (track_planning) StdoutLine: {'line': b'-- Up-to-date: /home/aiv/ev_ws/planning/install/track_planning/share/track_planning/environment/path.sh\n'}
[2.319051] (track_planning) StdoutLine: {'line': b'-- Installing: /home/aiv/ev_ws/planning/install/track_planning/share/track_planning/environment/path.dsv\n'}
[2.319108] (track_planning) StdoutLine: {'line': b'-- Up-to-date: /home/aiv/ev_ws/planning/install/track_planning/share/track_planning/local_setup.bash\n'}
[2.319385] (track_planning) StdoutLine: {'line': b'-- Up-to-date: /home/aiv/ev_ws/planning/install/track_planning/share/track_planning/local_setup.sh\n'}
[2.319411] (track_planning) StdoutLine: {'line': b'-- Up-to-date: /home/aiv/ev_ws/planning/install/track_planning/share/track_planning/local_setup.zsh\n'}
[2.319435] (track_planning) StdoutLine: {'line': b'-- Installing: /home/aiv/ev_ws/planning/install/track_planning/share/track_planning/local_setup.dsv\n'}
[2.319458] (track_planning) StdoutLine: {'line': b'-- Installing: /home/aiv/ev_ws/planning/install/track_planning/share/track_planning/package.dsv\n'}
[2.319481] (track_planning) StdoutLine: {'line': b'-- Up-to-date: /home/aiv/ev_ws/planning/install/track_planning/share/ament_index/resource_index/packages/track_planning\n'}
[2.319505] (track_planning) StdoutLine: {'line': b'-- Up-to-date: /home/aiv/ev_ws/planning/install/track_planning/share/track_planning/cmake/track_planningConfig.cmake\n'}
[2.319528] (track_planning) StdoutLine: {'line': b'-- Up-to-date: /home/aiv/ev_ws/planning/install/track_planning/share/track_planning/cmake/track_planningConfig-version.cmake\n'}
[2.319552] (track_planning) StdoutLine: {'line': b'-- Up-to-date: /home/aiv/ev_ws/planning/install/track_planning/share/track_planning/package.xml\n'}
[2.319575] (track_planning) CommandEnded: {'returncode': 0}
[2.328828] (track_planning) JobEnded: {'identifier': 'track_planning', 'rc': 0}
[2.329118] (-) EventReactorShutdown: {}
