[0.008s] Invoking command in '/home/aiv/ev_ws/planning/build/chaining_mr_ver': CMAKE_PREFIX_PATH=${CMAKE_PREFIX_PATH}:/opt/ros/humble /usr/bin/cmake --build /home/aiv/ev_ws/planning/build/chaining_mr_ver -- -j28 -l28
[0.035s] [35m[1mConsolidate compiler generated dependencies of target chaining_mr_postprocess[0m
[0.036s] [35m[1mConsolidate compiler generated dependencies of target chaining_mr_planner[0m
[0.036s] [35m[1mConsolidate compiler generated dependencies of target lc_planner_node_exe[0m
[0.036s] [35m[1mConsolidate compiler generated dependencies of target chaining_mr_costmap[0m
[0.036s] [35m[1mConsolidate compiler generated dependencies of target chaining_mr_chainer[0m
[0.045s] [ 16%] Built target chaining_mr_postprocess
[0.047s] [ 33%] Built target chaining_mr_planner
[0.047s] [ 50%] Built target chaining_mr_costmap
[0.048s] [ 66%] Built target lc_planner_node_exe
[0.049s] [ 83%] Built target chaining_mr_chainer
[0.058s] [35m[1mConsolidate compiler generated dependencies of target lc_planner_component[0m
[0.069s] [100%] Built target lc_planner_component
[0.076s] Invoked command in '/home/aiv/ev_ws/planning/build/chaining_mr_ver' returned '0': CMAKE_PREFIX_PATH=${CMAKE_PREFIX_PATH}:/opt/ros/humble /usr/bin/cmake --build /home/aiv/ev_ws/planning/build/chaining_mr_ver -- -j28 -l28
[0.084s] Invoking command in '/home/aiv/ev_ws/planning/build/chaining_mr_ver': CMAKE_PREFIX_PATH=${CMAKE_PREFIX_PATH}:/opt/ros/humble /usr/bin/cmake --install /home/aiv/ev_ws/planning/build/chaining_mr_ver
[0.090s] -- Install configuration: ""
[0.091s] -- Execute custom install script
[0.091s] -- Up-to-date symlink: /home/aiv/ev_ws/planning/install/chaining_mr_ver/lib/libchaining_mr_chainer.so
[0.091s] -- Up-to-date symlink: /home/aiv/ev_ws/planning/install/chaining_mr_ver/lib/libchaining_mr_costmap.so
[0.091s] -- Up-to-date symlink: /home/aiv/ev_ws/planning/install/chaining_mr_ver/lib/libchaining_mr_planner.so
[0.091s] -- Up-to-date symlink: /home/aiv/ev_ws/planning/install/chaining_mr_ver/lib/libchaining_mr_postprocess.so
[0.091s] -- Up-to-date symlink: /home/aiv/ev_ws/planning/install/chaining_mr_ver/lib/chaining_mr_ver/lc_planner_node_exe
[0.091s] -- Up-to-date symlink: /home/aiv/ev_ws/planning/install/chaining_mr_ver/lib/liblc_planner_component.so
[0.091s] -- Up-to-date symlink: /home/aiv/ev_ws/planning/install/chaining_mr_ver/include/chaining_mr_ver/chainer/direction_chainer.hpp
[0.092s] -- Up-to-date symlink: /home/aiv/ev_ws/planning/install/chaining_mr_ver/include/chaining_mr_ver/common/debug_publish.hpp
[0.092s] -- Up-to-date symlink: /home/aiv/ev_ws/planning/install/chaining_mr_ver/include/chaining_mr_ver/common/geometry.hpp
[0.092s] -- Up-to-date symlink: /home/aiv/ev_ws/planning/install/chaining_mr_ver/include/chaining_mr_ver/common/params.hpp
[0.092s] -- Up-to-date symlink: /home/aiv/ev_ws/planning/install/chaining_mr_ver/include/chaining_mr_ver/common/types.hpp
[0.092s] -- Up-to-date symlink: /home/aiv/ev_ws/planning/install/chaining_mr_ver/include/chaining_mr_ver/costmap/costmap_generator.hpp
[0.092s] -- Up-to-date symlink: /home/aiv/ev_ws/planning/install/chaining_mr_ver/include/chaining_mr_ver/nodes/chaining_mr_ver_node.hpp
[0.092s] -- Up-to-date symlink: /home/aiv/ev_ws/planning/install/chaining_mr_ver/include/chaining_mr_ver/planner/magnetic_planner.hpp
[0.092s] -- Up-to-date symlink: /home/aiv/ev_ws/planning/install/chaining_mr_ver/include/chaining_mr_ver/postprocess/path_postprocessor.hpp
[0.092s] -- Up-to-date symlink: /home/aiv/ev_ws/planning/install/chaining_mr_ver/include/chaining_mr_ver/safety/safety_checker.hpp
[0.092s] -- Up-to-date symlink: /home/aiv/ev_ws/planning/install/chaining_mr_ver/share/chaining_mr_ver/config/chaining_mr_ver.yaml
[0.092s] -- Symlinking: /home/aiv/ev_ws/planning/install/chaining_mr_ver/share/chaining_mr_ver/launch/chaining_mr_ver.launch.py
[0.097s] -- Up-to-date symlink: /home/aiv/ev_ws/planning/install/chaining_mr_ver/share/ament_index/resource_index/package_run_dependencies/chaining_mr_ver
[0.097s] -- Up-to-date symlink: /home/aiv/ev_ws/planning/install/chaining_mr_ver/share/ament_index/resource_index/parent_prefix_path/chaining_mr_ver
[0.097s] -- Up-to-date symlink: /home/aiv/ev_ws/planning/install/chaining_mr_ver/share/chaining_mr_ver/environment/ament_prefix_path.sh
[0.098s] -- Up-to-date symlink: /home/aiv/ev_ws/planning/install/chaining_mr_ver/share/chaining_mr_ver/environment/ament_prefix_path.dsv
[0.098s] -- Up-to-date symlink: /home/aiv/ev_ws/planning/install/chaining_mr_ver/share/chaining_mr_ver/environment/path.sh
[0.098s] -- Up-to-date symlink: /home/aiv/ev_ws/planning/install/chaining_mr_ver/share/chaining_mr_ver/environment/path.dsv
[0.098s] -- Up-to-date symlink: /home/aiv/ev_ws/planning/install/chaining_mr_ver/share/chaining_mr_ver/local_setup.bash
[0.098s] -- Up-to-date symlink: /home/aiv/ev_ws/planning/install/chaining_mr_ver/share/chaining_mr_ver/local_setup.sh
[0.098s] -- Up-to-date symlink: /home/aiv/ev_ws/planning/install/chaining_mr_ver/share/chaining_mr_ver/local_setup.zsh
[0.098s] -- Up-to-date symlink: /home/aiv/ev_ws/planning/install/chaining_mr_ver/share/chaining_mr_ver/local_setup.dsv
[0.098s] -- Symlinking: /home/aiv/ev_ws/planning/install/chaining_mr_ver/share/chaining_mr_ver/package.dsv
[0.103s] -- Up-to-date symlink: /home/aiv/ev_ws/planning/install/chaining_mr_ver/share/ament_index/resource_index/packages/chaining_mr_ver
[0.103s] -- Up-to-date symlink: /home/aiv/ev_ws/planning/install/chaining_mr_ver/share/ament_index/resource_index/rclcpp_components/chaining_mr_ver
[0.103s] -- Up-to-date symlink: /home/aiv/ev_ws/planning/install/chaining_mr_ver/share/chaining_mr_ver/cmake/chaining_mr_verConfig.cmake
[0.103s] -- Up-to-date symlink: /home/aiv/ev_ws/planning/install/chaining_mr_ver/share/chaining_mr_ver/cmake/chaining_mr_verConfig-version.cmake
[0.103s] -- Up-to-date symlink: /home/aiv/ev_ws/planning/install/chaining_mr_ver/share/chaining_mr_ver/package.xml
[0.104s] Invoked command in '/home/aiv/ev_ws/planning/build/chaining_mr_ver' returned '0': CMAKE_PREFIX_PATH=${CMAKE_PREFIX_PATH}:/opt/ros/humble /usr/bin/cmake --install /home/aiv/ev_ws/planning/build/chaining_mr_ver
