[35m[1mConsolidate compiler generated dependencies of target erp42_msgs__rosidl_generator_c[0m
[  4%] Built target erp42_msgs__cpp
[ 12%] Built target erp42_msgs__rosidl_generator_c
[ 12%] Built target ament_cmake_python_copy_erp42_msgs
[35m[1mConsolidate compiler generated dependencies of target erp42_msgs__rosidl_typesupport_cpp[0m
[35m[1mConsolidate compiler generated dependencies of target erp42_msgs__rosidl_typesupport_fastrtps_c[0m
[ 23%] Built target erp42_msgs__rosidl_typesupport_cpp
[35m[1mConsolidate compiler generated dependencies of target erp42_msgs__rosidl_typesupport_introspection_cpp[0m
[35m[1mConsolidate compiler generated dependencies of target erp42_msgs__rosidl_typesupport_fastrtps_cpp[0m
[35m[1mConsolidate compiler generated dependencies of target erp42_msgs__rosidl_typesupport_c[0m
[ 34%] Built target erp42_msgs__rosidl_typesupport_fastrtps_c
[35m[1mConsolidate compiler generated dependencies of target erp42_msgs__rosidl_typesupport_introspection_c[0m
[ 44%] Built target erp42_msgs__rosidl_typesupport_introspection_cpp
[ 55%] Built target erp42_msgs__rosidl_typesupport_fastrtps_cpp
[ 65%] Built target erp42_msgs__rosidl_typesupport_introspection_c
[ 76%] Built target erp42_msgs__rosidl_typesupport_c
[ 76%] Built target erp42_msgs
[ 78%] Built target erp42_msgs__py
[35m[1mConsolidate compiler generated dependencies of target erp42_msgs__rosidl_generator_py[0m
[ 87%] Built target erp42_msgs__rosidl_generator_py
[35m[1mConsolidate compiler generated dependencies of target erp42_msgs__rosidl_typesupport_introspection_c__pyext[0m
[35m[1mConsolidate compiler generated dependencies of target erp42_msgs__rosidl_typesupport_c__pyext[0m
[35m[1mConsolidate compiler generated dependencies of target erp42_msgs__rosidl_typesupport_fastrtps_c__pyext[0m
[ 91%] Built target erp42_msgs__rosidl_typesupport_introspection_c__pyext
[ 95%] Built target erp42_msgs__rosidl_typesupport_c__pyext
[100%] Built target erp42_msgs__rosidl_typesupport_fastrtps_c__pyext
running egg_info
writing erp42_msgs.egg-info/PKG-INFO
writing dependency_links to erp42_msgs.egg-info/dependency_links.txt
writing top-level names to erp42_msgs.egg-info/top_level.txt
reading manifest file 'erp42_msgs.egg-info/SOURCES.txt'
writing manifest file 'erp42_msgs.egg-info/SOURCES.txt'
[100%] Built target ament_cmake_python_build_erp42_msgs_egg
-- Install configuration: ""
-- Installing: /home/kimsohee/ev-1-5/ev-Autonomous-Vehicle-1-5/install/erp42_msgs/share/ament_index/resource_index/rosidl_interfaces/erp42_msgs
-- Installing: /home/kimsohee/ev-1-5/ev-Autonomous-Vehicle-1-5/install/erp42_msgs/include/erp42_msgs/erp42_msgs
-- Installing: /home/kimsohee/ev-1-5/ev-Autonomous-Vehicle-1-5/install/erp42_msgs/include/erp42_msgs/erp42_msgs/srv
-- Installing: /home/kimsohee/ev-1-5/ev-Autonomous-Vehicle-1-5/install/erp42_msgs/include/erp42_msgs/erp42_msgs/srv/mode_command.h
-- Installing: /home/kimsohee/ev-1-5/ev-Autonomous-Vehicle-1-5/install/erp42_msgs/include/erp42_msgs/erp42_msgs/srv/detail
-- Installing: /home/kimsohee/ev-1-5/ev-Autonomous-Vehicle-1-5/install/erp42_msgs/include/erp42_msgs/erp42_msgs/srv/detail/mode_command__functions.h
-- Installing: /home/kimsohee/ev-1-5/ev-Autonomous-Vehicle-1-5/install/erp42_msgs/include/erp42_msgs/erp42_msgs/srv/detail/mode_command__functions.c
-- Installing: /home/kimsohee/ev-1-5/ev-Autonomous-Vehicle-1-5/install/erp42_msgs/include/erp42_msgs/erp42_msgs/srv/detail/mode_command__type_support.h
-- Installing: /home/kimsohee/ev-1-5/ev-Autonomous-Vehicle-1-5/install/erp42_msgs/include/erp42_msgs/erp42_msgs/srv/detail/mode_command__struct.h
-- Installing: /home/kimsohee/ev-1-5/ev-Autonomous-Vehicle-1-5/install/erp42_msgs/include/erp42_msgs/erp42_msgs/msg
-- Installing: /home/kimsohee/ev-1-5/ev-Autonomous-Vehicle-1-5/install/erp42_msgs/include/erp42_msgs/erp42_msgs/msg/control_command.h
-- Installing: /home/kimsohee/ev-1-5/ev-Autonomous-Vehicle-1-5/install/erp42_msgs/include/erp42_msgs/erp42_msgs/msg/detail
-- Installing: /home/kimsohee/ev-1-5/ev-Autonomous-Vehicle-1-5/install/erp42_msgs/include/erp42_msgs/erp42_msgs/msg/detail/feedback__functions.h
-- Installing: /home/kimsohee/ev-1-5/ev-Autonomous-Vehicle-1-5/install/erp42_msgs/include/erp42_msgs/erp42_msgs/msg/detail/feedback__struct.h
-- Installing: /home/kimsohee/ev-1-5/ev-Autonomous-Vehicle-1-5/install/erp42_msgs/include/erp42_msgs/erp42_msgs/msg/detail/feedback__type_support.h
-- Installing: /home/kimsohee/ev-1-5/ev-Autonomous-Vehicle-1-5/install/erp42_msgs/include/erp42_msgs/erp42_msgs/msg/detail/control_command__functions.h
-- Installing: /home/kimsohee/ev-1-5/ev-Autonomous-Vehicle-1-5/install/erp42_msgs/include/erp42_msgs/erp42_msgs/msg/detail/control_command__functions.c
-- Installing: /home/kimsohee/ev-1-5/ev-Autonomous-Vehicle-1-5/install/erp42_msgs/include/erp42_msgs/erp42_msgs/msg/detail/control_command__type_support.h
-- Installing: /home/kimsohee/ev-1-5/ev-Autonomous-Vehicle-1-5/install/erp42_msgs/include/erp42_msgs/erp42_msgs/msg/detail/control_command__struct.h
-- Installing: /home/kimsohee/ev-1-5/ev-Autonomous-Vehicle-1-5/install/erp42_msgs/include/erp42_msgs/erp42_msgs/msg/detail/feedback__functions.c
-- Installing: /home/kimsohee/ev-1-5/ev-Autonomous-Vehicle-1-5/install/erp42_msgs/include/erp42_msgs/erp42_msgs/msg/rosidl_generator_c__visibility_control.h
-- Installing: /home/kimsohee/ev-1-5/ev-Autonomous-Vehicle-1-5/install/erp42_msgs/include/erp42_msgs/erp42_msgs/msg/feedback.h
-- Installing: /home/kimsohee/ev-1-5/ev-Autonomous-Vehicle-1-5/install/erp42_msgs/share/erp42_msgs/environment/library_path.sh
-- Installing: /home/kimsohee/ev-1-5/ev-Autonomous-Vehicle-1-5/install/erp42_msgs/share/erp42_msgs/environment/library_path.dsv
-- Installing: /home/kimsohee/ev-1-5/ev-Autonomous-Vehicle-1-5/install/erp42_msgs/lib/liberp42_msgs__rosidl_generator_c.so
-- Set runtime path of "/home/kimsohee/ev-1-5/ev-Autonomous-Vehicle-1-5/install/erp42_msgs/lib/liberp42_msgs__rosidl_generator_c.so" to ""
-- Up-to-date: /home/kimsohee/ev-1-5/ev-Autonomous-Vehicle-1-5/install/erp42_msgs/include/erp42_msgs/erp42_msgs
-- Up-to-date: /home/kimsohee/ev-1-5/ev-Autonomous-Vehicle-1-5/install/erp42_msgs/include/erp42_msgs/erp42_msgs/srv
-- Up-to-date: /home/kimsohee/ev-1-5/ev-Autonomous-Vehicle-1-5/install/erp42_msgs/include/erp42_msgs/erp42_msgs/srv/detail
-- Installing: /home/kimsohee/ev-1-5/ev-Autonomous-Vehicle-1-5/install/erp42_msgs/include/erp42_msgs/erp42_msgs/srv/detail/mode_command__rosidl_typesupport_fastrtps_c.h
-- Up-to-date: /home/kimsohee/ev-1-5/ev-Autonomous-Vehicle-1-5/install/erp42_msgs/include/erp42_msgs/erp42_msgs/msg
-- Installing: /home/kimsohee/ev-1-5/ev-Autonomous-Vehicle-1-5/install/erp42_msgs/include/erp42_msgs/erp42_msgs/msg/rosidl_typesupport_fastrtps_c__visibility_control.h
-- Up-to-date: /home/kimsohee/ev-1-5/ev-Autonomous-Vehicle-1-5/install/erp42_msgs/include/erp42_msgs/erp42_msgs/msg/detail
-- Installing: /home/kimsohee/ev-1-5/ev-Autonomous-Vehicle-1-5/install/erp42_msgs/include/erp42_msgs/erp42_msgs/msg/detail/feedback__rosidl_typesupport_fastrtps_c.h
-- Installing: /home/kimsohee/ev-1-5/ev-Autonomous-Vehicle-1-5/install/erp42_msgs/include/erp42_msgs/erp42_msgs/msg/detail/control_command__rosidl_typesupport_fastrtps_c.h
-- Installing: /home/kimsohee/ev-1-5/ev-Autonomous-Vehicle-1-5/install/erp42_msgs/lib/liberp42_msgs__rosidl_typesupport_fastrtps_c.so
-- Set runtime path of "/home/kimsohee/ev-1-5/ev-Autonomous-Vehicle-1-5/install/erp42_msgs/lib/liberp42_msgs__rosidl_typesupport_fastrtps_c.so" to ""
-- Up-to-date: /home/kimsohee/ev-1-5/ev-Autonomous-Vehicle-1-5/install/erp42_msgs/include/erp42_msgs/erp42_msgs
-- Up-to-date: /home/kimsohee/ev-1-5/ev-Autonomous-Vehicle-1-5/install/erp42_msgs/include/erp42_msgs/erp42_msgs/srv
-- Up-to-date: /home/kimsohee/ev-1-5/ev-Autonomous-Vehicle-1-5/install/erp42_msgs/include/erp42_msgs/erp42_msgs/srv/detail
-- Installing: /home/kimsohee/ev-1-5/ev-Autonomous-Vehicle-1-5/install/erp42_msgs/include/erp42_msgs/erp42_msgs/srv/detail/mode_command__builder.hpp
-- Installing: /home/kimsohee/ev-1-5/ev-Autonomous-Vehicle-1-5/install/erp42_msgs/include/erp42_msgs/erp42_msgs/srv/detail/mode_command__traits.hpp
-- Installing: /home/kimsohee/ev-1-5/ev-Autonomous-Vehicle-1-5/install/erp42_msgs/include/erp42_msgs/erp42_msgs/srv/detail/mode_command__struct.hpp
-- Installing: /home/kimsohee/ev-1-5/ev-Autonomous-Vehicle-1-5/install/erp42_msgs/include/erp42_msgs/erp42_msgs/srv/detail/mode_command__type_support.hpp
-- Installing: /home/kimsohee/ev-1-5/ev-Autonomous-Vehicle-1-5/install/erp42_msgs/include/erp42_msgs/erp42_msgs/srv/mode_command.hpp
-- Up-to-date: /home/kimsohee/ev-1-5/ev-Autonomous-Vehicle-1-5/install/erp42_msgs/include/erp42_msgs/erp42_msgs/msg
-- Installing: /home/kimsohee/ev-1-5/ev-Autonomous-Vehicle-1-5/install/erp42_msgs/include/erp42_msgs/erp42_msgs/msg/control_command.hpp
-- Up-to-date: /home/kimsohee/ev-1-5/ev-Autonomous-Vehicle-1-5/install/erp42_msgs/include/erp42_msgs/erp42_msgs/msg/detail
-- Installing: /home/kimsohee/ev-1-5/ev-Autonomous-Vehicle-1-5/install/erp42_msgs/include/erp42_msgs/erp42_msgs/msg/detail/feedback__traits.hpp
-- Installing: /home/kimsohee/ev-1-5/ev-Autonomous-Vehicle-1-5/install/erp42_msgs/include/erp42_msgs/erp42_msgs/msg/detail/control_command__struct.hpp
-- Installing: /home/kimsohee/ev-1-5/ev-Autonomous-Vehicle-1-5/install/erp42_msgs/include/erp42_msgs/erp42_msgs/msg/detail/control_command__traits.hpp
-- Installing: /home/kimsohee/ev-1-5/ev-Autonomous-Vehicle-1-5/install/erp42_msgs/include/erp42_msgs/erp42_msgs/msg/detail/feedback__builder.hpp
-- Installing: /home/kimsohee/ev-1-5/ev-Autonomous-Vehicle-1-5/install/erp42_msgs/include/erp42_msgs/erp42_msgs/msg/detail/feedback__type_support.hpp
-- Installing: /home/kimsohee/ev-1-5/ev-Autonomous-Vehicle-1-5/install/erp42_msgs/include/erp42_msgs/erp42_msgs/msg/detail/control_command__type_support.hpp
-- Installing: /home/kimsohee/ev-1-5/ev-Autonomous-Vehicle-1-5/install/erp42_msgs/include/erp42_msgs/erp42_msgs/msg/detail/feedback__struct.hpp
-- Installing: /home/kimsohee/ev-1-5/ev-Autonomous-Vehicle-1-5/install/erp42_msgs/include/erp42_msgs/erp42_msgs/msg/detail/control_command__builder.hpp
-- Installing: /home/kimsohee/ev-1-5/ev-Autonomous-Vehicle-1-5/install/erp42_msgs/include/erp42_msgs/erp42_msgs/msg/rosidl_generator_cpp__visibility_control.hpp
-- Installing: /home/kimsohee/ev-1-5/ev-Autonomous-Vehicle-1-5/install/erp42_msgs/include/erp42_msgs/erp42_msgs/msg/feedback.hpp
-- Up-to-date: /home/kimsohee/ev-1-5/ev-Autonomous-Vehicle-1-5/install/erp42_msgs/include/erp42_msgs/erp42_msgs
-- Up-to-date: /home/kimsohee/ev-1-5/ev-Autonomous-Vehicle-1-5/install/erp42_msgs/include/erp42_msgs/erp42_msgs/srv
-- Up-to-date: /home/kimsohee/ev-1-5/ev-Autonomous-Vehicle-1-5/install/erp42_msgs/include/erp42_msgs/erp42_msgs/srv/detail
-- Installing: /home/kimsohee/ev-1-5/ev-Autonomous-Vehicle-1-5/install/erp42_msgs/include/erp42_msgs/erp42_msgs/srv/detail/dds_fastrtps
-- Installing: /home/kimsohee/ev-1-5/ev-Autonomous-Vehicle-1-5/install/erp42_msgs/include/erp42_msgs/erp42_msgs/srv/detail/mode_command__rosidl_typesupport_fastrtps_cpp.hpp
-- Up-to-date: /home/kimsohee/ev-1-5/ev-Autonomous-Vehicle-1-5/install/erp42_msgs/include/erp42_msgs/erp42_msgs/msg
-- Installing: /home/kimsohee/ev-1-5/ev-Autonomous-Vehicle-1-5/install/erp42_msgs/include/erp42_msgs/erp42_msgs/msg/rosidl_typesupport_fastrtps_cpp__visibility_control.h
-- Up-to-date: /home/kimsohee/ev-1-5/ev-Autonomous-Vehicle-1-5/install/erp42_msgs/include/erp42_msgs/erp42_msgs/msg/detail
-- Installing: /home/kimsohee/ev-1-5/ev-Autonomous-Vehicle-1-5/install/erp42_msgs/include/erp42_msgs/erp42_msgs/msg/detail/dds_fastrtps
-- Installing: /home/kimsohee/ev-1-5/ev-Autonomous-Vehicle-1-5/install/erp42_msgs/include/erp42_msgs/erp42_msgs/msg/detail/feedback__rosidl_typesupport_fastrtps_cpp.hpp
-- Installing: /home/kimsohee/ev-1-5/ev-Autonomous-Vehicle-1-5/install/erp42_msgs/include/erp42_msgs/erp42_msgs/msg/detail/control_command__rosidl_typesupport_fastrtps_cpp.hpp
-- Installing: /home/kimsohee/ev-1-5/ev-Autonomous-Vehicle-1-5/install/erp42_msgs/lib/liberp42_msgs__rosidl_typesupport_fastrtps_cpp.so
-- Set runtime path of "/home/kimsohee/ev-1-5/ev-Autonomous-Vehicle-1-5/install/erp42_msgs/lib/liberp42_msgs__rosidl_typesupport_fastrtps_cpp.so" to ""
-- Up-to-date: /home/kimsohee/ev-1-5/ev-Autonomous-Vehicle-1-5/install/erp42_msgs/include/erp42_msgs/erp42_msgs
-- Up-to-date: /home/kimsohee/ev-1-5/ev-Autonomous-Vehicle-1-5/install/erp42_msgs/include/erp42_msgs/erp42_msgs/srv
-- Up-to-date: /home/kimsohee/ev-1-5/ev-Autonomous-Vehicle-1-5/install/erp42_msgs/include/erp42_msgs/erp42_msgs/srv/detail
-- Installing: /home/kimsohee/ev-1-5/ev-Autonomous-Vehicle-1-5/install/erp42_msgs/include/erp42_msgs/erp42_msgs/srv/detail/mode_command__type_support.c
-- Installing: /home/kimsohee/ev-1-5/ev-Autonomous-Vehicle-1-5/install/erp42_msgs/include/erp42_msgs/erp42_msgs/srv/detail/mode_command__rosidl_typesupport_introspection_c.h
-- Up-to-date: /home/kimsohee/ev-1-5/ev-Autonomous-Vehicle-1-5/install/erp42_msgs/include/erp42_msgs/erp42_msgs/msg
-- Installing: /home/kimsohee/ev-1-5/ev-Autonomous-Vehicle-1-5/install/erp42_msgs/include/erp42_msgs/erp42_msgs/msg/rosidl_typesupport_introspection_c__visibility_control.h
-- Up-to-date: /home/kimsohee/ev-1-5/ev-Autonomous-Vehicle-1-5/install/erp42_msgs/include/erp42_msgs/erp42_msgs/msg/detail
-- Installing: /home/kimsohee/ev-1-5/ev-Autonomous-Vehicle-1-5/install/erp42_msgs/include/erp42_msgs/erp42_msgs/msg/detail/control_command__rosidl_typesupport_introspection_c.h
-- Installing: /home/kimsohee/ev-1-5/ev-Autonomous-Vehicle-1-5/install/erp42_msgs/include/erp42_msgs/erp42_msgs/msg/detail/feedback__rosidl_typesupport_introspection_c.h
-- Installing: /home/kimsohee/ev-1-5/ev-Autonomous-Vehicle-1-5/install/erp42_msgs/include/erp42_msgs/erp42_msgs/msg/detail/control_command__type_support.c
-- Installing: /home/kimsohee/ev-1-5/ev-Autonomous-Vehicle-1-5/install/erp42_msgs/include/erp42_msgs/erp42_msgs/msg/detail/feedback__type_support.c
-- Installing: /home/kimsohee/ev-1-5/ev-Autonomous-Vehicle-1-5/install/erp42_msgs/lib/liberp42_msgs__rosidl_typesupport_introspection_c.so
-- Set runtime path of "/home/kimsohee/ev-1-5/ev-Autonomous-Vehicle-1-5/install/erp42_msgs/lib/liberp42_msgs__rosidl_typesupport_introspection_c.so" to ""
-- Installing: /home/kimsohee/ev-1-5/ev-Autonomous-Vehicle-1-5/install/erp42_msgs/lib/liberp42_msgs__rosidl_typesupport_c.so
-- Set runtime path of "/home/kimsohee/ev-1-5/ev-Autonomous-Vehicle-1-5/install/erp42_msgs/lib/liberp42_msgs__rosidl_typesupport_c.so" to ""
-- Up-to-date: /home/kimsohee/ev-1-5/ev-Autonomous-Vehicle-1-5/install/erp42_msgs/include/erp42_msgs/erp42_msgs
-- Up-to-date: /home/kimsohee/ev-1-5/ev-Autonomous-Vehicle-1-5/install/erp42_msgs/include/erp42_msgs/erp42_msgs/srv
-- Up-to-date: /home/kimsohee/ev-1-5/ev-Autonomous-Vehicle-1-5/install/erp42_msgs/include/erp42_msgs/erp42_msgs/srv/detail
-- Installing: /home/kimsohee/ev-1-5/ev-Autonomous-Vehicle-1-5/install/erp42_msgs/include/erp42_msgs/erp42_msgs/srv/detail/mode_command__type_support.cpp
-- Installing: /home/kimsohee/ev-1-5/ev-Autonomous-Vehicle-1-5/install/erp42_msgs/include/erp42_msgs/erp42_msgs/srv/detail/mode_command__rosidl_typesupport_introspection_cpp.hpp
-- Up-to-date: /home/kimsohee/ev-1-5/ev-Autonomous-Vehicle-1-5/install/erp42_msgs/include/erp42_msgs/erp42_msgs/msg
-- Up-to-date: /home/kimsohee/ev-1-5/ev-Autonomous-Vehicle-1-5/install/erp42_msgs/include/erp42_msgs/erp42_msgs/msg/detail
-- Installing: /home/kimsohee/ev-1-5/ev-Autonomous-Vehicle-1-5/install/erp42_msgs/include/erp42_msgs/erp42_msgs/msg/detail/control_command__rosidl_typesupport_introspection_cpp.hpp
-- Installing: /home/kimsohee/ev-1-5/ev-Autonomous-Vehicle-1-5/install/erp42_msgs/include/erp42_msgs/erp42_msgs/msg/detail/feedback__type_support.cpp
-- Installing: /home/kimsohee/ev-1-5/ev-Autonomous-Vehicle-1-5/install/erp42_msgs/include/erp42_msgs/erp42_msgs/msg/detail/feedback__rosidl_typesupport_introspection_cpp.hpp
-- Installing: /home/kimsohee/ev-1-5/ev-Autonomous-Vehicle-1-5/install/erp42_msgs/include/erp42_msgs/erp42_msgs/msg/detail/control_command__type_support.cpp
-- Installing: /home/kimsohee/ev-1-5/ev-Autonomous-Vehicle-1-5/install/erp42_msgs/lib/liberp42_msgs__rosidl_typesupport_introspection_cpp.so
-- Set runtime path of "/home/kimsohee/ev-1-5/ev-Autonomous-Vehicle-1-5/install/erp42_msgs/lib/liberp42_msgs__rosidl_typesupport_introspection_cpp.so" to ""
-- Installing: /home/kimsohee/ev-1-5/ev-Autonomous-Vehicle-1-5/install/erp42_msgs/lib/liberp42_msgs__rosidl_typesupport_cpp.so
-- Set runtime path of "/home/kimsohee/ev-1-5/ev-Autonomous-Vehicle-1-5/install/erp42_msgs/lib/liberp42_msgs__rosidl_typesupport_cpp.so" to ""
-- Installing: /home/kimsohee/ev-1-5/ev-Autonomous-Vehicle-1-5/install/erp42_msgs/share/erp42_msgs/environment/pythonpath.sh
-- Installing: /home/kimsohee/ev-1-5/ev-Autonomous-Vehicle-1-5/install/erp42_msgs/share/erp42_msgs/environment/pythonpath.dsv
-- Installing: /home/kimsohee/ev-1-5/ev-Autonomous-Vehicle-1-5/install/erp42_msgs/local/lib/python3.10/dist-packages/erp42_msgs-0.0.0-py3.10.egg-info
-- Installing: /home/kimsohee/ev-1-5/ev-Autonomous-Vehicle-1-5/install/erp42_msgs/local/lib/python3.10/dist-packages/erp42_msgs-0.0.0-py3.10.egg-info/PKG-INFO
-- Installing: /home/kimsohee/ev-1-5/ev-Autonomous-Vehicle-1-5/install/erp42_msgs/local/lib/python3.10/dist-packages/erp42_msgs-0.0.0-py3.10.egg-info/dependency_links.txt
-- Installing: /home/kimsohee/ev-1-5/ev-Autonomous-Vehicle-1-5/install/erp42_msgs/local/lib/python3.10/dist-packages/erp42_msgs-0.0.0-py3.10.egg-info/top_level.txt
-- Installing: /home/kimsohee/ev-1-5/ev-Autonomous-Vehicle-1-5/install/erp42_msgs/local/lib/python3.10/dist-packages/erp42_msgs-0.0.0-py3.10.egg-info/SOURCES.txt
-- Installing: /home/kimsohee/ev-1-5/ev-Autonomous-Vehicle-1-5/install/erp42_msgs/local/lib/python3.10/dist-packages/erp42_msgs
-- Installing: /home/kimsohee/ev-1-5/ev-Autonomous-Vehicle-1-5/install/erp42_msgs/local/lib/python3.10/dist-packages/erp42_msgs/_erp42_msgs_s.ep.rosidl_typesupport_introspection_c.c
-- Installing: /home/kimsohee/ev-1-5/ev-Autonomous-Vehicle-1-5/install/erp42_msgs/local/lib/python3.10/dist-packages/erp42_msgs/srv
-- Installing: /home/kimsohee/ev-1-5/ev-Autonomous-Vehicle-1-5/install/erp42_msgs/local/lib/python3.10/dist-packages/erp42_msgs/srv/_mode_command_s.c
-- Installing: /home/kimsohee/ev-1-5/ev-Autonomous-Vehicle-1-5/install/erp42_msgs/local/lib/python3.10/dist-packages/erp42_msgs/srv/_mode_command.py
-- Installing: /home/kimsohee/ev-1-5/ev-Autonomous-Vehicle-1-5/install/erp42_msgs/local/lib/python3.10/dist-packages/erp42_msgs/srv/__init__.py
-- Installing: /home/kimsohee/ev-1-5/ev-Autonomous-Vehicle-1-5/install/erp42_msgs/local/lib/python3.10/dist-packages/erp42_msgs/erp42_msgs_s__rosidl_typesupport_introspection_c.cpython-310-aarch64-linux-gnu.so
-- Installing: /home/kimsohee/ev-1-5/ev-Autonomous-Vehicle-1-5/install/erp42_msgs/local/lib/python3.10/dist-packages/erp42_msgs/liberp42_msgs__rosidl_generator_py.so
-- Installing: /home/kimsohee/ev-1-5/ev-Autonomous-Vehicle-1-5/install/erp42_msgs/local/lib/python3.10/dist-packages/erp42_msgs/erp42_msgs_s__rosidl_typesupport_fastrtps_c.cpython-310-aarch64-linux-gnu.so
-- Installing: /home/kimsohee/ev-1-5/ev-Autonomous-Vehicle-1-5/install/erp42_msgs/local/lib/python3.10/dist-packages/erp42_msgs/_erp42_msgs_s.ep.rosidl_typesupport_fastrtps_c.c
-- Installing: /home/kimsohee/ev-1-5/ev-Autonomous-Vehicle-1-5/install/erp42_msgs/local/lib/python3.10/dist-packages/erp42_msgs/_erp42_msgs_s.ep.rosidl_typesupport_c.c
-- Installing: /home/kimsohee/ev-1-5/ev-Autonomous-Vehicle-1-5/install/erp42_msgs/local/lib/python3.10/dist-packages/erp42_msgs/__init__.py
-- Installing: /home/kimsohee/ev-1-5/ev-Autonomous-Vehicle-1-5/install/erp42_msgs/local/lib/python3.10/dist-packages/erp42_msgs/msg
-- Installing: /home/kimsohee/ev-1-5/ev-Autonomous-Vehicle-1-5/install/erp42_msgs/local/lib/python3.10/dist-packages/erp42_msgs/msg/_control_command.py
-- Installing: /home/kimsohee/ev-1-5/ev-Autonomous-Vehicle-1-5/install/erp42_msgs/local/lib/python3.10/dist-packages/erp42_msgs/msg/_control_command_s.c
-- Installing: /home/kimsohee/ev-1-5/ev-Autonomous-Vehicle-1-5/install/erp42_msgs/local/lib/python3.10/dist-packages/erp42_msgs/msg/__init__.py
-- Installing: /home/kimsohee/ev-1-5/ev-Autonomous-Vehicle-1-5/install/erp42_msgs/local/lib/python3.10/dist-packages/erp42_msgs/msg/_feedback.py
-- Installing: /home/kimsohee/ev-1-5/ev-Autonomous-Vehicle-1-5/install/erp42_msgs/local/lib/python3.10/dist-packages/erp42_msgs/msg/_feedback_s.c
-- Installing: /home/kimsohee/ev-1-5/ev-Autonomous-Vehicle-1-5/install/erp42_msgs/local/lib/python3.10/dist-packages/erp42_msgs/erp42_msgs_s__rosidl_typesupport_c.cpython-310-aarch64-linux-gnu.so
Listing '/home/kimsohee/ev-1-5/ev-Autonomous-Vehicle-1-5/install/erp42_msgs/local/lib/python3.10/dist-packages/erp42_msgs'...
Compiling '/home/kimsohee/ev-1-5/ev-Autonomous-Vehicle-1-5/install/erp42_msgs/local/lib/python3.10/dist-packages/erp42_msgs/__init__.py'...
Listing '/home/kimsohee/ev-1-5/ev-Autonomous-Vehicle-1-5/install/erp42_msgs/local/lib/python3.10/dist-packages/erp42_msgs/msg'...
Compiling '/home/kimsohee/ev-1-5/ev-Autonomous-Vehicle-1-5/install/erp42_msgs/local/lib/python3.10/dist-packages/erp42_msgs/msg/__init__.py'...
Compiling '/home/kimsohee/ev-1-5/ev-Autonomous-Vehicle-1-5/install/erp42_msgs/local/lib/python3.10/dist-packages/erp42_msgs/msg/_control_command.py'...
Compiling '/home/kimsohee/ev-1-5/ev-Autonomous-Vehicle-1-5/install/erp42_msgs/local/lib/python3.10/dist-packages/erp42_msgs/msg/_feedback.py'...
Listing '/home/kimsohee/ev-1-5/ev-Autonomous-Vehicle-1-5/install/erp42_msgs/local/lib/python3.10/dist-packages/erp42_msgs/srv'...
Compiling '/home/kimsohee/ev-1-5/ev-Autonomous-Vehicle-1-5/install/erp42_msgs/local/lib/python3.10/dist-packages/erp42_msgs/srv/__init__.py'...
Compiling '/home/kimsohee/ev-1-5/ev-Autonomous-Vehicle-1-5/install/erp42_msgs/local/lib/python3.10/dist-packages/erp42_msgs/srv/_mode_command.py'...
-- Installing: /home/kimsohee/ev-1-5/ev-Autonomous-Vehicle-1-5/install/erp42_msgs/local/lib/python3.10/dist-packages/erp42_msgs/erp42_msgs_s__rosidl_typesupport_fastrtps_c.cpython-310-aarch64-linux-gnu.so
-- Set runtime path of "/home/kimsohee/ev-1-5/ev-Autonomous-Vehicle-1-5/install/erp42_msgs/local/lib/python3.10/dist-packages/erp42_msgs/erp42_msgs_s__rosidl_typesupport_fastrtps_c.cpython-310-aarch64-linux-gnu.so" to ""
-- Installing: /home/kimsohee/ev-1-5/ev-Autonomous-Vehicle-1-5/install/erp42_msgs/local/lib/python3.10/dist-packages/erp42_msgs/erp42_msgs_s__rosidl_typesupport_introspection_c.cpython-310-aarch64-linux-gnu.so
-- Set runtime path of "/home/kimsohee/ev-1-5/ev-Autonomous-Vehicle-1-5/install/erp42_msgs/local/lib/python3.10/dist-packages/erp42_msgs/erp42_msgs_s__rosidl_typesupport_introspection_c.cpython-310-aarch64-linux-gnu.so" to ""
-- Installing: /home/kimsohee/ev-1-5/ev-Autonomous-Vehicle-1-5/install/erp42_msgs/local/lib/python3.10/dist-packages/erp42_msgs/erp42_msgs_s__rosidl_typesupport_c.cpython-310-aarch64-linux-gnu.so
-- Set runtime path of "/home/kimsohee/ev-1-5/ev-Autonomous-Vehicle-1-5/install/erp42_msgs/local/lib/python3.10/dist-packages/erp42_msgs/erp42_msgs_s__rosidl_typesupport_c.cpython-310-aarch64-linux-gnu.so" to ""
-- Installing: /home/kimsohee/ev-1-5/ev-Autonomous-Vehicle-1-5/install/erp42_msgs/lib/liberp42_msgs__rosidl_generator_py.so
-- Set runtime path of "/home/kimsohee/ev-1-5/ev-Autonomous-Vehicle-1-5/install/erp42_msgs/lib/liberp42_msgs__rosidl_generator_py.so" to ""
-- Installing: /home/kimsohee/ev-1-5/ev-Autonomous-Vehicle-1-5/install/erp42_msgs/share/erp42_msgs/msg/ControlCommand.idl
-- Installing: /home/kimsohee/ev-1-5/ev-Autonomous-Vehicle-1-5/install/erp42_msgs/share/erp42_msgs/msg/Feedback.idl
-- Installing: /home/kimsohee/ev-1-5/ev-Autonomous-Vehicle-1-5/install/erp42_msgs/share/erp42_msgs/srv/ModeCommand.idl
-- Installing: /home/kimsohee/ev-1-5/ev-Autonomous-Vehicle-1-5/install/erp42_msgs/share/erp42_msgs/msg/ControlCommand.msg
-- Installing: /home/kimsohee/ev-1-5/ev-Autonomous-Vehicle-1-5/install/erp42_msgs/share/erp42_msgs/msg/Feedback.msg
-- Installing: /home/kimsohee/ev-1-5/ev-Autonomous-Vehicle-1-5/install/erp42_msgs/share/erp42_msgs/srv/ModeCommand.srv
-- Installing: /home/kimsohee/ev-1-5/ev-Autonomous-Vehicle-1-5/install/erp42_msgs/share/erp42_msgs/srv/ModeCommand_Request.msg
-- Installing: /home/kimsohee/ev-1-5/ev-Autonomous-Vehicle-1-5/install/erp42_msgs/share/erp42_msgs/srv/ModeCommand_Response.msg
-- Installing: /home/kimsohee/ev-1-5/ev-Autonomous-Vehicle-1-5/install/erp42_msgs/share/ament_index/resource_index/package_run_dependencies/erp42_msgs
-- Installing: /home/kimsohee/ev-1-5/ev-Autonomous-Vehicle-1-5/install/erp42_msgs/share/ament_index/resource_index/parent_prefix_path/erp42_msgs
-- Installing: /home/kimsohee/ev-1-5/ev-Autonomous-Vehicle-1-5/install/erp42_msgs/share/erp42_msgs/environment/ament_prefix_path.sh
-- Installing: /home/kimsohee/ev-1-5/ev-Autonomous-Vehicle-1-5/install/erp42_msgs/share/erp42_msgs/environment/ament_prefix_path.dsv
-- Installing: /home/kimsohee/ev-1-5/ev-Autonomous-Vehicle-1-5/install/erp42_msgs/share/erp42_msgs/environment/path.sh
-- Installing: /home/kimsohee/ev-1-5/ev-Autonomous-Vehicle-1-5/install/erp42_msgs/share/erp42_msgs/environment/path.dsv
-- Installing: /home/kimsohee/ev-1-5/ev-Autonomous-Vehicle-1-5/install/erp42_msgs/share/erp42_msgs/local_setup.bash
-- Installing: /home/kimsohee/ev-1-5/ev-Autonomous-Vehicle-1-5/install/erp42_msgs/share/erp42_msgs/local_setup.sh
-- Installing: /home/kimsohee/ev-1-5/ev-Autonomous-Vehicle-1-5/install/erp42_msgs/share/erp42_msgs/local_setup.zsh
-- Installing: /home/kimsohee/ev-1-5/ev-Autonomous-Vehicle-1-5/install/erp42_msgs/share/erp42_msgs/local_setup.dsv
-- Installing: /home/kimsohee/ev-1-5/ev-Autonomous-Vehicle-1-5/install/erp42_msgs/share/erp42_msgs/package.dsv
-- Installing: /home/kimsohee/ev-1-5/ev-Autonomous-Vehicle-1-5/install/erp42_msgs/share/ament_index/resource_index/packages/erp42_msgs
-- Installing: /home/kimsohee/ev-1-5/ev-Autonomous-Vehicle-1-5/install/erp42_msgs/share/erp42_msgs/cmake/export_erp42_msgs__rosidl_generator_cExport.cmake
-- Installing: /home/kimsohee/ev-1-5/ev-Autonomous-Vehicle-1-5/install/erp42_msgs/share/erp42_msgs/cmake/export_erp42_msgs__rosidl_generator_cExport-noconfig.cmake
-- Installing: /home/kimsohee/ev-1-5/ev-Autonomous-Vehicle-1-5/install/erp42_msgs/share/erp42_msgs/cmake/export_erp42_msgs__rosidl_typesupport_fastrtps_cExport.cmake
-- Installing: /home/kimsohee/ev-1-5/ev-Autonomous-Vehicle-1-5/install/erp42_msgs/share/erp42_msgs/cmake/export_erp42_msgs__rosidl_typesupport_fastrtps_cExport-noconfig.cmake
-- Installing: /home/kimsohee/ev-1-5/ev-Autonomous-Vehicle-1-5/install/erp42_msgs/share/erp42_msgs/cmake/export_erp42_msgs__rosidl_generator_cppExport.cmake
-- Installing: /home/kimsohee/ev-1-5/ev-Autonomous-Vehicle-1-5/install/erp42_msgs/share/erp42_msgs/cmake/export_erp42_msgs__rosidl_typesupport_fastrtps_cppExport.cmake
-- Installing: /home/kimsohee/ev-1-5/ev-Autonomous-Vehicle-1-5/install/erp42_msgs/share/erp42_msgs/cmake/export_erp42_msgs__rosidl_typesupport_fastrtps_cppExport-noconfig.cmake
-- Installing: /home/kimsohee/ev-1-5/ev-Autonomous-Vehicle-1-5/install/erp42_msgs/share/erp42_msgs/cmake/erp42_msgs__rosidl_typesupport_introspection_cExport.cmake
-- Installing: /home/kimsohee/ev-1-5/ev-Autonomous-Vehicle-1-5/install/erp42_msgs/share/erp42_msgs/cmake/erp42_msgs__rosidl_typesupport_introspection_cExport-noconfig.cmake
-- Installing: /home/kimsohee/ev-1-5/ev-Autonomous-Vehicle-1-5/install/erp42_msgs/share/erp42_msgs/cmake/erp42_msgs__rosidl_typesupport_cExport.cmake
-- Installing: /home/kimsohee/ev-1-5/ev-Autonomous-Vehicle-1-5/install/erp42_msgs/share/erp42_msgs/cmake/erp42_msgs__rosidl_typesupport_cExport-noconfig.cmake
-- Installing: /home/kimsohee/ev-1-5/ev-Autonomous-Vehicle-1-5/install/erp42_msgs/share/erp42_msgs/cmake/erp42_msgs__rosidl_typesupport_introspection_cppExport.cmake
-- Installing: /home/kimsohee/ev-1-5/ev-Autonomous-Vehicle-1-5/install/erp42_msgs/share/erp42_msgs/cmake/erp42_msgs__rosidl_typesupport_introspection_cppExport-noconfig.cmake
-- Installing: /home/kimsohee/ev-1-5/ev-Autonomous-Vehicle-1-5/install/erp42_msgs/share/erp42_msgs/cmake/erp42_msgs__rosidl_typesupport_cppExport.cmake
-- Installing: /home/kimsohee/ev-1-5/ev-Autonomous-Vehicle-1-5/install/erp42_msgs/share/erp42_msgs/cmake/erp42_msgs__rosidl_typesupport_cppExport-noconfig.cmake
-- Installing: /home/kimsohee/ev-1-5/ev-Autonomous-Vehicle-1-5/install/erp42_msgs/share/erp42_msgs/cmake/export_erp42_msgs__rosidl_generator_pyExport.cmake
-- Installing: /home/kimsohee/ev-1-5/ev-Autonomous-Vehicle-1-5/install/erp42_msgs/share/erp42_msgs/cmake/export_erp42_msgs__rosidl_generator_pyExport-noconfig.cmake
-- Installing: /home/kimsohee/ev-1-5/ev-Autonomous-Vehicle-1-5/install/erp42_msgs/share/erp42_msgs/cmake/rosidl_cmake-extras.cmake
-- Installing: /home/kimsohee/ev-1-5/ev-Autonomous-Vehicle-1-5/install/erp42_msgs/share/erp42_msgs/cmake/ament_cmake_export_dependencies-extras.cmake
-- Installing: /home/kimsohee/ev-1-5/ev-Autonomous-Vehicle-1-5/install/erp42_msgs/share/erp42_msgs/cmake/ament_cmake_export_include_directories-extras.cmake
-- Installing: /home/kimsohee/ev-1-5/ev-Autonomous-Vehicle-1-5/install/erp42_msgs/share/erp42_msgs/cmake/ament_cmake_export_libraries-extras.cmake
-- Installing: /home/kimsohee/ev-1-5/ev-Autonomous-Vehicle-1-5/install/erp42_msgs/share/erp42_msgs/cmake/ament_cmake_export_targets-extras.cmake
-- Installing: /home/kimsohee/ev-1-5/ev-Autonomous-Vehicle-1-5/install/erp42_msgs/share/erp42_msgs/cmake/rosidl_cmake_export_typesupport_targets-extras.cmake
-- Installing: /home/kimsohee/ev-1-5/ev-Autonomous-Vehicle-1-5/install/erp42_msgs/share/erp42_msgs/cmake/rosidl_cmake_export_typesupport_libraries-extras.cmake
-- Installing: /home/kimsohee/ev-1-5/ev-Autonomous-Vehicle-1-5/install/erp42_msgs/share/erp42_msgs/cmake/erp42_msgsConfig.cmake
-- Installing: /home/kimsohee/ev-1-5/ev-Autonomous-Vehicle-1-5/install/erp42_msgs/share/erp42_msgs/cmake/erp42_msgsConfig-version.cmake
-- Installing: /home/kimsohee/ev-1-5/ev-Autonomous-Vehicle-1-5/install/erp42_msgs/share/erp42_msgs/package.xml
