[0.021s] Invoking command in '/home/aiv/ev_ws/build/t870_msgs': CMAKE_PREFIX_PATH=${CMAKE_PREFIX_PATH}:/opt/ros/humble /usr/bin/cmake /home/aiv/ev_ws/t870_ros/src/t870_msgs -DAMENT_CMAKE_SYMLINK_INSTALL=1 -DCMAKE_INSTALL_PREFIX=/home/aiv/ev_ws/install/t870_msgs
[0.061s] -- The C compiler identification is GNU 11.4.0
[0.095s] -- The CXX compiler identification is GNU 11.4.0
[0.100s] -- Detecting C compiler ABI info
[0.149s] -- Detecting C compiler ABI info - done
[0.153s] -- Check for working C compiler: /usr/bin/cc - skipped
[0.153s] -- Detecting C compile features
[0.153s] -- Detecting C compile features - done
[0.155s] -- Detecting CXX compiler ABI info
[0.206s] -- Detecting CXX compiler ABI info - done
[0.212s] -- Check for working CXX compiler: /usr/bin/c++ - skipped
[0.213s] -- Detecting CXX compile features
[0.213s] -- Detecting CXX compile features - done
[0.216s] -- Found ament_cmake: 1.3.12 (/opt/ros/humble/share/ament_cmake/cmake)
[0.318s] -- Found Python3: /usr/bin/python3 (found version "3.10.12") found components: Interpreter 
[0.354s] -- Override CMake install command with custom implementation using symlinks instead of copying resources
[0.390s] -- Found std_msgs: 4.9.0 (/opt/ros/humble/share/std_msgs/cmake)
[0.428s] -- Found rosidl_generator_c: 3.1.8 (/opt/ros/humble/share/rosidl_generator_c/cmake)
[0.435s] -- Found rosidl_adapter: 3.1.8 (/opt/ros/humble/share/rosidl_adapter/cmake)
[0.444s] -- Found rosidl_generator_cpp: 3.1.8 (/opt/ros/humble/share/rosidl_generator_cpp/cmake)
[0.456s] -- Using all available rosidl_typesupport_c: rosidl_typesupport_fastrtps_c;rosidl_typesupport_introspection_c
[0.473s] -- Using all available rosidl_typesupport_cpp: rosidl_typesupport_fastrtps_cpp;rosidl_typesupport_introspection_cpp
[0.499s] -- Found rosidl_default_generators: 1.2.0 (/opt/ros/humble/share/rosidl_default_generators/cmake)
[0.687s] -- Found ament_cmake_ros: 0.10.0 (/opt/ros/humble/share/ament_cmake_ros/cmake)
[0.966s] -- Using all available rosidl_typesupport_c: rosidl_typesupport_fastrtps_c;rosidl_typesupport_introspection_c
[1.076s] -- Using all available rosidl_typesupport_cpp: rosidl_typesupport_fastrtps_cpp;rosidl_typesupport_introspection_cpp
[1.091s] -- Found PythonInterp: /usr/bin/python3 (found suitable version "3.10.12", minimum required is "3.6") 
[1.094s] -- Found python_cmake_module: 0.10.0 (/opt/ros/humble/share/python_cmake_module/cmake)
[1.111s] -- Found PythonLibs: /usr/lib/x86_64-linux-gnu/libpython3.10.so (found suitable version "3.10.12", minimum required is "3.5") 
[1.111s] -- Using PYTHON_EXECUTABLE: /usr/bin/python3
[1.111s] -- Using PYTHON_INCLUDE_DIRS: /usr/include/python3.10
[1.111s] -- Using PYTHON_LIBRARIES: /usr/lib/x86_64-linux-gnu/libpython3.10.so
[1.123s] -- Found PythonExtra: .so  
[1.161s] -- Configuring done
[1.179s] -- Generating done
[1.185s] -- Build files have been written to: /home/aiv/ev_ws/build/t870_msgs
[1.190s] Invoked command in '/home/aiv/ev_ws/build/t870_msgs' returned '0': CMAKE_PREFIX_PATH=${CMAKE_PREFIX_PATH}:/opt/ros/humble /usr/bin/cmake /home/aiv/ev_ws/t870_ros/src/t870_msgs -DAMENT_CMAKE_SYMLINK_INSTALL=1 -DCMAKE_INSTALL_PREFIX=/home/aiv/ev_ws/install/t870_msgs
[1.191s] Invoking command in '/home/aiv/ev_ws/build/t870_msgs': CMAKE_PREFIX_PATH=${CMAKE_PREFIX_PATH}:/opt/ros/humble /usr/bin/cmake --build /home/aiv/ev_ws/build/t870_msgs -- -j28 -l28
[1.220s] [  2%] [34m[1mGenerating C code for ROS interfaces[0m
[1.231s] [  4%] [34m[1mGenerating C++ code for ROS interfaces[0m
[1.236s] [  4%] Built target ament_cmake_python_symlink_t870_msgs
[1.394s] running egg_info
[1.394s] creating t870_msgs.egg-info
[1.394s] writing t870_msgs.egg-info/PKG-INFO
[1.394s] writing dependency_links to t870_msgs.egg-info/dependency_links.txt
[1.394s] writing top-level names to t870_msgs.egg-info/top_level.txt
[1.394s] writing manifest file 't870_msgs.egg-info/SOURCES.txt'
[1.396s] reading manifest file 't870_msgs.egg-info/SOURCES.txt'
[1.396s] writing manifest file 't870_msgs.egg-info/SOURCES.txt'
[1.419s] [  4%] Built target ament_cmake_python_build_t870_msgs_egg
[1.513s] [  6%] [32mBuilding C object CMakeFiles/t870_msgs__rosidl_generator_c.dir/rosidl_generator_c/t870_msgs/msg/detail/feedback__functions.c.o[0m
[1.515s] [ 10%] [32mBuilding C object CMakeFiles/t870_msgs__rosidl_generator_c.dir/rosidl_generator_c/t870_msgs/msg/detail/control_command__functions.c.o[0m
[1.515s] [ 10%] [32mBuilding C object CMakeFiles/t870_msgs__rosidl_generator_c.dir/rosidl_generator_c/t870_msgs/srv/detail/mode_command__functions.c.o[0m
[1.569s] [ 12%] [32m[1mLinking C shared library libt870_msgs__rosidl_generator_c.so[0m
[1.601s] [ 12%] Built target t870_msgs__rosidl_generator_c
[1.612s] [ 19%] [34m[1mGenerating C introspection for ROS interfaces[0m
[1.612s] [ 19%] [34m[1mGenerating C type support dispatch for ROS interfaces[0m
[1.612s] [ 19%] [34m[1mGenerating C type support for eProsima Fast-RTPS[0m
[1.727s] [ 19%] Built target t870_msgs__cpp
[1.741s] [ 23%] [34m[1mGenerating C++ type support dispatch for ROS interfaces[0m
[1.741s] [ 23%] [34m[1mGenerating C++ type support for eProsima Fast-RTPS[0m
[1.743s] [ 25%] [34m[1mGenerating C++ introspection for ROS interfaces[0m
[2.037s] [ 27%] [32mBuilding CXX object CMakeFiles/t870_msgs__rosidl_typesupport_c.dir/rosidl_typesupport_c/t870_msgs/srv/mode_command__type_support.cpp.o[0m
[2.044s] [ 29%] [32mBuilding CXX object CMakeFiles/t870_msgs__rosidl_typesupport_c.dir/rosidl_typesupport_c/t870_msgs/msg/control_command__type_support.cpp.o[0m
[2.046s] [ 31%] [32mBuilding CXX object CMakeFiles/t870_msgs__rosidl_typesupport_c.dir/rosidl_typesupport_c/t870_msgs/msg/feedback__type_support.cpp.o[0m
[2.102s] [ 34%] [32m[1mLinking CXX shared library libt870_msgs__rosidl_typesupport_c.so[0m
[2.129s] [ 36%] [32mBuilding C object CMakeFiles/t870_msgs__rosidl_typesupport_introspection_c.dir/rosidl_typesupport_introspection_c/t870_msgs/msg/detail/control_command__type_support.c.o[0m
[2.139s] [ 38%] [32mBuilding C object CMakeFiles/t870_msgs__rosidl_typesupport_introspection_c.dir/rosidl_typesupport_introspection_c/t870_msgs/msg/detail/feedback__type_support.c.o[0m
[2.143s] [ 40%] [32mBuilding C object CMakeFiles/t870_msgs__rosidl_typesupport_introspection_c.dir/rosidl_typesupport_introspection_c/t870_msgs/srv/detail/mode_command__type_support.c.o[0m
[2.187s] [ 42%] [32mBuilding CXX object CMakeFiles/t870_msgs__rosidl_typesupport_fastrtps_c.dir/rosidl_typesupport_fastrtps_c/t870_msgs/msg/detail/control_command__type_support_c.cpp.o[0m
[2.188s] [ 44%] [32mBuilding CXX object CMakeFiles/t870_msgs__rosidl_typesupport_fastrtps_c.dir/rosidl_typesupport_fastrtps_c/t870_msgs/srv/detail/mode_command__type_support_c.cpp.o[0m
[2.198s] [ 46%] [32mBuilding CXX object CMakeFiles/t870_msgs__rosidl_typesupport_fastrtps_c.dir/rosidl_typesupport_fastrtps_c/t870_msgs/msg/detail/feedback__type_support_c.cpp.o[0m
[2.200s] [ 46%] Built target t870_msgs__rosidl_typesupport_c
[2.227s] [ 48%] [32mBuilding CXX object CMakeFiles/t870_msgs__rosidl_typesupport_cpp.dir/rosidl_typesupport_cpp/t870_msgs/msg/control_command__type_support.cpp.o[0m
[2.227s] [ 51%] [32mBuilding CXX object CMakeFiles/t870_msgs__rosidl_typesupport_cpp.dir/rosidl_typesupport_cpp/t870_msgs/msg/feedback__type_support.cpp.o[0m
[2.231s] [ 53%] [32m[1mLinking C shared library libt870_msgs__rosidl_typesupport_introspection_c.so[0m
[2.237s] [ 55%] [32mBuilding CXX object CMakeFiles/t870_msgs__rosidl_typesupport_cpp.dir/rosidl_typesupport_cpp/t870_msgs/srv/mode_command__type_support.cpp.o[0m
[2.275s] [ 57%] [32mBuilding CXX object CMakeFiles/t870_msgs__rosidl_typesupport_introspection_cpp.dir/rosidl_typesupport_introspection_cpp/t870_msgs/msg/detail/control_command__type_support.cpp.o[0m
[2.275s] [ 59%] [32mBuilding CXX object CMakeFiles/t870_msgs__rosidl_typesupport_introspection_cpp.dir/rosidl_typesupport_introspection_cpp/t870_msgs/msg/detail/feedback__type_support.cpp.o[0m
[2.279s] [ 61%] [32mBuilding CXX object CMakeFiles/t870_msgs__rosidl_typesupport_introspection_cpp.dir/rosidl_typesupport_introspection_cpp/t870_msgs/srv/detail/mode_command__type_support.cpp.o[0m
[2.298s] [ 61%] Built target t870_msgs__rosidl_typesupport_introspection_c
[2.337s] [ 63%] [32mBuilding CXX object CMakeFiles/t870_msgs__rosidl_typesupport_fastrtps_cpp.dir/rosidl_typesupport_fastrtps_cpp/t870_msgs/msg/detail/dds_fastrtps/control_command__type_support.cpp.o[0m
[2.337s] [ 65%] [32mBuilding CXX object CMakeFiles/t870_msgs__rosidl_typesupport_fastrtps_cpp.dir/rosidl_typesupport_fastrtps_cpp/t870_msgs/msg/detail/dds_fastrtps/feedback__type_support.cpp.o[0m
[2.343s] [ 68%] [32mBuilding CXX object CMakeFiles/t870_msgs__rosidl_typesupport_fastrtps_cpp.dir/rosidl_typesupport_fastrtps_cpp/t870_msgs/srv/detail/dds_fastrtps/mode_command__type_support.cpp.o[0m
[2.789s] [ 70%] [32m[1mLinking CXX shared library libt870_msgs__rosidl_typesupport_fastrtps_c.so[0m
[2.838s] [ 72%] [32m[1mLinking CXX shared library libt870_msgs__rosidl_typesupport_cpp.so[0m
[2.888s] [ 72%] Built target t870_msgs__rosidl_typesupport_cpp
[2.892s] [ 72%] Built target t870_msgs__rosidl_typesupport_fastrtps_c
[2.908s] [ 74%] [32m[1mLinking CXX shared library libt870_msgs__rosidl_typesupport_fastrtps_cpp.so[0m
[2.953s] [ 76%] [32m[1mLinking CXX shared library libt870_msgs__rosidl_typesupport_introspection_cpp.so[0m
[2.963s] [ 76%] Built target t870_msgs__rosidl_typesupport_fastrtps_cpp
[3.009s] [ 76%] Built target t870_msgs__rosidl_typesupport_introspection_cpp
[3.023s] [ 76%] Built target t870_msgs
[3.042s] [ 78%] [34m[1mGenerating Python code for ROS interfaces[0m
[3.476s] [ 78%] Built target t870_msgs__py
[3.491s] [ 80%] [32mBuilding C object CMakeFiles/t870_msgs__rosidl_generator_py.dir/rosidl_generator_py/t870_msgs/msg/_control_command_s.c.o[0m
[3.491s] [ 82%] [32mBuilding C object CMakeFiles/t870_msgs__rosidl_generator_py.dir/rosidl_generator_py/t870_msgs/msg/_feedback_s.c.o[0m
[3.493s] [ 85%] [32mBuilding C object CMakeFiles/t870_msgs__rosidl_generator_py.dir/rosidl_generator_py/t870_msgs/srv/_mode_command_s.c.o[0m
[3.558s] [ 87%] [32m[1mLinking C shared library rosidl_generator_py/t870_msgs/libt870_msgs__rosidl_generator_py.so[0m
[3.589s] [ 87%] Built target t870_msgs__rosidl_generator_py
[3.605s] [ 89%] [32mBuilding C object CMakeFiles/t870_msgs__rosidl_typesupport_introspection_c__pyext.dir/rosidl_generator_py/t870_msgs/_t870_msgs_s.ep.rosidl_typesupport_introspection_c.c.o[0m
[3.605s] [ 91%] [32mBuilding C object CMakeFiles/t870_msgs__rosidl_typesupport_c__pyext.dir/rosidl_generator_py/t870_msgs/_t870_msgs_s.ep.rosidl_typesupport_c.c.o[0m
[3.608s] [ 93%] [32mBuilding C object CMakeFiles/t870_msgs__rosidl_typesupport_fastrtps_c__pyext.dir/rosidl_generator_py/t870_msgs/_t870_msgs_s.ep.rosidl_typesupport_fastrtps_c.c.o[0m
[3.670s] [ 95%] [32m[1mLinking C shared library rosidl_generator_py/t870_msgs/t870_msgs_s__rosidl_typesupport_c.cpython-310-x86_64-linux-gnu.so[0m
[3.690s] [ 97%] [32m[1mLinking C shared library rosidl_generator_py/t870_msgs/t870_msgs_s__rosidl_typesupport_introspection_c.cpython-310-x86_64-linux-gnu.so[0m
[3.692s] [100%] [32m[1mLinking C shared library rosidl_generator_py/t870_msgs/t870_msgs_s__rosidl_typesupport_fastrtps_c.cpython-310-x86_64-linux-gnu.so[0m
[3.697s] [100%] Built target t870_msgs__rosidl_typesupport_c__pyext
[3.721s] [100%] Built target t870_msgs__rosidl_typesupport_fastrtps_c__pyext
[3.722s] [100%] Built target t870_msgs__rosidl_typesupport_introspection_c__pyext
[3.733s] Invoked command in '/home/aiv/ev_ws/build/t870_msgs' returned '0': CMAKE_PREFIX_PATH=${CMAKE_PREFIX_PATH}:/opt/ros/humble /usr/bin/cmake --build /home/aiv/ev_ws/build/t870_msgs -- -j28 -l28
[3.734s] Invoking command in '/home/aiv/ev_ws/build/t870_msgs': CMAKE_PREFIX_PATH=${CMAKE_PREFIX_PATH}:/opt/ros/humble /usr/bin/cmake --install /home/aiv/ev_ws/build/t870_msgs
[3.742s] -- Install configuration: ""
[3.743s] -- Execute custom install script
[3.743s] -- Symlinking: /home/aiv/ev_ws/install/t870_msgs/share/ament_index/resource_index/rosidl_interfaces/t870_msgs
[3.752s] -- Symlinking: /home/aiv/ev_ws/install/t870_msgs/include/t870_msgs/t870_msgs/msg/control_command.h
[3.761s] -- Symlinking: /home/aiv/ev_ws/install/t870_msgs/include/t870_msgs/t870_msgs/msg/detail/control_command__functions.h
[3.769s] -- Symlinking: /home/aiv/ev_ws/install/t870_msgs/include/t870_msgs/t870_msgs/msg/detail/control_command__struct.h
[3.775s] -- Symlinking: /home/aiv/ev_ws/install/t870_msgs/include/t870_msgs/t870_msgs/msg/detail/control_command__type_support.h
[3.780s] -- Symlinking: /home/aiv/ev_ws/install/t870_msgs/include/t870_msgs/t870_msgs/msg/detail/feedback__functions.h
[3.785s] -- Symlinking: /home/aiv/ev_ws/install/t870_msgs/include/t870_msgs/t870_msgs/msg/detail/feedback__struct.h
[3.793s] -- Symlinking: /home/aiv/ev_ws/install/t870_msgs/include/t870_msgs/t870_msgs/msg/detail/feedback__type_support.h
[3.801s] -- Symlinking: /home/aiv/ev_ws/install/t870_msgs/include/t870_msgs/t870_msgs/msg/feedback.h
[3.807s] -- Symlinking: /home/aiv/ev_ws/install/t870_msgs/include/t870_msgs/t870_msgs/msg/rosidl_generator_c__visibility_control.h
[3.813s] -- Symlinking: /home/aiv/ev_ws/install/t870_msgs/include/t870_msgs/t870_msgs/srv/detail/mode_command__functions.h
[3.818s] -- Symlinking: /home/aiv/ev_ws/install/t870_msgs/include/t870_msgs/t870_msgs/srv/detail/mode_command__struct.h
[3.824s] -- Symlinking: /home/aiv/ev_ws/install/t870_msgs/include/t870_msgs/t870_msgs/srv/detail/mode_command__type_support.h
[3.830s] -- Symlinking: /home/aiv/ev_ws/install/t870_msgs/include/t870_msgs/t870_msgs/srv/mode_command.h
[3.836s] -- Symlinking: /home/aiv/ev_ws/install/t870_msgs/share/t870_msgs/environment/library_path.sh
[3.842s] -- Symlinking: /home/aiv/ev_ws/install/t870_msgs/share/t870_msgs/environment/library_path.dsv
[3.849s] -- Symlinking: /home/aiv/ev_ws/install/t870_msgs/include/t870_msgs/t870_msgs/msg/detail/control_command__rosidl_typesupport_fastrtps_c.h
[3.855s] -- Symlinking: /home/aiv/ev_ws/install/t870_msgs/include/t870_msgs/t870_msgs/msg/detail/feedback__rosidl_typesupport_fastrtps_c.h
[3.861s] -- Symlinking: /home/aiv/ev_ws/install/t870_msgs/include/t870_msgs/t870_msgs/msg/rosidl_typesupport_fastrtps_c__visibility_control.h
[3.868s] -- Symlinking: /home/aiv/ev_ws/install/t870_msgs/include/t870_msgs/t870_msgs/srv/detail/mode_command__rosidl_typesupport_fastrtps_c.h
[3.877s] -- Symlinking: /home/aiv/ev_ws/install/t870_msgs/include/t870_msgs/t870_msgs/msg/control_command.hpp
[3.882s] -- Symlinking: /home/aiv/ev_ws/install/t870_msgs/include/t870_msgs/t870_msgs/msg/detail/control_command__builder.hpp
[3.888s] -- Symlinking: /home/aiv/ev_ws/install/t870_msgs/include/t870_msgs/t870_msgs/msg/detail/control_command__struct.hpp
[3.894s] -- Symlinking: /home/aiv/ev_ws/install/t870_msgs/include/t870_msgs/t870_msgs/msg/detail/control_command__traits.hpp
[3.900s] -- Symlinking: /home/aiv/ev_ws/install/t870_msgs/include/t870_msgs/t870_msgs/msg/detail/control_command__type_support.hpp
[3.907s] -- Symlinking: /home/aiv/ev_ws/install/t870_msgs/include/t870_msgs/t870_msgs/msg/detail/feedback__builder.hpp
[3.915s] -- Symlinking: /home/aiv/ev_ws/install/t870_msgs/include/t870_msgs/t870_msgs/msg/detail/feedback__struct.hpp
[3.921s] -- Symlinking: /home/aiv/ev_ws/install/t870_msgs/include/t870_msgs/t870_msgs/msg/detail/feedback__traits.hpp
[3.926s] -- Symlinking: /home/aiv/ev_ws/install/t870_msgs/include/t870_msgs/t870_msgs/msg/detail/feedback__type_support.hpp
[3.931s] -- Symlinking: /home/aiv/ev_ws/install/t870_msgs/include/t870_msgs/t870_msgs/msg/feedback.hpp
[3.937s] -- Symlinking: /home/aiv/ev_ws/install/t870_msgs/include/t870_msgs/t870_msgs/msg/rosidl_generator_cpp__visibility_control.hpp
[3.943s] -- Symlinking: /home/aiv/ev_ws/install/t870_msgs/include/t870_msgs/t870_msgs/srv/detail/mode_command__builder.hpp
[3.949s] -- Symlinking: /home/aiv/ev_ws/install/t870_msgs/include/t870_msgs/t870_msgs/srv/detail/mode_command__struct.hpp
[3.954s] -- Symlinking: /home/aiv/ev_ws/install/t870_msgs/include/t870_msgs/t870_msgs/srv/detail/mode_command__traits.hpp
[3.961s] -- Symlinking: /home/aiv/ev_ws/install/t870_msgs/include/t870_msgs/t870_msgs/srv/detail/mode_command__type_support.hpp
[3.966s] -- Symlinking: /home/aiv/ev_ws/install/t870_msgs/include/t870_msgs/t870_msgs/srv/mode_command.hpp
[3.975s] -- Symlinking: /home/aiv/ev_ws/install/t870_msgs/include/t870_msgs/t870_msgs/msg/detail/control_command__rosidl_typesupport_fastrtps_cpp.hpp
[3.981s] -- Symlinking: /home/aiv/ev_ws/install/t870_msgs/include/t870_msgs/t870_msgs/msg/detail/feedback__rosidl_typesupport_fastrtps_cpp.hpp
[3.986s] -- Symlinking: /home/aiv/ev_ws/install/t870_msgs/include/t870_msgs/t870_msgs/msg/rosidl_typesupport_fastrtps_cpp__visibility_control.h
[3.993s] -- Symlinking: /home/aiv/ev_ws/install/t870_msgs/include/t870_msgs/t870_msgs/srv/detail/mode_command__rosidl_typesupport_fastrtps_cpp.hpp
[3.999s] -- Symlinking: /home/aiv/ev_ws/install/t870_msgs/include/t870_msgs/t870_msgs/msg/detail/control_command__rosidl_typesupport_introspection_c.h
[4.005s] -- Symlinking: /home/aiv/ev_ws/install/t870_msgs/include/t870_msgs/t870_msgs/msg/detail/feedback__rosidl_typesupport_introspection_c.h
[4.011s] -- Symlinking: /home/aiv/ev_ws/install/t870_msgs/include/t870_msgs/t870_msgs/msg/rosidl_typesupport_introspection_c__visibility_control.h
[4.019s] -- Symlinking: /home/aiv/ev_ws/install/t870_msgs/include/t870_msgs/t870_msgs/srv/detail/mode_command__rosidl_typesupport_introspection_c.h
[4.027s] -- Symlinking: /home/aiv/ev_ws/install/t870_msgs/include/t870_msgs/t870_msgs/msg/detail/control_command__rosidl_typesupport_introspection_cpp.hpp
[4.033s] -- Symlinking: /home/aiv/ev_ws/install/t870_msgs/include/t870_msgs/t870_msgs/msg/detail/feedback__rosidl_typesupport_introspection_cpp.hpp
[4.040s] -- Symlinking: /home/aiv/ev_ws/install/t870_msgs/include/t870_msgs/t870_msgs/srv/detail/mode_command__rosidl_typesupport_introspection_cpp.hpp
[4.046s] -- Symlinking: /home/aiv/ev_ws/install/t870_msgs/share/t870_msgs/environment/pythonpath.sh
[4.052s] -- Symlinking: /home/aiv/ev_ws/install/t870_msgs/share/t870_msgs/environment/pythonpath.dsv
[4.059s] -- Symlinking: /home/aiv/ev_ws/install/t870_msgs/local/lib/python3.10/dist-packages/t870_msgs-0.0.0-py3.10.egg-info/PKG-INFO
[4.065s] -- Symlinking: /home/aiv/ev_ws/install/t870_msgs/local/lib/python3.10/dist-packages/t870_msgs-0.0.0-py3.10.egg-info/SOURCES.txt
[4.073s] -- Symlinking: /home/aiv/ev_ws/install/t870_msgs/local/lib/python3.10/dist-packages/t870_msgs-0.0.0-py3.10.egg-info/dependency_links.txt
[4.080s] -- Symlinking: /home/aiv/ev_ws/install/t870_msgs/local/lib/python3.10/dist-packages/t870_msgs-0.0.0-py3.10.egg-info/top_level.txt
[4.089s] -- Symlinking: /home/aiv/ev_ws/install/t870_msgs/local/lib/python3.10/dist-packages/t870_msgs/__init__.py
[4.094s] -- Symlinking: /home/aiv/ev_ws/install/t870_msgs/local/lib/python3.10/dist-packages/t870_msgs/_t870_msgs_s.ep.rosidl_typesupport_c.c
[4.099s] -- Symlinking: /home/aiv/ev_ws/install/t870_msgs/local/lib/python3.10/dist-packages/t870_msgs/_t870_msgs_s.ep.rosidl_typesupport_fastrtps_c.c
[4.106s] -- Symlinking: /home/aiv/ev_ws/install/t870_msgs/local/lib/python3.10/dist-packages/t870_msgs/_t870_msgs_s.ep.rosidl_typesupport_introspection_c.c
[4.114s] -- Symlinking: /home/aiv/ev_ws/install/t870_msgs/local/lib/python3.10/dist-packages/t870_msgs/libt870_msgs__rosidl_generator_py.so
[4.121s] -- Symlinking: /home/aiv/ev_ws/install/t870_msgs/local/lib/python3.10/dist-packages/t870_msgs/msg/__init__.py
[4.126s] -- Symlinking: /home/aiv/ev_ws/install/t870_msgs/local/lib/python3.10/dist-packages/t870_msgs/msg/_control_command.py
[4.133s] -- Symlinking: /home/aiv/ev_ws/install/t870_msgs/local/lib/python3.10/dist-packages/t870_msgs/msg/_control_command_s.c
[4.141s] -- Symlinking: /home/aiv/ev_ws/install/t870_msgs/local/lib/python3.10/dist-packages/t870_msgs/msg/_feedback.py
[4.151s] -- Symlinking: /home/aiv/ev_ws/install/t870_msgs/local/lib/python3.10/dist-packages/t870_msgs/msg/_feedback_s.c
[4.158s] -- Symlinking: /home/aiv/ev_ws/install/t870_msgs/local/lib/python3.10/dist-packages/t870_msgs/srv/__init__.py
[4.164s] -- Symlinking: /home/aiv/ev_ws/install/t870_msgs/local/lib/python3.10/dist-packages/t870_msgs/srv/_mode_command.py
[4.169s] -- Symlinking: /home/aiv/ev_ws/install/t870_msgs/local/lib/python3.10/dist-packages/t870_msgs/srv/_mode_command_s.c
[4.174s] -- Symlinking: /home/aiv/ev_ws/install/t870_msgs/local/lib/python3.10/dist-packages/t870_msgs/t870_msgs_s__rosidl_typesupport_c.cpython-310-x86_64-linux-gnu.so
[4.180s] -- Symlinking: /home/aiv/ev_ws/install/t870_msgs/local/lib/python3.10/dist-packages/t870_msgs/t870_msgs_s__rosidl_typesupport_fastrtps_c.cpython-310-x86_64-linux-gnu.so
[4.185s] -- Symlinking: /home/aiv/ev_ws/install/t870_msgs/local/lib/python3.10/dist-packages/t870_msgs/t870_msgs_s__rosidl_typesupport_introspection_c.cpython-310-x86_64-linux-gnu.so
[4.192s] -- Up-to-date symlink: /home/aiv/ev_ws/install/t870_msgs/local/lib/python3.10/dist-packages/t870_msgs/t870_msgs_s__rosidl_typesupport_fastrtps_c.cpython-310-x86_64-linux-gnu.so
[4.192s] -- Up-to-date symlink: /home/aiv/ev_ws/install/t870_msgs/local/lib/python3.10/dist-packages/t870_msgs/t870_msgs_s__rosidl_typesupport_introspection_c.cpython-310-x86_64-linux-gnu.so
[4.193s] -- Up-to-date symlink: /home/aiv/ev_ws/install/t870_msgs/local/lib/python3.10/dist-packages/t870_msgs/t870_msgs_s__rosidl_typesupport_c.cpython-310-x86_64-linux-gnu.so
[4.193s] -- Symlinking: /home/aiv/ev_ws/install/t870_msgs/share/t870_msgs/msg/ControlCommand.idl
[4.199s] -- Symlinking: /home/aiv/ev_ws/install/t870_msgs/share/t870_msgs/msg/Feedback.idl
[4.205s] -- Symlinking: /home/aiv/ev_ws/install/t870_msgs/share/t870_msgs/srv/ModeCommand.idl
[4.211s] -- Symlinking: /home/aiv/ev_ws/install/t870_msgs/share/t870_msgs/msg/ControlCommand.msg
[4.219s] -- Symlinking: /home/aiv/ev_ws/install/t870_msgs/share/t870_msgs/msg/Feedback.msg
[4.225s] -- Symlinking: /home/aiv/ev_ws/install/t870_msgs/share/t870_msgs/srv/ModeCommand.srv
[4.230s] -- Symlinking: /home/aiv/ev_ws/install/t870_msgs/share/t870_msgs/srv/ModeCommand_Request.msg
[4.238s] -- Symlinking: /home/aiv/ev_ws/install/t870_msgs/share/t870_msgs/srv/ModeCommand_Response.msg
[4.243s] -- Symlinking: /home/aiv/ev_ws/install/t870_msgs/share/ament_index/resource_index/package_run_dependencies/t870_msgs
[4.249s] -- Symlinking: /home/aiv/ev_ws/install/t870_msgs/share/ament_index/resource_index/parent_prefix_path/t870_msgs
[4.255s] -- Symlinking: /home/aiv/ev_ws/install/t870_msgs/share/t870_msgs/environment/ament_prefix_path.sh
[4.261s] -- Symlinking: /home/aiv/ev_ws/install/t870_msgs/share/t870_msgs/environment/ament_prefix_path.dsv
[4.269s] -- Symlinking: /home/aiv/ev_ws/install/t870_msgs/share/t870_msgs/environment/path.sh
[4.276s] -- Symlinking: /home/aiv/ev_ws/install/t870_msgs/share/t870_msgs/environment/path.dsv
[4.281s] -- Symlinking: /home/aiv/ev_ws/install/t870_msgs/share/t870_msgs/local_setup.bash
[4.289s] -- Symlinking: /home/aiv/ev_ws/install/t870_msgs/share/t870_msgs/local_setup.sh
[4.296s] -- Symlinking: /home/aiv/ev_ws/install/t870_msgs/share/t870_msgs/local_setup.zsh
[4.304s] -- Symlinking: /home/aiv/ev_ws/install/t870_msgs/share/t870_msgs/local_setup.dsv
[4.310s] -- Symlinking: /home/aiv/ev_ws/install/t870_msgs/share/t870_msgs/package.dsv
[4.318s] -- Symlinking: /home/aiv/ev_ws/install/t870_msgs/share/ament_index/resource_index/packages/t870_msgs
[4.325s] -- Symlinking: /home/aiv/ev_ws/install/t870_msgs/share/t870_msgs/cmake/rosidl_cmake-extras.cmake
[4.332s] -- Symlinking: /home/aiv/ev_ws/install/t870_msgs/share/t870_msgs/cmake/ament_cmake_export_dependencies-extras.cmake
[4.338s] -- Symlinking: /home/aiv/ev_ws/install/t870_msgs/share/t870_msgs/cmake/ament_cmake_export_include_directories-extras.cmake
[4.344s] -- Symlinking: /home/aiv/ev_ws/install/t870_msgs/share/t870_msgs/cmake/ament_cmake_export_libraries-extras.cmake
[4.350s] -- Symlinking: /home/aiv/ev_ws/install/t870_msgs/share/t870_msgs/cmake/ament_cmake_export_targets-extras.cmake
[4.358s] -- Symlinking: /home/aiv/ev_ws/install/t870_msgs/share/t870_msgs/cmake/rosidl_cmake_export_typesupport_targets-extras.cmake
[4.367s] -- Symlinking: /home/aiv/ev_ws/install/t870_msgs/share/t870_msgs/cmake/rosidl_cmake_export_typesupport_libraries-extras.cmake
[4.375s] -- Symlinking: /home/aiv/ev_ws/install/t870_msgs/share/t870_msgs/cmake/t870_msgsConfig.cmake
[4.383s] -- Symlinking: /home/aiv/ev_ws/install/t870_msgs/share/t870_msgs/cmake/t870_msgsConfig-version.cmake
[4.391s] -- Symlinking: /home/aiv/ev_ws/install/t870_msgs/share/t870_msgs/package.xml
[4.399s] -- Installing: /home/aiv/ev_ws/install/t870_msgs/lib/libt870_msgs__rosidl_generator_c.so
[4.399s] -- Set runtime path of "/home/aiv/ev_ws/install/t870_msgs/lib/libt870_msgs__rosidl_generator_c.so" to ""
[4.399s] -- Installing: /home/aiv/ev_ws/install/t870_msgs/lib/libt870_msgs__rosidl_typesupport_fastrtps_c.so
[4.399s] -- Set runtime path of "/home/aiv/ev_ws/install/t870_msgs/lib/libt870_msgs__rosidl_typesupport_fastrtps_c.so" to ""
[4.399s] -- Installing: /home/aiv/ev_ws/install/t870_msgs/lib/libt870_msgs__rosidl_typesupport_fastrtps_cpp.so
[4.400s] -- Set runtime path of "/home/aiv/ev_ws/install/t870_msgs/lib/libt870_msgs__rosidl_typesupport_fastrtps_cpp.so" to ""
[4.400s] -- Installing: /home/aiv/ev_ws/install/t870_msgs/lib/libt870_msgs__rosidl_typesupport_introspection_c.so
[4.400s] -- Set runtime path of "/home/aiv/ev_ws/install/t870_msgs/lib/libt870_msgs__rosidl_typesupport_introspection_c.so" to ""
[4.400s] -- Installing: /home/aiv/ev_ws/install/t870_msgs/lib/libt870_msgs__rosidl_typesupport_c.so
[4.400s] -- Set runtime path of "/home/aiv/ev_ws/install/t870_msgs/lib/libt870_msgs__rosidl_typesupport_c.so" to ""
[4.400s] -- Installing: /home/aiv/ev_ws/install/t870_msgs/lib/libt870_msgs__rosidl_typesupport_introspection_cpp.so
[4.401s] -- Set runtime path of "/home/aiv/ev_ws/install/t870_msgs/lib/libt870_msgs__rosidl_typesupport_introspection_cpp.so" to ""
[4.401s] -- Installing: /home/aiv/ev_ws/install/t870_msgs/lib/libt870_msgs__rosidl_typesupport_cpp.so
[4.401s] -- Set runtime path of "/home/aiv/ev_ws/install/t870_msgs/lib/libt870_msgs__rosidl_typesupport_cpp.so" to ""
[4.424s] Listing '/home/aiv/ev_ws/install/t870_msgs/local/lib/python3.10/dist-packages/t870_msgs'...
[4.424s] Compiling '/home/aiv/ev_ws/install/t870_msgs/local/lib/python3.10/dist-packages/t870_msgs/__init__.py'...
[4.424s] Listing '/home/aiv/ev_ws/install/t870_msgs/local/lib/python3.10/dist-packages/t870_msgs/msg'...
[4.424s] Compiling '/home/aiv/ev_ws/install/t870_msgs/local/lib/python3.10/dist-packages/t870_msgs/msg/__init__.py'...
[4.424s] Compiling '/home/aiv/ev_ws/install/t870_msgs/local/lib/python3.10/dist-packages/t870_msgs/msg/_control_command.py'...
[4.424s] Compiling '/home/aiv/ev_ws/install/t870_msgs/local/lib/python3.10/dist-packages/t870_msgs/msg/_feedback.py'...
[4.424s] Listing '/home/aiv/ev_ws/install/t870_msgs/local/lib/python3.10/dist-packages/t870_msgs/srv'...
[4.424s] Compiling '/home/aiv/ev_ws/install/t870_msgs/local/lib/python3.10/dist-packages/t870_msgs/srv/__init__.py'...
[4.424s] Compiling '/home/aiv/ev_ws/install/t870_msgs/local/lib/python3.10/dist-packages/t870_msgs/srv/_mode_command.py'...
[4.427s] -- Installing: /home/aiv/ev_ws/install/t870_msgs/lib/libt870_msgs__rosidl_generator_py.so
[4.427s] -- Set runtime path of "/home/aiv/ev_ws/install/t870_msgs/lib/libt870_msgs__rosidl_generator_py.so" to ""
[4.427s] -- Installing: /home/aiv/ev_ws/install/t870_msgs/share/t870_msgs/cmake/export_t870_msgs__rosidl_generator_cExport.cmake
[4.427s] -- Installing: /home/aiv/ev_ws/install/t870_msgs/share/t870_msgs/cmake/export_t870_msgs__rosidl_generator_cExport-noconfig.cmake
[4.428s] -- Installing: /home/aiv/ev_ws/install/t870_msgs/share/t870_msgs/cmake/export_t870_msgs__rosidl_typesupport_fastrtps_cExport.cmake
[4.428s] -- Installing: /home/aiv/ev_ws/install/t870_msgs/share/t870_msgs/cmake/export_t870_msgs__rosidl_typesupport_fastrtps_cExport-noconfig.cmake
[4.428s] -- Installing: /home/aiv/ev_ws/install/t870_msgs/share/t870_msgs/cmake/export_t870_msgs__rosidl_generator_cppExport.cmake
[4.428s] -- Installing: /home/aiv/ev_ws/install/t870_msgs/share/t870_msgs/cmake/export_t870_msgs__rosidl_typesupport_fastrtps_cppExport.cmake
[4.428s] -- Installing: /home/aiv/ev_ws/install/t870_msgs/share/t870_msgs/cmake/export_t870_msgs__rosidl_typesupport_fastrtps_cppExport-noconfig.cmake
[4.428s] -- Installing: /home/aiv/ev_ws/install/t870_msgs/share/t870_msgs/cmake/t870_msgs__rosidl_typesupport_introspection_cExport.cmake
[4.428s] -- Installing: /home/aiv/ev_ws/install/t870_msgs/share/t870_msgs/cmake/t870_msgs__rosidl_typesupport_introspection_cExport-noconfig.cmake
[4.428s] -- Installing: /home/aiv/ev_ws/install/t870_msgs/share/t870_msgs/cmake/t870_msgs__rosidl_typesupport_cExport.cmake
[4.428s] -- Installing: /home/aiv/ev_ws/install/t870_msgs/share/t870_msgs/cmake/t870_msgs__rosidl_typesupport_cExport-noconfig.cmake
[4.428s] -- Installing: /home/aiv/ev_ws/install/t870_msgs/share/t870_msgs/cmake/t870_msgs__rosidl_typesupport_introspection_cppExport.cmake
[4.428s] -- Installing: /home/aiv/ev_ws/install/t870_msgs/share/t870_msgs/cmake/t870_msgs__rosidl_typesupport_introspection_cppExport-noconfig.cmake
[4.428s] -- Installing: /home/aiv/ev_ws/install/t870_msgs/share/t870_msgs/cmake/t870_msgs__rosidl_typesupport_cppExport.cmake
[4.428s] -- Installing: /home/aiv/ev_ws/install/t870_msgs/share/t870_msgs/cmake/t870_msgs__rosidl_typesupport_cppExport-noconfig.cmake
[4.428s] -- Installing: /home/aiv/ev_ws/install/t870_msgs/share/t870_msgs/cmake/export_t870_msgs__rosidl_generator_pyExport.cmake
[4.428s] -- Installing: /home/aiv/ev_ws/install/t870_msgs/share/t870_msgs/cmake/export_t870_msgs__rosidl_generator_pyExport-noconfig.cmake
[4.430s] Invoked command in '/home/aiv/ev_ws/build/t870_msgs' returned '0': CMAKE_PREFIX_PATH=${CMAKE_PREFIX_PATH}:/opt/ros/humble /usr/bin/cmake --install /home/aiv/ev_ws/build/t870_msgs
