[0.021s] Invoking command in '/home/kimsohee/ev-1-5/ev-Autonomous-Vehicle-1-5/build/t870_util': CMAKE_PREFIX_PATH=/home/kimsohee/ev-1-5/ev-Autonomous-Vehicle-1-5/install/t870_cmake:/home/kimsohee/ev-1-5/ev-Autonomous-Vehicle-1-5/install/velodyne_pointcloud:/home/kimsohee/ev-1-5/ev-Autonomous-Vehicle-1-5/install/velodyne_driver:/home/kimsohee/ev-1-5/ev-Autonomous-Vehicle-1-5/install/velodyne_msgs:/home/kimsohee/ev-1-5/ev-Autonomous-Vehicle-1-5/install/velodyne_cropbox:/home/kimsohee/ev-1-5/ev-Autonomous-Vehicle-1-5/install/t870_serial:/home/kimsohee/ev-1-5/ev-Autonomous-Vehicle-1-5/install/t870_rqt_plugin:/home/kimsohee/ev-1-5/ev-Autonomous-Vehicle-1-5/install/t870_util:/home/kimsohee/ev-1-5/ev-Autonomous-Vehicle-1-5/install/t870_msgs:/home/kimsohee/ev-1-5/ev-Autonomous-Vehicle-1-5/install/make_bbox:/home/kimsohee/ev-1-5/ev-Autonomous-Vehicle-1-5/install/localization_fusion:/home/kimsohee/ev-1-5/ev-Autonomous-Vehicle-1-5/install/ev_msgs:/home/kimsohee/ev-1-5/ev-Autonomous-Vehicle-1-5/install/erp42_serial:/home/kimsohee/ev-1-5/ev-Autonomous-Vehicle-1-5/install/erp42_rqt_plugin:/home/kimsohee/ev-1-5/ev-Autonomous-Vehicle-1-5/install/erp42_util:/home/kimsohee/ev-1-5/ev-Autonomous-Vehicle-1-5/install/erp42_msgs:/home/kimsohee/ev-1-5/ev-Autonomous-Vehicle-1-5/install/erp42_description:/home/kimsohee/ev-1-5/ev-Autonomous-Vehicle-1-5/install/erp42_cmake:/home/kimsohee/ev-1-5/ev-Autonomous-Vehicle-1-5/install/gps_localization:/home/kimsohee/ev-1-5/ev-Autonomous-Vehicle-1-5/install/erp42_gazebo:/home/kimsohee/ev-1-5/ev-Autonomous-Vehicle-1-5/install/carsa_gazebo:/opt/ros/humble /usr/bin/cmake /home/kimsohee/ev-1-5/ev-Autonomous-Vehicle-1-5/t870_ros/src/t870_util -DAMENT_CMAKE_SYMLINK_INSTALL=1 -DCMAKE_INSTALL_PREFIX=/home/kimsohee/ev-1-5/ev-Autonomous-Vehicle-1-5/install/t870_util
[0.112s] -- The C compiler identification is GNU 11.4.0
[0.129s] -- The CXX compiler identification is GNU 11.4.0
[0.137s] -- Detecting C compiler ABI info
[0.208s] -- Detecting C compiler ABI info - done
[0.212s] -- Check for working C compiler: /usr/bin/cc - skipped
[0.212s] -- Detecting C compile features
[0.212s] -- Detecting C compile features - done
[0.228s] -- Detecting CXX compiler ABI info
[0.454s] -- Detecting CXX compiler ABI info - done
[0.458s] -- Check for working CXX compiler: /usr/bin/c++ - skipped
[0.458s] -- Detecting CXX compile features
[0.458s] -- Detecting CXX compile features - done
[0.458s] -- Found t870_cmake: 0.0.0 (/home/kimsohee/ev-1-5/ev-Autonomous-Vehicle-1-5/install/t870_cmake/share/t870_cmake/cmake)
[0.459s] -- Found ament_cmake_auto: 1.3.12 (/opt/ros/humble/share/ament_cmake_auto/cmake)
[0.578s] -- Found Python3: /usr/bin/python3 (found version "3.10.12") found components: Interpreter 
[0.621s] -- Override CMake install command with custom implementation using symlinks instead of copying resources
[0.778s] -- Configuring done
[0.781s] -- Generating done
[0.783s] -- Build files have been written to: /home/kimsohee/ev-1-5/ev-Autonomous-Vehicle-1-5/build/t870_util
[0.793s] Invoked command in '/home/kimsohee/ev-1-5/ev-Autonomous-Vehicle-1-5/build/t870_util' returned '0': CMAKE_PREFIX_PATH=/home/kimsohee/ev-1-5/ev-Autonomous-Vehicle-1-5/install/t870_cmake:/home/kimsohee/ev-1-5/ev-Autonomous-Vehicle-1-5/install/velodyne_pointcloud:/home/kimsohee/ev-1-5/ev-Autonomous-Vehicle-1-5/install/velodyne_driver:/home/kimsohee/ev-1-5/ev-Autonomous-Vehicle-1-5/install/velodyne_msgs:/home/kimsohee/ev-1-5/ev-Autonomous-Vehicle-1-5/install/velodyne_cropbox:/home/kimsohee/ev-1-5/ev-Autonomous-Vehicle-1-5/install/t870_serial:/home/kimsohee/ev-1-5/ev-Autonomous-Vehicle-1-5/install/t870_rqt_plugin:/home/kimsohee/ev-1-5/ev-Autonomous-Vehicle-1-5/install/t870_util:/home/kimsohee/ev-1-5/ev-Autonomous-Vehicle-1-5/install/t870_msgs:/home/kimsohee/ev-1-5/ev-Autonomous-Vehicle-1-5/install/make_bbox:/home/kimsohee/ev-1-5/ev-Autonomous-Vehicle-1-5/install/localization_fusion:/home/kimsohee/ev-1-5/ev-Autonomous-Vehicle-1-5/install/ev_msgs:/home/kimsohee/ev-1-5/ev-Autonomous-Vehicle-1-5/install/erp42_serial:/home/kimsohee/ev-1-5/ev-Autonomous-Vehicle-1-5/install/erp42_rqt_plugin:/home/kimsohee/ev-1-5/ev-Autonomous-Vehicle-1-5/install/erp42_util:/home/kimsohee/ev-1-5/ev-Autonomous-Vehicle-1-5/install/erp42_msgs:/home/kimsohee/ev-1-5/ev-Autonomous-Vehicle-1-5/install/erp42_description:/home/kimsohee/ev-1-5/ev-Autonomous-Vehicle-1-5/install/erp42_cmake:/home/kimsohee/ev-1-5/ev-Autonomous-Vehicle-1-5/install/gps_localization:/home/kimsohee/ev-1-5/ev-Autonomous-Vehicle-1-5/install/erp42_gazebo:/home/kimsohee/ev-1-5/ev-Autonomous-Vehicle-1-5/install/carsa_gazebo:/opt/ros/humble /usr/bin/cmake /home/kimsohee/ev-1-5/ev-Autonomous-Vehicle-1-5/t870_ros/src/t870_util -DAMENT_CMAKE_SYMLINK_INSTALL=1 -DCMAKE_INSTALL_PREFIX=/home/kimsohee/ev-1-5/ev-Autonomous-Vehicle-1-5/install/t870_util
[0.793s] Invoking command in '/home/kimsohee/ev-1-5/ev-Autonomous-Vehicle-1-5/build/t870_util': CMAKE_PREFIX_PATH=/home/kimsohee/ev-1-5/ev-Autonomous-Vehicle-1-5/install/t870_cmake:/home/kimsohee/ev-1-5/ev-Autonomous-Vehicle-1-5/install/velodyne_pointcloud:/home/kimsohee/ev-1-5/ev-Autonomous-Vehicle-1-5/install/velodyne_driver:/home/kimsohee/ev-1-5/ev-Autonomous-Vehicle-1-5/install/velodyne_msgs:/home/kimsohee/ev-1-5/ev-Autonomous-Vehicle-1-5/install/velodyne_cropbox:/home/kimsohee/ev-1-5/ev-Autonomous-Vehicle-1-5/install/t870_serial:/home/kimsohee/ev-1-5/ev-Autonomous-Vehicle-1-5/install/t870_rqt_plugin:/home/kimsohee/ev-1-5/ev-Autonomous-Vehicle-1-5/install/t870_util:/home/kimsohee/ev-1-5/ev-Autonomous-Vehicle-1-5/install/t870_msgs:/home/kimsohee/ev-1-5/ev-Autonomous-Vehicle-1-5/install/make_bbox:/home/kimsohee/ev-1-5/ev-Autonomous-Vehicle-1-5/install/localization_fusion:/home/kimsohee/ev-1-5/ev-Autonomous-Vehicle-1-5/install/ev_msgs:/home/kimsohee/ev-1-5/ev-Autonomous-Vehicle-1-5/install/erp42_serial:/home/kimsohee/ev-1-5/ev-Autonomous-Vehicle-1-5/install/erp42_rqt_plugin:/home/kimsohee/ev-1-5/ev-Autonomous-Vehicle-1-5/install/erp42_util:/home/kimsohee/ev-1-5/ev-Autonomous-Vehicle-1-5/install/erp42_msgs:/home/kimsohee/ev-1-5/ev-Autonomous-Vehicle-1-5/install/erp42_description:/home/kimsohee/ev-1-5/ev-Autonomous-Vehicle-1-5/install/erp42_cmake:/home/kimsohee/ev-1-5/ev-Autonomous-Vehicle-1-5/install/gps_localization:/home/kimsohee/ev-1-5/ev-Autonomous-Vehicle-1-5/install/erp42_gazebo:/home/kimsohee/ev-1-5/ev-Autonomous-Vehicle-1-5/install/carsa_gazebo:/opt/ros/humble /usr/bin/cmake --build /home/kimsohee/ev-1-5/ev-Autonomous-Vehicle-1-5/build/t870_util -- -j10 -l10
[1.245s] [ 50%] [32mBuilding CXX object CMakeFiles/t870_util.dir/src/log.cpp.o[0m
[1.259s] [100%] [32m[1mLinking CXX shared library libt870_util.so[0m
[1.429s] [100%] Built target t870_util
[1.505s] Invoked command in '/home/kimsohee/ev-1-5/ev-Autonomous-Vehicle-1-5/build/t870_util' returned '0': CMAKE_PREFIX_PATH=/home/kimsohee/ev-1-5/ev-Autonomous-Vehicle-1-5/install/t870_cmake:/home/kimsohee/ev-1-5/ev-Autonomous-Vehicle-1-5/install/velodyne_pointcloud:/home/kimsohee/ev-1-5/ev-Autonomous-Vehicle-1-5/install/velodyne_driver:/home/kimsohee/ev-1-5/ev-Autonomous-Vehicle-1-5/install/velodyne_msgs:/home/kimsohee/ev-1-5/ev-Autonomous-Vehicle-1-5/install/velodyne_cropbox:/home/kimsohee/ev-1-5/ev-Autonomous-Vehicle-1-5/install/t870_serial:/home/kimsohee/ev-1-5/ev-Autonomous-Vehicle-1-5/install/t870_rqt_plugin:/home/kimsohee/ev-1-5/ev-Autonomous-Vehicle-1-5/install/t870_util:/home/kimsohee/ev-1-5/ev-Autonomous-Vehicle-1-5/install/t870_msgs:/home/kimsohee/ev-1-5/ev-Autonomous-Vehicle-1-5/install/make_bbox:/home/kimsohee/ev-1-5/ev-Autonomous-Vehicle-1-5/install/localization_fusion:/home/kimsohee/ev-1-5/ev-Autonomous-Vehicle-1-5/install/ev_msgs:/home/kimsohee/ev-1-5/ev-Autonomous-Vehicle-1-5/install/erp42_serial:/home/kimsohee/ev-1-5/ev-Autonomous-Vehicle-1-5/install/erp42_rqt_plugin:/home/kimsohee/ev-1-5/ev-Autonomous-Vehicle-1-5/install/erp42_util:/home/kimsohee/ev-1-5/ev-Autonomous-Vehicle-1-5/install/erp42_msgs:/home/kimsohee/ev-1-5/ev-Autonomous-Vehicle-1-5/install/erp42_description:/home/kimsohee/ev-1-5/ev-Autonomous-Vehicle-1-5/install/erp42_cmake:/home/kimsohee/ev-1-5/ev-Autonomous-Vehicle-1-5/install/gps_localization:/home/kimsohee/ev-1-5/ev-Autonomous-Vehicle-1-5/install/erp42_gazebo:/home/kimsohee/ev-1-5/ev-Autonomous-Vehicle-1-5/install/carsa_gazebo:/opt/ros/humble /usr/bin/cmake --build /home/kimsohee/ev-1-5/ev-Autonomous-Vehicle-1-5/build/t870_util -- -j10 -l10
[1.505s] Invoking command in '/home/kimsohee/ev-1-5/ev-Autonomous-Vehicle-1-5/build/t870_util': CMAKE_PREFIX_PATH=/home/kimsohee/ev-1-5/ev-Autonomous-Vehicle-1-5/install/t870_cmake:/home/kimsohee/ev-1-5/ev-Autonomous-Vehicle-1-5/install/velodyne_pointcloud:/home/kimsohee/ev-1-5/ev-Autonomous-Vehicle-1-5/install/velodyne_driver:/home/kimsohee/ev-1-5/ev-Autonomous-Vehicle-1-5/install/velodyne_msgs:/home/kimsohee/ev-1-5/ev-Autonomous-Vehicle-1-5/install/velodyne_cropbox:/home/kimsohee/ev-1-5/ev-Autonomous-Vehicle-1-5/install/t870_serial:/home/kimsohee/ev-1-5/ev-Autonomous-Vehicle-1-5/install/t870_rqt_plugin:/home/kimsohee/ev-1-5/ev-Autonomous-Vehicle-1-5/install/t870_util:/home/kimsohee/ev-1-5/ev-Autonomous-Vehicle-1-5/install/t870_msgs:/home/kimsohee/ev-1-5/ev-Autonomous-Vehicle-1-5/install/make_bbox:/home/kimsohee/ev-1-5/ev-Autonomous-Vehicle-1-5/install/localization_fusion:/home/kimsohee/ev-1-5/ev-Autonomous-Vehicle-1-5/install/ev_msgs:/home/kimsohee/ev-1-5/ev-Autonomous-Vehicle-1-5/install/erp42_serial:/home/kimsohee/ev-1-5/ev-Autonomous-Vehicle-1-5/install/erp42_rqt_plugin:/home/kimsohee/ev-1-5/ev-Autonomous-Vehicle-1-5/install/erp42_util:/home/kimsohee/ev-1-5/ev-Autonomous-Vehicle-1-5/install/erp42_msgs:/home/kimsohee/ev-1-5/ev-Autonomous-Vehicle-1-5/install/erp42_description:/home/kimsohee/ev-1-5/ev-Autonomous-Vehicle-1-5/install/erp42_cmake:/home/kimsohee/ev-1-5/ev-Autonomous-Vehicle-1-5/install/gps_localization:/home/kimsohee/ev-1-5/ev-Autonomous-Vehicle-1-5/install/erp42_gazebo:/home/kimsohee/ev-1-5/ev-Autonomous-Vehicle-1-5/install/carsa_gazebo:/opt/ros/humble /usr/bin/cmake --install /home/kimsohee/ev-1-5/ev-Autonomous-Vehicle-1-5/build/t870_util
[1.982s] -- Install configuration: ""
[1.982s] -- Execute custom install script
[1.982s] -- Symlinking: /home/kimsohee/ev-1-5/ev-Autonomous-Vehicle-1-5/install/t870_util/include/t870_util/t870_util/exception.hpp
[1.982s] -- Symlinking: /home/kimsohee/ev-1-5/ev-Autonomous-Vehicle-1-5/install/t870_util/include/t870_util/t870_util/log.hpp
[1.982s] -- Symlinking: /home/kimsohee/ev-1-5/ev-Autonomous-Vehicle-1-5/install/t870_util/share/t870_util/environment/library_path.sh
[1.982s] -- Symlinking: /home/kimsohee/ev-1-5/ev-Autonomous-Vehicle-1-5/install/t870_util/share/t870_util/environment/library_path.dsv
[1.982s] -- Symlinking: /home/kimsohee/ev-1-5/ev-Autonomous-Vehicle-1-5/install/t870_util/lib/libt870_util.so
[1.982s] -- Symlinking: /home/kimsohee/ev-1-5/ev-Autonomous-Vehicle-1-5/install/t870_util/share/ament_index/resource_index/package_run_dependencies/t870_util
[1.982s] -- Symlinking: /home/kimsohee/ev-1-5/ev-Autonomous-Vehicle-1-5/install/t870_util/share/ament_index/resource_index/parent_prefix_path/t870_util
[1.982s] -- Symlinking: /home/kimsohee/ev-1-5/ev-Autonomous-Vehicle-1-5/install/t870_util/share/t870_util/environment/ament_prefix_path.sh
[1.982s] -- Symlinking: /home/kimsohee/ev-1-5/ev-Autonomous-Vehicle-1-5/install/t870_util/share/t870_util/environment/ament_prefix_path.dsv
[1.982s] -- Symlinking: /home/kimsohee/ev-1-5/ev-Autonomous-Vehicle-1-5/install/t870_util/share/t870_util/environment/path.sh
[1.982s] -- Symlinking: /home/kimsohee/ev-1-5/ev-Autonomous-Vehicle-1-5/install/t870_util/share/t870_util/environment/path.dsv
[1.982s] -- Symlinking: /home/kimsohee/ev-1-5/ev-Autonomous-Vehicle-1-5/install/t870_util/share/t870_util/local_setup.bash
[1.982s] -- Symlinking: /home/kimsohee/ev-1-5/ev-Autonomous-Vehicle-1-5/install/t870_util/share/t870_util/local_setup.sh
[1.982s] -- Symlinking: /home/kimsohee/ev-1-5/ev-Autonomous-Vehicle-1-5/install/t870_util/share/t870_util/local_setup.zsh
[1.982s] -- Symlinking: /home/kimsohee/ev-1-5/ev-Autonomous-Vehicle-1-5/install/t870_util/share/t870_util/local_setup.dsv
[1.982s] -- Symlinking: /home/kimsohee/ev-1-5/ev-Autonomous-Vehicle-1-5/install/t870_util/share/t870_util/package.dsv
[1.982s] -- Symlinking: /home/kimsohee/ev-1-5/ev-Autonomous-Vehicle-1-5/install/t870_util/share/ament_index/resource_index/packages/t870_util
[2.013s] -- Symlinking: /home/kimsohee/ev-1-5/ev-Autonomous-Vehicle-1-5/install/t870_util/share/t870_util/cmake/ament_cmake_export_include_directories-extras.cmake
[2.046s] -- Symlinking: /home/kimsohee/ev-1-5/ev-Autonomous-Vehicle-1-5/install/t870_util/share/t870_util/cmake/ament_cmake_export_libraries-extras.cmake
[2.080s] -- Symlinking: /home/kimsohee/ev-1-5/ev-Autonomous-Vehicle-1-5/install/t870_util/share/t870_util/cmake/t870_utilConfig.cmake
[2.105s] -- Symlinking: /home/kimsohee/ev-1-5/ev-Autonomous-Vehicle-1-5/install/t870_util/share/t870_util/cmake/t870_utilConfig-version.cmake
[2.141s] -- Symlinking: /home/kimsohee/ev-1-5/ev-Autonomous-Vehicle-1-5/install/t870_util/share/t870_util/package.xml
[2.190s] Invoked command in '/home/kimsohee/ev-1-5/ev-Autonomous-Vehicle-1-5/build/t870_util' returned '0': CMAKE_PREFIX_PATH=/home/kimsohee/ev-1-5/ev-Autonomous-Vehicle-1-5/install/t870_cmake:/home/kimsohee/ev-1-5/ev-Autonomous-Vehicle-1-5/install/velodyne_pointcloud:/home/kimsohee/ev-1-5/ev-Autonomous-Vehicle-1-5/install/velodyne_driver:/home/kimsohee/ev-1-5/ev-Autonomous-Vehicle-1-5/install/velodyne_msgs:/home/kimsohee/ev-1-5/ev-Autonomous-Vehicle-1-5/install/velodyne_cropbox:/home/kimsohee/ev-1-5/ev-Autonomous-Vehicle-1-5/install/t870_serial:/home/kimsohee/ev-1-5/ev-Autonomous-Vehicle-1-5/install/t870_rqt_plugin:/home/kimsohee/ev-1-5/ev-Autonomous-Vehicle-1-5/install/t870_util:/home/kimsohee/ev-1-5/ev-Autonomous-Vehicle-1-5/install/t870_msgs:/home/kimsohee/ev-1-5/ev-Autonomous-Vehicle-1-5/install/make_bbox:/home/kimsohee/ev-1-5/ev-Autonomous-Vehicle-1-5/install/localization_fusion:/home/kimsohee/ev-1-5/ev-Autonomous-Vehicle-1-5/install/ev_msgs:/home/kimsohee/ev-1-5/ev-Autonomous-Vehicle-1-5/install/erp42_serial:/home/kimsohee/ev-1-5/ev-Autonomous-Vehicle-1-5/install/erp42_rqt_plugin:/home/kimsohee/ev-1-5/ev-Autonomous-Vehicle-1-5/install/erp42_util:/home/kimsohee/ev-1-5/ev-Autonomous-Vehicle-1-5/install/erp42_msgs:/home/kimsohee/ev-1-5/ev-Autonomous-Vehicle-1-5/install/erp42_description:/home/kimsohee/ev-1-5/ev-Autonomous-Vehicle-1-5/install/erp42_cmake:/home/kimsohee/ev-1-5/ev-Autonomous-Vehicle-1-5/install/gps_localization:/home/kimsohee/ev-1-5/ev-Autonomous-Vehicle-1-5/install/erp42_gazebo:/home/kimsohee/ev-1-5/ev-Autonomous-Vehicle-1-5/install/carsa_gazebo:/opt/ros/humble /usr/bin/cmake --install /home/kimsohee/ev-1-5/ev-Autonomous-Vehicle-1-5/build/t870_util
