[0.006s] Invoking command in '/home/aiv/ev_ws/planning/build/chaining_costmap_ver': CMAKE_PREFIX_PATH=${CMAKE_PREFIX_PATH}:/opt/ros/humble /usr/bin/cmake --build /home/aiv/ev_ws/planning/build/chaining_costmap_ver -- -j28 -l28
[0.035s] Consolidate compiler generated dependencies of target chaining_costmap_postprocess
[0.039s] Consolidate compiler generated dependencies of target chaining_costmap_costmap
[0.040s] Consolidate compiler generated dependencies of target chaining_costmap_astar
[0.040s] Consolidate compiler generated dependencies of target chaining_costmap_chainer
[0.043s] [ 16%] Built target chaining_costmap_postprocess
[0.047s] [ 25%] Building CXX object CMakeFiles/chaining_costmap_costmap.dir/src/costmap/costmap_generator.cpp.o
[0.047s] [ 41%] Built target lc_planner_node_exe
[0.048s] [ 58%] Built target chaining_costmap_chainer
[0.050s] [ 66%] Building CXX object CMakeFiles/chaining_costmap_astar.dir/src/planner/astar_planner.cpp.o
[1.456s] [ 75%] Linking CXX shared library libchaining_costmap_costmap.so
[1.530s] [ 75%] Built target chaining_costmap_costmap
[1.533s] [ 83%] Linking CXX shared library libchaining_costmap_astar.so
[1.599s] [ 83%] Built target chaining_costmap_astar
[1.609s] Consolidate compiler generated dependencies of target lc_planner_component
[1.620s] [ 91%] Building CXX object CMakeFiles/lc_planner_component.dir/src/nodes/chaining_costmap_ver_node.cpp.o
[8.165s] [100%] Linking CXX shared library liblc_planner_component.so
[8.550s] [100%] Built target lc_planner_component
[8.558s] Invoked command in '/home/aiv/ev_ws/planning/build/chaining_costmap_ver' returned '0': CMAKE_PREFIX_PATH=${CMAKE_PREFIX_PATH}:/opt/ros/humble /usr/bin/cmake --build /home/aiv/ev_ws/planning/build/chaining_costmap_ver -- -j28 -l28
[8.563s] Invoking command in '/home/aiv/ev_ws/planning/build/chaining_costmap_ver': CMAKE_PREFIX_PATH=${CMAKE_PREFIX_PATH}:/opt/ros/humble /usr/bin/cmake --install /home/aiv/ev_ws/planning/build/chaining_costmap_ver
[8.568s] -- Install configuration: ""
[8.568s] -- Execute custom install script
[8.568s] -- Up-to-date symlink: /home/aiv/ev_ws/planning/install/chaining_costmap_ver/lib/libchaining_costmap_chainer.so
[8.568s] -- Up-to-date symlink: /home/aiv/ev_ws/planning/install/chaining_costmap_ver/lib/libchaining_costmap_costmap.so
[8.568s] -- Up-to-date symlink: /home/aiv/ev_ws/planning/install/chaining_costmap_ver/lib/libchaining_costmap_astar.so
[8.568s] -- Up-to-date symlink: /home/aiv/ev_ws/planning/install/chaining_costmap_ver/lib/libchaining_costmap_postprocess.so
[8.569s] -- Up-to-date symlink: /home/aiv/ev_ws/planning/install/chaining_costmap_ver/lib/chaining_costmap_ver/lc_planner_node_exe
[8.569s] -- Up-to-date symlink: /home/aiv/ev_ws/planning/install/chaining_costmap_ver/lib/liblc_planner_component.so
[8.569s] -- Up-to-date symlink: /home/aiv/ev_ws/planning/install/chaining_costmap_ver/include/chaining_costmap_ver/chainer/direction_chainer.hpp
[8.569s] -- Up-to-date symlink: /home/aiv/ev_ws/planning/install/chaining_costmap_ver/include/chaining_costmap_ver/common/debug_publish.hpp
[8.569s] -- Up-to-date symlink: /home/aiv/ev_ws/planning/install/chaining_costmap_ver/include/chaining_costmap_ver/common/geometry.hpp
[8.569s] -- Up-to-date symlink: /home/aiv/ev_ws/planning/install/chaining_costmap_ver/include/chaining_costmap_ver/common/params.hpp
[8.569s] -- Up-to-date symlink: /home/aiv/ev_ws/planning/install/chaining_costmap_ver/include/chaining_costmap_ver/common/types.hpp
[8.569s] -- Up-to-date symlink: /home/aiv/ev_ws/planning/install/chaining_costmap_ver/include/chaining_costmap_ver/costmap/costmap_generator.hpp
[8.569s] -- Up-to-date symlink: /home/aiv/ev_ws/planning/install/chaining_costmap_ver/include/chaining_costmap_ver/nodes/chaining_costmap_ver_node.hpp
[8.569s] -- Up-to-date symlink: /home/aiv/ev_ws/planning/install/chaining_costmap_ver/include/chaining_costmap_ver/planner/astar_planner.hpp
[8.569s] -- Up-to-date symlink: /home/aiv/ev_ws/planning/install/chaining_costmap_ver/include/chaining_costmap_ver/postprocess/path_postprocessor.hpp
[8.569s] -- Up-to-date symlink: /home/aiv/ev_ws/planning/install/chaining_costmap_ver/include/chaining_costmap_ver/safety/safety_checker.hpp
[8.570s] -- Up-to-date symlink: /home/aiv/ev_ws/planning/install/chaining_costmap_ver/share/chaining_costmap_ver/config/chaining_costmap_ver.yaml
[8.570s] -- Up-to-date symlink: /home/aiv/ev_ws/planning/install/chaining_costmap_ver/share/chaining_costmap_ver/launch/chaining_costmap_ver.launch.py
[8.570s] -- Up-to-date symlink: /home/aiv/ev_ws/planning/install/chaining_costmap_ver/share/ament_index/resource_index/package_run_dependencies/chaining_costmap_ver
[8.570s] -- Up-to-date symlink: /home/aiv/ev_ws/planning/install/chaining_costmap_ver/share/ament_index/resource_index/parent_prefix_path/chaining_costmap_ver
[8.570s] -- Up-to-date symlink: /home/aiv/ev_ws/planning/install/chaining_costmap_ver/share/chaining_costmap_ver/environment/ament_prefix_path.sh
[8.570s] -- Up-to-date symlink: /home/aiv/ev_ws/planning/install/chaining_costmap_ver/share/chaining_costmap_ver/environment/ament_prefix_path.dsv
[8.570s] -- Up-to-date symlink: /home/aiv/ev_ws/planning/install/chaining_costmap_ver/share/chaining_costmap_ver/environment/path.sh
[8.570s] -- Up-to-date symlink: /home/aiv/ev_ws/planning/install/chaining_costmap_ver/share/chaining_costmap_ver/environment/path.dsv
[8.570s] -- Up-to-date symlink: /home/aiv/ev_ws/planning/install/chaining_costmap_ver/share/chaining_costmap_ver/local_setup.bash
[8.570s] -- Up-to-date symlink: /home/aiv/ev_ws/planning/install/chaining_costmap_ver/share/chaining_costmap_ver/local_setup.sh
[8.570s] -- Up-to-date symlink: /home/aiv/ev_ws/planning/install/chaining_costmap_ver/share/chaining_costmap_ver/local_setup.zsh
[8.570s] -- Up-to-date symlink: /home/aiv/ev_ws/planning/install/chaining_costmap_ver/share/chaining_costmap_ver/local_setup.dsv
[8.570s] -- Symlinking: /home/aiv/ev_ws/planning/install/chaining_costmap_ver/share/chaining_costmap_ver/package.dsv
[8.576s] -- Up-to-date symlink: /home/aiv/ev_ws/planning/install/chaining_costmap_ver/share/ament_index/resource_index/packages/chaining_costmap_ver
[8.576s] -- Up-to-date symlink: /home/aiv/ev_ws/planning/install/chaining_costmap_ver/share/ament_index/resource_index/rclcpp_components/chaining_costmap_ver
[8.576s] -- Up-to-date symlink: /home/aiv/ev_ws/planning/install/chaining_costmap_ver/share/chaining_costmap_ver/cmake/chaining_costmap_verConfig.cmake
[8.576s] -- Up-to-date symlink: /home/aiv/ev_ws/planning/install/chaining_costmap_ver/share/chaining_costmap_ver/cmake/chaining_costmap_verConfig-version.cmake
[8.576s] -- Up-to-date symlink: /home/aiv/ev_ws/planning/install/chaining_costmap_ver/share/chaining_costmap_ver/package.xml
[8.577s] Invoked command in '/home/aiv/ev_ws/planning/build/chaining_costmap_ver' returned '0': CMAKE_PREFIX_PATH=${CMAKE_PREFIX_PATH}:/opt/ros/humble /usr/bin/cmake --install /home/aiv/ev_ws/planning/build/chaining_costmap_ver
