-- The C compiler identification is GNU 11.4.0
-- The CXX compiler identification is GNU 11.4.0
-- Detecting C compiler ABI info
-- Detecting C compiler ABI info - done
-- Check for working C compiler: /usr/bin/cc - skipped
-- Detecting C compile features
-- Detecting C compile features - done
-- Detecting CXX compiler ABI info
-- Detecting CXX compiler ABI info - done
-- Check for working CXX compiler: /usr/bin/c++ - skipped
-- Detecting CXX compile features
-- Detecting CXX compile features - done
-- Found ament_cmake: 1.3.12 (/opt/ros/humble/share/ament_cmake/cmake)
-- Found Python3: /usr/bin/python3 (found version "3.10.12") found components: Interpreter 
-- Found rclcpp: 16.0.17 (/opt/ros/humble/share/rclcpp/cmake)
-- Found rosidl_generator_c: 3.1.8 (/opt/ros/humble/share/rosidl_generator_c/cmake)
-- Found rosidl_adapter: 3.1.8 (/opt/ros/humble/share/rosidl_adapter/cmake)
-- Found rosidl_generator_cpp: 3.1.8 (/opt/ros/humble/share/rosidl_generator_cpp/cmake)
-- Using all available rosidl_typesupport_c: rosidl_typesupport_fastrtps_c;rosidl_typesupport_introspection_c
-- Using all available rosidl_typesupport_cpp: rosidl_typesupport_fastrtps_cpp;rosidl_typesupport_introspection_cpp
-- Found rmw_implementation_cmake: 6.1.2 (/opt/ros/humble/share/rmw_implementation_cmake/cmake)
-- Found rmw_fastrtps_cpp: 6.2.9 (/opt/ros/humble/share/rmw_fastrtps_cpp/cmake)
-- Found OpenSSL: /usr/lib/x86_64-linux-gnu/libcrypto.so (found version "3.0.2")  
-- Found FastRTPS: /opt/ros/humble/include  
-- Using RMW implementation 'rmw_fastrtps_cpp' as default
-- Looking for pthread.h
-- Looking for pthread.h - found
-- Performing Test CMAKE_HAVE_LIBC_PTHREAD
-- Performing Test CMAKE_HAVE_LIBC_PTHREAD - Success
-- Found Threads: TRUE  
-- Found rclcpp_components: 16.0.17 (/opt/ros/humble/share/rclcpp_components/cmake)
-- Found nav_msgs: 4.9.0 (/opt/ros/humble/share/nav_msgs/cmake)
-- Found ev_msgs: 0.1.0 (/home/kimsohee/ev-1-5/ev_ws/ev_msgs/install/ev_msgs/share/ev_msgs/cmake)
-- Found visualization_msgs: 4.9.0 (/opt/ros/humble/share/visualization_msgs/cmake)
-- Found ament_lint_auto: 0.12.14 (/opt/ros/humble/share/ament_lint_auto/cmake)
-- Added test 'cppcheck' to perform static code analysis on C / C++ code
-- Configured cppcheck include dirs: /home/kimsohee/ev-1-5/ev_ws/planning/src/chaining_costmap_ver/include
-- Configured cppcheck exclude dirs and/or files: 
-- Added test 'flake8' to check Python code syntax and style conventions
-- Added test 'lint_cmake' to check CMake code style
-- Added test 'pep257' to check Python code against some of the docstring style conventions in PEP 257
-- Added test 'uncrustify' to check C / C++ code style
-- Configured uncrustify additional arguments: 
-- Added test 'xmllint' to check XML markup files
-- Configuring done
-- Generating done
-- Build files have been written to: /home/kimsohee/ev-1-5/ev_ws/planning/build/chaining_costmap_ver
[  8%] [32mBuilding CXX object CMakeFiles/chaining_costmap_chainer.dir/src/chainer/direction_chainer.cpp.o[0m
[ 16%] [32m[1mLinking CXX shared library libchaining_costmap_chainer.so[0m
[ 16%] Built target chaining_costmap_chainer
[ 25%] [32mBuilding CXX object CMakeFiles/lc_planner_node_exe.dir/rclcpp_components/node_main_lc_planner_node_exe.cpp.o[0m
[ 33%] [32m[1mLinking CXX executable lc_planner_node_exe[0m
[ 33%] Built target lc_planner_node_exe
[ 41%] [32mBuilding CXX object CMakeFiles/chaining_costmap_postprocess.dir/src/postprocess/path_postprocessor.cpp.o[0m
[ 50%] [32m[1mLinking CXX shared library libchaining_costmap_postprocess.so[0m
[ 50%] Built target chaining_costmap_postprocess
[ 58%] [32mBuilding CXX object CMakeFiles/chaining_costmap_astar.dir/src/planner/astar_planner.cpp.o[0m
[ 66%] [32m[1mLinking CXX shared library libchaining_costmap_astar.so[0m
[ 66%] Built target chaining_costmap_astar
[ 75%] [32mBuilding CXX object CMakeFiles/chaining_costmap_costmap.dir/src/costmap/costmap_generator.cpp.o[0m
[ 83%] [32m[1mLinking CXX shared library libchaining_costmap_costmap.so[0m
[ 83%] Built target chaining_costmap_costmap
[ 91%] [32mBuilding CXX object CMakeFiles/lc_planner_component.dir/src/nodes/chaining_costmap_ver_node.cpp.o[0m
[100%] [32m[1mLinking CXX shared library liblc_planner_component.so[0m
[100%] Built target lc_planner_component
-- Install configuration: ""
-- Installing: /home/kimsohee/ev-1-5/ev_ws/planning/install/chaining_costmap_ver/lib/libchaining_costmap_chainer.so
-- Set runtime path of "/home/kimsohee/ev-1-5/ev_ws/planning/install/chaining_costmap_ver/lib/libchaining_costmap_chainer.so" to ""
-- Installing: /home/kimsohee/ev-1-5/ev_ws/planning/install/chaining_costmap_ver/lib/libchaining_costmap_costmap.so
-- Set runtime path of "/home/kimsohee/ev-1-5/ev_ws/planning/install/chaining_costmap_ver/lib/libchaining_costmap_costmap.so" to ""
-- Installing: /home/kimsohee/ev-1-5/ev_ws/planning/install/chaining_costmap_ver/lib/libchaining_costmap_astar.so
-- Set runtime path of "/home/kimsohee/ev-1-5/ev_ws/planning/install/chaining_costmap_ver/lib/libchaining_costmap_astar.so" to ""
-- Installing: /home/kimsohee/ev-1-5/ev_ws/planning/install/chaining_costmap_ver/lib/libchaining_costmap_postprocess.so
-- Set runtime path of "/home/kimsohee/ev-1-5/ev_ws/planning/install/chaining_costmap_ver/lib/libchaining_costmap_postprocess.so" to ""
-- Installing: /home/kimsohee/ev-1-5/ev_ws/planning/install/chaining_costmap_ver/lib/chaining_costmap_ver/lc_planner_node_exe
-- Set runtime path of "/home/kimsohee/ev-1-5/ev_ws/planning/install/chaining_costmap_ver/lib/chaining_costmap_ver/lc_planner_node_exe" to ""
-- Installing: /home/kimsohee/ev-1-5/ev_ws/planning/install/chaining_costmap_ver/lib/liblc_planner_component.so
-- Set runtime path of "/home/kimsohee/ev-1-5/ev_ws/planning/install/chaining_costmap_ver/lib/liblc_planner_component.so" to ""
-- Installing: /home/kimsohee/ev-1-5/ev_ws/planning/install/chaining_costmap_ver/include
-- Installing: /home/kimsohee/ev-1-5/ev_ws/planning/install/chaining_costmap_ver/include/chaining_costmap_ver
-- Installing: /home/kimsohee/ev-1-5/ev_ws/planning/install/chaining_costmap_ver/include/chaining_costmap_ver/safety
-- Installing: /home/kimsohee/ev-1-5/ev_ws/planning/install/chaining_costmap_ver/include/chaining_costmap_ver/safety/safety_checker.hpp
-- Installing: /home/kimsohee/ev-1-5/ev_ws/planning/install/chaining_costmap_ver/include/chaining_costmap_ver/common
-- Installing: /home/kimsohee/ev-1-5/ev_ws/planning/install/chaining_costmap_ver/include/chaining_costmap_ver/common/geometry.hpp
-- Installing: /home/kimsohee/ev-1-5/ev_ws/planning/install/chaining_costmap_ver/include/chaining_costmap_ver/common/params.hpp
-- Installing: /home/kimsohee/ev-1-5/ev_ws/planning/install/chaining_costmap_ver/include/chaining_costmap_ver/common/types.hpp
-- Installing: /home/kimsohee/ev-1-5/ev_ws/planning/install/chaining_costmap_ver/include/chaining_costmap_ver/common/debug_publish.hpp
-- Installing: /home/kimsohee/ev-1-5/ev_ws/planning/install/chaining_costmap_ver/include/chaining_costmap_ver/planner
-- Installing: /home/kimsohee/ev-1-5/ev_ws/planning/install/chaining_costmap_ver/include/chaining_costmap_ver/planner/astar_planner.hpp
-- Installing: /home/kimsohee/ev-1-5/ev_ws/planning/install/chaining_costmap_ver/include/chaining_costmap_ver/nodes
-- Installing: /home/kimsohee/ev-1-5/ev_ws/planning/install/chaining_costmap_ver/include/chaining_costmap_ver/nodes/chaining_costmap_ver_node.hpp
-- Installing: /home/kimsohee/ev-1-5/ev_ws/planning/install/chaining_costmap_ver/include/chaining_costmap_ver/costmap
-- Installing: /home/kimsohee/ev-1-5/ev_ws/planning/install/chaining_costmap_ver/include/chaining_costmap_ver/costmap/costmap_generator.hpp
-- Installing: /home/kimsohee/ev-1-5/ev_ws/planning/install/chaining_costmap_ver/include/chaining_costmap_ver/chainer
-- Installing: /home/kimsohee/ev-1-5/ev_ws/planning/install/chaining_costmap_ver/include/chaining_costmap_ver/chainer/direction_chainer.hpp
-- Installing: /home/kimsohee/ev-1-5/ev_ws/planning/install/chaining_costmap_ver/include/chaining_costmap_ver/postprocess
-- Installing: /home/kimsohee/ev-1-5/ev_ws/planning/install/chaining_costmap_ver/include/chaining_costmap_ver/postprocess/path_postprocessor.hpp
-- Installing: /home/kimsohee/ev-1-5/ev_ws/planning/install/chaining_costmap_ver/share/chaining_costmap_ver/config
-- Installing: /home/kimsohee/ev-1-5/ev_ws/planning/install/chaining_costmap_ver/share/chaining_costmap_ver/config/chaining_costmap_ver.yaml
-- Installing: /home/kimsohee/ev-1-5/ev_ws/planning/install/chaining_costmap_ver/share/chaining_costmap_ver/launch
-- Installing: /home/kimsohee/ev-1-5/ev_ws/planning/install/chaining_costmap_ver/share/chaining_costmap_ver/launch/chaining_costmap_ver.launch.py
-- Installing: /home/kimsohee/ev-1-5/ev_ws/planning/install/chaining_costmap_ver/share/ament_index/resource_index/package_run_dependencies/chaining_costmap_ver
-- Installing: /home/kimsohee/ev-1-5/ev_ws/planning/install/chaining_costmap_ver/share/ament_index/resource_index/parent_prefix_path/chaining_costmap_ver
-- Installing: /home/kimsohee/ev-1-5/ev_ws/planning/install/chaining_costmap_ver/share/chaining_costmap_ver/environment/ament_prefix_path.sh
-- Installing: /home/kimsohee/ev-1-5/ev_ws/planning/install/chaining_costmap_ver/share/chaining_costmap_ver/environment/ament_prefix_path.dsv
-- Installing: /home/kimsohee/ev-1-5/ev_ws/planning/install/chaining_costmap_ver/share/chaining_costmap_ver/environment/path.sh
-- Installing: /home/kimsohee/ev-1-5/ev_ws/planning/install/chaining_costmap_ver/share/chaining_costmap_ver/environment/path.dsv
-- Installing: /home/kimsohee/ev-1-5/ev_ws/planning/install/chaining_costmap_ver/share/chaining_costmap_ver/local_setup.bash
-- Installing: /home/kimsohee/ev-1-5/ev_ws/planning/install/chaining_costmap_ver/share/chaining_costmap_ver/local_setup.sh
-- Installing: /home/kimsohee/ev-1-5/ev_ws/planning/install/chaining_costmap_ver/share/chaining_costmap_ver/local_setup.zsh
-- Installing: /home/kimsohee/ev-1-5/ev_ws/planning/install/chaining_costmap_ver/share/chaining_costmap_ver/local_setup.dsv
-- Installing: /home/kimsohee/ev-1-5/ev_ws/planning/install/chaining_costmap_ver/share/chaining_costmap_ver/package.dsv
-- Installing: /home/kimsohee/ev-1-5/ev_ws/planning/install/chaining_costmap_ver/share/ament_index/resource_index/packages/chaining_costmap_ver
-- Installing: /home/kimsohee/ev-1-5/ev_ws/planning/install/chaining_costmap_ver/share/ament_index/resource_index/rclcpp_components/chaining_costmap_ver
-- Installing: /home/kimsohee/ev-1-5/ev_ws/planning/install/chaining_costmap_ver/share/chaining_costmap_ver/cmake/chaining_costmap_verConfig.cmake
-- Installing: /home/kimsohee/ev-1-5/ev_ws/planning/install/chaining_costmap_ver/share/chaining_costmap_ver/cmake/chaining_costmap_verConfig-version.cmake
-- Installing: /home/kimsohee/ev-1-5/ev_ws/planning/install/chaining_costmap_ver/share/chaining_costmap_ver/package.xml
