[0.016s] Invoking command in '/home/kimsohee/ev-1-5/ev_ws/planning/build/chaining_costmap_ver': CMAKE_PREFIX_PATH=${CMAKE_PREFIX_PATH}:/opt/ros/humble /usr/bin/cmake /home/kimsohee/ev-1-5/ev_ws/planning/src/chaining_costmap_ver -DCMAKE_INSTALL_PREFIX=/home/kimsohee/ev-1-5/ev_ws/planning/install/chaining_costmap_ver
[0.205s] -- The C compiler identification is GNU 11.4.0
[0.367s] -- The CXX compiler identification is GNU 11.4.0
[0.395s] -- Detecting C compiler ABI info
[0.562s] -- Detecting C compiler ABI info - done
[0.583s] -- Check for working C compiler: /usr/bin/cc - skipped
[0.594s] -- Detecting C compile features
[0.594s] -- Detecting C compile features - done
[0.605s] -- Detecting CXX compiler ABI info
[0.772s] -- Detecting CXX compiler ABI info - done
[0.790s] -- Check for working CXX compiler: /usr/bin/c++ - skipped
[0.790s] -- Detecting CXX compile features
[0.790s] -- Detecting CXX compile features - done
[0.804s] -- Found ament_cmake: 1.3.12 (/opt/ros/humble/share/ament_cmake/cmake)
[1.144s] -- Found Python3: /usr/bin/python3 (found version "3.10.12") found components: Interpreter 
[1.384s] -- Found rclcpp: 16.0.17 (/opt/ros/humble/share/rclcpp/cmake)
[1.508s] -- Found rosidl_generator_c: 3.1.8 (/opt/ros/humble/share/rosidl_generator_c/cmake)
[1.524s] -- Found rosidl_adapter: 3.1.8 (/opt/ros/humble/share/rosidl_adapter/cmake)
[1.546s] -- Found rosidl_generator_cpp: 3.1.8 (/opt/ros/humble/share/rosidl_generator_cpp/cmake)
[1.590s] -- Using all available rosidl_typesupport_c: rosidl_typesupport_fastrtps_c;rosidl_typesupport_introspection_c
[1.644s] -- Using all available rosidl_typesupport_cpp: rosidl_typesupport_fastrtps_cpp;rosidl_typesupport_introspection_cpp
[1.770s] -- Found rmw_implementation_cmake: 6.1.2 (/opt/ros/humble/share/rmw_implementation_cmake/cmake)
[1.779s] -- Found rmw_fastrtps_cpp: 6.2.9 (/opt/ros/humble/share/rmw_fastrtps_cpp/cmake)
[2.003s] -- Found OpenSSL: /usr/lib/x86_64-linux-gnu/libcrypto.so (found version "3.0.2")  
[2.066s] -- Found FastRTPS: /opt/ros/humble/include  
[2.152s] -- Using RMW implementation 'rmw_fastrtps_cpp' as default
[2.185s] -- Looking for pthread.h
[2.375s] -- Looking for pthread.h - found
[2.376s] -- Performing Test CMAKE_HAVE_LIBC_PTHREAD
[2.542s] -- Performing Test CMAKE_HAVE_LIBC_PTHREAD - Success
[2.545s] -- Found Threads: TRUE  
[2.674s] -- Found rclcpp_components: 16.0.17 (/opt/ros/humble/share/rclcpp_components/cmake)
[2.742s] -- Found nav_msgs: 4.9.0 (/opt/ros/humble/share/nav_msgs/cmake)
[2.806s] -- Found ev_msgs: 0.1.0 (/home/kimsohee/ev-1-5/ev_ws/ev_msgs/install/ev_msgs/share/ev_msgs/cmake)
[2.842s] -- Found visualization_msgs: 4.9.0 (/opt/ros/humble/share/visualization_msgs/cmake)
[2.945s] -- Found ament_lint_auto: 0.12.14 (/opt/ros/humble/share/ament_lint_auto/cmake)
[3.176s] -- Added test 'cppcheck' to perform static code analysis on C / C++ code
[3.178s] -- Configured cppcheck include dirs: /home/kimsohee/ev-1-5/ev_ws/planning/src/chaining_costmap_ver/include
[3.178s] -- Configured cppcheck exclude dirs and/or files: 
[3.179s] -- Added test 'flake8' to check Python code syntax and style conventions
[3.184s] -- Added test 'lint_cmake' to check CMake code style
[3.185s] -- Added test 'pep257' to check Python code against some of the docstring style conventions in PEP 257
[3.191s] -- Added test 'uncrustify' to check C / C++ code style
[3.191s] -- Configured uncrustify additional arguments: 
[3.192s] -- Added test 'xmllint' to check XML markup files
[3.198s] -- Configuring done
[3.255s] -- Generating done
[3.273s] -- Build files have been written to: /home/kimsohee/ev-1-5/ev_ws/planning/build/chaining_costmap_ver
[3.287s] Invoked command in '/home/kimsohee/ev-1-5/ev_ws/planning/build/chaining_costmap_ver' returned '0': CMAKE_PREFIX_PATH=${CMAKE_PREFIX_PATH}:/opt/ros/humble /usr/bin/cmake /home/kimsohee/ev-1-5/ev_ws/planning/src/chaining_costmap_ver -DCMAKE_INSTALL_PREFIX=/home/kimsohee/ev-1-5/ev_ws/planning/install/chaining_costmap_ver
[3.287s] Invoking command in '/home/kimsohee/ev-1-5/ev_ws/planning/build/chaining_costmap_ver': CMAKE_PREFIX_PATH=${CMAKE_PREFIX_PATH}:/opt/ros/humble /usr/bin/cmake --build /home/kimsohee/ev-1-5/ev_ws/planning/build/chaining_costmap_ver -- -j8 -l8
[3.392s] [  8%] [32mBuilding CXX object CMakeFiles/chaining_costmap_chainer.dir/src/chainer/direction_chainer.cpp.o[0m
[8.331s] [ 16%] [32m[1mLinking CXX shared library libchaining_costmap_chainer.so[0m
[8.680s] [ 16%] Built target chaining_costmap_chainer
[8.723s] [ 25%] [32mBuilding CXX object CMakeFiles/lc_planner_node_exe.dir/rclcpp_components/node_main_lc_planner_node_exe.cpp.o[0m
[12.947s] [ 33%] [32m[1mLinking CXX executable lc_planner_node_exe[0m
[13.215s] [ 33%] Built target lc_planner_node_exe
[13.259s] [ 41%] [32mBuilding CXX object CMakeFiles/chaining_costmap_postprocess.dir/src/postprocess/path_postprocessor.cpp.o[0m
[14.061s] [ 50%] [32m[1mLinking CXX shared library libchaining_costmap_postprocess.so[0m
[14.281s] [ 50%] Built target chaining_costmap_postprocess
[14.314s] [ 58%] [32mBuilding CXX object CMakeFiles/chaining_costmap_astar.dir/src/planner/astar_planner.cpp.o[0m
[18.116s] [ 66%] [32m[1mLinking CXX shared library libchaining_costmap_astar.so[0m
[18.325s] [ 66%] Built target chaining_costmap_astar
[18.375s] [ 75%] [32mBuilding CXX object CMakeFiles/chaining_costmap_costmap.dir/src/costmap/costmap_generator.cpp.o[0m
[22.056s] [ 83%] [32m[1mLinking CXX shared library libchaining_costmap_costmap.so[0m
[22.261s] [ 83%] Built target chaining_costmap_costmap
[22.306s] [ 91%] [32mBuilding CXX object CMakeFiles/lc_planner_component.dir/src/nodes/chaining_costmap_ver_node.cpp.o[0m
[41.031s] [100%] [32m[1mLinking CXX shared library liblc_planner_component.so[0m
[42.206s] [100%] Built target lc_planner_component
[42.233s] Invoked command in '/home/kimsohee/ev-1-5/ev_ws/planning/build/chaining_costmap_ver' returned '0': CMAKE_PREFIX_PATH=${CMAKE_PREFIX_PATH}:/opt/ros/humble /usr/bin/cmake --build /home/kimsohee/ev-1-5/ev_ws/planning/build/chaining_costmap_ver -- -j8 -l8
[42.251s] Invoking command in '/home/kimsohee/ev-1-5/ev_ws/planning/build/chaining_costmap_ver': CMAKE_PREFIX_PATH=${CMAKE_PREFIX_PATH}:/opt/ros/humble /usr/bin/cmake --install /home/kimsohee/ev-1-5/ev_ws/planning/build/chaining_costmap_ver
[42.270s] -- Install configuration: ""
[42.271s] -- Installing: /home/kimsohee/ev-1-5/ev_ws/planning/install/chaining_costmap_ver/lib/libchaining_costmap_chainer.so
[42.271s] -- Set runtime path of "/home/kimsohee/ev-1-5/ev_ws/planning/install/chaining_costmap_ver/lib/libchaining_costmap_chainer.so" to ""
[42.271s] -- Installing: /home/kimsohee/ev-1-5/ev_ws/planning/install/chaining_costmap_ver/lib/libchaining_costmap_costmap.so
[42.272s] -- Set runtime path of "/home/kimsohee/ev-1-5/ev_ws/planning/install/chaining_costmap_ver/lib/libchaining_costmap_costmap.so" to ""
[42.272s] -- Installing: /home/kimsohee/ev-1-5/ev_ws/planning/install/chaining_costmap_ver/lib/libchaining_costmap_astar.so
[42.272s] -- Set runtime path of "/home/kimsohee/ev-1-5/ev_ws/planning/install/chaining_costmap_ver/lib/libchaining_costmap_astar.so" to ""
[42.272s] -- Installing: /home/kimsohee/ev-1-5/ev_ws/planning/install/chaining_costmap_ver/lib/libchaining_costmap_postprocess.so
[42.278s] -- Set runtime path of "/home/kimsohee/ev-1-5/ev_ws/planning/install/chaining_costmap_ver/lib/libchaining_costmap_postprocess.so" to ""
[42.278s] -- Installing: /home/kimsohee/ev-1-5/ev_ws/planning/install/chaining_costmap_ver/lib/chaining_costmap_ver/lc_planner_node_exe
[42.278s] -- Set runtime path of "/home/kimsohee/ev-1-5/ev_ws/planning/install/chaining_costmap_ver/lib/chaining_costmap_ver/lc_planner_node_exe" to ""
[42.278s] -- Installing: /home/kimsohee/ev-1-5/ev_ws/planning/install/chaining_costmap_ver/lib/liblc_planner_component.so
[42.297s] -- Set runtime path of "/home/kimsohee/ev-1-5/ev_ws/planning/install/chaining_costmap_ver/lib/liblc_planner_component.so" to ""
[42.297s] -- Installing: /home/kimsohee/ev-1-5/ev_ws/planning/install/chaining_costmap_ver/include
[42.297s] -- Installing: /home/kimsohee/ev-1-5/ev_ws/planning/install/chaining_costmap_ver/include/chaining_costmap_ver
[42.297s] -- Installing: /home/kimsohee/ev-1-5/ev_ws/planning/install/chaining_costmap_ver/include/chaining_costmap_ver/safety
[42.298s] -- Installing: /home/kimsohee/ev-1-5/ev_ws/planning/install/chaining_costmap_ver/include/chaining_costmap_ver/safety/safety_checker.hpp
[42.298s] -- Installing: /home/kimsohee/ev-1-5/ev_ws/planning/install/chaining_costmap_ver/include/chaining_costmap_ver/common
[42.298s] -- Installing: /home/kimsohee/ev-1-5/ev_ws/planning/install/chaining_costmap_ver/include/chaining_costmap_ver/common/geometry.hpp
[42.298s] -- Installing: /home/kimsohee/ev-1-5/ev_ws/planning/install/chaining_costmap_ver/include/chaining_costmap_ver/common/params.hpp
[42.298s] -- Installing: /home/kimsohee/ev-1-5/ev_ws/planning/install/chaining_costmap_ver/include/chaining_costmap_ver/common/types.hpp
[42.298s] -- Installing: /home/kimsohee/ev-1-5/ev_ws/planning/install/chaining_costmap_ver/include/chaining_costmap_ver/common/debug_publish.hpp
[42.298s] -- Installing: /home/kimsohee/ev-1-5/ev_ws/planning/install/chaining_costmap_ver/include/chaining_costmap_ver/planner
[42.298s] -- Installing: /home/kimsohee/ev-1-5/ev_ws/planning/install/chaining_costmap_ver/include/chaining_costmap_ver/planner/astar_planner.hpp
[42.298s] -- Installing: /home/kimsohee/ev-1-5/ev_ws/planning/install/chaining_costmap_ver/include/chaining_costmap_ver/nodes
[42.298s] -- Installing: /home/kimsohee/ev-1-5/ev_ws/planning/install/chaining_costmap_ver/include/chaining_costmap_ver/nodes/chaining_costmap_ver_node.hpp
[42.298s] -- Installing: /home/kimsohee/ev-1-5/ev_ws/planning/install/chaining_costmap_ver/include/chaining_costmap_ver/costmap
[42.298s] -- Installing: /home/kimsohee/ev-1-5/ev_ws/planning/install/chaining_costmap_ver/include/chaining_costmap_ver/costmap/costmap_generator.hpp
[42.298s] -- Installing: /home/kimsohee/ev-1-5/ev_ws/planning/install/chaining_costmap_ver/include/chaining_costmap_ver/chainer
[42.299s] -- Installing: /home/kimsohee/ev-1-5/ev_ws/planning/install/chaining_costmap_ver/include/chaining_costmap_ver/chainer/direction_chainer.hpp
[42.299s] -- Installing: /home/kimsohee/ev-1-5/ev_ws/planning/install/chaining_costmap_ver/include/chaining_costmap_ver/postprocess
[42.299s] -- Installing: /home/kimsohee/ev-1-5/ev_ws/planning/install/chaining_costmap_ver/include/chaining_costmap_ver/postprocess/path_postprocessor.hpp
[42.299s] -- Installing: /home/kimsohee/ev-1-5/ev_ws/planning/install/chaining_costmap_ver/share/chaining_costmap_ver/config
[42.299s] -- Installing: /home/kimsohee/ev-1-5/ev_ws/planning/install/chaining_costmap_ver/share/chaining_costmap_ver/config/chaining_costmap_ver.yaml
[42.299s] -- Installing: /home/kimsohee/ev-1-5/ev_ws/planning/install/chaining_costmap_ver/share/chaining_costmap_ver/launch
[42.299s] -- Installing: /home/kimsohee/ev-1-5/ev_ws/planning/install/chaining_costmap_ver/share/chaining_costmap_ver/launch/chaining_costmap_ver.launch.py
[42.300s] -- Installing: /home/kimsohee/ev-1-5/ev_ws/planning/install/chaining_costmap_ver/share/ament_index/resource_index/package_run_dependencies/chaining_costmap_ver
[42.300s] -- Installing: /home/kimsohee/ev-1-5/ev_ws/planning/install/chaining_costmap_ver/share/ament_index/resource_index/parent_prefix_path/chaining_costmap_ver
[42.300s] -- Installing: /home/kimsohee/ev-1-5/ev_ws/planning/install/chaining_costmap_ver/share/chaining_costmap_ver/environment/ament_prefix_path.sh
[42.300s] -- Installing: /home/kimsohee/ev-1-5/ev_ws/planning/install/chaining_costmap_ver/share/chaining_costmap_ver/environment/ament_prefix_path.dsv
[42.300s] -- Installing: /home/kimsohee/ev-1-5/ev_ws/planning/install/chaining_costmap_ver/share/chaining_costmap_ver/environment/path.sh
[42.300s] -- Installing: /home/kimsohee/ev-1-5/ev_ws/planning/install/chaining_costmap_ver/share/chaining_costmap_ver/environment/path.dsv
[42.300s] -- Installing: /home/kimsohee/ev-1-5/ev_ws/planning/install/chaining_costmap_ver/share/chaining_costmap_ver/local_setup.bash
[42.300s] -- Installing: /home/kimsohee/ev-1-5/ev_ws/planning/install/chaining_costmap_ver/share/chaining_costmap_ver/local_setup.sh
[42.301s] -- Installing: /home/kimsohee/ev-1-5/ev_ws/planning/install/chaining_costmap_ver/share/chaining_costmap_ver/local_setup.zsh
[42.301s] -- Installing: /home/kimsohee/ev-1-5/ev_ws/planning/install/chaining_costmap_ver/share/chaining_costmap_ver/local_setup.dsv
[42.301s] -- Installing: /home/kimsohee/ev-1-5/ev_ws/planning/install/chaining_costmap_ver/share/chaining_costmap_ver/package.dsv
[42.301s] -- Installing: /home/kimsohee/ev-1-5/ev_ws/planning/install/chaining_costmap_ver/share/ament_index/resource_index/packages/chaining_costmap_ver
[42.301s] -- Installing: /home/kimsohee/ev-1-5/ev_ws/planning/install/chaining_costmap_ver/share/ament_index/resource_index/rclcpp_components/chaining_costmap_ver
[42.301s] -- Installing: /home/kimsohee/ev-1-5/ev_ws/planning/install/chaining_costmap_ver/share/chaining_costmap_ver/cmake/chaining_costmap_verConfig.cmake
[42.301s] -- Installing: /home/kimsohee/ev-1-5/ev_ws/planning/install/chaining_costmap_ver/share/chaining_costmap_ver/cmake/chaining_costmap_verConfig-version.cmake
[42.301s] -- Installing: /home/kimsohee/ev-1-5/ev_ws/planning/install/chaining_costmap_ver/share/chaining_costmap_ver/package.xml
[42.303s] Invoked command in '/home/kimsohee/ev-1-5/ev_ws/planning/build/chaining_costmap_ver' returned '0': CMAKE_PREFIX_PATH=${CMAKE_PREFIX_PATH}:/opt/ros/humble /usr/bin/cmake --install /home/kimsohee/ev-1-5/ev_ws/planning/build/chaining_costmap_ver
