[0.013s] Invoking command in '/home/aiv/ev_ws/perception/build/lidar_clustering': CMAKE_PREFIX_PATH=${CMAKE_PREFIX_PATH}:/opt/ros/humble /usr/bin/cmake /home/aiv/ev_ws/perception/src/lidar/lidar_clustering -DAMENT_CMAKE_SYMLINK_INSTALL=1 -DCMAKE_INSTALL_PREFIX=/home/aiv/ev_ws/perception/install/lidar_clustering
[0.051s] -- The CXX compiler identification is GNU 11.4.0
[0.558s] -- The CUDA compiler identification is NVIDIA 12.6.85
[0.563s] -- Detecting CXX compiler ABI info
[0.615s] -- Detecting CXX compiler ABI info - done
[0.620s] -- Check for working CXX compiler: /usr/bin/c++ - skipped
[0.620s] -- Detecting CXX compile features
[0.620s] -- Detecting CXX compile features - done
[0.622s] -- Detecting CUDA compiler ABI info
[1.079s] -- Detecting CUDA compiler ABI info - done
[1.094s] -- Check for working CUDA compiler: /usr/local/cuda-12.6/bin/nvcc - skipped
[1.094s] -- Detecting CUDA compile features
[1.095s] -- Detecting CUDA compile features - done
[1.096s] -- Found CUDAToolkit: /usr/local/cuda-12.6/include (found version "12.6.85") 
[1.105s] -- Looking for C++ include pthread.h
[1.170s] -- Looking for C++ include pthread.h - found
[1.170s] -- Performing Test CMAKE_HAVE_LIBC_PTHREAD
[1.231s] -- Performing Test CMAKE_HAVE_LIBC_PTHREAD - Success
[1.231s] -- Found Threads: TRUE  
[1.275s] -- Found ament_cmake: 1.3.12 (/opt/ros/humble/share/ament_cmake/cmake)
[1.382s] -- Found Python3: /usr/bin/python3 (found version "3.10.12") found components: Interpreter 
[1.440s] -- Override CMake install command with custom implementation using symlinks instead of copying resources
[1.458s] -- Found rclcpp: 16.0.17 (/opt/ros/humble/share/rclcpp/cmake)
[1.492s] -- Found rosidl_generator_c: 3.1.8 (/opt/ros/humble/share/rosidl_generator_c/cmake)
[1.497s] -- Found rosidl_adapter: 3.1.8 (/opt/ros/humble/share/rosidl_adapter/cmake)
[1.505s] -- Found rosidl_generator_cpp: 3.1.8 (/opt/ros/humble/share/rosidl_generator_cpp/cmake)
[1.516s] -- Using all available rosidl_typesupport_c: rosidl_typesupport_fastrtps_c;rosidl_typesupport_introspection_c
[1.533s] -- Using all available rosidl_typesupport_cpp: rosidl_typesupport_fastrtps_cpp;rosidl_typesupport_introspection_cpp
[1.575s] -- Found rmw_implementation_cmake: 6.1.2 (/opt/ros/humble/share/rmw_implementation_cmake/cmake)
[1.579s] -- Found rmw_fastrtps_cpp: 6.2.9 (/opt/ros/humble/share/rmw_fastrtps_cpp/cmake)
[1.668s] -- Found OpenSSL: /usr/lib/x86_64-linux-gnu/libcrypto.so (found version "3.0.2")  
[1.692s] -- Found FastRTPS: /opt/ros/humble/include  
[1.739s] -- Using RMW implementation 'rmw_fastrtps_cpp' as default
[1.802s] -- Found rclcpp_components: 16.0.17 (/opt/ros/humble/share/rclcpp_components/cmake)
[1.829s] -- Found sensor_msgs: 4.9.0 (/opt/ros/humble/share/sensor_msgs/cmake)
[1.942s] -- Configuring done
[1.950s] -- Generating done
[1.955s] -- Build files have been written to: /home/aiv/ev_ws/perception/build/lidar_clustering
[1.971s] Invoked command in '/home/aiv/ev_ws/perception/build/lidar_clustering' returned '0': CMAKE_PREFIX_PATH=${CMAKE_PREFIX_PATH}:/opt/ros/humble /usr/bin/cmake /home/aiv/ev_ws/perception/src/lidar/lidar_clustering -DAMENT_CMAKE_SYMLINK_INSTALL=1 -DCMAKE_INSTALL_PREFIX=/home/aiv/ev_ws/perception/install/lidar_clustering
[1.973s] Invoking command in '/home/aiv/ev_ws/perception/build/lidar_clustering': CMAKE_PREFIX_PATH=${CMAKE_PREFIX_PATH}:/opt/ros/humble /usr/bin/cmake --build /home/aiv/ev_ws/perception/build/lidar_clustering -- -j28 -l28
[2.013s] [ 16%] [32mBuilding CUDA object CMakeFiles/dbscan_gpu_kernels.dir/src/dbscan_gpu.cu.o[0m
[2.342s] [01m[K/tmp/tmpxft_0003f78b_00000000-6_dbscan_gpu.cudafe1.cpp:1:3:[m[K [01;35m[Kwarning: [m[Kstyle of line directive is a GCC extension
[2.342s]     1 | # [01;35m[K1[m[K "/home/aiv/ev_ws/perception/src/lidar/lidar_clustering/src/dbscan_gpu.cu"
[2.342s]       |   [01;35m[K^[m[K
[2.342s] [01m[K/home/aiv/ev_ws/perception/src/lidar/lidar_clustering/src/dbscan_gpu.cu:2:3:[m[K [01;35m[Kwarning: [m[Kstyle of line directive is a GCC extension
[2.342s]     2 | //[01;35m[K [m[KNO STL, NO CUB, NO Thrust - only cuda_runtime.h and C headers
[2.342s]       |   [01;35m[K^[m[K
[2.342s] [01m[K/home/aiv/ev_ws/perception/src/lidar/lidar_clustering/src/dbscan_gpu.cu:2:3:[m[K [01;35m[Kwarning: [m[Kstyle of line directive is a GCC extension
[2.342s]     2 | //[01;35m[K [m[KNO STL, NO CUB, NO Thrust - only cuda_runtime.h and C headers
[2.342s]       |   [01;35m[K^[m[K
[2.342s] [01m[K/home/aiv/ev_ws/perception/src/lidar/lidar_clustering/src/dbscan_gpu.cu:2:3:[m[K [01;35m[Kwarning: [m[Kstyle of line directive is a GCC extension
[2.342s]     2 | //[01;35m[K [m[KNO STL, NO CUB, NO Thrust - only cuda_runtime.h and C headers
[2.342s]       |   [01;35m[K^[m[K
[2.342s] [01m[K/home/aiv/ev_ws/perception/src/lidar/lidar_clustering/src/dbscan_gpu.cu:2:3:[m[K [01;35m[Kwarning: [m[Kstyle of line directive is a GCC extension
[2.343s]     2 | //[01;35m[K [m[KNO STL, NO CUB, NO Thrust - only cuda_runtime.h and C headers
[2.343s]       |   [01;35m[K^[m[K
[2.343s] [01m[K/home/aiv/ev_ws/perception/src/lidar/lidar_clustering/src/dbscan_gpu.cu:2:3:[m[K [01;35m[Kwarning: [m[Kstyle of line directive is a GCC extension
[2.343s]     2 | //[01;35m[K [m[KNO STL, NO CUB, NO Thrust - only cuda_runtime.h and C headers
[2.343s]       |   [01;35m[K^[m[K
[2.343s] [01m[K/home/aiv/ev_ws/perception/src/lidar/lidar_clustering/src/dbscan_gpu.cu:2:3:[m[K [01;35m[Kwarning: [m[Kstyle of line directive is a GCC extension
[2.343s]     2 | //[01;35m[K [m[KNO STL, NO CUB, NO Thrust - only cuda_runtime.h and C headers
[2.343s]       |   [01;35m[K^[m[K
[2.343s] [01m[K/home/aiv/ev_ws/perception/src/lidar/lidar_clustering/src/dbscan_gpu.cu:3:3:[m[K [01;35m[Kwarning: [m[Kstyle of line directive is a GCC extension
[2.343s]     3 | //[01;35m[K [m[KThis avoids nvcc 11.5 + GCC 11 incompatibility with <functional>
[2.343s]       |   [01;35m[K^[m[K
[2.343s] [01m[K/home/aiv/ev_ws/perception/src/lidar/lidar_clustering/src/dbscan_gpu.cu:7:3:[m[K [01;35m[Kwarning: [m[Kstyle of line directive is a GCC extension
[2.343s]     7 | #i[01;35m[Kn[m[Kclude <cuda_runtime.h>
[2.343s]       |   [01;35m[K^[m[K
[2.343s] [01m[K/home/aiv/ev_ws/perception/src/lidar/lidar_clustering/src/dbscan_gpu.cu:1:3:[m[K [01;35m[Kwarning: [m[Kstyle of line directive is a GCC extension
[2.343s]     1 | //[01;35m[K P[m[Kure CUDA kernels + C API wrappers
[2.343s]       |   [01;35m[K^~[m[K
[2.356s] [01m[K/home/aiv/ev_ws/perception/src/lidar/lidar_clustering/include/lidar_clustering/dbscan_gpu_kernels.h:9:3:[m[K [01;35m[Kwarning: [m[Kstyle of line directive is a GCC extension
[2.357s]     9 | #e[01;35m[Knd[m[Kif
[2.357s]       |   [01;35m[K^~[m[K
[2.357s] [01m[K/home/aiv/ev_ws/perception/src/lidar/lidar_clustering/include/lidar_clustering/dbscan_gpu_kernels.h:13:3:[m[K [01;35m[Kwarning: [m[Kstyle of line directive is a GCC extension
[2.357s]    13 | 
[2.357s]       |   [01;35m[K^[m[K 
[2.357s] [01m[K/home/aiv/ev_ws/perception/src/lidar/lidar_clustering/include/lidar_clustering/dbscan_gpu_kernels.h:16:3:[m[K [01;35m[Kwarning: [m[Kstyle of line directive is a GCC extension
[2.357s]    16 | vo[01;35m[Kid[m[K gpu_resources_destroy(GpuResourcesHandle h);
[2.357s]       |   [01;35m[K^~[m[K
[2.357s] [01m[K/home/aiv/ev_ws/perception/src/lidar/lidar_clustering/include/lidar_clustering/dbscan_gpu_kernels.h:17:3:[m[K [01;35m[Kwarning: [m[Kstyle of line directive is a GCC extension
[2.357s]    17 | 
[2.357s]       |   [01;35m[K^[m[K 
[2.357s] [01m[K/home/aiv/ev_ws/perception/src/lidar/lidar_clustering/include/lidar_clustering/dbscan_gpu_kernels.h:20:3:[m[K [01;35m[Kwarning: [m[Kstyle of line directive is a GCC extension
[2.357s]    20 | 
[2.358s]       |   [01;35m[K^[m[K 
[2.358s] [01m[K/home/aiv/ev_ws/perception/src/lidar/lidar_clustering/include/lidar_clustering/dbscan_gpu_kernels.h:23:3:[m[K [01;35m[Kwarning: [m[Kstyle of line directive is a GCC extension
[2.358s]    23 |   [01;35m[KGp[m[KuResourcesHandle h, int n,
[2.358s]       |   [01;35m[K^~[m[K
[2.358s] [01m[K/home/aiv/ev_ws/perception/src/lidar/lidar_clustering/include/lidar_clustering/dbscan_gpu_kernels.h:31:3:[m[K [01;35m[Kwarning: [m[Kstyle of line directive is a GCC extension
[2.358s]    31 |   [01;35m[KGp[m[KuResourcesHandle h,
[2.358s]       |   [01;35m[K^~[m[K
[2.358s] [01m[K/home/aiv/ev_ws/perception/src/lidar/lidar_clustering/include/lidar_clustering/dbscan_gpu_kernels.h:37:3:[m[K [01;35m[Kwarning: [m[Kstyle of line directive is a GCC extension
[2.358s]    37 |   [01;35m[KGp[m[KuResourcesHandle h, int n,
[2.358s]       |   [01;35m[K^~[m[K
[2.358s] [01m[K/home/aiv/ev_ws/perception/src/lidar/lidar_clustering/include/lidar_clustering/dbscan_gpu_kernels.h:44:3:[m[K [01;35m[Kwarning: [m[Kstyle of line directive is a GCC extension
[2.358s]    44 |   [01;35m[KGp[m[KuResourcesHandle h, int n,
[2.358s]       |   [01;35m[K^~[m[K
[2.359s] [01m[K/home/aiv/ev_ws/perception/src/lidar/lidar_clustering/include/lidar_clustering/dbscan_gpu_kernels.h:53:3:[m[K [01;35m[Kwarning: [m[Kstyle of line directive is a GCC extension
[2.359s]    53 |   [01;35m[KGp[m[KuResourcesHandle h, int n,
[2.359s]       |   [01;35m[K^~[m[K
[2.359s] [01m[K/home/aiv/ev_ws/perception/src/lidar/lidar_clustering/include/lidar_clustering/dbscan_gpu_kernels.h:60:3:[m[K [01;35m[Kwarning: [m[Kstyle of line directive is a GCC extension
[2.359s]    60 | 
[2.359s]       |   [01;35m[K^[m[K 
[2.359s] [01m[K/home/aiv/ev_ws/perception/src/lidar/lidar_clustering/include/lidar_clustering/dbscan_gpu_kernels.h:63:3:[m[K [01;35m[Kwarning: [m[Kstyle of line directive is a GCC extension
[2.359s]    63 | #e[01;35m[Knd[m[Kif
[2.359s]       |   [01;35m[K^~[m[K
[2.359s] [01m[K/home/aiv/ev_ws/perception/src/lidar/lidar_clustering/src/dbscan_gpu.cu:15:3:[m[K [01;35m[Kwarning: [m[Kstyle of line directive is a GCC extension
[2.359s]    15 |   [01;35m[Kfl[m[Koat* d_px;
[2.359s]       |   [01;35m[K^~[m[K
[2.359s] [01m[K/home/aiv/ev_ws/perception/src/lidar/lidar_clustering/src/dbscan_gpu.cu:16:3:[m[K [01;35m[Kwarning: [m[Kstyle of line directive is a GCC extension
[2.359s]    16 |   [01;35m[Kfl[m[Koat* d_py;
[2.359s]       |   [01;35m[K^~[m[K
[2.359s] [01m[K/home/aiv/ev_ws/perception/src/lidar/lidar_clustering/src/dbscan_gpu.cu:17:3:[m[K [01;35m[Kwarning: [m[Kstyle of line directive is a GCC extension
[2.360s]    17 |   [01;35m[Kfl[m[Koat* d_pz;
[2.360s]       |   [01;35m[K^~[m[K
[2.360s] [01m[K/home/aiv/ev_ws/perception/src/lidar/lidar_clustering/src/dbscan_gpu.cu:18:3:[m[K [01;35m[Kwarning: [m[Kstyle of line directive is a GCC extension
[2.360s]    18 |   [01;35m[Kin[m[Kt* d_cell_indices;
[2.360s]       |   [01;35m[K^~[m[K
[2.360s] [01m[K/home/aiv/ev_ws/perception/src/lidar/lidar_clustering/src/dbscan_gpu.cu:19:3:[m[K [01;35m[Kwarning: [m[Kstyle of line directive is a GCC extension
[2.360s]    19 |   [01;35m[Kin[m[Kt* d_sorted_indices;
[2.360s]       |   [01;35m[K^~[m[K
[2.361s] [01m[K/home/aiv/ev_ws/perception/src/lidar/lidar_clustering/src/dbscan_gpu.cu:20:3:[m[K [01;35m[Kwarning: [m[Kstyle of line directive is a GCC extension
[2.361s]    20 |   [01;35m[Kin[m[Kt* d_sorted_cells;
[2.361s]       |   [01;35m[K^~[m[K
[2.361s] [01m[K/home/aiv/ev_ws/perception/src/lidar/lidar_clustering/src/dbscan_gpu.cu:21:3:[m[K [01;35m[Kwarning: [m[Kstyle of line directive is a GCC extension
[2.361s]    21 |   [01;35m[Kin[m[Kt* d_cell_start;
[2.361s]       |   [01;35m[K^~[m[K
[2.361s] [01m[K/home/aiv/ev_ws/perception/src/lidar/lidar_clustering/src/dbscan_gpu.cu:22:3:[m[K [01;35m[Kwarning: [m[Kstyle of line directive is a GCC extension
[2.361s]    22 |   [01;35m[Kin[m[Kt* d_cell_end;
[2.361s]       |   [01;35m[K^~[m[K
[2.361s] [01m[K/home/aiv/ev_ws/perception/src/lidar/lidar_clustering/src/dbscan_gpu.cu:23:3:[m[K [01;35m[Kwarning: [m[Kstyle of line directive is a GCC extension
[2.361s]    23 |   [01;35m[Kin[m[Kt* d_neighbor_counts;
[2.361s]       |   [01;35m[K^~[m[K
[2.361s] [01m[K/home/aiv/ev_ws/perception/src/lidar/lidar_clustering/src/dbscan_gpu.cu:24:3:[m[K [01;35m[Kwarning: [m[Kstyle of line directive is a GCC extension
[2.361s]    24 |   [01;35m[Kin[m[Kt* d_is_core;
[2.361s]       |   [01;35m[K^~[m[K
[2.361s] [01m[K/home/aiv/ev_ws/perception/src/lidar/lidar_clustering/src/dbscan_gpu.cu:25:3:[m[K [01;35m[Kwarning: [m[Kstyle of line directive is a GCC extension
[2.361s]    25 |   [01;35m[Kin[m[Kt* d_neighbor_offsets;
[2.362s]       |   [01;35m[K^~[m[K
[2.362s] [01m[K/home/aiv/ev_ws/perception/src/lidar/lidar_clustering/src/dbscan_gpu.cu:26:3:[m[K [01;35m[Kwarning: [m[Kstyle of line directive is a GCC extension
[2.362s]    26 |   [01;35m[Kin[m[Kt* d_neighbor_list;
[2.362s]       |   [01;35m[K^~[m[K
[2.362s] [01m[K/home/aiv/ev_ws/perception/src/lidar/lidar_clustering/src/dbscan_gpu.cu:27:3:[m[K [01;35m[Kwarning: [m[Kstyle of line directive is a GCC extension
[2.362s]    27 |   [01;35m[Ksi[m[Kze_t max_points;
[2.362s]       |   [01;35m[K^~[m[K
[2.362s] [01m[K/home/aiv/ev_ws/perception/src/lidar/lidar_clustering/src/dbscan_gpu.cu:28:3:[m[K [01;35m[Kwarning: [m[Kstyle of line directive is a GCC extension
[2.362s]    28 |   [01;35m[Ksi[m[Kze_t max_cells;
[2.362s]       |   [01;35m[K^~[m[K
[2.362s] [01m[K/home/aiv/ev_ws/perception/src/lidar/lidar_clustering/src/dbscan_gpu.cu:29:3:[m[K [01;35m[Kwarning: [m[Kstyle of line directive is a GCC extension
[2.362s]    29 |   [01;35m[Ksi[m[Kze_t max_neighbors;
[2.362s]       |   [01;35m[K^~[m[K
[2.362s] [01m[K/home/aiv/ev_ws/perception/src/lidar/lidar_clustering/src/dbscan_gpu.cu:30:3:[m[K [01;35m[Kwarning: [m[Kstyle of line directive is a GCC extension
[2.362s]    30 | };
[2.362s]       |   [01;35m[K^[m[K 
[2.362s] [01m[K/home/aiv/ev_ws/perception/src/lidar/lidar_clustering/src/dbscan_gpu.cu:31:3:[m[K [01;35m[Kwarning: [m[Kstyle of line directive is a GCC extension
[2.363s]    31 | 
[2.363s]       |   [01;35m[K^[m[K 
[2.363s] [01m[K/home/aiv/ev_ws/perception/src/lidar/lidar_clustering/src/dbscan_gpu.cu:37:3:[m[K [01;35m[Kwarning: [m[Kstyle of line directive is a GCC extension
[2.363s]    37 |   [01;35m[Kin[m[Kt p = labels[i];
[2.363s]       |   [01;35m[K^~[m[K
[2.363s] [01m[K/home/aiv/ev_ws/perception/src/lidar/lidar_clustering/src/dbscan_gpu.cu:70:3:[m[K [01;35m[Kwarning: [m[Kstyle of line directive is a GCC extension
[2.363s]    70 |   [01;35m[K  [m[Kroot_j = small;
[2.363s]       |   [01;35m[K^[m[K 
[2.363s] [01m[K/home/aiv/ev_ws/perception/src/lidar/lidar_clustering/src/dbscan_gpu.cu:50:3:[m[K [01;35m[Kwarning: [m[Kstyle of line directive is a GCC extension
[2.363s]    50 |   [01;35m[Kin[m[Kt root_i = i;
[2.363s]       |   [01;35m[K^~[m[K
[2.363s] [01m[K/home/aiv/ev_ws/perception/src/lidar/lidar_clustering/src/dbscan_gpu.cu:107:3:[m[K [01;35m[Kwarning: [m[Kstyle of line directive is a GCC extension
[2.363s]   107 |   [01;35m[K}[m[K
[2.363s]       |   [01;35m[K^[m[K 
[2.363s] [01m[K/home/aiv/ev_ws/perception/src/lidar/lidar_clustering/src/dbscan_gpu.cu:75:3:[m[K [01;35m[Kwarning: [m[Kstyle of line directive is a GCC extension
[2.363s]    75 |   [01;35m[Kco[m[Knst float* px, const float* py, const float* pz,
[2.363s]       |   [01;35m[K^~[m[K
[2.363s] [01m[K/home/aiv/ev_ws/perception/src/lidar/lidar_clustering/src/dbscan_gpu.cu:76:3:[m[K [01;35m[Kwarning: [m[Kstyle of line directive is a GCC extension
[2.363s]    76 |   [01;35m[Kin[m[Kt* cell_indices, int n,
[2.363s]       |   [01;35m[K^~[m[K
[2.364s] [01m[K/home/aiv/ev_ws/perception/src/lidar/lidar_clustering/src/dbscan_gpu.cu:77:3:[m[K [01;35m[Kwarning: [m[Kstyle of line directive is a GCC extension
[2.364s]    77 |   [01;35m[Kfl[m[Koat origin_x, float origin_y, float origin_z,
[2.364s]       |   [01;35m[K^~[m[K
[2.364s] [01m[K/home/aiv/ev_ws/perception/src/lidar/lidar_clustering/src/dbscan_gpu.cu:78:3:[m[K [01;35m[Kwarning: [m[Kstyle of line directive is a GCC extension
[2.364s]    78 |   [01;35m[Kfl[m[Koat inv_cell_size,
[2.364s]       |   [01;35m[K^~[m[K
[2.364s] [01m[K/home/aiv/ev_ws/perception/src/lidar/lidar_clustering/src/dbscan_gpu.cu:79:3:[m[K [01;35m[Kwarning: [m[Kstyle of line directive is a GCC extension
[2.364s]    79 |   [01;35m[Kin[m[Kt grid_x, int grid_y, int grid_z)
[2.364s]       |   [01;35m[K^~[m[K
[2.364s] [01m[K/home/aiv/ev_ws/perception/src/lidar/lidar_clustering/src/dbscan_gpu.cu:110:3:[m[K [01;35m[Kwarning: [m[Kstyle of line directive is a GCC extension
[2.364s]   110 |   [01;35m[K}[m[K
[2.364s]       |   [01;35m[K^[m[K 
[2.364s] [01m[K/home/aiv/ev_ws/perception/src/lidar/lidar_clustering/src/dbscan_gpu.cu:99:3:[m[K [01;35m[Kwarning: [m[Kstyle of line directive is a GCC extension
[2.364s]    99 |   [01;35m[Kco[m[Knst int* cell_indices, int* cell_start, int* cell_end, int n)
[2.364s]       |   [01;35m[K^~[m[K
[2.364s] [01m[K/home/aiv/ev_ws/perception/src/lidar/lidar_clustering/src/dbscan_gpu.cu:124:3:[m[K [01;35m[Kwarning: [m[Kstyle of line directive is a GCC extension
[2.364s]   124 | 
[2.364s]       |   [01;35m[K^[m[K  
[2.364s] [01m[K/home/aiv/ev_ws/perception/src/lidar/lidar_clustering/src/dbscan_gpu.cu:114:3:[m[K [01;35m[Kwarning: [m[Kstyle of line directive is a GCC extension
[2.364s]   114 |   [01;35m[Kcon[m[Kst float* px, const float* py, const float* pz,
[2.364s]       |   [01;35m[K^~~[m[K
[2.365s] [01m[K/home/aiv/ev_ws/perception/src/lidar/lidar_clustering/src/dbscan_gpu.cu:115:3:[m[K [01;35m[Kwarning: [m[Kstyle of line directive is a GCC extension
[2.365s]   115 |   [01;35m[Kcon[m[Kst int* sorted_indices,
[2.365s]       |   [01;35m[K^~~[m[K
[2.365s] [01m[K/home/aiv/ev_ws/perception/src/lidar/lidar_clustering/src/dbscan_gpu.cu:116:3:[m[K [01;35m[Kwarning: [m[Kstyle of line directive is a GCC extension
[2.365s]   116 |   [01;35m[Kcon[m[Kst int* cell_indices_sorted,
[2.365s]       |   [01;35m[K^~~[m[K
[2.365s] [01m[K/home/aiv/ev_ws/perception/src/lidar/lidar_clustering/src/dbscan_gpu.cu:117:3:[m[K [01;35m[Kwarning: [m[Kstyle of line directive is a GCC extension
[2.365s]   117 |   [01;35m[Kcon[m[Kst int* cell_start, const int* cell_end,
[2.365s]       |   [01;35m[K^~~[m[K
[2.365s] [01m[K/home/aiv/ev_ws/perception/src/lidar/lidar_clustering/src/dbscan_gpu.cu:118:3:[m[K [01;35m[Kwarning: [m[Kstyle of line directive is a GCC extension
[2.365s]   118 |   [01;35m[Kint[m[K n, float eps_sq, int min_pts,
[2.365s]       |   [01;35m[K^~~[m[K
[2.365s] [01m[K/home/aiv/ev_ws/perception/src/lidar/lidar_clustering/src/dbscan_gpu.cu:119:3:[m[K [01;35m[Kwarning: [m[Kstyle of line directive is a GCC extension
[2.365s]   119 |   [01;35m[Kint[m[K* neighbor_counts, int* is_core,
[2.365s]       |   [01;35m[K^~~[m[K
[2.365s] [01m[K/home/aiv/ev_ws/perception/src/lidar/lidar_clustering/src/dbscan_gpu.cu:120:3:[m[K [01;35m[Kwarning: [m[Kstyle of line directive is a GCC extension
[2.365s]   120 |   [01;35m[Kint[m[K grid_x, int grid_y, int grid_z)
[2.365s]       |   [01;35m[K^~~[m[K
[2.365s] [01m[K/home/aiv/ev_ws/perception/src/lidar/lidar_clustering/src/dbscan_gpu.cu:201:3:[m[K [01;35m[Kwarning: [m[Kstyle of line directive is a GCC extension
[2.366s]   201 |   [01;35m[K   [m[K   int start = cell_start[ncell];
[2.366s]       |   [01;35m[K^[m[K  
[2.366s] [01m[K/home/aiv/ev_ws/perception/src/lidar/lidar_clustering/src/dbscan_gpu.cu:168:3:[m[K [01;35m[Kwarning: [m[Kstyle of line directive is a GCC extension
[2.366s]   168 |   [01;35m[Kcon[m[Kst float* px, const float* py, const float* pz,
[2.366s]       |   [01;35m[K^~~[m[K
[2.366s] [01m[K/home/aiv/ev_ws/perception/src/lidar/lidar_clustering/src/dbscan_gpu.cu:169:3:[m[K [01;35m[Kwarning: [m[Kstyle of line directive is a GCC extension
[2.366s]   169 |   [01;35m[Kcon[m[Kst int* sorted_indices,
[2.366s]       |   [01;35m[K^~~[m[K
[2.366s] [01m[K/home/aiv/ev_ws/perception/src/lidar/lidar_clustering/src/dbscan_gpu.cu:170:3:[m[K [01;35m[Kwarning: [m[Kstyle of line directive is a GCC extension
[2.366s]   170 |   [01;35m[Kcon[m[Kst int* cell_indices_sorted,
[2.366s]       |   [01;35m[K^~~[m[K
[2.366s] [01m[K/home/aiv/ev_ws/perception/src/lidar/lidar_clustering/src/dbscan_gpu.cu:171:3:[m[K [01;35m[Kwarning: [m[Kstyle of line directive is a GCC extension
[2.366s]   171 |   [01;35m[Kcon[m[Kst int* cell_start, const int* cell_end,
[2.366s]       |   [01;35m[K^~~[m[K
[2.366s] [01m[K/home/aiv/ev_ws/perception/src/lidar/lidar_clustering/src/dbscan_gpu.cu:172:3:[m[K [01;35m[Kwarning: [m[Kstyle of line directive is a GCC extension
[2.366s]   172 |   [01;35m[Kint[m[K n, float eps_sq,
[2.366s]       |   [01;35m[K^~~[m[K
[2.366s] [01m[K/home/aiv/ev_ws/perception/src/lidar/lidar_clustering/src/dbscan_gpu.cu:173:3:[m[K [01;35m[Kwarning: [m[Kstyle of line directive is a GCC extension
[2.366s]   173 |   [01;35m[Kcon[m[Kst int* neighbor_offsets,
[2.366s]       |   [01;35m[K^~~[m[K
[2.367s] [01m[K/home/aiv/ev_ws/perception/src/lidar/lidar_clustering/src/dbscan_gpu.cu:174:3:[m[K [01;35m[Kwarning: [m[Kstyle of line directive is a GCC extension
[2.367s]   174 |   [01;35m[Kint[m[K* neighbor_list,
[2.367s]       |   [01;35m[K^~~[m[K
[2.367s] [01m[K/home/aiv/ev_ws/perception/src/lidar/lidar_clustering/src/dbscan_gpu.cu:175:3:[m[K [01;35m[Kwarning: [m[Kstyle of line directive is a GCC extension
[2.367s]   175 |   [01;35m[Kint[m[K grid_x, int grid_y, int grid_z)
[2.367s]       |   [01;35m[K^~~[m[K
[2.367s] [01m[K/home/aiv/ev_ws/perception/src/lidar/lidar_clustering/src/dbscan_gpu.cu:252:3:[m[K [01;35m[Kwarning: [m[Kstyle of line directive is a GCC extension
[2.367s]   252 |   [01;35m[Kif [m[K(cudaMalloc(&r->d_neighbor_offsets, (max_points + 1) * sizeof(int)) != cudaSuccess) goto fail;
[2.367s]       |   [01;35m[K^~~[m[K
[2.367s] [01m[K/home/aiv/ev_ws/perception/src/lidar/lidar_clustering/src/dbscan_gpu.cu:225:3:[m[K [01;35m[Kwarning: [m[Kstyle of line directive is a GCC extension
[2.367s]   225 |   [01;35m[Kif [m[K(err != cudaSuccess) {
[2.367s]       |   [01;35m[K^~~[m[K
[2.367s] [01m[K/home/aiv/ev_ws/perception/src/lidar/lidar_clustering/src/dbscan_gpu.cu:226:3:[m[K [01;35m[Kwarning: [m[Kstyle of line directive is a GCC extension
[2.367s]   226 |   [01;35m[K  f[m[Kprintf(stderr, "CUDA error: %s\n", cudaGetErrorString(err));
[2.367s]       |   [01;35m[K^[m[K [01;35m[K~[m[K
[2.367s] [01m[K/home/aiv/ev_ws/perception/src/lidar/lidar_clustering/src/dbscan_gpu.cu:227:3:[m[K [01;35m[Kwarning: [m[Kstyle of line directive is a GCC extension
[2.368s]   227 |   [01;35m[K  r[m[Keturn -1;
[2.368s]       |   [01;35m[K^[m[K [01;35m[K~[m[K
[2.368s] [01m[K/home/aiv/ev_ws/perception/src/lidar/lidar_clustering/src/dbscan_gpu.cu:228:3:[m[K [01;35m[Kwarning: [m[Kstyle of line directive is a GCC extension
[2.368s]   228 |   [01;35m[K}[m[K
[2.368s]       |   [01;35m[K^[m[K  
[2.368s] [01m[K/home/aiv/ev_ws/perception/src/lidar/lidar_clustering/src/dbscan_gpu.cu:229:3:[m[K [01;35m[Kwarning: [m[Kstyle of line directive is a GCC extension
[2.368s]   229 |   [01;35m[Kret[m[Kurn 0;
[2.368s]       |   [01;35m[K^~~[m[K
[2.368s] [01m[K/home/aiv/ev_ws/perception/src/lidar/lidar_clustering/src/dbscan_gpu.cu:230:3:[m[K [01;35m[Kwarning: [m[Kstyle of line directive is a GCC extension
[2.368s]   230 | }
[2.368s]       |   [01;35m[K^[m[K  
[2.368s] [01m[K/home/aiv/ev_ws/perception/src/lidar/lidar_clustering/src/dbscan_gpu.cu:231:3:[m[K [01;35m[Kwarning: [m[Kstyle of line directive is a GCC extension
[2.368s]   231 | 
[2.368s]       |   [01;35m[K^[m[K  
[2.368s] [01m[K/home/aiv/ev_ws/perception/src/lidar/lidar_clustering/src/dbscan_gpu.cu:233:3:[m[K [01;35m[Kwarning: [m[Kstyle of line directive is a GCC extension
[2.368s]   233 |   [01;35m[Ksiz[m[Ke_t max_points, size_t max_cells, size_t max_neighbors)
[2.368s]       |   [01;35m[K^~~[m[K
[2.368s] [01m[K/home/aiv/ev_ws/perception/src/lidar/lidar_clustering/src/dbscan_gpu.cu:234:3:[m[K [01;35m[Kwarning: [m[Kstyle of line directive is a GCC extension
[2.368s]   234 | {
[2.368s]       |   [01;35m[K^[m[K  
[2.369s] [01m[K/home/aiv/ev_ws/perception/src/lidar/lidar_clustering/src/dbscan_gpu.cu:235:3:[m[K [01;35m[Kwarning: [m[Kstyle of line directive is a GCC extension
[2.369s]   235 |   [01;35m[KGpu[m[KResources* r = (GpuResources*)calloc(1, sizeof(GpuResources));
[2.369s]       |   [01;35m[K^~~[m[K
[2.369s] [01m[K/home/aiv/ev_ws/perception/src/lidar/lidar_clustering/src/dbscan_gpu.cu:236:3:[m[K [01;35m[Kwarning: [m[Kstyle of line directive is a GCC extension
[2.369s]   236 |   [01;35m[Kif [m[K(!r) return NULL;
[2.369s]       |   [01;35m[K^~~[m[K
[2.369s] [01m[K/home/aiv/ev_ws/perception/src/lidar/lidar_clustering/src/dbscan_gpu.cu:237:3:[m[K [01;35m[Kwarning: [m[Kstyle of line directive is a GCC extension
[2.369s]   237 | 
[2.369s]       |   [01;35m[K^[m[K  
[2.369s] [01m[K/home/aiv/ev_ws/perception/src/lidar/lidar_clustering/src/dbscan_gpu.cu:239:3:[m[K [01;35m[Kwarning: [m[Kstyle of line directive is a GCC extension
[2.369s]   239 |   [01;35m[Kr->[m[Kmax_cells = max_cells;
[2.369s]       |   [01;35m[K^~~[m[K
[2.369s] [01m[K/home/aiv/ev_ws/perception/src/lidar/lidar_clustering/src/dbscan_gpu.cu:240:3:[m[K [01;35m[Kwarning: [m[Kstyle of line directive is a GCC extension
[2.369s]   240 |   [01;35m[Kr->[m[Kmax_neighbors = max_neighbors;
[2.369s]       |   [01;35m[K^~~[m[K
[2.369s] [01m[K/home/aiv/ev_ws/perception/src/lidar/lidar_clustering/src/dbscan_gpu.cu:241:3:[m[K [01;35m[Kwarning: [m[Kstyle of line directive is a GCC extension
[2.369s]   241 | 
[2.369s]       |   [01;35m[K^[m[K  
[2.369s] [01m[K/home/aiv/ev_ws/perception/src/lidar/lidar_clustering/src/dbscan_gpu.cu:243:3:[m[K [01;35m[Kwarning: [m[Kstyle of line directive is a GCC extension
[2.369s]   243 |   [01;35m[Kif [m[K(cudaMalloc(&r->d_py, max_points * sizeof(float)) != cudaSuccess) goto fail;
[2.369s]       |   [01;35m[K^~~[m[K
[2.370s] [01m[K/home/aiv/ev_ws/perception/src/lidar/lidar_clustering/src/dbscan_gpu.cu:244:3:[m[K [01;35m[Kwarning: [m[Kstyle of line directive is a GCC extension
[2.370s]   244 |   [01;35m[Kif [m[K(cudaMalloc(&r->d_pz, max_points * sizeof(float)) != cudaSuccess) goto fail;
[2.370s]       |   [01;35m[K^~~[m[K
[2.370s] [01m[K/home/aiv/ev_ws/perception/src/lidar/lidar_clustering/src/dbscan_gpu.cu:245:3:[m[K [01;35m[Kwarning: [m[Kstyle of line directive is a GCC extension
[2.370s]   245 |   [01;35m[Kif [m[K(cudaMalloc(&r->d_cell_indices, max_points * sizeof(int)) != cudaSuccess) goto fail;
[2.370s]       |   [01;35m[K^~~[m[K
[2.370s] [01m[K/home/aiv/ev_ws/perception/src/lidar/lidar_clustering/src/dbscan_gpu.cu:246:3:[m[K [01;35m[Kwarning: [m[Kstyle of line directive is a GCC extension
[2.370s]   246 |   [01;35m[Kif [m[K(cudaMalloc(&r->d_sorted_indices, max_points * sizeof(int)) != cudaSuccess) goto fail;
[2.370s]       |   [01;35m[K^~~[m[K
[2.370s] [01m[K/home/aiv/ev_ws/perception/src/lidar/lidar_clustering/src/dbscan_gpu.cu:247:3:[m[K [01;35m[Kwarning: [m[Kstyle of line directive is a GCC extension
[2.370s]   247 |   [01;35m[Kif [m[K(cudaMalloc(&r->d_sorted_cells, max_points * sizeof(int)) != cudaSuccess) goto fail;
[2.370s]       |   [01;35m[K^~~[m[K
[2.370s] [01m[K/home/aiv/ev_ws/perception/src/lidar/lidar_clustering/src/dbscan_gpu.cu:248:3:[m[K [01;35m[Kwarning: [m[Kstyle of line directive is a GCC extension
[2.370s]   248 |   [01;35m[Kif [m[K(cudaMalloc(&r->d_cell_start, max_cells * sizeof(int)) != cudaSuccess) goto fail;
[2.370s]       |   [01;35m[K^~~[m[K
[2.370s] [01m[K/home/aiv/ev_ws/perception/src/lidar/lidar_clustering/src/dbscan_gpu.cu:249:3:[m[K [01;35m[Kwarning: [m[Kstyle of line directive is a GCC extension
[2.370s]   249 |   [01;35m[Kif [m[K(cudaMalloc(&r->d_cell_end, max_cells * sizeof(int)) != cudaSuccess) goto fail;
[2.370s]       |   [01;35m[K^~~[m[K
[2.370s] [01m[K/home/aiv/ev_ws/perception/src/lidar/lidar_clustering/src/dbscan_gpu.cu:250:3:[m[K [01;35m[Kwarning: [m[Kstyle of line directive is a GCC extension
[2.370s]   250 |   [01;35m[Kif [m[K(cudaMalloc(&r->d_neighbor_counts, max_points * sizeof(int)) != cudaSuccess) goto fail;
[2.370s]       |   [01;35m[K^~~[m[K
[2.371s] [01m[K/home/aiv/ev_ws/perception/src/lidar/lidar_clustering/src/dbscan_gpu.cu:251:3:[m[K [01;35m[Kwarning: [m[Kstyle of line directive is a GCC extension
[2.371s]   251 |   [01;35m[Kif [m[K(cudaMalloc(&r->d_is_core, max_points * sizeof(int)) != cudaSuccess) goto fail;
[2.371s]       |   [01;35m[K^~~[m[K
[2.371s] [01m[K/home/aiv/ev_ws/perception/src/lidar/lidar_clustering/src/dbscan_gpu.cu:252:3:[m[K [01;35m[Kwarning: [m[Kstyle of line directive is a GCC extension
[2.371s]   252 |   [01;35m[Kif [m[K(cudaMalloc(&r->d_neighbor_offsets, (max_points + 1) * sizeof(int)) != cudaSuccess) goto fail;
[2.371s]       |   [01;35m[K^~~[m[K
[2.371s] [01m[K/home/aiv/ev_ws/perception/src/lidar/lidar_clustering/src/dbscan_gpu.cu:253:3:[m[K [01;35m[Kwarning: [m[Kstyle of line directive is a GCC extension
[2.371s]   253 |   [01;35m[Kif [m[K(cudaMalloc(&r->d_neighbor_list, max_neighbors * sizeof(int)) != cudaSuccess) goto fail;
[2.371s]       |   [01;35m[K^~~[m[K
[2.371s] [01m[K/home/aiv/ev_ws/perception/src/lidar/lidar_clustering/src/dbscan_gpu.cu:254:3:[m[K [01;35m[Kwarning: [m[Kstyle of line directive is a GCC extension
[2.371s]   254 | 
[2.371s]       |   [01;35m[K^[m[K  
[2.371s] [01m[K/home/aiv/ev_ws/perception/src/lidar/lidar_clustering/src/dbscan_gpu.cu:256:3:[m[K [01;35m[Kwarning: [m[Kstyle of line directive is a GCC extension
[2.371s]   256 | 
[2.371s]       |   [01;35m[K^[m[K  
[2.371s] [01m[K/home/aiv/ev_ws/perception/src/lidar/lidar_clustering/src/dbscan_gpu.cu:258:3:[m[K [01;35m[Kwarning: [m[Kstyle of line directive is a GCC extension
[2.371s]   258 |   [01;35m[Kgpu[m[K_resources_destroy(r);
[2.371s]       |   [01;35m[K^~~[m[K
[2.371s] [01m[K/home/aiv/ev_ws/perception/src/lidar/lidar_clustering/src/dbscan_gpu.cu:259:3:[m[K [01;35m[Kwarning: [m[Kstyle of line directive is a GCC extension
[2.371s]   259 |   [01;35m[Kret[m[Kurn NULL;
[2.371s]       |   [01;35m[K^~~[m[K
[2.372s] [01m[K/home/aiv/ev_ws/perception/src/lidar/lidar_clustering/src/dbscan_gpu.cu:260:3:[m[K [01;35m[Kwarning: [m[Kstyle of line directive is a GCC extension
[2.372s]   260 | }
[2.372s]       |   [01;35m[K^[m[K  
[2.372s] [01m[K/home/aiv/ev_ws/perception/src/lidar/lidar_clustering/src/dbscan_gpu.cu:261:3:[m[K [01;35m[Kwarning: [m[Kstyle of line directive is a GCC extension
[2.372s]   261 | 
[2.372s]       |   [01;35m[K^[m[K  
[2.372s] [01m[K/home/aiv/ev_ws/perception/src/lidar/lidar_clustering/src/dbscan_gpu.cu:263:3:[m[K [01;35m[Kwarning: [m[Kstyle of line directive is a GCC extension
[2.372s]   263 |   [01;35m[Kif [m[K(!h) return;
[2.372s]       |   [01;35m[K^~~[m[K
[2.372s] [01m[K/home/aiv/ev_ws/perception/src/lidar/lidar_clustering/src/dbscan_gpu.cu:264:3:[m[K [01;35m[Kwarning: [m[Kstyle of line directive is a GCC extension
[2.372s]   264 |   [01;35m[Kcud[m[KaFree(h->d_px);
[2.372s]       |   [01;35m[K^~~[m[K
[2.372s] [01m[K/home/aiv/ev_ws/perception/src/lidar/lidar_clustering/src/dbscan_gpu.cu:265:3:[m[K [01;35m[Kwarning: [m[Kstyle of line directive is a GCC extension
[2.372s]   265 |   [01;35m[Kcud[m[KaFree(h->d_py);
[2.372s]       |   [01;35m[K^~~[m[K
[2.372s] [01m[K/home/aiv/ev_ws/perception/src/lidar/lidar_clustering/src/dbscan_gpu.cu:266:3:[m[K [01;35m[Kwarning: [m[Kstyle of line directive is a GCC extension
[2.372s]   266 |   [01;35m[Kcud[m[KaFree(h->d_pz);
[2.372s]       |   [01;35m[K^~~[m[K
[2.372s] [01m[K/home/aiv/ev_ws/perception/src/lidar/lidar_clustering/src/dbscan_gpu.cu:267:3:[m[K [01;35m[Kwarning: [m[Kstyle of line directive is a GCC extension
[2.372s]   267 |   [01;35m[Kcud[m[KaFree(h->d_cell_indices);
[2.372s]       |   [01;35m[K^~~[m[K
[2.373s] [01m[K/home/aiv/ev_ws/perception/src/lidar/lidar_clustering/src/dbscan_gpu.cu:268:3:[m[K [01;35m[Kwarning: [m[Kstyle of line directive is a GCC extension
[2.373s]   268 |   [01;35m[Kcud[m[KaFree(h->d_sorted_indices);
[2.373s]       |   [01;35m[K^~~[m[K
[2.373s] [01m[K/home/aiv/ev_ws/perception/src/lidar/lidar_clustering/src/dbscan_gpu.cu:269:3:[m[K [01;35m[Kwarning: [m[Kstyle of line directive is a GCC extension
[2.373s]   269 |   [01;35m[Kcud[m[KaFree(h->d_sorted_cells);
[2.373s]       |   [01;35m[K^~~[m[K
[2.373s] [01m[K/home/aiv/ev_ws/perception/src/lidar/lidar_clustering/src/dbscan_gpu.cu:270:3:[m[K [01;35m[Kwarning: [m[Kstyle of line directive is a GCC extension
[2.373s]   270 |   [01;35m[Kcud[m[KaFree(h->d_cell_start);
[2.373s]       |   [01;35m[K^~~[m[K
[2.373s] [01m[K/home/aiv/ev_ws/perception/src/lidar/lidar_clustering/src/dbscan_gpu.cu:271:3:[m[K [01;35m[Kwarning: [m[Kstyle of line directive is a GCC extension
[2.373s]   271 |   [01;35m[Kcud[m[KaFree(h->d_cell_end);
[2.373s]       |   [01;35m[K^~~[m[K
[2.373s] [01m[K/home/aiv/ev_ws/perception/src/lidar/lidar_clustering/src/dbscan_gpu.cu:272:3:[m[K [01;35m[Kwarning: [m[Kstyle of line directive is a GCC extension
[2.373s]   272 |   [01;35m[Kcud[m[KaFree(h->d_neighbor_counts);
[2.373s]       |   [01;35m[K^~~[m[K
[2.373s] [01m[K/home/aiv/ev_ws/perception/src/lidar/lidar_clustering/src/dbscan_gpu.cu:273:3:[m[K [01;35m[Kwarning: [m[Kstyle of line directive is a GCC extension
[2.373s]   273 |   [01;35m[Kcud[m[KaFree(h->d_is_core);
[2.373s]       |   [01;35m[K^~~[m[K
[2.373s] [01m[K/home/aiv/ev_ws/perception/src/lidar/lidar_clustering/src/dbscan_gpu.cu:274:3:[m[K [01;35m[Kwarning: [m[Kstyle of line directive is a GCC extension
[2.373s]   274 |   [01;35m[Kcud[m[KaFree(h->d_neighbor_offsets);
[2.373s]       |   [01;35m[K^~~[m[K
[2.374s] [01m[K/home/aiv/ev_ws/perception/src/lidar/lidar_clustering/src/dbscan_gpu.cu:275:3:[m[K [01;35m[Kwarning: [m[Kstyle of line directive is a GCC extension
[2.374s]   275 |   [01;35m[Kcud[m[KaFree(h->d_neighbor_list);
[2.374s]       |   [01;35m[K^~~[m[K
[2.374s] [01m[K/home/aiv/ev_ws/perception/src/lidar/lidar_clustering/src/dbscan_gpu.cu:276:3:[m[K [01;35m[Kwarning: [m[Kstyle of line directive is a GCC extension
[2.374s]   276 |   [01;35m[Kfre[m[Ke(h);
[2.374s]       |   [01;35m[K^~~[m[K
[2.374s] [01m[K/home/aiv/ev_ws/perception/src/lidar/lidar_clustering/src/dbscan_gpu.cu:277:3:[m[K [01;35m[Kwarning: [m[Kstyle of line directive is a GCC extension
[2.374s]   277 | }
[2.374s]       |   [01;35m[K^[m[K  
[2.374s] [01m[K/home/aiv/ev_ws/perception/src/lidar/lidar_clustering/src/dbscan_gpu.cu:278:3:[m[K [01;35m[Kwarning: [m[Kstyle of line directive is a GCC extension
[2.374s]   278 | 
[2.374s]       |   [01;35m[K^[m[K  
[2.374s] [01m[K/home/aiv/ev_ws/perception/src/lidar/lidar_clustering/src/dbscan_gpu.cu:280:3:[m[K [01;35m[Kwarning: [m[Kstyle of line directive is a GCC extension
[2.374s]   280 |   [01;35m[KGpu[m[KResourcesHandle h,
[2.374s]       |   [01;35m[K^~~[m[K
[2.374s] [01m[K/home/aiv/ev_ws/perception/src/lidar/lidar_clustering/src/dbscan_gpu.cu:281:3:[m[K [01;35m[Kwarning: [m[Kstyle of line directive is a GCC extension
[2.374s]   281 |   [01;35m[Kcon[m[Kst float* hx, const float* hy, const float* hz, int n)
[2.374s]       |   [01;35m[K^~~[m[K
[2.374s] [01m[K/home/aiv/ev_ws/perception/src/lidar/lidar_clustering/src/dbscan_gpu.cu:282:3:[m[K [01;35m[Kwarning: [m[Kstyle of line directive is a GCC extension
[2.374s]   282 | {
[2.374s]       |   [01;35m[K^[m[K  
[2.375s] [01m[K/home/aiv/ev_ws/perception/src/lidar/lidar_clustering/src/dbscan_gpu.cu:283:3:[m[K [01;35m[Kwarning: [m[Kstyle of line directive is a GCC extension
[2.375s]   283 |   [01;35m[Kif [m[K(!h || n <= 0) return -1;
[2.375s]       |   [01;35m[K^~~[m[K
[2.375s] [01m[K/home/aiv/ev_ws/perception/src/lidar/lidar_clustering/src/dbscan_gpu.cu:284:3:[m[K [01;35m[Kwarning: [m[Kstyle of line directive is a GCC extension
[2.375s]   284 |   [01;35m[Kif [m[K(check_cuda(cudaMemcpy(h->d_px, hx, n * sizeof(float), cudaMemcpyHostToDevice))) return -1;
[2.375s]       |   [01;35m[K^~~[m[K
[2.375s] [01m[K/home/aiv/ev_ws/perception/src/lidar/lidar_clustering/src/dbscan_gpu.cu:285:3:[m[K [01;35m[Kwarning: [m[Kstyle of line directive is a GCC extension
[2.375s]   285 |   [01;35m[Kif [m[K(check_cuda(cudaMemcpy(h->d_py, hy, n * sizeof(float), cudaMemcpyHostToDevice))) return -1;
[2.375s]       |   [01;35m[K^~~[m[K
[2.375s] [01m[K/home/aiv/ev_ws/perception/src/lidar/lidar_clustering/src/dbscan_gpu.cu:286:3:[m[K [01;35m[Kwarning: [m[Kstyle of line directive is a GCC extension
[2.375s]   286 |   [01;35m[Kif [m[K(check_cuda(cudaMemcpy(h->d_pz, hz, n * sizeof(float), cudaMemcpyHostToDevice))) return -1;
[2.375s]       |   [01;35m[K^~~[m[K
[2.375s] [01m[K/home/aiv/ev_ws/perception/src/lidar/lidar_clustering/src/dbscan_gpu.cu:287:3:[m[K [01;35m[Kwarning: [m[Kstyle of line directive is a GCC extension
[2.375s]   287 |   [01;35m[Kret[m[Kurn 0;
[2.375s]       |   [01;35m[K^~~[m[K
[2.375s] [01m[K/home/aiv/ev_ws/perception/src/lidar/lidar_clustering/src/dbscan_gpu.cu:288:3:[m[K [01;35m[Kwarning: [m[Kstyle of line directive is a GCC extension
[2.375s]   288 | }
[2.375s]       |   [01;35m[K^[m[K  
[2.375s] [01m[K/home/aiv/ev_ws/perception/src/lidar/lidar_clustering/src/dbscan_gpu.cu:289:3:[m[K [01;35m[Kwarning: [m[Kstyle of line directive is a GCC extension
[2.376s]   289 | 
[2.376s]       |   [01;35m[K^[m[K  
[2.376s] [01m[K/home/aiv/ev_ws/perception/src/lidar/lidar_clustering/src/dbscan_gpu.cu:291:3:[m[K [01;35m[Kwarning: [m[Kstyle of line directive is a GCC extension
[2.376s]   291 |   [01;35m[KGpu[m[KResourcesHandle h, int n,
[2.376s]       |   [01;35m[K^~~[m[K
[2.376s] [01m[K/home/aiv/ev_ws/perception/src/lidar/lidar_clustering/src/dbscan_gpu.cu:292:3:[m[K [01;35m[Kwarning: [m[Kstyle of line directive is a GCC extension
[2.376s]   292 |   [01;35m[Kflo[m[Kat origin_x, float origin_y, float origin_z,
[2.376s]       |   [01;35m[K^~~[m[K
[2.376s] [01m[K/home/aiv/ev_ws/perception/src/lidar/lidar_clustering/src/dbscan_gpu.cu:293:3:[m[K [01;35m[Kwarning: [m[Kstyle of line directive is a GCC extension
[2.376s]   293 |   [01;35m[Kflo[m[Kat inv_cell_size,
[2.376s]       |   [01;35m[K^~~[m[K
[2.376s] [01m[K/home/aiv/ev_ws/perception/src/lidar/lidar_clustering/src/dbscan_gpu.cu:294:3:[m[K [01;35m[Kwarning: [m[Kstyle of line directive is a GCC extension
[2.376s]   294 |   [01;35m[Kint[m[K grid_x, int grid_y, int grid_z,
[2.376s]       |   [01;35m[K^~~[m[K
[2.376s] [01m[K/home/aiv/ev_ws/perception/src/lidar/lidar_clustering/src/dbscan_gpu.cu:295:3:[m[K [01;35m[Kwarning: [m[Kstyle of line directive is a GCC extension
[2.376s]   295 |   [01;35m[Kint[m[K* h_cell_indices_out)
[2.376s]       |   [01;35m[K^~~[m[K
[2.376s] [01m[K/home/aiv/ev_ws/perception/src/lidar/lidar_clustering/src/dbscan_gpu.cu:296:3:[m[K [01;35m[Kwarning: [m[Kstyle of line directive is a GCC extension
[2.376s]   296 | {
[2.377s]       |   [01;35m[K^[m[K  
[2.377s] [01m[K/home/aiv/ev_ws/perception/src/lidar/lidar_clustering/src/dbscan_gpu.cu:297:3:[m[K [01;35m[Kwarning: [m[Kstyle of line directive is a GCC extension
[2.377s]   297 |   [01;35m[Kif [m[K(!h || n <= 0) return -1;
[2.377s]       |   [01;35m[K^~~[m[K
[2.377s] [01m[K/home/aiv/ev_ws/perception/src/lidar/lidar_clustering/src/dbscan_gpu.cu:298:3:[m[K [01;35m[Kwarning: [m[Kstyle of line directive is a GCC extension
[2.377s]   298 | 
[2.377s]       |   [01;35m[K^[m[K  
[2.377s] [01m[K/home/aiv/ev_ws/perception/src/lidar/lidar_clustering/src/dbscan_gpu.cu:300:3:[m[K [01;35m[Kwarning: [m[Kstyle of line directive is a GCC extension
[2.377s]   300 |   [01;35m[Kint[m[K grid_dim = (n + block_size - 1) / block_size;
[2.377s]       |   [01;35m[K^~~[m[K
[2.377s] [01m[K/home/aiv/ev_ws/perception/src/lidar/lidar_clustering/src/dbscan_gpu.cu:301:3:[m[K [01;35m[Kwarning: [m[Kstyle of line directive is a GCC extension
[2.377s]   301 | 
[2.377s]       |   [01;35m[K^[m[K  
[2.377s] [01m[K/home/aiv/ev_ws/perception/src/lidar/lidar_clustering/src/dbscan_gpu.cu:303:3:[m[K [01;35m[Kwarning: [m[Kstyle of line directive is a GCC extension
[2.377s]   303 |   [01;35m[K  h[m[K->d_px, h->d_py, h->d_pz,
[2.377s]       |   [01;35m[K^[m[K [01;35m[K~[m[K
[2.377s] [01m[K/home/aiv/ev_ws/perception/src/lidar/lidar_clustering/src/dbscan_gpu.cu:309:3:[m[K [01;35m[Kwarning: [m[Kstyle of line directive is a GCC extension
[2.377s]   309 |   [01;35m[Kif [m[K(check_cuda(cudaDeviceSynchronize())) return -1;
[2.377s]       |   [01;35m[K^~~[m[K
[2.377s] [01m[K/home/aiv/ev_ws/perception/src/lidar/lidar_clustering/src/dbscan_gpu.cu:310:3:[m[K [01;35m[Kwarning: [m[Kstyle of line directive is a GCC extension
[2.377s]   310 | 
[2.378s]       |   [01;35m[K^[m[K  
[2.378s] [01m[K/home/aiv/ev_ws/perception/src/lidar/lidar_clustering/src/dbscan_gpu.cu:312:3:[m[K [01;35m[Kwarning: [m[Kstyle of line directive is a GCC extension
[2.378s]   312 |   [01;35m[K  n[m[K * sizeof(int), cudaMemcpyDeviceToHost))) return -1;
[2.378s]       |   [01;35m[K^[m[K [01;35m[K~[m[K
[2.378s] [01m[K/home/aiv/ev_ws/perception/src/lidar/lidar_clustering/src/dbscan_gpu.cu:313:3:[m[K [01;35m[Kwarning: [m[Kstyle of line directive is a GCC extension
[2.378s]   313 | 
[2.378s]       |   [01;35m[K^[m[K  
[2.378s] [01m[K/home/aiv/ev_ws/perception/src/lidar/lidar_clustering/src/dbscan_gpu.cu:315:3:[m[K [01;35m[Kwarning: [m[Kstyle of line directive is a GCC extension
[2.378s]   315 | }
[2.378s]       |   [01;35m[K^[m[K  
[2.378s] [01m[K/home/aiv/ev_ws/perception/src/lidar/lidar_clustering/src/dbscan_gpu.cu:316:3:[m[K [01;35m[Kwarning: [m[Kstyle of line directive is a GCC extension
[2.378s]   316 | 
[2.378s]       |   [01;35m[K^[m[K  
[2.378s] [01m[K/home/aiv/ev_ws/perception/src/lidar/lidar_clustering/src/dbscan_gpu.cu:318:3:[m[K [01;35m[Kwarning: [m[Kstyle of line directive is a GCC extension
[2.378s]   318 |   [01;35m[KGpu[m[KResourcesHandle h,
[2.378s]       |   [01;35m[K^~~[m[K
[2.378s] [01m[K/home/aiv/ev_ws/perception/src/lidar/lidar_clustering/src/dbscan_gpu.cu:319:3:[m[K [01;35m[Kwarning: [m[Kstyle of line directive is a GCC extension
[2.378s]   319 |   [01;35m[Kcon[m[Kst int* h_sorted_indices, const int* h_sorted_cells,
[2.378s]       |   [01;35m[K^~~[m[K
[2.378s] [01m[K/home/aiv/ev_ws/perception/src/lidar/lidar_clustering/src/dbscan_gpu.cu:320:3:[m[K [01;35m[Kwarning: [m[Kstyle of line directive is a GCC extension
[2.378s]   320 |   [01;35m[Kint[m[K n, size_t num_cells)
[2.379s]       |   [01;35m[K^~~[m[K
[2.379s] [01m[K/home/aiv/ev_ws/perception/src/lidar/lidar_clustering/src/dbscan_gpu.cu:321:3:[m[K [01;35m[Kwarning: [m[Kstyle of line directive is a GCC extension
[2.379s]   321 | {
[2.379s]       |   [01;35m[K^[m[K  
[2.379s] [01m[K/home/aiv/ev_ws/perception/src/lidar/lidar_clustering/src/dbscan_gpu.cu:322:3:[m[K [01;35m[Kwarning: [m[Kstyle of line directive is a GCC extension
[2.379s]   322 |   [01;35m[Kif [m[K(!h || n <= 0) return -1;
[2.379s]       |   [01;35m[K^~~[m[K
[2.379s] [01m[K/home/aiv/ev_ws/perception/src/lidar/lidar_clustering/src/dbscan_gpu.cu:323:3:[m[K [01;35m[Kwarning: [m[Kstyle of line directive is a GCC extension
[2.379s]   323 | 
[2.379s]       |   [01;35m[K^[m[K  
[2.379s] [01m[K/home/aiv/ev_ws/perception/src/lidar/lidar_clustering/src/dbscan_gpu.cu:325:3:[m[K [01;35m[Kwarning: [m[Kstyle of line directive is a GCC extension
[2.379s]   325 |   [01;35m[K  n[m[K * sizeof(int), cudaMemcpyHostToDevice))) return -1;
[2.379s]       |   [01;35m[K^[m[K [01;35m[K~[m[K
[2.379s] [01m[K/home/aiv/ev_ws/perception/src/lidar/lidar_clustering/src/dbscan_gpu.cu:326:3:[m[K [01;35m[Kwarning: [m[Kstyle of line directive is a GCC extension
[2.379s]   326 |   [01;35m[Kif [m[K(check_cuda(cudaMemcpy(h->d_sorted_cells, h_sorted_cells,
[2.379s]       |   [01;35m[K^~~[m[K
[2.379s] [01m[K/home/aiv/ev_ws/perception/src/lidar/lidar_clustering/src/dbscan_gpu.cu:327:3:[m[K [01;35m[Kwarning: [m[Kstyle of line directive is a GCC extension
[2.379s]   327 |   [01;35m[K  n[m[K * sizeof(int), cudaMemcpyHostToDevice))) return -1;
[2.379s]       |   [01;35m[K^[m[K [01;35m[K~[m[K
[2.379s] [01m[K/home/aiv/ev_ws/perception/src/lidar/lidar_clustering/src/dbscan_gpu.cu:328:3:[m[K [01;35m[Kwarning: [m[Kstyle of line directive is a GCC extension
[2.380s]   328 | 
[2.380s]       |   [01;35m[K^[m[K  
[2.380s] [01m[K/home/aiv/ev_ws/perception/src/lidar/lidar_clustering/src/dbscan_gpu.cu:330:3:[m[K [01;35m[Kwarning: [m[Kstyle of line directive is a GCC extension
[2.380s]   330 |   [01;35m[Kif [m[K(check_cuda(cudaMemset(h->d_cell_end, 0, num_cells * sizeof(int)))) return -1;
[2.380s]       |   [01;35m[K^~~[m[K
[2.380s] [01m[K/home/aiv/ev_ws/perception/src/lidar/lidar_clustering/src/dbscan_gpu.cu:331:3:[m[K [01;35m[Kwarning: [m[Kstyle of line directive is a GCC extension
[2.380s]   331 | 
[2.380s]       |   [01;35m[K^[m[K  
[2.380s] [01m[K/home/aiv/ev_ws/perception/src/lidar/lidar_clustering/src/dbscan_gpu.cu:333:3:[m[K [01;35m[Kwarning: [m[Kstyle of line directive is a GCC extension
[2.380s]   333 |   [01;35m[Kint[m[K grid_dim = (n + block_size - 1) / block_size;
[2.380s]       |   [01;35m[K^~~[m[K
[2.380s] [01m[K/home/aiv/ev_ws/perception/src/lidar/lidar_clustering/src/dbscan_gpu.cu:334:3:[m[K [01;35m[Kwarning: [m[Kstyle of line directive is a GCC extension
[2.380s]   334 | 
[2.380s]       |   [01;35m[K^[m[K  
[2.380s] [01m[K/home/aiv/ev_ws/perception/src/lidar/lidar_clustering/src/dbscan_gpu.cu:336:3:[m[K [01;35m[Kwarning: [m[Kstyle of line directive is a GCC extension
[2.380s]   336 |   [01;35m[K  h[m[K->d_sorted_cells, h->d_cell_start, h->d_cell_end, n);
[2.380s]       |   [01;35m[K^[m[K [01;35m[K~[m[K
[2.380s] [01m[K/home/aiv/ev_ws/perception/src/lidar/lidar_clustering/src/dbscan_gpu.cu:339:3:[m[K [01;35m[Kwarning: [m[Kstyle of line directive is a GCC extension
[2.380s]   339 |   [01;35m[Kif [m[K(check_cuda(cudaDeviceSynchronize())) return -1;
[2.380s]       |   [01;35m[K^~~[m[K
[2.380s] [01m[K/home/aiv/ev_ws/perception/src/lidar/lidar_clustering/src/dbscan_gpu.cu:340:3:[m[K [01;35m[Kwarning: [m[Kstyle of line directive is a GCC extension
[2.381s]   340 | 
[2.381s]       |   [01;35m[K^[m[K  
[2.381s] [01m[K/home/aiv/ev_ws/perception/src/lidar/lidar_clustering/src/dbscan_gpu.cu:342:3:[m[K [01;35m[Kwarning: [m[Kstyle of line directive is a GCC extension
[2.381s]   342 | }
[2.381s]       |   [01;35m[K^[m[K  
[2.381s] [01m[K/home/aiv/ev_ws/perception/src/lidar/lidar_clustering/src/dbscan_gpu.cu:343:3:[m[K [01;35m[Kwarning: [m[Kstyle of line directive is a GCC extension
[2.381s]   343 | 
[2.381s]       |   [01;35m[K^[m[K  
[2.381s] [01m[K/home/aiv/ev_ws/perception/src/lidar/lidar_clustering/src/dbscan_gpu.cu:345:3:[m[K [01;35m[Kwarning: [m[Kstyle of line directive is a GCC extension
[2.381s]   345 |   [01;35m[KGpu[m[KResourcesHandle h, int n,
[2.381s]       |   [01;35m[K^~~[m[K
[2.381s] [01m[K/home/aiv/ev_ws/perception/src/lidar/lidar_clustering/src/dbscan_gpu.cu:346:3:[m[K [01;35m[Kwarning: [m[Kstyle of line directive is a GCC extension
[2.381s]   346 |   [01;35m[Kflo[m[Kat eps_sq, int min_pts,
[2.381s]       |   [01;35m[K^~~[m[K
[2.381s] [01m[K/home/aiv/ev_ws/perception/src/lidar/lidar_clustering/src/dbscan_gpu.cu:347:3:[m[K [01;35m[Kwarning: [m[Kstyle of line directive is a GCC extension
[2.381s]   347 |   [01;35m[Kint[m[K grid_x, int grid_y, int grid_z,
[2.381s]       |   [01;35m[K^~~[m[K
[2.381s] [01m[K/home/aiv/ev_ws/perception/src/lidar/lidar_clustering/src/dbscan_gpu.cu:348:3:[m[K [01;35m[Kwarning: [m[Kstyle of line directive is a GCC extension
[2.381s]   348 |   [01;35m[Kint[m[K* h_neighbor_counts_out, int* h_is_core_out)
[2.381s]       |   [01;35m[K^~~[m[K
[2.382s] [01m[K/home/aiv/ev_ws/perception/src/lidar/lidar_clustering/src/dbscan_gpu.cu:349:3:[m[K [01;35m[Kwarning: [m[Kstyle of line directive is a GCC extension
[2.382s]   349 | {
[2.382s]       |   [01;35m[K^[m[K  
[2.382s] [01m[K/home/aiv/ev_ws/perception/src/lidar/lidar_clustering/src/dbscan_gpu.cu:350:3:[m[K [01;35m[Kwarning: [m[Kstyle of line directive is a GCC extension
[2.382s]   350 |   [01;35m[Kif [m[K(!h || n <= 0) return -1;
[2.382s]       |   [01;35m[K^~~[m[K
[2.382s] [01m[K/home/aiv/ev_ws/perception/src/lidar/lidar_clustering/src/dbscan_gpu.cu:351:3:[m[K [01;35m[Kwarning: [m[Kstyle of line directive is a GCC extension
[2.382s]   351 | 
[2.382s]       |   [01;35m[K^[m[K  
[2.382s] [01m[K/home/aiv/ev_ws/perception/src/lidar/lidar_clustering/src/dbscan_gpu.cu:353:3:[m[K [01;35m[Kwarning: [m[Kstyle of line directive is a GCC extension
[2.382s]   353 | 
[2.382s]       |   [01;35m[K^[m[K  
[2.382s] [01m[K/home/aiv/ev_ws/perception/src/lidar/lidar_clustering/src/dbscan_gpu.cu:355:3:[m[K [01;35m[Kwarning: [m[Kstyle of line directive is a GCC extension
[2.382s]   355 |   [01;35m[Kint[m[K grid_dim = (n + block_size - 1) / block_size;
[2.382s]       |   [01;35m[K^~~[m[K
[2.382s] [01m[K/home/aiv/ev_ws/perception/src/lidar/lidar_clustering/src/dbscan_gpu.cu:356:3:[m[K [01;35m[Kwarning: [m[Kstyle of line directive is a GCC extension
[2.382s]   356 | 
[2.382s]       |   [01;35m[K^[m[K  
[2.382s] [01m[K/home/aiv/ev_ws/perception/src/lidar/lidar_clustering/src/dbscan_gpu.cu:358:3:[m[K [01;35m[Kwarning: [m[Kstyle of line directive is a GCC extension
[2.382s]   358 |   [01;35m[K  h[m[K->d_px, h->d_py, h->d_pz,
[2.382s]       |   [01;35m[K^[m[K [01;35m[K~[m[K
[2.383s] [01m[K/home/aiv/ev_ws/perception/src/lidar/lidar_clustering/src/dbscan_gpu.cu:367:3:[m[K [01;35m[Kwarning: [m[Kstyle of line directive is a GCC extension
[2.383s]   367 |   [01;35m[Kif [m[K(check_cuda(cudaDeviceSynchronize())) return -1;
[2.383s]       |   [01;35m[K^~~[m[K
[2.383s] [01m[K/home/aiv/ev_ws/perception/src/lidar/lidar_clustering/src/dbscan_gpu.cu:368:3:[m[K [01;35m[Kwarning: [m[Kstyle of line directive is a GCC extension
[2.383s]   368 | 
[2.383s]       |   [01;35m[K^[m[K  
[2.383s] [01m[K/home/aiv/ev_ws/perception/src/lidar/lidar_clustering/src/dbscan_gpu.cu:370:3:[m[K [01;35m[Kwarning: [m[Kstyle of line directive is a GCC extension
[2.383s]   370 |   [01;35m[K  n[m[K * sizeof(int), cudaMemcpyDeviceToHost))) return -1;
[2.383s]       |   [01;35m[K^[m[K [01;35m[K~[m[K
[2.383s] [01m[K/home/aiv/ev_ws/perception/src/lidar/lidar_clustering/src/dbscan_gpu.cu:371:3:[m[K [01;35m[Kwarning: [m[Kstyle of line directive is a GCC extension
[2.383s]   371 |   [01;35m[Kif [m[K(check_cuda(cudaMemcpy(h_is_core_out, h->d_is_core,
[2.383s]       |   [01;35m[K^~~[m[K
[2.383s] [01m[K/home/aiv/ev_ws/perception/src/lidar/lidar_clustering/src/dbscan_gpu.cu:372:3:[m[K [01;35m[Kwarning: [m[Kstyle of line directive is a GCC extension
[2.383s]   372 |   [01;35m[K  n[m[K * sizeof(int), cudaMemcpyDeviceToHost))) return -1;
[2.383s]       |   [01;35m[K^[m[K [01;35m[K~[m[K
[2.383s] [01m[K/home/aiv/ev_ws/perception/src/lidar/lidar_clustering/src/dbscan_gpu.cu:373:3:[m[K [01;35m[Kwarning: [m[Kstyle of line directive is a GCC extension
[2.383s]   373 | 
[2.383s]       |   [01;35m[K^[m[K  
[2.383s] [01m[K/home/aiv/ev_ws/perception/src/lidar/lidar_clustering/src/dbscan_gpu.cu:375:3:[m[K [01;35m[Kwarning: [m[Kstyle of line directive is a GCC extension
[2.383s]   375 | }
[2.383s]       |   [01;35m[K^[m[K  
[2.383s] [01m[K/home/aiv/ev_ws/perception/src/lidar/lidar_clustering/src/dbscan_gpu.cu:376:3:[m[K [01;35m[Kwarning: [m[Kstyle of line directive is a GCC extension
[2.384s]   376 | 
[2.384s]       |   [01;35m[K^[m[K  
[2.384s] [01m[K/home/aiv/ev_ws/perception/src/lidar/lidar_clustering/src/dbscan_gpu.cu:378:3:[m[K [01;35m[Kwarning: [m[Kstyle of line directive is a GCC extension
[2.384s]   378 |   [01;35m[KGpu[m[KResourcesHandle h, int n,
[2.384s]       |   [01;35m[K^~~[m[K
[2.384s] [01m[K/home/aiv/ev_ws/perception/src/lidar/lidar_clustering/src/dbscan_gpu.cu:379:3:[m[K [01;35m[Kwarning: [m[Kstyle of line directive is a GCC extension
[2.384s]   379 |   [01;35m[Kflo[m[Kat eps_sq,
[2.384s]       |   [01;35m[K^~~[m[K
[2.384s] [01m[K/home/aiv/ev_ws/perception/src/lidar/lidar_clustering/src/dbscan_gpu.cu:380:3:[m[K [01;35m[Kwarning: [m[Kstyle of line directive is a GCC extension
[2.384s]   380 |   [01;35m[Kint[m[K grid_x, int grid_y, int grid_z,
[2.384s]       |   [01;35m[K^~~[m[K
[2.384s] [01m[K/home/aiv/ev_ws/perception/src/lidar/lidar_clustering/src/dbscan_gpu.cu:381:3:[m[K [01;35m[Kwarning: [m[Kstyle of line directive is a GCC extension
[2.384s]   381 |   [01;35m[Kcon[m[Kst int* h_neighbor_offsets,
[2.384s]       |   [01;35m[K^~~[m[K
[2.384s] [01m[K/home/aiv/ev_ws/perception/src/lidar/lidar_clustering/src/dbscan_gpu.cu:382:3:[m[K [01;35m[Kwarning: [m[Kstyle of line directive is a GCC extension
[2.384s]   382 |   [01;35m[Kint[m[K* h_neighbor_list_out, size_t total_neighbors)
[2.384s]       |   [01;35m[K^~~[m[K
[2.384s] [01m[K/home/aiv/ev_ws/perception/src/lidar/lidar_clustering/src/dbscan_gpu.cu:383:3:[m[K [01;35m[Kwarning: [m[Kstyle of line directive is a GCC extension
[2.384s]   383 | {
[2.384s]       |   [01;35m[K^[m[K  
[2.384s] [01m[K/home/aiv/ev_ws/perception/src/lidar/lidar_clustering/src/dbscan_gpu.cu:384:3:[m[K [01;35m[Kwarning: [m[Kstyle of line directive is a GCC extension
[2.385s]   384 |   [01;35m[Kif [m[K(!h || n <= 0) return -1;
[2.385s]       |   [01;35m[K^~~[m[K
[2.385s] [01m[K/home/aiv/ev_ws/perception/src/lidar/lidar_clustering/src/dbscan_gpu.cu:385:3:[m[K [01;35m[Kwarning: [m[Kstyle of line directive is a GCC extension
[2.385s]   385 | 
[2.385s]       |   [01;35m[K^[m[K  
[2.385s] [01m[K/home/aiv/ev_ws/perception/src/lidar/lidar_clustering/src/dbscan_gpu.cu:387:3:[m[K [01;35m[Kwarning: [m[Kstyle of line directive is a GCC extension
[2.385s]   387 |   [01;35m[K  n[m[K * sizeof(int), cudaMemcpyHostToDevice))) return -1;
[2.385s]       |   [01;35m[K^[m[K [01;35m[K~[m[K
[2.385s] [01m[K/home/aiv/ev_ws/perception/src/lidar/lidar_clustering/src/dbscan_gpu.cu:388:3:[m[K [01;35m[Kwarning: [m[Kstyle of line directive is a GCC extension
[2.385s]   388 | 
[2.385s]       |   [01;35m[K^[m[K  
[2.385s] [01m[K/home/aiv/ev_ws/perception/src/lidar/lidar_clustering/src/dbscan_gpu.cu:390:3:[m[K [01;35m[Kwarning: [m[Kstyle of line directive is a GCC extension
[2.385s]   390 |   [01;35m[Kint[m[K grid_dim = (n + block_size - 1) / block_size;
[2.385s]       |   [01;35m[K^~~[m[K
[2.385s] [01m[K/home/aiv/ev_ws/perception/src/lidar/lidar_clustering/src/dbscan_gpu.cu:391:3:[m[K [01;35m[Kwarning: [m[Kstyle of line directive is a GCC extension
[2.385s]   391 | 
[2.385s]       |   [01;35m[K^[m[K  
[2.385s] [01m[K/home/aiv/ev_ws/perception/src/lidar/lidar_clustering/src/dbscan_gpu.cu:393:3:[m[K [01;35m[Kwarning: [m[Kstyle of line directive is a GCC extension
[2.385s]   393 |   [01;35m[K  h[m[K->d_px, h->d_py, h->d_pz,
[2.385s]       |   [01;35m[K^[m[K [01;35m[K~[m[K
[2.385s] [01m[K/home/aiv/ev_ws/perception/src/lidar/lidar_clustering/src/dbscan_gpu.cu:403:3:[m[K [01;35m[Kwarning: [m[Kstyle of line directive is a GCC extension
[2.386s]   403 |   [01;35m[Kif [m[K(check_cuda(cudaDeviceSynchronize())) return -1;
[2.386s]       |   [01;35m[K^~~[m[K
[2.386s] [01m[K/home/aiv/ev_ws/perception/src/lidar/lidar_clustering/src/dbscan_gpu.cu:404:3:[m[K [01;35m[Kwarning: [m[Kstyle of line directive is a GCC extension
[2.386s]   404 | 
[2.386s]       |   [01;35m[K^[m[K  
[2.386s] [01m[K/home/aiv/ev_ws/perception/src/lidar/lidar_clustering/src/dbscan_gpu.cu:406:3:[m[K [01;35m[Kwarning: [m[Kstyle of line directive is a GCC extension
[2.386s]   406 |   [01;35m[K  i[m[Kf (check_cuda(cudaMemcpy(h_neighbor_list_out, h->d_neighbor_list,
[2.386s]       |   [01;35m[K^[m[K [01;35m[K~[m[K
[2.386s] [01m[K/home/aiv/ev_ws/perception/src/lidar/lidar_clustering/src/dbscan_gpu.cu:407:3:[m[K [01;35m[Kwarning: [m[Kstyle of line directive is a GCC extension
[2.386s]   407 |   [01;35m[K   [m[K total_neighbors * sizeof(int), cudaMemcpyDeviceToHost))) return -1;
[2.386s]       |   [01;35m[K^[m[K  
[2.386s] [01m[K/home/aiv/ev_ws/perception/src/lidar/lidar_clustering/src/dbscan_gpu.cu:408:3:[m[K [01;35m[Kwarning: [m[Kstyle of line directive is a GCC extension
[2.386s]   408 |   [01;35m[K}[m[K
[2.386s]       |   [01;35m[K^[m[K  
[2.386s] [01m[K/home/aiv/ev_ws/perception/src/lidar/lidar_clustering/src/dbscan_gpu.cu:409:3:[m[K [01;35m[Kwarning: [m[Kstyle of line directive is a GCC extension
[2.386s]   409 | 
[2.386s]       |   [01;35m[K^[m[K  
[2.386s] [01m[K/home/aiv/ev_ws/perception/src/lidar/lidar_clustering/src/dbscan_gpu.cu:411:3:[m[K [01;35m[Kwarning: [m[Kstyle of line directive is a GCC extension
[2.386s]   411 | }
[2.386s]       |   [01;35m[K^[m[K  
[2.386s] [01m[K/home/aiv/ev_ws/perception/src/lidar/lidar_clustering/src/dbscan_gpu.cu:412:3:[m[K [01;35m[Kwarning: [m[Kstyle of line directive is a GCC extension
[2.386s]   412 | 
[2.387s]       |   [01;35m[K^[m[K  
[2.387s] [01m[K/home/aiv/ev_ws/perception/src/lidar/lidar_clustering/src/dbscan_gpu.cu:414:3:[m[K [01;35m[Kwarning: [m[Kstyle of line directive is a GCC extension
[2.387s]   414 |   [01;35m[Kif [m[K(!h) return -1;
[2.387s]       |   [01;35m[K^~~[m[K
[2.387s] [01m[K/home/aiv/ev_ws/perception/src/lidar/lidar_clustering/src/dbscan_gpu.cu:415:3:[m[K [01;35m[Kwarning: [m[Kstyle of line directive is a GCC extension
[2.387s]   415 |   [01;35m[Kcud[m[KaFree(h->d_neighbor_list);
[2.387s]       |   [01;35m[K^~~[m[K
[2.387s] [01m[K/home/aiv/ev_ws/perception/src/lidar/lidar_clustering/src/dbscan_gpu.cu:416:3:[m[K [01;35m[Kwarning: [m[Kstyle of line directive is a GCC extension
[2.387s]   416 |   [01;35m[Kh->[m[Kd_neighbor_list = NULL;
[2.387s]       |   [01;35m[K^~~[m[K
[2.387s] [01m[K/home/aiv/ev_ws/perception/src/lidar/lidar_clustering/src/dbscan_gpu.cu:417:3:[m[K [01;35m[Kwarning: [m[Kstyle of line directive is a GCC extension
[2.387s]   417 |   [01;35m[Kh->[m[Kmax_neighbors = new_max_neighbors;
[2.387s]       |   [01;35m[K^~~[m[K
[2.387s] [01m[K/home/aiv/ev_ws/perception/src/lidar/lidar_clustering/src/dbscan_gpu.cu:418:3:[m[K [01;35m[Kwarning: [m[Kstyle of line directive is a GCC extension
[2.387s]   418 |   [01;35m[Kif [m[K(check_cuda(cudaMalloc(&h->d_neighbor_list,
[2.387s]       |   [01;35m[K^~~[m[K
[2.387s] [01m[K/home/aiv/ev_ws/perception/src/lidar/lidar_clustering/src/dbscan_gpu.cu:419:3:[m[K [01;35m[Kwarning: [m[Kstyle of line directive is a GCC extension
[2.387s]   419 |   [01;35m[K  n[m[Kew_max_neighbors * sizeof(int)))) return -1;
[2.387s]       |   [01;35m[K^[m[K [01;35m[K~[m[K
[2.387s] [01m[K/home/aiv/ev_ws/perception/src/lidar/lidar_clustering/src/dbscan_gpu.cu:420:3:[m[K [01;35m[Kwarning: [m[Kstyle of line directive is a GCC extension
[2.387s]   420 |   [01;35m[Kret[m[Kurn 0;
[2.388s]       |   [01;35m[K^~~[m[K
[2.388s] [01m[K/home/aiv/ev_ws/perception/src/lidar/lidar_clustering/src/dbscan_gpu.cu:421:3:[m[K [01;35m[Kwarning: [m[Kstyle of line directive is a GCC extension
[2.388s]   421 | }
[2.388s]       |   [01;35m[K^[m[K  
[2.388s] [01m[K/home/aiv/ev_ws/perception/src/lidar/lidar_clustering/src/dbscan_gpu.cu:422:3:[m[K [01;35m[Kwarning: [m[Kstyle of line directive is a GCC extension
[2.388s]   422 | 
[2.388s]       |   [01;35m[K^[m[K  
[2.388s] [01m[K/home/aiv/ev_ws/perception/src/lidar/lidar_clustering/src/dbscan_gpu.cu:434:3:[m[K [01;35m[Kwarning: [m[Kstyle of line directive is a GCC extension
[2.388s]   434 |   [01;35m[Kint[m[K* labels,
[2.388s]       |   [01;35m[K^~~[m[K
[2.388s] [01m[K/home/aiv/ev_ws/perception/src/lidar/lidar_clustering/src/dbscan_gpu.cu:429:3:[m[K [01;35m[Kwarning: [m[Kstyle of line directive is a GCC extension
[2.388s]   429 |   [01;35m[Kcon[m[Kst float* px, const float* py, const float* pz,
[2.388s]       |   [01;35m[K^~~[m[K
[2.388s] [01m[K/home/aiv/ev_ws/perception/src/lidar/lidar_clustering/src/dbscan_gpu.cu:430:3:[m[K [01;35m[Kwarning: [m[Kstyle of line directive is a GCC extension
[2.388s]   430 |   [01;35m[Kcon[m[Kst int* sorted_indices,
[2.388s]       |   [01;35m[K^~~[m[K
[2.388s] [01m[K/home/aiv/ev_ws/perception/src/lidar/lidar_clustering/src/dbscan_gpu.cu:431:3:[m[K [01;35m[Kwarning: [m[Kstyle of line directive is a GCC extension
[2.388s]   431 |   [01;35m[Kcon[m[Kst int* cell_indices_sorted,
[2.388s]       |   [01;35m[K^~~[m[K
[2.388s] [01m[K/home/aiv/ev_ws/perception/src/lidar/lidar_clustering/src/dbscan_gpu.cu:432:3:[m[K [01;35m[Kwarning: [m[Kstyle of line directive is a GCC extension
[2.389s]   432 |   [01;35m[Kcon[m[Kst int* cell_start, const int* cell_end,
[2.389s]       |   [01;35m[K^~~[m[K
[2.389s] [01m[K/home/aiv/ev_ws/perception/src/lidar/lidar_clustering/src/dbscan_gpu.cu:433:3:[m[K [01;35m[Kwarning: [m[Kstyle of line directive is a GCC extension
[2.389s]   433 |   [01;35m[Kint[m[K n, float eps_sq,
[2.389s]       |   [01;35m[K^~~[m[K
[2.389s] [01m[K/home/aiv/ev_ws/perception/src/lidar/lidar_clustering/src/dbscan_gpu.cu:434:3:[m[K [01;35m[Kwarning: [m[Kstyle of line directive is a GCC extension
[2.389s]   434 |   [01;35m[Kint[m[K* labels,
[2.389s]       |   [01;35m[K^~~[m[K
[2.389s] [01m[K/home/aiv/ev_ws/perception/src/lidar/lidar_clustering/src/dbscan_gpu.cu:435:3:[m[K [01;35m[Kwarning: [m[Kstyle of line directive is a GCC extension
[2.389s]   435 |   [01;35m[Kcon[m[Kst int* is_core,
[2.389s]       |   [01;35m[K^~~[m[K
[2.389s] [01m[K/home/aiv/ev_ws/perception/src/lidar/lidar_clustering/src/dbscan_gpu.cu:436:3:[m[K [01;35m[Kwarning: [m[Kstyle of line directive is a GCC extension
[2.389s]   436 |   [01;35m[Kint[m[K grid_x, int grid_y, int grid_z)
[2.389s]       |   [01;35m[K^~~[m[K
[2.389s] [01m[K/home/aiv/ev_ws/perception/src/lidar/lidar_clustering/src/dbscan_gpu.cu:513:3:[m[K [01;35m[Kwarning: [m[Kstyle of line directive is a GCC extension
[2.389s]   513 |   [01;35m[K  g[m[Krid_x, grid_y, grid_z);
[2.389s]       |   [01;35m[K^[m[K [01;35m[K~[m[K
[2.389s] [01m[K/home/aiv/ev_ws/perception/src/lidar/lidar_clustering/src/dbscan_gpu.cu:488:3:[m[K [01;35m[Kwarning: [m[Kstyle of line directive is a GCC extension
[2.389s]   488 |   [01;35m[KGpu[m[KResourcesHandle h, int n,
[2.389s]       |   [01;35m[K^~~[m[K
[2.389s] [01m[K/home/aiv/ev_ws/perception/src/lidar/lidar_clustering/src/dbscan_gpu.cu:489:3:[m[K [01;35m[Kwarning: [m[Kstyle of line directive is a GCC extension
[2.390s]   489 |   [01;35m[Kflo[m[Kat eps_sq,
[2.390s]       |   [01;35m[K^~~[m[K
[2.390s] [01m[K/home/aiv/ev_ws/perception/src/lidar/lidar_clustering/src/dbscan_gpu.cu:490:3:[m[K [01;35m[Kwarning: [m[Kstyle of line directive is a GCC extension
[2.390s]   490 |   [01;35m[Kint[m[K grid_x, int grid_y, int grid_z,
[2.390s]       |   [01;35m[K^~~[m[K
[2.390s] [01m[K/home/aiv/ev_ws/perception/src/lidar/lidar_clustering/src/dbscan_gpu.cu:491:3:[m[K [01;35m[Kwarning: [m[Kstyle of line directive is a GCC extension
[2.390s]   491 |   [01;35m[Kint[m[K* h_labels_out)
[2.390s]       |   [01;35m[K^~~[m[K
[2.390s] [01m[K/home/aiv/ev_ws/perception/src/lidar/lidar_clustering/src/dbscan_gpu.cu:492:3:[m[K [01;35m[Kwarning: [m[Kstyle of line directive is a GCC extension
[2.390s]   492 | {
[2.390s]       |   [01;35m[K^[m[K  
[2.390s] [01m[K/home/aiv/ev_ws/perception/src/lidar/lidar_clustering/src/dbscan_gpu.cu:493:3:[m[K [01;35m[Kwarning: [m[Kstyle of line directive is a GCC extension
[2.390s]   493 |   [01;35m[Kif [m[K(!h || n <= 0) return -1;
[2.390s]       |   [01;35m[K^~~[m[K
[2.390s] [01m[K/home/aiv/ev_ws/perception/src/lidar/lidar_clustering/src/dbscan_gpu.cu:494:3:[m[K [01;35m[Kwarning: [m[Kstyle of line directive is a GCC extension
[2.390s]   494 | 
[2.390s]       |   [01;35m[K^[m[K  
[2.390s] [01m[K/home/aiv/ev_ws/perception/src/lidar/lidar_clustering/src/dbscan_gpu.cu:497:3:[m[K [01;35m[Kwarning: [m[Kstyle of line directive is a GCC extension
[2.390s]   497 | 
[2.390s]       |   [01;35m[K^[m[K  
[2.390s] [01m[K/home/aiv/ev_ws/perception/src/lidar/lidar_clustering/src/dbscan_gpu.cu:500:3:[m[K [01;35m[Kwarning: [m[Kstyle of line directive is a GCC extension
[2.391s]   500 |   [01;35m[Kint[m[K grid_dim = (n + block_size - 1) / block_size;
[2.391s]       |   [01;35m[K^~~[m[K
[2.391s] [01m[K/home/aiv/ev_ws/perception/src/lidar/lidar_clustering/src/dbscan_gpu.cu:501:3:[m[K [01;35m[Kwarning: [m[Kstyle of line directive is a GCC extension
[2.391s]   501 |   [01;35m[Kker[m[Knel_init_labels<<<grid_dim, block_size>>>(d_labels, n);
[2.391s]       |   [01;35m[K^~~[m[K
[2.391s] [01m[K/home/aiv/ev_ws/perception/src/lidar/lidar_clustering/src/dbscan_gpu.cu:502:3:[m[K [01;35m[Kwarning: [m[Kstyle of line directive is a GCC extension
[2.391s]   502 |   [01;35m[Kif [m[K(check_cuda(cudaGetLastError())) return -1;
[2.391s]       |   [01;35m[K^~~[m[K
[2.391s] [01m[K/home/aiv/ev_ws/perception/src/lidar/lidar_clustering/src/dbscan_gpu.cu:503:3:[m[K [01;35m[Kwarning: [m[Kstyle of line directive is a GCC extension
[2.391s]   503 | 
[2.391s]       |   [01;35m[K^[m[K  
[2.391s] [01m[K/home/aiv/ev_ws/perception/src/lidar/lidar_clustering/src/dbscan_gpu.cu:506:3:[m[K [01;35m[Kwarning: [m[Kstyle of line directive is a GCC extension
[2.391s]   506 |   [01;35m[K  h[m[K->d_px, h->d_py, h->d_pz,
[2.391s]       |   [01;35m[K^[m[K [01;35m[K~[m[K
[2.391s] [01m[K/home/aiv/ev_ws/perception/src/lidar/lidar_clustering/src/dbscan_gpu.cu:516:3:[m[K [01;35m[Kwarning: [m[Kstyle of line directive is a GCC extension
[2.391s]   516 |   [01;35m[Kif [m[K(check_cuda(cudaDeviceSynchronize())) return -1;
[2.391s]       |   [01;35m[K^~~[m[K
[2.391s] [01m[K/home/aiv/ev_ws/perception/src/lidar/lidar_clustering/src/dbscan_gpu.cu:517:3:[m[K [01;35m[Kwarning: [m[Kstyle of line directive is a GCC extension
[2.391s]   517 | 
[2.391s]       |   [01;35m[K^[m[K  
[2.391s] [01m[K/home/aiv/ev_ws/perception/src/lidar/lidar_clustering/src/dbscan_gpu.cu:520:3:[m[K [01;35m[Kwarning: [m[Kstyle of line directive is a GCC extension
[2.392s]   520 |   [01;35m[K  n[m[K * sizeof(int), cudaMemcpyDeviceToHost))) return -1;
[2.392s]       |   [01;35m[K^[m[K [01;35m[K~[m[K
[2.392s] [01m[K/home/aiv/ev_ws/perception/src/lidar/lidar_clustering/src/dbscan_gpu.cu:521:3:[m[K [01;35m[Kwarning: [m[Kstyle of line directive is a GCC extension
[2.392s]   521 | 
[2.392s]       |   [01;35m[K^[m[K  
[2.392s] [01m[K/home/aiv/ev_ws/perception/src/lidar/lidar_clustering/src/dbscan_gpu.cu:523:3:[m[K [01;35m[Kwarning: [m[Kstyle of line directive is a GCC extension
[2.392s]   523 | }
[2.392s]       |   [01;35m[K^[m[K  
[2.392s] [01m[K/home/aiv/ev_ws/perception/src/lidar/lidar_clustering/src/dbscan_gpu.cu:525:3:[m[K [01;35m[Kwarning: [m[Kstyle of line directive is a GCC extension
[2.392s] [01m[Ktmpxft_0003f78b_00000000-6_dbscan_gpu.cudafe1.stub.c:4:3:[m[K [01;35m[Kwarning: [m[Kstyle of line directive is a GCC extension
[2.392s] In file included from [01m[Ktmpxft_0003f78b_00000000-6_dbscan_gpu.cudafe1.stub.c:1[m[K:
[2.392s] [01m[K/home/aiv/ev_ws/perception/src/lidar/lidar_clustering/src/dbscan_gpu.cu:75:3:[m[K [01;35m[Kwarning: [m[Kstyle of line directive is a GCC extension
[2.392s]    75 |   [01;35m[Kco[m[Knst float* px, const float* py, const float* pz,
[2.392s]       |   [01;35m[K^~[m[K
[2.392s] In file included from [01m[Ktmpxft_0003f78b_00000000-6_dbscan_gpu.cudafe1.stub.c:1[m[K:
[2.392s] [01m[K/home/aiv/ev_ws/perception/src/lidar/lidar_clustering/src/dbscan_gpu.cu:81:3:[m[K [01;35m[Kwarning: [m[Kstyle of line directive is a GCC extension
[2.392s]    81 |   [01;35m[Kin[m[Kt idx = blockIdx.x * blockDim.x + threadIdx.x;
[2.392s]       |   [01;35m[K^~[m[K
[2.392s] In file included from [01m[Ktmpxft_0003f78b_00000000-6_dbscan_gpu.cudafe1.stub.c:1[m[K:
[2.392s] [01m[K/home/aiv/ev_ws/perception/src/lidar/lidar_clustering/src/dbscan_gpu.cu:97:3:[m[K [01;35m[Kwarning: [m[Kstyle of line directive is a GCC extension
[2.392s]    97 | 
[2.392s]       |   [01;35m[K^[m[K
[2.393s] In file included from [01m[Ktmpxft_0003f78b_00000000-6_dbscan_gpu.cudafe1.stub.c:1[m[K:
[2.393s] [01m[K/tmp/tmpxft_0003f78b_00000000-6_dbscan_gpu.cudafe1.stub.c:2:3:[m[K [01;35m[Kwarning: [m[Kstyle of line directive is a GCC extension
[2.393s]     2 | #p[01;35m[Kra[m[Kgma GCC diagnostic ignored "-Wunused-function"
[2.393s]       |   [01;35m[K^~[m[K
[2.393s] In file included from [01m[Ktmpxft_0003f78b_00000000-6_dbscan_gpu.cudafe1.stub.c:1[m[K:
[2.393s] [01m[K/home/aiv/ev_ws/perception/src/lidar/lidar_clustering/src/dbscan_gpu.cu:99:3:[m[K [01;35m[Kwarning: [m[Kstyle of line directive is a GCC extension
[2.393s]    99 |   [01;35m[Kcon[m[Kst int* cell_indices, int* cell_start, int* cell_end, int n)
[2.393s]       |   [01;35m[K^~~[m[K
[2.393s] In file included from [01m[Ktmpxft_0003f78b_00000000-6_dbscan_gpu.cudafe1.stub.c:1[m[K:
[2.393s] [01m[K/home/aiv/ev_ws/perception/src/lidar/lidar_clustering/src/dbscan_gpu.cu:101:3:[m[K [01;35m[Kwarning: [m[Kstyle of line directive is a GCC extension
[2.393s]   101 |   [01;35m[Kint[m[K idx = blockIdx.x * blockDim.x + threadIdx.x;
[2.393s]       |   [01;35m[K^~~[m[K
[2.393s] In file included from [01m[Ktmpxft_0003f78b_00000000-6_dbscan_gpu.cudafe1.stub.c:1[m[K:
[2.393s] [01m[K/home/aiv/ev_ws/perception/src/lidar/lidar_clustering/src/dbscan_gpu.cu:112:3:[m[K [01;35m[Kwarning: [m[Kstyle of line directive is a GCC extension
[2.393s]   112 | 
[2.393s]       |   [01;35m[K^[m[K
[2.393s] In file included from [01m[Ktmpxft_0003f78b_00000000-6_dbscan_gpu.cudafe1.stub.c:1[m[K:
[2.393s] [01m[K/tmp/tmpxft_0003f78b_00000000-6_dbscan_gpu.cudafe1.stub.c:2:3:[m[K [01;35m[Kwarning: [m[Kstyle of line directive is a GCC extension
[2.393s]     2 | #p[01;35m[Krag[m[Kma GCC diagnostic ignored "-Wunused-function"
[2.393s]       |   [01;35m[K^~~[m[K
[2.393s] In file included from [01m[Ktmpxft_0003f78b_00000000-6_dbscan_gpu.cudafe1.stub.c:1[m[K:
[2.394s] [01m[K/home/aiv/ev_ws/perception/src/lidar/lidar_clustering/src/dbscan_gpu.cu:114:3:[m[K [01;35m[Kwarning: [m[Kstyle of line directive is a GCC extension
[2.394s]   114 |   [01;35m[Kcon[m[Kst float* px, const float* py, const float* pz,
[2.394s]       |   [01;35m[K^~~[m[K
[2.394s] In file included from [01m[Ktmpxft_0003f78b_00000000-6_dbscan_gpu.cudafe1.stub.c:1[m[K:
[2.394s] [01m[K/home/aiv/ev_ws/perception/src/lidar/lidar_clustering/src/dbscan_gpu.cu:122:3:[m[K [01;35m[Kwarning: [m[Kstyle of line directive is a GCC extension
[2.394s]   122 |   [01;35m[Kint[m[K sorted_idx = blockIdx.x * blockDim.x + threadIdx.x;
[2.394s]       |   [01;35m[K^~~[m[K
[2.394s] In file included from [01m[Ktmpxft_0003f78b_00000000-6_dbscan_gpu.cudafe1.stub.c:1[m[K:
[2.394s] [01m[K/home/aiv/ev_ws/perception/src/lidar/lidar_clustering/src/dbscan_gpu.cu:166:3:[m[K [01;35m[Kwarning: [m[Kstyle of line directive is a GCC extension
[2.394s]   166 | 
[2.394s]       |   [01;35m[K^[m[K
[2.394s] In file included from [01m[Ktmpxft_0003f78b_00000000-6_dbscan_gpu.cudafe1.stub.c:1[m[K:
[2.394s] [01m[K/tmp/tmpxft_0003f78b_00000000-6_dbscan_gpu.cudafe1.stub.c:2:3:[m[K [01;35m[Kwarning: [m[Kstyle of line directive is a GCC extension
[2.394s]     2 | #p[01;35m[Krag[m[Kma GCC diagnostic ignored "-Wunused-function"
[2.394s]       |   [01;35m[K^~~[m[K
[2.394s] In file included from [01m[Ktmpxft_0003f78b_00000000-6_dbscan_gpu.cudafe1.stub.c:1[m[K:
[2.394s] [01m[K/home/aiv/ev_ws/perception/src/lidar/lidar_clustering/src/dbscan_gpu.cu:168:3:[m[K [01;35m[Kwarning: [m[Kstyle of line directive is a GCC extension
[2.394s]   168 |   [01;35m[Kcon[m[Kst float* px, const float* py, const float* pz,
[2.394s]       |   [01;35m[K^~~[m[K
[2.394s] In file included from [01m[Ktmpxft_0003f78b_00000000-6_dbscan_gpu.cudafe1.stub.c:1[m[K:
[2.394s] [01m[K/home/aiv/ev_ws/perception/src/lidar/lidar_clustering/src/dbscan_gpu.cu:177:3:[m[K [01;35m[Kwarning: [m[Kstyle of line directive is a GCC extension
[2.395s]   177 |   [01;35m[Kint[m[K sorted_idx = blockIdx.x * blockDim.x + threadIdx.x;
[2.395s]       |   [01;35m[K^~~[m[K
[2.395s] In file included from [01m[Ktmpxft_0003f78b_00000000-6_dbscan_gpu.cudafe1.stub.c:1[m[K:
[2.395s] [01m[K/home/aiv/ev_ws/perception/src/lidar/lidar_clustering/src/dbscan_gpu.cu:219:3:[m[K [01;35m[Kwarning: [m[Kstyle of line directive is a GCC extension
[2.395s]   219 | 
[2.395s]       |   [01;35m[K^[m[K
[2.395s] In file included from [01m[Ktmpxft_0003f78b_00000000-6_dbscan_gpu.cudafe1.stub.c:1[m[K:
[2.395s] [01m[K/tmp/tmpxft_0003f78b_00000000-6_dbscan_gpu.cudafe1.stub.c:2:3:[m[K [01;35m[Kwarning: [m[Kstyle of line directive is a GCC extension
[2.395s]     2 | #p[01;35m[Krag[m[Kma GCC diagnostic ignored "-Wunused-function"
[2.395s]       |   [01;35m[K^~~[m[K
[2.395s] In file included from [01m[Ktmpxft_0003f78b_00000000-6_dbscan_gpu.cudafe1.stub.c:1[m[K:
[2.395s] [01m[K/home/aiv/ev_ws/perception/src/lidar/lidar_clustering/src/dbscan_gpu.cu:424:3:[m[K [01;35m[Kwarning: [m[Kstyle of line directive is a GCC extension
[2.395s]   424 |   [01;35m[Kint[m[K idx = blockIdx.x * blockDim.x + threadIdx.x;
[2.395s]       |   [01;35m[K^~~[m[K
[2.395s] In file included from [01m[Ktmpxft_0003f78b_00000000-6_dbscan_gpu.cudafe1.stub.c:1[m[K:
[2.395s] [01m[K/home/aiv/ev_ws/perception/src/lidar/lidar_clustering/src/dbscan_gpu.cu:427:3:[m[K [01;35m[Kwarning: [m[Kstyle of line directive is a GCC extension
[2.395s]   427 | 
[2.395s]       |   [01;35m[K^[m[K
[2.395s] In file included from [01m[Ktmpxft_0003f78b_00000000-6_dbscan_gpu.cudafe1.stub.c:1[m[K:
[2.395s] [01m[K/tmp/tmpxft_0003f78b_00000000-6_dbscan_gpu.cudafe1.stub.c:2:3:[m[K [01;35m[Kwarning: [m[Kstyle of line directive is a GCC extension
[2.396s]     2 | #p[01;35m[Krag[m[Kma GCC diagnostic ignored "-Wunused-function"
[2.396s]       |   [01;35m[K^~~[m[K
[2.396s] In file included from [01m[Ktmpxft_0003f78b_00000000-6_dbscan_gpu.cudafe1.stub.c:1[m[K:
[2.396s] [01m[K/home/aiv/ev_ws/perception/src/lidar/lidar_clustering/src/dbscan_gpu.cu:429:3:[m[K [01;35m[Kwarning: [m[Kstyle of line directive is a GCC extension
[2.396s]   429 |   [01;35m[Kcon[m[Kst float* px, const float* py, const float* pz,
[2.396s]       |   [01;35m[K^~~[m[K
[2.396s] In file included from [01m[Ktmpxft_0003f78b_00000000-6_dbscan_gpu.cudafe1.stub.c:1[m[K:
[2.396s] [01m[K/home/aiv/ev_ws/perception/src/lidar/lidar_clustering/src/dbscan_gpu.cu:438:3:[m[K [01;35m[Kwarning: [m[Kstyle of line directive is a GCC extension
[2.396s]   438 |   [01;35m[Kint[m[K sorted_idx = blockIdx.x * blockDim.x + threadIdx.x;
[2.396s]       |   [01;35m[K^~~[m[K
[2.396s] In file included from [01m[Ktmpxft_0003f78b_00000000-6_dbscan_gpu.cudafe1.stub.c:1[m[K:
[2.396s] [01m[K/home/aiv/ev_ws/perception/src/lidar/lidar_clustering/src/dbscan_gpu.cu:485:3:[m[K [01;35m[Kwarning: [m[Kstyle of line directive is a GCC extension
[2.396s]   485 | 
[2.396s]       |   [01;35m[K^[m[K
[2.396s] [01m[Ktmpxft_0003f78b_00000000-6_dbscan_gpu.cudafe1.stub.c:2:3:[m[K [01;35m[Kwarning: [m[Kstyle of line directive is a GCC extension
[2.486s] [ 33%] [32m[1mLinking CUDA static library libdbscan_gpu_kernels.a[0m
[2.505s] [ 33%] Built target dbscan_gpu_kernels
[2.519s] [ 50%] [32mBuilding CXX object CMakeFiles/clustering_component.dir/src/dbscan_gpu.cpp.o[0m
[2.522s] [ 66%] [32mBuilding CXX object CMakeFiles/clustering_component.dir/src/clustering_component.cpp.o[0m
[9.007s] [ 83%] [32m[1mLinking CUDA device code CMakeFiles/clustering_component.dir/cmake_device_link.o[0m
[9.081s] [100%] [32m[1mLinking CXX shared library libclustering_component.so[0m
[9.391s] [100%] Built target clustering_component
[9.400s] Invoked command in '/home/aiv/ev_ws/perception/build/lidar_clustering' returned '0': CMAKE_PREFIX_PATH=${CMAKE_PREFIX_PATH}:/opt/ros/humble /usr/bin/cmake --build /home/aiv/ev_ws/perception/build/lidar_clustering -- -j28 -l28
[9.401s] Invoking command in '/home/aiv/ev_ws/perception/build/lidar_clustering': CMAKE_PREFIX_PATH=${CMAKE_PREFIX_PATH}:/opt/ros/humble /usr/bin/cmake --install /home/aiv/ev_ws/perception/build/lidar_clustering
[9.406s] -- Install configuration: ""
[9.407s] -- Execute custom install script
[9.407s] -- Symlinking: /home/aiv/ev_ws/perception/install/lidar_clustering/lib/libclustering_component.so
[9.415s] -- Symlinking: /home/aiv/ev_ws/perception/install/lidar_clustering/include/lidar_clustering/clustering_component.hpp
[9.424s] -- Symlinking: /home/aiv/ev_ws/perception/install/lidar_clustering/include/lidar_clustering/dbscan_gpu.hpp
[9.432s] -- Symlinking: /home/aiv/ev_ws/perception/install/lidar_clustering/include/lidar_clustering/dbscan_gpu_kernels.h
[9.442s] -- Symlinking: /home/aiv/ev_ws/perception/install/lidar_clustering/share/lidar_clustering/config/clustering_params.yaml
[9.449s] -- Symlinking: /home/aiv/ev_ws/perception/install/lidar_clustering/share/lidar_clustering/launch/clustering.launch.py
[9.458s] -- Symlinking: /home/aiv/ev_ws/perception/install/lidar_clustering/share/lidar_clustering/environment/library_path.sh
[9.466s] -- Symlinking: /home/aiv/ev_ws/perception/install/lidar_clustering/share/lidar_clustering/environment/library_path.dsv
[9.472s] -- Symlinking: /home/aiv/ev_ws/perception/install/lidar_clustering/share/ament_index/resource_index/package_run_dependencies/lidar_clustering
[9.478s] -- Symlinking: /home/aiv/ev_ws/perception/install/lidar_clustering/share/ament_index/resource_index/parent_prefix_path/lidar_clustering
[9.486s] -- Symlinking: /home/aiv/ev_ws/perception/install/lidar_clustering/share/lidar_clustering/environment/ament_prefix_path.sh
[9.493s] -- Symlinking: /home/aiv/ev_ws/perception/install/lidar_clustering/share/lidar_clustering/environment/ament_prefix_path.dsv
[9.501s] -- Symlinking: /home/aiv/ev_ws/perception/install/lidar_clustering/share/lidar_clustering/environment/path.sh
[9.507s] -- Symlinking: /home/aiv/ev_ws/perception/install/lidar_clustering/share/lidar_clustering/environment/path.dsv
[9.514s] -- Symlinking: /home/aiv/ev_ws/perception/install/lidar_clustering/share/lidar_clustering/local_setup.bash
[9.522s] -- Symlinking: /home/aiv/ev_ws/perception/install/lidar_clustering/share/lidar_clustering/local_setup.sh
[9.529s] -- Symlinking: /home/aiv/ev_ws/perception/install/lidar_clustering/share/lidar_clustering/local_setup.zsh
[9.537s] -- Symlinking: /home/aiv/ev_ws/perception/install/lidar_clustering/share/lidar_clustering/local_setup.dsv
[9.545s] -- Symlinking: /home/aiv/ev_ws/perception/install/lidar_clustering/share/lidar_clustering/package.dsv
[9.552s] -- Symlinking: /home/aiv/ev_ws/perception/install/lidar_clustering/share/ament_index/resource_index/packages/lidar_clustering
[9.560s] -- Symlinking: /home/aiv/ev_ws/perception/install/lidar_clustering/share/ament_index/resource_index/rclcpp_components/lidar_clustering
[9.567s] -- Symlinking: /home/aiv/ev_ws/perception/install/lidar_clustering/share/lidar_clustering/cmake/ament_cmake_export_include_directories-extras.cmake
[9.574s] -- Symlinking: /home/aiv/ev_ws/perception/install/lidar_clustering/share/lidar_clustering/cmake/ament_cmake_export_libraries-extras.cmake
[9.581s] -- Symlinking: /home/aiv/ev_ws/perception/install/lidar_clustering/share/lidar_clustering/cmake/ament_cmake_export_dependencies-extras.cmake
[9.588s] -- Symlinking: /home/aiv/ev_ws/perception/install/lidar_clustering/share/lidar_clustering/cmake/lidar_clusteringConfig.cmake
[9.597s] -- Symlinking: /home/aiv/ev_ws/perception/install/lidar_clustering/share/lidar_clustering/cmake/lidar_clusteringConfig-version.cmake
[9.603s] -- Symlinking: /home/aiv/ev_ws/perception/install/lidar_clustering/share/lidar_clustering/package.xml
[9.613s] Invoked command in '/home/aiv/ev_ws/perception/build/lidar_clustering' returned '0': CMAKE_PREFIX_PATH=${CMAKE_PREFIX_PATH}:/opt/ros/humble /usr/bin/cmake --install /home/aiv/ev_ws/perception/build/lidar_clustering
