[0.512s] Invoking command in '/home/woonggook/ev_ws/build/my_bev_package': PYTHONPATH=/home/woonggook/ev_ws/build/my_bev_package/prefix_override:/usr/lib/python3/dist-packages/colcon_core/task/python/colcon_distutils_commands:/home/woonggook/ev_ws/install/my_bev_package/lib/python3.10/site-packages:${PYTHONPATH} /usr/bin/python3 -W ignore:setup.py install is deprecated -W ignore:easy_install command is deprecated setup.py develop --editable --build-directory /home/woonggook/ev_ws/build/my_bev_package/build --no-deps symlink_data
[0.683s] running develop
[0.790s] running egg_info
[0.790s] creating my_bev_package.egg-info
[0.790s] writing my_bev_package.egg-info/PKG-INFO
[0.791s] writing dependency_links to my_bev_package.egg-info/dependency_links.txt
[0.791s] writing entry points to my_bev_package.egg-info/entry_points.txt
[0.791s] writing requirements to my_bev_package.egg-info/requires.txt
[0.791s] writing top-level names to my_bev_package.egg-info/top_level.txt
[0.791s] writing manifest file 'my_bev_package.egg-info/SOURCES.txt'
[0.792s] reading manifest file 'my_bev_package.egg-info/SOURCES.txt'
[0.792s] writing manifest file 'my_bev_package.egg-info/SOURCES.txt'
[0.793s] running build_ext
[0.793s] Creating /home/woonggook/ev_ws/install/my_bev_package/lib/python3.10/site-packages/my-bev-package.egg-link (link to .)
[0.793s] Installing bev_node script to /home/woonggook/ev_ws/install/my_bev_package/lib/my_bev_package
[0.794s] 
[0.794s] Installed /home/woonggook/ev_ws/build/my_bev_package
[0.794s] running symlink_data
[0.794s] creating /home/woonggook/ev_ws/install/my_bev_package/share/ament_index
[0.794s] creating /home/woonggook/ev_ws/install/my_bev_package/share/ament_index/resource_index
[0.794s] creating /home/woonggook/ev_ws/install/my_bev_package/share/ament_index/resource_index/packages
[0.794s] symbolically linking /home/woonggook/ev_ws/build/my_bev_package/resource/my_bev_package -> /home/woonggook/ev_ws/install/my_bev_package/share/ament_index/resource_index/packages
[0.794s] symbolically linking /home/woonggook/ev_ws/build/my_bev_package/package.xml -> /home/woonggook/ev_ws/install/my_bev_package/share/my_bev_package
[0.812s] Invoked command in '/home/woonggook/ev_ws/build/my_bev_package' returned '0': PYTHONPATH=/home/woonggook/ev_ws/build/my_bev_package/prefix_override:/usr/lib/python3/dist-packages/colcon_core/task/python/colcon_distutils_commands:/home/woonggook/ev_ws/install/my_bev_package/lib/python3.10/site-packages:${PYTHONPATH} /usr/bin/python3 -W ignore:setup.py install is deprecated -W ignore:easy_install command is deprecated setup.py develop --editable --build-directory /home/woonggook/ev_ws/build/my_bev_package/build --no-deps symlink_data
