[0.011s] Invoking command in '/home/aiv/ev_ws/perception/build/lidar_interfaces': CMAKE_PREFIX_PATH=${CMAKE_PREFIX_PATH}:/opt/ros/humble /usr/bin/cmake /home/aiv/ev_ws/perception/src/lidar/lidar_interfaces -DAMENT_CMAKE_SYMLINK_INSTALL=1 -DCMAKE_INSTALL_PREFIX=/home/aiv/ev_ws/perception/install/lidar_interfaces
[0.049s] -- The C compiler identification is GNU 11.4.0
[0.082s] -- The CXX compiler identification is GNU 11.4.0
[0.088s] -- Detecting C compiler ABI info
[0.138s] -- Detecting C compiler ABI info - done
[0.142s] -- Check for working C compiler: /usr/bin/cc - skipped
[0.142s] -- Detecting C compile features
[0.143s] -- Detecting C compile features - done
[0.145s] -- Detecting CXX compiler ABI info
[0.208s] -- Detecting CXX compiler ABI info - done
[0.216s] -- Check for working CXX compiler: /usr/bin/c++ - skipped
[0.216s] -- Detecting CXX compile features
[0.217s] -- Detecting CXX compile features - done
[0.219s] -- Found ament_cmake: 1.3.12 (/opt/ros/humble/share/ament_cmake/cmake)
[0.321s] -- Found Python3: /usr/bin/python3 (found version "3.10.12") found components: Interpreter 
[0.366s] -- Override CMake install command with custom implementation using symlinks instead of copying resources
[0.387s] -- Found rosidl_default_generators: 1.2.0 (/opt/ros/humble/share/rosidl_default_generators/cmake)
[0.390s] -- Using all available rosidl_typesupport_c: rosidl_typesupport_fastrtps_c;rosidl_typesupport_introspection_c
[0.395s] -- Found rosidl_adapter: 3.1.8 (/opt/ros/humble/share/rosidl_adapter/cmake)
[0.425s] -- Using all available rosidl_typesupport_cpp: rosidl_typesupport_fastrtps_cpp;rosidl_typesupport_introspection_cpp
[0.457s] -- Found geometry_msgs: 4.9.0 (/opt/ros/humble/share/geometry_msgs/cmake)
[0.703s] -- Found ament_cmake_ros: 0.10.0 (/opt/ros/humble/share/ament_cmake_ros/cmake)
[0.872s] -- Using all available rosidl_typesupport_c: rosidl_typesupport_fastrtps_c;rosidl_typesupport_introspection_c
[1.144s] -- Using all available rosidl_typesupport_cpp: rosidl_typesupport_fastrtps_cpp;rosidl_typesupport_introspection_cpp
[1.167s] -- Found PythonInterp: /usr/bin/python3 (found suitable version "3.10.12", minimum required is "3.6") 
[1.169s] -- Found python_cmake_module: 0.10.0 (/opt/ros/humble/share/python_cmake_module/cmake)
[1.193s] -- Found PythonLibs: /usr/lib/x86_64-linux-gnu/libpython3.10.so (found suitable version "3.10.12", minimum required is "3.5") 
[1.193s] -- Using PYTHON_EXECUTABLE: /usr/bin/python3
[1.193s] -- Using PYTHON_INCLUDE_DIRS: /usr/include/python3.10
[1.193s] -- Using PYTHON_LIBRARIES: /usr/lib/x86_64-linux-gnu/libpython3.10.so
[1.211s] -- Found PythonExtra: .so  
[1.267s] -- Found ament_lint_auto: 0.12.14 (/opt/ros/humble/share/ament_lint_auto/cmake)
[1.276s] -- Configuring done
[1.308s] -- Generating done
[1.316s] -- Build files have been written to: /home/aiv/ev_ws/perception/build/lidar_interfaces
[1.323s] Invoked command in '/home/aiv/ev_ws/perception/build/lidar_interfaces' returned '0': CMAKE_PREFIX_PATH=${CMAKE_PREFIX_PATH}:/opt/ros/humble /usr/bin/cmake /home/aiv/ev_ws/perception/src/lidar/lidar_interfaces -DAMENT_CMAKE_SYMLINK_INSTALL=1 -DCMAKE_INSTALL_PREFIX=/home/aiv/ev_ws/perception/install/lidar_interfaces
[1.325s] Invoking command in '/home/aiv/ev_ws/perception/build/lidar_interfaces': CMAKE_PREFIX_PATH=${CMAKE_PREFIX_PATH}:/opt/ros/humble /usr/bin/cmake --build /home/aiv/ev_ws/perception/build/lidar_interfaces -- -j28 -l28
[1.363s] [  1%] [34m[1mGenerating C code for ROS interfaces[0m
[1.372s] [  3%] [34m[1mGenerating C++ code for ROS interfaces[0m
[1.376s] [  3%] Built target ament_cmake_python_symlink_lidar_interfaces
[1.551s] running egg_info
[1.551s] creating lidar_interfaces.egg-info
[1.551s] writing lidar_interfaces.egg-info/PKG-INFO
[1.552s] writing dependency_links to lidar_interfaces.egg-info/dependency_links.txt
[1.552s] writing top-level names to lidar_interfaces.egg-info/top_level.txt
[1.552s] writing manifest file 'lidar_interfaces.egg-info/SOURCES.txt'
[1.553s] reading manifest file 'lidar_interfaces.egg-info/SOURCES.txt'
[1.553s] writing manifest file 'lidar_interfaces.egg-info/SOURCES.txt'
[1.586s] [  3%] Built target ament_cmake_python_build_lidar_interfaces_egg
[1.718s] [  5%] [32mBuilding C object CMakeFiles/lidar_interfaces__rosidl_generator_c.dir/rosidl_generator_c/lidar_interfaces/msg/detail/cone__functions.c.o[0m
[1.718s] [  7%] [32mBuilding C object CMakeFiles/lidar_interfaces__rosidl_generator_c.dir/rosidl_generator_c/lidar_interfaces/msg/detail/tracked_cone__functions.c.o[0m
[1.719s] [  9%] [32mBuilding C object CMakeFiles/lidar_interfaces__rosidl_generator_c.dir/rosidl_generator_c/lidar_interfaces/msg/detail/cone_array__functions.c.o[0m
[1.719s] [ 10%] [32mBuilding C object CMakeFiles/lidar_interfaces__rosidl_generator_c.dir/rosidl_generator_c/lidar_interfaces/msg/detail/tracked_cone_array__functions.c.o[0m
[1.762s] [ 12%] [32m[1mLinking C shared library liblidar_interfaces__rosidl_generator_c.so[0m
[1.780s] [ 12%] Built target lidar_interfaces__cpp
[1.789s] [ 16%] [34m[1mGenerating C++ introspection for ROS interfaces[0m
[1.790s] [ 16%] [34m[1mGenerating C++ type support dispatch for ROS interfaces[0m
[1.790s] [ 18%] [34m[1mGenerating C++ type support for eProsima Fast-RTPS[0m
[1.798s] [ 18%] Built target lidar_interfaces__rosidl_generator_c
[1.807s] [ 20%] [34m[1mGenerating C type support for eProsima Fast-RTPS[0m
[1.807s] [ 21%] [34m[1mGenerating C type support dispatch for ROS interfaces[0m
[1.810s] [ 23%] [34m[1mGenerating C introspection for ROS interfaces[0m
[2.204s] [ 29%] [32mBuilding CXX object CMakeFiles/lidar_interfaces__rosidl_typesupport_c.dir/rosidl_typesupport_c/lidar_interfaces/msg/cone__type_support.cpp.o[0m
[2.204s] [ 29%] [32mBuilding CXX object CMakeFiles/lidar_interfaces__rosidl_typesupport_c.dir/rosidl_typesupport_c/lidar_interfaces/msg/cone_array__type_support.cpp.o[0m
[2.204s] [ 29%] [32mBuilding CXX object CMakeFiles/lidar_interfaces__rosidl_typesupport_c.dir/rosidl_typesupport_c/lidar_interfaces/msg/tracked_cone__type_support.cpp.o[0m
[2.204s] [ 30%] [32mBuilding CXX object CMakeFiles/lidar_interfaces__rosidl_typesupport_c.dir/rosidl_typesupport_c/lidar_interfaces/msg/tracked_cone_array__type_support.cpp.o[0m
[2.228s] [ 32%] [32mBuilding CXX object CMakeFiles/lidar_interfaces__rosidl_typesupport_cpp.dir/rosidl_typesupport_cpp/lidar_interfaces/msg/tracked_cone__type_support.cpp.o[0m
[2.231s] [ 34%] [32mBuilding CXX object CMakeFiles/lidar_interfaces__rosidl_typesupport_cpp.dir/rosidl_typesupport_cpp/lidar_interfaces/msg/tracked_cone_array__type_support.cpp.o[0m
[2.233s] [ 36%] [32mBuilding CXX object CMakeFiles/lidar_interfaces__rosidl_typesupport_cpp.dir/rosidl_typesupport_cpp/lidar_interfaces/msg/cone__type_support.cpp.o[0m
[2.234s] [ 38%] [32mBuilding CXX object CMakeFiles/lidar_interfaces__rosidl_typesupport_cpp.dir/rosidl_typesupport_cpp/lidar_interfaces/msg/cone_array__type_support.cpp.o[0m
[2.261s] [ 40%] [32m[1mLinking CXX shared library liblidar_interfaces__rosidl_typesupport_c.so[0m
[2.284s] [ 41%] [32mBuilding C object CMakeFiles/lidar_interfaces__rosidl_typesupport_introspection_c.dir/rosidl_typesupport_introspection_c/lidar_interfaces/msg/detail/cone__type_support.c.o[0m
[2.289s] [ 43%] [32mBuilding C object CMakeFiles/lidar_interfaces__rosidl_typesupport_introspection_c.dir/rosidl_typesupport_introspection_c/lidar_interfaces/msg/detail/tracked_cone__type_support.c.o[0m
[2.289s] [ 45%] [32mBuilding C object CMakeFiles/lidar_interfaces__rosidl_typesupport_introspection_c.dir/rosidl_typesupport_introspection_c/lidar_interfaces/msg/detail/tracked_cone_array__type_support.c.o[0m
[2.293s] [ 47%] [32mBuilding C object CMakeFiles/lidar_interfaces__rosidl_typesupport_introspection_c.dir/rosidl_typesupport_introspection_c/lidar_interfaces/msg/detail/cone_array__type_support.c.o[0m
[2.293s] [ 49%] [32mBuilding CXX object CMakeFiles/lidar_interfaces__rosidl_typesupport_fastrtps_cpp.dir/rosidl_typesupport_fastrtps_cpp/lidar_interfaces/msg/detail/dds_fastrtps/cone__type_support.cpp.o[0m
[2.296s] [ 50%] [32mBuilding CXX object CMakeFiles/lidar_interfaces__rosidl_typesupport_fastrtps_cpp.dir/rosidl_typesupport_fastrtps_cpp/lidar_interfaces/msg/detail/dds_fastrtps/tracked_cone__type_support.cpp.o[0m
[2.296s] [ 52%] [32mBuilding CXX object CMakeFiles/lidar_interfaces__rosidl_typesupport_fastrtps_cpp.dir/rosidl_typesupport_fastrtps_cpp/lidar_interfaces/msg/detail/dds_fastrtps/cone_array__type_support.cpp.o[0m
[2.301s] [ 54%] [32mBuilding CXX object CMakeFiles/lidar_interfaces__rosidl_typesupport_fastrtps_cpp.dir/rosidl_typesupport_fastrtps_cpp/lidar_interfaces/msg/detail/dds_fastrtps/tracked_cone_array__type_support.cpp.o[0m
[2.332s] [ 56%] [32mBuilding CXX object CMakeFiles/lidar_interfaces__rosidl_typesupport_fastrtps_c.dir/rosidl_typesupport_fastrtps_c/lidar_interfaces/msg/detail/cone_array__type_support_c.cpp.o[0m
[2.332s] [ 58%] [32mBuilding CXX object CMakeFiles/lidar_interfaces__rosidl_typesupport_introspection_cpp.dir/rosidl_typesupport_introspection_cpp/lidar_interfaces/msg/detail/tracked_cone_array__type_support.cpp.o[0m
[2.333s] [ 60%] [32mBuilding CXX object CMakeFiles/lidar_interfaces__rosidl_typesupport_introspection_cpp.dir/rosidl_typesupport_introspection_cpp/lidar_interfaces/msg/detail/cone_array__type_support.cpp.o[0m
[2.335s] [ 61%] [32mBuilding CXX object CMakeFiles/lidar_interfaces__rosidl_typesupport_introspection_cpp.dir/rosidl_typesupport_introspection_cpp/lidar_interfaces/msg/detail/tracked_cone__type_support.cpp.o[0m
[2.335s] [ 63%] [32mBuilding CXX object CMakeFiles/lidar_interfaces__rosidl_typesupport_fastrtps_c.dir/rosidl_typesupport_fastrtps_c/lidar_interfaces/msg/detail/cone__type_support_c.cpp.o[0m
[2.335s] [ 65%] [32mBuilding CXX object CMakeFiles/lidar_interfaces__rosidl_typesupport_introspection_cpp.dir/rosidl_typesupport_introspection_cpp/lidar_interfaces/msg/detail/cone__type_support.cpp.o[0m
[2.341s] [ 67%] [32mBuilding CXX object CMakeFiles/lidar_interfaces__rosidl_typesupport_fastrtps_c.dir/rosidl_typesupport_fastrtps_c/lidar_interfaces/msg/detail/tracked_cone_array__type_support_c.cpp.o[0m
[2.343s] [ 69%] [32mBuilding CXX object CMakeFiles/lidar_interfaces__rosidl_typesupport_fastrtps_c.dir/rosidl_typesupport_fastrtps_c/lidar_interfaces/msg/detail/tracked_cone__type_support_c.cpp.o[0m
[2.351s] [ 69%] Built target lidar_interfaces__rosidl_typesupport_c
[2.368s] [ 70%] [32m[1mLinking C shared library liblidar_interfaces__rosidl_typesupport_introspection_c.so[0m
[2.439s] [ 70%] Built target lidar_interfaces__rosidl_typesupport_introspection_c
[2.617s] [ 72%] [32m[1mLinking CXX shared library liblidar_interfaces__rosidl_typesupport_cpp.so[0m
[2.660s] [ 72%] Built target lidar_interfaces__rosidl_typesupport_cpp
[2.796s] [ 74%] [32m[1mLinking CXX shared library liblidar_interfaces__rosidl_typesupport_fastrtps_c.so[0m
[2.826s] [ 76%] [32m[1mLinking CXX shared library liblidar_interfaces__rosidl_typesupport_introspection_cpp.so[0m
[2.842s] [ 78%] [32m[1mLinking CXX shared library liblidar_interfaces__rosidl_typesupport_fastrtps_cpp.so[0m
[2.862s] [ 78%] Built target lidar_interfaces__rosidl_typesupport_fastrtps_c
[2.899s] [ 78%] Built target lidar_interfaces__rosidl_typesupport_introspection_cpp
[2.908s] [ 78%] Built target lidar_interfaces__rosidl_typesupport_fastrtps_cpp
[2.928s] [ 78%] Built target lidar_interfaces
[2.951s] [ 80%] [34m[1mGenerating Python code for ROS interfaces[0m
[3.480s] [ 80%] Built target lidar_interfaces__py
[3.497s] [ 81%] [32mBuilding C object CMakeFiles/lidar_interfaces__rosidl_generator_py.dir/rosidl_generator_py/lidar_interfaces/msg/_cone_array_s.c.o[0m
[3.497s] [ 83%] [32mBuilding C object CMakeFiles/lidar_interfaces__rosidl_generator_py.dir/rosidl_generator_py/lidar_interfaces/msg/_tracked_cone_array_s.c.o[0m
[3.499s] [ 85%] [32mBuilding C object CMakeFiles/lidar_interfaces__rosidl_generator_py.dir/rosidl_generator_py/lidar_interfaces/msg/_cone_s.c.o[0m
[3.499s] [ 87%] [32mBuilding C object CMakeFiles/lidar_interfaces__rosidl_generator_py.dir/rosidl_generator_py/lidar_interfaces/msg/_tracked_cone_s.c.o[0m
[3.611s] [ 89%] [32m[1mLinking C shared library rosidl_generator_py/lidar_interfaces/liblidar_interfaces__rosidl_generator_py.so[0m
[3.650s] [ 89%] Built target lidar_interfaces__rosidl_generator_py
[3.670s] [ 90%] [32mBuilding C object CMakeFiles/lidar_interfaces__rosidl_typesupport_fastrtps_c__pyext.dir/rosidl_generator_py/lidar_interfaces/_lidar_interfaces_s.ep.rosidl_typesupport_fastrtps_c.c.o[0m
[3.670s] [ 92%] [32mBuilding C object CMakeFiles/lidar_interfaces__rosidl_typesupport_introspection_c__pyext.dir/rosidl_generator_py/lidar_interfaces/_lidar_interfaces_s.ep.rosidl_typesupport_introspection_c.c.o[0m
[3.672s] [ 94%] [32mBuilding C object CMakeFiles/lidar_interfaces__rosidl_typesupport_c__pyext.dir/rosidl_generator_py/lidar_interfaces/_lidar_interfaces_s.ep.rosidl_typesupport_c.c.o[0m
[3.745s] [ 96%] [32m[1mLinking C shared library rosidl_generator_py/lidar_interfaces/lidar_interfaces_s__rosidl_typesupport_introspection_c.cpython-310-x86_64-linux-gnu.so[0m
[3.765s] [ 98%] [32m[1mLinking C shared library rosidl_generator_py/lidar_interfaces/lidar_interfaces_s__rosidl_typesupport_fastrtps_c.cpython-310-x86_64-linux-gnu.so[0m
[3.779s] [100%] [32m[1mLinking C shared library rosidl_generator_py/lidar_interfaces/lidar_interfaces_s__rosidl_typesupport_c.cpython-310-x86_64-linux-gnu.so[0m
[3.788s] [100%] Built target lidar_interfaces__rosidl_typesupport_introspection_c__pyext
[3.801s] [100%] Built target lidar_interfaces__rosidl_typesupport_fastrtps_c__pyext
[3.812s] [100%] Built target lidar_interfaces__rosidl_typesupport_c__pyext
[3.821s] Invoked command in '/home/aiv/ev_ws/perception/build/lidar_interfaces' returned '0': CMAKE_PREFIX_PATH=${CMAKE_PREFIX_PATH}:/opt/ros/humble /usr/bin/cmake --build /home/aiv/ev_ws/perception/build/lidar_interfaces -- -j28 -l28
[3.823s] Invoking command in '/home/aiv/ev_ws/perception/build/lidar_interfaces': CMAKE_PREFIX_PATH=${CMAKE_PREFIX_PATH}:/opt/ros/humble /usr/bin/cmake --install /home/aiv/ev_ws/perception/build/lidar_interfaces
[3.830s] -- Install configuration: ""
[3.830s] -- Execute custom install script
[3.831s] -- Symlinking: /home/aiv/ev_ws/perception/install/lidar_interfaces/share/ament_index/resource_index/rosidl_interfaces/lidar_interfaces
[3.841s] -- Symlinking: /home/aiv/ev_ws/perception/install/lidar_interfaces/include/lidar_interfaces/lidar_interfaces/msg/cone.h
[3.848s] -- Symlinking: /home/aiv/ev_ws/perception/install/lidar_interfaces/include/lidar_interfaces/lidar_interfaces/msg/cone_array.h
[3.858s] -- Symlinking: /home/aiv/ev_ws/perception/install/lidar_interfaces/include/lidar_interfaces/lidar_interfaces/msg/detail/cone__functions.h
[3.868s] -- Symlinking: /home/aiv/ev_ws/perception/install/lidar_interfaces/include/lidar_interfaces/lidar_interfaces/msg/detail/cone__struct.h
[3.875s] -- Symlinking: /home/aiv/ev_ws/perception/install/lidar_interfaces/include/lidar_interfaces/lidar_interfaces/msg/detail/cone__type_support.h
[3.882s] -- Symlinking: /home/aiv/ev_ws/perception/install/lidar_interfaces/include/lidar_interfaces/lidar_interfaces/msg/detail/cone_array__functions.h
[3.889s] -- Symlinking: /home/aiv/ev_ws/perception/install/lidar_interfaces/include/lidar_interfaces/lidar_interfaces/msg/detail/cone_array__struct.h
[3.896s] -- Symlinking: /home/aiv/ev_ws/perception/install/lidar_interfaces/include/lidar_interfaces/lidar_interfaces/msg/detail/cone_array__type_support.h
[3.904s] -- Symlinking: /home/aiv/ev_ws/perception/install/lidar_interfaces/include/lidar_interfaces/lidar_interfaces/msg/detail/tracked_cone__functions.h
[3.910s] -- Symlinking: /home/aiv/ev_ws/perception/install/lidar_interfaces/include/lidar_interfaces/lidar_interfaces/msg/detail/tracked_cone__struct.h
[3.916s] -- Symlinking: /home/aiv/ev_ws/perception/install/lidar_interfaces/include/lidar_interfaces/lidar_interfaces/msg/detail/tracked_cone__type_support.h
[3.927s] -- Symlinking: /home/aiv/ev_ws/perception/install/lidar_interfaces/include/lidar_interfaces/lidar_interfaces/msg/detail/tracked_cone_array__functions.h
[3.934s] -- Symlinking: /home/aiv/ev_ws/perception/install/lidar_interfaces/include/lidar_interfaces/lidar_interfaces/msg/detail/tracked_cone_array__struct.h
[3.940s] -- Symlinking: /home/aiv/ev_ws/perception/install/lidar_interfaces/include/lidar_interfaces/lidar_interfaces/msg/detail/tracked_cone_array__type_support.h
[3.947s] -- Symlinking: /home/aiv/ev_ws/perception/install/lidar_interfaces/include/lidar_interfaces/lidar_interfaces/msg/rosidl_generator_c__visibility_control.h
[3.954s] -- Symlinking: /home/aiv/ev_ws/perception/install/lidar_interfaces/include/lidar_interfaces/lidar_interfaces/msg/tracked_cone.h
[3.961s] -- Symlinking: /home/aiv/ev_ws/perception/install/lidar_interfaces/include/lidar_interfaces/lidar_interfaces/msg/tracked_cone_array.h
[3.968s] -- Symlinking: /home/aiv/ev_ws/perception/install/lidar_interfaces/share/lidar_interfaces/environment/library_path.sh
[3.977s] -- Symlinking: /home/aiv/ev_ws/perception/install/lidar_interfaces/share/lidar_interfaces/environment/library_path.dsv
[3.986s] -- Symlinking: /home/aiv/ev_ws/perception/install/lidar_interfaces/include/lidar_interfaces/lidar_interfaces/msg/detail/cone__rosidl_typesupport_fastrtps_c.h
[3.996s] -- Symlinking: /home/aiv/ev_ws/perception/install/lidar_interfaces/include/lidar_interfaces/lidar_interfaces/msg/detail/cone_array__rosidl_typesupport_fastrtps_c.h
[4.003s] -- Symlinking: /home/aiv/ev_ws/perception/install/lidar_interfaces/include/lidar_interfaces/lidar_interfaces/msg/detail/tracked_cone__rosidl_typesupport_fastrtps_c.h
[4.009s] -- Symlinking: /home/aiv/ev_ws/perception/install/lidar_interfaces/include/lidar_interfaces/lidar_interfaces/msg/detail/tracked_cone_array__rosidl_typesupport_fastrtps_c.h
[4.017s] -- Symlinking: /home/aiv/ev_ws/perception/install/lidar_interfaces/include/lidar_interfaces/lidar_interfaces/msg/rosidl_typesupport_fastrtps_c__visibility_control.h
[4.024s] -- Symlinking: /home/aiv/ev_ws/perception/install/lidar_interfaces/include/lidar_interfaces/lidar_interfaces/msg/detail/cone__rosidl_typesupport_introspection_c.h
[4.031s] -- Symlinking: /home/aiv/ev_ws/perception/install/lidar_interfaces/include/lidar_interfaces/lidar_interfaces/msg/detail/cone_array__rosidl_typesupport_introspection_c.h
[4.038s] -- Symlinking: /home/aiv/ev_ws/perception/install/lidar_interfaces/include/lidar_interfaces/lidar_interfaces/msg/detail/tracked_cone__rosidl_typesupport_introspection_c.h
[4.047s] -- Symlinking: /home/aiv/ev_ws/perception/install/lidar_interfaces/include/lidar_interfaces/lidar_interfaces/msg/detail/tracked_cone_array__rosidl_typesupport_introspection_c.h
[4.054s] -- Symlinking: /home/aiv/ev_ws/perception/install/lidar_interfaces/include/lidar_interfaces/lidar_interfaces/msg/rosidl_typesupport_introspection_c__visibility_control.h
[4.061s] -- Symlinking: /home/aiv/ev_ws/perception/install/lidar_interfaces/include/lidar_interfaces/lidar_interfaces/msg/cone.hpp
[4.068s] -- Symlinking: /home/aiv/ev_ws/perception/install/lidar_interfaces/include/lidar_interfaces/lidar_interfaces/msg/cone_array.hpp
[4.077s] -- Symlinking: /home/aiv/ev_ws/perception/install/lidar_interfaces/include/lidar_interfaces/lidar_interfaces/msg/detail/cone__builder.hpp
[4.085s] -- Symlinking: /home/aiv/ev_ws/perception/install/lidar_interfaces/include/lidar_interfaces/lidar_interfaces/msg/detail/cone__struct.hpp
[4.095s] -- Symlinking: /home/aiv/ev_ws/perception/install/lidar_interfaces/include/lidar_interfaces/lidar_interfaces/msg/detail/cone__traits.hpp
[4.101s] -- Symlinking: /home/aiv/ev_ws/perception/install/lidar_interfaces/include/lidar_interfaces/lidar_interfaces/msg/detail/cone__type_support.hpp
[4.112s] -- Symlinking: /home/aiv/ev_ws/perception/install/lidar_interfaces/include/lidar_interfaces/lidar_interfaces/msg/detail/cone_array__builder.hpp
[4.123s] -- Symlinking: /home/aiv/ev_ws/perception/install/lidar_interfaces/include/lidar_interfaces/lidar_interfaces/msg/detail/cone_array__struct.hpp
[4.134s] -- Symlinking: /home/aiv/ev_ws/perception/install/lidar_interfaces/include/lidar_interfaces/lidar_interfaces/msg/detail/cone_array__traits.hpp
[4.145s] -- Symlinking: /home/aiv/ev_ws/perception/install/lidar_interfaces/include/lidar_interfaces/lidar_interfaces/msg/detail/cone_array__type_support.hpp
[4.154s] -- Symlinking: /home/aiv/ev_ws/perception/install/lidar_interfaces/include/lidar_interfaces/lidar_interfaces/msg/detail/tracked_cone__builder.hpp
[4.161s] -- Symlinking: /home/aiv/ev_ws/perception/install/lidar_interfaces/include/lidar_interfaces/lidar_interfaces/msg/detail/tracked_cone__struct.hpp
[4.167s] -- Symlinking: /home/aiv/ev_ws/perception/install/lidar_interfaces/include/lidar_interfaces/lidar_interfaces/msg/detail/tracked_cone__traits.hpp
[4.174s] -- Symlinking: /home/aiv/ev_ws/perception/install/lidar_interfaces/include/lidar_interfaces/lidar_interfaces/msg/detail/tracked_cone__type_support.hpp
[4.182s] -- Symlinking: /home/aiv/ev_ws/perception/install/lidar_interfaces/include/lidar_interfaces/lidar_interfaces/msg/detail/tracked_cone_array__builder.hpp
[4.192s] -- Symlinking: /home/aiv/ev_ws/perception/install/lidar_interfaces/include/lidar_interfaces/lidar_interfaces/msg/detail/tracked_cone_array__struct.hpp
[4.198s] -- Symlinking: /home/aiv/ev_ws/perception/install/lidar_interfaces/include/lidar_interfaces/lidar_interfaces/msg/detail/tracked_cone_array__traits.hpp
[4.204s] -- Symlinking: /home/aiv/ev_ws/perception/install/lidar_interfaces/include/lidar_interfaces/lidar_interfaces/msg/detail/tracked_cone_array__type_support.hpp
[4.213s] -- Symlinking: /home/aiv/ev_ws/perception/install/lidar_interfaces/include/lidar_interfaces/lidar_interfaces/msg/rosidl_generator_cpp__visibility_control.hpp
[4.219s] -- Symlinking: /home/aiv/ev_ws/perception/install/lidar_interfaces/include/lidar_interfaces/lidar_interfaces/msg/tracked_cone.hpp
[4.226s] -- Symlinking: /home/aiv/ev_ws/perception/install/lidar_interfaces/include/lidar_interfaces/lidar_interfaces/msg/tracked_cone_array.hpp
[4.233s] -- Symlinking: /home/aiv/ev_ws/perception/install/lidar_interfaces/include/lidar_interfaces/lidar_interfaces/msg/detail/cone__rosidl_typesupport_fastrtps_cpp.hpp
[4.242s] -- Symlinking: /home/aiv/ev_ws/perception/install/lidar_interfaces/include/lidar_interfaces/lidar_interfaces/msg/detail/cone_array__rosidl_typesupport_fastrtps_cpp.hpp
[4.249s] -- Symlinking: /home/aiv/ev_ws/perception/install/lidar_interfaces/include/lidar_interfaces/lidar_interfaces/msg/detail/tracked_cone__rosidl_typesupport_fastrtps_cpp.hpp
[4.256s] -- Symlinking: /home/aiv/ev_ws/perception/install/lidar_interfaces/include/lidar_interfaces/lidar_interfaces/msg/detail/tracked_cone_array__rosidl_typesupport_fastrtps_cpp.hpp
[4.262s] -- Symlinking: /home/aiv/ev_ws/perception/install/lidar_interfaces/include/lidar_interfaces/lidar_interfaces/msg/rosidl_typesupport_fastrtps_cpp__visibility_control.h
[4.270s] -- Symlinking: /home/aiv/ev_ws/perception/install/lidar_interfaces/include/lidar_interfaces/lidar_interfaces/msg/detail/cone__rosidl_typesupport_introspection_cpp.hpp
[4.279s] -- Symlinking: /home/aiv/ev_ws/perception/install/lidar_interfaces/include/lidar_interfaces/lidar_interfaces/msg/detail/cone_array__rosidl_typesupport_introspection_cpp.hpp
[4.287s] -- Symlinking: /home/aiv/ev_ws/perception/install/lidar_interfaces/include/lidar_interfaces/lidar_interfaces/msg/detail/tracked_cone__rosidl_typesupport_introspection_cpp.hpp
[4.293s] -- Symlinking: /home/aiv/ev_ws/perception/install/lidar_interfaces/include/lidar_interfaces/lidar_interfaces/msg/detail/tracked_cone_array__rosidl_typesupport_introspection_cpp.hpp
[4.302s] -- Symlinking: /home/aiv/ev_ws/perception/install/lidar_interfaces/share/lidar_interfaces/environment/pythonpath.sh
[4.313s] -- Symlinking: /home/aiv/ev_ws/perception/install/lidar_interfaces/share/lidar_interfaces/environment/pythonpath.dsv
[4.321s] -- Symlinking: /home/aiv/ev_ws/perception/install/lidar_interfaces/local/lib/python3.10/dist-packages/lidar_interfaces-0.0.0-py3.10.egg-info/PKG-INFO
[4.327s] -- Symlinking: /home/aiv/ev_ws/perception/install/lidar_interfaces/local/lib/python3.10/dist-packages/lidar_interfaces-0.0.0-py3.10.egg-info/SOURCES.txt
[4.335s] -- Symlinking: /home/aiv/ev_ws/perception/install/lidar_interfaces/local/lib/python3.10/dist-packages/lidar_interfaces-0.0.0-py3.10.egg-info/dependency_links.txt
[4.342s] -- Symlinking: /home/aiv/ev_ws/perception/install/lidar_interfaces/local/lib/python3.10/dist-packages/lidar_interfaces-0.0.0-py3.10.egg-info/top_level.txt
[4.351s] -- Symlinking: /home/aiv/ev_ws/perception/install/lidar_interfaces/local/lib/python3.10/dist-packages/lidar_interfaces/__init__.py
[4.358s] -- Symlinking: /home/aiv/ev_ws/perception/install/lidar_interfaces/local/lib/python3.10/dist-packages/lidar_interfaces/_lidar_interfaces_s.ep.rosidl_typesupport_c.c
[4.367s] -- Symlinking: /home/aiv/ev_ws/perception/install/lidar_interfaces/local/lib/python3.10/dist-packages/lidar_interfaces/_lidar_interfaces_s.ep.rosidl_typesupport_fastrtps_c.c
[4.373s] -- Symlinking: /home/aiv/ev_ws/perception/install/lidar_interfaces/local/lib/python3.10/dist-packages/lidar_interfaces/_lidar_interfaces_s.ep.rosidl_typesupport_introspection_c.c
[4.382s] -- Symlinking: /home/aiv/ev_ws/perception/install/lidar_interfaces/local/lib/python3.10/dist-packages/lidar_interfaces/liblidar_interfaces__rosidl_generator_py.so
[4.388s] -- Symlinking: /home/aiv/ev_ws/perception/install/lidar_interfaces/local/lib/python3.10/dist-packages/lidar_interfaces/lidar_interfaces_s__rosidl_typesupport_c.cpython-310-x86_64-linux-gnu.so
[4.395s] -- Symlinking: /home/aiv/ev_ws/perception/install/lidar_interfaces/local/lib/python3.10/dist-packages/lidar_interfaces/lidar_interfaces_s__rosidl_typesupport_fastrtps_c.cpython-310-x86_64-linux-gnu.so
[4.405s] -- Symlinking: /home/aiv/ev_ws/perception/install/lidar_interfaces/local/lib/python3.10/dist-packages/lidar_interfaces/lidar_interfaces_s__rosidl_typesupport_introspection_c.cpython-310-x86_64-linux-gnu.so
[4.413s] -- Symlinking: /home/aiv/ev_ws/perception/install/lidar_interfaces/local/lib/python3.10/dist-packages/lidar_interfaces/msg/__init__.py
[4.420s] -- Symlinking: /home/aiv/ev_ws/perception/install/lidar_interfaces/local/lib/python3.10/dist-packages/lidar_interfaces/msg/_cone.py
[4.430s] -- Symlinking: /home/aiv/ev_ws/perception/install/lidar_interfaces/local/lib/python3.10/dist-packages/lidar_interfaces/msg/_cone_array.py
[4.439s] -- Symlinking: /home/aiv/ev_ws/perception/install/lidar_interfaces/local/lib/python3.10/dist-packages/lidar_interfaces/msg/_cone_array_s.c
[4.446s] -- Symlinking: /home/aiv/ev_ws/perception/install/lidar_interfaces/local/lib/python3.10/dist-packages/lidar_interfaces/msg/_cone_s.c
[4.455s] -- Symlinking: /home/aiv/ev_ws/perception/install/lidar_interfaces/local/lib/python3.10/dist-packages/lidar_interfaces/msg/_tracked_cone.py
[4.465s] -- Symlinking: /home/aiv/ev_ws/perception/install/lidar_interfaces/local/lib/python3.10/dist-packages/lidar_interfaces/msg/_tracked_cone_array.py
[4.474s] -- Symlinking: /home/aiv/ev_ws/perception/install/lidar_interfaces/local/lib/python3.10/dist-packages/lidar_interfaces/msg/_tracked_cone_array_s.c
[4.482s] -- Symlinking: /home/aiv/ev_ws/perception/install/lidar_interfaces/local/lib/python3.10/dist-packages/lidar_interfaces/msg/_tracked_cone_s.c
[4.489s] -- Up-to-date symlink: /home/aiv/ev_ws/perception/install/lidar_interfaces/local/lib/python3.10/dist-packages/lidar_interfaces/lidar_interfaces_s__rosidl_typesupport_fastrtps_c.cpython-310-x86_64-linux-gnu.so
[4.489s] -- Up-to-date symlink: /home/aiv/ev_ws/perception/install/lidar_interfaces/local/lib/python3.10/dist-packages/lidar_interfaces/lidar_interfaces_s__rosidl_typesupport_introspection_c.cpython-310-x86_64-linux-gnu.so
[4.489s] -- Up-to-date symlink: /home/aiv/ev_ws/perception/install/lidar_interfaces/local/lib/python3.10/dist-packages/lidar_interfaces/lidar_interfaces_s__rosidl_typesupport_c.cpython-310-x86_64-linux-gnu.so
[4.489s] -- Symlinking: /home/aiv/ev_ws/perception/install/lidar_interfaces/share/lidar_interfaces/msg/Cone.idl
[4.498s] -- Symlinking: /home/aiv/ev_ws/perception/install/lidar_interfaces/share/lidar_interfaces/msg/ConeArray.idl
[4.506s] -- Symlinking: /home/aiv/ev_ws/perception/install/lidar_interfaces/share/lidar_interfaces/msg/TrackedCone.idl
[4.515s] -- Symlinking: /home/aiv/ev_ws/perception/install/lidar_interfaces/share/lidar_interfaces/msg/TrackedConeArray.idl
[4.523s] -- Symlinking: /home/aiv/ev_ws/perception/install/lidar_interfaces/share/lidar_interfaces/msg/Cone.msg
[4.533s] -- Symlinking: /home/aiv/ev_ws/perception/install/lidar_interfaces/share/lidar_interfaces/msg/ConeArray.msg
[4.542s] -- Symlinking: /home/aiv/ev_ws/perception/install/lidar_interfaces/share/lidar_interfaces/msg/TrackedCone.msg
[4.551s] -- Symlinking: /home/aiv/ev_ws/perception/install/lidar_interfaces/share/lidar_interfaces/msg/TrackedConeArray.msg
[4.558s] -- Symlinking: /home/aiv/ev_ws/perception/install/lidar_interfaces/share/ament_index/resource_index/package_run_dependencies/lidar_interfaces
[4.567s] -- Symlinking: /home/aiv/ev_ws/perception/install/lidar_interfaces/share/ament_index/resource_index/parent_prefix_path/lidar_interfaces
[4.576s] -- Symlinking: /home/aiv/ev_ws/perception/install/lidar_interfaces/share/lidar_interfaces/environment/ament_prefix_path.sh
[4.585s] -- Symlinking: /home/aiv/ev_ws/perception/install/lidar_interfaces/share/lidar_interfaces/environment/ament_prefix_path.dsv
[4.593s] -- Symlinking: /home/aiv/ev_ws/perception/install/lidar_interfaces/share/lidar_interfaces/environment/path.sh
[4.601s] -- Symlinking: /home/aiv/ev_ws/perception/install/lidar_interfaces/share/lidar_interfaces/environment/path.dsv
[4.607s] -- Symlinking: /home/aiv/ev_ws/perception/install/lidar_interfaces/share/lidar_interfaces/local_setup.bash
[4.615s] -- Symlinking: /home/aiv/ev_ws/perception/install/lidar_interfaces/share/lidar_interfaces/local_setup.sh
[4.625s] -- Symlinking: /home/aiv/ev_ws/perception/install/lidar_interfaces/share/lidar_interfaces/local_setup.zsh
[4.631s] -- Symlinking: /home/aiv/ev_ws/perception/install/lidar_interfaces/share/lidar_interfaces/local_setup.dsv
[4.639s] -- Symlinking: /home/aiv/ev_ws/perception/install/lidar_interfaces/share/lidar_interfaces/package.dsv
[4.649s] -- Symlinking: /home/aiv/ev_ws/perception/install/lidar_interfaces/share/ament_index/resource_index/packages/lidar_interfaces
[4.658s] -- Symlinking: /home/aiv/ev_ws/perception/install/lidar_interfaces/share/lidar_interfaces/cmake/rosidl_cmake-extras.cmake
[4.668s] -- Symlinking: /home/aiv/ev_ws/perception/install/lidar_interfaces/share/lidar_interfaces/cmake/ament_cmake_export_dependencies-extras.cmake
[4.678s] -- Symlinking: /home/aiv/ev_ws/perception/install/lidar_interfaces/share/lidar_interfaces/cmake/ament_cmake_export_include_directories-extras.cmake
[4.688s] -- Symlinking: /home/aiv/ev_ws/perception/install/lidar_interfaces/share/lidar_interfaces/cmake/ament_cmake_export_libraries-extras.cmake
[4.698s] -- Symlinking: /home/aiv/ev_ws/perception/install/lidar_interfaces/share/lidar_interfaces/cmake/ament_cmake_export_targets-extras.cmake
[4.707s] -- Symlinking: /home/aiv/ev_ws/perception/install/lidar_interfaces/share/lidar_interfaces/cmake/rosidl_cmake_export_typesupport_targets-extras.cmake
[4.713s] -- Symlinking: /home/aiv/ev_ws/perception/install/lidar_interfaces/share/lidar_interfaces/cmake/rosidl_cmake_export_typesupport_libraries-extras.cmake
[4.720s] -- Symlinking: /home/aiv/ev_ws/perception/install/lidar_interfaces/share/lidar_interfaces/cmake/lidar_interfacesConfig.cmake
[4.729s] -- Symlinking: /home/aiv/ev_ws/perception/install/lidar_interfaces/share/lidar_interfaces/cmake/lidar_interfacesConfig-version.cmake
[4.738s] -- Symlinking: /home/aiv/ev_ws/perception/install/lidar_interfaces/share/lidar_interfaces/package.xml
[4.748s] -- Installing: /home/aiv/ev_ws/perception/install/lidar_interfaces/lib/liblidar_interfaces__rosidl_generator_c.so
[4.748s] -- Set runtime path of "/home/aiv/ev_ws/perception/install/lidar_interfaces/lib/liblidar_interfaces__rosidl_generator_c.so" to ""
[4.749s] -- Installing: /home/aiv/ev_ws/perception/install/lidar_interfaces/lib/liblidar_interfaces__rosidl_typesupport_fastrtps_c.so
[4.749s] -- Set runtime path of "/home/aiv/ev_ws/perception/install/lidar_interfaces/lib/liblidar_interfaces__rosidl_typesupport_fastrtps_c.so" to ""
[4.749s] -- Installing: /home/aiv/ev_ws/perception/install/lidar_interfaces/lib/liblidar_interfaces__rosidl_typesupport_introspection_c.so
[4.749s] -- Set runtime path of "/home/aiv/ev_ws/perception/install/lidar_interfaces/lib/liblidar_interfaces__rosidl_typesupport_introspection_c.so" to ""
[4.749s] -- Installing: /home/aiv/ev_ws/perception/install/lidar_interfaces/lib/liblidar_interfaces__rosidl_typesupport_c.so
[4.750s] -- Set runtime path of "/home/aiv/ev_ws/perception/install/lidar_interfaces/lib/liblidar_interfaces__rosidl_typesupport_c.so" to ""
[4.750s] -- Installing: /home/aiv/ev_ws/perception/install/lidar_interfaces/lib/liblidar_interfaces__rosidl_typesupport_fastrtps_cpp.so
[4.750s] -- Set runtime path of "/home/aiv/ev_ws/perception/install/lidar_interfaces/lib/liblidar_interfaces__rosidl_typesupport_fastrtps_cpp.so" to ""
[4.750s] -- Installing: /home/aiv/ev_ws/perception/install/lidar_interfaces/lib/liblidar_interfaces__rosidl_typesupport_introspection_cpp.so
[4.751s] -- Set runtime path of "/home/aiv/ev_ws/perception/install/lidar_interfaces/lib/liblidar_interfaces__rosidl_typesupport_introspection_cpp.so" to ""
[4.751s] -- Installing: /home/aiv/ev_ws/perception/install/lidar_interfaces/lib/liblidar_interfaces__rosidl_typesupport_cpp.so
[4.751s] -- Set runtime path of "/home/aiv/ev_ws/perception/install/lidar_interfaces/lib/liblidar_interfaces__rosidl_typesupport_cpp.so" to ""
[4.779s] Listing '/home/aiv/ev_ws/perception/install/lidar_interfaces/local/lib/python3.10/dist-packages/lidar_interfaces'...
[4.779s] Compiling '/home/aiv/ev_ws/perception/install/lidar_interfaces/local/lib/python3.10/dist-packages/lidar_interfaces/__init__.py'...
[4.779s] Listing '/home/aiv/ev_ws/perception/install/lidar_interfaces/local/lib/python3.10/dist-packages/lidar_interfaces/msg'...
[4.779s] Compiling '/home/aiv/ev_ws/perception/install/lidar_interfaces/local/lib/python3.10/dist-packages/lidar_interfaces/msg/__init__.py'...
[4.779s] Compiling '/home/aiv/ev_ws/perception/install/lidar_interfaces/local/lib/python3.10/dist-packages/lidar_interfaces/msg/_cone.py'...
[4.779s] Compiling '/home/aiv/ev_ws/perception/install/lidar_interfaces/local/lib/python3.10/dist-packages/lidar_interfaces/msg/_cone_array.py'...
[4.779s] Compiling '/home/aiv/ev_ws/perception/install/lidar_interfaces/local/lib/python3.10/dist-packages/lidar_interfaces/msg/_tracked_cone.py'...
[4.779s] Compiling '/home/aiv/ev_ws/perception/install/lidar_interfaces/local/lib/python3.10/dist-packages/lidar_interfaces/msg/_tracked_cone_array.py'...
[4.782s] -- Installing: /home/aiv/ev_ws/perception/install/lidar_interfaces/lib/liblidar_interfaces__rosidl_generator_py.so
[4.783s] -- Set runtime path of "/home/aiv/ev_ws/perception/install/lidar_interfaces/lib/liblidar_interfaces__rosidl_generator_py.so" to ""
[4.783s] -- Installing: /home/aiv/ev_ws/perception/install/lidar_interfaces/share/lidar_interfaces/cmake/export_lidar_interfaces__rosidl_generator_cExport.cmake
[4.783s] -- Installing: /home/aiv/ev_ws/perception/install/lidar_interfaces/share/lidar_interfaces/cmake/export_lidar_interfaces__rosidl_generator_cExport-noconfig.cmake
[4.783s] -- Installing: /home/aiv/ev_ws/perception/install/lidar_interfaces/share/lidar_interfaces/cmake/export_lidar_interfaces__rosidl_typesupport_fastrtps_cExport.cmake
[4.783s] -- Installing: /home/aiv/ev_ws/perception/install/lidar_interfaces/share/lidar_interfaces/cmake/export_lidar_interfaces__rosidl_typesupport_fastrtps_cExport-noconfig.cmake
[4.783s] -- Installing: /home/aiv/ev_ws/perception/install/lidar_interfaces/share/lidar_interfaces/cmake/lidar_interfaces__rosidl_typesupport_introspection_cExport.cmake
[4.783s] -- Installing: /home/aiv/ev_ws/perception/install/lidar_interfaces/share/lidar_interfaces/cmake/lidar_interfaces__rosidl_typesupport_introspection_cExport-noconfig.cmake
[4.783s] -- Installing: /home/aiv/ev_ws/perception/install/lidar_interfaces/share/lidar_interfaces/cmake/lidar_interfaces__rosidl_typesupport_cExport.cmake
[4.783s] -- Installing: /home/aiv/ev_ws/perception/install/lidar_interfaces/share/lidar_interfaces/cmake/lidar_interfaces__rosidl_typesupport_cExport-noconfig.cmake
[4.783s] -- Installing: /home/aiv/ev_ws/perception/install/lidar_interfaces/share/lidar_interfaces/cmake/export_lidar_interfaces__rosidl_generator_cppExport.cmake
[4.783s] -- Installing: /home/aiv/ev_ws/perception/install/lidar_interfaces/share/lidar_interfaces/cmake/export_lidar_interfaces__rosidl_typesupport_fastrtps_cppExport.cmake
[4.783s] -- Installing: /home/aiv/ev_ws/perception/install/lidar_interfaces/share/lidar_interfaces/cmake/export_lidar_interfaces__rosidl_typesupport_fastrtps_cppExport-noconfig.cmake
[4.784s] -- Installing: /home/aiv/ev_ws/perception/install/lidar_interfaces/share/lidar_interfaces/cmake/lidar_interfaces__rosidl_typesupport_introspection_cppExport.cmake
[4.784s] -- Installing: /home/aiv/ev_ws/perception/install/lidar_interfaces/share/lidar_interfaces/cmake/lidar_interfaces__rosidl_typesupport_introspection_cppExport-noconfig.cmake
[4.784s] -- Installing: /home/aiv/ev_ws/perception/install/lidar_interfaces/share/lidar_interfaces/cmake/lidar_interfaces__rosidl_typesupport_cppExport.cmake
[4.784s] -- Installing: /home/aiv/ev_ws/perception/install/lidar_interfaces/share/lidar_interfaces/cmake/lidar_interfaces__rosidl_typesupport_cppExport-noconfig.cmake
[4.784s] -- Installing: /home/aiv/ev_ws/perception/install/lidar_interfaces/share/lidar_interfaces/cmake/export_lidar_interfaces__rosidl_generator_pyExport.cmake
[4.784s] -- Installing: /home/aiv/ev_ws/perception/install/lidar_interfaces/share/lidar_interfaces/cmake/export_lidar_interfaces__rosidl_generator_pyExport-noconfig.cmake
[4.786s] Invoked command in '/home/aiv/ev_ws/perception/build/lidar_interfaces' returned '0': CMAKE_PREFIX_PATH=${CMAKE_PREFIX_PATH}:/opt/ros/humble /usr/bin/cmake --install /home/aiv/ev_ws/perception/build/lidar_interfaces
