[0.031s] Invoking command in '/home/kimsohee/ev-1-5/ev-Autonomous-Vehicle-1-5/build/t870_cmake': CMAKE_PREFIX_PATH=/opt/ros/humble /usr/bin/cmake --build /home/kimsohee/ev-1-5/ev-Autonomous-Vehicle-1-5/build/t870_cmake -- -j10 -l10
[0.063s] Invoked command in '/home/kimsohee/ev-1-5/ev-Autonomous-Vehicle-1-5/build/t870_cmake' returned '0': CMAKE_PREFIX_PATH=/opt/ros/humble /usr/bin/cmake --build /home/kimsohee/ev-1-5/ev-Autonomous-Vehicle-1-5/build/t870_cmake -- -j10 -l10
[0.063s] Invoking command in '/home/kimsohee/ev-1-5/ev-Autonomous-Vehicle-1-5/build/t870_cmake': CMAKE_PREFIX_PATH=/opt/ros/humble /usr/bin/cmake --install /home/kimsohee/ev-1-5/ev-Autonomous-Vehicle-1-5/build/t870_cmake
[3.942s] -- Install configuration: ""
[3.942s] -- Installing: /home/kimsohee/ev-1-5/ev-Autonomous-Vehicle-1-5/install/t870_cmake/share/t870_cmake/cmake
[3.942s] -- Installing: /home/kimsohee/ev-1-5/ev-Autonomous-Vehicle-1-5/install/t870_cmake/share/t870_cmake/cmake/t870_cmake_config_extras.cmake
[3.942s] -- Installing: /home/kimsohee/ev-1-5/ev-Autonomous-Vehicle-1-5/install/t870_cmake/share/ament_index/resource_index/package_run_dependencies/t870_cmake
[3.942s] -- Installing: /home/kimsohee/ev-1-5/ev-Autonomous-Vehicle-1-5/install/t870_cmake/share/ament_index/resource_index/parent_prefix_path/t870_cmake
[3.942s] -- Installing: /home/kimsohee/ev-1-5/ev-Autonomous-Vehicle-1-5/install/t870_cmake/share/t870_cmake/environment/ament_prefix_path.sh
[3.942s] -- Installing: /home/kimsohee/ev-1-5/ev-Autonomous-Vehicle-1-5/install/t870_cmake/share/t870_cmake/environment/ament_prefix_path.dsv
[3.942s] -- Installing: /home/kimsohee/ev-1-5/ev-Autonomous-Vehicle-1-5/install/t870_cmake/share/t870_cmake/environment/path.sh
[3.942s] -- Installing: /home/kimsohee/ev-1-5/ev-Autonomous-Vehicle-1-5/install/t870_cmake/share/t870_cmake/environment/path.dsv
[3.942s] -- Installing: /home/kimsohee/ev-1-5/ev-Autonomous-Vehicle-1-5/install/t870_cmake/share/t870_cmake/local_setup.bash
[3.942s] -- Installing: /home/kimsohee/ev-1-5/ev-Autonomous-Vehicle-1-5/install/t870_cmake/share/t870_cmake/local_setup.sh
[3.942s] -- Installing: /home/kimsohee/ev-1-5/ev-Autonomous-Vehicle-1-5/install/t870_cmake/share/t870_cmake/local_setup.zsh
[3.942s] -- Installing: /home/kimsohee/ev-1-5/ev-Autonomous-Vehicle-1-5/install/t870_cmake/share/t870_cmake/local_setup.dsv
[3.942s] -- Installing: /home/kimsohee/ev-1-5/ev-Autonomous-Vehicle-1-5/install/t870_cmake/share/t870_cmake/package.dsv
[3.942s] -- Installing: /home/kimsohee/ev-1-5/ev-Autonomous-Vehicle-1-5/install/t870_cmake/share/ament_index/resource_index/packages/t870_cmake
[3.942s] -- Up-to-date: /home/kimsohee/ev-1-5/ev-Autonomous-Vehicle-1-5/install/t870_cmake/share/t870_cmake/cmake/t870_cmake_config_extras.cmake
[3.942s] -- Installing: /home/kimsohee/ev-1-5/ev-Autonomous-Vehicle-1-5/install/t870_cmake/share/t870_cmake/cmake/t870_cmakeConfig.cmake
[3.942s] -- Installing: /home/kimsohee/ev-1-5/ev-Autonomous-Vehicle-1-5/install/t870_cmake/share/t870_cmake/cmake/t870_cmakeConfig-version.cmake
[3.942s] -- Installing: /home/kimsohee/ev-1-5/ev-Autonomous-Vehicle-1-5/install/t870_cmake/share/t870_cmake/package.xml
