[0.008s] Invoking command in '/home/aiv/ev_ws/planning/build/chaining_costmap_ver': CMAKE_PREFIX_PATH=${CMAKE_PREFIX_PATH}:/opt/ros/humble /usr/bin/cmake /home/aiv/ev_ws/planning/src/chaining_costmap_ver -DAMENT_CMAKE_SYMLINK_INSTALL=1 -DCMAKE_INSTALL_PREFIX=/home/aiv/ev_ws/planning/install/chaining_costmap_ver
[0.062s] -- The C compiler identification is GNU 11.4.0
[0.095s] -- The CXX compiler identification is GNU 11.4.0
[0.101s] -- Detecting C compiler ABI info
[0.147s] -- Detecting C compiler ABI info - done
[0.151s] -- Check for working C compiler: /usr/bin/cc - skipped
[0.152s] -- Detecting C compile features
[0.152s] -- Detecting C compile features - done
[0.154s] -- Detecting CXX compiler ABI info
[0.207s] -- Detecting CXX compiler ABI info - done
[0.211s] -- Check for working CXX compiler: /usr/bin/c++ - skipped
[0.212s] -- Detecting CXX compile features
[0.212s] -- Detecting CXX compile features - done
[0.214s] -- Found ament_cmake: 1.3.12 (/opt/ros/humble/share/ament_cmake/cmake)
[0.305s] -- Found Python3: /usr/bin/python3 (found version "3.10.12") found components: Interpreter 
[0.341s] -- Override CMake install command with custom implementation using symlinks instead of copying resources
[0.370s] -- Found rclcpp: 16.0.17 (/opt/ros/humble/share/rclcpp/cmake)
[0.406s] -- Found rosidl_generator_c: 3.1.8 (/opt/ros/humble/share/rosidl_generator_c/cmake)
[0.410s] -- Found rosidl_adapter: 3.1.8 (/opt/ros/humble/share/rosidl_adapter/cmake)
[0.417s] -- Found rosidl_generator_cpp: 3.1.8 (/opt/ros/humble/share/rosidl_generator_cpp/cmake)
[0.427s] -- Using all available rosidl_typesupport_c: rosidl_typesupport_fastrtps_c;rosidl_typesupport_introspection_c
[0.439s] -- Using all available rosidl_typesupport_cpp: rosidl_typesupport_fastrtps_cpp;rosidl_typesupport_introspection_cpp
[0.472s] -- Found rmw_implementation_cmake: 6.1.2 (/opt/ros/humble/share/rmw_implementation_cmake/cmake)
[0.474s] -- Found rmw_fastrtps_cpp: 6.2.9 (/opt/ros/humble/share/rmw_fastrtps_cpp/cmake)
[0.540s] -- Found OpenSSL: /usr/lib/x86_64-linux-gnu/libcrypto.so (found version "3.0.2")  
[0.558s] -- Found FastRTPS: /opt/ros/humble/include  
[0.582s] -- Using RMW implementation 'rmw_fastrtps_cpp' as default
[0.589s] -- Looking for pthread.h
[0.636s] -- Looking for pthread.h - found
[0.637s] -- Performing Test CMAKE_HAVE_LIBC_PTHREAD
[0.685s] -- Performing Test CMAKE_HAVE_LIBC_PTHREAD - Success
[0.685s] -- Found Threads: TRUE  
[0.723s] -- Found rclcpp_components: 16.0.17 (/opt/ros/humble/share/rclcpp_components/cmake)
[0.745s] -- Found nav_msgs: 4.9.0 (/opt/ros/humble/share/nav_msgs/cmake)
[0.764s] -- Found ev_msgs: 0.1.0 (/home/aiv/ev_ws/ev_msgs/install/ev_msgs/share/ev_msgs/cmake)
[0.775s] -- Found visualization_msgs: 4.9.0 (/opt/ros/humble/share/visualization_msgs/cmake)
[0.810s] -- Found ament_lint_auto: 0.12.14 (/opt/ros/humble/share/ament_lint_auto/cmake)
[0.859s] -- Added test 'cppcheck' to perform static code analysis on C / C++ code
[0.859s] -- Configured cppcheck include dirs: /home/aiv/ev_ws/planning/src/chaining_costmap_ver/include
[0.859s] -- Configured cppcheck exclude dirs and/or files: 
[0.859s] -- Added test 'flake8' to check Python code syntax and style conventions
[0.860s] -- Added test 'lint_cmake' to check CMake code style
[0.860s] -- Added test 'pep257' to check Python code against some of the docstring style conventions in PEP 257
[0.861s] -- Added test 'uncrustify' to check C / C++ code style
[0.861s] -- Configured uncrustify additional arguments: 
[0.862s] -- Added test 'xmllint' to check XML markup files
[0.863s] -- Configuring done
[0.876s] -- Generating done
[0.881s] -- Build files have been written to: /home/aiv/ev_ws/planning/build/chaining_costmap_ver
[0.888s] Invoked command in '/home/aiv/ev_ws/planning/build/chaining_costmap_ver' returned '0': CMAKE_PREFIX_PATH=${CMAKE_PREFIX_PATH}:/opt/ros/humble /usr/bin/cmake /home/aiv/ev_ws/planning/src/chaining_costmap_ver -DAMENT_CMAKE_SYMLINK_INSTALL=1 -DCMAKE_INSTALL_PREFIX=/home/aiv/ev_ws/planning/install/chaining_costmap_ver
[0.889s] Invoking command in '/home/aiv/ev_ws/planning/build/chaining_costmap_ver': CMAKE_PREFIX_PATH=${CMAKE_PREFIX_PATH}:/opt/ros/humble /usr/bin/cmake --build /home/aiv/ev_ws/planning/build/chaining_costmap_ver -- -j28 -l28
[0.927s] [  8%] [32mBuilding CXX object CMakeFiles/chaining_costmap_postprocess.dir/src/postprocess/path_postprocessor.cpp.o[0m
[0.927s] [ 16%] [32mBuilding CXX object CMakeFiles/chaining_costmap_astar.dir/src/planner/astar_planner.cpp.o[0m
[0.927s] [ 25%] [32mBuilding CXX object CMakeFiles/chaining_costmap_costmap.dir/src/costmap/costmap_generator.cpp.o[0m
[0.927s] [ 33%] [32mBuilding CXX object CMakeFiles/chaining_costmap_chainer.dir/src/chainer/direction_chainer.cpp.o[0m
[0.927s] [ 41%] [32mBuilding CXX object CMakeFiles/lc_planner_node_exe.dir/rclcpp_components/node_main_lc_planner_node_exe.cpp.o[0m
[1.218s] [ 50%] [32m[1mLinking CXX shared library libchaining_costmap_postprocess.so[0m
[1.297s] [ 50%] Built target chaining_costmap_postprocess
[2.426s] [ 58%] [32m[1mLinking CXX shared library libchaining_costmap_costmap.so[0m
[2.507s] [ 66%] [32m[1mLinking CXX shared library libchaining_costmap_astar.so[0m
[2.507s] [ 66%] Built target chaining_costmap_costmap
[2.581s] [ 66%] Built target chaining_costmap_astar
[2.633s] [ 75%] [32m[1mLinking CXX executable lc_planner_node_exe[0m
[2.704s] [ 75%] Built target lc_planner_node_exe
[2.781s] [ 83%] [32m[1mLinking CXX shared library libchaining_costmap_chainer.so[0m
[2.855s] [ 83%] Built target chaining_costmap_chainer
[2.872s] [ 91%] [32mBuilding CXX object CMakeFiles/lc_planner_component.dir/src/nodes/chaining_costmap_ver_node.cpp.o[0m
[9.234s] [100%] [32m[1mLinking CXX shared library liblc_planner_component.so[0m
[9.614s] [100%] Built target lc_planner_component
[9.621s] Invoked command in '/home/aiv/ev_ws/planning/build/chaining_costmap_ver' returned '0': CMAKE_PREFIX_PATH=${CMAKE_PREFIX_PATH}:/opt/ros/humble /usr/bin/cmake --build /home/aiv/ev_ws/planning/build/chaining_costmap_ver -- -j28 -l28
[9.628s] Invoking command in '/home/aiv/ev_ws/planning/build/chaining_costmap_ver': CMAKE_PREFIX_PATH=${CMAKE_PREFIX_PATH}:/opt/ros/humble /usr/bin/cmake --install /home/aiv/ev_ws/planning/build/chaining_costmap_ver
[9.632s] -- Install configuration: ""
[9.632s] -- Execute custom install script
[9.632s] -- Symlinking: /home/aiv/ev_ws/planning/install/chaining_costmap_ver/lib/libchaining_costmap_chainer.so
[9.637s] -- Symlinking: /home/aiv/ev_ws/planning/install/chaining_costmap_ver/lib/libchaining_costmap_costmap.so
[9.642s] -- Symlinking: /home/aiv/ev_ws/planning/install/chaining_costmap_ver/lib/libchaining_costmap_astar.so
[9.647s] -- Symlinking: /home/aiv/ev_ws/planning/install/chaining_costmap_ver/lib/libchaining_costmap_postprocess.so
[9.652s] -- Symlinking: /home/aiv/ev_ws/planning/install/chaining_costmap_ver/lib/chaining_costmap_ver/lc_planner_node_exe
[9.657s] -- Symlinking: /home/aiv/ev_ws/planning/install/chaining_costmap_ver/lib/liblc_planner_component.so
[9.661s] -- Symlinking: /home/aiv/ev_ws/planning/install/chaining_costmap_ver/include/chaining_costmap_ver/chainer/direction_chainer.hpp
[9.666s] -- Symlinking: /home/aiv/ev_ws/planning/install/chaining_costmap_ver/include/chaining_costmap_ver/common/debug_publish.hpp
[9.671s] -- Symlinking: /home/aiv/ev_ws/planning/install/chaining_costmap_ver/include/chaining_costmap_ver/common/geometry.hpp
[9.676s] -- Symlinking: /home/aiv/ev_ws/planning/install/chaining_costmap_ver/include/chaining_costmap_ver/common/params.hpp
[9.681s] -- Symlinking: /home/aiv/ev_ws/planning/install/chaining_costmap_ver/include/chaining_costmap_ver/common/types.hpp
[9.687s] -- Symlinking: /home/aiv/ev_ws/planning/install/chaining_costmap_ver/include/chaining_costmap_ver/costmap/costmap_generator.hpp
[9.692s] -- Symlinking: /home/aiv/ev_ws/planning/install/chaining_costmap_ver/include/chaining_costmap_ver/nodes/chaining_costmap_ver_node.hpp
[9.696s] -- Symlinking: /home/aiv/ev_ws/planning/install/chaining_costmap_ver/include/chaining_costmap_ver/planner/astar_planner.hpp
[9.702s] -- Symlinking: /home/aiv/ev_ws/planning/install/chaining_costmap_ver/include/chaining_costmap_ver/postprocess/path_postprocessor.hpp
[9.709s] -- Symlinking: /home/aiv/ev_ws/planning/install/chaining_costmap_ver/include/chaining_costmap_ver/safety/safety_checker.hpp
[9.715s] -- Symlinking: /home/aiv/ev_ws/planning/install/chaining_costmap_ver/share/chaining_costmap_ver/config/chaining_costmap_ver.yaml
[9.720s] -- Symlinking: /home/aiv/ev_ws/planning/install/chaining_costmap_ver/share/chaining_costmap_ver/launch/chaining_costmap_ver.launch.py
[9.726s] -- Symlinking: /home/aiv/ev_ws/planning/install/chaining_costmap_ver/share/ament_index/resource_index/package_run_dependencies/chaining_costmap_ver
[9.732s] -- Symlinking: /home/aiv/ev_ws/planning/install/chaining_costmap_ver/share/ament_index/resource_index/parent_prefix_path/chaining_costmap_ver
[9.738s] -- Symlinking: /home/aiv/ev_ws/planning/install/chaining_costmap_ver/share/chaining_costmap_ver/environment/ament_prefix_path.sh
[9.744s] -- Symlinking: /home/aiv/ev_ws/planning/install/chaining_costmap_ver/share/chaining_costmap_ver/environment/ament_prefix_path.dsv
[9.748s] -- Symlinking: /home/aiv/ev_ws/planning/install/chaining_costmap_ver/share/chaining_costmap_ver/environment/path.sh
[9.753s] -- Symlinking: /home/aiv/ev_ws/planning/install/chaining_costmap_ver/share/chaining_costmap_ver/environment/path.dsv
[9.758s] -- Symlinking: /home/aiv/ev_ws/planning/install/chaining_costmap_ver/share/chaining_costmap_ver/local_setup.bash
[9.763s] -- Symlinking: /home/aiv/ev_ws/planning/install/chaining_costmap_ver/share/chaining_costmap_ver/local_setup.sh
[9.767s] -- Symlinking: /home/aiv/ev_ws/planning/install/chaining_costmap_ver/share/chaining_costmap_ver/local_setup.zsh
[9.772s] -- Symlinking: /home/aiv/ev_ws/planning/install/chaining_costmap_ver/share/chaining_costmap_ver/local_setup.dsv
[9.777s] -- Symlinking: /home/aiv/ev_ws/planning/install/chaining_costmap_ver/share/chaining_costmap_ver/package.dsv
[9.781s] -- Symlinking: /home/aiv/ev_ws/planning/install/chaining_costmap_ver/share/ament_index/resource_index/packages/chaining_costmap_ver
[9.787s] -- Symlinking: /home/aiv/ev_ws/planning/install/chaining_costmap_ver/share/ament_index/resource_index/rclcpp_components/chaining_costmap_ver
[9.793s] -- Symlinking: /home/aiv/ev_ws/planning/install/chaining_costmap_ver/share/chaining_costmap_ver/cmake/chaining_costmap_verConfig.cmake
[9.798s] -- Symlinking: /home/aiv/ev_ws/planning/install/chaining_costmap_ver/share/chaining_costmap_ver/cmake/chaining_costmap_verConfig-version.cmake
[9.803s] -- Symlinking: /home/aiv/ev_ws/planning/install/chaining_costmap_ver/share/chaining_costmap_ver/package.xml
[9.809s] Invoked command in '/home/aiv/ev_ws/planning/build/chaining_costmap_ver' returned '0': CMAKE_PREFIX_PATH=${CMAKE_PREFIX_PATH}:/opt/ros/humble /usr/bin/cmake --install /home/aiv/ev_ws/planning/build/chaining_costmap_ver
