[0.010s] Invoking command in '/home/aiv/ev_ws/planning/build/track_planning': CMAKE_PREFIX_PATH=${CMAKE_PREFIX_PATH}:/opt/ros/humble /usr/bin/cmake /home/aiv/ev_ws/planning/src/track_planning -DCMAKE_INSTALL_PREFIX=/home/aiv/ev_ws/planning/install/track_planning
[0.050s] -- The C compiler identification is GNU 11.4.0
[0.083s] -- The CXX compiler identification is GNU 11.4.0
[0.089s] -- Detecting C compiler ABI info
[0.132s] -- Detecting C compiler ABI info - done
[0.136s] -- Check for working C compiler: /usr/bin/cc - skipped
[0.136s] -- Detecting C compile features
[0.136s] -- Detecting C compile features - done
[0.138s] -- Detecting CXX compiler ABI info
[0.188s] -- Detecting CXX compiler ABI info - done
[0.192s] -- Check for working CXX compiler: /usr/bin/c++ - skipped
[0.192s] -- Detecting CXX compile features
[0.192s] -- Detecting CXX compile features - done
[0.195s] -- Found ament_cmake: 1.3.12 (/opt/ros/humble/share/ament_cmake/cmake)
[0.282s] -- Found Python3: /usr/bin/python3 (found version "3.10.12") found components: Interpreter 
[0.345s] -- Found rclcpp: 16.0.17 (/opt/ros/humble/share/rclcpp/cmake)
[0.379s] -- Found rosidl_generator_c: 3.1.8 (/opt/ros/humble/share/rosidl_generator_c/cmake)
[0.382s] -- Found rosidl_adapter: 3.1.8 (/opt/ros/humble/share/rosidl_adapter/cmake)
[0.388s] -- Found rosidl_generator_cpp: 3.1.8 (/opt/ros/humble/share/rosidl_generator_cpp/cmake)
[0.395s] -- Using all available rosidl_typesupport_c: rosidl_typesupport_fastrtps_c;rosidl_typesupport_introspection_c
[0.406s] -- Using all available rosidl_typesupport_cpp: rosidl_typesupport_fastrtps_cpp;rosidl_typesupport_introspection_cpp
[0.439s] -- Found rmw_implementation_cmake: 6.1.2 (/opt/ros/humble/share/rmw_implementation_cmake/cmake)
[0.442s] -- Found rmw_fastrtps_cpp: 6.2.9 (/opt/ros/humble/share/rmw_fastrtps_cpp/cmake)
[0.511s] -- Found OpenSSL: /usr/lib/x86_64-linux-gnu/libcrypto.so (found version "3.0.2")  
[0.529s] -- Found FastRTPS: /opt/ros/humble/include  
[0.553s] -- Using RMW implementation 'rmw_fastrtps_cpp' as default
[0.561s] -- Looking for pthread.h
[0.607s] -- Looking for pthread.h - found
[0.608s] -- Performing Test CMAKE_HAVE_LIBC_PTHREAD
[0.655s] -- Performing Test CMAKE_HAVE_LIBC_PTHREAD - Success
[0.656s] -- Found Threads: TRUE  
[0.691s] -- Found rclcpp_components: 16.0.17 (/opt/ros/humble/share/rclcpp_components/cmake)
[0.711s] -- Found nav_msgs: 4.9.0 (/opt/ros/humble/share/nav_msgs/cmake)
[0.730s] -- Found visualization_msgs: 4.9.0 (/opt/ros/humble/share/visualization_msgs/cmake)
[0.754s] -- Found track_msgs: 0.1.0 (/home/aiv/ev_ws/planning/install/track_msgs/share/track_msgs/cmake)
[0.763s] -- Found ament_lint_auto: 0.12.14 (/opt/ros/humble/share/ament_lint_auto/cmake)
[0.808s] -- Added test 'cppcheck' to perform static code analysis on C / C++ code
[0.808s] -- Configured cppcheck include dirs: /home/aiv/ev_ws/planning/src/track_planning/include
[0.808s] -- Configured cppcheck exclude dirs and/or files: 
[0.809s] -- Added test 'lint_cmake' to check CMake code style
[0.810s] -- Added test 'uncrustify' to check C / C++ code style
[0.810s] -- Configured uncrustify additional arguments: 
[0.810s] -- Added test 'xmllint' to check XML markup files
[0.811s] -- Configuring done
[0.813s] -- Generating done
[0.814s] -- Build files have been written to: /home/aiv/ev_ws/planning/build/track_planning
[0.819s] Invoked command in '/home/aiv/ev_ws/planning/build/track_planning' returned '0': CMAKE_PREFIX_PATH=${CMAKE_PREFIX_PATH}:/opt/ros/humble /usr/bin/cmake /home/aiv/ev_ws/planning/src/track_planning -DCMAKE_INSTALL_PREFIX=/home/aiv/ev_ws/planning/install/track_planning
[0.820s] Invoking command in '/home/aiv/ev_ws/planning/build/track_planning': CMAKE_PREFIX_PATH=${CMAKE_PREFIX_PATH}:/opt/ros/humble /usr/bin/cmake --build /home/aiv/ev_ws/planning/build/track_planning -- -j28 -l28
[0.847s] Invoked command in '/home/aiv/ev_ws/planning/build/track_planning' returned '0': CMAKE_PREFIX_PATH=${CMAKE_PREFIX_PATH}:/opt/ros/humble /usr/bin/cmake --build /home/aiv/ev_ws/planning/build/track_planning -- -j28 -l28
[0.853s] Invoking command in '/home/aiv/ev_ws/planning/build/track_planning': CMAKE_PREFIX_PATH=${CMAKE_PREFIX_PATH}:/opt/ros/humble /usr/bin/cmake --install /home/aiv/ev_ws/planning/build/track_planning
[0.858s] -- Install configuration: ""
[0.858s] -- Installing: /home/aiv/ev_ws/planning/install/track_planning/include
[0.858s] -- Installing: /home/aiv/ev_ws/planning/install/track_planning/include/track_planning
[0.858s] -- Installing: /home/aiv/ev_ws/planning/install/track_planning/include/track_planning/corridor
[0.858s] -- Installing: /home/aiv/ev_ws/planning/install/track_planning/include/track_planning/costmap
[0.858s] -- Installing: /home/aiv/ev_ws/planning/install/track_planning/include/track_planning/common
[0.858s] -- Installing: /home/aiv/ev_ws/planning/install/track_planning/include/track_planning/common/geometry.hpp
[0.858s] -- Installing: /home/aiv/ev_ws/planning/install/track_planning/include/track_planning/common/types.hpp
[0.858s] -- Installing: /home/aiv/ev_ws/planning/install/track_planning/include/track_planning/common/params.hpp
[0.858s] -- Installing: /home/aiv/ev_ws/planning/install/track_planning/include/track_planning/common/debug_publish.hpp
[0.858s] -- Installing: /home/aiv/ev_ws/planning/install/track_planning/include/track_planning/goal
[0.858s] -- Installing: /home/aiv/ev_ws/planning/install/track_planning/share/track_planning/config
[0.858s] -- Installing: /home/aiv/ev_ws/planning/install/track_planning/share/track_planning/config/planning.yaml
[0.858s] -- Installing: /home/aiv/ev_ws/planning/install/track_planning/share/track_planning/launch
[0.858s] -- Installing: /home/aiv/ev_ws/planning/install/track_planning/share/ament_index/resource_index/package_run_dependencies/track_planning
[0.858s] -- Installing: /home/aiv/ev_ws/planning/install/track_planning/share/ament_index/resource_index/parent_prefix_path/track_planning
[0.858s] -- Installing: /home/aiv/ev_ws/planning/install/track_planning/share/track_planning/environment/ament_prefix_path.sh
[0.858s] -- Installing: /home/aiv/ev_ws/planning/install/track_planning/share/track_planning/environment/ament_prefix_path.dsv
[0.858s] -- Installing: /home/aiv/ev_ws/planning/install/track_planning/share/track_planning/environment/path.sh
[0.858s] -- Installing: /home/aiv/ev_ws/planning/install/track_planning/share/track_planning/environment/path.dsv
[0.858s] -- Installing: /home/aiv/ev_ws/planning/install/track_planning/share/track_planning/local_setup.bash
[0.858s] -- Installing: /home/aiv/ev_ws/planning/install/track_planning/share/track_planning/local_setup.sh
[0.858s] -- Installing: /home/aiv/ev_ws/planning/install/track_planning/share/track_planning/local_setup.zsh
[0.858s] -- Installing: /home/aiv/ev_ws/planning/install/track_planning/share/track_planning/local_setup.dsv
[0.858s] -- Installing: /home/aiv/ev_ws/planning/install/track_planning/share/track_planning/package.dsv
[0.858s] -- Installing: /home/aiv/ev_ws/planning/install/track_planning/share/ament_index/resource_index/packages/track_planning
[0.858s] -- Installing: /home/aiv/ev_ws/planning/install/track_planning/share/track_planning/cmake/track_planningConfig.cmake
[0.858s] -- Installing: /home/aiv/ev_ws/planning/install/track_planning/share/track_planning/cmake/track_planningConfig-version.cmake
[0.858s] -- Installing: /home/aiv/ev_ws/planning/install/track_planning/share/track_planning/package.xml
[0.860s] Invoked command in '/home/aiv/ev_ws/planning/build/track_planning' returned '0': CMAKE_PREFIX_PATH=${CMAKE_PREFIX_PATH}:/opt/ros/humble /usr/bin/cmake --install /home/aiv/ev_ws/planning/build/track_planning
