[0.007s] Invoking command in '/home/aiv/ev_ws/planning/build/chaining_mr_ver': CMAKE_PREFIX_PATH=${CMAKE_PREFIX_PATH}:/opt/ros/humble /usr/bin/cmake /home/aiv/ev_ws/planning/src/chaining_mr_ver -DCMAKE_INSTALL_PREFIX=/home/aiv/ev_ws/planning/install/chaining_mr_ver
[0.042s] -- The C compiler identification is GNU 11.4.0
[0.076s] -- The CXX compiler identification is GNU 11.4.0
[0.080s] -- Detecting C compiler ABI info
[0.127s] -- Detecting C compiler ABI info - done
[0.130s] -- Check for working C compiler: /usr/bin/cc - skipped
[0.131s] -- Detecting C compile features
[0.131s] -- Detecting C compile features - done
[0.132s] -- Detecting CXX compiler ABI info
[0.183s] -- Detecting CXX compiler ABI info - done
[0.187s] -- Check for working CXX compiler: /usr/bin/c++ - skipped
[0.187s] -- Detecting CXX compile features
[0.188s] -- Detecting CXX compile features - done
[0.189s] -- Found ament_cmake: 1.3.12 (/opt/ros/humble/share/ament_cmake/cmake)
[0.277s] -- Found Python3: /usr/bin/python3 (found version "3.10.12") found components: Interpreter 
[0.335s] -- Found rclcpp: 16.0.17 (/opt/ros/humble/share/rclcpp/cmake)
[0.365s] -- Found rosidl_generator_c: 3.1.8 (/opt/ros/humble/share/rosidl_generator_c/cmake)
[0.369s] -- Found rosidl_adapter: 3.1.8 (/opt/ros/humble/share/rosidl_adapter/cmake)
[0.374s] -- Found rosidl_generator_cpp: 3.1.8 (/opt/ros/humble/share/rosidl_generator_cpp/cmake)
[0.381s] -- Using all available rosidl_typesupport_c: rosidl_typesupport_fastrtps_c;rosidl_typesupport_introspection_c
[0.391s] -- Using all available rosidl_typesupport_cpp: rosidl_typesupport_fastrtps_cpp;rosidl_typesupport_introspection_cpp
[0.421s] -- Found rmw_implementation_cmake: 6.1.2 (/opt/ros/humble/share/rmw_implementation_cmake/cmake)
[0.423s] -- Found rmw_fastrtps_cpp: 6.2.9 (/opt/ros/humble/share/rmw_fastrtps_cpp/cmake)
[0.485s] -- Found OpenSSL: /usr/lib/x86_64-linux-gnu/libcrypto.so (found version "3.0.2")  
[0.503s] -- Found FastRTPS: /opt/ros/humble/include  
[0.527s] -- Using RMW implementation 'rmw_fastrtps_cpp' as default
[0.533s] -- Looking for pthread.h
[0.580s] -- Looking for pthread.h - found
[0.580s] -- Performing Test CMAKE_HAVE_LIBC_PTHREAD
[0.623s] -- Performing Test CMAKE_HAVE_LIBC_PTHREAD - Success
[0.624s] -- Found Threads: TRUE  
[0.653s] -- Found rclcpp_components: 16.0.17 (/opt/ros/humble/share/rclcpp_components/cmake)
[0.669s] -- Found nav_msgs: 4.9.0 (/opt/ros/humble/share/nav_msgs/cmake)
[0.685s] -- Found ev_msgs: 0.1.0 (/home/aiv/ev_ws/ev_msgs/install/ev_msgs/share/ev_msgs/cmake)
[0.694s] -- Found visualization_msgs: 4.9.0 (/opt/ros/humble/share/visualization_msgs/cmake)
[0.724s] -- Found ament_lint_auto: 0.12.14 (/opt/ros/humble/share/ament_lint_auto/cmake)
[0.769s] -- Added test 'cppcheck' to perform static code analysis on C / C++ code
[0.769s] -- Configured cppcheck include dirs: /home/aiv/ev_ws/planning/src/chaining_mr_ver/include
[0.769s] -- Configured cppcheck exclude dirs and/or files: 
[0.770s] -- Added test 'flake8' to check Python code syntax and style conventions
[0.770s] -- Added test 'lint_cmake' to check CMake code style
[0.770s] -- Added test 'pep257' to check Python code against some of the docstring style conventions in PEP 257
[0.771s] -- Added test 'uncrustify' to check C / C++ code style
[0.771s] -- Configured uncrustify additional arguments: 
[0.772s] -- Added test 'xmllint' to check XML markup files
[0.773s] -- Configuring done
[0.786s] -- Generating done
[0.791s] -- Build files have been written to: /home/aiv/ev_ws/planning/build/chaining_mr_ver
[0.796s] Invoked command in '/home/aiv/ev_ws/planning/build/chaining_mr_ver' returned '0': CMAKE_PREFIX_PATH=${CMAKE_PREFIX_PATH}:/opt/ros/humble /usr/bin/cmake /home/aiv/ev_ws/planning/src/chaining_mr_ver -DCMAKE_INSTALL_PREFIX=/home/aiv/ev_ws/planning/install/chaining_mr_ver
[0.798s] Invoking command in '/home/aiv/ev_ws/planning/build/chaining_mr_ver': CMAKE_PREFIX_PATH=${CMAKE_PREFIX_PATH}:/opt/ros/humble /usr/bin/cmake --build /home/aiv/ev_ws/planning/build/chaining_mr_ver -- -j28 -l28
[0.832s] [  8%] Building CXX object CMakeFiles/chaining_mr_costmap.dir/src/costmap/costmap_generator.cpp.o
[0.835s] [ 41%] Building CXX object CMakeFiles/chaining_mr_planner.dir/src/planner/magnetic_planner.cpp.o
[0.835s] [ 41%] Building CXX object CMakeFiles/chaining_mr_chainer.dir/src/chainer/direction_chainer.cpp.o
[0.835s] [ 41%] Building CXX object CMakeFiles/lc_planner_node_exe.dir/rclcpp_components/node_main_lc_planner_node_exe.cpp.o
[0.835s] [ 41%] Building CXX object CMakeFiles/chaining_mr_postprocess.dir/src/postprocess/path_postprocessor.cpp.o
[1.124s] [ 50%] Linking CXX shared library libchaining_mr_postprocess.so
[1.196s] [ 50%] Built target chaining_mr_postprocess
[2.302s] [ 58%] Linking CXX shared library libchaining_mr_costmap.so
[2.347s] [ 66%] Linking CXX shared library libchaining_mr_planner.so
[2.402s] [ 66%] Built target chaining_mr_costmap
[2.433s] [ 66%] Built target chaining_mr_planner
[2.494s] [ 75%] Linking CXX executable lc_planner_node_exe
[2.565s] [ 75%] Built target lc_planner_node_exe
[2.631s] [ 83%] Linking CXX shared library libchaining_mr_chainer.so
[2.705s] [ 83%] Built target chaining_mr_chainer
[2.720s] [ 91%] Building CXX object CMakeFiles/lc_planner_component.dir/src/nodes/lc_planner_node.cpp.o
[9.098s] [100%] Linking CXX shared library liblc_planner_component.so
[9.466s] [100%] Built target lc_planner_component
[9.473s] Invoked command in '/home/aiv/ev_ws/planning/build/chaining_mr_ver' returned '0': CMAKE_PREFIX_PATH=${CMAKE_PREFIX_PATH}:/opt/ros/humble /usr/bin/cmake --build /home/aiv/ev_ws/planning/build/chaining_mr_ver -- -j28 -l28
[9.478s] Invoking command in '/home/aiv/ev_ws/planning/build/chaining_mr_ver': CMAKE_PREFIX_PATH=${CMAKE_PREFIX_PATH}:/opt/ros/humble /usr/bin/cmake --install /home/aiv/ev_ws/planning/build/chaining_mr_ver
[9.483s] -- Install configuration: ""
[9.483s] -- Installing: /home/aiv/ev_ws/planning/install/chaining_mr_ver/lib/libchaining_mr_chainer.so
[9.484s] -- Set runtime path of "/home/aiv/ev_ws/planning/install/chaining_mr_ver/lib/libchaining_mr_chainer.so" to ""
[9.484s] -- Installing: /home/aiv/ev_ws/planning/install/chaining_mr_ver/lib/libchaining_mr_costmap.so
[9.484s] -- Set runtime path of "/home/aiv/ev_ws/planning/install/chaining_mr_ver/lib/libchaining_mr_costmap.so" to ""
[9.484s] -- Installing: /home/aiv/ev_ws/planning/install/chaining_mr_ver/lib/libchaining_mr_planner.so
[9.484s] -- Set runtime path of "/home/aiv/ev_ws/planning/install/chaining_mr_ver/lib/libchaining_mr_planner.so" to ""
[9.484s] -- Installing: /home/aiv/ev_ws/planning/install/chaining_mr_ver/lib/libchaining_mr_postprocess.so
[9.485s] -- Set runtime path of "/home/aiv/ev_ws/planning/install/chaining_mr_ver/lib/libchaining_mr_postprocess.so" to ""
[9.485s] -- Installing: /home/aiv/ev_ws/planning/install/chaining_mr_ver/lib/chaining_mr_ver/lc_planner_node_exe
[9.485s] -- Set runtime path of "/home/aiv/ev_ws/planning/install/chaining_mr_ver/lib/chaining_mr_ver/lc_planner_node_exe" to ""
[9.485s] -- Installing: /home/aiv/ev_ws/planning/install/chaining_mr_ver/lib/liblc_planner_component.so
[9.490s] -- Set runtime path of "/home/aiv/ev_ws/planning/install/chaining_mr_ver/lib/liblc_planner_component.so" to ""
[9.490s] -- Installing: /home/aiv/ev_ws/planning/install/chaining_mr_ver/include
[9.490s] -- Installing: /home/aiv/ev_ws/planning/install/chaining_mr_ver/include/chaining_mr_ver
[9.490s] -- Installing: /home/aiv/ev_ws/planning/install/chaining_mr_ver/include/chaining_mr_ver/costmap
[9.490s] -- Installing: /home/aiv/ev_ws/planning/install/chaining_mr_ver/include/chaining_mr_ver/costmap/costmap_generator.hpp
[9.490s] -- Installing: /home/aiv/ev_ws/planning/install/chaining_mr_ver/include/chaining_mr_ver/chainer
[9.490s] -- Installing: /home/aiv/ev_ws/planning/install/chaining_mr_ver/include/chaining_mr_ver/chainer/direction_chainer.hpp
[9.490s] -- Installing: /home/aiv/ev_ws/planning/install/chaining_mr_ver/include/chaining_mr_ver/common
[9.490s] -- Installing: /home/aiv/ev_ws/planning/install/chaining_mr_ver/include/chaining_mr_ver/common/geometry.hpp
[9.490s] -- Installing: /home/aiv/ev_ws/planning/install/chaining_mr_ver/include/chaining_mr_ver/common/types.hpp
[9.490s] -- Installing: /home/aiv/ev_ws/planning/install/chaining_mr_ver/include/chaining_mr_ver/common/params.hpp
[9.490s] -- Installing: /home/aiv/ev_ws/planning/install/chaining_mr_ver/include/chaining_mr_ver/common/debug_publish.hpp
[9.490s] -- Installing: /home/aiv/ev_ws/planning/install/chaining_mr_ver/include/chaining_mr_ver/planner
[9.490s] -- Installing: /home/aiv/ev_ws/planning/install/chaining_mr_ver/include/chaining_mr_ver/planner/magnetic_planner.hpp
[9.490s] -- Installing: /home/aiv/ev_ws/planning/install/chaining_mr_ver/include/chaining_mr_ver/nodes
[9.490s] -- Installing: /home/aiv/ev_ws/planning/install/chaining_mr_ver/include/chaining_mr_ver/nodes/lc_planner_node.hpp
[9.490s] -- Installing: /home/aiv/ev_ws/planning/install/chaining_mr_ver/include/chaining_mr_ver/safety
[9.490s] -- Installing: /home/aiv/ev_ws/planning/install/chaining_mr_ver/include/chaining_mr_ver/safety/safety_checker.hpp
[9.490s] -- Installing: /home/aiv/ev_ws/planning/install/chaining_mr_ver/include/chaining_mr_ver/postprocess
[9.490s] -- Installing: /home/aiv/ev_ws/planning/install/chaining_mr_ver/include/chaining_mr_ver/postprocess/path_postprocessor.hpp
[9.490s] -- Installing: /home/aiv/ev_ws/planning/install/chaining_mr_ver/share/chaining_mr_ver/config
[9.490s] -- Installing: /home/aiv/ev_ws/planning/install/chaining_mr_ver/share/chaining_mr_ver/config/planning_lc.yaml
[9.490s] -- Installing: /home/aiv/ev_ws/planning/install/chaining_mr_ver/share/chaining_mr_ver/launch
[9.490s] -- Installing: /home/aiv/ev_ws/planning/install/chaining_mr_ver/share/chaining_mr_ver/launch/planning_lc.launch.py
[9.490s] -- Installing: /home/aiv/ev_ws/planning/install/chaining_mr_ver/share/ament_index/resource_index/package_run_dependencies/chaining_mr_ver
[9.491s] -- Installing: /home/aiv/ev_ws/planning/install/chaining_mr_ver/share/ament_index/resource_index/parent_prefix_path/chaining_mr_ver
[9.491s] -- Installing: /home/aiv/ev_ws/planning/install/chaining_mr_ver/share/chaining_mr_ver/environment/ament_prefix_path.sh
[9.491s] -- Installing: /home/aiv/ev_ws/planning/install/chaining_mr_ver/share/chaining_mr_ver/environment/ament_prefix_path.dsv
[9.491s] -- Installing: /home/aiv/ev_ws/planning/install/chaining_mr_ver/share/chaining_mr_ver/environment/path.sh
[9.491s] -- Installing: /home/aiv/ev_ws/planning/install/chaining_mr_ver/share/chaining_mr_ver/environment/path.dsv
[9.491s] -- Installing: /home/aiv/ev_ws/planning/install/chaining_mr_ver/share/chaining_mr_ver/local_setup.bash
[9.491s] -- Installing: /home/aiv/ev_ws/planning/install/chaining_mr_ver/share/chaining_mr_ver/local_setup.sh
[9.491s] -- Installing: /home/aiv/ev_ws/planning/install/chaining_mr_ver/share/chaining_mr_ver/local_setup.zsh
[9.491s] -- Installing: /home/aiv/ev_ws/planning/install/chaining_mr_ver/share/chaining_mr_ver/local_setup.dsv
[9.491s] -- Installing: /home/aiv/ev_ws/planning/install/chaining_mr_ver/share/chaining_mr_ver/package.dsv
[9.491s] -- Installing: /home/aiv/ev_ws/planning/install/chaining_mr_ver/share/ament_index/resource_index/packages/chaining_mr_ver
[9.491s] -- Installing: /home/aiv/ev_ws/planning/install/chaining_mr_ver/share/ament_index/resource_index/rclcpp_components/chaining_mr_ver
[9.491s] -- Installing: /home/aiv/ev_ws/planning/install/chaining_mr_ver/share/chaining_mr_ver/cmake/chaining_mr_verConfig.cmake
[9.491s] -- Installing: /home/aiv/ev_ws/planning/install/chaining_mr_ver/share/chaining_mr_ver/cmake/chaining_mr_verConfig-version.cmake
[9.491s] -- Installing: /home/aiv/ev_ws/planning/install/chaining_mr_ver/share/chaining_mr_ver/package.xml
[9.492s] Invoked command in '/home/aiv/ev_ws/planning/build/chaining_mr_ver' returned '0': CMAKE_PREFIX_PATH=${CMAKE_PREFIX_PATH}:/opt/ros/humble /usr/bin/cmake --install /home/aiv/ev_ws/planning/build/chaining_mr_ver
