[0.057s] DEBUG:colcon:Command line arguments: ['/usr/bin/colcon', 'build', '--symlink-install']
[0.057s] DEBUG:colcon:Parsed command line arguments: Namespace(log_base=None, log_level=None, verb_name='build', build_base='build', install_base='install', merge_install=False, symlink_install=True, test_result_base=None, continue_on_error=False, executor='parallel', parallel_workers=28, event_handlers=None, ignore_user_meta=False, metas=['./colcon.meta'], base_paths=['.'], packages_ignore=None, packages_ignore_regex=None, paths=None, packages_up_to=None, packages_up_to_regex=None, packages_above=None, packages_above_and_dependencies=None, packages_above_depth=None, packages_select_by_dep=None, packages_skip_by_dep=None, packages_skip_up_to=None, packages_select_build_failed=False, packages_skip_build_finished=False, packages_select_test_failures=False, packages_skip_test_passed=False, packages_select=None, packages_skip=None, packages_select_regex=None, packages_skip_regex=None, packages_start=None, packages_end=None, allow_overriding=[], cmake_args=None, cmake_target=None, cmake_target_skip_unavailable=False, cmake_clean_cache=False, cmake_clean_first=False, cmake_force_configure=False, ament_cmake_args=None, catkin_cmake_args=None, catkin_skip_building_tests=False, mixin_files=None, mixin=None, verb_parser=<colcon_mixin.mixin.mixin_argument.MixinArgumentDecorator object at 0x73ec1174b8b0>, verb_extension=<colcon_core.verb.build.BuildVerb object at 0x73ec1174b340>, main=<bound method BuildVerb.main of <colcon_core.verb.build.BuildVerb object at 0x73ec1174b340>>, mixin_verb=('build',))
[0.140s] Level 1:colcon.colcon_core.package_discovery:discover_packages(colcon_meta) check parameters
[0.140s] Level 1:colcon.colcon_core.package_discovery:discover_packages(recursive) check parameters
[0.140s] Level 1:colcon.colcon_core.package_discovery:discover_packages(ignore) check parameters
[0.140s] Level 1:colcon.colcon_core.package_discovery:discover_packages(path) check parameters
[0.140s] Level 1:colcon.colcon_core.package_discovery:discover_packages(colcon_meta) discover
[0.140s] Level 1:colcon.colcon_core.package_discovery:discover_packages(recursive) discover
[0.140s] INFO:colcon.colcon_core.package_discovery:Crawling recursively for packages in '/home/aiv/ev_ws/planning'
[0.140s] Level 1:colcon.colcon_core.package_identification:_identify(.) by extensions ['ignore', 'ignore_ament_install']
[0.141s] Level 1:colcon.colcon_core.package_identification:_identify(.) by extension 'ignore'
[0.141s] Level 1:colcon.colcon_core.package_identification:_identify(.) by extension 'ignore_ament_install'
[0.141s] Level 1:colcon.colcon_core.package_identification:_identify(.) by extensions ['colcon_pkg']
[0.141s] Level 1:colcon.colcon_core.package_identification:_identify(.) by extension 'colcon_pkg'
[0.141s] Level 1:colcon.colcon_core.package_identification:_identify(.) by extensions ['colcon_meta']
[0.141s] Level 1:colcon.colcon_core.package_identification:_identify(.) by extension 'colcon_meta'
[0.141s] Level 1:colcon.colcon_core.package_identification:_identify(.) by extensions ['ros']
[0.141s] Level 1:colcon.colcon_core.package_identification:_identify(.) by extension 'ros'
[0.146s] Level 1:colcon.colcon_core.package_identification:_identify(.) by extensions ['cmake', 'python']
[0.146s] Level 1:colcon.colcon_core.package_identification:_identify(.) by extension 'cmake'
[0.146s] Level 1:colcon.colcon_core.package_identification:_identify(.) by extension 'python'
[0.146s] Level 1:colcon.colcon_core.package_identification:_identify(.) by extensions ['python_setup_py']
[0.146s] Level 1:colcon.colcon_core.package_identification:_identify(.) by extension 'python_setup_py'
[0.146s] Level 1:colcon.colcon_core.package_identification:_identify(build) by extensions ['ignore', 'ignore_ament_install']
[0.146s] Level 1:colcon.colcon_core.package_identification:_identify(build) by extension 'ignore'
[0.146s] Level 1:colcon.colcon_core.package_identification:_identify(build) ignored
[0.147s] Level 1:colcon.colcon_core.package_identification:_identify(install) by extensions ['ignore', 'ignore_ament_install']
[0.147s] Level 1:colcon.colcon_core.package_identification:_identify(install) by extension 'ignore'
[0.147s] Level 1:colcon.colcon_core.package_identification:_identify(install) ignored
[0.147s] Level 1:colcon.colcon_core.package_identification:_identify(log) by extensions ['ignore', 'ignore_ament_install']
[0.147s] Level 1:colcon.colcon_core.package_identification:_identify(log) by extension 'ignore'
[0.147s] Level 1:colcon.colcon_core.package_identification:_identify(log) ignored
[0.147s] Level 1:colcon.colcon_core.package_identification:_identify(src) by extensions ['ignore', 'ignore_ament_install']
[0.147s] Level 1:colcon.colcon_core.package_identification:_identify(src) by extension 'ignore'
[0.147s] Level 1:colcon.colcon_core.package_identification:_identify(src) by extension 'ignore_ament_install'
[0.147s] Level 1:colcon.colcon_core.package_identification:_identify(src) by extensions ['colcon_pkg']
[0.147s] Level 1:colcon.colcon_core.package_identification:_identify(src) by extension 'colcon_pkg'
[0.147s] Level 1:colcon.colcon_core.package_identification:_identify(src) by extensions ['colcon_meta']
[0.147s] Level 1:colcon.colcon_core.package_identification:_identify(src) by extension 'colcon_meta'
[0.147s] Level 1:colcon.colcon_core.package_identification:_identify(src) by extensions ['ros']
[0.147s] Level 1:colcon.colcon_core.package_identification:_identify(src) by extension 'ros'
[0.147s] Level 1:colcon.colcon_core.package_identification:_identify(src) by extensions ['cmake', 'python']
[0.147s] Level 1:colcon.colcon_core.package_identification:_identify(src) by extension 'cmake'
[0.147s] Level 1:colcon.colcon_core.package_identification:_identify(src) by extension 'python'
[0.147s] Level 1:colcon.colcon_core.package_identification:_identify(src) by extensions ['python_setup_py']
[0.147s] Level 1:colcon.colcon_core.package_identification:_identify(src) by extension 'python_setup_py'
[0.147s] Level 1:colcon.colcon_core.package_identification:_identify(src/planning_mr_ver) by extensions ['ignore', 'ignore_ament_install']
[0.147s] Level 1:colcon.colcon_core.package_identification:_identify(src/planning_mr_ver) by extension 'ignore'
[0.147s] Level 1:colcon.colcon_core.package_identification:_identify(src/planning_mr_ver) by extension 'ignore_ament_install'
[0.147s] Level 1:colcon.colcon_core.package_identification:_identify(src/planning_mr_ver) by extensions ['colcon_pkg']
[0.147s] Level 1:colcon.colcon_core.package_identification:_identify(src/planning_mr_ver) by extension 'colcon_pkg'
[0.147s] Level 1:colcon.colcon_core.package_identification:_identify(src/planning_mr_ver) by extensions ['colcon_meta']
[0.147s] Level 1:colcon.colcon_core.package_identification:_identify(src/planning_mr_ver) by extension 'colcon_meta'
[0.147s] Level 1:colcon.colcon_core.package_identification:_identify(src/planning_mr_ver) by extensions ['ros']
[0.147s] Level 1:colcon.colcon_core.package_identification:_identify(src/planning_mr_ver) by extension 'ros'
[0.149s] DEBUG:colcon.colcon_core.package_identification:Package 'src/planning_mr_ver' with type 'ros.ament_cmake' and name 'planning_mr_ver'
[0.149s] Level 1:colcon.colcon_core.package_identification:_identify(src/track_msgs) by extensions ['ignore', 'ignore_ament_install']
[0.149s] Level 1:colcon.colcon_core.package_identification:_identify(src/track_msgs) by extension 'ignore'
[0.150s] Level 1:colcon.colcon_core.package_identification:_identify(src/track_msgs) by extension 'ignore_ament_install'
[0.150s] Level 1:colcon.colcon_core.package_identification:_identify(src/track_msgs) by extensions ['colcon_pkg']
[0.150s] Level 1:colcon.colcon_core.package_identification:_identify(src/track_msgs) by extension 'colcon_pkg'
[0.150s] Level 1:colcon.colcon_core.package_identification:_identify(src/track_msgs) by extensions ['colcon_meta']
[0.150s] Level 1:colcon.colcon_core.package_identification:_identify(src/track_msgs) by extension 'colcon_meta'
[0.150s] Level 1:colcon.colcon_core.package_identification:_identify(src/track_msgs) by extensions ['ros']
[0.150s] Level 1:colcon.colcon_core.package_identification:_identify(src/track_msgs) by extension 'ros'
[0.150s] DEBUG:colcon.colcon_core.package_identification:Package 'src/track_msgs' with type 'ros.ament_cmake' and name 'track_msgs'
[0.150s] Level 1:colcon.colcon_core.package_discovery:discover_packages(recursive) using defaults
[0.150s] Level 1:colcon.colcon_core.package_discovery:discover_packages(ignore) discover
[0.150s] Level 1:colcon.colcon_core.package_discovery:discover_packages(ignore) using defaults
[0.150s] Level 1:colcon.colcon_core.package_discovery:discover_packages(path) discover
[0.150s] Level 1:colcon.colcon_core.package_discovery:discover_packages(path) using defaults
[0.164s] Level 1:colcon.colcon_core.package_discovery:discover_packages(prefix_path) check parameters
[0.165s] Level 1:colcon.colcon_core.package_discovery:discover_packages(prefix_path) discover
[0.166s] DEBUG:colcon.colcon_installed_package_information.package_discovery:Found 12 installed packages in /home/aiv/ev_ws/perception/install
[0.166s] DEBUG:colcon.colcon_installed_package_information.package_discovery:Found 1 installed packages in /home/aiv/ev_ws/carsa_gazebo/install
[0.166s] DEBUG:colcon.colcon_installed_package_information.package_discovery:Found 7 installed packages in /home/aiv/ev_ws/erp42_ros/install
[0.167s] DEBUG:colcon.colcon_installed_package_information.package_discovery:Found 302 installed packages in /opt/ros/humble
[0.167s] Level 1:colcon.colcon_core.package_discovery:discover_packages(prefix_path) using defaults
[0.186s] Level 5:colcon.colcon_core.verb:set package 'track_msgs' build argument 'cmake_args' from command line to 'None'
[0.186s] Level 5:colcon.colcon_core.verb:set package 'track_msgs' build argument 'cmake_target' from command line to 'None'
[0.186s] Level 5:colcon.colcon_core.verb:set package 'track_msgs' build argument 'cmake_target_skip_unavailable' from command line to 'False'
[0.186s] Level 5:colcon.colcon_core.verb:set package 'track_msgs' build argument 'cmake_clean_cache' from command line to 'False'
[0.186s] Level 5:colcon.colcon_core.verb:set package 'track_msgs' build argument 'cmake_clean_first' from command line to 'False'
[0.186s] Level 5:colcon.colcon_core.verb:set package 'track_msgs' build argument 'cmake_force_configure' from command line to 'False'
[0.186s] Level 5:colcon.colcon_core.verb:set package 'track_msgs' build argument 'ament_cmake_args' from command line to 'None'
[0.187s] Level 5:colcon.colcon_core.verb:set package 'track_msgs' build argument 'catkin_cmake_args' from command line to 'None'
[0.187s] Level 5:colcon.colcon_core.verb:set package 'track_msgs' build argument 'catkin_skip_building_tests' from command line to 'False'
[0.187s] DEBUG:colcon.colcon_core.verb:Building package 'track_msgs' with the following arguments: {'ament_cmake_args': None, 'build_base': '/home/aiv/ev_ws/planning/build/track_msgs', 'catkin_cmake_args': None, 'catkin_skip_building_tests': False, 'cmake_args': None, 'cmake_clean_cache': False, 'cmake_clean_first': False, 'cmake_force_configure': False, 'cmake_target': None, 'cmake_target_skip_unavailable': False, 'install_base': '/home/aiv/ev_ws/planning/install/track_msgs', 'merge_install': False, 'path': '/home/aiv/ev_ws/planning/src/track_msgs', 'symlink_install': True, 'test_result_base': None}
[0.187s] Level 5:colcon.colcon_core.verb:set package 'planning_mr_ver' build argument 'cmake_args' from command line to 'None'
[0.187s] Level 5:colcon.colcon_core.verb:set package 'planning_mr_ver' build argument 'cmake_target' from command line to 'None'
[0.187s] Level 5:colcon.colcon_core.verb:set package 'planning_mr_ver' build argument 'cmake_target_skip_unavailable' from command line to 'False'
[0.187s] Level 5:colcon.colcon_core.verb:set package 'planning_mr_ver' build argument 'cmake_clean_cache' from command line to 'False'
[0.187s] Level 5:colcon.colcon_core.verb:set package 'planning_mr_ver' build argument 'cmake_clean_first' from command line to 'False'
[0.187s] Level 5:colcon.colcon_core.verb:set package 'planning_mr_ver' build argument 'cmake_force_configure' from command line to 'False'
[0.187s] Level 5:colcon.colcon_core.verb:set package 'planning_mr_ver' build argument 'ament_cmake_args' from command line to 'None'
[0.187s] Level 5:colcon.colcon_core.verb:set package 'planning_mr_ver' build argument 'catkin_cmake_args' from command line to 'None'
[0.187s] Level 5:colcon.colcon_core.verb:set package 'planning_mr_ver' build argument 'catkin_skip_building_tests' from command line to 'False'
[0.187s] DEBUG:colcon.colcon_core.verb:Building package 'planning_mr_ver' with the following arguments: {'ament_cmake_args': None, 'build_base': '/home/aiv/ev_ws/planning/build/planning_mr_ver', 'catkin_cmake_args': None, 'catkin_skip_building_tests': False, 'cmake_args': None, 'cmake_clean_cache': False, 'cmake_clean_first': False, 'cmake_force_configure': False, 'cmake_target': None, 'cmake_target_skip_unavailable': False, 'install_base': '/home/aiv/ev_ws/planning/install/planning_mr_ver', 'merge_install': False, 'path': '/home/aiv/ev_ws/planning/src/planning_mr_ver', 'symlink_install': True, 'test_result_base': None}
[0.187s] INFO:colcon.colcon_core.executor:Executing jobs using 'parallel' executor
[0.188s] DEBUG:colcon.colcon_parallel_executor.executor.parallel:run_until_complete
[0.188s] INFO:colcon.colcon_ros.task.ament_cmake.build:Building ROS package in '/home/aiv/ev_ws/planning/src/track_msgs' with build type 'ament_cmake'
[0.188s] INFO:colcon.colcon_cmake.task.cmake.build:Building CMake package in '/home/aiv/ev_ws/planning/src/track_msgs'
[0.189s] INFO:colcon.colcon_core.plugin_system:Skipping extension 'colcon_core.shell.bat': Not used on non-Windows systems
[0.189s] INFO:colcon.colcon_core.shell:Skip shell extension 'powershell' for command environment: Not usable outside of PowerShell
[0.189s] DEBUG:colcon.colcon_core.shell:Skip shell extension 'dsv' for command environment
[0.194s] DEBUG:colcon.colcon_core.event_handler.log_command:Invoking command in '/home/aiv/ev_ws/planning/build/track_msgs': CMAKE_PREFIX_PATH=${CMAKE_PREFIX_PATH}:/opt/ros/humble /usr/bin/cmake /home/aiv/ev_ws/planning/src/track_msgs -DAMENT_CMAKE_SYMLINK_INSTALL=1 -DCMAKE_INSTALL_PREFIX=/home/aiv/ev_ws/planning/install/track_msgs
[1.257s] DEBUG:colcon.colcon_core.event_handler.log_command:Invoked command in '/home/aiv/ev_ws/planning/build/track_msgs' returned '0': CMAKE_PREFIX_PATH=${CMAKE_PREFIX_PATH}:/opt/ros/humble /usr/bin/cmake /home/aiv/ev_ws/planning/src/track_msgs -DAMENT_CMAKE_SYMLINK_INSTALL=1 -DCMAKE_INSTALL_PREFIX=/home/aiv/ev_ws/planning/install/track_msgs
[1.259s] DEBUG:colcon.colcon_core.event_handler.log_command:Invoking command in '/home/aiv/ev_ws/planning/build/track_msgs': CMAKE_PREFIX_PATH=${CMAKE_PREFIX_PATH}:/opt/ros/humble /usr/bin/cmake --build /home/aiv/ev_ws/planning/build/track_msgs -- -j28 -l28
[4.367s] DEBUG:colcon.colcon_core.event_handler.log_command:Invoked command in '/home/aiv/ev_ws/planning/build/track_msgs' returned '0': CMAKE_PREFIX_PATH=${CMAKE_PREFIX_PATH}:/opt/ros/humble /usr/bin/cmake --build /home/aiv/ev_ws/planning/build/track_msgs -- -j28 -l28
[4.376s] DEBUG:colcon.colcon_core.event_handler.log_command:Invoking command in '/home/aiv/ev_ws/planning/build/track_msgs': CMAKE_PREFIX_PATH=${CMAKE_PREFIX_PATH}:/opt/ros/humble /usr/bin/cmake --install /home/aiv/ev_ws/planning/build/track_msgs
[5.385s] Level 1:colcon.colcon_core.environment:create_environment_scripts_only(track_msgs)
[5.386s] DEBUG:colcon.colcon_core.event_handler.log_command:Invoked command in '/home/aiv/ev_ws/planning/build/track_msgs' returned '0': CMAKE_PREFIX_PATH=${CMAKE_PREFIX_PATH}:/opt/ros/humble /usr/bin/cmake --install /home/aiv/ev_ws/planning/build/track_msgs
[5.387s] Level 1:colcon.colcon_core.environment:checking '/home/aiv/ev_ws/planning/install/track_msgs' for CMake module files
[5.388s] Level 1:colcon.colcon_core.environment:checking '/home/aiv/ev_ws/planning/install/track_msgs' for CMake config files
[5.388s] Level 1:colcon.colcon_core.shell:create_environment_hook('track_msgs', 'cmake_prefix_path')
[5.388s] INFO:colcon.colcon_core.shell:Creating environment hook '/home/aiv/ev_ws/planning/install/track_msgs/share/track_msgs/hook/cmake_prefix_path.ps1'
[5.388s] INFO:colcon.colcon_core.shell:Creating environment descriptor '/home/aiv/ev_ws/planning/install/track_msgs/share/track_msgs/hook/cmake_prefix_path.dsv'
[5.389s] INFO:colcon.colcon_core.shell:Creating environment hook '/home/aiv/ev_ws/planning/install/track_msgs/share/track_msgs/hook/cmake_prefix_path.sh'
[5.389s] Level 1:colcon.colcon_core.environment:checking '/home/aiv/ev_ws/planning/install/track_msgs/lib'
[5.389s] Level 1:colcon.colcon_core.shell:create_environment_hook('track_msgs', 'ld_library_path_lib')
[5.389s] INFO:colcon.colcon_core.shell:Creating environment hook '/home/aiv/ev_ws/planning/install/track_msgs/share/track_msgs/hook/ld_library_path_lib.ps1'
[5.389s] INFO:colcon.colcon_core.shell:Creating environment descriptor '/home/aiv/ev_ws/planning/install/track_msgs/share/track_msgs/hook/ld_library_path_lib.dsv'
[5.389s] INFO:colcon.colcon_core.shell:Creating environment hook '/home/aiv/ev_ws/planning/install/track_msgs/share/track_msgs/hook/ld_library_path_lib.sh'
[5.390s] Level 1:colcon.colcon_core.environment:checking '/home/aiv/ev_ws/planning/install/track_msgs/bin'
[5.390s] Level 1:colcon.colcon_core.environment:checking '/home/aiv/ev_ws/planning/install/track_msgs/lib/pkgconfig/track_msgs.pc'
[5.390s] Level 1:colcon.colcon_core.environment:checking '/home/aiv/ev_ws/planning/install/track_msgs/lib/python3.10/site-packages'
[5.390s] Level 1:colcon.colcon_core.environment:checking '/home/aiv/ev_ws/planning/install/track_msgs/bin'
[5.390s] INFO:colcon.colcon_core.shell:Creating package script '/home/aiv/ev_ws/planning/install/track_msgs/share/track_msgs/package.ps1'
[5.390s] INFO:colcon.colcon_core.shell:Creating package descriptor '/home/aiv/ev_ws/planning/install/track_msgs/share/track_msgs/package.dsv'
[5.391s] INFO:colcon.colcon_core.shell:Creating package script '/home/aiv/ev_ws/planning/install/track_msgs/share/track_msgs/package.sh'
[5.391s] INFO:colcon.colcon_core.shell:Creating package script '/home/aiv/ev_ws/planning/install/track_msgs/share/track_msgs/package.bash'
[5.391s] INFO:colcon.colcon_core.shell:Creating package script '/home/aiv/ev_ws/planning/install/track_msgs/share/track_msgs/package.zsh'
[5.391s] Level 1:colcon.colcon_core.environment:create_file_with_runtime_dependencies(/home/aiv/ev_ws/planning/install/track_msgs/share/colcon-core/packages/track_msgs)
[5.392s] Level 1:colcon.colcon_core.environment:create_environment_scripts_only(track_msgs)
[5.392s] Level 1:colcon.colcon_core.environment:checking '/home/aiv/ev_ws/planning/install/track_msgs' for CMake module files
[5.392s] Level 1:colcon.colcon_core.environment:checking '/home/aiv/ev_ws/planning/install/track_msgs' for CMake config files
[5.393s] Level 1:colcon.colcon_core.shell:create_environment_hook('track_msgs', 'cmake_prefix_path')
[5.393s] INFO:colcon.colcon_core.shell:Creating environment hook '/home/aiv/ev_ws/planning/install/track_msgs/share/track_msgs/hook/cmake_prefix_path.ps1'
[5.393s] INFO:colcon.colcon_core.shell:Creating environment descriptor '/home/aiv/ev_ws/planning/install/track_msgs/share/track_msgs/hook/cmake_prefix_path.dsv'
[5.393s] INFO:colcon.colcon_core.shell:Creating environment hook '/home/aiv/ev_ws/planning/install/track_msgs/share/track_msgs/hook/cmake_prefix_path.sh'
[5.393s] Level 1:colcon.colcon_core.environment:checking '/home/aiv/ev_ws/planning/install/track_msgs/lib'
[5.393s] Level 1:colcon.colcon_core.shell:create_environment_hook('track_msgs', 'ld_library_path_lib')
[5.393s] INFO:colcon.colcon_core.shell:Creating environment hook '/home/aiv/ev_ws/planning/install/track_msgs/share/track_msgs/hook/ld_library_path_lib.ps1'
[5.394s] INFO:colcon.colcon_core.shell:Creating environment descriptor '/home/aiv/ev_ws/planning/install/track_msgs/share/track_msgs/hook/ld_library_path_lib.dsv'
[5.394s] INFO:colcon.colcon_core.shell:Creating environment hook '/home/aiv/ev_ws/planning/install/track_msgs/share/track_msgs/hook/ld_library_path_lib.sh'
[5.394s] Level 1:colcon.colcon_core.environment:checking '/home/aiv/ev_ws/planning/install/track_msgs/bin'
[5.394s] Level 1:colcon.colcon_core.environment:checking '/home/aiv/ev_ws/planning/install/track_msgs/lib/pkgconfig/track_msgs.pc'
[5.394s] Level 1:colcon.colcon_core.environment:checking '/home/aiv/ev_ws/planning/install/track_msgs/lib/python3.10/site-packages'
[5.394s] Level 1:colcon.colcon_core.environment:checking '/home/aiv/ev_ws/planning/install/track_msgs/bin'
[5.394s] INFO:colcon.colcon_core.shell:Creating package script '/home/aiv/ev_ws/planning/install/track_msgs/share/track_msgs/package.ps1'
[5.395s] INFO:colcon.colcon_core.shell:Creating package descriptor '/home/aiv/ev_ws/planning/install/track_msgs/share/track_msgs/package.dsv'
[5.395s] INFO:colcon.colcon_core.shell:Creating package script '/home/aiv/ev_ws/planning/install/track_msgs/share/track_msgs/package.sh'
[5.395s] INFO:colcon.colcon_core.shell:Creating package script '/home/aiv/ev_ws/planning/install/track_msgs/share/track_msgs/package.bash'
[5.395s] INFO:colcon.colcon_core.shell:Creating package script '/home/aiv/ev_ws/planning/install/track_msgs/share/track_msgs/package.zsh'
[5.395s] Level 1:colcon.colcon_core.environment:create_file_with_runtime_dependencies(/home/aiv/ev_ws/planning/install/track_msgs/share/colcon-core/packages/track_msgs)
[5.395s] INFO:colcon.colcon_ros.task.ament_cmake.build:Building ROS package in '/home/aiv/ev_ws/planning/src/planning_mr_ver' with build type 'ament_cmake'
[5.396s] INFO:colcon.colcon_cmake.task.cmake.build:Building CMake package in '/home/aiv/ev_ws/planning/src/planning_mr_ver'
[5.396s] INFO:colcon.colcon_core.shell:Skip shell extension 'powershell' for command environment: Not usable outside of PowerShell
[5.396s] DEBUG:colcon.colcon_core.shell:Skip shell extension 'dsv' for command environment
[5.403s] DEBUG:colcon.colcon_core.event_handler.log_command:Invoking command in '/home/aiv/ev_ws/planning/build/planning_mr_ver': AMENT_PREFIX_PATH=/home/aiv/ev_ws/planning/install/track_msgs:${AMENT_PREFIX_PATH} CMAKE_PREFIX_PATH=/home/aiv/ev_ws/planning/install/track_msgs:/home/aiv/ev_ws/carsa_gazebo/install/carsa_gazebo:/home/aiv/ev_ws/erp42_ros/install/erp42_serial:/home/aiv/ev_ws/erp42_ros/install/erp42_rqt_plugin:/home/aiv/ev_ws/erp42_ros/install/erp42_gazebo:/home/aiv/ev_ws/erp42_ros/install/erp42_util:/home/aiv/ev_ws/erp42_ros/install/erp42_msgs:/home/aiv/ev_ws/erp42_ros/install/erp42_description:/home/aiv/ev_ws/erp42_ros/install/erp42_cmake:/home/aiv/ev_ws/perception/install/velodyne:/home/aiv/ev_ws/perception/install/lidar_launch:/home/aiv/ev_ws/perception/install/velodyne_pointcloud:/home/aiv/ev_ws/perception/install/velodyne_driver:/home/aiv/ev_ws/perception/install/velodyne_msgs:/home/aiv/ev_ws/perception/install/velodyne_laserscan:/home/aiv/ev_ws/perception/install/velodyne_cropbox:/home/aiv/ev_ws/perception/install/patchworkpp:/home/aiv/ev_ws/perception/install/lidar_voxel_grid:/home/aiv/ev_ws/perception/install/lidar_interfaces:/home/aiv/ev_ws/perception/install/dbscan_clustering:/home/aiv/ev_ws/perception/install/cluster_splitter:/opt/ros/humble LD_LIBRARY_PATH=/home/aiv/ev_ws/planning/install/track_msgs/lib:${LD_LIBRARY_PATH} PYTHONPATH=/home/aiv/ev_ws/planning/install/track_msgs/local/lib/python3.10/dist-packages:${PYTHONPATH} /usr/bin/cmake /home/aiv/ev_ws/planning/src/planning_mr_ver -DAMENT_CMAKE_SYMLINK_INSTALL=1 -DCMAKE_INSTALL_PREFIX=/home/aiv/ev_ws/planning/install/planning_mr_ver
[6.182s] DEBUG:colcon.colcon_core.event_handler.log_command:Invoked command in '/home/aiv/ev_ws/planning/build/planning_mr_ver' returned '0': AMENT_PREFIX_PATH=/home/aiv/ev_ws/planning/install/track_msgs:${AMENT_PREFIX_PATH} CMAKE_PREFIX_PATH=/home/aiv/ev_ws/planning/install/track_msgs:/home/aiv/ev_ws/carsa_gazebo/install/carsa_gazebo:/home/aiv/ev_ws/erp42_ros/install/erp42_serial:/home/aiv/ev_ws/erp42_ros/install/erp42_rqt_plugin:/home/aiv/ev_ws/erp42_ros/install/erp42_gazebo:/home/aiv/ev_ws/erp42_ros/install/erp42_util:/home/aiv/ev_ws/erp42_ros/install/erp42_msgs:/home/aiv/ev_ws/erp42_ros/install/erp42_description:/home/aiv/ev_ws/erp42_ros/install/erp42_cmake:/home/aiv/ev_ws/perception/install/velodyne:/home/aiv/ev_ws/perception/install/lidar_launch:/home/aiv/ev_ws/perception/install/velodyne_pointcloud:/home/aiv/ev_ws/perception/install/velodyne_driver:/home/aiv/ev_ws/perception/install/velodyne_msgs:/home/aiv/ev_ws/perception/install/velodyne_laserscan:/home/aiv/ev_ws/perception/install/velodyne_cropbox:/home/aiv/ev_ws/perception/install/patchworkpp:/home/aiv/ev_ws/perception/install/lidar_voxel_grid:/home/aiv/ev_ws/perception/install/lidar_interfaces:/home/aiv/ev_ws/perception/install/dbscan_clustering:/home/aiv/ev_ws/perception/install/cluster_splitter:/opt/ros/humble LD_LIBRARY_PATH=/home/aiv/ev_ws/planning/install/track_msgs/lib:${LD_LIBRARY_PATH} PYTHONPATH=/home/aiv/ev_ws/planning/install/track_msgs/local/lib/python3.10/dist-packages:${PYTHONPATH} /usr/bin/cmake /home/aiv/ev_ws/planning/src/planning_mr_ver -DAMENT_CMAKE_SYMLINK_INSTALL=1 -DCMAKE_INSTALL_PREFIX=/home/aiv/ev_ws/planning/install/planning_mr_ver
[6.183s] DEBUG:colcon.colcon_core.event_handler.log_command:Invoking command in '/home/aiv/ev_ws/planning/build/planning_mr_ver': AMENT_PREFIX_PATH=/home/aiv/ev_ws/planning/install/track_msgs:${AMENT_PREFIX_PATH} CMAKE_PREFIX_PATH=/home/aiv/ev_ws/planning/install/track_msgs:/home/aiv/ev_ws/carsa_gazebo/install/carsa_gazebo:/home/aiv/ev_ws/erp42_ros/install/erp42_serial:/home/aiv/ev_ws/erp42_ros/install/erp42_rqt_plugin:/home/aiv/ev_ws/erp42_ros/install/erp42_gazebo:/home/aiv/ev_ws/erp42_ros/install/erp42_util:/home/aiv/ev_ws/erp42_ros/install/erp42_msgs:/home/aiv/ev_ws/erp42_ros/install/erp42_description:/home/aiv/ev_ws/erp42_ros/install/erp42_cmake:/home/aiv/ev_ws/perception/install/velodyne:/home/aiv/ev_ws/perception/install/lidar_launch:/home/aiv/ev_ws/perception/install/velodyne_pointcloud:/home/aiv/ev_ws/perception/install/velodyne_driver:/home/aiv/ev_ws/perception/install/velodyne_msgs:/home/aiv/ev_ws/perception/install/velodyne_laserscan:/home/aiv/ev_ws/perception/install/velodyne_cropbox:/home/aiv/ev_ws/perception/install/patchworkpp:/home/aiv/ev_ws/perception/install/lidar_voxel_grid:/home/aiv/ev_ws/perception/install/lidar_interfaces:/home/aiv/ev_ws/perception/install/dbscan_clustering:/home/aiv/ev_ws/perception/install/cluster_splitter:/opt/ros/humble LD_LIBRARY_PATH=/home/aiv/ev_ws/planning/install/track_msgs/lib:${LD_LIBRARY_PATH} PYTHONPATH=/home/aiv/ev_ws/planning/install/track_msgs/local/lib/python3.10/dist-packages:${PYTHONPATH} /usr/bin/cmake --build /home/aiv/ev_ws/planning/build/planning_mr_ver -- -j28 -l28
[13.857s] DEBUG:colcon.colcon_core.event_handler.log_command:Invoked command in '/home/aiv/ev_ws/planning/build/planning_mr_ver' returned '0': AMENT_PREFIX_PATH=/home/aiv/ev_ws/planning/install/track_msgs:${AMENT_PREFIX_PATH} CMAKE_PREFIX_PATH=/home/aiv/ev_ws/planning/install/track_msgs:/home/aiv/ev_ws/carsa_gazebo/install/carsa_gazebo:/home/aiv/ev_ws/erp42_ros/install/erp42_serial:/home/aiv/ev_ws/erp42_ros/install/erp42_rqt_plugin:/home/aiv/ev_ws/erp42_ros/install/erp42_gazebo:/home/aiv/ev_ws/erp42_ros/install/erp42_util:/home/aiv/ev_ws/erp42_ros/install/erp42_msgs:/home/aiv/ev_ws/erp42_ros/install/erp42_description:/home/aiv/ev_ws/erp42_ros/install/erp42_cmake:/home/aiv/ev_ws/perception/install/velodyne:/home/aiv/ev_ws/perception/install/lidar_launch:/home/aiv/ev_ws/perception/install/velodyne_pointcloud:/home/aiv/ev_ws/perception/install/velodyne_driver:/home/aiv/ev_ws/perception/install/velodyne_msgs:/home/aiv/ev_ws/perception/install/velodyne_laserscan:/home/aiv/ev_ws/perception/install/velodyne_cropbox:/home/aiv/ev_ws/perception/install/patchworkpp:/home/aiv/ev_ws/perception/install/lidar_voxel_grid:/home/aiv/ev_ws/perception/install/lidar_interfaces:/home/aiv/ev_ws/perception/install/dbscan_clustering:/home/aiv/ev_ws/perception/install/cluster_splitter:/opt/ros/humble LD_LIBRARY_PATH=/home/aiv/ev_ws/planning/install/track_msgs/lib:${LD_LIBRARY_PATH} PYTHONPATH=/home/aiv/ev_ws/planning/install/track_msgs/local/lib/python3.10/dist-packages:${PYTHONPATH} /usr/bin/cmake --build /home/aiv/ev_ws/planning/build/planning_mr_ver -- -j28 -l28
[13.859s] DEBUG:colcon.colcon_core.event_handler.log_command:Invoking command in '/home/aiv/ev_ws/planning/build/planning_mr_ver': AMENT_PREFIX_PATH=/home/aiv/ev_ws/planning/install/track_msgs:${AMENT_PREFIX_PATH} CMAKE_PREFIX_PATH=/home/aiv/ev_ws/planning/install/track_msgs:/home/aiv/ev_ws/carsa_gazebo/install/carsa_gazebo:/home/aiv/ev_ws/erp42_ros/install/erp42_serial:/home/aiv/ev_ws/erp42_ros/install/erp42_rqt_plugin:/home/aiv/ev_ws/erp42_ros/install/erp42_gazebo:/home/aiv/ev_ws/erp42_ros/install/erp42_util:/home/aiv/ev_ws/erp42_ros/install/erp42_msgs:/home/aiv/ev_ws/erp42_ros/install/erp42_description:/home/aiv/ev_ws/erp42_ros/install/erp42_cmake:/home/aiv/ev_ws/perception/install/velodyne:/home/aiv/ev_ws/perception/install/lidar_launch:/home/aiv/ev_ws/perception/install/velodyne_pointcloud:/home/aiv/ev_ws/perception/install/velodyne_driver:/home/aiv/ev_ws/perception/install/velodyne_msgs:/home/aiv/ev_ws/perception/install/velodyne_laserscan:/home/aiv/ev_ws/perception/install/velodyne_cropbox:/home/aiv/ev_ws/perception/install/patchworkpp:/home/aiv/ev_ws/perception/install/lidar_voxel_grid:/home/aiv/ev_ws/perception/install/lidar_interfaces:/home/aiv/ev_ws/perception/install/dbscan_clustering:/home/aiv/ev_ws/perception/install/cluster_splitter:/opt/ros/humble LD_LIBRARY_PATH=/home/aiv/ev_ws/planning/install/track_msgs/lib:${LD_LIBRARY_PATH} PYTHONPATH=/home/aiv/ev_ws/planning/install/track_msgs/local/lib/python3.10/dist-packages:${PYTHONPATH} /usr/bin/cmake --install /home/aiv/ev_ws/planning/build/planning_mr_ver
[14.047s] Level 1:colcon.colcon_core.environment:create_environment_scripts_only(planning_mr_ver)
[14.047s] Level 1:colcon.colcon_core.environment:checking '/home/aiv/ev_ws/planning/install/planning_mr_ver' for CMake module files
[14.048s] DEBUG:colcon.colcon_core.event_handler.log_command:Invoked command in '/home/aiv/ev_ws/planning/build/planning_mr_ver' returned '0': AMENT_PREFIX_PATH=/home/aiv/ev_ws/planning/install/track_msgs:${AMENT_PREFIX_PATH} CMAKE_PREFIX_PATH=/home/aiv/ev_ws/planning/install/track_msgs:/home/aiv/ev_ws/carsa_gazebo/install/carsa_gazebo:/home/aiv/ev_ws/erp42_ros/install/erp42_serial:/home/aiv/ev_ws/erp42_ros/install/erp42_rqt_plugin:/home/aiv/ev_ws/erp42_ros/install/erp42_gazebo:/home/aiv/ev_ws/erp42_ros/install/erp42_util:/home/aiv/ev_ws/erp42_ros/install/erp42_msgs:/home/aiv/ev_ws/erp42_ros/install/erp42_description:/home/aiv/ev_ws/erp42_ros/install/erp42_cmake:/home/aiv/ev_ws/perception/install/velodyne:/home/aiv/ev_ws/perception/install/lidar_launch:/home/aiv/ev_ws/perception/install/velodyne_pointcloud:/home/aiv/ev_ws/perception/install/velodyne_driver:/home/aiv/ev_ws/perception/install/velodyne_msgs:/home/aiv/ev_ws/perception/install/velodyne_laserscan:/home/aiv/ev_ws/perception/install/velodyne_cropbox:/home/aiv/ev_ws/perception/install/patchworkpp:/home/aiv/ev_ws/perception/install/lidar_voxel_grid:/home/aiv/ev_ws/perception/install/lidar_interfaces:/home/aiv/ev_ws/perception/install/dbscan_clustering:/home/aiv/ev_ws/perception/install/cluster_splitter:/opt/ros/humble LD_LIBRARY_PATH=/home/aiv/ev_ws/planning/install/track_msgs/lib:${LD_LIBRARY_PATH} PYTHONPATH=/home/aiv/ev_ws/planning/install/track_msgs/local/lib/python3.10/dist-packages:${PYTHONPATH} /usr/bin/cmake --install /home/aiv/ev_ws/planning/build/planning_mr_ver
[14.048s] Level 1:colcon.colcon_core.environment:checking '/home/aiv/ev_ws/planning/install/planning_mr_ver' for CMake config files
[14.048s] Level 1:colcon.colcon_core.shell:create_environment_hook('planning_mr_ver', 'cmake_prefix_path')
[14.048s] INFO:colcon.colcon_core.shell:Creating environment hook '/home/aiv/ev_ws/planning/install/planning_mr_ver/share/planning_mr_ver/hook/cmake_prefix_path.ps1'
[14.048s] INFO:colcon.colcon_core.shell:Creating environment descriptor '/home/aiv/ev_ws/planning/install/planning_mr_ver/share/planning_mr_ver/hook/cmake_prefix_path.dsv'
[14.048s] INFO:colcon.colcon_core.shell:Creating environment hook '/home/aiv/ev_ws/planning/install/planning_mr_ver/share/planning_mr_ver/hook/cmake_prefix_path.sh'
[14.049s] Level 1:colcon.colcon_core.environment:checking '/home/aiv/ev_ws/planning/install/planning_mr_ver/lib'
[14.049s] Level 1:colcon.colcon_core.shell:create_environment_hook('planning_mr_ver', 'ld_library_path_lib')
[14.049s] INFO:colcon.colcon_core.shell:Creating environment hook '/home/aiv/ev_ws/planning/install/planning_mr_ver/share/planning_mr_ver/hook/ld_library_path_lib.ps1'
[14.049s] INFO:colcon.colcon_core.shell:Creating environment descriptor '/home/aiv/ev_ws/planning/install/planning_mr_ver/share/planning_mr_ver/hook/ld_library_path_lib.dsv'
[14.049s] INFO:colcon.colcon_core.shell:Creating environment hook '/home/aiv/ev_ws/planning/install/planning_mr_ver/share/planning_mr_ver/hook/ld_library_path_lib.sh'
[14.049s] Level 1:colcon.colcon_core.environment:checking '/home/aiv/ev_ws/planning/install/planning_mr_ver/bin'
[14.049s] Level 1:colcon.colcon_core.environment:checking '/home/aiv/ev_ws/planning/install/planning_mr_ver/lib/pkgconfig/planning_mr_ver.pc'
[14.049s] Level 1:colcon.colcon_core.environment:checking '/home/aiv/ev_ws/planning/install/planning_mr_ver/lib/python3.10/site-packages'
[14.050s] Level 1:colcon.colcon_core.environment:checking '/home/aiv/ev_ws/planning/install/planning_mr_ver/bin'
[14.050s] INFO:colcon.colcon_core.shell:Creating package script '/home/aiv/ev_ws/planning/install/planning_mr_ver/share/planning_mr_ver/package.ps1'
[14.050s] INFO:colcon.colcon_core.shell:Creating package descriptor '/home/aiv/ev_ws/planning/install/planning_mr_ver/share/planning_mr_ver/package.dsv'
[14.050s] INFO:colcon.colcon_core.shell:Creating package script '/home/aiv/ev_ws/planning/install/planning_mr_ver/share/planning_mr_ver/package.sh'
[14.050s] INFO:colcon.colcon_core.shell:Creating package script '/home/aiv/ev_ws/planning/install/planning_mr_ver/share/planning_mr_ver/package.bash'
[14.050s] INFO:colcon.colcon_core.shell:Creating package script '/home/aiv/ev_ws/planning/install/planning_mr_ver/share/planning_mr_ver/package.zsh'
[14.050s] Level 1:colcon.colcon_core.environment:create_file_with_runtime_dependencies(/home/aiv/ev_ws/planning/install/planning_mr_ver/share/colcon-core/packages/planning_mr_ver)
[14.051s] Level 1:colcon.colcon_core.environment:create_environment_scripts_only(planning_mr_ver)
[14.051s] Level 1:colcon.colcon_core.environment:checking '/home/aiv/ev_ws/planning/install/planning_mr_ver' for CMake module files
[14.051s] Level 1:colcon.colcon_core.environment:checking '/home/aiv/ev_ws/planning/install/planning_mr_ver' for CMake config files
[14.051s] Level 1:colcon.colcon_core.shell:create_environment_hook('planning_mr_ver', 'cmake_prefix_path')
[14.051s] INFO:colcon.colcon_core.shell:Creating environment hook '/home/aiv/ev_ws/planning/install/planning_mr_ver/share/planning_mr_ver/hook/cmake_prefix_path.ps1'
[14.051s] INFO:colcon.colcon_core.shell:Creating environment descriptor '/home/aiv/ev_ws/planning/install/planning_mr_ver/share/planning_mr_ver/hook/cmake_prefix_path.dsv'
[14.052s] INFO:colcon.colcon_core.shell:Creating environment hook '/home/aiv/ev_ws/planning/install/planning_mr_ver/share/planning_mr_ver/hook/cmake_prefix_path.sh'
[14.052s] Level 1:colcon.colcon_core.environment:checking '/home/aiv/ev_ws/planning/install/planning_mr_ver/lib'
[14.052s] Level 1:colcon.colcon_core.shell:create_environment_hook('planning_mr_ver', 'ld_library_path_lib')
[14.052s] INFO:colcon.colcon_core.shell:Creating environment hook '/home/aiv/ev_ws/planning/install/planning_mr_ver/share/planning_mr_ver/hook/ld_library_path_lib.ps1'
[14.052s] INFO:colcon.colcon_core.shell:Creating environment descriptor '/home/aiv/ev_ws/planning/install/planning_mr_ver/share/planning_mr_ver/hook/ld_library_path_lib.dsv'
[14.052s] INFO:colcon.colcon_core.shell:Creating environment hook '/home/aiv/ev_ws/planning/install/planning_mr_ver/share/planning_mr_ver/hook/ld_library_path_lib.sh'
[14.052s] Level 1:colcon.colcon_core.environment:checking '/home/aiv/ev_ws/planning/install/planning_mr_ver/bin'
[14.052s] Level 1:colcon.colcon_core.environment:checking '/home/aiv/ev_ws/planning/install/planning_mr_ver/lib/pkgconfig/planning_mr_ver.pc'
[14.052s] Level 1:colcon.colcon_core.environment:checking '/home/aiv/ev_ws/planning/install/planning_mr_ver/lib/python3.10/site-packages'
[14.053s] Level 1:colcon.colcon_core.environment:checking '/home/aiv/ev_ws/planning/install/planning_mr_ver/bin'
[14.053s] INFO:colcon.colcon_core.shell:Creating package script '/home/aiv/ev_ws/planning/install/planning_mr_ver/share/planning_mr_ver/package.ps1'
[14.053s] INFO:colcon.colcon_core.shell:Creating package descriptor '/home/aiv/ev_ws/planning/install/planning_mr_ver/share/planning_mr_ver/package.dsv'
[14.053s] INFO:colcon.colcon_core.shell:Creating package script '/home/aiv/ev_ws/planning/install/planning_mr_ver/share/planning_mr_ver/package.sh'
[14.053s] INFO:colcon.colcon_core.shell:Creating package script '/home/aiv/ev_ws/planning/install/planning_mr_ver/share/planning_mr_ver/package.bash'
[14.054s] INFO:colcon.colcon_core.shell:Creating package script '/home/aiv/ev_ws/planning/install/planning_mr_ver/share/planning_mr_ver/package.zsh'
[14.054s] Level 1:colcon.colcon_core.environment:create_file_with_runtime_dependencies(/home/aiv/ev_ws/planning/install/planning_mr_ver/share/colcon-core/packages/planning_mr_ver)
[14.054s] DEBUG:colcon.colcon_parallel_executor.executor.parallel:closing loop
[14.054s] DEBUG:colcon.colcon_parallel_executor.executor.parallel:loop closed
[14.054s] DEBUG:colcon.colcon_parallel_executor.executor.parallel:run_until_complete finished with '0'
[14.054s] DEBUG:colcon.colcon_core.event_reactor:joining thread
[14.057s] INFO:colcon.colcon_core.plugin_system:Skipping extension 'colcon_notification.desktop_notification.terminal_notifier': Not used on non-Darwin systems
[14.057s] INFO:colcon.colcon_core.plugin_system:Skipping extension 'colcon_notification.desktop_notification.win32': Not used on non-Windows systems
[14.057s] INFO:colcon.colcon_notification.desktop_notification:Sending desktop notification using 'notify2'
[14.063s] DEBUG:colcon.colcon_core.event_reactor:joined thread
[14.063s] INFO:colcon.colcon_core.shell:Creating prefix script '/home/aiv/ev_ws/planning/install/local_setup.ps1'
[14.063s] INFO:colcon.colcon_core.shell:Creating prefix util module '/home/aiv/ev_ws/planning/install/_local_setup_util_ps1.py'
[14.064s] INFO:colcon.colcon_core.shell:Creating prefix chain script '/home/aiv/ev_ws/planning/install/setup.ps1'
[14.065s] INFO:colcon.colcon_core.shell:Creating prefix script '/home/aiv/ev_ws/planning/install/local_setup.sh'
[14.065s] INFO:colcon.colcon_core.shell:Creating prefix util module '/home/aiv/ev_ws/planning/install/_local_setup_util_sh.py'
[14.065s] INFO:colcon.colcon_core.shell:Creating prefix chain script '/home/aiv/ev_ws/planning/install/setup.sh'
[14.066s] INFO:colcon.colcon_core.shell:Creating prefix script '/home/aiv/ev_ws/planning/install/local_setup.bash'
[14.066s] INFO:colcon.colcon_core.shell:Creating prefix chain script '/home/aiv/ev_ws/planning/install/setup.bash'
[14.067s] INFO:colcon.colcon_core.shell:Creating prefix script '/home/aiv/ev_ws/planning/install/local_setup.zsh'
[14.067s] INFO:colcon.colcon_core.shell:Creating prefix chain script '/home/aiv/ev_ws/planning/install/setup.zsh'
