[0.007s] Invoking command in '/home/aiv/ev_ws/ev_msgs/build/ev_msgs': CMAKE_PREFIX_PATH=${CMAKE_PREFIX_PATH}:/opt/ros/humble /usr/bin/cmake /home/aiv/ev_ws/ev_msgs -DCMAKE_INSTALL_PREFIX=/home/aiv/ev_ws/ev_msgs/install/ev_msgs
[0.076s] -- The C compiler identification is GNU 11.4.0
[0.126s] -- The CXX compiler identification is GNU 11.4.0
[0.132s] -- Detecting C compiler ABI info
[0.173s] -- Detecting C compiler ABI info - done
[0.177s] -- Check for working C compiler: /usr/bin/cc - skipped
[0.177s] -- Detecting C compile features
[0.177s] -- Detecting C compile features - done
[0.179s] -- Detecting CXX compiler ABI info
[0.228s] -- Detecting CXX compiler ABI info - done
[0.232s] -- Check for working CXX compiler: /usr/bin/c++ - skipped
[0.232s] -- Detecting CXX compile features
[0.232s] -- Detecting CXX compile features - done
[0.235s] -- Found ament_cmake: 1.3.12 (/opt/ros/humble/share/ament_cmake/cmake)
[0.328s] -- Found Python3: /usr/bin/python3 (found version "3.10.12") found components: Interpreter 
[0.387s] -- Found rosidl_default_generators: 1.2.0 (/opt/ros/humble/share/rosidl_default_generators/cmake)
[0.390s] -- Using all available rosidl_typesupport_c: rosidl_typesupport_fastrtps_c;rosidl_typesupport_introspection_c
[0.396s] -- Found rosidl_adapter: 3.1.8 (/opt/ros/humble/share/rosidl_adapter/cmake)
[0.426s] -- Using all available rosidl_typesupport_cpp: rosidl_typesupport_fastrtps_cpp;rosidl_typesupport_introspection_cpp
[0.450s] -- Found geometry_msgs: 4.9.0 (/opt/ros/humble/share/geometry_msgs/cmake)
[0.630s] -- Found ament_cmake_ros: 0.10.0 (/opt/ros/humble/share/ament_cmake_ros/cmake)
[0.767s] -- Using all available rosidl_typesupport_c: rosidl_typesupport_fastrtps_c;rosidl_typesupport_introspection_c
[0.939s] -- Using all available rosidl_typesupport_cpp: rosidl_typesupport_fastrtps_cpp;rosidl_typesupport_introspection_cpp
[0.953s] -- Found PythonInterp: /usr/bin/python3 (found suitable version "3.10.12", minimum required is "3.6") 
[0.954s] -- Found python_cmake_module: 0.10.0 (/opt/ros/humble/share/python_cmake_module/cmake)
[0.969s] -- Found PythonLibs: /usr/lib/x86_64-linux-gnu/libpython3.10.so (found suitable version "3.10.12", minimum required is "3.5") 
[0.969s] -- Using PYTHON_EXECUTABLE: /usr/bin/python3
[0.969s] -- Using PYTHON_INCLUDE_DIRS: /usr/include/python3.10
[0.969s] -- Using PYTHON_LIBRARIES: /usr/lib/x86_64-linux-gnu/libpython3.10.so
[0.980s] -- Found PythonExtra: .so  
[1.019s] -- Configuring done
[1.035s] -- Generating done
[1.040s] -- Build files have been written to: /home/aiv/ev_ws/ev_msgs/build/ev_msgs
[1.044s] Invoked command in '/home/aiv/ev_ws/ev_msgs/build/ev_msgs' returned '0': CMAKE_PREFIX_PATH=${CMAKE_PREFIX_PATH}:/opt/ros/humble /usr/bin/cmake /home/aiv/ev_ws/ev_msgs -DCMAKE_INSTALL_PREFIX=/home/aiv/ev_ws/ev_msgs/install/ev_msgs
[1.045s] Invoking command in '/home/aiv/ev_ws/ev_msgs/build/ev_msgs': CMAKE_PREFIX_PATH=${CMAKE_PREFIX_PATH}:/opt/ros/humble /usr/bin/cmake --build /home/aiv/ev_ws/ev_msgs/build/ev_msgs -- -j28 -l28
[1.074s] [  1%] Generating C code for ROS interfaces
[1.082s] [  3%] Generating C++ code for ROS interfaces
[1.087s] [  3%] Built target ament_cmake_python_copy_ev_msgs
[1.200s] running egg_info
[1.201s] creating ev_msgs.egg-info
[1.201s] writing ev_msgs.egg-info/PKG-INFO
[1.201s] writing dependency_links to ev_msgs.egg-info/dependency_links.txt
[1.201s] writing top-level names to ev_msgs.egg-info/top_level.txt
[1.201s] writing manifest file 'ev_msgs.egg-info/SOURCES.txt'
[1.202s] reading manifest file 'ev_msgs.egg-info/SOURCES.txt'
[1.202s] writing manifest file 'ev_msgs.egg-info/SOURCES.txt'
[1.218s] [  3%] Built target ament_cmake_python_build_ev_msgs_egg
[1.314s] [  3%] Built target ev_msgs__cpp
[1.316s] [  5%] Building C object CMakeFiles/ev_msgs__rosidl_generator_c.dir/rosidl_generator_c/ev_msgs/msg/detail/b_box__functions.c.o
[1.318s] [  7%] Building C object CMakeFiles/ev_msgs__rosidl_generator_c.dir/rosidl_generator_c/ev_msgs/msg/detail/lane_boundary_array__functions.c.o
[1.318s] [  9%] Building C object CMakeFiles/ev_msgs__rosidl_generator_c.dir/rosidl_generator_c/ev_msgs/msg/detail/b_box_array__functions.c.o
[1.318s] [ 10%] Building C object CMakeFiles/ev_msgs__rosidl_generator_c.dir/rosidl_generator_c/ev_msgs/msg/detail/lane_boundary__functions.c.o
[1.320s] [ 12%] Generating C++ type support for eProsima Fast-RTPS
[1.322s] [ 14%] Generating C++ type support dispatch for ROS interfaces
[1.322s] [ 16%] Generating C++ introspection for ROS interfaces
[1.358s] [ 18%] Linking C shared library libev_msgs__rosidl_generator_c.so
[1.381s] [ 18%] Built target ev_msgs__rosidl_generator_c
[1.388s] [ 20%] Generating C type support for eProsima Fast-RTPS
[1.389s] [ 21%] Generating C introspection for ROS interfaces
[1.390s] [ 23%] Generating C type support dispatch for ROS interfaces
[1.524s] [ 25%] Building CXX object CMakeFiles/ev_msgs__rosidl_typesupport_cpp.dir/rosidl_typesupport_cpp/ev_msgs/msg/lane_boundary_array__type_support.cpp.o
[1.524s] [ 27%] Building CXX object CMakeFiles/ev_msgs__rosidl_typesupport_cpp.dir/rosidl_typesupport_cpp/ev_msgs/msg/lane_boundary__type_support.cpp.o
[1.524s] [ 29%] Building CXX object CMakeFiles/ev_msgs__rosidl_typesupport_cpp.dir/rosidl_typesupport_cpp/ev_msgs/msg/b_box_array__type_support.cpp.o
[1.525s] [ 30%] Building CXX object CMakeFiles/ev_msgs__rosidl_typesupport_cpp.dir/rosidl_typesupport_cpp/ev_msgs/msg/b_box__type_support.cpp.o
[1.537s] [ 32%] Building CXX object CMakeFiles/ev_msgs__rosidl_typesupport_introspection_cpp.dir/rosidl_typesupport_introspection_cpp/ev_msgs/msg/detail/b_box_array__type_support.cpp.o
[1.538s] [ 38%] Building CXX object CMakeFiles/ev_msgs__rosidl_typesupport_introspection_cpp.dir/rosidl_typesupport_introspection_cpp/ev_msgs/msg/detail/lane_boundary__type_support.cpp.o
[1.538s] [ 38%] Building CXX object CMakeFiles/ev_msgs__rosidl_typesupport_introspection_cpp.dir/rosidl_typesupport_introspection_cpp/ev_msgs/msg/detail/lane_boundary_array__type_support.cpp.o
[1.538s] [ 38%] Building CXX object CMakeFiles/ev_msgs__rosidl_typesupport_introspection_cpp.dir/rosidl_typesupport_introspection_cpp/ev_msgs/msg/detail/b_box__type_support.cpp.o
[1.569s] [ 41%] Building CXX object CMakeFiles/ev_msgs__rosidl_typesupport_fastrtps_cpp.dir/rosidl_typesupport_fastrtps_cpp/ev_msgs/msg/detail/dds_fastrtps/lane_boundary__type_support.cpp.o
[1.569s] [ 41%] Building CXX object CMakeFiles/ev_msgs__rosidl_typesupport_fastrtps_cpp.dir/rosidl_typesupport_fastrtps_cpp/ev_msgs/msg/detail/dds_fastrtps/lane_boundary_array__type_support.cpp.o
[1.570s] [ 45%] Building CXX object CMakeFiles/ev_msgs__rosidl_typesupport_fastrtps_cpp.dir/rosidl_typesupport_fastrtps_cpp/ev_msgs/msg/detail/dds_fastrtps/b_box__type_support.cpp.o
[1.570s] [ 45%] Building CXX object CMakeFiles/ev_msgs__rosidl_typesupport_fastrtps_cpp.dir/rosidl_typesupport_fastrtps_cpp/ev_msgs/msg/detail/dds_fastrtps/b_box_array__type_support.cpp.o
[1.603s] [ 47%] Building CXX object CMakeFiles/ev_msgs__rosidl_typesupport_c.dir/rosidl_typesupport_c/ev_msgs/msg/lane_boundary__type_support.cpp.o
[1.604s] [ 49%] Building CXX object CMakeFiles/ev_msgs__rosidl_typesupport_c.dir/rosidl_typesupport_c/ev_msgs/msg/lane_boundary_array__type_support.cpp.o
[1.604s] [ 52%] Building CXX object CMakeFiles/ev_msgs__rosidl_typesupport_c.dir/rosidl_typesupport_c/ev_msgs/msg/b_box__type_support.cpp.o
[1.604s] [ 52%] Building CXX object CMakeFiles/ev_msgs__rosidl_typesupport_c.dir/rosidl_typesupport_c/ev_msgs/msg/b_box_array__type_support.cpp.o
[1.627s] [ 54%] Linking CXX shared library libev_msgs__rosidl_typesupport_c.so
[1.630s] [ 60%] Building CXX object CMakeFiles/ev_msgs__rosidl_typesupport_fastrtps_c.dir/rosidl_typesupport_fastrtps_c/ev_msgs/msg/detail/b_box_array__type_support_c.cpp.o
[1.630s] [ 60%] Building CXX object CMakeFiles/ev_msgs__rosidl_typesupport_fastrtps_c.dir/rosidl_typesupport_fastrtps_c/ev_msgs/msg/detail/b_box__type_support_c.cpp.o
[1.630s] [ 60%] Building CXX object CMakeFiles/ev_msgs__rosidl_typesupport_fastrtps_c.dir/rosidl_typesupport_fastrtps_c/ev_msgs/msg/detail/lane_boundary_array__type_support_c.cpp.o
[1.632s] [ 61%] Building CXX object CMakeFiles/ev_msgs__rosidl_typesupport_fastrtps_c.dir/rosidl_typesupport_fastrtps_c/ev_msgs/msg/detail/lane_boundary__type_support_c.cpp.o
[1.663s] [ 61%] Built target ev_msgs__rosidl_typesupport_c
[1.679s] [ 65%] Building C object CMakeFiles/ev_msgs__rosidl_typesupport_introspection_c.dir/rosidl_typesupport_introspection_c/ev_msgs/msg/detail/lane_boundary__type_support.c.o
[1.679s] [ 65%] Building C object CMakeFiles/ev_msgs__rosidl_typesupport_introspection_c.dir/rosidl_typesupport_introspection_c/ev_msgs/msg/detail/b_box_array__type_support.c.o
[1.680s] [ 67%] Building C object CMakeFiles/ev_msgs__rosidl_typesupport_introspection_c.dir/rosidl_typesupport_introspection_c/ev_msgs/msg/detail/b_box__type_support.c.o
[1.681s] [ 69%] Building C object CMakeFiles/ev_msgs__rosidl_typesupport_introspection_c.dir/rosidl_typesupport_introspection_c/ev_msgs/msg/detail/lane_boundary_array__type_support.c.o
[1.710s] [ 70%] Linking C shared library libev_msgs__rosidl_typesupport_introspection_c.so
[1.739s] [ 70%] Built target ev_msgs__rosidl_typesupport_introspection_c
[1.750s] [ 72%] Linking CXX shared library libev_msgs__rosidl_typesupport_cpp.so
[1.784s] [ 72%] Built target ev_msgs__rosidl_typesupport_cpp
[1.847s] [ 74%] Linking CXX shared library libev_msgs__rosidl_typesupport_fastrtps_c.so
[1.866s] [ 76%] Linking CXX shared library libev_msgs__rosidl_typesupport_introspection_cpp.so
[1.866s] [ 78%] Linking CXX shared library libev_msgs__rosidl_typesupport_fastrtps_cpp.so
[1.888s] [ 78%] Built target ev_msgs__rosidl_typesupport_fastrtps_c
[1.909s] [ 78%] Built target ev_msgs__rosidl_typesupport_introspection_cpp
[1.911s] [ 78%] Built target ev_msgs__rosidl_typesupport_fastrtps_cpp
[1.925s] [ 78%] Built target ev_msgs
[1.939s] [ 80%] Generating Python code for ROS interfaces
[2.277s] [ 80%] Built target ev_msgs__py
[2.290s] [ 81%] Building C object CMakeFiles/ev_msgs__rosidl_generator_py.dir/rosidl_generator_py/ev_msgs/msg/_lane_boundary_array_s.c.o
[2.291s] [ 83%] Building C object CMakeFiles/ev_msgs__rosidl_generator_py.dir/rosidl_generator_py/ev_msgs/msg/_b_box_array_s.c.o
[2.291s] [ 85%] Building C object CMakeFiles/ev_msgs__rosidl_generator_py.dir/rosidl_generator_py/ev_msgs/msg/_lane_boundary_s.c.o
[2.292s] [ 87%] Building C object CMakeFiles/ev_msgs__rosidl_generator_py.dir/rosidl_generator_py/ev_msgs/msg/_b_box_s.c.o
[2.360s] [ 89%] Linking C shared library rosidl_generator_py/ev_msgs/libev_msgs__rosidl_generator_py.so
[2.388s] [ 89%] Built target ev_msgs__rosidl_generator_py
[2.404s] [ 90%] Building C object CMakeFiles/ev_msgs__rosidl_typesupport_introspection_c__pyext.dir/rosidl_generator_py/ev_msgs/_ev_msgs_s.ep.rosidl_typesupport_introspection_c.c.o
[2.404s] [ 92%] Building C object CMakeFiles/ev_msgs__rosidl_typesupport_c__pyext.dir/rosidl_generator_py/ev_msgs/_ev_msgs_s.ep.rosidl_typesupport_c.c.o
[2.404s] [ 94%] Building C object CMakeFiles/ev_msgs__rosidl_typesupport_fastrtps_c__pyext.dir/rosidl_generator_py/ev_msgs/_ev_msgs_s.ep.rosidl_typesupport_fastrtps_c.c.o
[2.457s] [ 96%] Linking C shared library rosidl_generator_py/ev_msgs/ev_msgs_s__rosidl_typesupport_introspection_c.cpython-310-x86_64-linux-gnu.so
[2.457s] [100%] Linking C shared library rosidl_generator_py/ev_msgs/ev_msgs_s__rosidl_typesupport_c.cpython-310-x86_64-linux-gnu.so
[2.457s] [100%] Linking C shared library rosidl_generator_py/ev_msgs/ev_msgs_s__rosidl_typesupport_fastrtps_c.cpython-310-x86_64-linux-gnu.so
[2.481s] [100%] Built target ev_msgs__rosidl_typesupport_c__pyext
[2.482s] [100%] Built target ev_msgs__rosidl_typesupport_fastrtps_c__pyext
[2.482s] [100%] Built target ev_msgs__rosidl_typesupport_introspection_c__pyext
[2.490s] Invoked command in '/home/aiv/ev_ws/ev_msgs/build/ev_msgs' returned '0': CMAKE_PREFIX_PATH=${CMAKE_PREFIX_PATH}:/opt/ros/humble /usr/bin/cmake --build /home/aiv/ev_ws/ev_msgs/build/ev_msgs -- -j28 -l28
[2.496s] Invoking command in '/home/aiv/ev_ws/ev_msgs/build/ev_msgs': CMAKE_PREFIX_PATH=${CMAKE_PREFIX_PATH}:/opt/ros/humble /usr/bin/cmake --install /home/aiv/ev_ws/ev_msgs/build/ev_msgs
[2.501s] -- Install configuration: ""
[2.501s] -- Installing: /home/aiv/ev_ws/ev_msgs/install/ev_msgs/share/ament_index/resource_index/rosidl_interfaces/ev_msgs
[2.501s] -- Installing: /home/aiv/ev_ws/ev_msgs/install/ev_msgs/include/ev_msgs/ev_msgs
[2.501s] -- Installing: /home/aiv/ev_ws/ev_msgs/install/ev_msgs/include/ev_msgs/ev_msgs/msg
[2.501s] -- Installing: /home/aiv/ev_ws/ev_msgs/install/ev_msgs/include/ev_msgs/ev_msgs/msg/lane_boundary.h
[2.501s] -- Installing: /home/aiv/ev_ws/ev_msgs/install/ev_msgs/include/ev_msgs/ev_msgs/msg/b_box.h
[2.501s] -- Installing: /home/aiv/ev_ws/ev_msgs/install/ev_msgs/include/ev_msgs/ev_msgs/msg/rosidl_generator_c__visibility_control.h
[2.501s] -- Installing: /home/aiv/ev_ws/ev_msgs/install/ev_msgs/include/ev_msgs/ev_msgs/msg/lane_boundary_array.h
[2.501s] -- Installing: /home/aiv/ev_ws/ev_msgs/install/ev_msgs/include/ev_msgs/ev_msgs/msg/b_box_array.h
[2.501s] -- Installing: /home/aiv/ev_ws/ev_msgs/install/ev_msgs/include/ev_msgs/ev_msgs/msg/detail
[2.501s] -- Installing: /home/aiv/ev_ws/ev_msgs/install/ev_msgs/include/ev_msgs/ev_msgs/msg/detail/lane_boundary__functions.h
[2.501s] -- Installing: /home/aiv/ev_ws/ev_msgs/install/ev_msgs/include/ev_msgs/ev_msgs/msg/detail/lane_boundary__functions.c
[2.501s] -- Installing: /home/aiv/ev_ws/ev_msgs/install/ev_msgs/include/ev_msgs/ev_msgs/msg/detail/lane_boundary_array__struct.h
[2.501s] -- Installing: /home/aiv/ev_ws/ev_msgs/install/ev_msgs/include/ev_msgs/ev_msgs/msg/detail/lane_boundary__struct.h
[2.501s] -- Installing: /home/aiv/ev_ws/ev_msgs/install/ev_msgs/include/ev_msgs/ev_msgs/msg/detail/b_box_array__type_support.h
[2.501s] -- Installing: /home/aiv/ev_ws/ev_msgs/install/ev_msgs/include/ev_msgs/ev_msgs/msg/detail/b_box__type_support.h
[2.502s] -- Installing: /home/aiv/ev_ws/ev_msgs/install/ev_msgs/include/ev_msgs/ev_msgs/msg/detail/lane_boundary_array__functions.c
[2.502s] -- Installing: /home/aiv/ev_ws/ev_msgs/install/ev_msgs/include/ev_msgs/ev_msgs/msg/detail/b_box__functions.c
[2.502s] -- Installing: /home/aiv/ev_ws/ev_msgs/install/ev_msgs/include/ev_msgs/ev_msgs/msg/detail/b_box__functions.h
[2.502s] -- Installing: /home/aiv/ev_ws/ev_msgs/install/ev_msgs/include/ev_msgs/ev_msgs/msg/detail/lane_boundary_array__functions.h
[2.502s] -- Installing: /home/aiv/ev_ws/ev_msgs/install/ev_msgs/include/ev_msgs/ev_msgs/msg/detail/b_box__struct.h
[2.502s] -- Installing: /home/aiv/ev_ws/ev_msgs/install/ev_msgs/include/ev_msgs/ev_msgs/msg/detail/b_box_array__functions.c
[2.502s] -- Installing: /home/aiv/ev_ws/ev_msgs/install/ev_msgs/include/ev_msgs/ev_msgs/msg/detail/b_box_array__struct.h
[2.502s] -- Installing: /home/aiv/ev_ws/ev_msgs/install/ev_msgs/include/ev_msgs/ev_msgs/msg/detail/b_box_array__functions.h
[2.502s] -- Installing: /home/aiv/ev_ws/ev_msgs/install/ev_msgs/include/ev_msgs/ev_msgs/msg/detail/lane_boundary_array__type_support.h
[2.502s] -- Installing: /home/aiv/ev_ws/ev_msgs/install/ev_msgs/include/ev_msgs/ev_msgs/msg/detail/lane_boundary__type_support.h
[2.502s] -- Installing: /home/aiv/ev_ws/ev_msgs/install/ev_msgs/share/ev_msgs/environment/library_path.sh
[2.502s] -- Installing: /home/aiv/ev_ws/ev_msgs/install/ev_msgs/share/ev_msgs/environment/library_path.dsv
[2.502s] -- Installing: /home/aiv/ev_ws/ev_msgs/install/ev_msgs/lib/libev_msgs__rosidl_generator_c.so
[2.502s] -- Set runtime path of "/home/aiv/ev_ws/ev_msgs/install/ev_msgs/lib/libev_msgs__rosidl_generator_c.so" to ""
[2.502s] -- Up-to-date: /home/aiv/ev_ws/ev_msgs/install/ev_msgs/include/ev_msgs/ev_msgs
[2.502s] -- Up-to-date: /home/aiv/ev_ws/ev_msgs/install/ev_msgs/include/ev_msgs/ev_msgs/msg
[2.502s] -- Installing: /home/aiv/ev_ws/ev_msgs/install/ev_msgs/include/ev_msgs/ev_msgs/msg/rosidl_typesupport_fastrtps_c__visibility_control.h
[2.502s] -- Up-to-date: /home/aiv/ev_ws/ev_msgs/install/ev_msgs/include/ev_msgs/ev_msgs/msg/detail
[2.503s] -- Installing: /home/aiv/ev_ws/ev_msgs/install/ev_msgs/include/ev_msgs/ev_msgs/msg/detail/b_box_array__rosidl_typesupport_fastrtps_c.h
[2.503s] -- Installing: /home/aiv/ev_ws/ev_msgs/install/ev_msgs/include/ev_msgs/ev_msgs/msg/detail/lane_boundary__rosidl_typesupport_fastrtps_c.h
[2.503s] -- Installing: /home/aiv/ev_ws/ev_msgs/install/ev_msgs/include/ev_msgs/ev_msgs/msg/detail/b_box__rosidl_typesupport_fastrtps_c.h
[2.503s] -- Installing: /home/aiv/ev_ws/ev_msgs/install/ev_msgs/include/ev_msgs/ev_msgs/msg/detail/lane_boundary_array__rosidl_typesupport_fastrtps_c.h
[2.503s] -- Installing: /home/aiv/ev_ws/ev_msgs/install/ev_msgs/lib/libev_msgs__rosidl_typesupport_fastrtps_c.so
[2.503s] -- Set runtime path of "/home/aiv/ev_ws/ev_msgs/install/ev_msgs/lib/libev_msgs__rosidl_typesupport_fastrtps_c.so" to ""
[2.503s] -- Up-to-date: /home/aiv/ev_ws/ev_msgs/install/ev_msgs/include/ev_msgs/ev_msgs
[2.503s] -- Up-to-date: /home/aiv/ev_ws/ev_msgs/install/ev_msgs/include/ev_msgs/ev_msgs/msg
[2.503s] -- Up-to-date: /home/aiv/ev_ws/ev_msgs/install/ev_msgs/include/ev_msgs/ev_msgs/msg/detail
[2.503s] -- Installing: /home/aiv/ev_ws/ev_msgs/install/ev_msgs/include/ev_msgs/ev_msgs/msg/detail/b_box_array__type_support.c
[2.503s] -- Installing: /home/aiv/ev_ws/ev_msgs/install/ev_msgs/include/ev_msgs/ev_msgs/msg/detail/b_box__type_support.c
[2.503s] -- Installing: /home/aiv/ev_ws/ev_msgs/install/ev_msgs/include/ev_msgs/ev_msgs/msg/detail/b_box_array__rosidl_typesupport_introspection_c.h
[2.503s] -- Installing: /home/aiv/ev_ws/ev_msgs/install/ev_msgs/include/ev_msgs/ev_msgs/msg/detail/lane_boundary_array__type_support.c
[2.503s] -- Installing: /home/aiv/ev_ws/ev_msgs/install/ev_msgs/include/ev_msgs/ev_msgs/msg/detail/lane_boundary__type_support.c
[2.503s] -- Installing: /home/aiv/ev_ws/ev_msgs/install/ev_msgs/include/ev_msgs/ev_msgs/msg/detail/b_box__rosidl_typesupport_introspection_c.h
[2.503s] -- Installing: /home/aiv/ev_ws/ev_msgs/install/ev_msgs/include/ev_msgs/ev_msgs/msg/detail/lane_boundary_array__rosidl_typesupport_introspection_c.h
[2.503s] -- Installing: /home/aiv/ev_ws/ev_msgs/install/ev_msgs/include/ev_msgs/ev_msgs/msg/detail/lane_boundary__rosidl_typesupport_introspection_c.h
[2.503s] -- Installing: /home/aiv/ev_ws/ev_msgs/install/ev_msgs/include/ev_msgs/ev_msgs/msg/rosidl_typesupport_introspection_c__visibility_control.h
[2.503s] -- Installing: /home/aiv/ev_ws/ev_msgs/install/ev_msgs/lib/libev_msgs__rosidl_typesupport_introspection_c.so
[2.503s] -- Set runtime path of "/home/aiv/ev_ws/ev_msgs/install/ev_msgs/lib/libev_msgs__rosidl_typesupport_introspection_c.so" to ""
[2.503s] -- Installing: /home/aiv/ev_ws/ev_msgs/install/ev_msgs/lib/libev_msgs__rosidl_typesupport_c.so
[2.503s] -- Set runtime path of "/home/aiv/ev_ws/ev_msgs/install/ev_msgs/lib/libev_msgs__rosidl_typesupport_c.so" to ""
[2.503s] -- Up-to-date: /home/aiv/ev_ws/ev_msgs/install/ev_msgs/include/ev_msgs/ev_msgs
[2.503s] -- Up-to-date: /home/aiv/ev_ws/ev_msgs/install/ev_msgs/include/ev_msgs/ev_msgs/msg
[2.503s] -- Installing: /home/aiv/ev_ws/ev_msgs/install/ev_msgs/include/ev_msgs/ev_msgs/msg/lane_boundary.hpp
[2.504s] -- Installing: /home/aiv/ev_ws/ev_msgs/install/ev_msgs/include/ev_msgs/ev_msgs/msg/rosidl_generator_cpp__visibility_control.hpp
[2.504s] -- Up-to-date: /home/aiv/ev_ws/ev_msgs/install/ev_msgs/include/ev_msgs/ev_msgs/msg/detail
[2.504s] -- Installing: /home/aiv/ev_ws/ev_msgs/install/ev_msgs/include/ev_msgs/ev_msgs/msg/detail/b_box__builder.hpp
[2.504s] -- Installing: /home/aiv/ev_ws/ev_msgs/install/ev_msgs/include/ev_msgs/ev_msgs/msg/detail/b_box_array__struct.hpp
[2.504s] -- Installing: /home/aiv/ev_ws/ev_msgs/install/ev_msgs/include/ev_msgs/ev_msgs/msg/detail/b_box__struct.hpp
[2.504s] -- Installing: /home/aiv/ev_ws/ev_msgs/install/ev_msgs/include/ev_msgs/ev_msgs/msg/detail/lane_boundary_array__traits.hpp
[2.504s] -- Installing: /home/aiv/ev_ws/ev_msgs/install/ev_msgs/include/ev_msgs/ev_msgs/msg/detail/lane_boundary_array__type_support.hpp
[2.504s] -- Installing: /home/aiv/ev_ws/ev_msgs/install/ev_msgs/include/ev_msgs/ev_msgs/msg/detail/lane_boundary_array__struct.hpp
[2.504s] -- Installing: /home/aiv/ev_ws/ev_msgs/install/ev_msgs/include/ev_msgs/ev_msgs/msg/detail/b_box_array__traits.hpp
[2.504s] -- Installing: /home/aiv/ev_ws/ev_msgs/install/ev_msgs/include/ev_msgs/ev_msgs/msg/detail/b_box__traits.hpp
[2.504s] -- Installing: /home/aiv/ev_ws/ev_msgs/install/ev_msgs/include/ev_msgs/ev_msgs/msg/detail/lane_boundary__type_support.hpp
[2.504s] -- Installing: /home/aiv/ev_ws/ev_msgs/install/ev_msgs/include/ev_msgs/ev_msgs/msg/detail/b_box_array__type_support.hpp
[2.504s] -- Installing: /home/aiv/ev_ws/ev_msgs/install/ev_msgs/include/ev_msgs/ev_msgs/msg/detail/lane_boundary_array__builder.hpp
[2.504s] -- Installing: /home/aiv/ev_ws/ev_msgs/install/ev_msgs/include/ev_msgs/ev_msgs/msg/detail/lane_boundary__struct.hpp
[2.504s] -- Installing: /home/aiv/ev_ws/ev_msgs/install/ev_msgs/include/ev_msgs/ev_msgs/msg/detail/lane_boundary__builder.hpp
[2.504s] -- Installing: /home/aiv/ev_ws/ev_msgs/install/ev_msgs/include/ev_msgs/ev_msgs/msg/detail/lane_boundary__traits.hpp
[2.504s] -- Installing: /home/aiv/ev_ws/ev_msgs/install/ev_msgs/include/ev_msgs/ev_msgs/msg/detail/b_box_array__builder.hpp
[2.504s] -- Installing: /home/aiv/ev_ws/ev_msgs/install/ev_msgs/include/ev_msgs/ev_msgs/msg/detail/b_box__type_support.hpp
[2.504s] -- Installing: /home/aiv/ev_ws/ev_msgs/install/ev_msgs/include/ev_msgs/ev_msgs/msg/b_box_array.hpp
[2.504s] -- Installing: /home/aiv/ev_ws/ev_msgs/install/ev_msgs/include/ev_msgs/ev_msgs/msg/b_box.hpp
[2.504s] -- Installing: /home/aiv/ev_ws/ev_msgs/install/ev_msgs/include/ev_msgs/ev_msgs/msg/lane_boundary_array.hpp
[2.504s] -- Up-to-date: /home/aiv/ev_ws/ev_msgs/install/ev_msgs/include/ev_msgs/ev_msgs
[2.504s] -- Up-to-date: /home/aiv/ev_ws/ev_msgs/install/ev_msgs/include/ev_msgs/ev_msgs/msg
[2.504s] -- Up-to-date: /home/aiv/ev_ws/ev_msgs/install/ev_msgs/include/ev_msgs/ev_msgs/msg/detail
[2.504s] -- Installing: /home/aiv/ev_ws/ev_msgs/install/ev_msgs/include/ev_msgs/ev_msgs/msg/detail/dds_fastrtps
[2.504s] -- Installing: /home/aiv/ev_ws/ev_msgs/install/ev_msgs/include/ev_msgs/ev_msgs/msg/detail/lane_boundary__rosidl_typesupport_fastrtps_cpp.hpp
[2.504s] -- Installing: /home/aiv/ev_ws/ev_msgs/install/ev_msgs/include/ev_msgs/ev_msgs/msg/detail/b_box__rosidl_typesupport_fastrtps_cpp.hpp
[2.504s] -- Installing: /home/aiv/ev_ws/ev_msgs/install/ev_msgs/include/ev_msgs/ev_msgs/msg/detail/b_box_array__rosidl_typesupport_fastrtps_cpp.hpp
[2.504s] -- Installing: /home/aiv/ev_ws/ev_msgs/install/ev_msgs/include/ev_msgs/ev_msgs/msg/detail/lane_boundary_array__rosidl_typesupport_fastrtps_cpp.hpp
[2.504s] -- Installing: /home/aiv/ev_ws/ev_msgs/install/ev_msgs/include/ev_msgs/ev_msgs/msg/rosidl_typesupport_fastrtps_cpp__visibility_control.h
[2.504s] -- Installing: /home/aiv/ev_ws/ev_msgs/install/ev_msgs/lib/libev_msgs__rosidl_typesupport_fastrtps_cpp.so
[2.504s] -- Set runtime path of "/home/aiv/ev_ws/ev_msgs/install/ev_msgs/lib/libev_msgs__rosidl_typesupport_fastrtps_cpp.so" to ""
[2.504s] -- Up-to-date: /home/aiv/ev_ws/ev_msgs/install/ev_msgs/include/ev_msgs/ev_msgs
[2.504s] -- Up-to-date: /home/aiv/ev_ws/ev_msgs/install/ev_msgs/include/ev_msgs/ev_msgs/msg
[2.504s] -- Up-to-date: /home/aiv/ev_ws/ev_msgs/install/ev_msgs/include/ev_msgs/ev_msgs/msg/detail
[2.504s] -- Installing: /home/aiv/ev_ws/ev_msgs/install/ev_msgs/include/ev_msgs/ev_msgs/msg/detail/lane_boundary__type_support.cpp
[2.504s] -- Installing: /home/aiv/ev_ws/ev_msgs/install/ev_msgs/include/ev_msgs/ev_msgs/msg/detail/b_box_array__type_support.cpp
[2.504s] -- Installing: /home/aiv/ev_ws/ev_msgs/install/ev_msgs/include/ev_msgs/ev_msgs/msg/detail/b_box__type_support.cpp
[2.504s] -- Installing: /home/aiv/ev_ws/ev_msgs/install/ev_msgs/include/ev_msgs/ev_msgs/msg/detail/b_box_array__rosidl_typesupport_introspection_cpp.hpp
[2.504s] -- Installing: /home/aiv/ev_ws/ev_msgs/install/ev_msgs/include/ev_msgs/ev_msgs/msg/detail/b_box__rosidl_typesupport_introspection_cpp.hpp
[2.505s] -- Installing: /home/aiv/ev_ws/ev_msgs/install/ev_msgs/include/ev_msgs/ev_msgs/msg/detail/lane_boundary_array__rosidl_typesupport_introspection_cpp.hpp
[2.505s] -- Installing: /home/aiv/ev_ws/ev_msgs/install/ev_msgs/include/ev_msgs/ev_msgs/msg/detail/lane_boundary_array__type_support.cpp
[2.505s] -- Installing: /home/aiv/ev_ws/ev_msgs/install/ev_msgs/include/ev_msgs/ev_msgs/msg/detail/lane_boundary__rosidl_typesupport_introspection_cpp.hpp
[2.505s] -- Installing: /home/aiv/ev_ws/ev_msgs/install/ev_msgs/lib/libev_msgs__rosidl_typesupport_introspection_cpp.so
[2.505s] -- Set runtime path of "/home/aiv/ev_ws/ev_msgs/install/ev_msgs/lib/libev_msgs__rosidl_typesupport_introspection_cpp.so" to ""
[2.505s] -- Installing: /home/aiv/ev_ws/ev_msgs/install/ev_msgs/lib/libev_msgs__rosidl_typesupport_cpp.so
[2.505s] -- Set runtime path of "/home/aiv/ev_ws/ev_msgs/install/ev_msgs/lib/libev_msgs__rosidl_typesupport_cpp.so" to ""
[2.505s] -- Installing: /home/aiv/ev_ws/ev_msgs/install/ev_msgs/share/ev_msgs/environment/pythonpath.sh
[2.505s] -- Installing: /home/aiv/ev_ws/ev_msgs/install/ev_msgs/share/ev_msgs/environment/pythonpath.dsv
[2.505s] -- Installing: /home/aiv/ev_ws/ev_msgs/install/ev_msgs/local/lib/python3.10/dist-packages/ev_msgs-0.1.0-py3.10.egg-info
[2.505s] -- Installing: /home/aiv/ev_ws/ev_msgs/install/ev_msgs/local/lib/python3.10/dist-packages/ev_msgs-0.1.0-py3.10.egg-info/PKG-INFO
[2.505s] -- Installing: /home/aiv/ev_ws/ev_msgs/install/ev_msgs/local/lib/python3.10/dist-packages/ev_msgs-0.1.0-py3.10.egg-info/top_level.txt
[2.505s] -- Installing: /home/aiv/ev_ws/ev_msgs/install/ev_msgs/local/lib/python3.10/dist-packages/ev_msgs-0.1.0-py3.10.egg-info/SOURCES.txt
[2.505s] -- Installing: /home/aiv/ev_ws/ev_msgs/install/ev_msgs/local/lib/python3.10/dist-packages/ev_msgs-0.1.0-py3.10.egg-info/dependency_links.txt
[2.505s] -- Installing: /home/aiv/ev_ws/ev_msgs/install/ev_msgs/local/lib/python3.10/dist-packages/ev_msgs
[2.505s] -- Installing: /home/aiv/ev_ws/ev_msgs/install/ev_msgs/local/lib/python3.10/dist-packages/ev_msgs/ev_msgs_s__rosidl_typesupport_c.cpython-310-x86_64-linux-gnu.so
[2.505s] -- Installing: /home/aiv/ev_ws/ev_msgs/install/ev_msgs/local/lib/python3.10/dist-packages/ev_msgs/ev_msgs_s__rosidl_typesupport_introspection_c.cpython-310-x86_64-linux-gnu.so
[2.505s] -- Installing: /home/aiv/ev_ws/ev_msgs/install/ev_msgs/local/lib/python3.10/dist-packages/ev_msgs/__init__.py
[2.505s] -- Installing: /home/aiv/ev_ws/ev_msgs/install/ev_msgs/local/lib/python3.10/dist-packages/ev_msgs/_ev_msgs_s.ep.rosidl_typesupport_introspection_c.c
[2.505s] -- Installing: /home/aiv/ev_ws/ev_msgs/install/ev_msgs/local/lib/python3.10/dist-packages/ev_msgs/libev_msgs__rosidl_generator_py.so
[2.505s] -- Installing: /home/aiv/ev_ws/ev_msgs/install/ev_msgs/local/lib/python3.10/dist-packages/ev_msgs/msg
[2.505s] -- Installing: /home/aiv/ev_ws/ev_msgs/install/ev_msgs/local/lib/python3.10/dist-packages/ev_msgs/msg/_lane_boundary.py
[2.505s] -- Installing: /home/aiv/ev_ws/ev_msgs/install/ev_msgs/local/lib/python3.10/dist-packages/ev_msgs/msg/_b_box.py
[2.505s] -- Installing: /home/aiv/ev_ws/ev_msgs/install/ev_msgs/local/lib/python3.10/dist-packages/ev_msgs/msg/_lane_boundary_s.c
[2.505s] -- Installing: /home/aiv/ev_ws/ev_msgs/install/ev_msgs/local/lib/python3.10/dist-packages/ev_msgs/msg/__init__.py
[2.505s] -- Installing: /home/aiv/ev_ws/ev_msgs/install/ev_msgs/local/lib/python3.10/dist-packages/ev_msgs/msg/_lane_boundary_array_s.c
[2.505s] -- Installing: /home/aiv/ev_ws/ev_msgs/install/ev_msgs/local/lib/python3.10/dist-packages/ev_msgs/msg/_lane_boundary_array.py
[2.505s] -- Installing: /home/aiv/ev_ws/ev_msgs/install/ev_msgs/local/lib/python3.10/dist-packages/ev_msgs/msg/_b_box_array_s.c
[2.506s] -- Installing: /home/aiv/ev_ws/ev_msgs/install/ev_msgs/local/lib/python3.10/dist-packages/ev_msgs/msg/_b_box_s.c
[2.506s] -- Installing: /home/aiv/ev_ws/ev_msgs/install/ev_msgs/local/lib/python3.10/dist-packages/ev_msgs/msg/_b_box_array.py
[2.506s] -- Installing: /home/aiv/ev_ws/ev_msgs/install/ev_msgs/local/lib/python3.10/dist-packages/ev_msgs/_ev_msgs_s.ep.rosidl_typesupport_c.c
[2.506s] -- Installing: /home/aiv/ev_ws/ev_msgs/install/ev_msgs/local/lib/python3.10/dist-packages/ev_msgs/ev_msgs_s__rosidl_typesupport_fastrtps_c.cpython-310-x86_64-linux-gnu.so
[2.506s] -- Installing: /home/aiv/ev_ws/ev_msgs/install/ev_msgs/local/lib/python3.10/dist-packages/ev_msgs/_ev_msgs_s.ep.rosidl_typesupport_fastrtps_c.c
[2.527s] Listing '/home/aiv/ev_ws/ev_msgs/install/ev_msgs/local/lib/python3.10/dist-packages/ev_msgs'...
[2.527s] Compiling '/home/aiv/ev_ws/ev_msgs/install/ev_msgs/local/lib/python3.10/dist-packages/ev_msgs/__init__.py'...
[2.527s] Listing '/home/aiv/ev_ws/ev_msgs/install/ev_msgs/local/lib/python3.10/dist-packages/ev_msgs/msg'...
[2.527s] Compiling '/home/aiv/ev_ws/ev_msgs/install/ev_msgs/local/lib/python3.10/dist-packages/ev_msgs/msg/__init__.py'...
[2.527s] Compiling '/home/aiv/ev_ws/ev_msgs/install/ev_msgs/local/lib/python3.10/dist-packages/ev_msgs/msg/_b_box.py'...
[2.527s] Compiling '/home/aiv/ev_ws/ev_msgs/install/ev_msgs/local/lib/python3.10/dist-packages/ev_msgs/msg/_b_box_array.py'...
[2.527s] Compiling '/home/aiv/ev_ws/ev_msgs/install/ev_msgs/local/lib/python3.10/dist-packages/ev_msgs/msg/_lane_boundary.py'...
[2.527s] Compiling '/home/aiv/ev_ws/ev_msgs/install/ev_msgs/local/lib/python3.10/dist-packages/ev_msgs/msg/_lane_boundary_array.py'...
[2.529s] -- Installing: /home/aiv/ev_ws/ev_msgs/install/ev_msgs/local/lib/python3.10/dist-packages/ev_msgs/ev_msgs_s__rosidl_typesupport_fastrtps_c.cpython-310-x86_64-linux-gnu.so
[2.530s] -- Set runtime path of "/home/aiv/ev_ws/ev_msgs/install/ev_msgs/local/lib/python3.10/dist-packages/ev_msgs/ev_msgs_s__rosidl_typesupport_fastrtps_c.cpython-310-x86_64-linux-gnu.so" to ""
[2.530s] -- Installing: /home/aiv/ev_ws/ev_msgs/install/ev_msgs/local/lib/python3.10/dist-packages/ev_msgs/ev_msgs_s__rosidl_typesupport_introspection_c.cpython-310-x86_64-linux-gnu.so
[2.530s] -- Set runtime path of "/home/aiv/ev_ws/ev_msgs/install/ev_msgs/local/lib/python3.10/dist-packages/ev_msgs/ev_msgs_s__rosidl_typesupport_introspection_c.cpython-310-x86_64-linux-gnu.so" to ""
[2.530s] -- Installing: /home/aiv/ev_ws/ev_msgs/install/ev_msgs/local/lib/python3.10/dist-packages/ev_msgs/ev_msgs_s__rosidl_typesupport_c.cpython-310-x86_64-linux-gnu.so
[2.530s] -- Set runtime path of "/home/aiv/ev_ws/ev_msgs/install/ev_msgs/local/lib/python3.10/dist-packages/ev_msgs/ev_msgs_s__rosidl_typesupport_c.cpython-310-x86_64-linux-gnu.so" to ""
[2.530s] -- Installing: /home/aiv/ev_ws/ev_msgs/install/ev_msgs/lib/libev_msgs__rosidl_generator_py.so
[2.530s] -- Set runtime path of "/home/aiv/ev_ws/ev_msgs/install/ev_msgs/lib/libev_msgs__rosidl_generator_py.so" to ""
[2.530s] -- Installing: /home/aiv/ev_ws/ev_msgs/install/ev_msgs/share/ev_msgs/msg/BBox.idl
[2.530s] -- Installing: /home/aiv/ev_ws/ev_msgs/install/ev_msgs/share/ev_msgs/msg/BBoxArray.idl
[2.530s] -- Installing: /home/aiv/ev_ws/ev_msgs/install/ev_msgs/share/ev_msgs/msg/LaneBoundary.idl
[2.530s] -- Installing: /home/aiv/ev_ws/ev_msgs/install/ev_msgs/share/ev_msgs/msg/LaneBoundaryArray.idl
[2.530s] -- Installing: /home/aiv/ev_ws/ev_msgs/install/ev_msgs/share/ev_msgs/msg/BBox.msg
[2.530s] -- Installing: /home/aiv/ev_ws/ev_msgs/install/ev_msgs/share/ev_msgs/msg/BBoxArray.msg
[2.530s] -- Installing: /home/aiv/ev_ws/ev_msgs/install/ev_msgs/share/ev_msgs/msg/LaneBoundary.msg
[2.530s] -- Installing: /home/aiv/ev_ws/ev_msgs/install/ev_msgs/share/ev_msgs/msg/LaneBoundaryArray.msg
[2.530s] -- Installing: /home/aiv/ev_ws/ev_msgs/install/ev_msgs/share/ament_index/resource_index/package_run_dependencies/ev_msgs
[2.530s] -- Installing: /home/aiv/ev_ws/ev_msgs/install/ev_msgs/share/ament_index/resource_index/parent_prefix_path/ev_msgs
[2.530s] -- Installing: /home/aiv/ev_ws/ev_msgs/install/ev_msgs/share/ev_msgs/environment/ament_prefix_path.sh
[2.530s] -- Installing: /home/aiv/ev_ws/ev_msgs/install/ev_msgs/share/ev_msgs/environment/ament_prefix_path.dsv
[2.530s] -- Installing: /home/aiv/ev_ws/ev_msgs/install/ev_msgs/share/ev_msgs/environment/path.sh
[2.530s] -- Installing: /home/aiv/ev_ws/ev_msgs/install/ev_msgs/share/ev_msgs/environment/path.dsv
[2.530s] -- Installing: /home/aiv/ev_ws/ev_msgs/install/ev_msgs/share/ev_msgs/local_setup.bash
[2.530s] -- Installing: /home/aiv/ev_ws/ev_msgs/install/ev_msgs/share/ev_msgs/local_setup.sh
[2.530s] -- Installing: /home/aiv/ev_ws/ev_msgs/install/ev_msgs/share/ev_msgs/local_setup.zsh
[2.530s] -- Installing: /home/aiv/ev_ws/ev_msgs/install/ev_msgs/share/ev_msgs/local_setup.dsv
[2.530s] -- Installing: /home/aiv/ev_ws/ev_msgs/install/ev_msgs/share/ev_msgs/package.dsv
[2.530s] -- Installing: /home/aiv/ev_ws/ev_msgs/install/ev_msgs/share/ament_index/resource_index/packages/ev_msgs
[2.530s] -- Installing: /home/aiv/ev_ws/ev_msgs/install/ev_msgs/share/ev_msgs/cmake/export_ev_msgs__rosidl_generator_cExport.cmake
[2.531s] -- Installing: /home/aiv/ev_ws/ev_msgs/install/ev_msgs/share/ev_msgs/cmake/export_ev_msgs__rosidl_generator_cExport-noconfig.cmake
[2.531s] -- Installing: /home/aiv/ev_ws/ev_msgs/install/ev_msgs/share/ev_msgs/cmake/export_ev_msgs__rosidl_typesupport_fastrtps_cExport.cmake
[2.531s] -- Installing: /home/aiv/ev_ws/ev_msgs/install/ev_msgs/share/ev_msgs/cmake/export_ev_msgs__rosidl_typesupport_fastrtps_cExport-noconfig.cmake
[2.531s] -- Installing: /home/aiv/ev_ws/ev_msgs/install/ev_msgs/share/ev_msgs/cmake/ev_msgs__rosidl_typesupport_introspection_cExport.cmake
[2.531s] -- Installing: /home/aiv/ev_ws/ev_msgs/install/ev_msgs/share/ev_msgs/cmake/ev_msgs__rosidl_typesupport_introspection_cExport-noconfig.cmake
[2.531s] -- Installing: /home/aiv/ev_ws/ev_msgs/install/ev_msgs/share/ev_msgs/cmake/ev_msgs__rosidl_typesupport_cExport.cmake
[2.531s] -- Installing: /home/aiv/ev_ws/ev_msgs/install/ev_msgs/share/ev_msgs/cmake/ev_msgs__rosidl_typesupport_cExport-noconfig.cmake
[2.531s] -- Installing: /home/aiv/ev_ws/ev_msgs/install/ev_msgs/share/ev_msgs/cmake/export_ev_msgs__rosidl_generator_cppExport.cmake
[2.531s] -- Installing: /home/aiv/ev_ws/ev_msgs/install/ev_msgs/share/ev_msgs/cmake/export_ev_msgs__rosidl_typesupport_fastrtps_cppExport.cmake
[2.531s] -- Installing: /home/aiv/ev_ws/ev_msgs/install/ev_msgs/share/ev_msgs/cmake/export_ev_msgs__rosidl_typesupport_fastrtps_cppExport-noconfig.cmake
[2.531s] -- Installing: /home/aiv/ev_ws/ev_msgs/install/ev_msgs/share/ev_msgs/cmake/ev_msgs__rosidl_typesupport_introspection_cppExport.cmake
[2.531s] -- Installing: /home/aiv/ev_ws/ev_msgs/install/ev_msgs/share/ev_msgs/cmake/ev_msgs__rosidl_typesupport_introspection_cppExport-noconfig.cmake
[2.531s] -- Installing: /home/aiv/ev_ws/ev_msgs/install/ev_msgs/share/ev_msgs/cmake/ev_msgs__rosidl_typesupport_cppExport.cmake
[2.531s] -- Installing: /home/aiv/ev_ws/ev_msgs/install/ev_msgs/share/ev_msgs/cmake/ev_msgs__rosidl_typesupport_cppExport-noconfig.cmake
[2.531s] -- Installing: /home/aiv/ev_ws/ev_msgs/install/ev_msgs/share/ev_msgs/cmake/export_ev_msgs__rosidl_generator_pyExport.cmake
[2.531s] -- Installing: /home/aiv/ev_ws/ev_msgs/install/ev_msgs/share/ev_msgs/cmake/export_ev_msgs__rosidl_generator_pyExport-noconfig.cmake
[2.531s] -- Installing: /home/aiv/ev_ws/ev_msgs/install/ev_msgs/share/ev_msgs/cmake/rosidl_cmake-extras.cmake
[2.531s] -- Installing: /home/aiv/ev_ws/ev_msgs/install/ev_msgs/share/ev_msgs/cmake/ament_cmake_export_dependencies-extras.cmake
[2.531s] -- Installing: /home/aiv/ev_ws/ev_msgs/install/ev_msgs/share/ev_msgs/cmake/ament_cmake_export_include_directories-extras.cmake
[2.531s] -- Installing: /home/aiv/ev_ws/ev_msgs/install/ev_msgs/share/ev_msgs/cmake/ament_cmake_export_libraries-extras.cmake
[2.531s] -- Installing: /home/aiv/ev_ws/ev_msgs/install/ev_msgs/share/ev_msgs/cmake/ament_cmake_export_targets-extras.cmake
[2.531s] -- Installing: /home/aiv/ev_ws/ev_msgs/install/ev_msgs/share/ev_msgs/cmake/rosidl_cmake_export_typesupport_targets-extras.cmake
[2.531s] -- Installing: /home/aiv/ev_ws/ev_msgs/install/ev_msgs/share/ev_msgs/cmake/rosidl_cmake_export_typesupport_libraries-extras.cmake
[2.531s] -- Installing: /home/aiv/ev_ws/ev_msgs/install/ev_msgs/share/ev_msgs/cmake/ev_msgsConfig.cmake
[2.531s] -- Installing: /home/aiv/ev_ws/ev_msgs/install/ev_msgs/share/ev_msgs/cmake/ev_msgsConfig-version.cmake
[2.531s] -- Installing: /home/aiv/ev_ws/ev_msgs/install/ev_msgs/share/ev_msgs/package.xml
[2.533s] Invoked command in '/home/aiv/ev_ws/ev_msgs/build/ev_msgs' returned '0': CMAKE_PREFIX_PATH=${CMAKE_PREFIX_PATH}:/opt/ros/humble /usr/bin/cmake --install /home/aiv/ev_ws/ev_msgs/build/ev_msgs
