[0.016s] Invoking command in '/home/aiv/ev_ws/perception/build/cluster_splitter': CMAKE_PREFIX_PATH=${CMAKE_PREFIX_PATH}:/opt/ros/humble /usr/bin/cmake /home/aiv/ev_ws/perception/src/lidar/cluster_splitter -DAMENT_CMAKE_SYMLINK_INSTALL=1 -DCMAKE_INSTALL_PREFIX=/home/aiv/ev_ws/perception/install/cluster_splitter
[0.051s] -- The C compiler identification is GNU 11.4.0
[0.087s] -- The CXX compiler identification is GNU 11.4.0
[0.091s] -- Detecting C compiler ABI info
[0.140s] -- Detecting C compiler ABI info - done
[0.145s] -- Check for working C compiler: /usr/bin/cc - skipped
[0.145s] -- Detecting C compile features
[0.145s] -- Detecting C compile features - done
[0.147s] -- Detecting CXX compiler ABI info
[0.202s] -- Detecting CXX compiler ABI info - done
[0.206s] -- Check for working CXX compiler: /usr/bin/c++ - skipped
[0.207s] -- Detecting CXX compile features
[0.207s] -- Detecting CXX compile features - done
[0.208s] -- Found ament_cmake: 1.3.12 (/opt/ros/humble/share/ament_cmake/cmake)
[0.319s] -- Found Python3: /usr/bin/python3 (found version "3.10.12") found components: Interpreter 
[0.356s] -- Override CMake install command with custom implementation using symlinks instead of copying resources
[0.384s] -- Found rclcpp: 16.0.17 (/opt/ros/humble/share/rclcpp/cmake)
[0.410s] -- Found rosidl_generator_c: 3.1.8 (/opt/ros/humble/share/rosidl_generator_c/cmake)
[0.413s] -- Found rosidl_adapter: 3.1.8 (/opt/ros/humble/share/rosidl_adapter/cmake)
[0.418s] -- Found rosidl_generator_cpp: 3.1.8 (/opt/ros/humble/share/rosidl_generator_cpp/cmake)
[0.426s] -- Using all available rosidl_typesupport_c: rosidl_typesupport_fastrtps_c;rosidl_typesupport_introspection_c
[0.435s] -- Using all available rosidl_typesupport_cpp: rosidl_typesupport_fastrtps_cpp;rosidl_typesupport_introspection_cpp
[0.464s] -- Found rmw_implementation_cmake: 6.1.2 (/opt/ros/humble/share/rmw_implementation_cmake/cmake)
[0.466s] -- Found rmw_fastrtps_cpp: 6.2.9 (/opt/ros/humble/share/rmw_fastrtps_cpp/cmake)
[0.528s] -- Found OpenSSL: /usr/lib/x86_64-linux-gnu/libcrypto.so (found version "3.0.2")  
[0.545s] -- Found FastRTPS: /opt/ros/humble/include  
[0.572s] -- Using RMW implementation 'rmw_fastrtps_cpp' as default
[0.580s] -- Looking for pthread.h
[0.633s] -- Looking for pthread.h - found
[0.633s] -- Performing Test CMAKE_HAVE_LIBC_PTHREAD
[0.681s] -- Performing Test CMAKE_HAVE_LIBC_PTHREAD - Success
[0.681s] -- Found Threads: TRUE  
[0.711s] -- Found rclcpp_components: 16.0.17 (/opt/ros/humble/share/rclcpp_components/cmake)
[0.727s] -- Found sensor_msgs: 4.9.0 (/opt/ros/humble/share/sensor_msgs/cmake)
[0.749s] -- Found ament_lint_auto: 0.12.14 (/opt/ros/humble/share/ament_lint_auto/cmake)
[0.800s] -- Added test 'cppcheck' to perform static code analysis on C / C++ code
[0.800s] -- Configured cppcheck include dirs: /home/aiv/ev_ws/perception/src/lidar/cluster_splitter/include
[0.800s] -- Configured cppcheck exclude dirs and/or files: 
[0.801s] -- Added test 'flake8' to check Python code syntax and style conventions
[0.801s] -- Added test 'lint_cmake' to check CMake code style
[0.801s] -- Added test 'pep257' to check Python code against some of the docstring style conventions in PEP 257
[0.802s] -- Added test 'uncrustify' to check C / C++ code style
[0.802s] -- Configured uncrustify additional arguments: 
[0.802s] -- Added test 'xmllint' to check XML markup files
[0.803s] -- Configuring done
[0.811s] -- Generating done
[0.813s] -- Build files have been written to: /home/aiv/ev_ws/perception/build/cluster_splitter
[0.820s] Invoked command in '/home/aiv/ev_ws/perception/build/cluster_splitter' returned '0': CMAKE_PREFIX_PATH=${CMAKE_PREFIX_PATH}:/opt/ros/humble /usr/bin/cmake /home/aiv/ev_ws/perception/src/lidar/cluster_splitter -DAMENT_CMAKE_SYMLINK_INSTALL=1 -DCMAKE_INSTALL_PREFIX=/home/aiv/ev_ws/perception/install/cluster_splitter
[0.821s] Invoking command in '/home/aiv/ev_ws/perception/build/cluster_splitter': CMAKE_PREFIX_PATH=${CMAKE_PREFIX_PATH}:/opt/ros/humble /usr/bin/cmake --build /home/aiv/ev_ws/perception/build/cluster_splitter -- -j28 -l28
[0.858s] [ 25%] [32mBuilding CXX object CMakeFiles/cluster_splitter_component.dir/src/cluster_splitter_node.cpp.o[0m
[0.858s] [ 50%] [32mBuilding CXX object CMakeFiles/cluster_splitter_node.dir/rclcpp_components/node_main_cluster_splitter_node.cpp.o[0m
[3.339s] [ 75%] [32m[1mLinking CXX executable cluster_splitter_node[0m
[3.446s] [ 75%] Built target cluster_splitter_node
[9.494s] [100%] [32m[1mLinking CXX shared library libcluster_splitter_component.so[0m
[9.855s] [100%] Built target cluster_splitter_component
[9.874s] Invoked command in '/home/aiv/ev_ws/perception/build/cluster_splitter' returned '0': CMAKE_PREFIX_PATH=${CMAKE_PREFIX_PATH}:/opt/ros/humble /usr/bin/cmake --build /home/aiv/ev_ws/perception/build/cluster_splitter -- -j28 -l28
[9.876s] Invoking command in '/home/aiv/ev_ws/perception/build/cluster_splitter': CMAKE_PREFIX_PATH=${CMAKE_PREFIX_PATH}:/opt/ros/humble /usr/bin/cmake --install /home/aiv/ev_ws/perception/build/cluster_splitter
[9.883s] -- Install configuration: ""
[9.883s] -- Execute custom install script
[9.883s] -- Symlinking: /home/aiv/ev_ws/perception/install/cluster_splitter/lib/cluster_splitter/cluster_splitter_node
[9.890s] -- Symlinking: /home/aiv/ev_ws/perception/install/cluster_splitter/lib/libcluster_splitter_component.so
[9.900s] -- Symlinking: /home/aiv/ev_ws/perception/install/cluster_splitter/include/cluster_splitter/cluster_splitter_node.hpp
[9.907s] -- Symlinking: /home/aiv/ev_ws/perception/install/cluster_splitter/share/cluster_splitter/config/cluster_splitter_params.yaml
[9.914s] -- Symlinking: /home/aiv/ev_ws/perception/install/cluster_splitter/share/cluster_splitter/launch/cluster_splitter.launch.py
[9.922s] -- Symlinking: /home/aiv/ev_ws/perception/install/cluster_splitter/share/ament_index/resource_index/package_run_dependencies/cluster_splitter
[9.930s] -- Symlinking: /home/aiv/ev_ws/perception/install/cluster_splitter/share/ament_index/resource_index/parent_prefix_path/cluster_splitter
[9.936s] -- Symlinking: /home/aiv/ev_ws/perception/install/cluster_splitter/share/cluster_splitter/environment/ament_prefix_path.sh
[9.943s] -- Symlinking: /home/aiv/ev_ws/perception/install/cluster_splitter/share/cluster_splitter/environment/ament_prefix_path.dsv
[9.950s] -- Symlinking: /home/aiv/ev_ws/perception/install/cluster_splitter/share/cluster_splitter/environment/path.sh
[9.958s] -- Symlinking: /home/aiv/ev_ws/perception/install/cluster_splitter/share/cluster_splitter/environment/path.dsv
[9.964s] -- Symlinking: /home/aiv/ev_ws/perception/install/cluster_splitter/share/cluster_splitter/local_setup.bash
[9.973s] -- Symlinking: /home/aiv/ev_ws/perception/install/cluster_splitter/share/cluster_splitter/local_setup.sh
[9.982s] -- Symlinking: /home/aiv/ev_ws/perception/install/cluster_splitter/share/cluster_splitter/local_setup.zsh
[9.989s] -- Symlinking: /home/aiv/ev_ws/perception/install/cluster_splitter/share/cluster_splitter/local_setup.dsv
[9.998s] -- Symlinking: /home/aiv/ev_ws/perception/install/cluster_splitter/share/cluster_splitter/package.dsv
[10.007s] -- Symlinking: /home/aiv/ev_ws/perception/install/cluster_splitter/share/ament_index/resource_index/packages/cluster_splitter
[10.017s] -- Symlinking: /home/aiv/ev_ws/perception/install/cluster_splitter/share/ament_index/resource_index/rclcpp_components/cluster_splitter
[10.024s] -- Symlinking: /home/aiv/ev_ws/perception/install/cluster_splitter/share/cluster_splitter/cmake/cluster_splitterConfig.cmake
[10.033s] -- Symlinking: /home/aiv/ev_ws/perception/install/cluster_splitter/share/cluster_splitter/cmake/cluster_splitterConfig-version.cmake
[10.042s] -- Symlinking: /home/aiv/ev_ws/perception/install/cluster_splitter/share/cluster_splitter/package.xml
[10.053s] Invoked command in '/home/aiv/ev_ws/perception/build/cluster_splitter' returned '0': CMAKE_PREFIX_PATH=${CMAKE_PREFIX_PATH}:/opt/ros/humble /usr/bin/cmake --install /home/aiv/ev_ws/perception/build/cluster_splitter
