[0.011s] Invoking command in '/home/aiv/ev_ws/perception/build/velodyne_pointcloud': CMAKE_PREFIX_PATH=/home/aiv/ev_ws/perception/install/velodyne_msgs:/home/aiv/ev_ws/install/ev_msgs:/home/aiv/ev_ws/perception/install/make_bbox:/home/aiv/ev_ws/ev_msgs/install/ev_msgs:/home/aiv/ev_ws/carsa_gazebo/install/carsa_gazebo:/home/aiv/ev_ws/planning/install/planning_lc_ver:/home/aiv/ev_ws/erp42_ros/install/erp42_serial:/home/aiv/ev_ws/erp42_ros/install/erp42_rqt_plugin:/home/aiv/ev_ws/erp42_ros/install/erp42_gazebo:/home/aiv/ev_ws/erp42_ros/install/erp42_util:/home/aiv/ev_ws/erp42_ros/install/erp42_msgs:/home/aiv/ev_ws/erp42_ros/install/erp42_description:/home/aiv/ev_ws/erp42_ros/install/erp42_cmake:/home/aiv/ev_ws/perception/install/velodyne:/home/aiv/ev_ws/perception/install/lidar_launch:/home/aiv/ev_ws/perception/install/velodyne_pointcloud:/home/aiv/ev_ws/perception/install/velodyne_driver:/home/aiv/ev_ws/perception/install/velodyne_laserscan:/home/aiv/ev_ws/perception/install/velodyne_cropbox:/home/aiv/ev_ws/perception/install/patchworkpp:/home/aiv/ev_ws/perception/install/make_cylinder:/home/aiv/ev_ws/perception/install/lidar_voxel_grid:/home/aiv/ev_ws/perception/install/dbscan_clustering:/home/aiv/ev_ws/perception/install/cluster_splitter:/opt/ros/humble LD_LIBRARY_PATH=/home/aiv/ev_ws/perception/install/velodyne_msgs/lib:/home/aiv/ev_ws/install/ev_msgs/lib:/usr/local/cuda-12.6/lib64:/home/aiv/ev_ws/perception/install/make_bbox/lib:/usr/local/cuda-12.6/lib64:/home/aiv/ev_ws/ev_msgs/install/ev_msgs/lib:/home/aiv/ev_ws/planning/install/planning_lc_ver/lib:/home/aiv/ev_ws/erp42_ros/install/erp42_serial/lib:/home/aiv/ev_ws/erp42_ros/install/erp42_rqt_plugin/lib:/home/aiv/ev_ws/erp42_ros/install/erp42_gazebo/lib:/home/aiv/ev_ws/erp42_ros/install/erp42_util/lib:/home/aiv/ev_ws/erp42_ros/install/erp42_msgs/lib:/home/aiv/ev_ws/perception/install/velodyne_pointcloud/lib:/home/aiv/ev_ws/perception/install/velodyne_driver/lib:/home/aiv/ev_ws/perception/install/velodyne_laserscan/lib:/home/aiv/ev_ws/perception/install/velodyne_cropbox/lib:/home/aiv/ev_ws/perception/install/patchworkpp/lib:/home/aiv/ev_ws/perception/install/make_cylinder/lib:/home/aiv/ev_ws/perception/install/lidar_voxel_grid/lib:/home/aiv/ev_ws/perception/install/dbscan_clustering/lib:/home/aiv/ev_ws/perception/install/cluster_splitter/lib:/usr/lib/x86_64-linux-gnu/gazebo-11/plugins:/opt/ros/humble/opt/rviz_ogre_vendor/lib:/opt/ros/humble/lib/x86_64-linux-gnu:/opt/ros/humble/lib:/usr/local/cuda-12.6/lib64 /usr/bin/cmake /home/aiv/ev_ws/perception/src/lidar/velodyne_pointcloud -DAMENT_CMAKE_SYMLINK_INSTALL=1 -DCMAKE_INSTALL_PREFIX=/home/aiv/ev_ws/perception/install/velodyne_pointcloud
[0.058s] -- The C compiler identification is GNU 11.4.0
[0.106s] -- The CXX compiler identification is GNU 11.4.0
[0.112s] -- Detecting C compiler ABI info
[0.180s] -- Detecting C compiler ABI info - done
[0.186s] -- Check for working C compiler: /usr/bin/cc - skipped
[0.186s] -- Detecting C compile features
[0.187s] -- Detecting C compile features - done
[0.189s] -- Detecting CXX compiler ABI info
[0.266s] -- Detecting CXX compiler ABI info - done
[0.273s] -- Check for working CXX compiler: /usr/bin/c++ - skipped
[0.273s] -- Detecting CXX compile features
[0.274s] -- Detecting CXX compile features - done
[0.277s] -- Found ament_cmake: 1.3.12 (/opt/ros/humble/share/ament_cmake/cmake)
[0.417s] -- Found Python3: /usr/bin/python3 (found version "3.10.12") found components: Interpreter 
[0.479s] -- Override CMake install command with custom implementation using symlinks instead of copying resources
[0.510s] -- Found angles: 1.15.0 (/opt/ros/humble/share/angles/cmake)
[0.513s] -- Found diagnostic_updater: 4.0.6 (/opt/ros/humble/share/diagnostic_updater/cmake)
[0.542s] -- Found rosidl_generator_c: 3.1.8 (/opt/ros/humble/share/rosidl_generator_c/cmake)
[0.546s] -- Found rosidl_adapter: 3.1.8 (/opt/ros/humble/share/rosidl_adapter/cmake)
[0.552s] -- Found rosidl_generator_cpp: 3.1.8 (/opt/ros/humble/share/rosidl_generator_cpp/cmake)
[0.560s] -- Using all available rosidl_typesupport_c: rosidl_typesupport_fastrtps_c;rosidl_typesupport_introspection_c
[0.571s] -- Using all available rosidl_typesupport_cpp: rosidl_typesupport_fastrtps_cpp;rosidl_typesupport_introspection_cpp
[0.624s] -- Found rmw_implementation_cmake: 6.1.2 (/opt/ros/humble/share/rmw_implementation_cmake/cmake)
[0.626s] -- Found rmw_fastrtps_cpp: 6.2.9 (/opt/ros/humble/share/rmw_fastrtps_cpp/cmake)
[0.695s] -- Found OpenSSL: /usr/lib/x86_64-linux-gnu/libcrypto.so (found version "3.0.2")  
[0.720s] -- Found FastRTPS: /opt/ros/humble/include  
[0.759s] -- Using RMW implementation 'rmw_fastrtps_cpp' as default
[0.769s] -- Looking for pthread.h
[0.836s] -- Looking for pthread.h - found
[0.836s] -- Performing Test CMAKE_HAVE_LIBC_PTHREAD
[0.904s] -- Performing Test CMAKE_HAVE_LIBC_PTHREAD - Success
[0.905s] -- Found Threads: TRUE  
[0.952s] -- Found geometry_msgs: 4.9.0 (/opt/ros/humble/share/geometry_msgs/cmake)
[0.966s] -- Found message_filters: 4.3.11 (/opt/ros/humble/share/message_filters/cmake)
[0.981s] -- Checking for module 'eigen3'
[0.994s] --   Found eigen3, version 3.4.0
[1.021s] -- Found Eigen: /usr/include/eigen3 (Required is at least version "3.1") 
[1.021s] -- Eigen found (include: /usr/include/eigen3, version: 3.4.0)
[1.041s] -- Found Boost: /usr/lib/x86_64-linux-gnu/cmake/Boost-1.74.0/BoostConfig.cmake (found suitable version "1.74.0", minimum required is "1.65.0") found components: system filesystem date_time iostreams serialization 
[1.041s] -- looking for PCL_COMMON
[1.042s] -- Found PCL_COMMON: /usr/lib/x86_64-linux-gnu/libpcl_common.so  
[1.042s] -- Found PCL: pcl_common;Boost::system;Boost::filesystem;Boost::date_time;Boost::iostreams;Boost::serialization  
[1.044s] -- Found rclcpp_components: 16.0.17 (/opt/ros/humble/share/rclcpp_components/cmake)
[1.062s] -- Found sensor_msgs: 4.9.0 (/opt/ros/humble/share/sensor_msgs/cmake)
[1.073s] -- Found tf2: 0.25.18 (/opt/ros/humble/share/tf2/cmake)
[1.076s] -- Found tf2_ros: 0.25.18 (/opt/ros/humble/share/tf2_ros/cmake)
[1.115s] -- Found velodyne_msgs: 2.5.1 (/home/aiv/ev_ws/perception/install/velodyne_msgs/share/velodyne_msgs/cmake)
[1.124s] -- Found yaml_cpp_vendor: 8.0.2 (/opt/ros/humble/share/yaml_cpp_vendor/cmake)
[1.128s] -- Found ament_lint_auto: 0.12.14 (/opt/ros/humble/share/ament_lint_auto/cmake)
[1.195s] -- Found gtest sources under '/opt/ros/humble/src/gtest_vendor': C++ tests using 'Google Test' will be built
[1.204s] -- Added test 'copyright' to check source files copyright and LICENSE
[1.206s] -- Added test 'cppcheck' to perform static code analysis on C / C++ code
[1.207s] -- Configured cppcheck include dirs: $<BUILD_INTERFACE:/home/aiv/ev_ws/perception/src/lidar/velodyne_pointcloud/include>
[1.207s] -- Configured cppcheck exclude dirs and/or files: 
[1.209s] -- Added test 'cpplint' to check C / C++ code against the Google style
[1.209s] -- Configured cpplint exclude dirs and/or files: 
[1.210s] -- Added test 'flake8' to check Python code syntax and style conventions
[1.211s] -- Added test 'lint_cmake' to check CMake code style
[1.211s] -- Added test 'pep257' to check Python code against some of the docstring style conventions in PEP 257
[1.214s] -- Added test 'uncrustify' to check C / C++ code style
[1.214s] -- Configured uncrustify additional arguments: 
[1.217s] -- Configuring done
[1.253s] -- Generating done
[1.266s] -- Build files have been written to: /home/aiv/ev_ws/perception/build/velodyne_pointcloud
[1.283s] Invoked command in '/home/aiv/ev_ws/perception/build/velodyne_pointcloud' returned '0': CMAKE_PREFIX_PATH=/home/aiv/ev_ws/perception/install/velodyne_msgs:/home/aiv/ev_ws/install/ev_msgs:/home/aiv/ev_ws/perception/install/make_bbox:/home/aiv/ev_ws/ev_msgs/install/ev_msgs:/home/aiv/ev_ws/carsa_gazebo/install/carsa_gazebo:/home/aiv/ev_ws/planning/install/planning_lc_ver:/home/aiv/ev_ws/erp42_ros/install/erp42_serial:/home/aiv/ev_ws/erp42_ros/install/erp42_rqt_plugin:/home/aiv/ev_ws/erp42_ros/install/erp42_gazebo:/home/aiv/ev_ws/erp42_ros/install/erp42_util:/home/aiv/ev_ws/erp42_ros/install/erp42_msgs:/home/aiv/ev_ws/erp42_ros/install/erp42_description:/home/aiv/ev_ws/erp42_ros/install/erp42_cmake:/home/aiv/ev_ws/perception/install/velodyne:/home/aiv/ev_ws/perception/install/lidar_launch:/home/aiv/ev_ws/perception/install/velodyne_pointcloud:/home/aiv/ev_ws/perception/install/velodyne_driver:/home/aiv/ev_ws/perception/install/velodyne_laserscan:/home/aiv/ev_ws/perception/install/velodyne_cropbox:/home/aiv/ev_ws/perception/install/patchworkpp:/home/aiv/ev_ws/perception/install/make_cylinder:/home/aiv/ev_ws/perception/install/lidar_voxel_grid:/home/aiv/ev_ws/perception/install/dbscan_clustering:/home/aiv/ev_ws/perception/install/cluster_splitter:/opt/ros/humble LD_LIBRARY_PATH=/home/aiv/ev_ws/perception/install/velodyne_msgs/lib:/home/aiv/ev_ws/install/ev_msgs/lib:/usr/local/cuda-12.6/lib64:/home/aiv/ev_ws/perception/install/make_bbox/lib:/usr/local/cuda-12.6/lib64:/home/aiv/ev_ws/ev_msgs/install/ev_msgs/lib:/home/aiv/ev_ws/planning/install/planning_lc_ver/lib:/home/aiv/ev_ws/erp42_ros/install/erp42_serial/lib:/home/aiv/ev_ws/erp42_ros/install/erp42_rqt_plugin/lib:/home/aiv/ev_ws/erp42_ros/install/erp42_gazebo/lib:/home/aiv/ev_ws/erp42_ros/install/erp42_util/lib:/home/aiv/ev_ws/erp42_ros/install/erp42_msgs/lib:/home/aiv/ev_ws/perception/install/velodyne_pointcloud/lib:/home/aiv/ev_ws/perception/install/velodyne_driver/lib:/home/aiv/ev_ws/perception/install/velodyne_laserscan/lib:/home/aiv/ev_ws/perception/install/velodyne_cropbox/lib:/home/aiv/ev_ws/perception/install/patchworkpp/lib:/home/aiv/ev_ws/perception/install/make_cylinder/lib:/home/aiv/ev_ws/perception/install/lidar_voxel_grid/lib:/home/aiv/ev_ws/perception/install/dbscan_clustering/lib:/home/aiv/ev_ws/perception/install/cluster_splitter/lib:/usr/lib/x86_64-linux-gnu/gazebo-11/plugins:/opt/ros/humble/opt/rviz_ogre_vendor/lib:/opt/ros/humble/lib/x86_64-linux-gnu:/opt/ros/humble/lib:/usr/local/cuda-12.6/lib64 /usr/bin/cmake /home/aiv/ev_ws/perception/src/lidar/velodyne_pointcloud -DAMENT_CMAKE_SYMLINK_INSTALL=1 -DCMAKE_INSTALL_PREFIX=/home/aiv/ev_ws/perception/install/velodyne_pointcloud
[1.285s] Invoking command in '/home/aiv/ev_ws/perception/build/velodyne_pointcloud': CMAKE_PREFIX_PATH=/home/aiv/ev_ws/perception/install/velodyne_msgs:/home/aiv/ev_ws/install/ev_msgs:/home/aiv/ev_ws/perception/install/make_bbox:/home/aiv/ev_ws/ev_msgs/install/ev_msgs:/home/aiv/ev_ws/carsa_gazebo/install/carsa_gazebo:/home/aiv/ev_ws/planning/install/planning_lc_ver:/home/aiv/ev_ws/erp42_ros/install/erp42_serial:/home/aiv/ev_ws/erp42_ros/install/erp42_rqt_plugin:/home/aiv/ev_ws/erp42_ros/install/erp42_gazebo:/home/aiv/ev_ws/erp42_ros/install/erp42_util:/home/aiv/ev_ws/erp42_ros/install/erp42_msgs:/home/aiv/ev_ws/erp42_ros/install/erp42_description:/home/aiv/ev_ws/erp42_ros/install/erp42_cmake:/home/aiv/ev_ws/perception/install/velodyne:/home/aiv/ev_ws/perception/install/lidar_launch:/home/aiv/ev_ws/perception/install/velodyne_pointcloud:/home/aiv/ev_ws/perception/install/velodyne_driver:/home/aiv/ev_ws/perception/install/velodyne_laserscan:/home/aiv/ev_ws/perception/install/velodyne_cropbox:/home/aiv/ev_ws/perception/install/patchworkpp:/home/aiv/ev_ws/perception/install/make_cylinder:/home/aiv/ev_ws/perception/install/lidar_voxel_grid:/home/aiv/ev_ws/perception/install/dbscan_clustering:/home/aiv/ev_ws/perception/install/cluster_splitter:/opt/ros/humble LD_LIBRARY_PATH=/home/aiv/ev_ws/perception/install/velodyne_msgs/lib:/home/aiv/ev_ws/install/ev_msgs/lib:/usr/local/cuda-12.6/lib64:/home/aiv/ev_ws/perception/install/make_bbox/lib:/usr/local/cuda-12.6/lib64:/home/aiv/ev_ws/ev_msgs/install/ev_msgs/lib:/home/aiv/ev_ws/planning/install/planning_lc_ver/lib:/home/aiv/ev_ws/erp42_ros/install/erp42_serial/lib:/home/aiv/ev_ws/erp42_ros/install/erp42_rqt_plugin/lib:/home/aiv/ev_ws/erp42_ros/install/erp42_gazebo/lib:/home/aiv/ev_ws/erp42_ros/install/erp42_util/lib:/home/aiv/ev_ws/erp42_ros/install/erp42_msgs/lib:/home/aiv/ev_ws/perception/install/velodyne_pointcloud/lib:/home/aiv/ev_ws/perception/install/velodyne_driver/lib:/home/aiv/ev_ws/perception/install/velodyne_laserscan/lib:/home/aiv/ev_ws/perception/install/velodyne_cropbox/lib:/home/aiv/ev_ws/perception/install/patchworkpp/lib:/home/aiv/ev_ws/perception/install/make_cylinder/lib:/home/aiv/ev_ws/perception/install/lidar_voxel_grid/lib:/home/aiv/ev_ws/perception/install/dbscan_clustering/lib:/home/aiv/ev_ws/perception/install/cluster_splitter/lib:/usr/lib/x86_64-linux-gnu/gazebo-11/plugins:/opt/ros/humble/opt/rviz_ogre_vendor/lib:/opt/ros/humble/lib/x86_64-linux-gnu:/opt/ros/humble/lib:/usr/local/cuda-12.6/lib64 /usr/bin/cmake --build /home/aiv/ev_ws/perception/build/velodyne_pointcloud -- -j28 -l28
[1.330s] [  5%] [32mBuilding CXX object gtest/CMakeFiles/gtest_main.dir/src/gtest_main.cc.o[0m
[1.331s] [ 11%] [32mBuilding CXX object CMakeFiles/velodyne_rawdata.dir/src/lib/rawdata.cpp.o[0m
[1.331s] [ 16%] [32mBuilding CXX object CMakeFiles/velodyne_cloud_types.dir/src/lib/organized_cloudXYZIRT.cpp.o[0m
[1.332s] [ 22%] [32mBuilding CXX object gtest/CMakeFiles/gtest.dir/src/gtest-all.cc.o[0m
[1.332s] [ 27%] [32mBuilding CXX object CMakeFiles/velodyne_cloud_types.dir/src/lib/pointcloudXYZIRT.cpp.o[0m
[1.332s] [ 33%] [32mBuilding CXX object CMakeFiles/velodyne_rawdata.dir/src/lib/calibration.cpp.o[0m
[1.913s] [ 38%] [32m[1mLinking CXX static library libgtest_main.a[0m
[1.945s] [ 38%] Built target gtest_main
[3.683s] [ 44%] [32m[1mLinking CXX static library libgtest.a[0m
[3.749s] [ 44%] Built target gtest
[3.769s] [ 50%] [32mBuilding CXX object tests/CMakeFiles/test_row_step.dir/test_row_step.cpp.o[0m
[4.327s] [ 55%] [32m[1mLinking CXX shared library libvelodyne_rawdata.so[0m
[4.447s] [ 55%] Built target velodyne_rawdata
[4.464s] [ 61%] [32mBuilding CXX object tests/CMakeFiles/test_calibration.dir/test_calibration.cpp.o[0m
[5.116s] [ 66%] [32m[1mLinking CXX executable test_calibration[0m
[5.262s] [ 66%] Built target test_calibration
[5.843s] [ 72%] [32m[1mLinking CXX shared library libvelodyne_cloud_types.so[0m
[5.935s] [ 72%] Built target velodyne_cloud_types
[5.955s] [ 77%] [32mBuilding CXX object CMakeFiles/transform.dir/src/conversions/transform.cpp.o[0m
[7.235s] [ 83%] [32m[1mLinking CXX executable test_row_step[0m
[7.384s] [ 83%] Built target test_row_step
[12.401s] [ 88%] [32m[1mLinking CXX shared library libtransform.so[0m
[12.710s] [ 88%] Built target transform
[12.725s] [ 94%] [32mBuilding CXX object CMakeFiles/velodyne_transform_node.dir/src/conversions/transform_node.cpp.o[0m
[15.530s] [100%] [32m[1mLinking CXX executable velodyne_transform_node[0m
[15.696s] [100%] Built target velodyne_transform_node
[15.705s] Invoked command in '/home/aiv/ev_ws/perception/build/velodyne_pointcloud' returned '0': CMAKE_PREFIX_PATH=/home/aiv/ev_ws/perception/install/velodyne_msgs:/home/aiv/ev_ws/install/ev_msgs:/home/aiv/ev_ws/perception/install/make_bbox:/home/aiv/ev_ws/ev_msgs/install/ev_msgs:/home/aiv/ev_ws/carsa_gazebo/install/carsa_gazebo:/home/aiv/ev_ws/planning/install/planning_lc_ver:/home/aiv/ev_ws/erp42_ros/install/erp42_serial:/home/aiv/ev_ws/erp42_ros/install/erp42_rqt_plugin:/home/aiv/ev_ws/erp42_ros/install/erp42_gazebo:/home/aiv/ev_ws/erp42_ros/install/erp42_util:/home/aiv/ev_ws/erp42_ros/install/erp42_msgs:/home/aiv/ev_ws/erp42_ros/install/erp42_description:/home/aiv/ev_ws/erp42_ros/install/erp42_cmake:/home/aiv/ev_ws/perception/install/velodyne:/home/aiv/ev_ws/perception/install/lidar_launch:/home/aiv/ev_ws/perception/install/velodyne_pointcloud:/home/aiv/ev_ws/perception/install/velodyne_driver:/home/aiv/ev_ws/perception/install/velodyne_laserscan:/home/aiv/ev_ws/perception/install/velodyne_cropbox:/home/aiv/ev_ws/perception/install/patchworkpp:/home/aiv/ev_ws/perception/install/make_cylinder:/home/aiv/ev_ws/perception/install/lidar_voxel_grid:/home/aiv/ev_ws/perception/install/dbscan_clustering:/home/aiv/ev_ws/perception/install/cluster_splitter:/opt/ros/humble LD_LIBRARY_PATH=/home/aiv/ev_ws/perception/install/velodyne_msgs/lib:/home/aiv/ev_ws/install/ev_msgs/lib:/usr/local/cuda-12.6/lib64:/home/aiv/ev_ws/perception/install/make_bbox/lib:/usr/local/cuda-12.6/lib64:/home/aiv/ev_ws/ev_msgs/install/ev_msgs/lib:/home/aiv/ev_ws/planning/install/planning_lc_ver/lib:/home/aiv/ev_ws/erp42_ros/install/erp42_serial/lib:/home/aiv/ev_ws/erp42_ros/install/erp42_rqt_plugin/lib:/home/aiv/ev_ws/erp42_ros/install/erp42_gazebo/lib:/home/aiv/ev_ws/erp42_ros/install/erp42_util/lib:/home/aiv/ev_ws/erp42_ros/install/erp42_msgs/lib:/home/aiv/ev_ws/perception/install/velodyne_pointcloud/lib:/home/aiv/ev_ws/perception/install/velodyne_driver/lib:/home/aiv/ev_ws/perception/install/velodyne_laserscan/lib:/home/aiv/ev_ws/perception/install/velodyne_cropbox/lib:/home/aiv/ev_ws/perception/install/patchworkpp/lib:/home/aiv/ev_ws/perception/install/make_cylinder/lib:/home/aiv/ev_ws/perception/install/lidar_voxel_grid/lib:/home/aiv/ev_ws/perception/install/dbscan_clustering/lib:/home/aiv/ev_ws/perception/install/cluster_splitter/lib:/usr/lib/x86_64-linux-gnu/gazebo-11/plugins:/opt/ros/humble/opt/rviz_ogre_vendor/lib:/opt/ros/humble/lib/x86_64-linux-gnu:/opt/ros/humble/lib:/usr/local/cuda-12.6/lib64 /usr/bin/cmake --build /home/aiv/ev_ws/perception/build/velodyne_pointcloud -- -j28 -l28
[15.705s] Invoking command in '/home/aiv/ev_ws/perception/build/velodyne_pointcloud': CMAKE_PREFIX_PATH=/home/aiv/ev_ws/perception/install/velodyne_msgs:/home/aiv/ev_ws/install/ev_msgs:/home/aiv/ev_ws/perception/install/make_bbox:/home/aiv/ev_ws/ev_msgs/install/ev_msgs:/home/aiv/ev_ws/carsa_gazebo/install/carsa_gazebo:/home/aiv/ev_ws/planning/install/planning_lc_ver:/home/aiv/ev_ws/erp42_ros/install/erp42_serial:/home/aiv/ev_ws/erp42_ros/install/erp42_rqt_plugin:/home/aiv/ev_ws/erp42_ros/install/erp42_gazebo:/home/aiv/ev_ws/erp42_ros/install/erp42_util:/home/aiv/ev_ws/erp42_ros/install/erp42_msgs:/home/aiv/ev_ws/erp42_ros/install/erp42_description:/home/aiv/ev_ws/erp42_ros/install/erp42_cmake:/home/aiv/ev_ws/perception/install/velodyne:/home/aiv/ev_ws/perception/install/lidar_launch:/home/aiv/ev_ws/perception/install/velodyne_pointcloud:/home/aiv/ev_ws/perception/install/velodyne_driver:/home/aiv/ev_ws/perception/install/velodyne_laserscan:/home/aiv/ev_ws/perception/install/velodyne_cropbox:/home/aiv/ev_ws/perception/install/patchworkpp:/home/aiv/ev_ws/perception/install/make_cylinder:/home/aiv/ev_ws/perception/install/lidar_voxel_grid:/home/aiv/ev_ws/perception/install/dbscan_clustering:/home/aiv/ev_ws/perception/install/cluster_splitter:/opt/ros/humble LD_LIBRARY_PATH=/home/aiv/ev_ws/perception/install/velodyne_msgs/lib:/home/aiv/ev_ws/install/ev_msgs/lib:/usr/local/cuda-12.6/lib64:/home/aiv/ev_ws/perception/install/make_bbox/lib:/usr/local/cuda-12.6/lib64:/home/aiv/ev_ws/ev_msgs/install/ev_msgs/lib:/home/aiv/ev_ws/planning/install/planning_lc_ver/lib:/home/aiv/ev_ws/erp42_ros/install/erp42_serial/lib:/home/aiv/ev_ws/erp42_ros/install/erp42_rqt_plugin/lib:/home/aiv/ev_ws/erp42_ros/install/erp42_gazebo/lib:/home/aiv/ev_ws/erp42_ros/install/erp42_util/lib:/home/aiv/ev_ws/erp42_ros/install/erp42_msgs/lib:/home/aiv/ev_ws/perception/install/velodyne_pointcloud/lib:/home/aiv/ev_ws/perception/install/velodyne_driver/lib:/home/aiv/ev_ws/perception/install/velodyne_laserscan/lib:/home/aiv/ev_ws/perception/install/velodyne_cropbox/lib:/home/aiv/ev_ws/perception/install/patchworkpp/lib:/home/aiv/ev_ws/perception/install/make_cylinder/lib:/home/aiv/ev_ws/perception/install/lidar_voxel_grid/lib:/home/aiv/ev_ws/perception/install/dbscan_clustering/lib:/home/aiv/ev_ws/perception/install/cluster_splitter/lib:/usr/lib/x86_64-linux-gnu/gazebo-11/plugins:/opt/ros/humble/opt/rviz_ogre_vendor/lib:/opt/ros/humble/lib/x86_64-linux-gnu:/opt/ros/humble/lib:/usr/local/cuda-12.6/lib64 /usr/bin/cmake --install /home/aiv/ev_ws/perception/build/velodyne_pointcloud
[15.712s] -- Install configuration: ""
[15.712s] -- Execute custom install script
[15.712s] -- Symlinking: /home/aiv/ev_ws/perception/install/velodyne_pointcloud/lib/velodyne_pointcloud/velodyne_transform_node
[15.719s] -- Symlinking: /home/aiv/ev_ws/perception/install/velodyne_pointcloud/include/velodyne_pointcloud/calibration.hpp
[15.723s] -- Symlinking: /home/aiv/ev_ws/perception/install/velodyne_pointcloud/include/velodyne_pointcloud/datacontainerbase.hpp
[15.729s] -- Symlinking: /home/aiv/ev_ws/perception/install/velodyne_pointcloud/include/velodyne_pointcloud/organized_cloudXYZIRT.hpp
[15.736s] -- Symlinking: /home/aiv/ev_ws/perception/install/velodyne_pointcloud/include/velodyne_pointcloud/pointcloudXYZIRT.hpp
[15.741s] -- Symlinking: /home/aiv/ev_ws/perception/install/velodyne_pointcloud/include/velodyne_pointcloud/rawdata.hpp
[15.747s] -- Symlinking: /home/aiv/ev_ws/perception/install/velodyne_pointcloud/include/velodyne_pointcloud/transform.hpp
[15.753s] -- Symlinking: /home/aiv/ev_ws/perception/install/velodyne_pointcloud/share/velodyne_pointcloud/config/VLP16-velodyne_transform_node-params.yaml
[15.759s] -- Symlinking: /home/aiv/ev_ws/perception/install/velodyne_pointcloud/share/velodyne_pointcloud/config/VLP32C-velodyne_transform_node-params.yaml
[15.764s] -- Symlinking: /home/aiv/ev_ws/perception/install/velodyne_pointcloud/share/velodyne_pointcloud/config/VLS128-velodyne_transform_node-params.yaml
[15.770s] -- Symlinking: /home/aiv/ev_ws/perception/install/velodyne_pointcloud/share/velodyne_pointcloud/launch/velodyne_transform_node-VLP16-composed-launch.py
[15.775s] -- Symlinking: /home/aiv/ev_ws/perception/install/velodyne_pointcloud/share/velodyne_pointcloud/launch/velodyne_transform_node-VLP16-launch.py
[15.780s] -- Symlinking: /home/aiv/ev_ws/perception/install/velodyne_pointcloud/share/velodyne_pointcloud/launch/velodyne_transform_node-VLP32C-composed-launch.py
[15.785s] -- Symlinking: /home/aiv/ev_ws/perception/install/velodyne_pointcloud/share/velodyne_pointcloud/launch/velodyne_transform_node-VLP32C-launch.py
[15.790s] -- Symlinking: /home/aiv/ev_ws/perception/install/velodyne_pointcloud/share/velodyne_pointcloud/launch/velodyne_transform_node-VLS128-composed-launch.py
[15.795s] -- Symlinking: /home/aiv/ev_ws/perception/install/velodyne_pointcloud/share/velodyne_pointcloud/launch/velodyne_transform_node-VLS128-launch.py
[15.799s] -- Symlinking: /home/aiv/ev_ws/perception/install/velodyne_pointcloud/share/velodyne_pointcloud/params/32db.yaml
[15.805s] -- Symlinking: /home/aiv/ev_ws/perception/install/velodyne_pointcloud/share/velodyne_pointcloud/params/64e_s2.1-sztaki.yaml
[15.809s] -- Symlinking: /home/aiv/ev_ws/perception/install/velodyne_pointcloud/share/velodyne_pointcloud/params/64e_s3-xiesc.yaml
[15.814s] -- Symlinking: /home/aiv/ev_ws/perception/install/velodyne_pointcloud/share/velodyne_pointcloud/params/64e_utexas.yaml
[15.820s] -- Symlinking: /home/aiv/ev_ws/perception/install/velodyne_pointcloud/share/velodyne_pointcloud/params/VLP16_hires_db.yaml
[15.828s] -- Symlinking: /home/aiv/ev_ws/perception/install/velodyne_pointcloud/share/velodyne_pointcloud/params/VLP16db.yaml
[15.833s] -- Symlinking: /home/aiv/ev_ws/perception/install/velodyne_pointcloud/share/velodyne_pointcloud/params/VLS128.yaml
[15.839s] -- Symlinking: /home/aiv/ev_ws/perception/install/velodyne_pointcloud/share/velodyne_pointcloud/params/VeloView-VLP-32C.yaml
[15.846s] -- Symlinking: /home/aiv/ev_ws/perception/install/velodyne_pointcloud/share/velodyne_pointcloud/params/issue_84_float_intensities.yaml
[15.853s] -- Symlinking: /home/aiv/ev_ws/perception/install/velodyne_pointcloud/share/velodyne_pointcloud/params/rviz_points.vcg
[15.858s] -- Symlinking: /home/aiv/ev_ws/perception/install/velodyne_pointcloud/share/velodyne_pointcloud/environment/library_path.sh
[15.862s] -- Symlinking: /home/aiv/ev_ws/perception/install/velodyne_pointcloud/share/velodyne_pointcloud/environment/library_path.dsv
[15.868s] -- Symlinking: /home/aiv/ev_ws/perception/install/velodyne_pointcloud/share/ament_index/resource_index/package_run_dependencies/velodyne_pointcloud
[15.873s] -- Symlinking: /home/aiv/ev_ws/perception/install/velodyne_pointcloud/share/ament_index/resource_index/parent_prefix_path/velodyne_pointcloud
[15.879s] -- Symlinking: /home/aiv/ev_ws/perception/install/velodyne_pointcloud/share/velodyne_pointcloud/environment/ament_prefix_path.sh
[15.885s] -- Symlinking: /home/aiv/ev_ws/perception/install/velodyne_pointcloud/share/velodyne_pointcloud/environment/ament_prefix_path.dsv
[15.890s] -- Symlinking: /home/aiv/ev_ws/perception/install/velodyne_pointcloud/share/velodyne_pointcloud/environment/path.sh
[15.895s] -- Symlinking: /home/aiv/ev_ws/perception/install/velodyne_pointcloud/share/velodyne_pointcloud/environment/path.dsv
[15.900s] -- Symlinking: /home/aiv/ev_ws/perception/install/velodyne_pointcloud/share/velodyne_pointcloud/local_setup.bash
[15.905s] -- Symlinking: /home/aiv/ev_ws/perception/install/velodyne_pointcloud/share/velodyne_pointcloud/local_setup.sh
[15.911s] -- Symlinking: /home/aiv/ev_ws/perception/install/velodyne_pointcloud/share/velodyne_pointcloud/local_setup.zsh
[15.917s] -- Symlinking: /home/aiv/ev_ws/perception/install/velodyne_pointcloud/share/velodyne_pointcloud/local_setup.dsv
[15.922s] -- Symlinking: /home/aiv/ev_ws/perception/install/velodyne_pointcloud/share/velodyne_pointcloud/package.dsv
[15.928s] -- Symlinking: /home/aiv/ev_ws/perception/install/velodyne_pointcloud/share/ament_index/resource_index/packages/velodyne_pointcloud
[15.935s] -- Symlinking: /home/aiv/ev_ws/perception/install/velodyne_pointcloud/share/ament_index/resource_index/rclcpp_components/velodyne_pointcloud
[15.940s] -- Symlinking: /home/aiv/ev_ws/perception/install/velodyne_pointcloud/share/velodyne_pointcloud/cmake/ament_cmake_export_include_directories-extras.cmake
[15.946s] -- Symlinking: /home/aiv/ev_ws/perception/install/velodyne_pointcloud/share/velodyne_pointcloud/cmake/ament_cmake_export_dependencies-extras.cmake
[15.951s] -- Symlinking: /home/aiv/ev_ws/perception/install/velodyne_pointcloud/share/velodyne_pointcloud/cmake/ament_cmake_export_libraries-extras.cmake
[15.956s] -- Symlinking: /home/aiv/ev_ws/perception/install/velodyne_pointcloud/share/velodyne_pointcloud/cmake/ament_cmake_export_targets-extras.cmake
[15.962s] -- Symlinking: /home/aiv/ev_ws/perception/install/velodyne_pointcloud/share/velodyne_pointcloud/cmake/velodyne_pointcloudConfig.cmake
[15.967s] -- Symlinking: /home/aiv/ev_ws/perception/install/velodyne_pointcloud/share/velodyne_pointcloud/cmake/velodyne_pointcloudConfig-version.cmake
[15.973s] -- Symlinking: /home/aiv/ev_ws/perception/install/velodyne_pointcloud/share/velodyne_pointcloud/package.xml
[15.978s] -- Installing: /home/aiv/ev_ws/perception/install/velodyne_pointcloud/lib/libvelodyne_cloud_types.so
[15.979s] -- Set runtime path of "/home/aiv/ev_ws/perception/install/velodyne_pointcloud/lib/libvelodyne_cloud_types.so" to ""
[15.979s] -- Installing: /home/aiv/ev_ws/perception/install/velodyne_pointcloud/lib/libvelodyne_rawdata.so
[15.979s] -- Set runtime path of "/home/aiv/ev_ws/perception/install/velodyne_pointcloud/lib/libvelodyne_rawdata.so" to ""
[15.979s] -- Installing: /home/aiv/ev_ws/perception/install/velodyne_pointcloud/lib/libtransform.so
[15.983s] -- Set runtime path of "/home/aiv/ev_ws/perception/install/velodyne_pointcloud/lib/libtransform.so" to ""
[15.983s] -- Installing: /home/aiv/ev_ws/perception/install/velodyne_pointcloud/share/velodyne_pointcloud/cmake/velodyne_pointcloudExport.cmake
[15.983s] -- Installing: /home/aiv/ev_ws/perception/install/velodyne_pointcloud/share/velodyne_pointcloud/cmake/velodyne_pointcloudExport-noconfig.cmake
[15.985s] Invoked command in '/home/aiv/ev_ws/perception/build/velodyne_pointcloud' returned '0': CMAKE_PREFIX_PATH=/home/aiv/ev_ws/perception/install/velodyne_msgs:/home/aiv/ev_ws/install/ev_msgs:/home/aiv/ev_ws/perception/install/make_bbox:/home/aiv/ev_ws/ev_msgs/install/ev_msgs:/home/aiv/ev_ws/carsa_gazebo/install/carsa_gazebo:/home/aiv/ev_ws/planning/install/planning_lc_ver:/home/aiv/ev_ws/erp42_ros/install/erp42_serial:/home/aiv/ev_ws/erp42_ros/install/erp42_rqt_plugin:/home/aiv/ev_ws/erp42_ros/install/erp42_gazebo:/home/aiv/ev_ws/erp42_ros/install/erp42_util:/home/aiv/ev_ws/erp42_ros/install/erp42_msgs:/home/aiv/ev_ws/erp42_ros/install/erp42_description:/home/aiv/ev_ws/erp42_ros/install/erp42_cmake:/home/aiv/ev_ws/perception/install/velodyne:/home/aiv/ev_ws/perception/install/lidar_launch:/home/aiv/ev_ws/perception/install/velodyne_pointcloud:/home/aiv/ev_ws/perception/install/velodyne_driver:/home/aiv/ev_ws/perception/install/velodyne_laserscan:/home/aiv/ev_ws/perception/install/velodyne_cropbox:/home/aiv/ev_ws/perception/install/patchworkpp:/home/aiv/ev_ws/perception/install/make_cylinder:/home/aiv/ev_ws/perception/install/lidar_voxel_grid:/home/aiv/ev_ws/perception/install/dbscan_clustering:/home/aiv/ev_ws/perception/install/cluster_splitter:/opt/ros/humble LD_LIBRARY_PATH=/home/aiv/ev_ws/perception/install/velodyne_msgs/lib:/home/aiv/ev_ws/install/ev_msgs/lib:/usr/local/cuda-12.6/lib64:/home/aiv/ev_ws/perception/install/make_bbox/lib:/usr/local/cuda-12.6/lib64:/home/aiv/ev_ws/ev_msgs/install/ev_msgs/lib:/home/aiv/ev_ws/planning/install/planning_lc_ver/lib:/home/aiv/ev_ws/erp42_ros/install/erp42_serial/lib:/home/aiv/ev_ws/erp42_ros/install/erp42_rqt_plugin/lib:/home/aiv/ev_ws/erp42_ros/install/erp42_gazebo/lib:/home/aiv/ev_ws/erp42_ros/install/erp42_util/lib:/home/aiv/ev_ws/erp42_ros/install/erp42_msgs/lib:/home/aiv/ev_ws/perception/install/velodyne_pointcloud/lib:/home/aiv/ev_ws/perception/install/velodyne_driver/lib:/home/aiv/ev_ws/perception/install/velodyne_laserscan/lib:/home/aiv/ev_ws/perception/install/velodyne_cropbox/lib:/home/aiv/ev_ws/perception/install/patchworkpp/lib:/home/aiv/ev_ws/perception/install/make_cylinder/lib:/home/aiv/ev_ws/perception/install/lidar_voxel_grid/lib:/home/aiv/ev_ws/perception/install/dbscan_clustering/lib:/home/aiv/ev_ws/perception/install/cluster_splitter/lib:/usr/lib/x86_64-linux-gnu/gazebo-11/plugins:/opt/ros/humble/opt/rviz_ogre_vendor/lib:/opt/ros/humble/lib/x86_64-linux-gnu:/opt/ros/humble/lib:/usr/local/cuda-12.6/lib64 /usr/bin/cmake --install /home/aiv/ev_ws/perception/build/velodyne_pointcloud
