[0.006s] Invoking command in '/home/aiv/ev_ws/perception/build/make_bbox': CMAKE_PREFIX_PATH=${CMAKE_PREFIX_PATH}:/opt/ros/humble /usr/bin/cmake /home/aiv/ev_ws/perception/src/lidar/make_bbox -DCMAKE_INSTALL_PREFIX=/home/aiv/ev_ws/perception/install/make_bbox
[0.016s] -- Found ament_cmake: 1.3.12 (/opt/ros/humble/share/ament_cmake/cmake)
[0.083s] -- Override CMake install command with custom implementation using symlinks instead of copying resources
[0.086s] -- Found rclcpp: 16.0.17 (/opt/ros/humble/share/rclcpp/cmake)
[0.099s] -- Found rosidl_generator_c: 3.1.8 (/opt/ros/humble/share/rosidl_generator_c/cmake)
[0.100s] -- Found rosidl_adapter: 3.1.8 (/opt/ros/humble/share/rosidl_adapter/cmake)
[0.103s] -- Found rosidl_generator_cpp: 3.1.8 (/opt/ros/humble/share/rosidl_generator_cpp/cmake)
[0.108s] -- Using all available rosidl_typesupport_c: rosidl_typesupport_fastrtps_c;rosidl_typesupport_introspection_c
[0.115s] -- Using all available rosidl_typesupport_cpp: rosidl_typesupport_fastrtps_cpp;rosidl_typesupport_introspection_cpp
[0.131s] -- Found rmw_implementation_cmake: 6.1.2 (/opt/ros/humble/share/rmw_implementation_cmake/cmake)
[0.132s] -- Found rmw_fastrtps_cpp: 6.2.9 (/opt/ros/humble/share/rmw_fastrtps_cpp/cmake)
[0.185s] -- Using RMW implementation 'rmw_fastrtps_cpp' as default
[0.208s] -- Found rclcpp_components: 16.0.17 (/opt/ros/humble/share/rclcpp_components/cmake)
[0.216s] -- Found sensor_msgs: 4.9.0 (/opt/ros/humble/share/sensor_msgs/cmake)
[0.230s] -- Found visualization_msgs: 4.9.0 (/opt/ros/humble/share/visualization_msgs/cmake)
[0.239s] -- Found ev_msgs: 0.1.0 (/home/aiv/ev_ws/ev_msgs/install/ev_msgs/share/ev_msgs/cmake)
[0.281s] -- Configuring done
[0.287s] -- Generating done
[0.289s] -- Build files have been written to: /home/aiv/ev_ws/perception/build/make_bbox
[0.293s] Invoked command in '/home/aiv/ev_ws/perception/build/make_bbox' returned '0': CMAKE_PREFIX_PATH=${CMAKE_PREFIX_PATH}:/opt/ros/humble /usr/bin/cmake /home/aiv/ev_ws/perception/src/lidar/make_bbox -DCMAKE_INSTALL_PREFIX=/home/aiv/ev_ws/perception/install/make_bbox
[0.294s] Invoking command in '/home/aiv/ev_ws/perception/build/make_bbox': CMAKE_PREFIX_PATH=${CMAKE_PREFIX_PATH}:/opt/ros/humble /usr/bin/cmake --build /home/aiv/ev_ws/perception/build/make_bbox -- -j28 -l28
[0.321s] Consolidate compiler generated dependencies of target make_bbox_node
[0.328s] [ 25%] Building CXX object CMakeFiles/make_bbox_component.dir/src/make_bbox_node.cpp.o
[0.331s] [ 75%] Built target make_bbox_node
[4.538s] [100%] Linking CXX shared library libmake_bbox_component.so
[4.774s] [100%] Built target make_bbox_component
[4.781s] Invoked command in '/home/aiv/ev_ws/perception/build/make_bbox' returned '0': CMAKE_PREFIX_PATH=${CMAKE_PREFIX_PATH}:/opt/ros/humble /usr/bin/cmake --build /home/aiv/ev_ws/perception/build/make_bbox -- -j28 -l28
[4.788s] Invoking command in '/home/aiv/ev_ws/perception/build/make_bbox': CMAKE_PREFIX_PATH=${CMAKE_PREFIX_PATH}:/opt/ros/humble /usr/bin/cmake --install /home/aiv/ev_ws/perception/build/make_bbox
[4.793s] -- Install configuration: ""
[4.793s] -- Execute custom install script
[4.793s] -- Symlinking: /home/aiv/ev_ws/perception/install/make_bbox/lib/make_bbox/make_bbox_node
[4.799s] -- Symlinking: /home/aiv/ev_ws/perception/install/make_bbox/lib/libmake_bbox_component.so
[4.804s] -- Symlinking: /home/aiv/ev_ws/perception/install/make_bbox/include/make_bbox/make_bbox_node.hpp
[4.809s] -- Symlinking: /home/aiv/ev_ws/perception/install/make_bbox/share/ament_index/resource_index/package_run_dependencies/make_bbox
[4.815s] -- Symlinking: /home/aiv/ev_ws/perception/install/make_bbox/share/ament_index/resource_index/parent_prefix_path/make_bbox
[4.821s] -- Symlinking: /home/aiv/ev_ws/perception/install/make_bbox/share/make_bbox/environment/ament_prefix_path.sh
[4.826s] -- Symlinking: /home/aiv/ev_ws/perception/install/make_bbox/share/make_bbox/environment/ament_prefix_path.dsv
[4.831s] -- Symlinking: /home/aiv/ev_ws/perception/install/make_bbox/share/make_bbox/environment/path.sh
[4.836s] -- Symlinking: /home/aiv/ev_ws/perception/install/make_bbox/share/make_bbox/environment/path.dsv
[4.840s] -- Symlinking: /home/aiv/ev_ws/perception/install/make_bbox/share/make_bbox/local_setup.bash
[4.845s] -- Symlinking: /home/aiv/ev_ws/perception/install/make_bbox/share/make_bbox/local_setup.sh
[4.850s] -- Symlinking: /home/aiv/ev_ws/perception/install/make_bbox/share/make_bbox/local_setup.zsh
[4.854s] -- Symlinking: /home/aiv/ev_ws/perception/install/make_bbox/share/make_bbox/local_setup.dsv
[4.858s] -- Symlinking: /home/aiv/ev_ws/perception/install/make_bbox/share/make_bbox/package.dsv
[4.862s] -- Symlinking: /home/aiv/ev_ws/perception/install/make_bbox/share/ament_index/resource_index/packages/make_bbox
[4.866s] -- Symlinking: /home/aiv/ev_ws/perception/install/make_bbox/share/ament_index/resource_index/rclcpp_components/make_bbox
[4.871s] -- Symlinking: /home/aiv/ev_ws/perception/install/make_bbox/share/make_bbox/cmake/make_bboxConfig.cmake
[4.874s] -- Symlinking: /home/aiv/ev_ws/perception/install/make_bbox/share/make_bbox/cmake/make_bboxConfig-version.cmake
[4.880s] -- Symlinking: /home/aiv/ev_ws/perception/install/make_bbox/share/make_bbox/package.xml
[4.885s] Invoked command in '/home/aiv/ev_ws/perception/build/make_bbox' returned '0': CMAKE_PREFIX_PATH=${CMAKE_PREFIX_PATH}:/opt/ros/humble /usr/bin/cmake --install /home/aiv/ev_ws/perception/build/make_bbox
