-- The C compiler identification is GNU 11.4.0
-- The CXX compiler identification is GNU 11.4.0
-- Detecting C compiler ABI info
-- Detecting C compiler ABI info - done
-- Check for working C compiler: /usr/bin/cc - skipped
-- Detecting C compile features
-- Detecting C compile features - done
-- Detecting CXX compiler ABI info
-- Detecting CXX compiler ABI info - done
-- Check for working CXX compiler: /usr/bin/c++ - skipped
-- Detecting CXX compile features
-- Detecting CXX compile features - done
-- Found erp42_cmake: 0.0.0 (/home/kimsohee/ev-1-5/ev-Autonomous-Vehicle-1-5/install/erp42_cmake/share/erp42_cmake/cmake)
-- Found ament_cmake_auto: 1.3.12 (/opt/ros/humble/share/ament_cmake_auto/cmake)
-- Found Python3: /usr/bin/python3 (found version "3.10.12") found components: Interpreter 
-- Override CMake install command with custom implementation using symlinks instead of copying resources
-- Found rosidl_generator_c: 3.1.8 (/opt/ros/humble/share/rosidl_generator_c/cmake)
-- Found rosidl_adapter: 3.1.8 (/opt/ros/humble/share/rosidl_adapter/cmake)
-- Found rosidl_generator_cpp: 3.1.8 (/opt/ros/humble/share/rosidl_generator_cpp/cmake)
-- Using all available rosidl_typesupport_c: rosidl_typesupport_fastrtps_c;rosidl_typesupport_introspection_c
-- Using all available rosidl_typesupport_cpp: rosidl_typesupport_fastrtps_cpp;rosidl_typesupport_introspection_cpp
-- Found rmw_implementation_cmake: 6.1.2 (/opt/ros/humble/share/rmw_implementation_cmake/cmake)
-- Found rmw_fastrtps_cpp: 6.2.9 (/opt/ros/humble/share/rmw_fastrtps_cpp/cmake)
-- Found OpenSSL: /usr/lib/aarch64-linux-gnu/libcrypto.so (found version "3.0.2")  
-- Found FastRTPS: /opt/ros/humble/include  
-- Using RMW implementation 'rmw_fastrtps_cpp' as default
-- Looking for pthread.h
-- Looking for pthread.h - found
-- Performing Test CMAKE_HAVE_LIBC_PTHREAD
-- Performing Test CMAKE_HAVE_LIBC_PTHREAD - Success
-- Found Threads: TRUE  
-- Configuring done
-- Generating done
-- Build files have been written to: /home/kimsohee/ev-1-5/ev-Autonomous-Vehicle-1-5/build/erp42_serial
[ 14%] [32mBuilding CXX object CMakeFiles/serial_bridge_composable.dir/rclcpp_components/node_main_serial_bridge_composable.cpp.o[0m
[ 28%] [32mBuilding CXX object CMakeFiles/erp42_serial.dir/src/serial_port.cpp.o[0m
[ 42%] [32mBuilding CXX object CMakeFiles/erp42_serial.dir/src/serial_bridge.cpp.o[0m
[ 57%] [32m[1mLinking CXX executable serial_bridge_composable[0m
[ 57%] Built target serial_bridge_composable
[ 71%] [32m[1mLinking CXX shared library liberp42_serial.so[0m
[ 71%] Built target erp42_serial
[ 85%] [32mBuilding CXX object CMakeFiles/serial_bridge.dir/node/serial_bridge_node.cpp.o[0m
[100%] [32m[1mLinking CXX executable serial_bridge[0m
[100%] Built target serial_bridge
-- Install configuration: ""
-- Execute custom install script
-- Symlinking: /home/kimsohee/ev-1-5/ev-Autonomous-Vehicle-1-5/install/erp42_serial/lib/erp42_serial/serial_bridge_composable
-- Symlinking: /home/kimsohee/ev-1-5/ev-Autonomous-Vehicle-1-5/install/erp42_serial/include/erp42_serial/erp42_serial/serial_bridge.hpp
-- Symlinking: /home/kimsohee/ev-1-5/ev-Autonomous-Vehicle-1-5/install/erp42_serial/include/erp42_serial/erp42_serial/serial_packet.hpp
-- Symlinking: /home/kimsohee/ev-1-5/ev-Autonomous-Vehicle-1-5/install/erp42_serial/include/erp42_serial/erp42_serial/serial_port.hpp
-- Symlinking: /home/kimsohee/ev-1-5/ev-Autonomous-Vehicle-1-5/install/erp42_serial/share/erp42_serial/environment/library_path.sh
-- Symlinking: /home/kimsohee/ev-1-5/ev-Autonomous-Vehicle-1-5/install/erp42_serial/share/erp42_serial/environment/library_path.dsv
-- Symlinking: /home/kimsohee/ev-1-5/ev-Autonomous-Vehicle-1-5/install/erp42_serial/lib/liberp42_serial.so
-- Symlinking: /home/kimsohee/ev-1-5/ev-Autonomous-Vehicle-1-5/install/erp42_serial/lib/erp42_serial/serial_bridge
-- Symlinking: /home/kimsohee/ev-1-5/ev-Autonomous-Vehicle-1-5/install/erp42_serial/share/ament_index/resource_index/package_run_dependencies/erp42_serial
-- Symlinking: /home/kimsohee/ev-1-5/ev-Autonomous-Vehicle-1-5/install/erp42_serial/share/ament_index/resource_index/parent_prefix_path/erp42_serial
-- Symlinking: /home/kimsohee/ev-1-5/ev-Autonomous-Vehicle-1-5/install/erp42_serial/share/erp42_serial/environment/ament_prefix_path.sh
-- Symlinking: /home/kimsohee/ev-1-5/ev-Autonomous-Vehicle-1-5/install/erp42_serial/share/erp42_serial/environment/ament_prefix_path.dsv
-- Symlinking: /home/kimsohee/ev-1-5/ev-Autonomous-Vehicle-1-5/install/erp42_serial/share/erp42_serial/environment/path.sh
-- Symlinking: /home/kimsohee/ev-1-5/ev-Autonomous-Vehicle-1-5/install/erp42_serial/share/erp42_serial/environment/path.dsv
-- Symlinking: /home/kimsohee/ev-1-5/ev-Autonomous-Vehicle-1-5/install/erp42_serial/share/erp42_serial/local_setup.bash
-- Symlinking: /home/kimsohee/ev-1-5/ev-Autonomous-Vehicle-1-5/install/erp42_serial/share/erp42_serial/local_setup.sh
-- Symlinking: /home/kimsohee/ev-1-5/ev-Autonomous-Vehicle-1-5/install/erp42_serial/share/erp42_serial/local_setup.zsh
-- Symlinking: /home/kimsohee/ev-1-5/ev-Autonomous-Vehicle-1-5/install/erp42_serial/share/erp42_serial/local_setup.dsv
-- Symlinking: /home/kimsohee/ev-1-5/ev-Autonomous-Vehicle-1-5/install/erp42_serial/share/erp42_serial/package.dsv
-- Symlinking: /home/kimsohee/ev-1-5/ev-Autonomous-Vehicle-1-5/install/erp42_serial/share/ament_index/resource_index/packages/erp42_serial
-- Symlinking: /home/kimsohee/ev-1-5/ev-Autonomous-Vehicle-1-5/install/erp42_serial/share/ament_index/resource_index/rclcpp_components/erp42_serial
-- Symlinking: /home/kimsohee/ev-1-5/ev-Autonomous-Vehicle-1-5/install/erp42_serial/share/erp42_serial/cmake/ament_cmake_export_dependencies-extras.cmake
-- Symlinking: /home/kimsohee/ev-1-5/ev-Autonomous-Vehicle-1-5/install/erp42_serial/share/erp42_serial/cmake/ament_cmake_export_include_directories-extras.cmake
-- Symlinking: /home/kimsohee/ev-1-5/ev-Autonomous-Vehicle-1-5/install/erp42_serial/share/erp42_serial/cmake/ament_cmake_export_libraries-extras.cmake
-- Symlinking: /home/kimsohee/ev-1-5/ev-Autonomous-Vehicle-1-5/install/erp42_serial/share/erp42_serial/cmake/erp42_serialConfig.cmake
-- Symlinking: /home/kimsohee/ev-1-5/ev-Autonomous-Vehicle-1-5/install/erp42_serial/share/erp42_serial/cmake/erp42_serialConfig-version.cmake
-- Symlinking: /home/kimsohee/ev-1-5/ev-Autonomous-Vehicle-1-5/install/erp42_serial/share/erp42_serial/package.xml
-- Symlinking: /home/kimsohee/ev-1-5/ev-Autonomous-Vehicle-1-5/install/erp42_serial/share/erp42_serial/config/serial_bridge.param.yaml
-- Symlinking: /home/kimsohee/ev-1-5/ev-Autonomous-Vehicle-1-5/install/erp42_serial/share/erp42_serial/launch/serial_bridge.launch.py
