[0.014s] Invoking command in '/home/aiv/ev_ws/build/t870_serial': AMENT_PREFIX_PATH=/home/aiv/ev_ws/install/t870_util:/home/aiv/ev_ws/install/t870_msgs:/home/aiv/ev_ws/install/t870_cmake:${AMENT_PREFIX_PATH} CMAKE_PREFIX_PATH=/home/aiv/ev_ws/install/t870_util:/home/aiv/ev_ws/install/t870_msgs:/home/aiv/ev_ws/install/t870_cmake:/home/aiv/ev_ws/carsa_gazebo/install/carsa_gazebo:/home/aiv/ev_ws/planning/install/chaining_costmap_ver:/home/aiv/ev_ws/ev_msgs/install/ev_msgs:/home/aiv/ev_ws/erp42_ros/install/erp42_serial:/home/aiv/ev_ws/erp42_ros/install/erp42_rqt_plugin:/home/aiv/ev_ws/erp42_ros/install/erp42_gazebo:/home/aiv/ev_ws/erp42_ros/install/erp42_util:/home/aiv/ev_ws/erp42_ros/install/erp42_msgs:/home/aiv/ev_ws/erp42_ros/install/erp42_description:/home/aiv/ev_ws/erp42_ros/install/erp42_cmake:/home/aiv/ev_ws/perception/install/velodyne:/home/aiv/ev_ws/perception/install/lidar_launch:/home/aiv/ev_ws/perception/install/velodyne_pointcloud:/home/aiv/ev_ws/perception/install/velodyne_driver:/home/aiv/ev_ws/perception/install/velodyne_msgs:/home/aiv/ev_ws/perception/install/velodyne_cropbox:/home/aiv/ev_ws/perception/install/patchworkpp:/home/aiv/ev_ws/perception/install/make_bbox:/home/aiv/ev_ws/perception/install/lidar_voxel_grid:/home/aiv/ev_ws/perception/install/dbscan_clustering:/home/aiv/ev_ws/perception/install/cluster_splitter:/opt/ros/humble LD_LIBRARY_PATH=/home/aiv/ev_ws/install/t870_util/lib:/home/aiv/ev_ws/install/t870_msgs/lib:${LD_LIBRARY_PATH} PYTHONPATH=/home/aiv/ev_ws/install/t870_msgs/local/lib/python3.10/dist-packages:${PYTHONPATH} /usr/bin/cmake /home/aiv/ev_ws/t870_ros/src/t870_serial -DAMENT_CMAKE_SYMLINK_INSTALL=1 -DCMAKE_INSTALL_PREFIX=/home/aiv/ev_ws/install/t870_serial
[0.053s] -- The C compiler identification is GNU 11.4.0
[0.090s] -- The CXX compiler identification is GNU 11.4.0
[0.096s] -- Detecting C compiler ABI info
[0.142s] -- Detecting C compiler ABI info - done
[0.149s] -- Check for working C compiler: /usr/bin/cc - skipped
[0.149s] -- Detecting C compile features
[0.149s] -- Detecting C compile features - done
[0.151s] -- Detecting CXX compiler ABI info
[0.211s] -- Detecting CXX compiler ABI info - done
[0.220s] -- Check for working CXX compiler: /usr/bin/c++ - skipped
[0.220s] -- Detecting CXX compile features
[0.220s] -- Detecting CXX compile features - done
[0.220s] -- Found t870_cmake: 0.0.0 (/home/aiv/ev_ws/install/t870_cmake/share/t870_cmake/cmake)
[0.223s] -- Found ament_cmake_auto: 1.3.12 (/opt/ros/humble/share/ament_cmake_auto/cmake)
[0.340s] -- Found Python3: /usr/bin/python3 (found version "3.10.12") found components: Interpreter 
[0.382s] -- Override CMake install command with custom implementation using symlinks instead of copying resources
[0.551s] -- Found rosidl_generator_c: 3.1.8 (/opt/ros/humble/share/rosidl_generator_c/cmake)
[0.558s] -- Found rosidl_adapter: 3.1.8 (/opt/ros/humble/share/rosidl_adapter/cmake)
[0.569s] -- Found rosidl_generator_cpp: 3.1.8 (/opt/ros/humble/share/rosidl_generator_cpp/cmake)
[0.583s] -- Using all available rosidl_typesupport_c: rosidl_typesupport_fastrtps_c;rosidl_typesupport_introspection_c
[0.598s] -- Using all available rosidl_typesupport_cpp: rosidl_typesupport_fastrtps_cpp;rosidl_typesupport_introspection_cpp
[0.669s] -- Found rmw_implementation_cmake: 6.1.2 (/opt/ros/humble/share/rmw_implementation_cmake/cmake)
[0.674s] -- Found rmw_fastrtps_cpp: 6.2.9 (/opt/ros/humble/share/rmw_fastrtps_cpp/cmake)
[0.763s] -- Found OpenSSL: /usr/lib/x86_64-linux-gnu/libcrypto.so (found version "3.0.2")  
[0.781s] -- Found FastRTPS: /opt/ros/humble/include  
[0.812s] -- Using RMW implementation 'rmw_fastrtps_cpp' as default
[0.824s] -- Looking for pthread.h
[0.886s] -- Looking for pthread.h - found
[0.886s] -- Performing Test CMAKE_HAVE_LIBC_PTHREAD
[0.947s] -- Performing Test CMAKE_HAVE_LIBC_PTHREAD - Success
[0.948s] -- Found Threads: TRUE  
[1.061s] -- Configuring done
[1.074s] -- Generating done
[1.082s] -- Build files have been written to: /home/aiv/ev_ws/build/t870_serial
[1.092s] Invoked command in '/home/aiv/ev_ws/build/t870_serial' returned '0': AMENT_PREFIX_PATH=/home/aiv/ev_ws/install/t870_util:/home/aiv/ev_ws/install/t870_msgs:/home/aiv/ev_ws/install/t870_cmake:${AMENT_PREFIX_PATH} CMAKE_PREFIX_PATH=/home/aiv/ev_ws/install/t870_util:/home/aiv/ev_ws/install/t870_msgs:/home/aiv/ev_ws/install/t870_cmake:/home/aiv/ev_ws/carsa_gazebo/install/carsa_gazebo:/home/aiv/ev_ws/planning/install/chaining_costmap_ver:/home/aiv/ev_ws/ev_msgs/install/ev_msgs:/home/aiv/ev_ws/erp42_ros/install/erp42_serial:/home/aiv/ev_ws/erp42_ros/install/erp42_rqt_plugin:/home/aiv/ev_ws/erp42_ros/install/erp42_gazebo:/home/aiv/ev_ws/erp42_ros/install/erp42_util:/home/aiv/ev_ws/erp42_ros/install/erp42_msgs:/home/aiv/ev_ws/erp42_ros/install/erp42_description:/home/aiv/ev_ws/erp42_ros/install/erp42_cmake:/home/aiv/ev_ws/perception/install/velodyne:/home/aiv/ev_ws/perception/install/lidar_launch:/home/aiv/ev_ws/perception/install/velodyne_pointcloud:/home/aiv/ev_ws/perception/install/velodyne_driver:/home/aiv/ev_ws/perception/install/velodyne_msgs:/home/aiv/ev_ws/perception/install/velodyne_cropbox:/home/aiv/ev_ws/perception/install/patchworkpp:/home/aiv/ev_ws/perception/install/make_bbox:/home/aiv/ev_ws/perception/install/lidar_voxel_grid:/home/aiv/ev_ws/perception/install/dbscan_clustering:/home/aiv/ev_ws/perception/install/cluster_splitter:/opt/ros/humble LD_LIBRARY_PATH=/home/aiv/ev_ws/install/t870_util/lib:/home/aiv/ev_ws/install/t870_msgs/lib:${LD_LIBRARY_PATH} PYTHONPATH=/home/aiv/ev_ws/install/t870_msgs/local/lib/python3.10/dist-packages:${PYTHONPATH} /usr/bin/cmake /home/aiv/ev_ws/t870_ros/src/t870_serial -DAMENT_CMAKE_SYMLINK_INSTALL=1 -DCMAKE_INSTALL_PREFIX=/home/aiv/ev_ws/install/t870_serial
[1.094s] Invoking command in '/home/aiv/ev_ws/build/t870_serial': AMENT_PREFIX_PATH=/home/aiv/ev_ws/install/t870_util:/home/aiv/ev_ws/install/t870_msgs:/home/aiv/ev_ws/install/t870_cmake:${AMENT_PREFIX_PATH} CMAKE_PREFIX_PATH=/home/aiv/ev_ws/install/t870_util:/home/aiv/ev_ws/install/t870_msgs:/home/aiv/ev_ws/install/t870_cmake:/home/aiv/ev_ws/carsa_gazebo/install/carsa_gazebo:/home/aiv/ev_ws/planning/install/chaining_costmap_ver:/home/aiv/ev_ws/ev_msgs/install/ev_msgs:/home/aiv/ev_ws/erp42_ros/install/erp42_serial:/home/aiv/ev_ws/erp42_ros/install/erp42_rqt_plugin:/home/aiv/ev_ws/erp42_ros/install/erp42_gazebo:/home/aiv/ev_ws/erp42_ros/install/erp42_util:/home/aiv/ev_ws/erp42_ros/install/erp42_msgs:/home/aiv/ev_ws/erp42_ros/install/erp42_description:/home/aiv/ev_ws/erp42_ros/install/erp42_cmake:/home/aiv/ev_ws/perception/install/velodyne:/home/aiv/ev_ws/perception/install/lidar_launch:/home/aiv/ev_ws/perception/install/velodyne_pointcloud:/home/aiv/ev_ws/perception/install/velodyne_driver:/home/aiv/ev_ws/perception/install/velodyne_msgs:/home/aiv/ev_ws/perception/install/velodyne_cropbox:/home/aiv/ev_ws/perception/install/patchworkpp:/home/aiv/ev_ws/perception/install/make_bbox:/home/aiv/ev_ws/perception/install/lidar_voxel_grid:/home/aiv/ev_ws/perception/install/dbscan_clustering:/home/aiv/ev_ws/perception/install/cluster_splitter:/opt/ros/humble LD_LIBRARY_PATH=/home/aiv/ev_ws/install/t870_util/lib:/home/aiv/ev_ws/install/t870_msgs/lib:${LD_LIBRARY_PATH} PYTHONPATH=/home/aiv/ev_ws/install/t870_msgs/local/lib/python3.10/dist-packages:${PYTHONPATH} /usr/bin/cmake --build /home/aiv/ev_ws/build/t870_serial -- -j28 -l28
[1.140s] [ 14%] [32mBuilding CXX object CMakeFiles/serial_bridge_composable.dir/rclcpp_components/node_main_serial_bridge_composable.cpp.o[0m
[1.147s] [ 28%] [32mBuilding CXX object CMakeFiles/t870_serial.dir/src/serial_port.cpp.o[0m
[1.147s] [ 42%] [32mBuilding CXX object CMakeFiles/t870_serial.dir/src/serial_bridge.cpp.o[0m
[5.094s] [ 57%] [32m[1mLinking CXX executable serial_bridge_composable[0m
[5.272s] [ 57%] Built target serial_bridge_composable
[9.287s] [ 71%] [32m[1mLinking CXX shared library libt870_serial.so[0m
[9.694s] [ 71%] Built target t870_serial
[9.713s] [ 85%] [32mBuilding CXX object CMakeFiles/serial_bridge.dir/node/serial_bridge_node.cpp.o[0m
[11.323s] [100%] [32m[1mLinking CXX executable serial_bridge[0m
[11.457s] [100%] Built target serial_bridge
[11.476s] Invoked command in '/home/aiv/ev_ws/build/t870_serial' returned '0': AMENT_PREFIX_PATH=/home/aiv/ev_ws/install/t870_util:/home/aiv/ev_ws/install/t870_msgs:/home/aiv/ev_ws/install/t870_cmake:${AMENT_PREFIX_PATH} CMAKE_PREFIX_PATH=/home/aiv/ev_ws/install/t870_util:/home/aiv/ev_ws/install/t870_msgs:/home/aiv/ev_ws/install/t870_cmake:/home/aiv/ev_ws/carsa_gazebo/install/carsa_gazebo:/home/aiv/ev_ws/planning/install/chaining_costmap_ver:/home/aiv/ev_ws/ev_msgs/install/ev_msgs:/home/aiv/ev_ws/erp42_ros/install/erp42_serial:/home/aiv/ev_ws/erp42_ros/install/erp42_rqt_plugin:/home/aiv/ev_ws/erp42_ros/install/erp42_gazebo:/home/aiv/ev_ws/erp42_ros/install/erp42_util:/home/aiv/ev_ws/erp42_ros/install/erp42_msgs:/home/aiv/ev_ws/erp42_ros/install/erp42_description:/home/aiv/ev_ws/erp42_ros/install/erp42_cmake:/home/aiv/ev_ws/perception/install/velodyne:/home/aiv/ev_ws/perception/install/lidar_launch:/home/aiv/ev_ws/perception/install/velodyne_pointcloud:/home/aiv/ev_ws/perception/install/velodyne_driver:/home/aiv/ev_ws/perception/install/velodyne_msgs:/home/aiv/ev_ws/perception/install/velodyne_cropbox:/home/aiv/ev_ws/perception/install/patchworkpp:/home/aiv/ev_ws/perception/install/make_bbox:/home/aiv/ev_ws/perception/install/lidar_voxel_grid:/home/aiv/ev_ws/perception/install/dbscan_clustering:/home/aiv/ev_ws/perception/install/cluster_splitter:/opt/ros/humble LD_LIBRARY_PATH=/home/aiv/ev_ws/install/t870_util/lib:/home/aiv/ev_ws/install/t870_msgs/lib:${LD_LIBRARY_PATH} PYTHONPATH=/home/aiv/ev_ws/install/t870_msgs/local/lib/python3.10/dist-packages:${PYTHONPATH} /usr/bin/cmake --build /home/aiv/ev_ws/build/t870_serial -- -j28 -l28
[11.478s] Invoking command in '/home/aiv/ev_ws/build/t870_serial': AMENT_PREFIX_PATH=/home/aiv/ev_ws/install/t870_util:/home/aiv/ev_ws/install/t870_msgs:/home/aiv/ev_ws/install/t870_cmake:${AMENT_PREFIX_PATH} CMAKE_PREFIX_PATH=/home/aiv/ev_ws/install/t870_util:/home/aiv/ev_ws/install/t870_msgs:/home/aiv/ev_ws/install/t870_cmake:/home/aiv/ev_ws/carsa_gazebo/install/carsa_gazebo:/home/aiv/ev_ws/planning/install/chaining_costmap_ver:/home/aiv/ev_ws/ev_msgs/install/ev_msgs:/home/aiv/ev_ws/erp42_ros/install/erp42_serial:/home/aiv/ev_ws/erp42_ros/install/erp42_rqt_plugin:/home/aiv/ev_ws/erp42_ros/install/erp42_gazebo:/home/aiv/ev_ws/erp42_ros/install/erp42_util:/home/aiv/ev_ws/erp42_ros/install/erp42_msgs:/home/aiv/ev_ws/erp42_ros/install/erp42_description:/home/aiv/ev_ws/erp42_ros/install/erp42_cmake:/home/aiv/ev_ws/perception/install/velodyne:/home/aiv/ev_ws/perception/install/lidar_launch:/home/aiv/ev_ws/perception/install/velodyne_pointcloud:/home/aiv/ev_ws/perception/install/velodyne_driver:/home/aiv/ev_ws/perception/install/velodyne_msgs:/home/aiv/ev_ws/perception/install/velodyne_cropbox:/home/aiv/ev_ws/perception/install/patchworkpp:/home/aiv/ev_ws/perception/install/make_bbox:/home/aiv/ev_ws/perception/install/lidar_voxel_grid:/home/aiv/ev_ws/perception/install/dbscan_clustering:/home/aiv/ev_ws/perception/install/cluster_splitter:/opt/ros/humble LD_LIBRARY_PATH=/home/aiv/ev_ws/install/t870_util/lib:/home/aiv/ev_ws/install/t870_msgs/lib:${LD_LIBRARY_PATH} PYTHONPATH=/home/aiv/ev_ws/install/t870_msgs/local/lib/python3.10/dist-packages:${PYTHONPATH} /usr/bin/cmake --install /home/aiv/ev_ws/build/t870_serial
[11.483s] -- Install configuration: ""
[11.484s] -- Execute custom install script
[11.484s] -- Symlinking: /home/aiv/ev_ws/install/t870_serial/lib/t870_serial/serial_bridge_composable
[11.490s] -- Symlinking: /home/aiv/ev_ws/install/t870_serial/include/t870_serial/t870_serial/serial_bridge.hpp
[11.497s] -- Symlinking: /home/aiv/ev_ws/install/t870_serial/include/t870_serial/t870_serial/serial_packet.hpp
[11.506s] -- Symlinking: /home/aiv/ev_ws/install/t870_serial/include/t870_serial/t870_serial/serial_port.hpp
[11.514s] -- Symlinking: /home/aiv/ev_ws/install/t870_serial/share/t870_serial/environment/library_path.sh
[11.523s] -- Symlinking: /home/aiv/ev_ws/install/t870_serial/share/t870_serial/environment/library_path.dsv
[11.532s] -- Symlinking: /home/aiv/ev_ws/install/t870_serial/lib/libt870_serial.so
[11.541s] -- Symlinking: /home/aiv/ev_ws/install/t870_serial/lib/t870_serial/serial_bridge
[11.551s] -- Symlinking: /home/aiv/ev_ws/install/t870_serial/share/ament_index/resource_index/package_run_dependencies/t870_serial
[11.561s] -- Symlinking: /home/aiv/ev_ws/install/t870_serial/share/ament_index/resource_index/parent_prefix_path/t870_serial
[11.571s] -- Symlinking: /home/aiv/ev_ws/install/t870_serial/share/t870_serial/environment/ament_prefix_path.sh
[11.578s] -- Symlinking: /home/aiv/ev_ws/install/t870_serial/share/t870_serial/environment/ament_prefix_path.dsv
[11.585s] -- Symlinking: /home/aiv/ev_ws/install/t870_serial/share/t870_serial/environment/path.sh
[11.594s] -- Symlinking: /home/aiv/ev_ws/install/t870_serial/share/t870_serial/environment/path.dsv
[11.601s] -- Symlinking: /home/aiv/ev_ws/install/t870_serial/share/t870_serial/local_setup.bash
[11.609s] -- Symlinking: /home/aiv/ev_ws/install/t870_serial/share/t870_serial/local_setup.sh
[11.616s] -- Symlinking: /home/aiv/ev_ws/install/t870_serial/share/t870_serial/local_setup.zsh
[11.623s] -- Symlinking: /home/aiv/ev_ws/install/t870_serial/share/t870_serial/local_setup.dsv
[11.629s] -- Symlinking: /home/aiv/ev_ws/install/t870_serial/share/t870_serial/package.dsv
[11.637s] -- Symlinking: /home/aiv/ev_ws/install/t870_serial/share/ament_index/resource_index/packages/t870_serial
[11.645s] -- Symlinking: /home/aiv/ev_ws/install/t870_serial/share/ament_index/resource_index/rclcpp_components/t870_serial
[11.653s] -- Symlinking: /home/aiv/ev_ws/install/t870_serial/share/t870_serial/cmake/ament_cmake_export_dependencies-extras.cmake
[11.661s] -- Symlinking: /home/aiv/ev_ws/install/t870_serial/share/t870_serial/cmake/ament_cmake_export_include_directories-extras.cmake
[11.669s] -- Symlinking: /home/aiv/ev_ws/install/t870_serial/share/t870_serial/cmake/ament_cmake_export_libraries-extras.cmake
[11.676s] -- Symlinking: /home/aiv/ev_ws/install/t870_serial/share/t870_serial/cmake/t870_serialConfig.cmake
[11.682s] -- Symlinking: /home/aiv/ev_ws/install/t870_serial/share/t870_serial/cmake/t870_serialConfig-version.cmake
[11.689s] -- Symlinking: /home/aiv/ev_ws/install/t870_serial/share/t870_serial/package.xml
[11.698s] -- Symlinking: /home/aiv/ev_ws/install/t870_serial/share/t870_serial/config/serial_bridge.param.yaml
[11.707s] -- Symlinking: /home/aiv/ev_ws/install/t870_serial/share/t870_serial/launch/serial_bridge.launch.py
[11.717s] Invoked command in '/home/aiv/ev_ws/build/t870_serial' returned '0': AMENT_PREFIX_PATH=/home/aiv/ev_ws/install/t870_util:/home/aiv/ev_ws/install/t870_msgs:/home/aiv/ev_ws/install/t870_cmake:${AMENT_PREFIX_PATH} CMAKE_PREFIX_PATH=/home/aiv/ev_ws/install/t870_util:/home/aiv/ev_ws/install/t870_msgs:/home/aiv/ev_ws/install/t870_cmake:/home/aiv/ev_ws/carsa_gazebo/install/carsa_gazebo:/home/aiv/ev_ws/planning/install/chaining_costmap_ver:/home/aiv/ev_ws/ev_msgs/install/ev_msgs:/home/aiv/ev_ws/erp42_ros/install/erp42_serial:/home/aiv/ev_ws/erp42_ros/install/erp42_rqt_plugin:/home/aiv/ev_ws/erp42_ros/install/erp42_gazebo:/home/aiv/ev_ws/erp42_ros/install/erp42_util:/home/aiv/ev_ws/erp42_ros/install/erp42_msgs:/home/aiv/ev_ws/erp42_ros/install/erp42_description:/home/aiv/ev_ws/erp42_ros/install/erp42_cmake:/home/aiv/ev_ws/perception/install/velodyne:/home/aiv/ev_ws/perception/install/lidar_launch:/home/aiv/ev_ws/perception/install/velodyne_pointcloud:/home/aiv/ev_ws/perception/install/velodyne_driver:/home/aiv/ev_ws/perception/install/velodyne_msgs:/home/aiv/ev_ws/perception/install/velodyne_cropbox:/home/aiv/ev_ws/perception/install/patchworkpp:/home/aiv/ev_ws/perception/install/make_bbox:/home/aiv/ev_ws/perception/install/lidar_voxel_grid:/home/aiv/ev_ws/perception/install/dbscan_clustering:/home/aiv/ev_ws/perception/install/cluster_splitter:/opt/ros/humble LD_LIBRARY_PATH=/home/aiv/ev_ws/install/t870_util/lib:/home/aiv/ev_ws/install/t870_msgs/lib:${LD_LIBRARY_PATH} PYTHONPATH=/home/aiv/ev_ws/install/t870_msgs/local/lib/python3.10/dist-packages:${PYTHONPATH} /usr/bin/cmake --install /home/aiv/ev_ws/build/t870_serial
