[0.019s] Invoking command in '/home/kimsohee/ev-1-5/ev-Autonomous-Vehicle-1-5/build/carsa_gazebo': CMAKE_PREFIX_PATH=${CMAKE_PREFIX_PATH}:/opt/ros/humble /usr/bin/cmake /home/kimsohee/ev-1-5/ev-Autonomous-Vehicle-1-5/carsa_gazebo -DAMENT_CMAKE_SYMLINK_INSTALL=1 -DCMAKE_INSTALL_PREFIX=/home/kimsohee/ev-1-5/ev-Autonomous-Vehicle-1-5/install/carsa_gazebo
[0.057s] -- The C compiler identification is GNU 11.4.0
[0.085s] -- The CXX compiler identification is GNU 11.4.0
[0.089s] -- Detecting C compiler ABI info
[0.128s] -- Detecting C compiler ABI info - done
[0.132s] -- Check for working C compiler: /usr/bin/cc - skipped
[0.132s] -- Detecting C compile features
[0.132s] -- Detecting C compile features - done
[0.134s] -- Detecting CXX compiler ABI info
[0.195s] -- Detecting CXX compiler ABI info - done
[0.199s] -- Check for working CXX compiler: /usr/bin/c++ - skipped
[0.199s] -- Detecting CXX compile features
[0.199s] -- Detecting CXX compile features - done
[0.200s] -- Found ament_cmake: 1.3.12 (/opt/ros/humble/share/ament_cmake/cmake)
[0.285s] -- Found Python3: /usr/bin/python3 (found version "3.10.12") found components: Interpreter 
[0.316s] -- Override CMake install command with custom implementation using symlinks instead of copying resources
[0.374s] -- Configuring done
[0.375s] -- Generating done
[0.376s] -- Build files have been written to: /home/kimsohee/ev-1-5/ev-Autonomous-Vehicle-1-5/build/carsa_gazebo
[0.381s] Invoked command in '/home/kimsohee/ev-1-5/ev-Autonomous-Vehicle-1-5/build/carsa_gazebo' returned '0': CMAKE_PREFIX_PATH=${CMAKE_PREFIX_PATH}:/opt/ros/humble /usr/bin/cmake /home/kimsohee/ev-1-5/ev-Autonomous-Vehicle-1-5/carsa_gazebo -DAMENT_CMAKE_SYMLINK_INSTALL=1 -DCMAKE_INSTALL_PREFIX=/home/kimsohee/ev-1-5/ev-Autonomous-Vehicle-1-5/install/carsa_gazebo
[0.381s] Invoking command in '/home/kimsohee/ev-1-5/ev-Autonomous-Vehicle-1-5/build/carsa_gazebo': CMAKE_PREFIX_PATH=${CMAKE_PREFIX_PATH}:/opt/ros/humble /usr/bin/cmake --build /home/kimsohee/ev-1-5/ev-Autonomous-Vehicle-1-5/build/carsa_gazebo -- -j10 -l10
[0.725s] Invoked command in '/home/kimsohee/ev-1-5/ev-Autonomous-Vehicle-1-5/build/carsa_gazebo' returned '0': CMAKE_PREFIX_PATH=${CMAKE_PREFIX_PATH}:/opt/ros/humble /usr/bin/cmake --build /home/kimsohee/ev-1-5/ev-Autonomous-Vehicle-1-5/build/carsa_gazebo -- -j10 -l10
[0.735s] Invoking command in '/home/kimsohee/ev-1-5/ev-Autonomous-Vehicle-1-5/build/carsa_gazebo': CMAKE_PREFIX_PATH=${CMAKE_PREFIX_PATH}:/opt/ros/humble /usr/bin/cmake --install /home/kimsohee/ev-1-5/ev-Autonomous-Vehicle-1-5/build/carsa_gazebo
[0.821s] -- Install configuration: ""
[0.821s] -- Execute custom install script
[0.821s] -- Symlinking: /home/kimsohee/ev-1-5/ev-Autonomous-Vehicle-1-5/install/carsa_gazebo/share/carsa_gazebo//launch/empty.launch.py
[0.821s] -- Symlinking: /home/kimsohee/ev-1-5/ev-Autonomous-Vehicle-1-5/install/carsa_gazebo/share/carsa_gazebo//launch/kcity.launch.py
[0.821s] -- Symlinking: /home/kimsohee/ev-1-5/ev-Autonomous-Vehicle-1-5/install/carsa_gazebo/share/carsa_gazebo//meshes/gps_antenna.dae
[0.821s] -- Symlinking: /home/kimsohee/ev-1-5/ev-Autonomous-Vehicle-1-5/install/carsa_gazebo/share/carsa_gazebo//meshes/logitech_c920.dae
[0.821s] -- Symlinking: /home/kimsohee/ev-1-5/ev-Autonomous-Vehicle-1-5/install/carsa_gazebo/share/carsa_gazebo//meshes/logitech_c930.dae
[0.821s] -- Symlinking: /home/kimsohee/ev-1-5/ev-Autonomous-Vehicle-1-5/install/carsa_gazebo/share/carsa_gazebo//meshes/logitech_camera_lens.dae
[0.821s] -- Symlinking: /home/kimsohee/ev-1-5/ev-Autonomous-Vehicle-1-5/install/carsa_gazebo/share/carsa_gazebo//rviz/erp42.rviz
[0.821s] -- Symlinking: /home/kimsohee/ev-1-5/ev-Autonomous-Vehicle-1-5/install/carsa_gazebo/share/carsa_gazebo//rviz/planning.rviz
[0.821s] -- Symlinking: /home/kimsohee/ev-1-5/ev-Autonomous-Vehicle-1-5/install/carsa_gazebo/share/carsa_gazebo//rviz/t870.rviz
[0.821s] -- Symlinking: /home/kimsohee/ev-1-5/ev-Autonomous-Vehicle-1-5/install/carsa_gazebo/share/carsa_gazebo//urdf/erp42.xacro
[0.821s] -- Symlinking: /home/kimsohee/ev-1-5/ev-Autonomous-Vehicle-1-5/install/carsa_gazebo/share/carsa_gazebo//urdf/logitech_c920.xacro
[0.821s] -- Symlinking: /home/kimsohee/ev-1-5/ev-Autonomous-Vehicle-1-5/install/carsa_gazebo/share/carsa_gazebo//urdf/logitech_c930.xacro
[0.821s] -- Symlinking: /home/kimsohee/ev-1-5/ev-Autonomous-Vehicle-1-5/install/carsa_gazebo/share/carsa_gazebo//urdf/t870.xacro
[0.821s] -- Symlinking: /home/kimsohee/ev-1-5/ev-Autonomous-Vehicle-1-5/install/carsa_gazebo/share/carsa_gazebo//urdf/ublox_zed_f9p.xacro
[0.821s] -- Symlinking: /home/kimsohee/ev-1-5/ev-Autonomous-Vehicle-1-5/install/carsa_gazebo/share/carsa_gazebo//urdf/velodyne_vlp_16c.xacro
[0.821s] -- Symlinking: /home/kimsohee/ev-1-5/ev-Autonomous-Vehicle-1-5/install/carsa_gazebo/share/carsa_gazebo//urdf/velodyne_vlp_32c.xacro
[0.821s] -- Symlinking: /home/kimsohee/ev-1-5/ev-Autonomous-Vehicle-1-5/install/carsa_gazebo/share/carsa_gazebo//urdf/xsens_mti3.xacro
[0.829s] -- Symlinking: /home/kimsohee/ev-1-5/ev-Autonomous-Vehicle-1-5/install/carsa_gazebo/share/carsa_gazebo//worlds/10m.world
[0.829s] -- Symlinking: /home/kimsohee/ev-1-5/ev-Autonomous-Vehicle-1-5/install/carsa_gazebo/share/carsa_gazebo//worlds/empty.world
[0.833s] -- Symlinking: /home/kimsohee/ev-1-5/ev-Autonomous-Vehicle-1-5/install/carsa_gazebo/share/carsa_gazebo//worlds/kcity.world
[0.837s] -- Symlinking: /home/kimsohee/ev-1-5/ev-Autonomous-Vehicle-1-5/install/carsa_gazebo/share/carsa_gazebo//worlds/planning_test.world
[0.854s] -- Symlinking: /home/kimsohee/ev-1-5/ev-Autonomous-Vehicle-1-5/install/carsa_gazebo/share/carsa_gazebo//worlds/rubber-cone-1-rail.world
[0.862s] -- Symlinking: /home/kimsohee/ev-1-5/ev-Autonomous-Vehicle-1-5/install/carsa_gazebo/share/ament_index/resource_index/package_run_dependencies/carsa_gazebo
[0.866s] -- Symlinking: /home/kimsohee/ev-1-5/ev-Autonomous-Vehicle-1-5/install/carsa_gazebo/share/ament_index/resource_index/parent_prefix_path/carsa_gazebo
[0.870s] -- Symlinking: /home/kimsohee/ev-1-5/ev-Autonomous-Vehicle-1-5/install/carsa_gazebo/share/carsa_gazebo/environment/ament_prefix_path.sh
[0.878s] -- Symlinking: /home/kimsohee/ev-1-5/ev-Autonomous-Vehicle-1-5/install/carsa_gazebo/share/carsa_gazebo/environment/ament_prefix_path.dsv
[0.879s] -- Symlinking: /home/kimsohee/ev-1-5/ev-Autonomous-Vehicle-1-5/install/carsa_gazebo/share/carsa_gazebo/environment/path.sh
[0.884s] -- Symlinking: /home/kimsohee/ev-1-5/ev-Autonomous-Vehicle-1-5/install/carsa_gazebo/share/carsa_gazebo/environment/path.dsv
[0.893s] -- Symlinking: /home/kimsohee/ev-1-5/ev-Autonomous-Vehicle-1-5/install/carsa_gazebo/share/carsa_gazebo/local_setup.bash
[0.901s] -- Symlinking: /home/kimsohee/ev-1-5/ev-Autonomous-Vehicle-1-5/install/carsa_gazebo/share/carsa_gazebo/local_setup.sh
[0.909s] -- Symlinking: /home/kimsohee/ev-1-5/ev-Autonomous-Vehicle-1-5/install/carsa_gazebo/share/carsa_gazebo/local_setup.zsh
[0.914s] -- Symlinking: /home/kimsohee/ev-1-5/ev-Autonomous-Vehicle-1-5/install/carsa_gazebo/share/carsa_gazebo/local_setup.dsv
[0.923s] -- Symlinking: /home/kimsohee/ev-1-5/ev-Autonomous-Vehicle-1-5/install/carsa_gazebo/share/carsa_gazebo/package.dsv
[0.926s] -- Symlinking: /home/kimsohee/ev-1-5/ev-Autonomous-Vehicle-1-5/install/carsa_gazebo/share/ament_index/resource_index/packages/carsa_gazebo
[0.931s] -- Symlinking: /home/kimsohee/ev-1-5/ev-Autonomous-Vehicle-1-5/install/carsa_gazebo/share/carsa_gazebo/cmake/carsa_gazeboConfig.cmake
[0.936s] -- Symlinking: /home/kimsohee/ev-1-5/ev-Autonomous-Vehicle-1-5/install/carsa_gazebo/share/carsa_gazebo/cmake/carsa_gazeboConfig-version.cmake
[0.940s] -- Symlinking: /home/kimsohee/ev-1-5/ev-Autonomous-Vehicle-1-5/install/carsa_gazebo/share/carsa_gazebo/package.xml
[0.945s] Invoked command in '/home/kimsohee/ev-1-5/ev-Autonomous-Vehicle-1-5/build/carsa_gazebo' returned '0': CMAKE_PREFIX_PATH=${CMAKE_PREFIX_PATH}:/opt/ros/humble /usr/bin/cmake --install /home/kimsohee/ev-1-5/ev-Autonomous-Vehicle-1-5/build/carsa_gazebo
