[0.012s] Invoking command in '/home/aiv/ev_ws/perception/build/velodyne_laserscan': CMAKE_PREFIX_PATH=${CMAKE_PREFIX_PATH}:/opt/ros/humble /usr/bin/cmake /home/aiv/ev_ws/perception/src/lidar/velodyne_laserscan -DAMENT_CMAKE_SYMLINK_INSTALL=1 -DCMAKE_INSTALL_PREFIX=/home/aiv/ev_ws/perception/install/velodyne_laserscan
[0.049s] -- The C compiler identification is GNU 11.4.0
[0.087s] -- The CXX compiler identification is GNU 11.4.0
[0.092s] -- Detecting C compiler ABI info
[0.138s] -- Detecting C compiler ABI info - done
[0.142s] -- Check for working C compiler: /usr/bin/cc - skipped
[0.143s] -- Detecting C compile features
[0.143s] -- Detecting C compile features - done
[0.144s] -- Detecting CXX compiler ABI info
[0.196s] -- Detecting CXX compiler ABI info - done
[0.202s] -- Check for working CXX compiler: /usr/bin/c++ - skipped
[0.203s] -- Detecting CXX compile features
[0.203s] -- Detecting CXX compile features - done
[0.205s] -- Found ament_cmake_ros: 0.10.0 (/opt/ros/humble/share/ament_cmake_ros/cmake)
[0.314s] -- Found Python3: /usr/bin/python3 (found version "3.10.12") found components: Interpreter 
[0.364s] -- Override CMake install command with custom implementation using symlinks instead of copying resources
[0.385s] -- Found rclcpp: 16.0.17 (/opt/ros/humble/share/rclcpp/cmake)
[0.411s] -- Found rosidl_generator_c: 3.1.8 (/opt/ros/humble/share/rosidl_generator_c/cmake)
[0.414s] -- Found rosidl_adapter: 3.1.8 (/opt/ros/humble/share/rosidl_adapter/cmake)
[0.419s] -- Found rosidl_generator_cpp: 3.1.8 (/opt/ros/humble/share/rosidl_generator_cpp/cmake)
[0.427s] -- Using all available rosidl_typesupport_c: rosidl_typesupport_fastrtps_c;rosidl_typesupport_introspection_c
[0.436s] -- Using all available rosidl_typesupport_cpp: rosidl_typesupport_fastrtps_cpp;rosidl_typesupport_introspection_cpp
[0.463s] -- Found rmw_implementation_cmake: 6.1.2 (/opt/ros/humble/share/rmw_implementation_cmake/cmake)
[0.465s] -- Found rmw_fastrtps_cpp: 6.2.9 (/opt/ros/humble/share/rmw_fastrtps_cpp/cmake)
[0.524s] -- Found OpenSSL: /usr/lib/x86_64-linux-gnu/libcrypto.so (found version "3.0.2")  
[0.548s] -- Found FastRTPS: /opt/ros/humble/include  
[0.577s] -- Using RMW implementation 'rmw_fastrtps_cpp' as default
[0.586s] -- Looking for pthread.h
[0.639s] -- Looking for pthread.h - found
[0.639s] -- Performing Test CMAKE_HAVE_LIBC_PTHREAD
[0.689s] -- Performing Test CMAKE_HAVE_LIBC_PTHREAD - Success
[0.690s] -- Found Threads: TRUE  
[0.722s] -- Found rclcpp_components: 16.0.17 (/opt/ros/humble/share/rclcpp_components/cmake)
[0.738s] -- Found sensor_msgs: 4.9.0 (/opt/ros/humble/share/sensor_msgs/cmake)
[0.756s] -- Found ament_lint_auto: 0.12.14 (/opt/ros/humble/share/ament_lint_auto/cmake)
[0.809s] -- Added test 'copyright' to check source files copyright and LICENSE
[0.810s] -- Added test 'cppcheck' to perform static code analysis on C / C++ code
[0.810s] -- Configured cppcheck include dirs: $<BUILD_INTERFACE:/home/aiv/ev_ws/perception/src/lidar/velodyne_laserscan/include>
[0.810s] -- Configured cppcheck exclude dirs and/or files: 
[0.811s] -- Added test 'cpplint' to check C / C++ code against the Google style
[0.811s] -- Configured cpplint exclude dirs and/or files: 
[0.811s] -- Added test 'flake8' to check Python code syntax and style conventions
[0.812s] -- Added test 'lint_cmake' to check CMake code style
[0.812s] -- Added test 'pep257' to check Python code against some of the docstring style conventions in PEP 257
[0.813s] -- Added test 'uncrustify' to check C / C++ code style
[0.813s] -- Configured uncrustify additional arguments: 
[0.814s] -- Added test 'xmllint' to check XML markup files
[0.817s] -- Configuring done
[0.824s] -- Generating done
[0.827s] -- Build files have been written to: /home/aiv/ev_ws/perception/build/velodyne_laserscan
[0.834s] Invoked command in '/home/aiv/ev_ws/perception/build/velodyne_laserscan' returned '0': CMAKE_PREFIX_PATH=${CMAKE_PREFIX_PATH}:/opt/ros/humble /usr/bin/cmake /home/aiv/ev_ws/perception/src/lidar/velodyne_laserscan -DAMENT_CMAKE_SYMLINK_INSTALL=1 -DCMAKE_INSTALL_PREFIX=/home/aiv/ev_ws/perception/install/velodyne_laserscan
[0.835s] Invoking command in '/home/aiv/ev_ws/perception/build/velodyne_laserscan': CMAKE_PREFIX_PATH=${CMAKE_PREFIX_PATH}:/opt/ros/humble /usr/bin/cmake --build /home/aiv/ev_ws/perception/build/velodyne_laserscan -- -j28 -l28
[0.869s] [ 25%] [32mBuilding CXX object CMakeFiles/velodyne_laserscan.dir/src/velodyne_laserscan.cpp.o[0m
[6.353s] [ 50%] [32m[1mLinking CXX shared library libvelodyne_laserscan.so[0m
[6.786s] [ 50%] Built target velodyne_laserscan
[6.808s] [ 75%] [32mBuilding CXX object CMakeFiles/velodyne_laserscan_node.dir/src/node.cpp.o[0m
[8.771s] [100%] [32m[1mLinking CXX executable velodyne_laserscan_node[0m
[8.916s] [100%] Built target velodyne_laserscan_node
[8.927s] Invoked command in '/home/aiv/ev_ws/perception/build/velodyne_laserscan' returned '0': CMAKE_PREFIX_PATH=${CMAKE_PREFIX_PATH}:/opt/ros/humble /usr/bin/cmake --build /home/aiv/ev_ws/perception/build/velodyne_laserscan -- -j28 -l28
[8.928s] Invoking command in '/home/aiv/ev_ws/perception/build/velodyne_laserscan': CMAKE_PREFIX_PATH=${CMAKE_PREFIX_PATH}:/opt/ros/humble /usr/bin/cmake --install /home/aiv/ev_ws/perception/build/velodyne_laserscan
[8.936s] -- Install configuration: ""
[8.936s] -- Execute custom install script
[8.936s] -- Symlinking: /home/aiv/ev_ws/perception/install/velodyne_laserscan/lib/velodyne_laserscan/velodyne_laserscan_node
[8.942s] -- Symlinking: /home/aiv/ev_ws/perception/install/velodyne_laserscan/include/velodyne_laserscan/velodyne_laserscan.hpp
[8.951s] -- Symlinking: /home/aiv/ev_ws/perception/install/velodyne_laserscan/share/velodyne_laserscan/config/default-velodyne_laserscan_node-params.yaml
[8.959s] -- Symlinking: /home/aiv/ev_ws/perception/install/velodyne_laserscan/share/velodyne_laserscan/launch/velodyne_laserscan_node-composed-launch.py
[8.966s] -- Symlinking: /home/aiv/ev_ws/perception/install/velodyne_laserscan/share/velodyne_laserscan/launch/velodyne_laserscan_node-launch.py
[8.974s] -- Symlinking: /home/aiv/ev_ws/perception/install/velodyne_laserscan/share/ament_index/resource_index/package_run_dependencies/velodyne_laserscan
[8.983s] -- Symlinking: /home/aiv/ev_ws/perception/install/velodyne_laserscan/share/ament_index/resource_index/parent_prefix_path/velodyne_laserscan
[8.991s] -- Symlinking: /home/aiv/ev_ws/perception/install/velodyne_laserscan/share/velodyne_laserscan/environment/ament_prefix_path.sh
[8.999s] -- Symlinking: /home/aiv/ev_ws/perception/install/velodyne_laserscan/share/velodyne_laserscan/environment/ament_prefix_path.dsv
[9.008s] -- Symlinking: /home/aiv/ev_ws/perception/install/velodyne_laserscan/share/velodyne_laserscan/environment/path.sh
[9.013s] -- Symlinking: /home/aiv/ev_ws/perception/install/velodyne_laserscan/share/velodyne_laserscan/environment/path.dsv
[9.021s] -- Symlinking: /home/aiv/ev_ws/perception/install/velodyne_laserscan/share/velodyne_laserscan/local_setup.bash
[9.029s] -- Symlinking: /home/aiv/ev_ws/perception/install/velodyne_laserscan/share/velodyne_laserscan/local_setup.sh
[9.037s] -- Symlinking: /home/aiv/ev_ws/perception/install/velodyne_laserscan/share/velodyne_laserscan/local_setup.zsh
[9.045s] -- Symlinking: /home/aiv/ev_ws/perception/install/velodyne_laserscan/share/velodyne_laserscan/local_setup.dsv
[9.051s] -- Symlinking: /home/aiv/ev_ws/perception/install/velodyne_laserscan/share/velodyne_laserscan/package.dsv
[9.057s] -- Symlinking: /home/aiv/ev_ws/perception/install/velodyne_laserscan/share/ament_index/resource_index/packages/velodyne_laserscan
[9.065s] -- Symlinking: /home/aiv/ev_ws/perception/install/velodyne_laserscan/share/ament_index/resource_index/rclcpp_components/velodyne_laserscan
[9.071s] -- Symlinking: /home/aiv/ev_ws/perception/install/velodyne_laserscan/share/velodyne_laserscan/cmake/ament_cmake_export_include_directories-extras.cmake
[9.078s] -- Symlinking: /home/aiv/ev_ws/perception/install/velodyne_laserscan/share/velodyne_laserscan/cmake/ament_cmake_export_targets-extras.cmake
[9.083s] -- Symlinking: /home/aiv/ev_ws/perception/install/velodyne_laserscan/share/velodyne_laserscan/cmake/ament_cmake_export_dependencies-extras.cmake
[9.091s] -- Symlinking: /home/aiv/ev_ws/perception/install/velodyne_laserscan/share/velodyne_laserscan/cmake/velodyne_laserscanConfig.cmake
[9.099s] -- Symlinking: /home/aiv/ev_ws/perception/install/velodyne_laserscan/share/velodyne_laserscan/cmake/velodyne_laserscanConfig-version.cmake
[9.107s] -- Symlinking: /home/aiv/ev_ws/perception/install/velodyne_laserscan/share/velodyne_laserscan/package.xml
[9.115s] -- Installing: /home/aiv/ev_ws/perception/install/velodyne_laserscan/lib/libvelodyne_laserscan.so
[9.121s] -- Set runtime path of "/home/aiv/ev_ws/perception/install/velodyne_laserscan/lib/libvelodyne_laserscan.so" to ""
[9.121s] -- Installing: /home/aiv/ev_ws/perception/install/velodyne_laserscan/share/velodyne_laserscan/cmake/velodyne_laserscanExport.cmake
[9.121s] -- Installing: /home/aiv/ev_ws/perception/install/velodyne_laserscan/share/velodyne_laserscan/cmake/velodyne_laserscanExport-noconfig.cmake
[9.123s] Invoked command in '/home/aiv/ev_ws/perception/build/velodyne_laserscan' returned '0': CMAKE_PREFIX_PATH=${CMAKE_PREFIX_PATH}:/opt/ros/humble /usr/bin/cmake --install /home/aiv/ev_ws/perception/build/velodyne_laserscan
