[0.015s] Invoking command in '/home/aiv/ev_ws/perception/build/dbscan_clustering': CMAKE_PREFIX_PATH=${CMAKE_PREFIX_PATH}:/opt/ros/humble /usr/bin/cmake /home/aiv/ev_ws/perception/src/lidar/dbscan_clustering -DAMENT_CMAKE_SYMLINK_INSTALL=1 -DCMAKE_INSTALL_PREFIX=/home/aiv/ev_ws/perception/install/dbscan_clustering
[0.057s] -- The CXX compiler identification is GNU 11.4.0
[0.585s] -- The CUDA compiler identification is NVIDIA 12.6.85
[0.590s] -- Detecting CXX compiler ABI info
[0.648s] -- Detecting CXX compiler ABI info - done
[0.652s] -- Check for working CXX compiler: /usr/bin/c++ - skipped
[0.652s] -- Detecting CXX compile features
[0.653s] -- Detecting CXX compile features - done
[0.654s] -- Detecting CUDA compiler ABI info
[1.205s] -- Detecting CUDA compiler ABI info - done
[1.223s] -- Check for working CUDA compiler: /usr/local/cuda-12.6/bin/nvcc - skipped
[1.223s] -- Detecting CUDA compile features
[1.223s] -- Detecting CUDA compile features - done
[1.225s] -- Found ament_cmake: 1.3.12 (/opt/ros/humble/share/ament_cmake/cmake)
[1.356s] -- Found Python3: /usr/bin/python3 (found version "3.10.12") found components: Interpreter 
[1.420s] -- Override CMake install command with custom implementation using symlinks instead of copying resources
[1.443s] -- Found rclcpp: 16.0.17 (/opt/ros/humble/share/rclcpp/cmake)
[1.489s] -- Found rosidl_generator_c: 3.1.8 (/opt/ros/humble/share/rosidl_generator_c/cmake)
[1.495s] -- Found rosidl_adapter: 3.1.8 (/opt/ros/humble/share/rosidl_adapter/cmake)
[1.504s] -- Found rosidl_generator_cpp: 3.1.8 (/opt/ros/humble/share/rosidl_generator_cpp/cmake)
[1.518s] -- Using all available rosidl_typesupport_c: rosidl_typesupport_fastrtps_c;rosidl_typesupport_introspection_c
[1.536s] -- Using all available rosidl_typesupport_cpp: rosidl_typesupport_fastrtps_cpp;rosidl_typesupport_introspection_cpp
[1.583s] -- Found rmw_implementation_cmake: 6.1.2 (/opt/ros/humble/share/rmw_implementation_cmake/cmake)
[1.586s] -- Found rmw_fastrtps_cpp: 6.2.9 (/opt/ros/humble/share/rmw_fastrtps_cpp/cmake)
[1.674s] -- Found OpenSSL: /usr/lib/x86_64-linux-gnu/libcrypto.so (found version "3.0.2")  
[1.701s] -- Found FastRTPS: /opt/ros/humble/include  
[1.734s] -- Using RMW implementation 'rmw_fastrtps_cpp' as default
[1.741s] -- Looking for C++ include pthread.h
[1.814s] -- Looking for C++ include pthread.h - found
[1.814s] -- Performing Test CMAKE_HAVE_LIBC_PTHREAD
[1.878s] -- Performing Test CMAKE_HAVE_LIBC_PTHREAD - Success
[1.879s] -- Found Threads: TRUE  
[1.916s] -- Found rclcpp_components: 16.0.17 (/opt/ros/humble/share/rclcpp_components/cmake)
[1.942s] -- Found sensor_msgs: 4.9.0 (/opt/ros/humble/share/sensor_msgs/cmake)
[2.025s] -- Configuring done
[2.037s] -- Generating done
[2.042s] -- Build files have been written to: /home/aiv/ev_ws/perception/build/dbscan_clustering
[2.054s] Invoked command in '/home/aiv/ev_ws/perception/build/dbscan_clustering' returned '0': CMAKE_PREFIX_PATH=${CMAKE_PREFIX_PATH}:/opt/ros/humble /usr/bin/cmake /home/aiv/ev_ws/perception/src/lidar/dbscan_clustering -DAMENT_CMAKE_SYMLINK_INSTALL=1 -DCMAKE_INSTALL_PREFIX=/home/aiv/ev_ws/perception/install/dbscan_clustering
[2.055s] Invoking command in '/home/aiv/ev_ws/perception/build/dbscan_clustering': CMAKE_PREFIX_PATH=${CMAKE_PREFIX_PATH}:/opt/ros/humble /usr/bin/cmake --build /home/aiv/ev_ws/perception/build/dbscan_clustering -- -j28 -l28
[2.099s] [ 16%] [32mBuilding CUDA object CMakeFiles/dbscan_gpu.dir/src/dbscan_gpu.cu.o[0m
[2.103s] [ 33%] [32mBuilding CXX object CMakeFiles/dbscan_node.dir/rclcpp_components/node_main_dbscan_node.cpp.o[0m
[3.382s] [ 50%] [32m[1mLinking CUDA shared library libdbscan_gpu.so[0m
[3.434s] [ 50%] Built target dbscan_gpu
[3.458s] [ 66%] [32mBuilding CXX object CMakeFiles/dbscan_component.dir/src/dbscan_node.cpp.o[0m
[4.577s] [ 83%] [32m[1mLinking CXX executable dbscan_node[0m
[4.681s] [ 83%] Built target dbscan_node
[11.469s] [100%] [32m[1mLinking CXX shared library libdbscan_component.so[0m
[11.770s] [100%] Built target dbscan_component
[11.780s] Invoked command in '/home/aiv/ev_ws/perception/build/dbscan_clustering' returned '0': CMAKE_PREFIX_PATH=${CMAKE_PREFIX_PATH}:/opt/ros/humble /usr/bin/cmake --build /home/aiv/ev_ws/perception/build/dbscan_clustering -- -j28 -l28
[11.781s] Invoking command in '/home/aiv/ev_ws/perception/build/dbscan_clustering': CMAKE_PREFIX_PATH=${CMAKE_PREFIX_PATH}:/opt/ros/humble /usr/bin/cmake --install /home/aiv/ev_ws/perception/build/dbscan_clustering
[11.788s] -- Install configuration: ""
[11.789s] -- Execute custom install script
[11.789s] -- Symlinking: /home/aiv/ev_ws/perception/install/dbscan_clustering/lib/dbscan_clustering/dbscan_node
[11.795s] -- Symlinking: /home/aiv/ev_ws/perception/install/dbscan_clustering/lib/libdbscan_component.so
[11.802s] -- Symlinking: /home/aiv/ev_ws/perception/install/dbscan_clustering/lib/libdbscan_gpu.so
[11.809s] -- Symlinking: /home/aiv/ev_ws/perception/install/dbscan_clustering/share/dbscan_clustering//launch/dbscan_clustering.launch.py
[11.817s] -- Symlinking: /home/aiv/ev_ws/perception/install/dbscan_clustering/share/dbscan_clustering//config/dbscan_params.yaml
[11.823s] -- Symlinking: /home/aiv/ev_ws/perception/install/dbscan_clustering/share/ament_index/resource_index/package_run_dependencies/dbscan_clustering
[11.829s] -- Symlinking: /home/aiv/ev_ws/perception/install/dbscan_clustering/share/ament_index/resource_index/parent_prefix_path/dbscan_clustering
[11.838s] -- Symlinking: /home/aiv/ev_ws/perception/install/dbscan_clustering/share/dbscan_clustering/environment/ament_prefix_path.sh
[11.845s] -- Symlinking: /home/aiv/ev_ws/perception/install/dbscan_clustering/share/dbscan_clustering/environment/ament_prefix_path.dsv
[11.851s] -- Symlinking: /home/aiv/ev_ws/perception/install/dbscan_clustering/share/dbscan_clustering/environment/path.sh
[11.859s] -- Symlinking: /home/aiv/ev_ws/perception/install/dbscan_clustering/share/dbscan_clustering/environment/path.dsv
[11.868s] -- Symlinking: /home/aiv/ev_ws/perception/install/dbscan_clustering/share/dbscan_clustering/local_setup.bash
[11.873s] -- Symlinking: /home/aiv/ev_ws/perception/install/dbscan_clustering/share/dbscan_clustering/local_setup.sh
[11.880s] -- Symlinking: /home/aiv/ev_ws/perception/install/dbscan_clustering/share/dbscan_clustering/local_setup.zsh
[11.888s] -- Symlinking: /home/aiv/ev_ws/perception/install/dbscan_clustering/share/dbscan_clustering/local_setup.dsv
[11.895s] -- Symlinking: /home/aiv/ev_ws/perception/install/dbscan_clustering/share/dbscan_clustering/package.dsv
[11.902s] -- Symlinking: /home/aiv/ev_ws/perception/install/dbscan_clustering/share/ament_index/resource_index/packages/dbscan_clustering
[11.910s] -- Symlinking: /home/aiv/ev_ws/perception/install/dbscan_clustering/share/ament_index/resource_index/rclcpp_components/dbscan_clustering
[11.916s] -- Symlinking: /home/aiv/ev_ws/perception/install/dbscan_clustering/share/dbscan_clustering/cmake/dbscan_clusteringConfig.cmake
[11.923s] -- Symlinking: /home/aiv/ev_ws/perception/install/dbscan_clustering/share/dbscan_clustering/cmake/dbscan_clusteringConfig-version.cmake
[11.932s] -- Symlinking: /home/aiv/ev_ws/perception/install/dbscan_clustering/share/dbscan_clustering/package.xml
[11.941s] Invoked command in '/home/aiv/ev_ws/perception/build/dbscan_clustering' returned '0': CMAKE_PREFIX_PATH=${CMAKE_PREFIX_PATH}:/opt/ros/humble /usr/bin/cmake --install /home/aiv/ev_ws/perception/build/dbscan_clustering
