[0.008s] Invoking command in '/home/woonggook/ev_ws/build/lane_seg_msgs': CMAKE_PREFIX_PATH=${CMAKE_PREFIX_PATH}:/home/woonggook/ev_ws/install/my_bev_package:/home/woonggook/ev_ws/install/lane_seg:/opt/ros/humble /usr/bin/cmake --build /home/woonggook/ev_ws/build/lane_seg_msgs -- -j12 -l12
[0.049s] [35m[1mConsolidate compiler generated dependencies of target lane_seg_msgs__rosidl_generator_c[0m
[0.066s] [  3%] Built target lane_seg_msgs__cpp
[0.068s] [ 12%] Built target lane_seg_msgs__rosidl_generator_c
[0.078s] [35m[1mConsolidate compiler generated dependencies of target lane_seg_msgs__rosidl_typesupport_cpp[0m
[0.079s] [ 12%] Built target ament_cmake_python_copy_lane_seg_msgs
[0.081s] [35m[1mConsolidate compiler generated dependencies of target lane_seg_msgs__rosidl_typesupport_introspection_c[0m
[0.081s] [35m[1mConsolidate compiler generated dependencies of target lane_seg_msgs__rosidl_typesupport_introspection_cpp[0m
[0.082s] [35m[1mConsolidate compiler generated dependencies of target lane_seg_msgs__rosidl_typesupport_c[0m
[0.084s] [35m[1mConsolidate compiler generated dependencies of target lane_seg_msgs__rosidl_typesupport_fastrtps_c[0m
[0.084s] [35m[1mConsolidate compiler generated dependencies of target lane_seg_msgs__rosidl_typesupport_fastrtps_cpp[0m
[0.090s] [ 22%] Built target lane_seg_msgs__rosidl_typesupport_cpp
[0.090s] [ 32%] Built target lane_seg_msgs__rosidl_typesupport_introspection_c
[0.090s] [ 41%] Built target lane_seg_msgs__rosidl_typesupport_introspection_cpp
[0.092s] [ 51%] Built target lane_seg_msgs__rosidl_typesupport_c
[0.092s] [ 61%] Built target lane_seg_msgs__rosidl_typesupport_fastrtps_c
[0.095s] [ 70%] Built target lane_seg_msgs__rosidl_typesupport_fastrtps_cpp
[0.120s] [ 70%] Built target lane_seg_msgs
[0.144s] [ 74%] Built target lane_seg_msgs__py
[0.156s] [35m[1mConsolidate compiler generated dependencies of target lane_seg_msgs__rosidl_generator_py[0m
[0.167s] [ 80%] Built target lane_seg_msgs__rosidl_generator_py
[0.175s] [35m[1mConsolidate compiler generated dependencies of target lane_seg_msgs__rosidl_typesupport_fastrtps_c__pyext[0m
[0.175s] [35m[1mConsolidate compiler generated dependencies of target lane_seg_msgs__rosidl_typesupport_introspection_c__pyext[0m
[0.177s] [35m[1mConsolidate compiler generated dependencies of target lane_seg_msgs__rosidl_typesupport_c__pyext[0m
[0.183s] [ 87%] Built target lane_seg_msgs__rosidl_typesupport_introspection_c__pyext
[0.185s] [ 93%] Built target lane_seg_msgs__rosidl_typesupport_fastrtps_c__pyext
[0.186s] [100%] Built target lane_seg_msgs__rosidl_typesupport_c__pyext
[0.295s] running egg_info
[0.295s] writing lane_seg_msgs.egg-info/PKG-INFO
[0.295s] writing dependency_links to lane_seg_msgs.egg-info/dependency_links.txt
[0.295s] writing top-level names to lane_seg_msgs.egg-info/top_level.txt
[0.297s] reading manifest file 'lane_seg_msgs.egg-info/SOURCES.txt'
[0.297s] writing manifest file 'lane_seg_msgs.egg-info/SOURCES.txt'
[0.316s] [100%] Built target ament_cmake_python_build_lane_seg_msgs_egg
[0.325s] Invoked command in '/home/woonggook/ev_ws/build/lane_seg_msgs' returned '0': CMAKE_PREFIX_PATH=${CMAKE_PREFIX_PATH}:/home/woonggook/ev_ws/install/my_bev_package:/home/woonggook/ev_ws/install/lane_seg:/opt/ros/humble /usr/bin/cmake --build /home/woonggook/ev_ws/build/lane_seg_msgs -- -j12 -l12
[0.327s] Invoking command in '/home/woonggook/ev_ws/build/lane_seg_msgs': CMAKE_PREFIX_PATH=${CMAKE_PREFIX_PATH}:/home/woonggook/ev_ws/install/my_bev_package:/home/woonggook/ev_ws/install/lane_seg:/opt/ros/humble /usr/bin/cmake --install /home/woonggook/ev_ws/build/lane_seg_msgs
[0.333s] -- Install configuration: ""
[0.333s] -- Up-to-date: /home/woonggook/ev_ws/install/lane_seg_msgs/share/ament_index/resource_index/rosidl_interfaces/lane_seg_msgs
[0.333s] -- Up-to-date: /home/woonggook/ev_ws/install/lane_seg_msgs/include/lane_seg_msgs/lane_seg_msgs
[0.333s] -- Up-to-date: /home/woonggook/ev_ws/install/lane_seg_msgs/include/lane_seg_msgs/lane_seg_msgs/msg
[0.333s] -- Up-to-date: /home/woonggook/ev_ws/install/lane_seg_msgs/include/lane_seg_msgs/lane_seg_msgs/msg/detail
[0.334s] -- Up-to-date: /home/woonggook/ev_ws/install/lane_seg_msgs/include/lane_seg_msgs/lane_seg_msgs/msg/detail/lane_coords__type_support.h
[0.334s] -- Up-to-date: /home/woonggook/ev_ws/install/lane_seg_msgs/include/lane_seg_msgs/lane_seg_msgs/msg/detail/lane_coords__struct.h
[0.334s] -- Up-to-date: /home/woonggook/ev_ws/install/lane_seg_msgs/include/lane_seg_msgs/lane_seg_msgs/msg/detail/lane_coords__functions.h
[0.334s] -- Up-to-date: /home/woonggook/ev_ws/install/lane_seg_msgs/include/lane_seg_msgs/lane_seg_msgs/msg/detail/lane_coords__functions.c
[0.334s] -- Up-to-date: /home/woonggook/ev_ws/install/lane_seg_msgs/include/lane_seg_msgs/lane_seg_msgs/msg/lane_coords.h
[0.334s] -- Up-to-date: /home/woonggook/ev_ws/install/lane_seg_msgs/include/lane_seg_msgs/lane_seg_msgs/msg/rosidl_generator_c__visibility_control.h
[0.334s] -- Up-to-date: /home/woonggook/ev_ws/install/lane_seg_msgs/share/lane_seg_msgs/environment/library_path.sh
[0.334s] -- Up-to-date: /home/woonggook/ev_ws/install/lane_seg_msgs/share/lane_seg_msgs/environment/library_path.dsv
[0.334s] -- Up-to-date: /home/woonggook/ev_ws/install/lane_seg_msgs/lib/liblane_seg_msgs__rosidl_generator_c.so
[0.334s] -- Up-to-date: /home/woonggook/ev_ws/install/lane_seg_msgs/include/lane_seg_msgs/lane_seg_msgs
[0.334s] -- Up-to-date: /home/woonggook/ev_ws/install/lane_seg_msgs/include/lane_seg_msgs/lane_seg_msgs/msg
[0.334s] -- Up-to-date: /home/woonggook/ev_ws/install/lane_seg_msgs/include/lane_seg_msgs/lane_seg_msgs/msg/detail
[0.334s] -- Up-to-date: /home/woonggook/ev_ws/install/lane_seg_msgs/include/lane_seg_msgs/lane_seg_msgs/msg/detail/lane_coords__rosidl_typesupport_fastrtps_c.h
[0.335s] -- Up-to-date: /home/woonggook/ev_ws/install/lane_seg_msgs/include/lane_seg_msgs/lane_seg_msgs/msg/rosidl_typesupport_fastrtps_c__visibility_control.h
[0.335s] -- Up-to-date: /home/woonggook/ev_ws/install/lane_seg_msgs/lib/liblane_seg_msgs__rosidl_typesupport_fastrtps_c.so
[0.335s] -- Up-to-date: /home/woonggook/ev_ws/install/lane_seg_msgs/include/lane_seg_msgs/lane_seg_msgs
[0.335s] -- Up-to-date: /home/woonggook/ev_ws/install/lane_seg_msgs/include/lane_seg_msgs/lane_seg_msgs/msg
[0.335s] -- Up-to-date: /home/woonggook/ev_ws/install/lane_seg_msgs/include/lane_seg_msgs/lane_seg_msgs/msg/rosidl_typesupport_introspection_c__visibility_control.h
[0.335s] -- Up-to-date: /home/woonggook/ev_ws/install/lane_seg_msgs/include/lane_seg_msgs/lane_seg_msgs/msg/detail
[0.335s] -- Up-to-date: /home/woonggook/ev_ws/install/lane_seg_msgs/include/lane_seg_msgs/lane_seg_msgs/msg/detail/lane_coords__rosidl_typesupport_introspection_c.h
[0.335s] -- Up-to-date: /home/woonggook/ev_ws/install/lane_seg_msgs/include/lane_seg_msgs/lane_seg_msgs/msg/detail/lane_coords__type_support.c
[0.335s] -- Up-to-date: /home/woonggook/ev_ws/install/lane_seg_msgs/lib/liblane_seg_msgs__rosidl_typesupport_introspection_c.so
[0.335s] -- Up-to-date: /home/woonggook/ev_ws/install/lane_seg_msgs/lib/liblane_seg_msgs__rosidl_typesupport_c.so
[0.335s] -- Up-to-date: /home/woonggook/ev_ws/install/lane_seg_msgs/include/lane_seg_msgs/lane_seg_msgs
[0.335s] -- Up-to-date: /home/woonggook/ev_ws/install/lane_seg_msgs/include/lane_seg_msgs/lane_seg_msgs/msg
[0.335s] -- Up-to-date: /home/woonggook/ev_ws/install/lane_seg_msgs/include/lane_seg_msgs/lane_seg_msgs/msg/lane_coords.hpp
[0.335s] -- Up-to-date: /home/woonggook/ev_ws/install/lane_seg_msgs/include/lane_seg_msgs/lane_seg_msgs/msg/detail
[0.335s] -- Up-to-date: /home/woonggook/ev_ws/install/lane_seg_msgs/include/lane_seg_msgs/lane_seg_msgs/msg/detail/lane_coords__type_support.hpp
[0.336s] -- Up-to-date: /home/woonggook/ev_ws/install/lane_seg_msgs/include/lane_seg_msgs/lane_seg_msgs/msg/detail/lane_coords__struct.hpp
[0.336s] -- Up-to-date: /home/woonggook/ev_ws/install/lane_seg_msgs/include/lane_seg_msgs/lane_seg_msgs/msg/detail/lane_coords__traits.hpp
[0.336s] -- Up-to-date: /home/woonggook/ev_ws/install/lane_seg_msgs/include/lane_seg_msgs/lane_seg_msgs/msg/detail/lane_coords__builder.hpp
[0.336s] -- Up-to-date: /home/woonggook/ev_ws/install/lane_seg_msgs/include/lane_seg_msgs/lane_seg_msgs/msg/rosidl_generator_cpp__visibility_control.hpp
[0.336s] -- Up-to-date: /home/woonggook/ev_ws/install/lane_seg_msgs/include/lane_seg_msgs/lane_seg_msgs
[0.336s] -- Up-to-date: /home/woonggook/ev_ws/install/lane_seg_msgs/include/lane_seg_msgs/lane_seg_msgs/msg
[0.336s] -- Up-to-date: /home/woonggook/ev_ws/install/lane_seg_msgs/include/lane_seg_msgs/lane_seg_msgs/msg/detail
[0.336s] -- Up-to-date: /home/woonggook/ev_ws/install/lane_seg_msgs/include/lane_seg_msgs/lane_seg_msgs/msg/detail/dds_fastrtps
[0.336s] -- Up-to-date: /home/woonggook/ev_ws/install/lane_seg_msgs/include/lane_seg_msgs/lane_seg_msgs/msg/detail/lane_coords__rosidl_typesupport_fastrtps_cpp.hpp
[0.336s] -- Up-to-date: /home/woonggook/ev_ws/install/lane_seg_msgs/include/lane_seg_msgs/lane_seg_msgs/msg/rosidl_typesupport_fastrtps_cpp__visibility_control.h
[0.336s] -- Up-to-date: /home/woonggook/ev_ws/install/lane_seg_msgs/lib/liblane_seg_msgs__rosidl_typesupport_fastrtps_cpp.so
[0.336s] -- Up-to-date: /home/woonggook/ev_ws/install/lane_seg_msgs/include/lane_seg_msgs/lane_seg_msgs
[0.336s] -- Up-to-date: /home/woonggook/ev_ws/install/lane_seg_msgs/include/lane_seg_msgs/lane_seg_msgs/msg
[0.336s] -- Up-to-date: /home/woonggook/ev_ws/install/lane_seg_msgs/include/lane_seg_msgs/lane_seg_msgs/msg/detail
[0.336s] -- Up-to-date: /home/woonggook/ev_ws/install/lane_seg_msgs/include/lane_seg_msgs/lane_seg_msgs/msg/detail/lane_coords__rosidl_typesupport_introspection_cpp.hpp
[0.336s] -- Up-to-date: /home/woonggook/ev_ws/install/lane_seg_msgs/include/lane_seg_msgs/lane_seg_msgs/msg/detail/lane_coords__type_support.cpp
[0.337s] -- Up-to-date: /home/woonggook/ev_ws/install/lane_seg_msgs/lib/liblane_seg_msgs__rosidl_typesupport_introspection_cpp.so
[0.337s] -- Up-to-date: /home/woonggook/ev_ws/install/lane_seg_msgs/lib/liblane_seg_msgs__rosidl_typesupport_cpp.so
[0.337s] -- Up-to-date: /home/woonggook/ev_ws/install/lane_seg_msgs/share/lane_seg_msgs/environment/pythonpath.sh
[0.337s] -- Up-to-date: /home/woonggook/ev_ws/install/lane_seg_msgs/share/lane_seg_msgs/environment/pythonpath.dsv
[0.337s] -- Up-to-date: /home/woonggook/ev_ws/install/lane_seg_msgs/local/lib/python3.10/dist-packages/lane_seg_msgs-0.0.0-py3.10.egg-info
[0.337s] -- Installing: /home/woonggook/ev_ws/install/lane_seg_msgs/local/lib/python3.10/dist-packages/lane_seg_msgs-0.0.0-py3.10.egg-info/PKG-INFO
[0.337s] -- Installing: /home/woonggook/ev_ws/install/lane_seg_msgs/local/lib/python3.10/dist-packages/lane_seg_msgs-0.0.0-py3.10.egg-info/top_level.txt
[0.337s] -- Installing: /home/woonggook/ev_ws/install/lane_seg_msgs/local/lib/python3.10/dist-packages/lane_seg_msgs-0.0.0-py3.10.egg-info/dependency_links.txt
[0.337s] -- Installing: /home/woonggook/ev_ws/install/lane_seg_msgs/local/lib/python3.10/dist-packages/lane_seg_msgs-0.0.0-py3.10.egg-info/SOURCES.txt
[0.337s] -- Up-to-date: /home/woonggook/ev_ws/install/lane_seg_msgs/local/lib/python3.10/dist-packages/lane_seg_msgs
[0.337s] -- Up-to-date: /home/woonggook/ev_ws/install/lane_seg_msgs/local/lib/python3.10/dist-packages/lane_seg_msgs/msg
[0.337s] -- Up-to-date: /home/woonggook/ev_ws/install/lane_seg_msgs/local/lib/python3.10/dist-packages/lane_seg_msgs/msg/_lane_coords.py
[0.337s] -- Up-to-date: /home/woonggook/ev_ws/install/lane_seg_msgs/local/lib/python3.10/dist-packages/lane_seg_msgs/msg/_lane_coords_s.c
[0.337s] -- Up-to-date: /home/woonggook/ev_ws/install/lane_seg_msgs/local/lib/python3.10/dist-packages/lane_seg_msgs/msg/__init__.py
[0.337s] -- Up-to-date: /home/woonggook/ev_ws/install/lane_seg_msgs/local/lib/python3.10/dist-packages/lane_seg_msgs/_lane_seg_msgs_s.ep.rosidl_typesupport_c.c
[0.337s] -- Up-to-date: /home/woonggook/ev_ws/install/lane_seg_msgs/local/lib/python3.10/dist-packages/lane_seg_msgs/lane_seg_msgs_s__rosidl_typesupport_introspection_c.cpython-310-x86_64-linux-gnu.so
[0.338s] -- Up-to-date: /home/woonggook/ev_ws/install/lane_seg_msgs/local/lib/python3.10/dist-packages/lane_seg_msgs/lane_seg_msgs_s__rosidl_typesupport_c.cpython-310-x86_64-linux-gnu.so
[0.338s] -- Up-to-date: /home/woonggook/ev_ws/install/lane_seg_msgs/local/lib/python3.10/dist-packages/lane_seg_msgs/_lane_seg_msgs_s.ep.rosidl_typesupport_introspection_c.c
[0.338s] -- Up-to-date: /home/woonggook/ev_ws/install/lane_seg_msgs/local/lib/python3.10/dist-packages/lane_seg_msgs/lane_seg_msgs_s__rosidl_typesupport_fastrtps_c.cpython-310-x86_64-linux-gnu.so
[0.338s] -- Up-to-date: /home/woonggook/ev_ws/install/lane_seg_msgs/local/lib/python3.10/dist-packages/lane_seg_msgs/__init__.py
[0.338s] -- Up-to-date: /home/woonggook/ev_ws/install/lane_seg_msgs/local/lib/python3.10/dist-packages/lane_seg_msgs/_lane_seg_msgs_s.ep.rosidl_typesupport_fastrtps_c.c
[0.338s] -- Up-to-date: /home/woonggook/ev_ws/install/lane_seg_msgs/local/lib/python3.10/dist-packages/lane_seg_msgs/liblane_seg_msgs__rosidl_generator_py.so
[0.360s] Listing '/home/woonggook/ev_ws/install/lane_seg_msgs/local/lib/python3.10/dist-packages/lane_seg_msgs'...
[0.360s] Listing '/home/woonggook/ev_ws/install/lane_seg_msgs/local/lib/python3.10/dist-packages/lane_seg_msgs/msg'...
[0.362s] -- Up-to-date: /home/woonggook/ev_ws/install/lane_seg_msgs/local/lib/python3.10/dist-packages/lane_seg_msgs/lane_seg_msgs_s__rosidl_typesupport_fastrtps_c.cpython-310-x86_64-linux-gnu.so
[0.363s] -- Up-to-date: /home/woonggook/ev_ws/install/lane_seg_msgs/local/lib/python3.10/dist-packages/lane_seg_msgs/lane_seg_msgs_s__rosidl_typesupport_introspection_c.cpython-310-x86_64-linux-gnu.so
[0.363s] -- Up-to-date: /home/woonggook/ev_ws/install/lane_seg_msgs/local/lib/python3.10/dist-packages/lane_seg_msgs/lane_seg_msgs_s__rosidl_typesupport_c.cpython-310-x86_64-linux-gnu.so
[0.363s] -- Up-to-date: /home/woonggook/ev_ws/install/lane_seg_msgs/lib/liblane_seg_msgs__rosidl_generator_py.so
[0.363s] -- Up-to-date: /home/woonggook/ev_ws/install/lane_seg_msgs/share/lane_seg_msgs/msg/LaneCoords.idl
[0.363s] -- Up-to-date: /home/woonggook/ev_ws/install/lane_seg_msgs/share/lane_seg_msgs/msg/LaneCoords.msg
[0.363s] -- Up-to-date: /home/woonggook/ev_ws/install/lane_seg_msgs/share/ament_index/resource_index/package_run_dependencies/lane_seg_msgs
[0.363s] -- Up-to-date: /home/woonggook/ev_ws/install/lane_seg_msgs/share/ament_index/resource_index/parent_prefix_path/lane_seg_msgs
[0.363s] -- Up-to-date: /home/woonggook/ev_ws/install/lane_seg_msgs/share/lane_seg_msgs/environment/ament_prefix_path.sh
[0.363s] -- Up-to-date: /home/woonggook/ev_ws/install/lane_seg_msgs/share/lane_seg_msgs/environment/ament_prefix_path.dsv
[0.363s] -- Up-to-date: /home/woonggook/ev_ws/install/lane_seg_msgs/share/lane_seg_msgs/environment/path.sh
[0.364s] -- Up-to-date: /home/woonggook/ev_ws/install/lane_seg_msgs/share/lane_seg_msgs/environment/path.dsv
[0.364s] -- Up-to-date: /home/woonggook/ev_ws/install/lane_seg_msgs/share/lane_seg_msgs/local_setup.bash
[0.364s] -- Up-to-date: /home/woonggook/ev_ws/install/lane_seg_msgs/share/lane_seg_msgs/local_setup.sh
[0.364s] -- Up-to-date: /home/woonggook/ev_ws/install/lane_seg_msgs/share/lane_seg_msgs/local_setup.zsh
[0.364s] -- Up-to-date: /home/woonggook/ev_ws/install/lane_seg_msgs/share/lane_seg_msgs/local_setup.dsv
[0.364s] -- Installing: /home/woonggook/ev_ws/install/lane_seg_msgs/share/lane_seg_msgs/package.dsv
[0.364s] -- Up-to-date: /home/woonggook/ev_ws/install/lane_seg_msgs/share/ament_index/resource_index/packages/lane_seg_msgs
[0.364s] -- Up-to-date: /home/woonggook/ev_ws/install/lane_seg_msgs/share/lane_seg_msgs/cmake/export_lane_seg_msgs__rosidl_generator_cExport.cmake
[0.364s] -- Up-to-date: /home/woonggook/ev_ws/install/lane_seg_msgs/share/lane_seg_msgs/cmake/export_lane_seg_msgs__rosidl_generator_cExport-noconfig.cmake
[0.364s] -- Up-to-date: /home/woonggook/ev_ws/install/lane_seg_msgs/share/lane_seg_msgs/cmake/export_lane_seg_msgs__rosidl_typesupport_fastrtps_cExport.cmake
[0.364s] -- Up-to-date: /home/woonggook/ev_ws/install/lane_seg_msgs/share/lane_seg_msgs/cmake/export_lane_seg_msgs__rosidl_typesupport_fastrtps_cExport-noconfig.cmake
[0.364s] -- Up-to-date: /home/woonggook/ev_ws/install/lane_seg_msgs/share/lane_seg_msgs/cmake/lane_seg_msgs__rosidl_typesupport_introspection_cExport.cmake
[0.364s] -- Up-to-date: /home/woonggook/ev_ws/install/lane_seg_msgs/share/lane_seg_msgs/cmake/lane_seg_msgs__rosidl_typesupport_introspection_cExport-noconfig.cmake
[0.364s] -- Up-to-date: /home/woonggook/ev_ws/install/lane_seg_msgs/share/lane_seg_msgs/cmake/lane_seg_msgs__rosidl_typesupport_cExport.cmake
[0.364s] -- Up-to-date: /home/woonggook/ev_ws/install/lane_seg_msgs/share/lane_seg_msgs/cmake/lane_seg_msgs__rosidl_typesupport_cExport-noconfig.cmake
[0.365s] -- Up-to-date: /home/woonggook/ev_ws/install/lane_seg_msgs/share/lane_seg_msgs/cmake/export_lane_seg_msgs__rosidl_generator_cppExport.cmake
[0.365s] -- Up-to-date: /home/woonggook/ev_ws/install/lane_seg_msgs/share/lane_seg_msgs/cmake/export_lane_seg_msgs__rosidl_typesupport_fastrtps_cppExport.cmake
[0.365s] -- Up-to-date: /home/woonggook/ev_ws/install/lane_seg_msgs/share/lane_seg_msgs/cmake/export_lane_seg_msgs__rosidl_typesupport_fastrtps_cppExport-noconfig.cmake
[0.365s] -- Up-to-date: /home/woonggook/ev_ws/install/lane_seg_msgs/share/lane_seg_msgs/cmake/lane_seg_msgs__rosidl_typesupport_introspection_cppExport.cmake
[0.365s] -- Up-to-date: /home/woonggook/ev_ws/install/lane_seg_msgs/share/lane_seg_msgs/cmake/lane_seg_msgs__rosidl_typesupport_introspection_cppExport-noconfig.cmake
[0.365s] -- Up-to-date: /home/woonggook/ev_ws/install/lane_seg_msgs/share/lane_seg_msgs/cmake/lane_seg_msgs__rosidl_typesupport_cppExport.cmake
[0.365s] -- Up-to-date: /home/woonggook/ev_ws/install/lane_seg_msgs/share/lane_seg_msgs/cmake/lane_seg_msgs__rosidl_typesupport_cppExport-noconfig.cmake
[0.365s] -- Up-to-date: /home/woonggook/ev_ws/install/lane_seg_msgs/share/lane_seg_msgs/cmake/export_lane_seg_msgs__rosidl_generator_pyExport.cmake
[0.365s] -- Up-to-date: /home/woonggook/ev_ws/install/lane_seg_msgs/share/lane_seg_msgs/cmake/export_lane_seg_msgs__rosidl_generator_pyExport-noconfig.cmake
[0.365s] -- Up-to-date: /home/woonggook/ev_ws/install/lane_seg_msgs/share/lane_seg_msgs/cmake/rosidl_cmake-extras.cmake
[0.365s] -- Up-to-date: /home/woonggook/ev_ws/install/lane_seg_msgs/share/lane_seg_msgs/cmake/ament_cmake_export_include_directories-extras.cmake
[0.365s] -- Up-to-date: /home/woonggook/ev_ws/install/lane_seg_msgs/share/lane_seg_msgs/cmake/ament_cmake_export_libraries-extras.cmake
[0.365s] -- Up-to-date: /home/woonggook/ev_ws/install/lane_seg_msgs/share/lane_seg_msgs/cmake/ament_cmake_export_targets-extras.cmake
[0.366s] -- Up-to-date: /home/woonggook/ev_ws/install/lane_seg_msgs/share/lane_seg_msgs/cmake/rosidl_cmake_export_typesupport_targets-extras.cmake
[0.366s] -- Up-to-date: /home/woonggook/ev_ws/install/lane_seg_msgs/share/lane_seg_msgs/cmake/ament_cmake_export_dependencies-extras.cmake
[0.366s] -- Up-to-date: /home/woonggook/ev_ws/install/lane_seg_msgs/share/lane_seg_msgs/cmake/rosidl_cmake_export_typesupport_libraries-extras.cmake
[0.366s] -- Up-to-date: /home/woonggook/ev_ws/install/lane_seg_msgs/share/lane_seg_msgs/cmake/lane_seg_msgsConfig.cmake
[0.366s] -- Up-to-date: /home/woonggook/ev_ws/install/lane_seg_msgs/share/lane_seg_msgs/cmake/lane_seg_msgsConfig-version.cmake
[0.366s] -- Up-to-date: /home/woonggook/ev_ws/install/lane_seg_msgs/share/lane_seg_msgs/package.xml
[0.367s] Invoked command in '/home/woonggook/ev_ws/build/lane_seg_msgs' returned '0': CMAKE_PREFIX_PATH=${CMAKE_PREFIX_PATH}:/home/woonggook/ev_ws/install/my_bev_package:/home/woonggook/ev_ws/install/lane_seg:/opt/ros/humble /usr/bin/cmake --install /home/woonggook/ev_ws/build/lane_seg_msgs
