-- Found ament_cmake: 1.3.12 (/opt/ros/humble/share/ament_cmake/cmake)
-- Override CMake install command with custom implementation using symlinks instead of copying resources
-- Found rclcpp: 16.0.17 (/opt/ros/humble/share/rclcpp/cmake)
-- Found rosidl_generator_c: 3.1.8 (/opt/ros/humble/share/rosidl_generator_c/cmake)
-- Found rosidl_adapter: 3.1.8 (/opt/ros/humble/share/rosidl_adapter/cmake)
-- Found rosidl_generator_cpp: 3.1.8 (/opt/ros/humble/share/rosidl_generator_cpp/cmake)
-- Using all available rosidl_typesupport_c: rosidl_typesupport_fastrtps_c;rosidl_typesupport_introspection_c
-- Using all available rosidl_typesupport_cpp: rosidl_typesupport_fastrtps_cpp;rosidl_typesupport_introspection_cpp
-- Found rmw_implementation_cmake: 6.1.2 (/opt/ros/humble/share/rmw_implementation_cmake/cmake)
-- Found rmw_fastrtps_cpp: 6.2.9 (/opt/ros/humble/share/rmw_fastrtps_cpp/cmake)
-- Using RMW implementation 'rmw_fastrtps_cpp' as default
-- Found rclcpp_components: 16.0.17 (/opt/ros/humble/share/rclcpp_components/cmake)
-- Found nav_msgs: 4.9.0 (/opt/ros/humble/share/nav_msgs/cmake)
-- Found ev_msgs: 0.1.0 (/home/aiv/ev_ws/ev_msgs/install/ev_msgs/share/ev_msgs/cmake)
-- Found visualization_msgs: 4.9.0 (/opt/ros/humble/share/visualization_msgs/cmake)
-- Found ament_lint_auto: 0.12.14 (/opt/ros/humble/share/ament_lint_auto/cmake)
-- Added test 'cppcheck' to perform static code analysis on C / C++ code
-- Configured cppcheck include dirs: /home/aiv/ev_ws/planning/src/planning_lc_ver/include
-- Configured cppcheck exclude dirs and/or files: 
-- Added test 'flake8' to check Python code syntax and style conventions
-- Added test 'lint_cmake' to check CMake code style
-- Added test 'pep257' to check Python code against some of the docstring style conventions in PEP 257
-- Added test 'uncrustify' to check C / C++ code style
-- Configured uncrustify additional arguments: 
-- Added test 'xmllint' to check XML markup files
-- Configuring done
-- Generating done
-- Build files have been written to: /home/aiv/ev_ws/planning/build/planning_lc_ver
Consolidate compiler generated dependencies of target planning_lc_chainer
Consolidate compiler generated dependencies of target planning_lc_postprocess
Consolidate compiler generated dependencies of target planning_lc_costmap
Consolidate compiler generated dependencies of target planning_lc_planner
Consolidate compiler generated dependencies of target lc_planner_node_exe
[  8%] Building CXX object CMakeFiles/planning_lc_chainer.dir/src/chainer/direction_chainer.cpp.o
[ 16%] Building CXX object CMakeFiles/planning_lc_postprocess.dir/src/postprocess/path_postprocessor.cpp.o
[ 25%] Building CXX object CMakeFiles/planning_lc_costmap.dir/src/costmap/costmap_generator.cpp.o
[ 41%] Built target lc_planner_node_exe
[ 50%] Building CXX object CMakeFiles/planning_lc_planner.dir/src/planner/magnetic_planner.cpp.o
[ 58%] Linking CXX shared library libplanning_lc_postprocess.so
[ 58%] Built target planning_lc_postprocess
[ 66%] Linking CXX shared library libplanning_lc_costmap.so
[ 75%] Linking CXX shared library libplanning_lc_planner.so
[ 75%] Built target planning_lc_planner
[ 75%] Built target planning_lc_costmap
[ 83%] Linking CXX shared library libplanning_lc_chainer.so
[ 83%] Built target planning_lc_chainer
Consolidate compiler generated dependencies of target lc_planner_component
[ 91%] Building CXX object CMakeFiles/lc_planner_component.dir/src/nodes/lc_planner_node.cpp.o
[100%] Linking CXX shared library liblc_planner_component.so
[100%] Built target lc_planner_component
-- Install configuration: ""
-- Execute custom install script
-- Up-to-date symlink: /home/aiv/ev_ws/planning/install/planning_lc_ver/lib/libplanning_lc_chainer.so
-- Up-to-date symlink: /home/aiv/ev_ws/planning/install/planning_lc_ver/lib/libplanning_lc_costmap.so
-- Up-to-date symlink: /home/aiv/ev_ws/planning/install/planning_lc_ver/lib/libplanning_lc_planner.so
-- Up-to-date symlink: /home/aiv/ev_ws/planning/install/planning_lc_ver/lib/libplanning_lc_postprocess.so
-- Up-to-date symlink: /home/aiv/ev_ws/planning/install/planning_lc_ver/lib/planning_lc_ver/lc_planner_node_exe
-- Up-to-date symlink: /home/aiv/ev_ws/planning/install/planning_lc_ver/lib/liblc_planner_component.so
-- Up-to-date symlink: /home/aiv/ev_ws/planning/install/planning_lc_ver/include/planning_lc_ver/chainer/direction_chainer.hpp
-- Up-to-date symlink: /home/aiv/ev_ws/planning/install/planning_lc_ver/include/planning_lc_ver/common/debug_publish.hpp
-- Up-to-date symlink: /home/aiv/ev_ws/planning/install/planning_lc_ver/include/planning_lc_ver/common/geometry.hpp
-- Up-to-date symlink: /home/aiv/ev_ws/planning/install/planning_lc_ver/include/planning_lc_ver/common/params.hpp
-- Up-to-date symlink: /home/aiv/ev_ws/planning/install/planning_lc_ver/include/planning_lc_ver/common/types.hpp
-- Up-to-date symlink: /home/aiv/ev_ws/planning/install/planning_lc_ver/include/planning_lc_ver/costmap/costmap_generator.hpp
-- Up-to-date symlink: /home/aiv/ev_ws/planning/install/planning_lc_ver/include/planning_lc_ver/nodes/lc_planner_node.hpp
-- Up-to-date symlink: /home/aiv/ev_ws/planning/install/planning_lc_ver/include/planning_lc_ver/planner/magnetic_planner.hpp
-- Up-to-date symlink: /home/aiv/ev_ws/planning/install/planning_lc_ver/include/planning_lc_ver/postprocess/path_postprocessor.hpp
-- Up-to-date symlink: /home/aiv/ev_ws/planning/install/planning_lc_ver/include/planning_lc_ver/safety/safety_checker.hpp
-- Up-to-date symlink: /home/aiv/ev_ws/planning/install/planning_lc_ver/share/planning_lc_ver/config/planning_lc.yaml
-- Up-to-date symlink: /home/aiv/ev_ws/planning/install/planning_lc_ver/share/planning_lc_ver/launch/planning_lc.launch.py
-- Up-to-date symlink: /home/aiv/ev_ws/planning/install/planning_lc_ver/share/ament_index/resource_index/package_run_dependencies/planning_lc_ver
-- Up-to-date symlink: /home/aiv/ev_ws/planning/install/planning_lc_ver/share/ament_index/resource_index/parent_prefix_path/planning_lc_ver
-- Up-to-date symlink: /home/aiv/ev_ws/planning/install/planning_lc_ver/share/planning_lc_ver/environment/ament_prefix_path.sh
-- Up-to-date symlink: /home/aiv/ev_ws/planning/install/planning_lc_ver/share/planning_lc_ver/environment/ament_prefix_path.dsv
-- Up-to-date symlink: /home/aiv/ev_ws/planning/install/planning_lc_ver/share/planning_lc_ver/environment/path.sh
-- Up-to-date symlink: /home/aiv/ev_ws/planning/install/planning_lc_ver/share/planning_lc_ver/environment/path.dsv
-- Up-to-date symlink: /home/aiv/ev_ws/planning/install/planning_lc_ver/share/planning_lc_ver/local_setup.bash
-- Up-to-date symlink: /home/aiv/ev_ws/planning/install/planning_lc_ver/share/planning_lc_ver/local_setup.sh
-- Up-to-date symlink: /home/aiv/ev_ws/planning/install/planning_lc_ver/share/planning_lc_ver/local_setup.zsh
-- Up-to-date symlink: /home/aiv/ev_ws/planning/install/planning_lc_ver/share/planning_lc_ver/local_setup.dsv
-- Symlinking: /home/aiv/ev_ws/planning/install/planning_lc_ver/share/planning_lc_ver/package.dsv
-- Up-to-date symlink: /home/aiv/ev_ws/planning/install/planning_lc_ver/share/ament_index/resource_index/packages/planning_lc_ver
-- Up-to-date symlink: /home/aiv/ev_ws/planning/install/planning_lc_ver/share/ament_index/resource_index/rclcpp_components/planning_lc_ver
-- Up-to-date symlink: /home/aiv/ev_ws/planning/install/planning_lc_ver/share/planning_lc_ver/cmake/planning_lc_verConfig.cmake
-- Up-to-date symlink: /home/aiv/ev_ws/planning/install/planning_lc_ver/share/planning_lc_ver/cmake/planning_lc_verConfig-version.cmake
-- Up-to-date symlink: /home/aiv/ev_ws/planning/install/planning_lc_ver/share/planning_lc_ver/package.xml
