[0.018s] Invoking command in '/home/aiv/ev_ws/build/velodyne_cropbox': CMAKE_PREFIX_PATH=${CMAKE_PREFIX_PATH}:/opt/ros/humble /usr/bin/cmake /home/aiv/ev_ws/perception/src/lidar/velodyne_cropbox -DAMENT_CMAKE_SYMLINK_INSTALL=1 -DCMAKE_INSTALL_PREFIX=/home/aiv/ev_ws/install/velodyne_cropbox
[0.051s] -- The C compiler identification is GNU 11.4.0
[0.095s] -- The CXX compiler identification is GNU 11.4.0
[0.101s] -- Detecting C compiler ABI info
[0.144s] -- Detecting C compiler ABI info - done
[0.148s] -- Check for working C compiler: /usr/bin/cc - skipped
[0.148s] -- Detecting C compile features
[0.149s] -- Detecting C compile features - done
[0.150s] -- Detecting CXX compiler ABI info
[0.196s] -- Detecting CXX compiler ABI info - done
[0.200s] -- Check for working CXX compiler: /usr/bin/c++ - skipped
[0.201s] -- Detecting CXX compile features
[0.201s] -- Detecting CXX compile features - done
[0.202s] -- Found ament_cmake: 1.3.12 (/opt/ros/humble/share/ament_cmake/cmake)
[0.320s] -- Found Python3: /usr/bin/python3 (found version "3.10.12") found components: Interpreter 
[0.359s] -- Override CMake install command with custom implementation using symlinks instead of copying resources
[0.387s] -- Found rclcpp: 16.0.17 (/opt/ros/humble/share/rclcpp/cmake)
[0.430s] -- Found rosidl_generator_c: 3.1.8 (/opt/ros/humble/share/rosidl_generator_c/cmake)
[0.434s] -- Found rosidl_adapter: 3.1.8 (/opt/ros/humble/share/rosidl_adapter/cmake)
[0.440s] -- Found rosidl_generator_cpp: 3.1.8 (/opt/ros/humble/share/rosidl_generator_cpp/cmake)
[0.448s] -- Using all available rosidl_typesupport_c: rosidl_typesupport_fastrtps_c;rosidl_typesupport_introspection_c
[0.458s] -- Using all available rosidl_typesupport_cpp: rosidl_typesupport_fastrtps_cpp;rosidl_typesupport_introspection_cpp
[0.488s] -- Found rmw_implementation_cmake: 6.1.2 (/opt/ros/humble/share/rmw_implementation_cmake/cmake)
[0.491s] -- Found rmw_fastrtps_cpp: 6.2.9 (/opt/ros/humble/share/rmw_fastrtps_cpp/cmake)
[0.546s] -- Found OpenSSL: /usr/lib/x86_64-linux-gnu/libcrypto.so (found version "3.0.2")  
[0.564s] -- Found FastRTPS: /opt/ros/humble/include  
[0.593s] -- Using RMW implementation 'rmw_fastrtps_cpp' as default
[0.603s] -- Looking for pthread.h
[0.648s] -- Looking for pthread.h - found
[0.649s] -- Performing Test CMAKE_HAVE_LIBC_PTHREAD
[0.702s] -- Performing Test CMAKE_HAVE_LIBC_PTHREAD - Success
[0.703s] -- Found Threads: TRUE  
[0.733s] -- Found rclcpp_components: 16.0.17 (/opt/ros/humble/share/rclcpp_components/cmake)
[0.749s] -- Found sensor_msgs: 4.9.0 (/opt/ros/humble/share/sensor_msgs/cmake)
[0.767s] -- Found ament_lint_auto: 0.12.14 (/opt/ros/humble/share/ament_lint_auto/cmake)
[0.843s] -- Added test 'cppcheck' to perform static code analysis on C / C++ code
[0.843s] -- Configured cppcheck include dirs: $<BUILD_INTERFACE:/home/aiv/ev_ws/perception/src/lidar/velodyne_cropbox/include>
[0.843s] -- Configured cppcheck exclude dirs and/or files: 
[0.843s] -- Added test 'flake8' to check Python code syntax and style conventions
[0.844s] -- Added test 'lint_cmake' to check CMake code style
[0.844s] -- Added test 'pep257' to check Python code against some of the docstring style conventions in PEP 257
[0.845s] -- Added test 'uncrustify' to check C / C++ code style
[0.845s] -- Configured uncrustify additional arguments: 
[0.846s] -- Added test 'xmllint' to check XML markup files
[0.849s] -- Configuring done
[0.857s] -- Generating done
[0.860s] -- Build files have been written to: /home/aiv/ev_ws/build/velodyne_cropbox
[0.869s] Invoked command in '/home/aiv/ev_ws/build/velodyne_cropbox' returned '0': CMAKE_PREFIX_PATH=${CMAKE_PREFIX_PATH}:/opt/ros/humble /usr/bin/cmake /home/aiv/ev_ws/perception/src/lidar/velodyne_cropbox -DAMENT_CMAKE_SYMLINK_INSTALL=1 -DCMAKE_INSTALL_PREFIX=/home/aiv/ev_ws/install/velodyne_cropbox
[0.870s] Invoking command in '/home/aiv/ev_ws/build/velodyne_cropbox': CMAKE_PREFIX_PATH=${CMAKE_PREFIX_PATH}:/opt/ros/humble /usr/bin/cmake --build /home/aiv/ev_ws/build/velodyne_cropbox -- -j28 -l28
[0.910s] [ 50%] [32mBuilding CXX object CMakeFiles/cropbox_component.dir/src/cropbox_component.cpp.o[0m
[9.004s] [100%] [32m[1mLinking CXX shared library libcropbox_component.so[0m
[9.599s] [100%] Built target cropbox_component
[9.631s] Invoked command in '/home/aiv/ev_ws/build/velodyne_cropbox' returned '0': CMAKE_PREFIX_PATH=${CMAKE_PREFIX_PATH}:/opt/ros/humble /usr/bin/cmake --build /home/aiv/ev_ws/build/velodyne_cropbox -- -j28 -l28
[9.633s] Invoking command in '/home/aiv/ev_ws/build/velodyne_cropbox': CMAKE_PREFIX_PATH=${CMAKE_PREFIX_PATH}:/opt/ros/humble /usr/bin/cmake --install /home/aiv/ev_ws/build/velodyne_cropbox
[9.644s] -- Install configuration: ""
[9.644s] -- Execute custom install script
[9.644s] -- Symlinking: /home/aiv/ev_ws/install/velodyne_cropbox/lib/libcropbox_component.so
[9.658s] -- Symlinking: /home/aiv/ev_ws/install/velodyne_cropbox/include/velodyne_cropbox/cropbox_component.hpp
[9.670s] -- Symlinking: /home/aiv/ev_ws/install/velodyne_cropbox/share/velodyne_cropbox/config/default_cropbox_params.yaml
[9.683s] -- Symlinking: /home/aiv/ev_ws/install/velodyne_cropbox/share/velodyne_cropbox/launch/cropbox.launch.py
[9.695s] -- Symlinking: /home/aiv/ev_ws/install/velodyne_cropbox/share/velodyne_cropbox/environment/library_path.sh
[9.705s] -- Symlinking: /home/aiv/ev_ws/install/velodyne_cropbox/share/velodyne_cropbox/environment/library_path.dsv
[9.720s] -- Symlinking: /home/aiv/ev_ws/install/velodyne_cropbox/share/ament_index/resource_index/package_run_dependencies/velodyne_cropbox
[9.732s] -- Symlinking: /home/aiv/ev_ws/install/velodyne_cropbox/share/ament_index/resource_index/parent_prefix_path/velodyne_cropbox
[9.742s] -- Symlinking: /home/aiv/ev_ws/install/velodyne_cropbox/share/velodyne_cropbox/environment/ament_prefix_path.sh
[9.751s] -- Symlinking: /home/aiv/ev_ws/install/velodyne_cropbox/share/velodyne_cropbox/environment/ament_prefix_path.dsv
[9.764s] -- Symlinking: /home/aiv/ev_ws/install/velodyne_cropbox/share/velodyne_cropbox/environment/path.sh
[9.772s] -- Symlinking: /home/aiv/ev_ws/install/velodyne_cropbox/share/velodyne_cropbox/environment/path.dsv
[9.783s] -- Symlinking: /home/aiv/ev_ws/install/velodyne_cropbox/share/velodyne_cropbox/local_setup.bash
[9.797s] -- Symlinking: /home/aiv/ev_ws/install/velodyne_cropbox/share/velodyne_cropbox/local_setup.sh
[9.808s] -- Symlinking: /home/aiv/ev_ws/install/velodyne_cropbox/share/velodyne_cropbox/local_setup.zsh
[9.822s] -- Symlinking: /home/aiv/ev_ws/install/velodyne_cropbox/share/velodyne_cropbox/local_setup.dsv
[9.828s] -- Symlinking: /home/aiv/ev_ws/install/velodyne_cropbox/share/velodyne_cropbox/package.dsv
[9.840s] -- Symlinking: /home/aiv/ev_ws/install/velodyne_cropbox/share/ament_index/resource_index/packages/velodyne_cropbox
[9.849s] -- Symlinking: /home/aiv/ev_ws/install/velodyne_cropbox/share/ament_index/resource_index/rclcpp_components/velodyne_cropbox
[9.859s] -- Symlinking: /home/aiv/ev_ws/install/velodyne_cropbox/share/velodyne_cropbox/cmake/ament_cmake_export_include_directories-extras.cmake
[9.875s] -- Symlinking: /home/aiv/ev_ws/install/velodyne_cropbox/share/velodyne_cropbox/cmake/ament_cmake_export_libraries-extras.cmake
[9.884s] -- Symlinking: /home/aiv/ev_ws/install/velodyne_cropbox/share/velodyne_cropbox/cmake/ament_cmake_export_dependencies-extras.cmake
[9.894s] -- Symlinking: /home/aiv/ev_ws/install/velodyne_cropbox/share/velodyne_cropbox/cmake/velodyne_cropboxConfig.cmake
[9.909s] -- Symlinking: /home/aiv/ev_ws/install/velodyne_cropbox/share/velodyne_cropbox/cmake/velodyne_cropboxConfig-version.cmake
[9.920s] -- Symlinking: /home/aiv/ev_ws/install/velodyne_cropbox/share/velodyne_cropbox/package.xml
[9.932s] Invoked command in '/home/aiv/ev_ws/build/velodyne_cropbox' returned '0': CMAKE_PREFIX_PATH=${CMAKE_PREFIX_PATH}:/opt/ros/humble /usr/bin/cmake --install /home/aiv/ev_ws/build/velodyne_cropbox
