[0.006s] Invoking command in '/home/aiv/ev_ws/planning/build/chaining_mr_ver': CMAKE_PREFIX_PATH=${CMAKE_PREFIX_PATH}:/opt/ros/humble /usr/bin/cmake /home/aiv/ev_ws/planning/src/chaining_mr_ver -DAMENT_CMAKE_SYMLINK_INSTALL=1 -DCMAKE_INSTALL_PREFIX=/home/aiv/ev_ws/planning/install/chaining_mr_ver
[0.041s] -- The C compiler identification is GNU 11.4.0
[0.078s] -- The CXX compiler identification is GNU 11.4.0
[0.082s] -- Detecting C compiler ABI info
[0.125s] -- Detecting C compiler ABI info - done
[0.129s] -- Check for working C compiler: /usr/bin/cc - skipped
[0.129s] -- Detecting C compile features
[0.130s] -- Detecting C compile features - done
[0.131s] -- Detecting CXX compiler ABI info
[0.184s] -- Detecting CXX compiler ABI info - done
[0.188s] -- Check for working CXX compiler: /usr/bin/c++ - skipped
[0.188s] -- Detecting CXX compile features
[0.188s] -- Detecting CXX compile features - done
[8.619s] -- CDT_USE_AS_COMPILED_LIBRARY is OFF
[8.619s] -- CDT_USE_64_BIT_INDEX_TYPE is OFF
[8.619s] -- CDT_ENABLE_CALLBACK_HANDLER is OFF
[8.619s] -- CDT_ENABLE_TESTING is OFF
[8.619s] -- CDT_USE_STRONG_TYPING is OFF
[8.619s] -- CDT_DEVELOPER_BUILD is OFF
[8.619s] -- CDT_DISABLE_EXCEPTIONS is OFF
[8.622s] -- Could NOT find Doxygen (missing: DOXYGEN_EXECUTABLE) (Required is at least version "1.9")
[8.624s] -- Found ament_cmake: 1.3.12 (/opt/ros/humble/share/ament_cmake/cmake)
[8.720s] -- Found Python3: /usr/bin/python3 (found version "3.10.12") found components: Interpreter 
[8.761s] -- Override CMake install command with custom implementation using symlinks instead of copying resources
[8.785s] -- Found rclcpp: 16.0.17 (/opt/ros/humble/share/rclcpp/cmake)
[8.815s] -- Found rosidl_generator_c: 3.1.8 (/opt/ros/humble/share/rosidl_generator_c/cmake)
[8.819s] -- Found rosidl_adapter: 3.1.8 (/opt/ros/humble/share/rosidl_adapter/cmake)
[8.825s] -- Found rosidl_generator_cpp: 3.1.8 (/opt/ros/humble/share/rosidl_generator_cpp/cmake)
[8.833s] -- Using all available rosidl_typesupport_c: rosidl_typesupport_fastrtps_c;rosidl_typesupport_introspection_c
[8.845s] -- Using all available rosidl_typesupport_cpp: rosidl_typesupport_fastrtps_cpp;rosidl_typesupport_introspection_cpp
[8.875s] -- Found rmw_implementation_cmake: 6.1.2 (/opt/ros/humble/share/rmw_implementation_cmake/cmake)
[8.878s] -- Found rmw_fastrtps_cpp: 6.2.9 (/opt/ros/humble/share/rmw_fastrtps_cpp/cmake)
[8.941s] -- Found OpenSSL: /usr/lib/x86_64-linux-gnu/libcrypto.so (found version "3.0.2")  
[8.958s] -- Found FastRTPS: /opt/ros/humble/include  
[8.985s] -- Using RMW implementation 'rmw_fastrtps_cpp' as default
[8.992s] -- Looking for pthread.h
[9.044s] -- Looking for pthread.h - found
[9.044s] -- Performing Test CMAKE_HAVE_LIBC_PTHREAD
[9.096s] -- Performing Test CMAKE_HAVE_LIBC_PTHREAD - Success
[9.097s] -- Found Threads: TRUE  
[9.128s] -- Found rclcpp_components: 16.0.17 (/opt/ros/humble/share/rclcpp_components/cmake)
[9.144s] -- Found nav_msgs: 4.9.0 (/opt/ros/humble/share/nav_msgs/cmake)
[9.161s] -- Found ev_msgs: 0.1.0 (/home/aiv/ev_ws/ev_msgs/install/ev_msgs/share/ev_msgs/cmake)
[9.171s] -- Found visualization_msgs: 4.9.0 (/opt/ros/humble/share/visualization_msgs/cmake)
[9.202s] -- Found ament_lint_auto: 0.12.14 (/opt/ros/humble/share/ament_lint_auto/cmake)
[9.251s] -- Added test 'cppcheck' to perform static code analysis on C / C++ code
[9.251s] -- Configured cppcheck include dirs: /home/aiv/ev_ws/planning/src/chaining_mr_ver/include
[9.251s] -- Configured cppcheck exclude dirs and/or files: 
[9.252s] -- Added test 'flake8' to check Python code syntax and style conventions
[9.252s] -- Added test 'lint_cmake' to check CMake code style
[9.253s] -- Added test 'pep257' to check Python code against some of the docstring style conventions in PEP 257
[9.254s] -- Added test 'uncrustify' to check C / C++ code style
[9.254s] -- Configured uncrustify additional arguments: 
[9.254s] -- Added test 'xmllint' to check XML markup files
[9.255s] -- Configuring done
[9.268s] -- Generating done
[9.272s] -- Build files have been written to: /home/aiv/ev_ws/planning/build/chaining_mr_ver
[9.279s] Invoked command in '/home/aiv/ev_ws/planning/build/chaining_mr_ver' returned '0': CMAKE_PREFIX_PATH=${CMAKE_PREFIX_PATH}:/opt/ros/humble /usr/bin/cmake /home/aiv/ev_ws/planning/src/chaining_mr_ver -DAMENT_CMAKE_SYMLINK_INSTALL=1 -DCMAKE_INSTALL_PREFIX=/home/aiv/ev_ws/planning/install/chaining_mr_ver
[9.279s] Invoking command in '/home/aiv/ev_ws/planning/build/chaining_mr_ver': CMAKE_PREFIX_PATH=${CMAKE_PREFIX_PATH}:/opt/ros/humble /usr/bin/cmake --build /home/aiv/ev_ws/planning/build/chaining_mr_ver -- -j28 -l28
[9.320s] [ 10%] [32mBuilding CXX object CMakeFiles/chaining_mr_postprocess.dir/src/postprocess/path_postprocessor.cpp.o[0m
[9.321s] [ 20%] [32mBuilding CXX object CMakeFiles/lc_planner_node_exe.dir/rclcpp_components/node_main_lc_planner_node_exe.cpp.o[0m
[9.322s] [ 40%] [32mBuilding CXX object CMakeFiles/chaining_mr_cdt_planner.dir/src/planner/cdt_centerline.cpp.o[0m
[9.322s] [ 40%] [32mBuilding CXX object CMakeFiles/chaining_mr_chainer.dir/src/chainer/direction_chainer.cpp.o[0m
[9.628s] [ 50%] [32m[1mLinking CXX shared library libchaining_mr_postprocess.so[0m
[9.709s] [ 50%] Built target chaining_mr_postprocess
[11.071s] [ 60%] [32m[1mLinking CXX executable lc_planner_node_exe[0m
[11.147s] [ 60%] Built target lc_planner_node_exe
[11.214s] [ 70%] [32m[1mLinking CXX shared library libchaining_mr_chainer.so[0m
[11.296s] [ 70%] Built target chaining_mr_chainer
[12.051s] [ 80%] [32m[1mLinking CXX shared library libchaining_mr_cdt_planner.so[0m
[12.155s] [ 80%] Built target chaining_mr_cdt_planner
[12.172s] [ 90%] [32mBuilding CXX object CMakeFiles/lc_planner_component.dir/src/nodes/chaining_mr_ver_node.cpp.o[0m
[18.630s] [100%] [32m[1mLinking CXX shared library liblc_planner_component.so[0m
[19.010s] [100%] Built target lc_planner_component
[19.017s] Invoked command in '/home/aiv/ev_ws/planning/build/chaining_mr_ver' returned '0': CMAKE_PREFIX_PATH=${CMAKE_PREFIX_PATH}:/opt/ros/humble /usr/bin/cmake --build /home/aiv/ev_ws/planning/build/chaining_mr_ver -- -j28 -l28
[19.018s] Invoking command in '/home/aiv/ev_ws/planning/build/chaining_mr_ver': CMAKE_PREFIX_PATH=${CMAKE_PREFIX_PATH}:/opt/ros/humble /usr/bin/cmake --install /home/aiv/ev_ws/planning/build/chaining_mr_ver
[19.024s] -- Install configuration: ""
[19.024s] -- Installing: /home/aiv/ev_ws/planning/install/chaining_mr_ver/include
[19.024s] -- Installing: /home/aiv/ev_ws/planning/install/chaining_mr_ver/include/CDT.hpp
[19.025s] -- Installing: /home/aiv/ev_ws/planning/install/chaining_mr_ver/include/CDTUtils.hpp
[19.025s] -- Installing: /home/aiv/ev_ws/planning/install/chaining_mr_ver/include/portable_nth_element.hpp
[19.025s] -- Installing: /home/aiv/ev_ws/planning/install/chaining_mr_ver/include/Triangulation.h
[19.025s] -- Installing: /home/aiv/ev_ws/planning/install/chaining_mr_ver/include/predicates.h
[19.025s] -- Installing: /home/aiv/ev_ws/planning/install/chaining_mr_ver/include/LocatorKDTree.h
[19.025s] -- Installing: /home/aiv/ev_ws/planning/install/chaining_mr_ver/include/remove_at.hpp
[19.025s] -- Installing: /home/aiv/ev_ws/planning/install/chaining_mr_ver/include/Triangulation.hpp
[19.025s] -- Installing: /home/aiv/ev_ws/planning/install/chaining_mr_ver/include/CDTUtils.h
[19.025s] -- Installing: /home/aiv/ev_ws/planning/install/chaining_mr_ver/include/KDTree.h
[19.025s] -- Installing: /home/aiv/ev_ws/planning/install/chaining_mr_ver/include/CDT.h
[19.025s] -- Up-to-date: /home/aiv/ev_ws/planning/install/chaining_mr_ver/include
[19.025s] -- Installing: /home/aiv/ev_ws/planning/install/chaining_mr_ver/include/VerifyTopology.h
[19.025s] -- Installing: /home/aiv/ev_ws/planning/install/chaining_mr_ver/include/InitializeWithGrid.h
[19.025s] -- Installing: /home/aiv/ev_ws/planning/install/chaining_mr_ver/cmake/CDTConfig.cmake
[19.026s] -- Execute custom install script
[19.026s] -- Symlinking: /home/aiv/ev_ws/planning/install/chaining_mr_ver/lib/libchaining_mr_chainer.so
[19.032s] -- Symlinking: /home/aiv/ev_ws/planning/install/chaining_mr_ver/lib/libchaining_mr_cdt_planner.so
[19.039s] -- Symlinking: /home/aiv/ev_ws/planning/install/chaining_mr_ver/lib/libchaining_mr_postprocess.so
[19.044s] -- Symlinking: /home/aiv/ev_ws/planning/install/chaining_mr_ver/lib/chaining_mr_ver/lc_planner_node_exe
[19.050s] -- Symlinking: /home/aiv/ev_ws/planning/install/chaining_mr_ver/lib/liblc_planner_component.so
[19.057s] -- Symlinking: /home/aiv/ev_ws/planning/install/chaining_mr_ver/include/chaining_mr_ver/chainer/direction_chainer.hpp
[19.062s] -- Symlinking: /home/aiv/ev_ws/planning/install/chaining_mr_ver/include/chaining_mr_ver/common/debug_publish.hpp
[19.068s] -- Symlinking: /home/aiv/ev_ws/planning/install/chaining_mr_ver/include/chaining_mr_ver/common/geometry.hpp
[19.072s] -- Symlinking: /home/aiv/ev_ws/planning/install/chaining_mr_ver/include/chaining_mr_ver/common/params.hpp
[19.077s] -- Symlinking: /home/aiv/ev_ws/planning/install/chaining_mr_ver/include/chaining_mr_ver/common/types.hpp
[19.084s] -- Symlinking: /home/aiv/ev_ws/planning/install/chaining_mr_ver/include/chaining_mr_ver/nodes/chaining_mr_ver_node.hpp
[19.089s] -- Symlinking: /home/aiv/ev_ws/planning/install/chaining_mr_ver/include/chaining_mr_ver/planner/cdt_centerline.hpp
[19.095s] -- Symlinking: /home/aiv/ev_ws/planning/install/chaining_mr_ver/include/chaining_mr_ver/postprocess/path_postprocessor.hpp
[19.100s] -- Symlinking: /home/aiv/ev_ws/planning/install/chaining_mr_ver/include/chaining_mr_ver/safety/safety_checker.hpp
[19.105s] -- Symlinking: /home/aiv/ev_ws/planning/install/chaining_mr_ver/share/chaining_mr_ver/config/chaining_mr_ver.yaml
[19.109s] -- Symlinking: /home/aiv/ev_ws/planning/install/chaining_mr_ver/share/chaining_mr_ver/launch/chaining_mr_ver.launch.py
[19.116s] -- Symlinking: /home/aiv/ev_ws/planning/install/chaining_mr_ver/share/ament_index/resource_index/package_run_dependencies/chaining_mr_ver
[19.122s] -- Symlinking: /home/aiv/ev_ws/planning/install/chaining_mr_ver/share/ament_index/resource_index/parent_prefix_path/chaining_mr_ver
[19.128s] -- Symlinking: /home/aiv/ev_ws/planning/install/chaining_mr_ver/share/chaining_mr_ver/environment/ament_prefix_path.sh
[19.133s] -- Symlinking: /home/aiv/ev_ws/planning/install/chaining_mr_ver/share/chaining_mr_ver/environment/ament_prefix_path.dsv
[19.139s] -- Symlinking: /home/aiv/ev_ws/planning/install/chaining_mr_ver/share/chaining_mr_ver/environment/path.sh
[19.146s] -- Symlinking: /home/aiv/ev_ws/planning/install/chaining_mr_ver/share/chaining_mr_ver/environment/path.dsv
[19.152s] -- Symlinking: /home/aiv/ev_ws/planning/install/chaining_mr_ver/share/chaining_mr_ver/local_setup.bash
[19.158s] -- Symlinking: /home/aiv/ev_ws/planning/install/chaining_mr_ver/share/chaining_mr_ver/local_setup.sh
[19.163s] -- Symlinking: /home/aiv/ev_ws/planning/install/chaining_mr_ver/share/chaining_mr_ver/local_setup.zsh
[19.168s] -- Symlinking: /home/aiv/ev_ws/planning/install/chaining_mr_ver/share/chaining_mr_ver/local_setup.dsv
[19.173s] -- Symlinking: /home/aiv/ev_ws/planning/install/chaining_mr_ver/share/chaining_mr_ver/package.dsv
[19.178s] -- Symlinking: /home/aiv/ev_ws/planning/install/chaining_mr_ver/share/ament_index/resource_index/packages/chaining_mr_ver
[19.182s] -- Symlinking: /home/aiv/ev_ws/planning/install/chaining_mr_ver/share/ament_index/resource_index/rclcpp_components/chaining_mr_ver
[19.188s] -- Symlinking: /home/aiv/ev_ws/planning/install/chaining_mr_ver/share/chaining_mr_ver/cmake/chaining_mr_verConfig.cmake
[19.192s] -- Symlinking: /home/aiv/ev_ws/planning/install/chaining_mr_ver/share/chaining_mr_ver/cmake/chaining_mr_verConfig-version.cmake
[19.197s] -- Symlinking: /home/aiv/ev_ws/planning/install/chaining_mr_ver/share/chaining_mr_ver/package.xml
[19.204s] Invoked command in '/home/aiv/ev_ws/planning/build/chaining_mr_ver' returned '0': CMAKE_PREFIX_PATH=${CMAKE_PREFIX_PATH}:/opt/ros/humble /usr/bin/cmake --install /home/aiv/ev_ws/planning/build/chaining_mr_ver
