[0.063s] DEBUG:colcon:Command line arguments: ['/usr/bin/colcon', 'build']
[0.063s] DEBUG:colcon:Parsed command line arguments: Namespace(log_base=None, log_level=None, verb_name='build', build_base='build', install_base='install', merge_install=False, symlink_install=False, test_result_base=None, continue_on_error=False, executor='parallel', parallel_workers=12, event_handlers=None, ignore_user_meta=False, metas=['./colcon.meta'], base_paths=['.'], packages_ignore=None, packages_ignore_regex=None, paths=None, packages_up_to=None, packages_up_to_regex=None, packages_above=None, packages_above_and_dependencies=None, packages_above_depth=None, packages_select_by_dep=None, packages_skip_by_dep=None, packages_skip_up_to=None, packages_select_build_failed=False, packages_skip_build_finished=False, packages_select_test_failures=False, packages_skip_test_passed=False, packages_select=None, packages_skip=None, packages_select_regex=None, packages_skip_regex=None, packages_start=None, packages_end=None, allow_overriding=[], cmake_args=None, cmake_target=None, cmake_target_skip_unavailable=False, cmake_clean_cache=False, cmake_clean_first=False, cmake_force_configure=False, ament_cmake_args=None, catkin_cmake_args=None, catkin_skip_building_tests=False, mixin_files=None, mixin=None, verb_parser=<colcon_mixin.mixin.mixin_argument.MixinArgumentDecorator object at 0x72f30435d510>, verb_extension=<colcon_core.verb.build.BuildVerb object at 0x72f304496aa0>, main=<bound method BuildVerb.main of <colcon_core.verb.build.BuildVerb object at 0x72f304496aa0>>, mixin_verb=('build',))
[0.164s] Level 1:colcon.colcon_core.package_discovery:discover_packages(colcon_meta) check parameters
[0.164s] Level 1:colcon.colcon_core.package_discovery:discover_packages(recursive) check parameters
[0.164s] Level 1:colcon.colcon_core.package_discovery:discover_packages(ignore) check parameters
[0.164s] Level 1:colcon.colcon_core.package_discovery:discover_packages(path) check parameters
[0.164s] Level 1:colcon.colcon_core.package_discovery:discover_packages(colcon_meta) discover
[0.164s] Level 1:colcon.colcon_core.package_discovery:discover_packages(recursive) discover
[0.164s] INFO:colcon.colcon_core.package_discovery:Crawling recursively for packages in '/home/woonggook/ev_ws'
[0.164s] Level 1:colcon.colcon_core.package_identification:_identify(.) by extensions ['ignore', 'ignore_ament_install']
[0.165s] Level 1:colcon.colcon_core.package_identification:_identify(.) by extension 'ignore'
[0.165s] Level 1:colcon.colcon_core.package_identification:_identify(.) by extension 'ignore_ament_install'
[0.165s] Level 1:colcon.colcon_core.package_identification:_identify(.) by extensions ['colcon_pkg']
[0.165s] Level 1:colcon.colcon_core.package_identification:_identify(.) by extension 'colcon_pkg'
[0.165s] Level 1:colcon.colcon_core.package_identification:_identify(.) by extensions ['colcon_meta']
[0.165s] Level 1:colcon.colcon_core.package_identification:_identify(.) by extension 'colcon_meta'
[0.165s] Level 1:colcon.colcon_core.package_identification:_identify(.) by extensions ['ros']
[0.165s] Level 1:colcon.colcon_core.package_identification:_identify(.) by extension 'ros'
[0.187s] Level 1:colcon.colcon_core.package_identification:_identify(.) by extensions ['cmake', 'python']
[0.187s] Level 1:colcon.colcon_core.package_identification:_identify(.) by extension 'cmake'
[0.188s] Level 1:colcon.colcon_core.package_identification:_identify(.) by extension 'python'
[0.188s] Level 1:colcon.colcon_core.package_identification:_identify(.) by extensions ['python_setup_py']
[0.188s] Level 1:colcon.colcon_core.package_identification:_identify(.) by extension 'python_setup_py'
[0.188s] Level 1:colcon.colcon_core.package_identification:_identify(build) by extensions ['ignore', 'ignore_ament_install']
[0.188s] Level 1:colcon.colcon_core.package_identification:_identify(build) by extension 'ignore'
[0.188s] Level 1:colcon.colcon_core.package_identification:_identify(build) ignored
[0.188s] Level 1:colcon.colcon_core.package_identification:_identify(install) by extensions ['ignore', 'ignore_ament_install']
[0.188s] Level 1:colcon.colcon_core.package_identification:_identify(install) by extension 'ignore'
[0.188s] Level 1:colcon.colcon_core.package_identification:_identify(install) ignored
[0.188s] Level 1:colcon.colcon_core.package_identification:_identify(log) by extensions ['ignore', 'ignore_ament_install']
[0.188s] Level 1:colcon.colcon_core.package_identification:_identify(log) by extension 'ignore'
[0.188s] Level 1:colcon.colcon_core.package_identification:_identify(log) ignored
[0.188s] Level 1:colcon.colcon_core.package_identification:_identify(src) by extensions ['ignore', 'ignore_ament_install']
[0.188s] Level 1:colcon.colcon_core.package_identification:_identify(src) by extension 'ignore'
[0.188s] Level 1:colcon.colcon_core.package_identification:_identify(src) by extension 'ignore_ament_install'
[0.188s] Level 1:colcon.colcon_core.package_identification:_identify(src) by extensions ['colcon_pkg']
[0.188s] Level 1:colcon.colcon_core.package_identification:_identify(src) by extension 'colcon_pkg'
[0.188s] Level 1:colcon.colcon_core.package_identification:_identify(src) by extensions ['colcon_meta']
[0.188s] Level 1:colcon.colcon_core.package_identification:_identify(src) by extension 'colcon_meta'
[0.188s] Level 1:colcon.colcon_core.package_identification:_identify(src) by extensions ['ros']
[0.188s] Level 1:colcon.colcon_core.package_identification:_identify(src) by extension 'ros'
[0.188s] Level 1:colcon.colcon_core.package_identification:_identify(src) by extensions ['cmake', 'python']
[0.188s] Level 1:colcon.colcon_core.package_identification:_identify(src) by extension 'cmake'
[0.188s] Level 1:colcon.colcon_core.package_identification:_identify(src) by extension 'python'
[0.188s] Level 1:colcon.colcon_core.package_identification:_identify(src) by extensions ['python_setup_py']
[0.188s] Level 1:colcon.colcon_core.package_identification:_identify(src) by extension 'python_setup_py'
[0.188s] Level 1:colcon.colcon_core.package_identification:_identify(src/lane_seg) by extensions ['ignore', 'ignore_ament_install']
[0.188s] Level 1:colcon.colcon_core.package_identification:_identify(src/lane_seg) by extension 'ignore'
[0.188s] Level 1:colcon.colcon_core.package_identification:_identify(src/lane_seg) by extension 'ignore_ament_install'
[0.188s] Level 1:colcon.colcon_core.package_identification:_identify(src/lane_seg) by extensions ['colcon_pkg']
[0.188s] Level 1:colcon.colcon_core.package_identification:_identify(src/lane_seg) by extension 'colcon_pkg'
[0.188s] Level 1:colcon.colcon_core.package_identification:_identify(src/lane_seg) by extensions ['colcon_meta']
[0.189s] Level 1:colcon.colcon_core.package_identification:_identify(src/lane_seg) by extension 'colcon_meta'
[0.189s] Level 1:colcon.colcon_core.package_identification:_identify(src/lane_seg) by extensions ['ros']
[0.189s] Level 1:colcon.colcon_core.package_identification:_identify(src/lane_seg) by extension 'ros'
[0.190s] DEBUG:colcon.colcon_core.package_identification:Package 'src/lane_seg' with type 'ros.ament_python' and name 'lane_seg'
[0.190s] Level 1:colcon.colcon_core.package_identification:_identify(src/my_bev_package) by extensions ['ignore', 'ignore_ament_install']
[0.190s] Level 1:colcon.colcon_core.package_identification:_identify(src/my_bev_package) by extension 'ignore'
[0.190s] Level 1:colcon.colcon_core.package_identification:_identify(src/my_bev_package) by extension 'ignore_ament_install'
[0.190s] Level 1:colcon.colcon_core.package_identification:_identify(src/my_bev_package) by extensions ['colcon_pkg']
[0.190s] Level 1:colcon.colcon_core.package_identification:_identify(src/my_bev_package) by extension 'colcon_pkg'
[0.190s] Level 1:colcon.colcon_core.package_identification:_identify(src/my_bev_package) by extensions ['colcon_meta']
[0.190s] Level 1:colcon.colcon_core.package_identification:_identify(src/my_bev_package) by extension 'colcon_meta'
[0.190s] Level 1:colcon.colcon_core.package_identification:_identify(src/my_bev_package) by extensions ['ros']
[0.190s] Level 1:colcon.colcon_core.package_identification:_identify(src/my_bev_package) by extension 'ros'
[0.191s] DEBUG:colcon.colcon_core.package_identification:Package 'src/my_bev_package' with type 'ros.ament_python' and name 'my_bev_package'
[0.191s] Level 1:colcon.colcon_core.package_identification:_identify(src/usb_cam) by extensions ['ignore', 'ignore_ament_install']
[0.191s] Level 1:colcon.colcon_core.package_identification:_identify(src/usb_cam) by extension 'ignore'
[0.191s] Level 1:colcon.colcon_core.package_identification:_identify(src/usb_cam) by extension 'ignore_ament_install'
[0.191s] Level 1:colcon.colcon_core.package_identification:_identify(src/usb_cam) by extensions ['colcon_pkg']
[0.191s] Level 1:colcon.colcon_core.package_identification:_identify(src/usb_cam) by extension 'colcon_pkg'
[0.191s] Level 1:colcon.colcon_core.package_identification:_identify(src/usb_cam) by extensions ['colcon_meta']
[0.191s] Level 1:colcon.colcon_core.package_identification:_identify(src/usb_cam) by extension 'colcon_meta'
[0.191s] Level 1:colcon.colcon_core.package_identification:_identify(src/usb_cam) by extensions ['ros']
[0.191s] Level 1:colcon.colcon_core.package_identification:_identify(src/usb_cam) by extension 'ros'
[0.192s] DEBUG:colcon.colcon_core.package_identification:Package 'src/usb_cam' with type 'ros.ament_cmake' and name 'usb_cam'
[0.192s] Level 1:colcon.colcon_core.package_discovery:discover_packages(recursive) using defaults
[0.192s] Level 1:colcon.colcon_core.package_discovery:discover_packages(ignore) discover
[0.192s] Level 1:colcon.colcon_core.package_discovery:discover_packages(ignore) using defaults
[0.192s] Level 1:colcon.colcon_core.package_discovery:discover_packages(path) discover
[0.192s] Level 1:colcon.colcon_core.package_discovery:discover_packages(path) using defaults
[0.203s] Level 1:colcon.colcon_core.package_discovery:discover_packages(prefix_path) check parameters
[0.203s] Level 1:colcon.colcon_core.package_discovery:discover_packages(prefix_path) discover
[0.204s] DEBUG:colcon.colcon_installed_package_information.package_discovery:Found 3 installed packages in /home/woonggook/ev_ws/install
[0.205s] DEBUG:colcon.colcon_installed_package_information.package_discovery:Found 7 installed packages in /home/woonggook/workspace/ros2/erp42_ros/install
[0.206s] DEBUG:colcon.colcon_installed_package_information.package_discovery:Found 384 installed packages in /opt/ros/humble
[0.207s] Level 1:colcon.colcon_core.package_discovery:discover_packages(prefix_path) using defaults
[0.230s] Level 5:colcon.colcon_core.verb:set package 'lane_seg' build argument 'cmake_args' from command line to 'None'
[0.230s] Level 5:colcon.colcon_core.verb:set package 'lane_seg' build argument 'cmake_target' from command line to 'None'
[0.230s] Level 5:colcon.colcon_core.verb:set package 'lane_seg' build argument 'cmake_target_skip_unavailable' from command line to 'False'
[0.230s] Level 5:colcon.colcon_core.verb:set package 'lane_seg' build argument 'cmake_clean_cache' from command line to 'False'
[0.230s] Level 5:colcon.colcon_core.verb:set package 'lane_seg' build argument 'cmake_clean_first' from command line to 'False'
[0.230s] Level 5:colcon.colcon_core.verb:set package 'lane_seg' build argument 'cmake_force_configure' from command line to 'False'
[0.230s] Level 5:colcon.colcon_core.verb:set package 'lane_seg' build argument 'ament_cmake_args' from command line to 'None'
[0.230s] Level 5:colcon.colcon_core.verb:set package 'lane_seg' build argument 'catkin_cmake_args' from command line to 'None'
[0.230s] Level 5:colcon.colcon_core.verb:set package 'lane_seg' build argument 'catkin_skip_building_tests' from command line to 'False'
[0.230s] DEBUG:colcon.colcon_core.verb:Building package 'lane_seg' with the following arguments: {'ament_cmake_args': None, 'build_base': '/home/woonggook/ev_ws/build/lane_seg', 'catkin_cmake_args': None, 'catkin_skip_building_tests': False, 'cmake_args': None, 'cmake_clean_cache': False, 'cmake_clean_first': False, 'cmake_force_configure': False, 'cmake_target': None, 'cmake_target_skip_unavailable': False, 'install_base': '/home/woonggook/ev_ws/install/lane_seg', 'merge_install': False, 'path': '/home/woonggook/ev_ws/src/lane_seg', 'symlink_install': False, 'test_result_base': None}
[0.230s] Level 5:colcon.colcon_core.verb:set package 'my_bev_package' build argument 'cmake_args' from command line to 'None'
[0.230s] Level 5:colcon.colcon_core.verb:set package 'my_bev_package' build argument 'cmake_target' from command line to 'None'
[0.230s] Level 5:colcon.colcon_core.verb:set package 'my_bev_package' build argument 'cmake_target_skip_unavailable' from command line to 'False'
[0.230s] Level 5:colcon.colcon_core.verb:set package 'my_bev_package' build argument 'cmake_clean_cache' from command line to 'False'
[0.230s] Level 5:colcon.colcon_core.verb:set package 'my_bev_package' build argument 'cmake_clean_first' from command line to 'False'
[0.230s] Level 5:colcon.colcon_core.verb:set package 'my_bev_package' build argument 'cmake_force_configure' from command line to 'False'
[0.230s] Level 5:colcon.colcon_core.verb:set package 'my_bev_package' build argument 'ament_cmake_args' from command line to 'None'
[0.230s] Level 5:colcon.colcon_core.verb:set package 'my_bev_package' build argument 'catkin_cmake_args' from command line to 'None'
[0.230s] Level 5:colcon.colcon_core.verb:set package 'my_bev_package' build argument 'catkin_skip_building_tests' from command line to 'False'
[0.230s] DEBUG:colcon.colcon_core.verb:Building package 'my_bev_package' with the following arguments: {'ament_cmake_args': None, 'build_base': '/home/woonggook/ev_ws/build/my_bev_package', 'catkin_cmake_args': None, 'catkin_skip_building_tests': False, 'cmake_args': None, 'cmake_clean_cache': False, 'cmake_clean_first': False, 'cmake_force_configure': False, 'cmake_target': None, 'cmake_target_skip_unavailable': False, 'install_base': '/home/woonggook/ev_ws/install/my_bev_package', 'merge_install': False, 'path': '/home/woonggook/ev_ws/src/my_bev_package', 'symlink_install': False, 'test_result_base': None}
[0.231s] Level 5:colcon.colcon_core.verb:set package 'usb_cam' build argument 'cmake_args' from command line to 'None'
[0.231s] Level 5:colcon.colcon_core.verb:set package 'usb_cam' build argument 'cmake_target' from command line to 'None'
[0.231s] Level 5:colcon.colcon_core.verb:set package 'usb_cam' build argument 'cmake_target_skip_unavailable' from command line to 'False'
[0.231s] Level 5:colcon.colcon_core.verb:set package 'usb_cam' build argument 'cmake_clean_cache' from command line to 'False'
[0.231s] Level 5:colcon.colcon_core.verb:set package 'usb_cam' build argument 'cmake_clean_first' from command line to 'False'
[0.231s] Level 5:colcon.colcon_core.verb:set package 'usb_cam' build argument 'cmake_force_configure' from command line to 'False'
[0.231s] Level 5:colcon.colcon_core.verb:set package 'usb_cam' build argument 'ament_cmake_args' from command line to 'None'
[0.231s] Level 5:colcon.colcon_core.verb:set package 'usb_cam' build argument 'catkin_cmake_args' from command line to 'None'
[0.231s] Level 5:colcon.colcon_core.verb:set package 'usb_cam' build argument 'catkin_skip_building_tests' from command line to 'False'
[0.231s] DEBUG:colcon.colcon_core.verb:Building package 'usb_cam' with the following arguments: {'ament_cmake_args': None, 'build_base': '/home/woonggook/ev_ws/build/usb_cam', 'catkin_cmake_args': None, 'catkin_skip_building_tests': False, 'cmake_args': None, 'cmake_clean_cache': False, 'cmake_clean_first': False, 'cmake_force_configure': False, 'cmake_target': None, 'cmake_target_skip_unavailable': False, 'install_base': '/home/woonggook/ev_ws/install/usb_cam', 'merge_install': False, 'path': '/home/woonggook/ev_ws/src/usb_cam', 'symlink_install': False, 'test_result_base': None}
[0.231s] INFO:colcon.colcon_core.executor:Executing jobs using 'parallel' executor
[0.232s] DEBUG:colcon.colcon_parallel_executor.executor.parallel:run_until_complete
[0.232s] INFO:colcon.colcon_ros.task.ament_python.build:Building ROS package in '/home/woonggook/ev_ws/src/lane_seg' with build type 'ament_python'
[0.232s] Level 1:colcon.colcon_core.shell:create_environment_hook('lane_seg', 'ament_prefix_path')
[0.233s] INFO:colcon.colcon_core.plugin_system:Skipping extension 'colcon_core.shell.bat': Not used on non-Windows systems
[0.233s] INFO:colcon.colcon_core.shell:Creating environment hook '/home/woonggook/ev_ws/install/lane_seg/share/lane_seg/hook/ament_prefix_path.ps1'
[0.234s] INFO:colcon.colcon_core.shell:Creating environment descriptor '/home/woonggook/ev_ws/install/lane_seg/share/lane_seg/hook/ament_prefix_path.dsv'
[0.234s] INFO:colcon.colcon_core.shell:Creating environment hook '/home/woonggook/ev_ws/install/lane_seg/share/lane_seg/hook/ament_prefix_path.sh'
[0.234s] INFO:colcon.colcon_core.shell:Skip shell extension 'powershell' for command environment: Not usable outside of PowerShell
[0.234s] DEBUG:colcon.colcon_core.shell:Skip shell extension 'dsv' for command environment
[0.237s] INFO:colcon.colcon_ros.task.ament_python.build:Building ROS package in '/home/woonggook/ev_ws/src/my_bev_package' with build type 'ament_python'
[0.237s] Level 1:colcon.colcon_core.shell:create_environment_hook('my_bev_package', 'ament_prefix_path')
[0.237s] INFO:colcon.colcon_core.shell:Creating environment hook '/home/woonggook/ev_ws/install/my_bev_package/share/my_bev_package/hook/ament_prefix_path.ps1'
[0.237s] INFO:colcon.colcon_core.shell:Creating environment descriptor '/home/woonggook/ev_ws/install/my_bev_package/share/my_bev_package/hook/ament_prefix_path.dsv'
[0.238s] INFO:colcon.colcon_core.shell:Creating environment hook '/home/woonggook/ev_ws/install/my_bev_package/share/my_bev_package/hook/ament_prefix_path.sh'
[0.238s] INFO:colcon.colcon_core.shell:Skip shell extension 'powershell' for command environment: Not usable outside of PowerShell
[0.238s] DEBUG:colcon.colcon_core.shell:Skip shell extension 'dsv' for command environment
[0.240s] INFO:colcon.colcon_ros.task.ament_cmake.build:Building ROS package in '/home/woonggook/ev_ws/src/usb_cam' with build type 'ament_cmake'
[0.240s] INFO:colcon.colcon_cmake.task.cmake.build:Building CMake package in '/home/woonggook/ev_ws/src/usb_cam'
[0.240s] INFO:colcon.colcon_core.shell:Skip shell extension 'powershell' for command environment: Not usable outside of PowerShell
[0.240s] DEBUG:colcon.colcon_core.shell:Skip shell extension 'dsv' for command environment
[0.413s] INFO:colcon.colcon_core.task.python.build:Building Python package in '/home/woonggook/ev_ws/src/lane_seg'
[0.413s] INFO:colcon.colcon_core.shell:Skip shell extension 'powershell' for command environment: Not usable outside of PowerShell
[0.413s] DEBUG:colcon.colcon_core.shell:Skip shell extension 'dsv' for command environment
[0.600s] INFO:colcon.colcon_core.task.python.build:Building Python package in '/home/woonggook/ev_ws/src/my_bev_package'
[0.601s] INFO:colcon.colcon_core.shell:Skip shell extension 'powershell' for command environment: Not usable outside of PowerShell
[0.601s] DEBUG:colcon.colcon_core.shell:Skip shell extension 'dsv' for command environment
[0.606s] DEBUG:colcon.colcon_core.event_handler.log_command:Invoking command in '/home/woonggook/ev_ws/build/usb_cam': CMAKE_PREFIX_PATH=${CMAKE_PREFIX_PATH}:/home/woonggook/ev_ws/install/my_bev_package:/opt/ros/humble /usr/bin/cmake /home/woonggook/ev_ws/src/usb_cam -DCMAKE_INSTALL_PREFIX=/home/woonggook/ev_ws/install/usb_cam
[0.902s] DEBUG:colcon.colcon_core.event_handler.log_command:Invoking command in '/home/woonggook/ev_ws/build/my_bev_package': PYTHONPATH=/home/woonggook/ev_ws/build/my_bev_package/prefix_override:/usr/lib/python3/dist-packages/colcon_core/task/python/colcon_distutils_commands:/home/woonggook/ev_ws/install/my_bev_package/lib/python3.10/site-packages:${PYTHONPATH} /usr/bin/python3 -W ignore:setup.py install is deprecated -W ignore:easy_install command is deprecated setup.py develop --uninstall --editable --build-directory /home/woonggook/ev_ws/build/my_bev_package/build
[0.952s] DEBUG:colcon.colcon_core.event_handler.log_command:Invoking command in '/home/woonggook/ev_ws/build/lane_seg': PYTHONPATH=/home/woonggook/ev_ws/build/lane_seg/prefix_override:/usr/lib/python3/dist-packages/colcon_core/task/python/colcon_distutils_commands:/home/woonggook/ev_ws/install/lane_seg/lib/python3.10/site-packages:${PYTHONPATH} /usr/bin/python3 -W ignore:setup.py install is deprecated -W ignore:easy_install command is deprecated setup.py develop --uninstall --editable --build-directory /home/woonggook/ev_ws/build/lane_seg/build
[1.131s] DEBUG:colcon.colcon_core.event_handler.log_command:Invoked command in '/home/woonggook/ev_ws/build/usb_cam' returned '0': CMAKE_PREFIX_PATH=${CMAKE_PREFIX_PATH}:/home/woonggook/ev_ws/install/my_bev_package:/opt/ros/humble /usr/bin/cmake /home/woonggook/ev_ws/src/usb_cam -DCMAKE_INSTALL_PREFIX=/home/woonggook/ev_ws/install/usb_cam
[1.132s] DEBUG:colcon.colcon_core.event_handler.log_command:Invoking command in '/home/woonggook/ev_ws/build/usb_cam': CMAKE_PREFIX_PATH=${CMAKE_PREFIX_PATH}:/home/woonggook/ev_ws/install/my_bev_package:/opt/ros/humble /usr/bin/cmake --build /home/woonggook/ev_ws/build/usb_cam -- -j12 -l12
[1.213s] DEBUG:colcon.colcon_core.event_handler.log_command:Invoked command in '/home/woonggook/ev_ws/build/usb_cam' returned '0': CMAKE_PREFIX_PATH=${CMAKE_PREFIX_PATH}:/home/woonggook/ev_ws/install/my_bev_package:/opt/ros/humble /usr/bin/cmake --build /home/woonggook/ev_ws/build/usb_cam -- -j12 -l12
[1.222s] DEBUG:colcon.colcon_core.event_handler.log_command:Invoking command in '/home/woonggook/ev_ws/build/usb_cam': CMAKE_PREFIX_PATH=${CMAKE_PREFIX_PATH}:/home/woonggook/ev_ws/install/my_bev_package:/opt/ros/humble /usr/bin/cmake --install /home/woonggook/ev_ws/build/usb_cam
[1.244s] Level 1:colcon.colcon_core.environment:create_environment_scripts_only(usb_cam)
[1.244s] DEBUG:colcon.colcon_core.event_handler.log_command:Invoked command in '/home/woonggook/ev_ws/build/usb_cam' returned '0': CMAKE_PREFIX_PATH=${CMAKE_PREFIX_PATH}:/home/woonggook/ev_ws/install/my_bev_package:/opt/ros/humble /usr/bin/cmake --install /home/woonggook/ev_ws/build/usb_cam
[1.246s] Level 1:colcon.colcon_core.environment:checking '/home/woonggook/ev_ws/install/usb_cam' for CMake module files
[1.247s] Level 1:colcon.colcon_core.environment:checking '/home/woonggook/ev_ws/install/usb_cam' for CMake config files
[1.247s] Level 1:colcon.colcon_core.shell:create_environment_hook('usb_cam', 'cmake_prefix_path')
[1.248s] INFO:colcon.colcon_core.shell:Creating environment hook '/home/woonggook/ev_ws/install/usb_cam/share/usb_cam/hook/cmake_prefix_path.ps1'
[1.248s] INFO:colcon.colcon_core.shell:Creating environment descriptor '/home/woonggook/ev_ws/install/usb_cam/share/usb_cam/hook/cmake_prefix_path.dsv'
[1.249s] INFO:colcon.colcon_core.shell:Creating environment hook '/home/woonggook/ev_ws/install/usb_cam/share/usb_cam/hook/cmake_prefix_path.sh'
[1.249s] Level 1:colcon.colcon_core.environment:checking '/home/woonggook/ev_ws/install/usb_cam/lib'
[1.249s] Level 1:colcon.colcon_core.shell:create_environment_hook('usb_cam', 'ld_library_path_lib')
[1.250s] INFO:colcon.colcon_core.shell:Creating environment hook '/home/woonggook/ev_ws/install/usb_cam/share/usb_cam/hook/ld_library_path_lib.ps1'
[1.250s] INFO:colcon.colcon_core.shell:Creating environment descriptor '/home/woonggook/ev_ws/install/usb_cam/share/usb_cam/hook/ld_library_path_lib.dsv'
[1.250s] INFO:colcon.colcon_core.shell:Creating environment hook '/home/woonggook/ev_ws/install/usb_cam/share/usb_cam/hook/ld_library_path_lib.sh'
[1.251s] Level 1:colcon.colcon_core.environment:checking '/home/woonggook/ev_ws/install/usb_cam/bin'
[1.251s] Level 1:colcon.colcon_core.environment:checking '/home/woonggook/ev_ws/install/usb_cam/lib/pkgconfig/usb_cam.pc'
[1.251s] Level 1:colcon.colcon_core.environment:checking '/home/woonggook/ev_ws/install/usb_cam/lib/python3.10/site-packages'
[1.251s] Level 1:colcon.colcon_core.environment:checking '/home/woonggook/ev_ws/install/usb_cam/bin'
[1.252s] INFO:colcon.colcon_core.shell:Creating package script '/home/woonggook/ev_ws/install/usb_cam/share/usb_cam/package.ps1'
[1.253s] INFO:colcon.colcon_core.shell:Creating package descriptor '/home/woonggook/ev_ws/install/usb_cam/share/usb_cam/package.dsv'
[1.253s] INFO:colcon.colcon_core.shell:Creating package script '/home/woonggook/ev_ws/install/usb_cam/share/usb_cam/package.sh'
[1.254s] INFO:colcon.colcon_core.shell:Creating package script '/home/woonggook/ev_ws/install/usb_cam/share/usb_cam/package.bash'
[1.255s] INFO:colcon.colcon_core.shell:Creating package script '/home/woonggook/ev_ws/install/usb_cam/share/usb_cam/package.zsh'
[1.255s] Level 1:colcon.colcon_core.environment:create_file_with_runtime_dependencies(/home/woonggook/ev_ws/install/usb_cam/share/colcon-core/packages/usb_cam)
[1.256s] Level 1:colcon.colcon_core.environment:create_environment_scripts_only(usb_cam)
[1.256s] Level 1:colcon.colcon_core.environment:checking '/home/woonggook/ev_ws/install/usb_cam' for CMake module files
[1.257s] Level 1:colcon.colcon_core.environment:checking '/home/woonggook/ev_ws/install/usb_cam' for CMake config files
[1.257s] Level 1:colcon.colcon_core.shell:create_environment_hook('usb_cam', 'cmake_prefix_path')
[1.257s] INFO:colcon.colcon_core.shell:Creating environment hook '/home/woonggook/ev_ws/install/usb_cam/share/usb_cam/hook/cmake_prefix_path.ps1'
[1.258s] INFO:colcon.colcon_core.shell:Creating environment descriptor '/home/woonggook/ev_ws/install/usb_cam/share/usb_cam/hook/cmake_prefix_path.dsv'
[1.258s] INFO:colcon.colcon_core.shell:Creating environment hook '/home/woonggook/ev_ws/install/usb_cam/share/usb_cam/hook/cmake_prefix_path.sh'
[1.259s] Level 1:colcon.colcon_core.environment:checking '/home/woonggook/ev_ws/install/usb_cam/lib'
[1.259s] Level 1:colcon.colcon_core.shell:create_environment_hook('usb_cam', 'ld_library_path_lib')
[1.259s] INFO:colcon.colcon_core.shell:Creating environment hook '/home/woonggook/ev_ws/install/usb_cam/share/usb_cam/hook/ld_library_path_lib.ps1'
[1.259s] INFO:colcon.colcon_core.shell:Creating environment descriptor '/home/woonggook/ev_ws/install/usb_cam/share/usb_cam/hook/ld_library_path_lib.dsv'
[1.260s] INFO:colcon.colcon_core.shell:Creating environment hook '/home/woonggook/ev_ws/install/usb_cam/share/usb_cam/hook/ld_library_path_lib.sh'
[1.260s] Level 1:colcon.colcon_core.environment:checking '/home/woonggook/ev_ws/install/usb_cam/bin'
[1.260s] Level 1:colcon.colcon_core.environment:checking '/home/woonggook/ev_ws/install/usb_cam/lib/pkgconfig/usb_cam.pc'
[1.260s] Level 1:colcon.colcon_core.environment:checking '/home/woonggook/ev_ws/install/usb_cam/lib/python3.10/site-packages'
[1.261s] Level 1:colcon.colcon_core.environment:checking '/home/woonggook/ev_ws/install/usb_cam/bin'
[1.261s] INFO:colcon.colcon_core.shell:Creating package script '/home/woonggook/ev_ws/install/usb_cam/share/usb_cam/package.ps1'
[1.262s] INFO:colcon.colcon_core.shell:Creating package descriptor '/home/woonggook/ev_ws/install/usb_cam/share/usb_cam/package.dsv'
[1.262s] INFO:colcon.colcon_core.shell:Creating package script '/home/woonggook/ev_ws/install/usb_cam/share/usb_cam/package.sh'
[1.263s] INFO:colcon.colcon_core.shell:Creating package script '/home/woonggook/ev_ws/install/usb_cam/share/usb_cam/package.bash'
[1.263s] INFO:colcon.colcon_core.shell:Creating package script '/home/woonggook/ev_ws/install/usb_cam/share/usb_cam/package.zsh'
[1.263s] Level 1:colcon.colcon_core.environment:create_file_with_runtime_dependencies(/home/woonggook/ev_ws/install/usb_cam/share/colcon-core/packages/usb_cam)
[1.266s] DEBUG:colcon.colcon_core.event_handler.log_command:Invoked command in '/home/woonggook/ev_ws/build/lane_seg' returned '0': PYTHONPATH=/home/woonggook/ev_ws/build/lane_seg/prefix_override:/usr/lib/python3/dist-packages/colcon_core/task/python/colcon_distutils_commands:/home/woonggook/ev_ws/install/lane_seg/lib/python3.10/site-packages:${PYTHONPATH} /usr/bin/python3 -W ignore:setup.py install is deprecated -W ignore:easy_install command is deprecated setup.py develop --uninstall --editable --build-directory /home/woonggook/ev_ws/build/lane_seg/build
[1.268s] DEBUG:colcon.colcon_core.event_handler.log_command:Invoking command in '/home/woonggook/ev_ws/src/lane_seg': PYTHONPATH=/home/woonggook/ev_ws/build/lane_seg/prefix_override:/usr/lib/python3/dist-packages/colcon_core/task/python/colcon_distutils_commands:/home/woonggook/ev_ws/install/lane_seg/lib/python3.10/site-packages:${PYTHONPATH} /usr/bin/python3 -W ignore:setup.py install is deprecated -W ignore:easy_install command is deprecated setup.py egg_info --egg-base ../../build/lane_seg build --build-base /home/woonggook/ev_ws/build/lane_seg/build install --record /home/woonggook/ev_ws/build/lane_seg/install.log --single-version-externally-managed install_data --force
[1.367s] DEBUG:colcon.colcon_core.event_handler.log_command:Invoked command in '/home/woonggook/ev_ws/build/my_bev_package' returned '0': PYTHONPATH=/home/woonggook/ev_ws/build/my_bev_package/prefix_override:/usr/lib/python3/dist-packages/colcon_core/task/python/colcon_distutils_commands:/home/woonggook/ev_ws/install/my_bev_package/lib/python3.10/site-packages:${PYTHONPATH} /usr/bin/python3 -W ignore:setup.py install is deprecated -W ignore:easy_install command is deprecated setup.py develop --uninstall --editable --build-directory /home/woonggook/ev_ws/build/my_bev_package/build
[1.368s] DEBUG:colcon.colcon_core.event_handler.log_command:Invoking command in '/home/woonggook/ev_ws/src/my_bev_package': PYTHONPATH=/home/woonggook/ev_ws/build/my_bev_package/prefix_override:/usr/lib/python3/dist-packages/colcon_core/task/python/colcon_distutils_commands:/home/woonggook/ev_ws/install/my_bev_package/lib/python3.10/site-packages:${PYTHONPATH} /usr/bin/python3 -W ignore:setup.py install is deprecated -W ignore:easy_install command is deprecated setup.py egg_info --egg-base ../../build/my_bev_package build --build-base /home/woonggook/ev_ws/build/my_bev_package/build install --record /home/woonggook/ev_ws/build/my_bev_package/install.log --single-version-externally-managed install_data --force
[1.460s] Level 1:colcon.colcon_core.environment:checking '/home/woonggook/ev_ws/install/lane_seg' for CMake module files
[1.460s] DEBUG:colcon.colcon_core.event_handler.log_command:Invoked command in '/home/woonggook/ev_ws/src/lane_seg' returned '0': PYTHONPATH=/home/woonggook/ev_ws/build/lane_seg/prefix_override:/usr/lib/python3/dist-packages/colcon_core/task/python/colcon_distutils_commands:/home/woonggook/ev_ws/install/lane_seg/lib/python3.10/site-packages:${PYTHONPATH} /usr/bin/python3 -W ignore:setup.py install is deprecated -W ignore:easy_install command is deprecated setup.py egg_info --egg-base ../../build/lane_seg build --build-base /home/woonggook/ev_ws/build/lane_seg/build install --record /home/woonggook/ev_ws/build/lane_seg/install.log --single-version-externally-managed install_data --force
[1.461s] Level 1:colcon.colcon_core.environment:checking '/home/woonggook/ev_ws/install/lane_seg' for CMake config files
[1.461s] Level 1:colcon.colcon_core.environment:checking '/home/woonggook/ev_ws/install/lane_seg/lib'
[1.461s] Level 1:colcon.colcon_core.environment:checking '/home/woonggook/ev_ws/install/lane_seg/bin'
[1.461s] Level 1:colcon.colcon_core.environment:checking '/home/woonggook/ev_ws/install/lane_seg/lib/pkgconfig/lane_seg.pc'
[1.462s] Level 1:colcon.colcon_core.environment:checking '/home/woonggook/ev_ws/install/lane_seg/lib/python3.10/site-packages'
[1.462s] Level 1:colcon.colcon_core.shell:create_environment_hook('lane_seg', 'pythonpath')
[1.462s] INFO:colcon.colcon_core.shell:Creating environment hook '/home/woonggook/ev_ws/install/lane_seg/share/lane_seg/hook/pythonpath.ps1'
[1.462s] INFO:colcon.colcon_core.shell:Creating environment descriptor '/home/woonggook/ev_ws/install/lane_seg/share/lane_seg/hook/pythonpath.dsv'
[1.463s] INFO:colcon.colcon_core.shell:Creating environment hook '/home/woonggook/ev_ws/install/lane_seg/share/lane_seg/hook/pythonpath.sh'
[1.463s] Level 1:colcon.colcon_core.environment:checking '/home/woonggook/ev_ws/install/lane_seg/bin'
[1.463s] Level 1:colcon.colcon_core.environment:create_environment_scripts_only(lane_seg)
[1.464s] INFO:colcon.colcon_core.shell:Creating package script '/home/woonggook/ev_ws/install/lane_seg/share/lane_seg/package.ps1'
[1.464s] INFO:colcon.colcon_core.shell:Creating package descriptor '/home/woonggook/ev_ws/install/lane_seg/share/lane_seg/package.dsv'
[1.465s] INFO:colcon.colcon_core.shell:Creating package script '/home/woonggook/ev_ws/install/lane_seg/share/lane_seg/package.sh'
[1.465s] INFO:colcon.colcon_core.shell:Creating package script '/home/woonggook/ev_ws/install/lane_seg/share/lane_seg/package.bash'
[1.465s] INFO:colcon.colcon_core.shell:Creating package script '/home/woonggook/ev_ws/install/lane_seg/share/lane_seg/package.zsh'
[1.465s] Level 1:colcon.colcon_core.environment:create_file_with_runtime_dependencies(/home/woonggook/ev_ws/install/lane_seg/share/colcon-core/packages/lane_seg)
[1.606s] Level 1:colcon.colcon_core.environment:checking '/home/woonggook/ev_ws/install/my_bev_package' for CMake module files
[1.607s] DEBUG:colcon.colcon_core.event_handler.log_command:Invoked command in '/home/woonggook/ev_ws/src/my_bev_package' returned '0': PYTHONPATH=/home/woonggook/ev_ws/build/my_bev_package/prefix_override:/usr/lib/python3/dist-packages/colcon_core/task/python/colcon_distutils_commands:/home/woonggook/ev_ws/install/my_bev_package/lib/python3.10/site-packages:${PYTHONPATH} /usr/bin/python3 -W ignore:setup.py install is deprecated -W ignore:easy_install command is deprecated setup.py egg_info --egg-base ../../build/my_bev_package build --build-base /home/woonggook/ev_ws/build/my_bev_package/build install --record /home/woonggook/ev_ws/build/my_bev_package/install.log --single-version-externally-managed install_data --force
[1.607s] Level 1:colcon.colcon_core.environment:checking '/home/woonggook/ev_ws/install/my_bev_package' for CMake config files
[1.608s] Level 1:colcon.colcon_core.environment:checking '/home/woonggook/ev_ws/install/my_bev_package/lib'
[1.608s] Level 1:colcon.colcon_core.environment:checking '/home/woonggook/ev_ws/install/my_bev_package/bin'
[1.608s] Level 1:colcon.colcon_core.environment:checking '/home/woonggook/ev_ws/install/my_bev_package/lib/pkgconfig/my_bev_package.pc'
[1.608s] Level 1:colcon.colcon_core.environment:checking '/home/woonggook/ev_ws/install/my_bev_package/lib/python3.10/site-packages'
[1.608s] Level 1:colcon.colcon_core.shell:create_environment_hook('my_bev_package', 'pythonpath')
[1.609s] INFO:colcon.colcon_core.shell:Creating environment hook '/home/woonggook/ev_ws/install/my_bev_package/share/my_bev_package/hook/pythonpath.ps1'
[1.609s] INFO:colcon.colcon_core.shell:Creating environment descriptor '/home/woonggook/ev_ws/install/my_bev_package/share/my_bev_package/hook/pythonpath.dsv'
[1.610s] INFO:colcon.colcon_core.shell:Creating environment hook '/home/woonggook/ev_ws/install/my_bev_package/share/my_bev_package/hook/pythonpath.sh'
[1.610s] Level 1:colcon.colcon_core.environment:checking '/home/woonggook/ev_ws/install/my_bev_package/bin'
[1.610s] Level 1:colcon.colcon_core.environment:create_environment_scripts_only(my_bev_package)
[1.611s] INFO:colcon.colcon_core.shell:Creating package script '/home/woonggook/ev_ws/install/my_bev_package/share/my_bev_package/package.ps1'
[1.612s] INFO:colcon.colcon_core.shell:Creating package descriptor '/home/woonggook/ev_ws/install/my_bev_package/share/my_bev_package/package.dsv'
[1.612s] INFO:colcon.colcon_core.shell:Creating package script '/home/woonggook/ev_ws/install/my_bev_package/share/my_bev_package/package.sh'
[1.613s] INFO:colcon.colcon_core.shell:Creating package script '/home/woonggook/ev_ws/install/my_bev_package/share/my_bev_package/package.bash'
[1.613s] INFO:colcon.colcon_core.shell:Creating package script '/home/woonggook/ev_ws/install/my_bev_package/share/my_bev_package/package.zsh'
[1.613s] Level 1:colcon.colcon_core.environment:create_file_with_runtime_dependencies(/home/woonggook/ev_ws/install/my_bev_package/share/colcon-core/packages/my_bev_package)
[1.614s] DEBUG:colcon.colcon_parallel_executor.executor.parallel:closing loop
[1.614s] DEBUG:colcon.colcon_parallel_executor.executor.parallel:loop closed
[1.614s] DEBUG:colcon.colcon_parallel_executor.executor.parallel:run_until_complete finished with '0'
[1.614s] DEBUG:colcon.colcon_core.event_reactor:joining thread
[1.619s] INFO:colcon.colcon_core.plugin_system:Skipping extension 'colcon_notification.desktop_notification.terminal_notifier': Not used on non-Darwin systems
[1.619s] INFO:colcon.colcon_core.plugin_system:Skipping extension 'colcon_notification.desktop_notification.win32': Not used on non-Windows systems
[1.619s] INFO:colcon.colcon_notification.desktop_notification:Sending desktop notification using 'notify2'
[1.630s] DEBUG:colcon.colcon_core.event_reactor:joined thread
[1.630s] INFO:colcon.colcon_core.shell:Creating prefix script '/home/woonggook/ev_ws/install/local_setup.ps1'
[1.631s] INFO:colcon.colcon_core.shell:Creating prefix util module '/home/woonggook/ev_ws/install/_local_setup_util_ps1.py'
[1.633s] INFO:colcon.colcon_core.shell:Creating prefix chain script '/home/woonggook/ev_ws/install/setup.ps1'
[1.634s] INFO:colcon.colcon_core.shell:Creating prefix script '/home/woonggook/ev_ws/install/local_setup.sh'
[1.634s] INFO:colcon.colcon_core.shell:Creating prefix util module '/home/woonggook/ev_ws/install/_local_setup_util_sh.py'
[1.635s] INFO:colcon.colcon_core.shell:Creating prefix chain script '/home/woonggook/ev_ws/install/setup.sh'
[1.636s] INFO:colcon.colcon_core.shell:Creating prefix script '/home/woonggook/ev_ws/install/local_setup.bash'
[1.636s] INFO:colcon.colcon_core.shell:Creating prefix chain script '/home/woonggook/ev_ws/install/setup.bash'
[1.637s] INFO:colcon.colcon_core.shell:Creating prefix script '/home/woonggook/ev_ws/install/local_setup.zsh'
[1.638s] INFO:colcon.colcon_core.shell:Creating prefix chain script '/home/woonggook/ev_ws/install/setup.zsh'
