[0.014s] Invoking command in '/home/aiv/ev_ws/perception/build/velodyne_cropbox': CMAKE_PREFIX_PATH=${CMAKE_PREFIX_PATH}:/opt/ros/humble /usr/bin/cmake /home/aiv/ev_ws/perception/src/lidar/velodyne_cropbox -DAMENT_CMAKE_SYMLINK_INSTALL=1 -DCMAKE_INSTALL_PREFIX=/home/aiv/ev_ws/perception/install/velodyne_cropbox
[0.052s] -- The C compiler identification is GNU 11.4.0
[0.088s] -- The CXX compiler identification is GNU 11.4.0
[0.093s] -- Detecting C compiler ABI info
[0.134s] -- Detecting C compiler ABI info - done
[0.140s] -- Check for working C compiler: /usr/bin/cc - skipped
[0.140s] -- Detecting C compile features
[0.141s] -- Detecting C compile features - done
[0.143s] -- Detecting CXX compiler ABI info
[0.192s] -- Detecting CXX compiler ABI info - done
[0.196s] -- Check for working CXX compiler: /usr/bin/c++ - skipped
[0.196s] -- Detecting CXX compile features
[0.197s] -- Detecting CXX compile features - done
[0.198s] -- Found ament_cmake: 1.3.12 (/opt/ros/humble/share/ament_cmake/cmake)
[0.291s] -- Found Python3: /usr/bin/python3 (found version "3.10.12") found components: Interpreter 
[0.330s] -- Override CMake install command with custom implementation using symlinks instead of copying resources
[0.347s] -- Found rclcpp: 16.0.17 (/opt/ros/humble/share/rclcpp/cmake)
[0.372s] -- Found rosidl_generator_c: 3.1.8 (/opt/ros/humble/share/rosidl_generator_c/cmake)
[0.374s] -- Found rosidl_adapter: 3.1.8 (/opt/ros/humble/share/rosidl_adapter/cmake)
[0.379s] -- Found rosidl_generator_cpp: 3.1.8 (/opt/ros/humble/share/rosidl_generator_cpp/cmake)
[0.386s] -- Using all available rosidl_typesupport_c: rosidl_typesupport_fastrtps_c;rosidl_typesupport_introspection_c
[0.396s] -- Using all available rosidl_typesupport_cpp: rosidl_typesupport_fastrtps_cpp;rosidl_typesupport_introspection_cpp
[0.423s] -- Found rmw_implementation_cmake: 6.1.2 (/opt/ros/humble/share/rmw_implementation_cmake/cmake)
[0.426s] -- Found rmw_fastrtps_cpp: 6.2.9 (/opt/ros/humble/share/rmw_fastrtps_cpp/cmake)
[0.493s] -- Found OpenSSL: /usr/lib/x86_64-linux-gnu/libcrypto.so (found version "3.0.2")  
[0.511s] -- Found FastRTPS: /opt/ros/humble/include  
[0.538s] -- Using RMW implementation 'rmw_fastrtps_cpp' as default
[0.546s] -- Looking for pthread.h
[0.596s] -- Looking for pthread.h - found
[0.597s] -- Performing Test CMAKE_HAVE_LIBC_PTHREAD
[0.646s] -- Performing Test CMAKE_HAVE_LIBC_PTHREAD - Success
[0.647s] -- Found Threads: TRUE  
[0.677s] -- Found rclcpp_components: 16.0.17 (/opt/ros/humble/share/rclcpp_components/cmake)
[0.692s] -- Found sensor_msgs: 4.9.0 (/opt/ros/humble/share/sensor_msgs/cmake)
[0.718s] -- Found ament_lint_auto: 0.12.14 (/opt/ros/humble/share/ament_lint_auto/cmake)
[0.773s] -- Added test 'cppcheck' to perform static code analysis on C / C++ code
[0.773s] -- Configured cppcheck include dirs: $<BUILD_INTERFACE:/home/aiv/ev_ws/perception/src/lidar/velodyne_cropbox/include>
[0.773s] -- Configured cppcheck exclude dirs and/or files: 
[0.774s] -- Added test 'flake8' to check Python code syntax and style conventions
[0.774s] -- Added test 'lint_cmake' to check CMake code style
[0.775s] -- Added test 'pep257' to check Python code against some of the docstring style conventions in PEP 257
[0.776s] -- Added test 'uncrustify' to check C / C++ code style
[0.776s] -- Configured uncrustify additional arguments: 
[0.776s] -- Added test 'xmllint' to check XML markup files
[0.779s] -- Configuring done
[0.787s] -- Generating done
[0.790s] -- Build files have been written to: /home/aiv/ev_ws/perception/build/velodyne_cropbox
[0.801s] Invoked command in '/home/aiv/ev_ws/perception/build/velodyne_cropbox' returned '0': CMAKE_PREFIX_PATH=${CMAKE_PREFIX_PATH}:/opt/ros/humble /usr/bin/cmake /home/aiv/ev_ws/perception/src/lidar/velodyne_cropbox -DAMENT_CMAKE_SYMLINK_INSTALL=1 -DCMAKE_INSTALL_PREFIX=/home/aiv/ev_ws/perception/install/velodyne_cropbox
[0.802s] Invoking command in '/home/aiv/ev_ws/perception/build/velodyne_cropbox': CMAKE_PREFIX_PATH=${CMAKE_PREFIX_PATH}:/opt/ros/humble /usr/bin/cmake --build /home/aiv/ev_ws/perception/build/velodyne_cropbox -- -j28 -l28
[0.839s] [ 50%] [32mBuilding CXX object CMakeFiles/cropbox_component.dir/src/cropbox_component.cpp.o[0m
[10.424s] [100%] [32m[1mLinking CXX shared library libcropbox_component.so[0m
[10.740s] [100%] Built target cropbox_component
[10.756s] Invoked command in '/home/aiv/ev_ws/perception/build/velodyne_cropbox' returned '0': CMAKE_PREFIX_PATH=${CMAKE_PREFIX_PATH}:/opt/ros/humble /usr/bin/cmake --build /home/aiv/ev_ws/perception/build/velodyne_cropbox -- -j28 -l28
[10.758s] Invoking command in '/home/aiv/ev_ws/perception/build/velodyne_cropbox': CMAKE_PREFIX_PATH=${CMAKE_PREFIX_PATH}:/opt/ros/humble /usr/bin/cmake --install /home/aiv/ev_ws/perception/build/velodyne_cropbox
[10.766s] -- Install configuration: ""
[10.767s] -- Execute custom install script
[10.767s] -- Symlinking: /home/aiv/ev_ws/perception/install/velodyne_cropbox/lib/libcropbox_component.so
[10.778s] -- Symlinking: /home/aiv/ev_ws/perception/install/velodyne_cropbox/include/velodyne_cropbox/cropbox_component.hpp
[10.785s] -- Symlinking: /home/aiv/ev_ws/perception/install/velodyne_cropbox/share/velodyne_cropbox/config/default_cropbox_params.yaml
[10.795s] -- Symlinking: /home/aiv/ev_ws/perception/install/velodyne_cropbox/share/velodyne_cropbox/launch/cropbox.launch.py
[10.804s] -- Symlinking: /home/aiv/ev_ws/perception/install/velodyne_cropbox/share/velodyne_cropbox/environment/library_path.sh
[10.814s] -- Symlinking: /home/aiv/ev_ws/perception/install/velodyne_cropbox/share/velodyne_cropbox/environment/library_path.dsv
[10.824s] -- Symlinking: /home/aiv/ev_ws/perception/install/velodyne_cropbox/share/ament_index/resource_index/package_run_dependencies/velodyne_cropbox
[10.834s] -- Symlinking: /home/aiv/ev_ws/perception/install/velodyne_cropbox/share/ament_index/resource_index/parent_prefix_path/velodyne_cropbox
[10.842s] -- Symlinking: /home/aiv/ev_ws/perception/install/velodyne_cropbox/share/velodyne_cropbox/environment/ament_prefix_path.sh
[10.850s] -- Symlinking: /home/aiv/ev_ws/perception/install/velodyne_cropbox/share/velodyne_cropbox/environment/ament_prefix_path.dsv
[10.860s] -- Symlinking: /home/aiv/ev_ws/perception/install/velodyne_cropbox/share/velodyne_cropbox/environment/path.sh
[10.868s] -- Symlinking: /home/aiv/ev_ws/perception/install/velodyne_cropbox/share/velodyne_cropbox/environment/path.dsv
[10.878s] -- Symlinking: /home/aiv/ev_ws/perception/install/velodyne_cropbox/share/velodyne_cropbox/local_setup.bash
[10.889s] -- Symlinking: /home/aiv/ev_ws/perception/install/velodyne_cropbox/share/velodyne_cropbox/local_setup.sh
[10.897s] -- Symlinking: /home/aiv/ev_ws/perception/install/velodyne_cropbox/share/velodyne_cropbox/local_setup.zsh
[10.907s] -- Symlinking: /home/aiv/ev_ws/perception/install/velodyne_cropbox/share/velodyne_cropbox/local_setup.dsv
[10.915s] -- Symlinking: /home/aiv/ev_ws/perception/install/velodyne_cropbox/share/velodyne_cropbox/package.dsv
[10.922s] -- Symlinking: /home/aiv/ev_ws/perception/install/velodyne_cropbox/share/ament_index/resource_index/packages/velodyne_cropbox
[10.931s] -- Symlinking: /home/aiv/ev_ws/perception/install/velodyne_cropbox/share/ament_index/resource_index/rclcpp_components/velodyne_cropbox
[10.939s] -- Symlinking: /home/aiv/ev_ws/perception/install/velodyne_cropbox/share/velodyne_cropbox/cmake/ament_cmake_export_include_directories-extras.cmake
[10.945s] -- Symlinking: /home/aiv/ev_ws/perception/install/velodyne_cropbox/share/velodyne_cropbox/cmake/ament_cmake_export_libraries-extras.cmake
[10.953s] -- Symlinking: /home/aiv/ev_ws/perception/install/velodyne_cropbox/share/velodyne_cropbox/cmake/ament_cmake_export_dependencies-extras.cmake
[10.960s] -- Symlinking: /home/aiv/ev_ws/perception/install/velodyne_cropbox/share/velodyne_cropbox/cmake/velodyne_cropboxConfig.cmake
[10.967s] -- Symlinking: /home/aiv/ev_ws/perception/install/velodyne_cropbox/share/velodyne_cropbox/cmake/velodyne_cropboxConfig-version.cmake
[10.973s] -- Symlinking: /home/aiv/ev_ws/perception/install/velodyne_cropbox/share/velodyne_cropbox/package.xml
[10.982s] Invoked command in '/home/aiv/ev_ws/perception/build/velodyne_cropbox' returned '0': CMAKE_PREFIX_PATH=${CMAKE_PREFIX_PATH}:/opt/ros/humble /usr/bin/cmake --install /home/aiv/ev_ws/perception/build/velodyne_cropbox
