[0.064s] DEBUG:colcon:Command line arguments: ['/usr/bin/colcon', 'build', '--symlink-install']
[0.064s] DEBUG:colcon:Parsed command line arguments: Namespace(log_base=None, log_level=None, verb_name='build', build_base='build', install_base='install', merge_install=False, symlink_install=True, test_result_base=None, continue_on_error=False, executor='parallel', parallel_workers=12, event_handlers=None, ignore_user_meta=False, metas=['./colcon.meta'], base_paths=['.'], packages_ignore=None, packages_ignore_regex=None, paths=None, packages_up_to=None, packages_up_to_regex=None, packages_above=None, packages_above_and_dependencies=None, packages_above_depth=None, packages_select_by_dep=None, packages_skip_by_dep=None, packages_skip_up_to=None, packages_select_build_failed=False, packages_skip_build_finished=False, packages_select_test_failures=False, packages_skip_test_passed=False, packages_select=None, packages_skip=None, packages_select_regex=None, packages_skip_regex=None, packages_start=None, packages_end=None, allow_overriding=[], cmake_args=None, cmake_target=None, cmake_target_skip_unavailable=False, cmake_clean_cache=False, cmake_clean_first=False, cmake_force_configure=False, ament_cmake_args=None, catkin_cmake_args=None, catkin_skip_building_tests=False, mixin_files=None, mixin=None, verb_parser=<colcon_mixin.mixin.mixin_argument.MixinArgumentDecorator object at 0x7f4cbd3255d0>, verb_extension=<colcon_core.verb.build.BuildVerb object at 0x7f4cbd49ab60>, main=<bound method BuildVerb.main of <colcon_core.verb.build.BuildVerb object at 0x7f4cbd49ab60>>, mixin_verb=('build',))
[0.166s] Level 1:colcon.colcon_core.package_discovery:discover_packages(colcon_meta) check parameters
[0.166s] Level 1:colcon.colcon_core.package_discovery:discover_packages(recursive) check parameters
[0.166s] Level 1:colcon.colcon_core.package_discovery:discover_packages(ignore) check parameters
[0.166s] Level 1:colcon.colcon_core.package_discovery:discover_packages(path) check parameters
[0.166s] Level 1:colcon.colcon_core.package_discovery:discover_packages(colcon_meta) discover
[0.166s] Level 1:colcon.colcon_core.package_discovery:discover_packages(recursive) discover
[0.166s] INFO:colcon.colcon_core.package_discovery:Crawling recursively for packages in '/home/woonggook/ev_ws'
[0.166s] Level 1:colcon.colcon_core.package_identification:_identify(.) by extensions ['ignore', 'ignore_ament_install']
[0.166s] Level 1:colcon.colcon_core.package_identification:_identify(.) by extension 'ignore'
[0.166s] Level 1:colcon.colcon_core.package_identification:_identify(.) by extension 'ignore_ament_install'
[0.166s] Level 1:colcon.colcon_core.package_identification:_identify(.) by extensions ['colcon_pkg']
[0.166s] Level 1:colcon.colcon_core.package_identification:_identify(.) by extension 'colcon_pkg'
[0.166s] Level 1:colcon.colcon_core.package_identification:_identify(.) by extensions ['colcon_meta']
[0.166s] Level 1:colcon.colcon_core.package_identification:_identify(.) by extension 'colcon_meta'
[0.166s] Level 1:colcon.colcon_core.package_identification:_identify(.) by extensions ['ros']
[0.166s] Level 1:colcon.colcon_core.package_identification:_identify(.) by extension 'ros'
[0.189s] Level 1:colcon.colcon_core.package_identification:_identify(.) by extensions ['cmake', 'python']
[0.189s] Level 1:colcon.colcon_core.package_identification:_identify(.) by extension 'cmake'
[0.189s] Level 1:colcon.colcon_core.package_identification:_identify(.) by extension 'python'
[0.189s] Level 1:colcon.colcon_core.package_identification:_identify(.) by extensions ['python_setup_py']
[0.189s] Level 1:colcon.colcon_core.package_identification:_identify(.) by extension 'python_setup_py'
[0.189s] Level 1:colcon.colcon_core.package_identification:_identify(build) by extensions ['ignore', 'ignore_ament_install']
[0.190s] Level 1:colcon.colcon_core.package_identification:_identify(build) by extension 'ignore'
[0.190s] Level 1:colcon.colcon_core.package_identification:_identify(build) ignored
[0.190s] Level 1:colcon.colcon_core.package_identification:_identify(install) by extensions ['ignore', 'ignore_ament_install']
[0.190s] Level 1:colcon.colcon_core.package_identification:_identify(install) by extension 'ignore'
[0.190s] Level 1:colcon.colcon_core.package_identification:_identify(install) ignored
[0.190s] Level 1:colcon.colcon_core.package_identification:_identify(log) by extensions ['ignore', 'ignore_ament_install']
[0.190s] Level 1:colcon.colcon_core.package_identification:_identify(log) by extension 'ignore'
[0.190s] Level 1:colcon.colcon_core.package_identification:_identify(log) ignored
[0.190s] Level 1:colcon.colcon_core.package_identification:_identify(src) by extensions ['ignore', 'ignore_ament_install']
[0.190s] Level 1:colcon.colcon_core.package_identification:_identify(src) by extension 'ignore'
[0.190s] Level 1:colcon.colcon_core.package_identification:_identify(src) by extension 'ignore_ament_install'
[0.190s] Level 1:colcon.colcon_core.package_identification:_identify(src) by extensions ['colcon_pkg']
[0.190s] Level 1:colcon.colcon_core.package_identification:_identify(src) by extension 'colcon_pkg'
[0.190s] Level 1:colcon.colcon_core.package_identification:_identify(src) by extensions ['colcon_meta']
[0.190s] Level 1:colcon.colcon_core.package_identification:_identify(src) by extension 'colcon_meta'
[0.190s] Level 1:colcon.colcon_core.package_identification:_identify(src) by extensions ['ros']
[0.190s] Level 1:colcon.colcon_core.package_identification:_identify(src) by extension 'ros'
[0.190s] Level 1:colcon.colcon_core.package_identification:_identify(src) by extensions ['cmake', 'python']
[0.190s] Level 1:colcon.colcon_core.package_identification:_identify(src) by extension 'cmake'
[0.190s] Level 1:colcon.colcon_core.package_identification:_identify(src) by extension 'python'
[0.190s] Level 1:colcon.colcon_core.package_identification:_identify(src) by extensions ['python_setup_py']
[0.190s] Level 1:colcon.colcon_core.package_identification:_identify(src) by extension 'python_setup_py'
[0.190s] Level 1:colcon.colcon_core.package_identification:_identify(src/lane_seg) by extensions ['ignore', 'ignore_ament_install']
[0.190s] Level 1:colcon.colcon_core.package_identification:_identify(src/lane_seg) by extension 'ignore'
[0.190s] Level 1:colcon.colcon_core.package_identification:_identify(src/lane_seg) by extension 'ignore_ament_install'
[0.190s] Level 1:colcon.colcon_core.package_identification:_identify(src/lane_seg) by extensions ['colcon_pkg']
[0.190s] Level 1:colcon.colcon_core.package_identification:_identify(src/lane_seg) by extension 'colcon_pkg'
[0.190s] Level 1:colcon.colcon_core.package_identification:_identify(src/lane_seg) by extensions ['colcon_meta']
[0.190s] Level 1:colcon.colcon_core.package_identification:_identify(src/lane_seg) by extension 'colcon_meta'
[0.190s] Level 1:colcon.colcon_core.package_identification:_identify(src/lane_seg) by extensions ['ros']
[0.190s] Level 1:colcon.colcon_core.package_identification:_identify(src/lane_seg) by extension 'ros'
[0.192s] DEBUG:colcon.colcon_core.package_identification:Package 'src/lane_seg' with type 'ros.ament_python' and name 'lane_seg'
[0.192s] Level 1:colcon.colcon_core.package_identification:_identify(src/my_bev_package) by extensions ['ignore', 'ignore_ament_install']
[0.192s] Level 1:colcon.colcon_core.package_identification:_identify(src/my_bev_package) by extension 'ignore'
[0.192s] Level 1:colcon.colcon_core.package_identification:_identify(src/my_bev_package) by extension 'ignore_ament_install'
[0.192s] Level 1:colcon.colcon_core.package_identification:_identify(src/my_bev_package) by extensions ['colcon_pkg']
[0.192s] Level 1:colcon.colcon_core.package_identification:_identify(src/my_bev_package) by extension 'colcon_pkg'
[0.192s] Level 1:colcon.colcon_core.package_identification:_identify(src/my_bev_package) by extensions ['colcon_meta']
[0.192s] Level 1:colcon.colcon_core.package_identification:_identify(src/my_bev_package) by extension 'colcon_meta'
[0.192s] Level 1:colcon.colcon_core.package_identification:_identify(src/my_bev_package) by extensions ['ros']
[0.192s] Level 1:colcon.colcon_core.package_identification:_identify(src/my_bev_package) by extension 'ros'
[0.193s] DEBUG:colcon.colcon_core.package_identification:Package 'src/my_bev_package' with type 'ros.ament_python' and name 'my_bev_package'
[0.193s] Level 1:colcon.colcon_core.package_identification:_identify(src/usb_cam) by extensions ['ignore', 'ignore_ament_install']
[0.193s] Level 1:colcon.colcon_core.package_identification:_identify(src/usb_cam) by extension 'ignore'
[0.193s] Level 1:colcon.colcon_core.package_identification:_identify(src/usb_cam) by extension 'ignore_ament_install'
[0.193s] Level 1:colcon.colcon_core.package_identification:_identify(src/usb_cam) by extensions ['colcon_pkg']
[0.193s] Level 1:colcon.colcon_core.package_identification:_identify(src/usb_cam) by extension 'colcon_pkg'
[0.193s] Level 1:colcon.colcon_core.package_identification:_identify(src/usb_cam) by extensions ['colcon_meta']
[0.193s] Level 1:colcon.colcon_core.package_identification:_identify(src/usb_cam) by extension 'colcon_meta'
[0.193s] Level 1:colcon.colcon_core.package_identification:_identify(src/usb_cam) by extensions ['ros']
[0.193s] Level 1:colcon.colcon_core.package_identification:_identify(src/usb_cam) by extension 'ros'
[0.194s] DEBUG:colcon.colcon_core.package_identification:Package 'src/usb_cam' with type 'ros.ament_cmake' and name 'usb_cam'
[0.194s] Level 1:colcon.colcon_core.package_discovery:discover_packages(recursive) using defaults
[0.194s] Level 1:colcon.colcon_core.package_discovery:discover_packages(ignore) discover
[0.194s] Level 1:colcon.colcon_core.package_discovery:discover_packages(ignore) using defaults
[0.194s] Level 1:colcon.colcon_core.package_discovery:discover_packages(path) discover
[0.194s] Level 1:colcon.colcon_core.package_discovery:discover_packages(path) using defaults
[0.205s] Level 1:colcon.colcon_core.package_discovery:discover_packages(prefix_path) check parameters
[0.205s] Level 1:colcon.colcon_core.package_discovery:discover_packages(prefix_path) discover
[0.206s] DEBUG:colcon.colcon_installed_package_information.package_discovery:Found 2 installed packages in /home/woonggook/ev_ws/install
[0.207s] DEBUG:colcon.colcon_installed_package_information.package_discovery:Found 7 installed packages in /home/woonggook/workspace/ros2/erp42_ros/install
[0.208s] DEBUG:colcon.colcon_installed_package_information.package_discovery:Found 384 installed packages in /opt/ros/humble
[0.209s] Level 1:colcon.colcon_core.package_discovery:discover_packages(prefix_path) using defaults
[0.232s] Level 5:colcon.colcon_core.verb:set package 'lane_seg' build argument 'cmake_args' from command line to 'None'
[0.232s] Level 5:colcon.colcon_core.verb:set package 'lane_seg' build argument 'cmake_target' from command line to 'None'
[0.232s] Level 5:colcon.colcon_core.verb:set package 'lane_seg' build argument 'cmake_target_skip_unavailable' from command line to 'False'
[0.232s] Level 5:colcon.colcon_core.verb:set package 'lane_seg' build argument 'cmake_clean_cache' from command line to 'False'
[0.232s] Level 5:colcon.colcon_core.verb:set package 'lane_seg' build argument 'cmake_clean_first' from command line to 'False'
[0.232s] Level 5:colcon.colcon_core.verb:set package 'lane_seg' build argument 'cmake_force_configure' from command line to 'False'
[0.232s] Level 5:colcon.colcon_core.verb:set package 'lane_seg' build argument 'ament_cmake_args' from command line to 'None'
[0.232s] Level 5:colcon.colcon_core.verb:set package 'lane_seg' build argument 'catkin_cmake_args' from command line to 'None'
[0.232s] Level 5:colcon.colcon_core.verb:set package 'lane_seg' build argument 'catkin_skip_building_tests' from command line to 'False'
[0.232s] DEBUG:colcon.colcon_core.verb:Building package 'lane_seg' with the following arguments: {'ament_cmake_args': None, 'build_base': '/home/woonggook/ev_ws/build/lane_seg', 'catkin_cmake_args': None, 'catkin_skip_building_tests': False, 'cmake_args': None, 'cmake_clean_cache': False, 'cmake_clean_first': False, 'cmake_force_configure': False, 'cmake_target': None, 'cmake_target_skip_unavailable': False, 'install_base': '/home/woonggook/ev_ws/install/lane_seg', 'merge_install': False, 'path': '/home/woonggook/ev_ws/src/lane_seg', 'symlink_install': True, 'test_result_base': None}
[0.233s] Level 5:colcon.colcon_core.verb:set package 'my_bev_package' build argument 'cmake_args' from command line to 'None'
[0.233s] Level 5:colcon.colcon_core.verb:set package 'my_bev_package' build argument 'cmake_target' from command line to 'None'
[0.233s] Level 5:colcon.colcon_core.verb:set package 'my_bev_package' build argument 'cmake_target_skip_unavailable' from command line to 'False'
[0.233s] Level 5:colcon.colcon_core.verb:set package 'my_bev_package' build argument 'cmake_clean_cache' from command line to 'False'
[0.233s] Level 5:colcon.colcon_core.verb:set package 'my_bev_package' build argument 'cmake_clean_first' from command line to 'False'
[0.233s] Level 5:colcon.colcon_core.verb:set package 'my_bev_package' build argument 'cmake_force_configure' from command line to 'False'
[0.233s] Level 5:colcon.colcon_core.verb:set package 'my_bev_package' build argument 'ament_cmake_args' from command line to 'None'
[0.233s] Level 5:colcon.colcon_core.verb:set package 'my_bev_package' build argument 'catkin_cmake_args' from command line to 'None'
[0.233s] Level 5:colcon.colcon_core.verb:set package 'my_bev_package' build argument 'catkin_skip_building_tests' from command line to 'False'
[0.233s] DEBUG:colcon.colcon_core.verb:Building package 'my_bev_package' with the following arguments: {'ament_cmake_args': None, 'build_base': '/home/woonggook/ev_ws/build/my_bev_package', 'catkin_cmake_args': None, 'catkin_skip_building_tests': False, 'cmake_args': None, 'cmake_clean_cache': False, 'cmake_clean_first': False, 'cmake_force_configure': False, 'cmake_target': None, 'cmake_target_skip_unavailable': False, 'install_base': '/home/woonggook/ev_ws/install/my_bev_package', 'merge_install': False, 'path': '/home/woonggook/ev_ws/src/my_bev_package', 'symlink_install': True, 'test_result_base': None}
[0.233s] Level 5:colcon.colcon_core.verb:set package 'usb_cam' build argument 'cmake_args' from command line to 'None'
[0.233s] Level 5:colcon.colcon_core.verb:set package 'usb_cam' build argument 'cmake_target' from command line to 'None'
[0.233s] Level 5:colcon.colcon_core.verb:set package 'usb_cam' build argument 'cmake_target_skip_unavailable' from command line to 'False'
[0.233s] Level 5:colcon.colcon_core.verb:set package 'usb_cam' build argument 'cmake_clean_cache' from command line to 'False'
[0.233s] Level 5:colcon.colcon_core.verb:set package 'usb_cam' build argument 'cmake_clean_first' from command line to 'False'
[0.233s] Level 5:colcon.colcon_core.verb:set package 'usb_cam' build argument 'cmake_force_configure' from command line to 'False'
[0.233s] Level 5:colcon.colcon_core.verb:set package 'usb_cam' build argument 'ament_cmake_args' from command line to 'None'
[0.233s] Level 5:colcon.colcon_core.verb:set package 'usb_cam' build argument 'catkin_cmake_args' from command line to 'None'
[0.233s] Level 5:colcon.colcon_core.verb:set package 'usb_cam' build argument 'catkin_skip_building_tests' from command line to 'False'
[0.233s] DEBUG:colcon.colcon_core.verb:Building package 'usb_cam' with the following arguments: {'ament_cmake_args': None, 'build_base': '/home/woonggook/ev_ws/build/usb_cam', 'catkin_cmake_args': None, 'catkin_skip_building_tests': False, 'cmake_args': None, 'cmake_clean_cache': False, 'cmake_clean_first': False, 'cmake_force_configure': False, 'cmake_target': None, 'cmake_target_skip_unavailable': False, 'install_base': '/home/woonggook/ev_ws/install/usb_cam', 'merge_install': False, 'path': '/home/woonggook/ev_ws/src/usb_cam', 'symlink_install': True, 'test_result_base': None}
[0.233s] INFO:colcon.colcon_core.executor:Executing jobs using 'parallel' executor
[0.234s] DEBUG:colcon.colcon_parallel_executor.executor.parallel:run_until_complete
[0.234s] INFO:colcon.colcon_ros.task.ament_python.build:Building ROS package in '/home/woonggook/ev_ws/src/lane_seg' with build type 'ament_python'
[0.234s] Level 1:colcon.colcon_core.shell:create_environment_hook('lane_seg', 'ament_prefix_path')
[0.235s] INFO:colcon.colcon_core.plugin_system:Skipping extension 'colcon_core.shell.bat': Not used on non-Windows systems
[0.235s] INFO:colcon.colcon_core.shell:Creating environment hook '/home/woonggook/ev_ws/install/lane_seg/share/lane_seg/hook/ament_prefix_path.ps1'
[0.236s] INFO:colcon.colcon_core.shell:Creating environment descriptor '/home/woonggook/ev_ws/install/lane_seg/share/lane_seg/hook/ament_prefix_path.dsv'
[0.236s] INFO:colcon.colcon_core.shell:Creating environment hook '/home/woonggook/ev_ws/install/lane_seg/share/lane_seg/hook/ament_prefix_path.sh'
[0.236s] INFO:colcon.colcon_core.shell:Skip shell extension 'powershell' for command environment: Not usable outside of PowerShell
[0.236s] DEBUG:colcon.colcon_core.shell:Skip shell extension 'dsv' for command environment
[0.239s] INFO:colcon.colcon_ros.task.ament_python.build:Building ROS package in '/home/woonggook/ev_ws/src/my_bev_package' with build type 'ament_python'
[0.239s] Level 1:colcon.colcon_core.shell:create_environment_hook('my_bev_package', 'ament_prefix_path')
[0.239s] INFO:colcon.colcon_core.shell:Creating environment hook '/home/woonggook/ev_ws/install/my_bev_package/share/my_bev_package/hook/ament_prefix_path.ps1'
[0.239s] INFO:colcon.colcon_core.shell:Creating environment descriptor '/home/woonggook/ev_ws/install/my_bev_package/share/my_bev_package/hook/ament_prefix_path.dsv'
[0.240s] INFO:colcon.colcon_core.shell:Creating environment hook '/home/woonggook/ev_ws/install/my_bev_package/share/my_bev_package/hook/ament_prefix_path.sh'
[0.240s] INFO:colcon.colcon_core.shell:Skip shell extension 'powershell' for command environment: Not usable outside of PowerShell
[0.240s] DEBUG:colcon.colcon_core.shell:Skip shell extension 'dsv' for command environment
[0.242s] INFO:colcon.colcon_ros.task.ament_cmake.build:Building ROS package in '/home/woonggook/ev_ws/src/usb_cam' with build type 'ament_cmake'
[0.242s] INFO:colcon.colcon_cmake.task.cmake.build:Building CMake package in '/home/woonggook/ev_ws/src/usb_cam'
[0.242s] INFO:colcon.colcon_core.shell:Skip shell extension 'powershell' for command environment: Not usable outside of PowerShell
[0.242s] DEBUG:colcon.colcon_core.shell:Skip shell extension 'dsv' for command environment
[0.416s] INFO:colcon.colcon_core.task.python.build:Building Python package in '/home/woonggook/ev_ws/src/lane_seg'
[0.417s] INFO:colcon.colcon_core.shell:Skip shell extension 'powershell' for command environment: Not usable outside of PowerShell
[0.417s] DEBUG:colcon.colcon_core.shell:Skip shell extension 'dsv' for command environment
[0.580s] INFO:colcon.colcon_core.task.python.build:Building Python package in '/home/woonggook/ev_ws/src/my_bev_package'
[0.580s] INFO:colcon.colcon_core.shell:Skip shell extension 'powershell' for command environment: Not usable outside of PowerShell
[0.580s] DEBUG:colcon.colcon_core.shell:Skip shell extension 'dsv' for command environment
[0.586s] DEBUG:colcon.colcon_core.event_handler.log_command:Invoking command in '/home/woonggook/ev_ws/build/usb_cam': CMAKE_PREFIX_PATH=${CMAKE_PREFIX_PATH}:/home/woonggook/ev_ws/install/my_bev_package:/opt/ros/humble /usr/bin/cmake /home/woonggook/ev_ws/src/usb_cam -DAMENT_CMAKE_SYMLINK_INSTALL=1 -DCMAKE_INSTALL_PREFIX=/home/woonggook/ev_ws/install/usb_cam
[0.852s] DEBUG:colcon.colcon_core.event_handler.log_command:Invoking command in '/home/woonggook/ev_ws/build/lane_seg': PYTHONPATH=/home/woonggook/ev_ws/build/lane_seg/prefix_override:/usr/lib/python3/dist-packages/colcon_core/task/python/colcon_distutils_commands:/home/woonggook/ev_ws/install/lane_seg/lib/python3.10/site-packages:${PYTHONPATH} /usr/bin/python3 -W ignore:setup.py install is deprecated -W ignore:easy_install command is deprecated setup.py develop --editable --build-directory /home/woonggook/ev_ws/build/lane_seg/build --no-deps symlink_data
[0.866s] DEBUG:colcon.colcon_core.task.python.build:While undoing a previous installation files outside the Python library path are being ignored: /home/woonggook/ev_ws/install/my_bev_package/share/ament_index/resource_index/packages/my_bev_package
[0.866s] DEBUG:colcon.colcon_core.task.python.build:While undoing a previous installation files outside the Python library path are being ignored: /home/woonggook/ev_ws/install/my_bev_package/share/my_bev_package/package.xml
[0.866s] DEBUG:colcon.colcon_core.task.python.build:While undoing a previous installation files outside the Python library path are being ignored: /home/woonggook/ev_ws/install/my_bev_package/lib/my_bev_package/bev_node
[0.866s] DEBUG:colcon.colcon_core.task.python.build:While undoing a previous installation files outside the Python library path are being ignored: /home/woonggook/ev_ws/install/my_bev_package/lib/my_bev_package/lane_yolo_seg
[0.868s] DEBUG:colcon.colcon_core.event_handler.log_command:Invoking command in '/home/woonggook/ev_ws/build/my_bev_package': PYTHONPATH=/home/woonggook/ev_ws/build/my_bev_package/prefix_override:/usr/lib/python3/dist-packages/colcon_core/task/python/colcon_distutils_commands:/home/woonggook/ev_ws/install/my_bev_package/lib/python3.10/site-packages:${PYTHONPATH} /usr/bin/python3 -W ignore:setup.py install is deprecated -W ignore:easy_install command is deprecated setup.py develop --editable --build-directory /home/woonggook/ev_ws/build/my_bev_package/build --no-deps symlink_data --force
[1.170s] Level 1:colcon.colcon_core.shell:create_environment_hook('lane_seg', 'pythonpath_develop')
[1.170s] INFO:colcon.colcon_core.shell:Creating environment hook '/home/woonggook/ev_ws/build/lane_seg/share/lane_seg/hook/pythonpath_develop.ps1'
[1.171s] DEBUG:colcon.colcon_core.event_handler.log_command:Invoked command in '/home/woonggook/ev_ws/build/lane_seg' returned '0': PYTHONPATH=/home/woonggook/ev_ws/build/lane_seg/prefix_override:/usr/lib/python3/dist-packages/colcon_core/task/python/colcon_distutils_commands:/home/woonggook/ev_ws/install/lane_seg/lib/python3.10/site-packages:${PYTHONPATH} /usr/bin/python3 -W ignore:setup.py install is deprecated -W ignore:easy_install command is deprecated setup.py develop --editable --build-directory /home/woonggook/ev_ws/build/lane_seg/build --no-deps symlink_data
[1.171s] INFO:colcon.colcon_core.shell:Creating environment descriptor '/home/woonggook/ev_ws/build/lane_seg/share/lane_seg/hook/pythonpath_develop.dsv'
[1.171s] INFO:colcon.colcon_core.shell:Creating environment hook '/home/woonggook/ev_ws/build/lane_seg/share/lane_seg/hook/pythonpath_develop.sh'
[1.174s] Level 1:colcon.colcon_core.environment:checking '/home/woonggook/ev_ws/install/lane_seg' for CMake module files
[1.174s] Level 1:colcon.colcon_core.environment:checking '/home/woonggook/ev_ws/install/lane_seg' for CMake config files
[1.175s] Level 1:colcon.colcon_core.environment:checking '/home/woonggook/ev_ws/install/lane_seg/lib'
[1.175s] Level 1:colcon.colcon_core.environment:checking '/home/woonggook/ev_ws/install/lane_seg/bin'
[1.175s] Level 1:colcon.colcon_core.environment:checking '/home/woonggook/ev_ws/install/lane_seg/lib/pkgconfig/lane_seg.pc'
[1.175s] Level 1:colcon.colcon_core.environment:checking '/home/woonggook/ev_ws/install/lane_seg/lib/python3.10/site-packages'
[1.175s] Level 1:colcon.colcon_core.shell:create_environment_hook('lane_seg', 'pythonpath')
[1.176s] INFO:colcon.colcon_core.shell:Creating environment hook '/home/woonggook/ev_ws/install/lane_seg/share/lane_seg/hook/pythonpath.ps1'
[1.176s] INFO:colcon.colcon_core.shell:Creating environment descriptor '/home/woonggook/ev_ws/install/lane_seg/share/lane_seg/hook/pythonpath.dsv'
[1.176s] INFO:colcon.colcon_core.shell:Creating environment hook '/home/woonggook/ev_ws/install/lane_seg/share/lane_seg/hook/pythonpath.sh'
[1.177s] Level 1:colcon.colcon_core.environment:checking '/home/woonggook/ev_ws/install/lane_seg/bin'
[1.177s] Level 1:colcon.colcon_core.environment:create_environment_scripts_only(lane_seg)
[1.177s] INFO:colcon.colcon_core.shell:Creating package script '/home/woonggook/ev_ws/install/lane_seg/share/lane_seg/package.ps1'
[1.178s] INFO:colcon.colcon_core.shell:Creating package descriptor '/home/woonggook/ev_ws/install/lane_seg/share/lane_seg/package.dsv'
[1.178s] INFO:colcon.colcon_core.shell:Creating package script '/home/woonggook/ev_ws/install/lane_seg/share/lane_seg/package.sh'
[1.179s] INFO:colcon.colcon_core.shell:Creating package script '/home/woonggook/ev_ws/install/lane_seg/share/lane_seg/package.bash'
[1.180s] INFO:colcon.colcon_core.shell:Creating package script '/home/woonggook/ev_ws/install/lane_seg/share/lane_seg/package.zsh'
[1.180s] Level 1:colcon.colcon_core.environment:create_file_with_runtime_dependencies(/home/woonggook/ev_ws/install/lane_seg/share/colcon-core/packages/lane_seg)
[1.199s] Level 1:colcon.colcon_core.shell:create_environment_hook('my_bev_package', 'pythonpath_develop')
[1.200s] INFO:colcon.colcon_core.shell:Creating environment hook '/home/woonggook/ev_ws/build/my_bev_package/share/my_bev_package/hook/pythonpath_develop.ps1'
[1.200s] DEBUG:colcon.colcon_core.event_handler.log_command:Invoked command in '/home/woonggook/ev_ws/build/my_bev_package' returned '0': PYTHONPATH=/home/woonggook/ev_ws/build/my_bev_package/prefix_override:/usr/lib/python3/dist-packages/colcon_core/task/python/colcon_distutils_commands:/home/woonggook/ev_ws/install/my_bev_package/lib/python3.10/site-packages:${PYTHONPATH} /usr/bin/python3 -W ignore:setup.py install is deprecated -W ignore:easy_install command is deprecated setup.py develop --editable --build-directory /home/woonggook/ev_ws/build/my_bev_package/build --no-deps symlink_data --force
[1.201s] INFO:colcon.colcon_core.shell:Creating environment descriptor '/home/woonggook/ev_ws/build/my_bev_package/share/my_bev_package/hook/pythonpath_develop.dsv'
[1.201s] INFO:colcon.colcon_core.shell:Creating environment hook '/home/woonggook/ev_ws/build/my_bev_package/share/my_bev_package/hook/pythonpath_develop.sh'
[1.202s] Level 1:colcon.colcon_core.environment:checking '/home/woonggook/ev_ws/install/my_bev_package' for CMake module files
[1.202s] Level 1:colcon.colcon_core.environment:checking '/home/woonggook/ev_ws/install/my_bev_package' for CMake config files
[1.203s] Level 1:colcon.colcon_core.environment:checking '/home/woonggook/ev_ws/install/my_bev_package/lib'
[1.203s] Level 1:colcon.colcon_core.environment:checking '/home/woonggook/ev_ws/install/my_bev_package/bin'
[1.203s] Level 1:colcon.colcon_core.environment:checking '/home/woonggook/ev_ws/install/my_bev_package/lib/pkgconfig/my_bev_package.pc'
[1.203s] Level 1:colcon.colcon_core.environment:checking '/home/woonggook/ev_ws/install/my_bev_package/lib/python3.10/site-packages'
[1.203s] Level 1:colcon.colcon_core.shell:create_environment_hook('my_bev_package', 'pythonpath')
[1.203s] INFO:colcon.colcon_core.shell:Creating environment hook '/home/woonggook/ev_ws/install/my_bev_package/share/my_bev_package/hook/pythonpath.ps1'
[1.204s] INFO:colcon.colcon_core.shell:Creating environment descriptor '/home/woonggook/ev_ws/install/my_bev_package/share/my_bev_package/hook/pythonpath.dsv'
[1.204s] INFO:colcon.colcon_core.shell:Creating environment hook '/home/woonggook/ev_ws/install/my_bev_package/share/my_bev_package/hook/pythonpath.sh'
[1.205s] Level 1:colcon.colcon_core.environment:checking '/home/woonggook/ev_ws/install/my_bev_package/bin'
[1.205s] Level 1:colcon.colcon_core.environment:create_environment_scripts_only(my_bev_package)
[1.205s] INFO:colcon.colcon_core.shell:Creating package script '/home/woonggook/ev_ws/install/my_bev_package/share/my_bev_package/package.ps1'
[1.206s] INFO:colcon.colcon_core.shell:Creating package descriptor '/home/woonggook/ev_ws/install/my_bev_package/share/my_bev_package/package.dsv'
[1.206s] INFO:colcon.colcon_core.shell:Creating package script '/home/woonggook/ev_ws/install/my_bev_package/share/my_bev_package/package.sh'
[1.206s] INFO:colcon.colcon_core.shell:Creating package script '/home/woonggook/ev_ws/install/my_bev_package/share/my_bev_package/package.bash'
[1.207s] INFO:colcon.colcon_core.shell:Creating package script '/home/woonggook/ev_ws/install/my_bev_package/share/my_bev_package/package.zsh'
[1.207s] Level 1:colcon.colcon_core.environment:create_file_with_runtime_dependencies(/home/woonggook/ev_ws/install/my_bev_package/share/colcon-core/packages/my_bev_package)
[1.352s] DEBUG:colcon.colcon_core.event_handler.log_command:Invoked command in '/home/woonggook/ev_ws/build/usb_cam' returned '0': CMAKE_PREFIX_PATH=${CMAKE_PREFIX_PATH}:/home/woonggook/ev_ws/install/my_bev_package:/opt/ros/humble /usr/bin/cmake /home/woonggook/ev_ws/src/usb_cam -DAMENT_CMAKE_SYMLINK_INSTALL=1 -DCMAKE_INSTALL_PREFIX=/home/woonggook/ev_ws/install/usb_cam
[1.353s] DEBUG:colcon.colcon_core.event_handler.log_command:Invoking command in '/home/woonggook/ev_ws/build/usb_cam': CMAKE_PREFIX_PATH=${CMAKE_PREFIX_PATH}:/home/woonggook/ev_ws/install/my_bev_package:/opt/ros/humble /usr/bin/cmake --build /home/woonggook/ev_ws/build/usb_cam -- -j12 -l12
[1.444s] DEBUG:colcon.colcon_core.event_handler.log_command:Invoked command in '/home/woonggook/ev_ws/build/usb_cam' returned '0': CMAKE_PREFIX_PATH=${CMAKE_PREFIX_PATH}:/home/woonggook/ev_ws/install/my_bev_package:/opt/ros/humble /usr/bin/cmake --build /home/woonggook/ev_ws/build/usb_cam -- -j12 -l12
[1.453s] DEBUG:colcon.colcon_core.event_handler.log_command:Invoking command in '/home/woonggook/ev_ws/build/usb_cam': CMAKE_PREFIX_PATH=${CMAKE_PREFIX_PATH}:/home/woonggook/ev_ws/install/my_bev_package:/opt/ros/humble /usr/bin/cmake --install /home/woonggook/ev_ws/build/usb_cam
[1.478s] Level 1:colcon.colcon_core.environment:create_environment_scripts_only(usb_cam)
[1.478s] Level 1:colcon.colcon_core.environment:checking '/home/woonggook/ev_ws/install/usb_cam' for CMake module files
[1.479s] DEBUG:colcon.colcon_core.event_handler.log_command:Invoked command in '/home/woonggook/ev_ws/build/usb_cam' returned '0': CMAKE_PREFIX_PATH=${CMAKE_PREFIX_PATH}:/home/woonggook/ev_ws/install/my_bev_package:/opt/ros/humble /usr/bin/cmake --install /home/woonggook/ev_ws/build/usb_cam
[1.479s] Level 1:colcon.colcon_core.environment:checking '/home/woonggook/ev_ws/install/usb_cam' for CMake config files
[1.480s] Level 1:colcon.colcon_core.shell:create_environment_hook('usb_cam', 'cmake_prefix_path')
[1.480s] INFO:colcon.colcon_core.shell:Creating environment hook '/home/woonggook/ev_ws/install/usb_cam/share/usb_cam/hook/cmake_prefix_path.ps1'
[1.480s] INFO:colcon.colcon_core.shell:Creating environment descriptor '/home/woonggook/ev_ws/install/usb_cam/share/usb_cam/hook/cmake_prefix_path.dsv'
[1.481s] INFO:colcon.colcon_core.shell:Creating environment hook '/home/woonggook/ev_ws/install/usb_cam/share/usb_cam/hook/cmake_prefix_path.sh'
[1.481s] Level 1:colcon.colcon_core.environment:checking '/home/woonggook/ev_ws/install/usb_cam/lib'
[1.482s] Level 1:colcon.colcon_core.shell:create_environment_hook('usb_cam', 'ld_library_path_lib')
[1.482s] INFO:colcon.colcon_core.shell:Creating environment hook '/home/woonggook/ev_ws/install/usb_cam/share/usb_cam/hook/ld_library_path_lib.ps1'
[1.482s] INFO:colcon.colcon_core.shell:Creating environment descriptor '/home/woonggook/ev_ws/install/usb_cam/share/usb_cam/hook/ld_library_path_lib.dsv'
[1.483s] INFO:colcon.colcon_core.shell:Creating environment hook '/home/woonggook/ev_ws/install/usb_cam/share/usb_cam/hook/ld_library_path_lib.sh'
[1.483s] Level 1:colcon.colcon_core.environment:checking '/home/woonggook/ev_ws/install/usb_cam/bin'
[1.483s] Level 1:colcon.colcon_core.environment:checking '/home/woonggook/ev_ws/install/usb_cam/lib/pkgconfig/usb_cam.pc'
[1.483s] Level 1:colcon.colcon_core.environment:checking '/home/woonggook/ev_ws/install/usb_cam/lib/python3.10/site-packages'
[1.484s] Level 1:colcon.colcon_core.environment:checking '/home/woonggook/ev_ws/install/usb_cam/bin'
[1.484s] INFO:colcon.colcon_core.shell:Creating package script '/home/woonggook/ev_ws/install/usb_cam/share/usb_cam/package.ps1'
[1.484s] INFO:colcon.colcon_core.shell:Creating package descriptor '/home/woonggook/ev_ws/install/usb_cam/share/usb_cam/package.dsv'
[1.485s] INFO:colcon.colcon_core.shell:Creating package script '/home/woonggook/ev_ws/install/usb_cam/share/usb_cam/package.sh'
[1.485s] INFO:colcon.colcon_core.shell:Creating package script '/home/woonggook/ev_ws/install/usb_cam/share/usb_cam/package.bash'
[1.486s] INFO:colcon.colcon_core.shell:Creating package script '/home/woonggook/ev_ws/install/usb_cam/share/usb_cam/package.zsh'
[1.486s] Level 1:colcon.colcon_core.environment:create_file_with_runtime_dependencies(/home/woonggook/ev_ws/install/usb_cam/share/colcon-core/packages/usb_cam)
[1.486s] Level 1:colcon.colcon_core.environment:create_environment_scripts_only(usb_cam)
[1.487s] Level 1:colcon.colcon_core.environment:checking '/home/woonggook/ev_ws/install/usb_cam' for CMake module files
[1.487s] Level 1:colcon.colcon_core.environment:checking '/home/woonggook/ev_ws/install/usb_cam' for CMake config files
[1.488s] Level 1:colcon.colcon_core.shell:create_environment_hook('usb_cam', 'cmake_prefix_path')
[1.488s] INFO:colcon.colcon_core.shell:Creating environment hook '/home/woonggook/ev_ws/install/usb_cam/share/usb_cam/hook/cmake_prefix_path.ps1'
[1.488s] INFO:colcon.colcon_core.shell:Creating environment descriptor '/home/woonggook/ev_ws/install/usb_cam/share/usb_cam/hook/cmake_prefix_path.dsv'
[1.489s] INFO:colcon.colcon_core.shell:Creating environment hook '/home/woonggook/ev_ws/install/usb_cam/share/usb_cam/hook/cmake_prefix_path.sh'
[1.489s] Level 1:colcon.colcon_core.environment:checking '/home/woonggook/ev_ws/install/usb_cam/lib'
[1.489s] Level 1:colcon.colcon_core.shell:create_environment_hook('usb_cam', 'ld_library_path_lib')
[1.489s] INFO:colcon.colcon_core.shell:Creating environment hook '/home/woonggook/ev_ws/install/usb_cam/share/usb_cam/hook/ld_library_path_lib.ps1'
[1.490s] INFO:colcon.colcon_core.shell:Creating environment descriptor '/home/woonggook/ev_ws/install/usb_cam/share/usb_cam/hook/ld_library_path_lib.dsv'
[1.490s] INFO:colcon.colcon_core.shell:Creating environment hook '/home/woonggook/ev_ws/install/usb_cam/share/usb_cam/hook/ld_library_path_lib.sh'
[1.490s] Level 1:colcon.colcon_core.environment:checking '/home/woonggook/ev_ws/install/usb_cam/bin'
[1.491s] Level 1:colcon.colcon_core.environment:checking '/home/woonggook/ev_ws/install/usb_cam/lib/pkgconfig/usb_cam.pc'
[1.491s] Level 1:colcon.colcon_core.environment:checking '/home/woonggook/ev_ws/install/usb_cam/lib/python3.10/site-packages'
[1.491s] Level 1:colcon.colcon_core.environment:checking '/home/woonggook/ev_ws/install/usb_cam/bin'
[1.491s] INFO:colcon.colcon_core.shell:Creating package script '/home/woonggook/ev_ws/install/usb_cam/share/usb_cam/package.ps1'
[1.492s] INFO:colcon.colcon_core.shell:Creating package descriptor '/home/woonggook/ev_ws/install/usb_cam/share/usb_cam/package.dsv'
[1.492s] INFO:colcon.colcon_core.shell:Creating package script '/home/woonggook/ev_ws/install/usb_cam/share/usb_cam/package.sh'
[1.493s] INFO:colcon.colcon_core.shell:Creating package script '/home/woonggook/ev_ws/install/usb_cam/share/usb_cam/package.bash'
[1.493s] INFO:colcon.colcon_core.shell:Creating package script '/home/woonggook/ev_ws/install/usb_cam/share/usb_cam/package.zsh'
[1.494s] Level 1:colcon.colcon_core.environment:create_file_with_runtime_dependencies(/home/woonggook/ev_ws/install/usb_cam/share/colcon-core/packages/usb_cam)
[1.494s] DEBUG:colcon.colcon_parallel_executor.executor.parallel:closing loop
[1.494s] DEBUG:colcon.colcon_parallel_executor.executor.parallel:loop closed
[1.494s] DEBUG:colcon.colcon_parallel_executor.executor.parallel:run_until_complete finished with '0'
[1.494s] DEBUG:colcon.colcon_core.event_reactor:joining thread
[1.499s] INFO:colcon.colcon_core.plugin_system:Skipping extension 'colcon_notification.desktop_notification.terminal_notifier': Not used on non-Darwin systems
[1.500s] INFO:colcon.colcon_core.plugin_system:Skipping extension 'colcon_notification.desktop_notification.win32': Not used on non-Windows systems
[1.500s] INFO:colcon.colcon_notification.desktop_notification:Sending desktop notification using 'notify2'
[1.515s] DEBUG:colcon.colcon_core.event_reactor:joined thread
[1.516s] INFO:colcon.colcon_core.shell:Creating prefix script '/home/woonggook/ev_ws/install/local_setup.ps1'
[1.517s] INFO:colcon.colcon_core.shell:Creating prefix util module '/home/woonggook/ev_ws/install/_local_setup_util_ps1.py'
[1.518s] INFO:colcon.colcon_core.shell:Creating prefix chain script '/home/woonggook/ev_ws/install/setup.ps1'
[1.519s] INFO:colcon.colcon_core.shell:Creating prefix script '/home/woonggook/ev_ws/install/local_setup.sh'
[1.520s] INFO:colcon.colcon_core.shell:Creating prefix util module '/home/woonggook/ev_ws/install/_local_setup_util_sh.py'
[1.520s] INFO:colcon.colcon_core.shell:Creating prefix chain script '/home/woonggook/ev_ws/install/setup.sh'
[1.522s] INFO:colcon.colcon_core.shell:Creating prefix script '/home/woonggook/ev_ws/install/local_setup.bash'
[1.522s] INFO:colcon.colcon_core.shell:Creating prefix chain script '/home/woonggook/ev_ws/install/setup.bash'
[1.524s] INFO:colcon.colcon_core.shell:Creating prefix script '/home/woonggook/ev_ws/install/local_setup.zsh'
[1.524s] INFO:colcon.colcon_core.shell:Creating prefix chain script '/home/woonggook/ev_ws/install/setup.zsh'
