[0.056s] Invoking command in '/home/kimsohee/ev-1-5/ev_ws/perception/build/make_bbox': CMAKE_PREFIX_PATH=${CMAKE_PREFIX_PATH}:/opt/ros/humble /usr/bin/cmake --build /home/kimsohee/ev-1-5/ev_ws/perception/build/make_bbox -- -j8 -l8
[0.213s] [35m[1mConsolidate compiler generated dependencies of target make_bbox_component[0m
[0.213s] [35m[1mConsolidate compiler generated dependencies of target make_bbox_node[0m
[0.300s] [ 50%] Built target make_bbox_node
[0.327s] [100%] Built target make_bbox_component
[0.386s] Invoked command in '/home/kimsohee/ev-1-5/ev_ws/perception/build/make_bbox' returned '0': CMAKE_PREFIX_PATH=${CMAKE_PREFIX_PATH}:/opt/ros/humble /usr/bin/cmake --build /home/kimsohee/ev-1-5/ev_ws/perception/build/make_bbox -- -j8 -l8
[0.391s] Invoking command in '/home/kimsohee/ev-1-5/ev_ws/perception/build/make_bbox': CMAKE_PREFIX_PATH=${CMAKE_PREFIX_PATH}:/opt/ros/humble /usr/bin/cmake --install /home/kimsohee/ev-1-5/ev_ws/perception/build/make_bbox
[0.403s] -- Install configuration: ""
[0.403s] -- Execute custom install script
[0.404s] -- Up-to-date symlink: /home/kimsohee/ev-1-5/ev_ws/perception/install/make_bbox/lib/make_bbox/make_bbox_node
[0.404s] -- Up-to-date symlink: /home/kimsohee/ev-1-5/ev_ws/perception/install/make_bbox/lib/libmake_bbox_component.so
[0.409s] -- Up-to-date symlink: /home/kimsohee/ev-1-5/ev_ws/perception/install/make_bbox/include/make_bbox/make_bbox_node.hpp
[0.410s] -- Up-to-date symlink: /home/kimsohee/ev-1-5/ev_ws/perception/install/make_bbox/share/ament_index/resource_index/package_run_dependencies/make_bbox
[0.410s] -- Up-to-date symlink: /home/kimsohee/ev-1-5/ev_ws/perception/install/make_bbox/share/ament_index/resource_index/parent_prefix_path/make_bbox
[0.410s] -- Up-to-date symlink: /home/kimsohee/ev-1-5/ev_ws/perception/install/make_bbox/share/make_bbox/environment/ament_prefix_path.sh
[0.410s] -- Up-to-date symlink: /home/kimsohee/ev-1-5/ev_ws/perception/install/make_bbox/share/make_bbox/environment/ament_prefix_path.dsv
[0.410s] -- Up-to-date symlink: /home/kimsohee/ev-1-5/ev_ws/perception/install/make_bbox/share/make_bbox/environment/path.sh
[0.410s] -- Up-to-date symlink: /home/kimsohee/ev-1-5/ev_ws/perception/install/make_bbox/share/make_bbox/environment/path.dsv
[0.411s] -- Up-to-date symlink: /home/kimsohee/ev-1-5/ev_ws/perception/install/make_bbox/share/make_bbox/local_setup.bash
[0.418s] -- Up-to-date symlink: /home/kimsohee/ev-1-5/ev_ws/perception/install/make_bbox/share/make_bbox/local_setup.sh
[0.418s] -- Up-to-date symlink: /home/kimsohee/ev-1-5/ev_ws/perception/install/make_bbox/share/make_bbox/local_setup.zsh
[0.418s] -- Up-to-date symlink: /home/kimsohee/ev-1-5/ev_ws/perception/install/make_bbox/share/make_bbox/local_setup.dsv
[0.418s] -- Symlinking: /home/kimsohee/ev-1-5/ev_ws/perception/install/make_bbox/share/make_bbox/package.dsv
[0.443s] -- Up-to-date symlink: /home/kimsohee/ev-1-5/ev_ws/perception/install/make_bbox/share/ament_index/resource_index/packages/make_bbox
[0.444s] -- Up-to-date symlink: /home/kimsohee/ev-1-5/ev_ws/perception/install/make_bbox/share/ament_index/resource_index/rclcpp_components/make_bbox
[0.444s] -- Up-to-date symlink: /home/kimsohee/ev-1-5/ev_ws/perception/install/make_bbox/share/make_bbox/cmake/make_bboxConfig.cmake
[0.456s] -- Up-to-date symlink: /home/kimsohee/ev-1-5/ev_ws/perception/install/make_bbox/share/make_bbox/cmake/make_bboxConfig-version.cmake
[0.457s] -- Up-to-date symlink: /home/kimsohee/ev-1-5/ev_ws/perception/install/make_bbox/share/make_bbox/package.xml
[0.542s] Invoked command in '/home/kimsohee/ev-1-5/ev_ws/perception/build/make_bbox' returned '0': CMAKE_PREFIX_PATH=${CMAKE_PREFIX_PATH}:/opt/ros/humble /usr/bin/cmake --install /home/kimsohee/ev-1-5/ev_ws/perception/build/make_bbox
