[0.063s] DEBUG:colcon:Command line arguments: ['/usr/bin/colcon', 'build']
[0.063s] DEBUG:colcon:Parsed command line arguments: Namespace(log_base=None, log_level=None, verb_name='build', build_base='build', install_base='install', merge_install=False, symlink_install=False, test_result_base=None, continue_on_error=False, executor='parallel', parallel_workers=12, event_handlers=None, ignore_user_meta=False, metas=['./colcon.meta'], base_paths=['.'], packages_ignore=None, packages_ignore_regex=None, paths=None, packages_up_to=None, packages_up_to_regex=None, packages_above=None, packages_above_and_dependencies=None, packages_above_depth=None, packages_select_by_dep=None, packages_skip_by_dep=None, packages_skip_up_to=None, packages_select_build_failed=False, packages_skip_build_finished=False, packages_select_test_failures=False, packages_skip_test_passed=False, packages_select=None, packages_skip=None, packages_select_regex=None, packages_skip_regex=None, packages_start=None, packages_end=None, allow_overriding=[], cmake_args=None, cmake_target=None, cmake_target_skip_unavailable=False, cmake_clean_cache=False, cmake_clean_first=False, cmake_force_configure=False, ament_cmake_args=None, catkin_cmake_args=None, catkin_skip_building_tests=False, mixin_files=None, mixin=None, verb_parser=<colcon_mixin.mixin.mixin_argument.MixinArgumentDecorator object at 0x7d306f6b18d0>, verb_extension=<colcon_core.verb.build.BuildVerb object at 0x7d306f7a2e60>, main=<bound method BuildVerb.main of <colcon_core.verb.build.BuildVerb object at 0x7d306f7a2e60>>, mixin_verb=('build',))
[0.165s] Level 1:colcon.colcon_core.package_discovery:discover_packages(colcon_meta) check parameters
[0.165s] Level 1:colcon.colcon_core.package_discovery:discover_packages(recursive) check parameters
[0.165s] Level 1:colcon.colcon_core.package_discovery:discover_packages(ignore) check parameters
[0.165s] Level 1:colcon.colcon_core.package_discovery:discover_packages(path) check parameters
[0.165s] Level 1:colcon.colcon_core.package_discovery:discover_packages(colcon_meta) discover
[0.165s] Level 1:colcon.colcon_core.package_discovery:discover_packages(recursive) discover
[0.165s] INFO:colcon.colcon_core.package_discovery:Crawling recursively for packages in '/home/woonggook/ev_ws'
[0.165s] Level 1:colcon.colcon_core.package_identification:_identify(.) by extensions ['ignore', 'ignore_ament_install']
[0.165s] Level 1:colcon.colcon_core.package_identification:_identify(.) by extension 'ignore'
[0.165s] Level 1:colcon.colcon_core.package_identification:_identify(.) by extension 'ignore_ament_install'
[0.165s] Level 1:colcon.colcon_core.package_identification:_identify(.) by extensions ['colcon_pkg']
[0.165s] Level 1:colcon.colcon_core.package_identification:_identify(.) by extension 'colcon_pkg'
[0.165s] Level 1:colcon.colcon_core.package_identification:_identify(.) by extensions ['colcon_meta']
[0.165s] Level 1:colcon.colcon_core.package_identification:_identify(.) by extension 'colcon_meta'
[0.165s] Level 1:colcon.colcon_core.package_identification:_identify(.) by extensions ['ros']
[0.165s] Level 1:colcon.colcon_core.package_identification:_identify(.) by extension 'ros'
[0.188s] Level 1:colcon.colcon_core.package_identification:_identify(.) by extensions ['cmake', 'python']
[0.188s] Level 1:colcon.colcon_core.package_identification:_identify(.) by extension 'cmake'
[0.188s] Level 1:colcon.colcon_core.package_identification:_identify(.) by extension 'python'
[0.188s] Level 1:colcon.colcon_core.package_identification:_identify(.) by extensions ['python_setup_py']
[0.188s] Level 1:colcon.colcon_core.package_identification:_identify(.) by extension 'python_setup_py'
[0.188s] Level 1:colcon.colcon_core.package_identification:_identify(build) by extensions ['ignore', 'ignore_ament_install']
[0.188s] Level 1:colcon.colcon_core.package_identification:_identify(build) by extension 'ignore'
[0.188s] Level 1:colcon.colcon_core.package_identification:_identify(build) ignored
[0.188s] Level 1:colcon.colcon_core.package_identification:_identify(install) by extensions ['ignore', 'ignore_ament_install']
[0.188s] Level 1:colcon.colcon_core.package_identification:_identify(install) by extension 'ignore'
[0.188s] Level 1:colcon.colcon_core.package_identification:_identify(install) ignored
[0.188s] Level 1:colcon.colcon_core.package_identification:_identify(log) by extensions ['ignore', 'ignore_ament_install']
[0.188s] Level 1:colcon.colcon_core.package_identification:_identify(log) by extension 'ignore'
[0.188s] Level 1:colcon.colcon_core.package_identification:_identify(log) ignored
[0.188s] Level 1:colcon.colcon_core.package_identification:_identify(src) by extensions ['ignore', 'ignore_ament_install']
[0.188s] Level 1:colcon.colcon_core.package_identification:_identify(src) by extension 'ignore'
[0.188s] Level 1:colcon.colcon_core.package_identification:_identify(src) by extension 'ignore_ament_install'
[0.188s] Level 1:colcon.colcon_core.package_identification:_identify(src) by extensions ['colcon_pkg']
[0.188s] Level 1:colcon.colcon_core.package_identification:_identify(src) by extension 'colcon_pkg'
[0.188s] Level 1:colcon.colcon_core.package_identification:_identify(src) by extensions ['colcon_meta']
[0.188s] Level 1:colcon.colcon_core.package_identification:_identify(src) by extension 'colcon_meta'
[0.189s] Level 1:colcon.colcon_core.package_identification:_identify(src) by extensions ['ros']
[0.189s] Level 1:colcon.colcon_core.package_identification:_identify(src) by extension 'ros'
[0.189s] Level 1:colcon.colcon_core.package_identification:_identify(src) by extensions ['cmake', 'python']
[0.189s] Level 1:colcon.colcon_core.package_identification:_identify(src) by extension 'cmake'
[0.189s] Level 1:colcon.colcon_core.package_identification:_identify(src) by extension 'python'
[0.189s] Level 1:colcon.colcon_core.package_identification:_identify(src) by extensions ['python_setup_py']
[0.189s] Level 1:colcon.colcon_core.package_identification:_identify(src) by extension 'python_setup_py'
[0.189s] Level 1:colcon.colcon_core.package_identification:_identify(src/lane_seg) by extensions ['ignore', 'ignore_ament_install']
[0.189s] Level 1:colcon.colcon_core.package_identification:_identify(src/lane_seg) by extension 'ignore'
[0.189s] Level 1:colcon.colcon_core.package_identification:_identify(src/lane_seg) by extension 'ignore_ament_install'
[0.189s] Level 1:colcon.colcon_core.package_identification:_identify(src/lane_seg) by extensions ['colcon_pkg']
[0.189s] Level 1:colcon.colcon_core.package_identification:_identify(src/lane_seg) by extension 'colcon_pkg'
[0.189s] Level 1:colcon.colcon_core.package_identification:_identify(src/lane_seg) by extensions ['colcon_meta']
[0.189s] Level 1:colcon.colcon_core.package_identification:_identify(src/lane_seg) by extension 'colcon_meta'
[0.189s] Level 1:colcon.colcon_core.package_identification:_identify(src/lane_seg) by extensions ['ros']
[0.189s] Level 1:colcon.colcon_core.package_identification:_identify(src/lane_seg) by extension 'ros'
[0.190s] DEBUG:colcon.colcon_core.package_identification:Package 'src/lane_seg' with type 'ros.ament_python' and name 'lane_seg'
[0.190s] Level 1:colcon.colcon_core.package_identification:_identify(src/usb_cam) by extensions ['ignore', 'ignore_ament_install']
[0.191s] Level 1:colcon.colcon_core.package_identification:_identify(src/usb_cam) by extension 'ignore'
[0.191s] Level 1:colcon.colcon_core.package_identification:_identify(src/usb_cam) by extension 'ignore_ament_install'
[0.191s] Level 1:colcon.colcon_core.package_identification:_identify(src/usb_cam) by extensions ['colcon_pkg']
[0.191s] Level 1:colcon.colcon_core.package_identification:_identify(src/usb_cam) by extension 'colcon_pkg'
[0.191s] Level 1:colcon.colcon_core.package_identification:_identify(src/usb_cam) by extensions ['colcon_meta']
[0.191s] Level 1:colcon.colcon_core.package_identification:_identify(src/usb_cam) by extension 'colcon_meta'
[0.191s] Level 1:colcon.colcon_core.package_identification:_identify(src/usb_cam) by extensions ['ros']
[0.191s] Level 1:colcon.colcon_core.package_identification:_identify(src/usb_cam) by extension 'ros'
[0.192s] DEBUG:colcon.colcon_core.package_identification:Package 'src/usb_cam' with type 'ros.ament_cmake' and name 'usb_cam'
[0.192s] Level 1:colcon.colcon_core.package_discovery:discover_packages(recursive) using defaults
[0.192s] Level 1:colcon.colcon_core.package_discovery:discover_packages(ignore) discover
[0.192s] Level 1:colcon.colcon_core.package_discovery:discover_packages(ignore) using defaults
[0.192s] Level 1:colcon.colcon_core.package_discovery:discover_packages(path) discover
[0.192s] Level 1:colcon.colcon_core.package_discovery:discover_packages(path) using defaults
[0.203s] Level 1:colcon.colcon_core.package_discovery:discover_packages(prefix_path) check parameters
[0.203s] Level 1:colcon.colcon_core.package_discovery:discover_packages(prefix_path) discover
[0.204s] DEBUG:colcon.colcon_installed_package_information.package_discovery:Found 3 installed packages in /home/woonggook/ev_ws/install
[0.204s] DEBUG:colcon.colcon_installed_package_information.package_discovery:Found 7 installed packages in /home/woonggook/workspace/ros2/erp42_ros/install
[0.205s] DEBUG:colcon.colcon_installed_package_information.package_discovery:Found 384 installed packages in /opt/ros/humble
[0.207s] Level 1:colcon.colcon_core.package_discovery:discover_packages(prefix_path) using defaults
[0.230s] Level 5:colcon.colcon_core.verb:set package 'lane_seg' build argument 'cmake_args' from command line to 'None'
[0.230s] Level 5:colcon.colcon_core.verb:set package 'lane_seg' build argument 'cmake_target' from command line to 'None'
[0.230s] Level 5:colcon.colcon_core.verb:set package 'lane_seg' build argument 'cmake_target_skip_unavailable' from command line to 'False'
[0.230s] Level 5:colcon.colcon_core.verb:set package 'lane_seg' build argument 'cmake_clean_cache' from command line to 'False'
[0.230s] Level 5:colcon.colcon_core.verb:set package 'lane_seg' build argument 'cmake_clean_first' from command line to 'False'
[0.230s] Level 5:colcon.colcon_core.verb:set package 'lane_seg' build argument 'cmake_force_configure' from command line to 'False'
[0.230s] Level 5:colcon.colcon_core.verb:set package 'lane_seg' build argument 'ament_cmake_args' from command line to 'None'
[0.230s] Level 5:colcon.colcon_core.verb:set package 'lane_seg' build argument 'catkin_cmake_args' from command line to 'None'
[0.230s] Level 5:colcon.colcon_core.verb:set package 'lane_seg' build argument 'catkin_skip_building_tests' from command line to 'False'
[0.230s] DEBUG:colcon.colcon_core.verb:Building package 'lane_seg' with the following arguments: {'ament_cmake_args': None, 'build_base': '/home/woonggook/ev_ws/build/lane_seg', 'catkin_cmake_args': None, 'catkin_skip_building_tests': False, 'cmake_args': None, 'cmake_clean_cache': False, 'cmake_clean_first': False, 'cmake_force_configure': False, 'cmake_target': None, 'cmake_target_skip_unavailable': False, 'install_base': '/home/woonggook/ev_ws/install/lane_seg', 'merge_install': False, 'path': '/home/woonggook/ev_ws/src/lane_seg', 'symlink_install': False, 'test_result_base': None}
[0.230s] Level 5:colcon.colcon_core.verb:set package 'usb_cam' build argument 'cmake_args' from command line to 'None'
[0.230s] Level 5:colcon.colcon_core.verb:set package 'usb_cam' build argument 'cmake_target' from command line to 'None'
[0.230s] Level 5:colcon.colcon_core.verb:set package 'usb_cam' build argument 'cmake_target_skip_unavailable' from command line to 'False'
[0.230s] Level 5:colcon.colcon_core.verb:set package 'usb_cam' build argument 'cmake_clean_cache' from command line to 'False'
[0.230s] Level 5:colcon.colcon_core.verb:set package 'usb_cam' build argument 'cmake_clean_first' from command line to 'False'
[0.230s] Level 5:colcon.colcon_core.verb:set package 'usb_cam' build argument 'cmake_force_configure' from command line to 'False'
[0.230s] Level 5:colcon.colcon_core.verb:set package 'usb_cam' build argument 'ament_cmake_args' from command line to 'None'
[0.230s] Level 5:colcon.colcon_core.verb:set package 'usb_cam' build argument 'catkin_cmake_args' from command line to 'None'
[0.230s] Level 5:colcon.colcon_core.verb:set package 'usb_cam' build argument 'catkin_skip_building_tests' from command line to 'False'
[0.230s] DEBUG:colcon.colcon_core.verb:Building package 'usb_cam' with the following arguments: {'ament_cmake_args': None, 'build_base': '/home/woonggook/ev_ws/build/usb_cam', 'catkin_cmake_args': None, 'catkin_skip_building_tests': False, 'cmake_args': None, 'cmake_clean_cache': False, 'cmake_clean_first': False, 'cmake_force_configure': False, 'cmake_target': None, 'cmake_target_skip_unavailable': False, 'install_base': '/home/woonggook/ev_ws/install/usb_cam', 'merge_install': False, 'path': '/home/woonggook/ev_ws/src/usb_cam', 'symlink_install': False, 'test_result_base': None}
[0.230s] INFO:colcon.colcon_core.executor:Executing jobs using 'parallel' executor
[0.231s] DEBUG:colcon.colcon_parallel_executor.executor.parallel:run_until_complete
[0.231s] INFO:colcon.colcon_ros.task.ament_python.build:Building ROS package in '/home/woonggook/ev_ws/src/lane_seg' with build type 'ament_python'
[0.231s] Level 1:colcon.colcon_core.shell:create_environment_hook('lane_seg', 'ament_prefix_path')
[0.232s] INFO:colcon.colcon_core.plugin_system:Skipping extension 'colcon_core.shell.bat': Not used on non-Windows systems
[0.232s] INFO:colcon.colcon_core.shell:Creating environment hook '/home/woonggook/ev_ws/install/lane_seg/share/lane_seg/hook/ament_prefix_path.ps1'
[0.233s] INFO:colcon.colcon_core.shell:Creating environment descriptor '/home/woonggook/ev_ws/install/lane_seg/share/lane_seg/hook/ament_prefix_path.dsv'
[0.233s] INFO:colcon.colcon_core.shell:Creating environment hook '/home/woonggook/ev_ws/install/lane_seg/share/lane_seg/hook/ament_prefix_path.sh'
[0.233s] INFO:colcon.colcon_core.shell:Skip shell extension 'powershell' for command environment: Not usable outside of PowerShell
[0.233s] DEBUG:colcon.colcon_core.shell:Skip shell extension 'dsv' for command environment
[0.236s] INFO:colcon.colcon_ros.task.ament_cmake.build:Building ROS package in '/home/woonggook/ev_ws/src/usb_cam' with build type 'ament_cmake'
[0.236s] INFO:colcon.colcon_cmake.task.cmake.build:Building CMake package in '/home/woonggook/ev_ws/src/usb_cam'
[0.236s] INFO:colcon.colcon_core.shell:Skip shell extension 'powershell' for command environment: Not usable outside of PowerShell
[0.236s] DEBUG:colcon.colcon_core.shell:Skip shell extension 'dsv' for command environment
[0.406s] INFO:colcon.colcon_core.task.python.build:Building Python package in '/home/woonggook/ev_ws/src/lane_seg'
[0.406s] INFO:colcon.colcon_core.shell:Skip shell extension 'powershell' for command environment: Not usable outside of PowerShell
[0.406s] DEBUG:colcon.colcon_core.shell:Skip shell extension 'dsv' for command environment
[0.412s] DEBUG:colcon.colcon_core.event_handler.log_command:Invoking command in '/home/woonggook/ev_ws/build/usb_cam': CMAKE_PREFIX_PATH=${CMAKE_PREFIX_PATH}:/home/woonggook/ev_ws/install/my_bev_package:/home/woonggook/ev_ws/install/lane_seg:/opt/ros/humble /usr/bin/cmake --build /home/woonggook/ev_ws/build/usb_cam -- -j12 -l12
[0.491s] DEBUG:colcon.colcon_core.event_handler.log_command:Invoked command in '/home/woonggook/ev_ws/build/usb_cam' returned '0': CMAKE_PREFIX_PATH=${CMAKE_PREFIX_PATH}:/home/woonggook/ev_ws/install/my_bev_package:/home/woonggook/ev_ws/install/lane_seg:/opt/ros/humble /usr/bin/cmake --build /home/woonggook/ev_ws/build/usb_cam -- -j12 -l12
[0.498s] DEBUG:colcon.colcon_core.event_handler.log_command:Invoking command in '/home/woonggook/ev_ws/build/usb_cam': CMAKE_PREFIX_PATH=${CMAKE_PREFIX_PATH}:/home/woonggook/ev_ws/install/my_bev_package:/home/woonggook/ev_ws/install/lane_seg:/opt/ros/humble /usr/bin/cmake --install /home/woonggook/ev_ws/build/usb_cam
[0.522s] Level 1:colcon.colcon_core.environment:create_environment_scripts_only(usb_cam)
[0.522s] DEBUG:colcon.colcon_core.event_handler.log_command:Invoked command in '/home/woonggook/ev_ws/build/usb_cam' returned '0': CMAKE_PREFIX_PATH=${CMAKE_PREFIX_PATH}:/home/woonggook/ev_ws/install/my_bev_package:/home/woonggook/ev_ws/install/lane_seg:/opt/ros/humble /usr/bin/cmake --install /home/woonggook/ev_ws/build/usb_cam
[0.524s] Level 1:colcon.colcon_core.environment:checking '/home/woonggook/ev_ws/install/usb_cam' for CMake module files
[0.525s] Level 1:colcon.colcon_core.environment:checking '/home/woonggook/ev_ws/install/usb_cam' for CMake config files
[0.525s] Level 1:colcon.colcon_core.shell:create_environment_hook('usb_cam', 'cmake_prefix_path')
[0.526s] INFO:colcon.colcon_core.shell:Creating environment hook '/home/woonggook/ev_ws/install/usb_cam/share/usb_cam/hook/cmake_prefix_path.ps1'
[0.526s] INFO:colcon.colcon_core.shell:Creating environment descriptor '/home/woonggook/ev_ws/install/usb_cam/share/usb_cam/hook/cmake_prefix_path.dsv'
[0.527s] INFO:colcon.colcon_core.shell:Creating environment hook '/home/woonggook/ev_ws/install/usb_cam/share/usb_cam/hook/cmake_prefix_path.sh'
[0.527s] Level 1:colcon.colcon_core.environment:checking '/home/woonggook/ev_ws/install/usb_cam/lib'
[0.527s] Level 1:colcon.colcon_core.shell:create_environment_hook('usb_cam', 'ld_library_path_lib')
[0.528s] INFO:colcon.colcon_core.shell:Creating environment hook '/home/woonggook/ev_ws/install/usb_cam/share/usb_cam/hook/ld_library_path_lib.ps1'
[0.528s] INFO:colcon.colcon_core.shell:Creating environment descriptor '/home/woonggook/ev_ws/install/usb_cam/share/usb_cam/hook/ld_library_path_lib.dsv'
[0.528s] INFO:colcon.colcon_core.shell:Creating environment hook '/home/woonggook/ev_ws/install/usb_cam/share/usb_cam/hook/ld_library_path_lib.sh'
[0.529s] Level 1:colcon.colcon_core.environment:checking '/home/woonggook/ev_ws/install/usb_cam/bin'
[0.529s] Level 1:colcon.colcon_core.environment:checking '/home/woonggook/ev_ws/install/usb_cam/lib/pkgconfig/usb_cam.pc'
[0.529s] Level 1:colcon.colcon_core.environment:checking '/home/woonggook/ev_ws/install/usb_cam/lib/python3.10/site-packages'
[0.529s] Level 1:colcon.colcon_core.environment:checking '/home/woonggook/ev_ws/install/usb_cam/bin'
[0.530s] INFO:colcon.colcon_core.shell:Creating package script '/home/woonggook/ev_ws/install/usb_cam/share/usb_cam/package.ps1'
[0.530s] INFO:colcon.colcon_core.shell:Creating package descriptor '/home/woonggook/ev_ws/install/usb_cam/share/usb_cam/package.dsv'
[0.531s] INFO:colcon.colcon_core.shell:Creating package script '/home/woonggook/ev_ws/install/usb_cam/share/usb_cam/package.sh'
[0.532s] INFO:colcon.colcon_core.shell:Creating package script '/home/woonggook/ev_ws/install/usb_cam/share/usb_cam/package.bash'
[0.532s] INFO:colcon.colcon_core.shell:Creating package script '/home/woonggook/ev_ws/install/usb_cam/share/usb_cam/package.zsh'
[0.533s] Level 1:colcon.colcon_core.environment:create_file_with_runtime_dependencies(/home/woonggook/ev_ws/install/usb_cam/share/colcon-core/packages/usb_cam)
[0.533s] Level 1:colcon.colcon_core.environment:create_environment_scripts_only(usb_cam)
[0.534s] Level 1:colcon.colcon_core.environment:checking '/home/woonggook/ev_ws/install/usb_cam' for CMake module files
[0.534s] Level 1:colcon.colcon_core.environment:checking '/home/woonggook/ev_ws/install/usb_cam' for CMake config files
[0.534s] Level 1:colcon.colcon_core.shell:create_environment_hook('usb_cam', 'cmake_prefix_path')
[0.534s] INFO:colcon.colcon_core.shell:Creating environment hook '/home/woonggook/ev_ws/install/usb_cam/share/usb_cam/hook/cmake_prefix_path.ps1'
[0.535s] INFO:colcon.colcon_core.shell:Creating environment descriptor '/home/woonggook/ev_ws/install/usb_cam/share/usb_cam/hook/cmake_prefix_path.dsv'
[0.535s] INFO:colcon.colcon_core.shell:Creating environment hook '/home/woonggook/ev_ws/install/usb_cam/share/usb_cam/hook/cmake_prefix_path.sh'
[0.535s] Level 1:colcon.colcon_core.environment:checking '/home/woonggook/ev_ws/install/usb_cam/lib'
[0.535s] Level 1:colcon.colcon_core.shell:create_environment_hook('usb_cam', 'ld_library_path_lib')
[0.535s] INFO:colcon.colcon_core.shell:Creating environment hook '/home/woonggook/ev_ws/install/usb_cam/share/usb_cam/hook/ld_library_path_lib.ps1'
[0.535s] INFO:colcon.colcon_core.shell:Creating environment descriptor '/home/woonggook/ev_ws/install/usb_cam/share/usb_cam/hook/ld_library_path_lib.dsv'
[0.536s] INFO:colcon.colcon_core.shell:Creating environment hook '/home/woonggook/ev_ws/install/usb_cam/share/usb_cam/hook/ld_library_path_lib.sh'
[0.536s] Level 1:colcon.colcon_core.environment:checking '/home/woonggook/ev_ws/install/usb_cam/bin'
[0.536s] Level 1:colcon.colcon_core.environment:checking '/home/woonggook/ev_ws/install/usb_cam/lib/pkgconfig/usb_cam.pc'
[0.536s] Level 1:colcon.colcon_core.environment:checking '/home/woonggook/ev_ws/install/usb_cam/lib/python3.10/site-packages'
[0.536s] Level 1:colcon.colcon_core.environment:checking '/home/woonggook/ev_ws/install/usb_cam/bin'
[0.536s] INFO:colcon.colcon_core.shell:Creating package script '/home/woonggook/ev_ws/install/usb_cam/share/usb_cam/package.ps1'
[0.537s] INFO:colcon.colcon_core.shell:Creating package descriptor '/home/woonggook/ev_ws/install/usb_cam/share/usb_cam/package.dsv'
[0.537s] INFO:colcon.colcon_core.shell:Creating package script '/home/woonggook/ev_ws/install/usb_cam/share/usb_cam/package.sh'
[0.537s] INFO:colcon.colcon_core.shell:Creating package script '/home/woonggook/ev_ws/install/usb_cam/share/usb_cam/package.bash'
[0.537s] INFO:colcon.colcon_core.shell:Creating package script '/home/woonggook/ev_ws/install/usb_cam/share/usb_cam/package.zsh'
[0.538s] Level 1:colcon.colcon_core.environment:create_file_with_runtime_dependencies(/home/woonggook/ev_ws/install/usb_cam/share/colcon-core/packages/usb_cam)
[0.638s] DEBUG:colcon.colcon_core.event_handler.log_command:Invoking command in '/home/woonggook/ev_ws/src/lane_seg': PYTHONPATH=/home/woonggook/ev_ws/build/lane_seg/prefix_override:/usr/lib/python3/dist-packages/colcon_core/task/python/colcon_distutils_commands:/home/woonggook/ev_ws/install/lane_seg/lib/python3.10/site-packages:${PYTHONPATH} /usr/bin/python3 -W ignore:setup.py install is deprecated -W ignore:easy_install command is deprecated setup.py egg_info --egg-base ../../build/lane_seg build --build-base /home/woonggook/ev_ws/build/lane_seg/build install --record /home/woonggook/ev_ws/build/lane_seg/install.log --single-version-externally-managed install_data
[0.840s] Level 1:colcon.colcon_core.environment:checking '/home/woonggook/ev_ws/install/lane_seg' for CMake module files
[0.840s] DEBUG:colcon.colcon_core.event_handler.log_command:Invoked command in '/home/woonggook/ev_ws/src/lane_seg' returned '0': PYTHONPATH=/home/woonggook/ev_ws/build/lane_seg/prefix_override:/usr/lib/python3/dist-packages/colcon_core/task/python/colcon_distutils_commands:/home/woonggook/ev_ws/install/lane_seg/lib/python3.10/site-packages:${PYTHONPATH} /usr/bin/python3 -W ignore:setup.py install is deprecated -W ignore:easy_install command is deprecated setup.py egg_info --egg-base ../../build/lane_seg build --build-base /home/woonggook/ev_ws/build/lane_seg/build install --record /home/woonggook/ev_ws/build/lane_seg/install.log --single-version-externally-managed install_data
[0.840s] Level 1:colcon.colcon_core.environment:checking '/home/woonggook/ev_ws/install/lane_seg' for CMake config files
[0.841s] Level 1:colcon.colcon_core.environment:checking '/home/woonggook/ev_ws/install/lane_seg/lib'
[0.841s] Level 1:colcon.colcon_core.environment:checking '/home/woonggook/ev_ws/install/lane_seg/bin'
[0.841s] Level 1:colcon.colcon_core.environment:checking '/home/woonggook/ev_ws/install/lane_seg/lib/pkgconfig/lane_seg.pc'
[0.841s] Level 1:colcon.colcon_core.environment:checking '/home/woonggook/ev_ws/install/lane_seg/lib/python3.10/site-packages'
[0.841s] Level 1:colcon.colcon_core.shell:create_environment_hook('lane_seg', 'pythonpath')
[0.842s] INFO:colcon.colcon_core.shell:Creating environment hook '/home/woonggook/ev_ws/install/lane_seg/share/lane_seg/hook/pythonpath.ps1'
[0.842s] INFO:colcon.colcon_core.shell:Creating environment descriptor '/home/woonggook/ev_ws/install/lane_seg/share/lane_seg/hook/pythonpath.dsv'
[0.843s] INFO:colcon.colcon_core.shell:Creating environment hook '/home/woonggook/ev_ws/install/lane_seg/share/lane_seg/hook/pythonpath.sh'
[0.843s] Level 1:colcon.colcon_core.environment:checking '/home/woonggook/ev_ws/install/lane_seg/bin'
[0.843s] Level 1:colcon.colcon_core.environment:create_environment_scripts_only(lane_seg)
[0.844s] INFO:colcon.colcon_core.shell:Creating package script '/home/woonggook/ev_ws/install/lane_seg/share/lane_seg/package.ps1'
[0.844s] INFO:colcon.colcon_core.shell:Creating package descriptor '/home/woonggook/ev_ws/install/lane_seg/share/lane_seg/package.dsv'
[0.845s] INFO:colcon.colcon_core.shell:Creating package script '/home/woonggook/ev_ws/install/lane_seg/share/lane_seg/package.sh'
[0.845s] INFO:colcon.colcon_core.shell:Creating package script '/home/woonggook/ev_ws/install/lane_seg/share/lane_seg/package.bash'
[0.845s] INFO:colcon.colcon_core.shell:Creating package script '/home/woonggook/ev_ws/install/lane_seg/share/lane_seg/package.zsh'
[0.846s] Level 1:colcon.colcon_core.environment:create_file_with_runtime_dependencies(/home/woonggook/ev_ws/install/lane_seg/share/colcon-core/packages/lane_seg)
[0.846s] DEBUG:colcon.colcon_parallel_executor.executor.parallel:closing loop
[0.846s] DEBUG:colcon.colcon_parallel_executor.executor.parallel:loop closed
[0.846s] DEBUG:colcon.colcon_parallel_executor.executor.parallel:run_until_complete finished with '0'
[0.846s] DEBUG:colcon.colcon_core.event_reactor:joining thread
[0.849s] INFO:colcon.colcon_core.plugin_system:Skipping extension 'colcon_notification.desktop_notification.terminal_notifier': Not used on non-Darwin systems
[0.849s] INFO:colcon.colcon_core.plugin_system:Skipping extension 'colcon_notification.desktop_notification.win32': Not used on non-Windows systems
[0.849s] INFO:colcon.colcon_notification.desktop_notification:Sending desktop notification using 'notify2'
[0.859s] DEBUG:colcon.colcon_core.event_reactor:joined thread
[0.860s] INFO:colcon.colcon_core.shell:Creating prefix script '/home/woonggook/ev_ws/install/local_setup.ps1'
[0.861s] INFO:colcon.colcon_core.shell:Creating prefix util module '/home/woonggook/ev_ws/install/_local_setup_util_ps1.py'
[0.862s] INFO:colcon.colcon_core.shell:Creating prefix chain script '/home/woonggook/ev_ws/install/setup.ps1'
[0.864s] INFO:colcon.colcon_core.shell:Creating prefix script '/home/woonggook/ev_ws/install/local_setup.sh'
[0.864s] INFO:colcon.colcon_core.shell:Creating prefix util module '/home/woonggook/ev_ws/install/_local_setup_util_sh.py'
[0.865s] INFO:colcon.colcon_core.shell:Creating prefix chain script '/home/woonggook/ev_ws/install/setup.sh'
[0.865s] INFO:colcon.colcon_core.shell:Creating prefix script '/home/woonggook/ev_ws/install/local_setup.bash'
[0.866s] INFO:colcon.colcon_core.shell:Creating prefix chain script '/home/woonggook/ev_ws/install/setup.bash'
[0.866s] INFO:colcon.colcon_core.shell:Creating prefix script '/home/woonggook/ev_ws/install/local_setup.zsh'
[0.866s] INFO:colcon.colcon_core.shell:Creating prefix chain script '/home/woonggook/ev_ws/install/setup.zsh'
