[ 10%] Building CXX object CMakeFiles/track_planning_postprocess.dir/src/postprocess/path_postprocessor.cpp.o
[ 30%] Built target local_planner_node_exe
[ 40%] Building CXX object CMakeFiles/track_planning_corridor.dir/src/corridor/corridor_builder.cpp.o
[ 50%] Building CXX object CMakeFiles/track_planning_corridor.dir/src/corridor/virtual_boundary.cpp.o
[ 60%] Linking CXX shared library libtrack_planning_postprocess.so
[ 60%] Built target track_planning_postprocess
[ 70%] Linking CXX shared library libtrack_planning_corridor.so
[ 80%] Built target track_planning_corridor
[ 90%] Building CXX object CMakeFiles/local_planner_component.dir/src/nodes/local_planner_node.cpp.o
[100%] Linking CXX shared library liblocal_planner_component.so
[100%] Built target local_planner_component
-- Install configuration: ""
-- Installing: /home/aiv/ev_ws/planning/install/track_planning/lib/libtrack_planning_corridor.so
-- Set runtime path of "/home/aiv/ev_ws/planning/install/track_planning/lib/libtrack_planning_corridor.so" to ""
-- Installing: /home/aiv/ev_ws/planning/install/track_planning/lib/libtrack_planning_postprocess.so
-- Set runtime path of "/home/aiv/ev_ws/planning/install/track_planning/lib/libtrack_planning_postprocess.so" to ""
-- Up-to-date: /home/aiv/ev_ws/planning/install/track_planning/lib/track_planning/local_planner_node_exe
-- Installing: /home/aiv/ev_ws/planning/install/track_planning/lib/liblocal_planner_component.so
-- Set runtime path of "/home/aiv/ev_ws/planning/install/track_planning/lib/liblocal_planner_component.so" to ""
-- Up-to-date: /home/aiv/ev_ws/planning/install/track_planning/include
-- Up-to-date: /home/aiv/ev_ws/planning/install/track_planning/include/track_planning
-- Up-to-date: /home/aiv/ev_ws/planning/install/track_planning/include/track_planning/corridor
-- Up-to-date: /home/aiv/ev_ws/planning/install/track_planning/include/track_planning/corridor/corridor_builder.hpp
-- Up-to-date: /home/aiv/ev_ws/planning/install/track_planning/include/track_planning/corridor/virtual_boundary.hpp
-- Up-to-date: /home/aiv/ev_ws/planning/install/track_planning/include/track_planning/corridor/centerline_builder.hpp
-- Up-to-date: /home/aiv/ev_ws/planning/install/track_planning/include/track_planning/common
-- Up-to-date: /home/aiv/ev_ws/planning/install/track_planning/include/track_planning/common/geometry.hpp
-- Up-to-date: /home/aiv/ev_ws/planning/install/track_planning/include/track_planning/common/types.hpp
-- Installing: /home/aiv/ev_ws/planning/install/track_planning/include/track_planning/common/params.hpp
-- Installing: /home/aiv/ev_ws/planning/install/track_planning/include/track_planning/common/debug_publish.hpp
-- Up-to-date: /home/aiv/ev_ws/planning/install/track_planning/include/track_planning/nodes
-- Installing: /home/aiv/ev_ws/planning/install/track_planning/include/track_planning/nodes/local_planner_node.hpp
-- Up-to-date: /home/aiv/ev_ws/planning/install/track_planning/include/track_planning/safety
-- Up-to-date: /home/aiv/ev_ws/planning/install/track_planning/include/track_planning/safety/safety_checker.hpp
-- Up-to-date: /home/aiv/ev_ws/planning/install/track_planning/include/track_planning/third_party
-- Up-to-date: /home/aiv/ev_ws/planning/install/track_planning/include/track_planning/third_party/CDT
-- Up-to-date: /home/aiv/ev_ws/planning/install/track_planning/include/track_planning/third_party/CDT/LICENSE
-- Up-to-date: /home/aiv/ev_ws/planning/install/track_planning/include/track_planning/third_party/CDT/CDT.hpp
-- Up-to-date: /home/aiv/ev_ws/planning/install/track_planning/include/track_planning/third_party/CDT/CDTUtils.hpp
-- Up-to-date: /home/aiv/ev_ws/planning/install/track_planning/include/track_planning/third_party/CDT/portable_nth_element.hpp
-- Up-to-date: /home/aiv/ev_ws/planning/install/track_planning/include/track_planning/third_party/CDT/Triangulation.h
-- Up-to-date: /home/aiv/ev_ws/planning/install/track_planning/include/track_planning/third_party/CDT/predicates.h
-- Up-to-date: /home/aiv/ev_ws/planning/install/track_planning/include/track_planning/third_party/CDT/LocatorKDTree.h
-- Up-to-date: /home/aiv/ev_ws/planning/install/track_planning/include/track_planning/third_party/CDT/remove_at.hpp
-- Up-to-date: /home/aiv/ev_ws/planning/install/track_planning/include/track_planning/third_party/CDT/Triangulation.hpp
-- Up-to-date: /home/aiv/ev_ws/planning/install/track_planning/include/track_planning/third_party/CDT/CDTUtils.h
-- Up-to-date: /home/aiv/ev_ws/planning/install/track_planning/include/track_planning/third_party/CDT/KDTree.h
-- Up-to-date: /home/aiv/ev_ws/planning/install/track_planning/include/track_planning/third_party/CDT/CDT.h
-- Up-to-date: /home/aiv/ev_ws/planning/install/track_planning/include/track_planning/postprocess
-- Installing: /home/aiv/ev_ws/planning/install/track_planning/include/track_planning/postprocess/path_postprocessor.hpp
-- Up-to-date: /home/aiv/ev_ws/planning/install/track_planning/share/track_planning/config
-- Installing: /home/aiv/ev_ws/planning/install/track_planning/share/track_planning/config/planning.yaml
-- Up-to-date: /home/aiv/ev_ws/planning/install/track_planning/share/track_planning/launch
-- Up-to-date: /home/aiv/ev_ws/planning/install/track_planning/share/track_planning/launch/planning.launch.py
-- Up-to-date: /home/aiv/ev_ws/planning/install/track_planning/share/ament_index/resource_index/package_run_dependencies/track_planning
-- Up-to-date: /home/aiv/ev_ws/planning/install/track_planning/share/ament_index/resource_index/parent_prefix_path/track_planning
-- Up-to-date: /home/aiv/ev_ws/planning/install/track_planning/share/track_planning/environment/ament_prefix_path.sh
-- Up-to-date: /home/aiv/ev_ws/planning/install/track_planning/share/track_planning/environment/ament_prefix_path.dsv
-- Up-to-date: /home/aiv/ev_ws/planning/install/track_planning/share/track_planning/environment/path.sh
-- Up-to-date: /home/aiv/ev_ws/planning/install/track_planning/share/track_planning/environment/path.dsv
-- Up-to-date: /home/aiv/ev_ws/planning/install/track_planning/share/track_planning/local_setup.bash
-- Up-to-date: /home/aiv/ev_ws/planning/install/track_planning/share/track_planning/local_setup.sh
-- Up-to-date: /home/aiv/ev_ws/planning/install/track_planning/share/track_planning/local_setup.zsh
-- Up-to-date: /home/aiv/ev_ws/planning/install/track_planning/share/track_planning/local_setup.dsv
-- Installing: /home/aiv/ev_ws/planning/install/track_planning/share/track_planning/package.dsv
-- Up-to-date: /home/aiv/ev_ws/planning/install/track_planning/share/ament_index/resource_index/packages/track_planning
-- Up-to-date: /home/aiv/ev_ws/planning/install/track_planning/share/ament_index/resource_index/rclcpp_components/track_planning
-- Up-to-date: /home/aiv/ev_ws/planning/install/track_planning/share/track_planning/cmake/track_planningConfig.cmake
-- Up-to-date: /home/aiv/ev_ws/planning/install/track_planning/share/track_planning/cmake/track_planningConfig-version.cmake
-- Up-to-date: /home/aiv/ev_ws/planning/install/track_planning/share/track_planning/package.xml
