[0.009s] Invoking command in '/home/aiv/ev_ws/planning/build/track_planning': AMENT_PREFIX_PATH=/home/aiv/ev_ws/planning/install/track_msgs:${AMENT_PREFIX_PATH} CMAKE_PREFIX_PATH=/home/aiv/ev_ws/planning/install/track_msgs:/home/aiv/ev_ws/carsa_gazebo/install/carsa_gazebo:/home/aiv/ev_ws/erp42_ros/install/erp42_serial:/home/aiv/ev_ws/erp42_ros/install/erp42_rqt_plugin:/home/aiv/ev_ws/erp42_ros/install/erp42_gazebo:/home/aiv/ev_ws/erp42_ros/install/erp42_util:/home/aiv/ev_ws/erp42_ros/install/erp42_msgs:/home/aiv/ev_ws/erp42_ros/install/erp42_description:/home/aiv/ev_ws/erp42_ros/install/erp42_cmake:/home/aiv/ev_ws/perception/install/velodyne:/home/aiv/ev_ws/perception/install/lidar_launch:/home/aiv/ev_ws/perception/install/velodyne_pointcloud:/home/aiv/ev_ws/perception/install/velodyne_driver:/home/aiv/ev_ws/perception/install/velodyne_msgs:/home/aiv/ev_ws/perception/install/velodyne_laserscan:/home/aiv/ev_ws/perception/install/velodyne_cropbox:/home/aiv/ev_ws/perception/install/patchworkpp:/home/aiv/ev_ws/perception/install/lidar_voxel_grid:/home/aiv/ev_ws/perception/install/lidar_interfaces:/home/aiv/ev_ws/perception/install/dbscan_clustering:/home/aiv/ev_ws/perception/install/cluster_splitter:/opt/ros/humble LD_LIBRARY_PATH=/home/aiv/ev_ws/planning/install/track_msgs/lib:${LD_LIBRARY_PATH} PYTHONPATH=/home/aiv/ev_ws/planning/install/track_msgs/local/lib/python3.10/dist-packages:${PYTHONPATH} /usr/bin/cmake --build /home/aiv/ev_ws/planning/build/track_planning -- -j28 -l28
[0.048s] [ 20%] Built target track_planning_postprocess
[0.050s] [ 40%] Built target local_planner_node_exe
[0.052s] [ 80%] Built target track_planning_corridor
[0.062s] Consolidate compiler generated dependencies of target local_planner_component
[0.071s] [ 90%] Building CXX object CMakeFiles/local_planner_component.dir/src/nodes/local_planner_node.cpp.o
[0.175s] In file included from /home/aiv/ev_ws/planning/src/track_planning/src/nodes/local_planner_node.cpp:14:
[0.175s] /home/aiv/ev_ws/planning/src/track_planning/include/track_planning/common/debug_publish.hpp:6:19: warning: "/*" within comment [-Wcomment]
[0.175s]     6 |  * /planning/debug/* 토픽으로 발행할 수 있게 해주는 헬퍼 함수들.
[0.175s]       |                    
[9.643s] [100%] Linking CXX shared library liblocal_planner_component.so
[10.246s] [100%] Built target local_planner_component
[10.255s] Invoked command in '/home/aiv/ev_ws/planning/build/track_planning' returned '0': AMENT_PREFIX_PATH=/home/aiv/ev_ws/planning/install/track_msgs:${AMENT_PREFIX_PATH} CMAKE_PREFIX_PATH=/home/aiv/ev_ws/planning/install/track_msgs:/home/aiv/ev_ws/carsa_gazebo/install/carsa_gazebo:/home/aiv/ev_ws/erp42_ros/install/erp42_serial:/home/aiv/ev_ws/erp42_ros/install/erp42_rqt_plugin:/home/aiv/ev_ws/erp42_ros/install/erp42_gazebo:/home/aiv/ev_ws/erp42_ros/install/erp42_util:/home/aiv/ev_ws/erp42_ros/install/erp42_msgs:/home/aiv/ev_ws/erp42_ros/install/erp42_description:/home/aiv/ev_ws/erp42_ros/install/erp42_cmake:/home/aiv/ev_ws/perception/install/velodyne:/home/aiv/ev_ws/perception/install/lidar_launch:/home/aiv/ev_ws/perception/install/velodyne_pointcloud:/home/aiv/ev_ws/perception/install/velodyne_driver:/home/aiv/ev_ws/perception/install/velodyne_msgs:/home/aiv/ev_ws/perception/install/velodyne_laserscan:/home/aiv/ev_ws/perception/install/velodyne_cropbox:/home/aiv/ev_ws/perception/install/patchworkpp:/home/aiv/ev_ws/perception/install/lidar_voxel_grid:/home/aiv/ev_ws/perception/install/lidar_interfaces:/home/aiv/ev_ws/perception/install/dbscan_clustering:/home/aiv/ev_ws/perception/install/cluster_splitter:/opt/ros/humble LD_LIBRARY_PATH=/home/aiv/ev_ws/planning/install/track_msgs/lib:${LD_LIBRARY_PATH} PYTHONPATH=/home/aiv/ev_ws/planning/install/track_msgs/local/lib/python3.10/dist-packages:${PYTHONPATH} /usr/bin/cmake --build /home/aiv/ev_ws/planning/build/track_planning -- -j28 -l28
[10.261s] Invoking command in '/home/aiv/ev_ws/planning/build/track_planning': AMENT_PREFIX_PATH=/home/aiv/ev_ws/planning/install/track_msgs:${AMENT_PREFIX_PATH} CMAKE_PREFIX_PATH=/home/aiv/ev_ws/planning/install/track_msgs:/home/aiv/ev_ws/carsa_gazebo/install/carsa_gazebo:/home/aiv/ev_ws/erp42_ros/install/erp42_serial:/home/aiv/ev_ws/erp42_ros/install/erp42_rqt_plugin:/home/aiv/ev_ws/erp42_ros/install/erp42_gazebo:/home/aiv/ev_ws/erp42_ros/install/erp42_util:/home/aiv/ev_ws/erp42_ros/install/erp42_msgs:/home/aiv/ev_ws/erp42_ros/install/erp42_description:/home/aiv/ev_ws/erp42_ros/install/erp42_cmake:/home/aiv/ev_ws/perception/install/velodyne:/home/aiv/ev_ws/perception/install/lidar_launch:/home/aiv/ev_ws/perception/install/velodyne_pointcloud:/home/aiv/ev_ws/perception/install/velodyne_driver:/home/aiv/ev_ws/perception/install/velodyne_msgs:/home/aiv/ev_ws/perception/install/velodyne_laserscan:/home/aiv/ev_ws/perception/install/velodyne_cropbox:/home/aiv/ev_ws/perception/install/patchworkpp:/home/aiv/ev_ws/perception/install/lidar_voxel_grid:/home/aiv/ev_ws/perception/install/lidar_interfaces:/home/aiv/ev_ws/perception/install/dbscan_clustering:/home/aiv/ev_ws/perception/install/cluster_splitter:/opt/ros/humble LD_LIBRARY_PATH=/home/aiv/ev_ws/planning/install/track_msgs/lib:${LD_LIBRARY_PATH} PYTHONPATH=/home/aiv/ev_ws/planning/install/track_msgs/local/lib/python3.10/dist-packages:${PYTHONPATH} /usr/bin/cmake --install /home/aiv/ev_ws/planning/build/track_planning
[10.267s] -- Install configuration: ""
[10.267s] -- Up-to-date: /home/aiv/ev_ws/planning/install/track_planning/lib/libtrack_planning_corridor.so
[10.267s] -- Up-to-date: /home/aiv/ev_ws/planning/install/track_planning/lib/libtrack_planning_postprocess.so
[10.267s] -- Up-to-date: /home/aiv/ev_ws/planning/install/track_planning/lib/track_planning/local_planner_node_exe
[10.267s] -- Installing: /home/aiv/ev_ws/planning/install/track_planning/lib/liblocal_planner_component.so
[10.278s] -- Set runtime path of "/home/aiv/ev_ws/planning/install/track_planning/lib/liblocal_planner_component.so" to ""
[10.278s] -- Up-to-date: /home/aiv/ev_ws/planning/install/track_planning/include
[10.278s] -- Up-to-date: /home/aiv/ev_ws/planning/install/track_planning/include/track_planning
[10.278s] -- Up-to-date: /home/aiv/ev_ws/planning/install/track_planning/include/track_planning/corridor
[10.278s] -- Up-to-date: /home/aiv/ev_ws/planning/install/track_planning/include/track_planning/corridor/corridor_builder.hpp
[10.279s] -- Up-to-date: /home/aiv/ev_ws/planning/install/track_planning/include/track_planning/corridor/virtual_boundary.hpp
[10.279s] -- Up-to-date: /home/aiv/ev_ws/planning/install/track_planning/include/track_planning/corridor/centerline_builder.hpp
[10.279s] -- Up-to-date: /home/aiv/ev_ws/planning/install/track_planning/include/track_planning/costmap
[10.279s] -- Up-to-date: /home/aiv/ev_ws/planning/install/track_planning/include/track_planning/costmap/costmap_validation_builder.hpp
[10.279s] -- Up-to-date: /home/aiv/ev_ws/planning/install/track_planning/include/track_planning/costmap/inflation.hpp
[10.279s] -- Up-to-date: /home/aiv/ev_ws/planning/install/track_planning/include/track_planning/costmap/connected_component.hpp
[10.279s] -- Up-to-date: /home/aiv/ev_ws/planning/install/track_planning/include/track_planning/costmap/drivable_mask_scanline.hpp
[10.279s] -- Up-to-date: /home/aiv/ev_ws/planning/install/track_planning/include/track_planning/common
[10.279s] -- Up-to-date: /home/aiv/ev_ws/planning/install/track_planning/include/track_planning/common/geometry.hpp
[10.279s] -- Up-to-date: /home/aiv/ev_ws/planning/install/track_planning/include/track_planning/common/types.hpp
[10.279s] -- Up-to-date: /home/aiv/ev_ws/planning/install/track_planning/include/track_planning/common/params.hpp
[10.279s] -- Up-to-date: /home/aiv/ev_ws/planning/install/track_planning/include/track_planning/common/debug_publish.hpp
[10.279s] -- Up-to-date: /home/aiv/ev_ws/planning/install/track_planning/include/track_planning/planner
[10.279s] -- Up-to-date: /home/aiv/ev_ws/planning/install/track_planning/include/track_planning/planner/astar_planner.hpp
[10.279s] -- Up-to-date: /home/aiv/ev_ws/planning/install/track_planning/include/track_planning/planner/mode_selector.hpp
[10.279s] -- Up-to-date: /home/aiv/ev_ws/planning/install/track_planning/include/track_planning/goal
[10.279s] -- Up-to-date: /home/aiv/ev_ws/planning/install/track_planning/include/track_planning/goal/goal_selector.hpp
[10.279s] -- Up-to-date: /home/aiv/ev_ws/planning/install/track_planning/include/track_planning/nodes
[10.279s] -- Up-to-date: /home/aiv/ev_ws/planning/install/track_planning/include/track_planning/nodes/local_planner_node.hpp
[10.279s] -- Up-to-date: /home/aiv/ev_ws/planning/install/track_planning/include/track_planning/safety
[10.279s] -- Up-to-date: /home/aiv/ev_ws/planning/install/track_planning/include/track_planning/safety/safety_checker.hpp
[10.279s] -- Up-to-date: /home/aiv/ev_ws/planning/install/track_planning/include/track_planning/third_party
[10.279s] -- Up-to-date: /home/aiv/ev_ws/planning/install/track_planning/include/track_planning/third_party/CDT
[10.279s] -- Up-to-date: /home/aiv/ev_ws/planning/install/track_planning/include/track_planning/third_party/CDT/LICENSE
[10.279s] -- Up-to-date: /home/aiv/ev_ws/planning/install/track_planning/include/track_planning/third_party/CDT/CDT.hpp
[10.279s] -- Up-to-date: /home/aiv/ev_ws/planning/install/track_planning/include/track_planning/third_party/CDT/CDTUtils.hpp
[10.279s] -- Up-to-date: /home/aiv/ev_ws/planning/install/track_planning/include/track_planning/third_party/CDT/portable_nth_element.hpp
[10.279s] -- Up-to-date: /home/aiv/ev_ws/planning/install/track_planning/include/track_planning/third_party/CDT/Triangulation.h
[10.279s] -- Up-to-date: /home/aiv/ev_ws/planning/install/track_planning/include/track_planning/third_party/CDT/predicates.h
[10.279s] -- Up-to-date: /home/aiv/ev_ws/planning/install/track_planning/include/track_planning/third_party/CDT/LocatorKDTree.h
[10.279s] -- Up-to-date: /home/aiv/ev_ws/planning/install/track_planning/include/track_planning/third_party/CDT/remove_at.hpp
[10.279s] -- Up-to-date: /home/aiv/ev_ws/planning/install/track_planning/include/track_planning/third_party/CDT/Triangulation.hpp
[10.279s] -- Up-to-date: /home/aiv/ev_ws/planning/install/track_planning/include/track_planning/third_party/CDT/CDTUtils.h
[10.279s] -- Up-to-date: /home/aiv/ev_ws/planning/install/track_planning/include/track_planning/third_party/CDT/KDTree.h
[10.279s] -- Up-to-date: /home/aiv/ev_ws/planning/install/track_planning/include/track_planning/third_party/CDT/CDT.h
[10.279s] -- Up-to-date: /home/aiv/ev_ws/planning/install/track_planning/include/track_planning/postprocess
[10.279s] -- Up-to-date: /home/aiv/ev_ws/planning/install/track_planning/include/track_planning/postprocess/path_postprocessor.hpp
[10.279s] -- Up-to-date: /home/aiv/ev_ws/planning/install/track_planning/share/track_planning/config
[10.279s] -- Up-to-date: /home/aiv/ev_ws/planning/install/track_planning/share/track_planning/config/planning.yaml
[10.279s] -- Up-to-date: /home/aiv/ev_ws/planning/install/track_planning/share/track_planning/launch
[10.280s] -- Up-to-date: /home/aiv/ev_ws/planning/install/track_planning/share/track_planning/launch/planning.launch.py
[10.280s] -- Up-to-date: /home/aiv/ev_ws/planning/install/track_planning/share/ament_index/resource_index/package_run_dependencies/track_planning
[10.280s] -- Up-to-date: /home/aiv/ev_ws/planning/install/track_planning/share/ament_index/resource_index/parent_prefix_path/track_planning
[10.280s] -- Up-to-date: /home/aiv/ev_ws/planning/install/track_planning/share/track_planning/environment/ament_prefix_path.sh
[10.280s] -- Up-to-date: /home/aiv/ev_ws/planning/install/track_planning/share/track_planning/environment/ament_prefix_path.dsv
[10.280s] -- Up-to-date: /home/aiv/ev_ws/planning/install/track_planning/share/track_planning/environment/path.sh
[10.280s] -- Up-to-date: /home/aiv/ev_ws/planning/install/track_planning/share/track_planning/environment/path.dsv
[10.280s] -- Up-to-date: /home/aiv/ev_ws/planning/install/track_planning/share/track_planning/local_setup.bash
[10.280s] -- Up-to-date: /home/aiv/ev_ws/planning/install/track_planning/share/track_planning/local_setup.sh
[10.280s] -- Up-to-date: /home/aiv/ev_ws/planning/install/track_planning/share/track_planning/local_setup.zsh
[10.280s] -- Up-to-date: /home/aiv/ev_ws/planning/install/track_planning/share/track_planning/local_setup.dsv
[10.280s] -- Installing: /home/aiv/ev_ws/planning/install/track_planning/share/track_planning/package.dsv
[10.280s] -- Up-to-date: /home/aiv/ev_ws/planning/install/track_planning/share/ament_index/resource_index/packages/track_planning
[10.280s] -- Up-to-date: /home/aiv/ev_ws/planning/install/track_planning/share/ament_index/resource_index/rclcpp_components/track_planning
[10.280s] -- Up-to-date: /home/aiv/ev_ws/planning/install/track_planning/share/track_planning/cmake/track_planningConfig.cmake
[10.280s] -- Up-to-date: /home/aiv/ev_ws/planning/install/track_planning/share/track_planning/cmake/track_planningConfig-version.cmake
[10.280s] -- Up-to-date: /home/aiv/ev_ws/planning/install/track_planning/share/track_planning/package.xml
[10.280s] Invoked command in '/home/aiv/ev_ws/planning/build/track_planning' returned '0': AMENT_PREFIX_PATH=/home/aiv/ev_ws/planning/install/track_msgs:${AMENT_PREFIX_PATH} CMAKE_PREFIX_PATH=/home/aiv/ev_ws/planning/install/track_msgs:/home/aiv/ev_ws/carsa_gazebo/install/carsa_gazebo:/home/aiv/ev_ws/erp42_ros/install/erp42_serial:/home/aiv/ev_ws/erp42_ros/install/erp42_rqt_plugin:/home/aiv/ev_ws/erp42_ros/install/erp42_gazebo:/home/aiv/ev_ws/erp42_ros/install/erp42_util:/home/aiv/ev_ws/erp42_ros/install/erp42_msgs:/home/aiv/ev_ws/erp42_ros/install/erp42_description:/home/aiv/ev_ws/erp42_ros/install/erp42_cmake:/home/aiv/ev_ws/perception/install/velodyne:/home/aiv/ev_ws/perception/install/lidar_launch:/home/aiv/ev_ws/perception/install/velodyne_pointcloud:/home/aiv/ev_ws/perception/install/velodyne_driver:/home/aiv/ev_ws/perception/install/velodyne_msgs:/home/aiv/ev_ws/perception/install/velodyne_laserscan:/home/aiv/ev_ws/perception/install/velodyne_cropbox:/home/aiv/ev_ws/perception/install/patchworkpp:/home/aiv/ev_ws/perception/install/lidar_voxel_grid:/home/aiv/ev_ws/perception/install/lidar_interfaces:/home/aiv/ev_ws/perception/install/dbscan_clustering:/home/aiv/ev_ws/perception/install/cluster_splitter:/opt/ros/humble LD_LIBRARY_PATH=/home/aiv/ev_ws/planning/install/track_msgs/lib:${LD_LIBRARY_PATH} PYTHONPATH=/home/aiv/ev_ws/planning/install/track_msgs/local/lib/python3.10/dist-packages:${PYTHONPATH} /usr/bin/cmake --install /home/aiv/ev_ws/planning/build/track_planning
