[0.000000] (-) TimerEvent: {}
[0.000164] (track_msgs) JobQueued: {'identifier': 'track_msgs', 'dependencies': OrderedDict()}
[0.000180] (planning_mr_ver) JobQueued: {'identifier': 'planning_mr_ver', 'dependencies': OrderedDict([('track_msgs', '/home/aiv/ev_ws/planning/install/track_msgs')])}
[0.000306] (track_msgs) JobStarted: {'identifier': 'track_msgs'}
[0.006328] (track_msgs) JobProgress: {'identifier': 'track_msgs', 'progress': 'cmake'}
[0.006831] (track_msgs) JobProgress: {'identifier': 'track_msgs', 'progress': 'build'}
[0.007144] (track_msgs) Command: {'cmd': ['/usr/bin/cmake', '--build', '/home/aiv/ev_ws/planning/build/track_msgs', '--', '-j28', '-l28'], 'cwd': '/home/aiv/ev_ws/planning/build/track_msgs', 'env': OrderedDict([('GJS_DEBUG_TOPICS', 'JS ERROR;JS LOG'), ('USER', 'aiv'), ('LC_TIME', 'ko_KR.UTF-8'), ('XDG_SESSION_TYPE', 'x11'), ('SHLVL', '1'), ('LD_LIBRARY_PATH', '/usr/local/cuda-12.6/lib64:/home/aiv/ev_ws/ev_msgs/install/ev_msgs/lib:/home/aiv/ev_ws/perception/install/make_cylinder/lib:/usr/local/cuda-12.6/lib64:/usr/local/cuda-12.6/lib64:/home/aiv/ev_ws/planning/install/planning_mr_ver/lib:/home/aiv/ev_ws/planning/install/track_msgs/lib:/usr/local/cuda-12.6/lib64:/home/aiv/ev_ws/erp42_ros/install/erp42_serial/lib:/home/aiv/ev_ws/erp42_ros/install/erp42_rqt_plugin/lib:/home/aiv/ev_ws/erp42_ros/install/erp42_gazebo/lib:/home/aiv/ev_ws/erp42_ros/install/erp42_util/lib:/home/aiv/ev_ws/erp42_ros/install/erp42_msgs/lib:/home/aiv/ev_ws/perception/install/velodyne_pointcloud/lib:/home/aiv/ev_ws/perception/install/velodyne_driver/lib:/home/aiv/ev_ws/perception/install/velodyne_msgs/lib:/home/aiv/ev_ws/perception/install/velodyne_laserscan/lib:/home/aiv/ev_ws/perception/install/velodyne_cropbox/lib:/home/aiv/ev_ws/perception/install/patchworkpp/lib:/home/aiv/ev_ws/perception/install/lidar_voxel_grid/lib:/home/aiv/ev_ws/perception/install/lidar_interfaces/lib:/home/aiv/ev_ws/perception/install/dbscan_clustering/lib:/home/aiv/ev_ws/perception/install/cluster_splitter/lib:/usr/lib/x86_64-linux-gnu/gazebo-11/plugins:/opt/ros/humble/opt/rviz_ogre_vendor/lib:/opt/ros/humble/lib/x86_64-linux-gnu:/opt/ros/humble/lib:/usr/local/cuda-12.6/lib64'), ('HOME', '/home/aiv'), ('OLDPWD', '/home/aiv/ev_ws'), ('DESKTOP_SESSION', 'ubuntu'), ('NVM_BIN', '/home/aiv/.nvm/versions/node/v24.13.1/bin'), ('NVM_INC', '/home/aiv/.nvm/versions/node/v24.13.1/include/node'), ('GIO_LAUNCHED_DESKTOP_FILE', '/usr/share/applications/terminator.desktop'), ('ROS_PYTHON_VERSION', '3'), ('GNOME_SHELL_SESSION_MODE', 'ubuntu'), ('GTK_MODULES', 'gail:atk-bridge'), ('LC_MONETARY', 'ko_KR.UTF-8'), ('MANAGERPID', '1839'), ('SYSTEMD_EXEC_PID', '2596'), ('DBUS_SESSION_BUS_ADDRESS', 'unix:path=/run/user/1000/bus'), ('COLORTERM', 'truecolor'), ('TERMINATOR_DBUS_NAME', 'net.tenshu.Terminator23558193cd9818af7fe4d2c2f5bd9d00f'), ('GIO_LAUNCHED_DESKTOP_FILE_PID', '6376'), ('NVM_DIR', '/home/aiv/.nvm'), ('COLCON_PREFIX_PATH', '/home/aiv/ev_ws/planning/install:/home/aiv/ev_ws/perception/install:/home/aiv/ev_ws/ev_msgs/install:/home/aiv/ev_ws/carsa_gazebo/install:/home/aiv/ev_ws/erp42_ros/install'), ('ROS_DISTRO', 'humble'), ('GTK_IM_MODULE', 'ibus'), ('LOGNAME', 'aiv'), ('JOURNAL_STREAM', '8:14626'), ('_', '/usr/bin/colcon'), ('ROS_VERSION', '2'), ('XDG_SESSION_CLASS', 'user'), ('USERNAME', 'aiv'), ('TERM', 'xterm-256color'), ('GNOME_DESKTOP_SESSION_ID', 'this-is-deprecated'), ('ROS_LOCALHOST_ONLY', '0'), ('WINDOWPATH', '2'), ('PATH', '/usr/local/cuda-12.6/bin:/usr/local/cuda-12.6/bin:/usr/local/cuda-12.6/bin:/usr/local/cuda-12.6/bin:/home/aiv/.local/bin:/opt/ros/humble/bin:/home/aiv/.nvm/versions/node/v24.13.1/bin:/usr/local/cuda-12.6/bin:/usr/local/sbin:/usr/local/bin:/usr/sbin:/usr/bin:/sbin:/bin:/usr/games:/usr/local/games:/snap/bin:/snap/bin'), ('SESSION_MANAGER', 'local/aiv:@/tmp/.ICE-unix/2567,unix/aiv:/tmp/.ICE-unix/2567'), ('INVOCATION_ID', '0568b3f95aa24871a61c02a9dcac9b80'), ('XDG_MENU_PREFIX', 'gnome-'), ('LC_ADDRESS', 'ko_KR.UTF-8'), ('XDG_RUNTIME_DIR', '/run/user/1000'), ('DISPLAY', ':1'), ('TERMINATOR_DBUS_PATH', '/net/tenshu/Terminator2'), ('LANG', 'en_US.UTF-8'), ('XDG_CURRENT_DESKTOP', 'ubuntu:GNOME'), ('IBUS_DISABLE_SNOOPER', '1'), ('LC_TELEPHONE', 'ko_KR.UTF-8'), ('XMODIFIERS', '@im=ibus'), ('XDG_SESSION_DESKTOP', 'ubuntu'), ('XAUTHORITY', '/run/user/1000/gdm/Xauthority'), ('SSH_AGENT_LAUNCHER', 'gnome-keyring'), ('SSH_AUTH_SOCK', '/run/user/1000/keyring/ssh'), ('AMENT_PREFIX_PATH', '/home/aiv/ev_ws/ev_msgs/install/ev_msgs:/home/aiv/ev_ws/perception/install/make_cylinder:/home/aiv/ev_ws/planning/install/planning_mr_ver:/home/aiv/ev_ws/planning/install/track_msgs:/home/aiv/ev_ws/carsa_gazebo/install/carsa_gazebo:/home/aiv/ev_ws/erp42_ros/install/erp42_serial:/home/aiv/ev_ws/erp42_ros/install/erp42_rqt_plugin:/home/aiv/ev_ws/erp42_ros/install/erp42_gazebo:/home/aiv/ev_ws/erp42_ros/install/erp42_util:/home/aiv/ev_ws/erp42_ros/install/erp42_msgs:/home/aiv/ev_ws/erp42_ros/install/erp42_description:/home/aiv/ev_ws/erp42_ros/install/erp42_cmake:/home/aiv/ev_ws/perception/install/velodyne:/home/aiv/ev_ws/perception/install/lidar_launch:/home/aiv/ev_ws/perception/install/velodyne_pointcloud:/home/aiv/ev_ws/perception/install/velodyne_driver:/home/aiv/ev_ws/perception/install/velodyne_msgs:/home/aiv/ev_ws/perception/install/velodyne_laserscan:/home/aiv/ev_ws/perception/install/velodyne_cropbox:/home/aiv/ev_ws/perception/install/patchworkpp:/home/aiv/ev_ws/perception/install/lidar_voxel_grid:/home/aiv/ev_ws/perception/install/lidar_interfaces:/home/aiv/ev_ws/perception/install/dbscan_clustering:/home/aiv/ev_ws/perception/install/cluster_splitter:/opt/ros/humble'), ('SHELL', '/bin/bash'), ('LC_NAME', 'ko_KR.UTF-8'), ('TERMINATOR_UUID', 'urn:uuid:b9c2d4ac-81c7-439c-870c-61cfe5ca8ac1'), ('QT_ACCESSIBILITY', '1'), ('GDMSESSION', 'ubuntu'), ('LC_MEASUREMENT', 'ko_KR.UTF-8'), ('GPG_AGENT_INFO', '/run/user/1000/gnupg/S.gpg-agent:0:1'), ('GJS_DEBUG_OUTPUT', 'stderr'), ('LC_IDENTIFICATION', 'ko_KR.UTF-8'), ('QT_IM_MODULE', 'ibus'), ('PWD', '/home/aiv/ev_ws/planning/build/track_msgs'), ('LC_ALL', 'en_US.UTF-8'), ('XDG_CONFIG_DIRS', '/etc/xdg/xdg-ubuntu:/etc/xdg'), ('NVM_CD_FLAGS', ''), ('XDG_DATA_DIRS', '/usr/share/ubuntu:/usr/share/gnome:/usr/local/share/:/usr/share/:/var/lib/snapd/desktop'), ('PYTHONPATH', '/home/aiv/ev_ws/ev_msgs/install/ev_msgs/local/lib/python3.10/dist-packages:/home/aiv/ev_ws/planning/install/track_msgs/local/lib/python3.10/dist-packages:/home/aiv/ev_ws/erp42_ros/install/erp42_msgs/local/lib/python3.10/dist-packages:/home/aiv/ev_ws/perception/install/velodyne_msgs/local/lib/python3.10/dist-packages:/home/aiv/ev_ws/perception/install/lidar_interfaces/local/lib/python3.10/dist-packages:/opt/ros/humble/lib/python3.10/site-packages:/opt/ros/humble/local/lib/python3.10/dist-packages'), ('LC_NUMERIC', 'ko_KR.UTF-8'), ('LC_PAPER', 'ko_KR.UTF-8'), ('COLCON', '1'), ('VTE_VERSION', '6800'), ('EDITOR', 'code --wait'), ('CMAKE_PREFIX_PATH', '/home/aiv/ev_ws/ev_msgs/install/ev_msgs:/home/aiv/ev_ws/perception/install/make_cylinder:/home/aiv/ev_ws/planning/install/planning_mr_ver:/home/aiv/ev_ws/planning/install/track_msgs:/home/aiv/ev_ws/carsa_gazebo/install/carsa_gazebo:/home/aiv/ev_ws/erp42_ros/install/erp42_serial:/home/aiv/ev_ws/erp42_ros/install/erp42_rqt_plugin:/home/aiv/ev_ws/erp42_ros/install/erp42_gazebo:/home/aiv/ev_ws/erp42_ros/install/erp42_util:/home/aiv/ev_ws/erp42_ros/install/erp42_msgs:/home/aiv/ev_ws/erp42_ros/install/erp42_description:/home/aiv/ev_ws/erp42_ros/install/erp42_cmake:/home/aiv/ev_ws/perception/install/velodyne:/home/aiv/ev_ws/perception/install/lidar_launch:/home/aiv/ev_ws/perception/install/velodyne_pointcloud:/home/aiv/ev_ws/perception/install/velodyne_driver:/home/aiv/ev_ws/perception/install/velodyne_msgs:/home/aiv/ev_ws/perception/install/velodyne_laserscan:/home/aiv/ev_ws/perception/install/velodyne_cropbox:/home/aiv/ev_ws/perception/install/patchworkpp:/home/aiv/ev_ws/perception/install/lidar_voxel_grid:/home/aiv/ev_ws/perception/install/lidar_interfaces:/home/aiv/ev_ws/perception/install/dbscan_clustering:/home/aiv/ev_ws/perception/install/cluster_splitter:/opt/ros/humble')]), 'shell': False}
[0.045049] (track_msgs) StdoutLine: {'line': b'[  1%] Built target track_msgs__cpp\n'}
[0.046395] (track_msgs) StdoutLine: {'line': b'[ 12%] Built target track_msgs__rosidl_generator_c\n'}
[0.052825] (track_msgs) StdoutLine: {'line': b'[ 12%] Built target ament_cmake_python_symlink_track_msgs\n'}
[0.059855] (track_msgs) StdoutLine: {'line': b'[ 23%] Built target track_msgs__rosidl_typesupport_c\n'}
[0.061638] (track_msgs) StdoutLine: {'line': b'[ 34%] Built target track_msgs__rosidl_typesupport_fastrtps_cpp\n'}
[0.063899] (track_msgs) StdoutLine: {'line': b'[ 45%] Built target track_msgs__rosidl_typesupport_introspection_cpp\n'}
[0.065075] (track_msgs) StdoutLine: {'line': b'[ 63%] Built target track_msgs__rosidl_typesupport_introspection_c\n'}
[0.065173] (track_msgs) StdoutLine: {'line': b'[ 67%] Built target track_msgs__rosidl_typesupport_cpp\n'}
[0.065793] (track_msgs) StdoutLine: {'line': b'[ 78%] Built target track_msgs__rosidl_typesupport_fastrtps_c\n'}
[0.081041] (track_msgs) StdoutLine: {'line': b'[ 78%] Built target track_msgs\n'}
[0.095668] (track_msgs) StdoutLine: {'line': b'[ 80%] Built target track_msgs__py\n'}
[0.099869] (-) TimerEvent: {}
[0.111450] (track_msgs) StdoutLine: {'line': b'[ 89%] Built target track_msgs__rosidl_generator_py\n'}
[0.130275] (track_msgs) StdoutLine: {'line': b'[ 92%] Built target track_msgs__rosidl_typesupport_c__pyext\n'}
[0.130617] (track_msgs) StdoutLine: {'line': b'[100%] Built target track_msgs__rosidl_typesupport_fastrtps_c__pyext\n'}
[0.130705] (track_msgs) StdoutLine: {'line': b'[100%] Built target track_msgs__rosidl_typesupport_introspection_c__pyext\n'}
[0.195006] (track_msgs) StdoutLine: {'line': b'running egg_info\n'}
[0.195310] (track_msgs) StdoutLine: {'line': b'writing track_msgs.egg-info/PKG-INFO\n'}
[0.195435] (track_msgs) StdoutLine: {'line': b'writing dependency_links to track_msgs.egg-info/dependency_links.txt\n'}
[0.195504] (track_msgs) StdoutLine: {'line': b'writing top-level names to track_msgs.egg-info/top_level.txt\n'}
[0.196938] (track_msgs) StdoutLine: {'line': b"reading manifest file 'track_msgs.egg-info/SOURCES.txt'\n"}
[0.197229] (track_msgs) StdoutLine: {'line': b"writing manifest file 'track_msgs.egg-info/SOURCES.txt'\n"}
[0.199925] (-) TimerEvent: {}
[0.212007] (track_msgs) StdoutLine: {'line': b'[100%] Built target ament_cmake_python_build_track_msgs_egg\n'}
[0.219902] (track_msgs) CommandEnded: {'returncode': 0}
[0.220358] (track_msgs) JobProgress: {'identifier': 'track_msgs', 'progress': 'install'}
[0.227581] (track_msgs) Command: {'cmd': ['/usr/bin/cmake', '--install', '/home/aiv/ev_ws/planning/build/track_msgs'], 'cwd': '/home/aiv/ev_ws/planning/build/track_msgs', 'env': OrderedDict([('GJS_DEBUG_TOPICS', 'JS ERROR;JS LOG'), ('USER', 'aiv'), ('LC_TIME', 'ko_KR.UTF-8'), ('XDG_SESSION_TYPE', 'x11'), ('SHLVL', '1'), ('LD_LIBRARY_PATH', '/usr/local/cuda-12.6/lib64:/home/aiv/ev_ws/ev_msgs/install/ev_msgs/lib:/home/aiv/ev_ws/perception/install/make_cylinder/lib:/usr/local/cuda-12.6/lib64:/usr/local/cuda-12.6/lib64:/home/aiv/ev_ws/planning/install/planning_mr_ver/lib:/home/aiv/ev_ws/planning/install/track_msgs/lib:/usr/local/cuda-12.6/lib64:/home/aiv/ev_ws/erp42_ros/install/erp42_serial/lib:/home/aiv/ev_ws/erp42_ros/install/erp42_rqt_plugin/lib:/home/aiv/ev_ws/erp42_ros/install/erp42_gazebo/lib:/home/aiv/ev_ws/erp42_ros/install/erp42_util/lib:/home/aiv/ev_ws/erp42_ros/install/erp42_msgs/lib:/home/aiv/ev_ws/perception/install/velodyne_pointcloud/lib:/home/aiv/ev_ws/perception/install/velodyne_driver/lib:/home/aiv/ev_ws/perception/install/velodyne_msgs/lib:/home/aiv/ev_ws/perception/install/velodyne_laserscan/lib:/home/aiv/ev_ws/perception/install/velodyne_cropbox/lib:/home/aiv/ev_ws/perception/install/patchworkpp/lib:/home/aiv/ev_ws/perception/install/lidar_voxel_grid/lib:/home/aiv/ev_ws/perception/install/lidar_interfaces/lib:/home/aiv/ev_ws/perception/install/dbscan_clustering/lib:/home/aiv/ev_ws/perception/install/cluster_splitter/lib:/usr/lib/x86_64-linux-gnu/gazebo-11/plugins:/opt/ros/humble/opt/rviz_ogre_vendor/lib:/opt/ros/humble/lib/x86_64-linux-gnu:/opt/ros/humble/lib:/usr/local/cuda-12.6/lib64'), ('HOME', '/home/aiv'), ('OLDPWD', '/home/aiv/ev_ws'), ('DESKTOP_SESSION', 'ubuntu'), ('NVM_BIN', '/home/aiv/.nvm/versions/node/v24.13.1/bin'), ('NVM_INC', '/home/aiv/.nvm/versions/node/v24.13.1/include/node'), ('GIO_LAUNCHED_DESKTOP_FILE', '/usr/share/applications/terminator.desktop'), ('ROS_PYTHON_VERSION', '3'), ('GNOME_SHELL_SESSION_MODE', 'ubuntu'), ('GTK_MODULES', 'gail:atk-bridge'), ('LC_MONETARY', 'ko_KR.UTF-8'), ('MANAGERPID', '1839'), ('SYSTEMD_EXEC_PID', '2596'), ('DBUS_SESSION_BUS_ADDRESS', 'unix:path=/run/user/1000/bus'), ('COLORTERM', 'truecolor'), ('TERMINATOR_DBUS_NAME', 'net.tenshu.Terminator23558193cd9818af7fe4d2c2f5bd9d00f'), ('GIO_LAUNCHED_DESKTOP_FILE_PID', '6376'), ('NVM_DIR', '/home/aiv/.nvm'), ('COLCON_PREFIX_PATH', '/home/aiv/ev_ws/planning/install:/home/aiv/ev_ws/perception/install:/home/aiv/ev_ws/ev_msgs/install:/home/aiv/ev_ws/carsa_gazebo/install:/home/aiv/ev_ws/erp42_ros/install'), ('ROS_DISTRO', 'humble'), ('GTK_IM_MODULE', 'ibus'), ('LOGNAME', 'aiv'), ('JOURNAL_STREAM', '8:14626'), ('_', '/usr/bin/colcon'), ('ROS_VERSION', '2'), ('XDG_SESSION_CLASS', 'user'), ('USERNAME', 'aiv'), ('TERM', 'xterm-256color'), ('GNOME_DESKTOP_SESSION_ID', 'this-is-deprecated'), ('ROS_LOCALHOST_ONLY', '0'), ('WINDOWPATH', '2'), ('PATH', '/usr/local/cuda-12.6/bin:/usr/local/cuda-12.6/bin:/usr/local/cuda-12.6/bin:/usr/local/cuda-12.6/bin:/home/aiv/.local/bin:/opt/ros/humble/bin:/home/aiv/.nvm/versions/node/v24.13.1/bin:/usr/local/cuda-12.6/bin:/usr/local/sbin:/usr/local/bin:/usr/sbin:/usr/bin:/sbin:/bin:/usr/games:/usr/local/games:/snap/bin:/snap/bin'), ('SESSION_MANAGER', 'local/aiv:@/tmp/.ICE-unix/2567,unix/aiv:/tmp/.ICE-unix/2567'), ('INVOCATION_ID', '0568b3f95aa24871a61c02a9dcac9b80'), ('XDG_MENU_PREFIX', 'gnome-'), ('LC_ADDRESS', 'ko_KR.UTF-8'), ('XDG_RUNTIME_DIR', '/run/user/1000'), ('DISPLAY', ':1'), ('TERMINATOR_DBUS_PATH', '/net/tenshu/Terminator2'), ('LANG', 'en_US.UTF-8'), ('XDG_CURRENT_DESKTOP', 'ubuntu:GNOME'), ('IBUS_DISABLE_SNOOPER', '1'), ('LC_TELEPHONE', 'ko_KR.UTF-8'), ('XMODIFIERS', '@im=ibus'), ('XDG_SESSION_DESKTOP', 'ubuntu'), ('XAUTHORITY', '/run/user/1000/gdm/Xauthority'), ('SSH_AGENT_LAUNCHER', 'gnome-keyring'), ('SSH_AUTH_SOCK', '/run/user/1000/keyring/ssh'), ('AMENT_PREFIX_PATH', '/home/aiv/ev_ws/ev_msgs/install/ev_msgs:/home/aiv/ev_ws/perception/install/make_cylinder:/home/aiv/ev_ws/planning/install/planning_mr_ver:/home/aiv/ev_ws/planning/install/track_msgs:/home/aiv/ev_ws/carsa_gazebo/install/carsa_gazebo:/home/aiv/ev_ws/erp42_ros/install/erp42_serial:/home/aiv/ev_ws/erp42_ros/install/erp42_rqt_plugin:/home/aiv/ev_ws/erp42_ros/install/erp42_gazebo:/home/aiv/ev_ws/erp42_ros/install/erp42_util:/home/aiv/ev_ws/erp42_ros/install/erp42_msgs:/home/aiv/ev_ws/erp42_ros/install/erp42_description:/home/aiv/ev_ws/erp42_ros/install/erp42_cmake:/home/aiv/ev_ws/perception/install/velodyne:/home/aiv/ev_ws/perception/install/lidar_launch:/home/aiv/ev_ws/perception/install/velodyne_pointcloud:/home/aiv/ev_ws/perception/install/velodyne_driver:/home/aiv/ev_ws/perception/install/velodyne_msgs:/home/aiv/ev_ws/perception/install/velodyne_laserscan:/home/aiv/ev_ws/perception/install/velodyne_cropbox:/home/aiv/ev_ws/perception/install/patchworkpp:/home/aiv/ev_ws/perception/install/lidar_voxel_grid:/home/aiv/ev_ws/perception/install/lidar_interfaces:/home/aiv/ev_ws/perception/install/dbscan_clustering:/home/aiv/ev_ws/perception/install/cluster_splitter:/opt/ros/humble'), ('SHELL', '/bin/bash'), ('LC_NAME', 'ko_KR.UTF-8'), ('TERMINATOR_UUID', 'urn:uuid:b9c2d4ac-81c7-439c-870c-61cfe5ca8ac1'), ('QT_ACCESSIBILITY', '1'), ('GDMSESSION', 'ubuntu'), ('LC_MEASUREMENT', 'ko_KR.UTF-8'), ('GPG_AGENT_INFO', '/run/user/1000/gnupg/S.gpg-agent:0:1'), ('GJS_DEBUG_OUTPUT', 'stderr'), ('LC_IDENTIFICATION', 'ko_KR.UTF-8'), ('QT_IM_MODULE', 'ibus'), ('PWD', '/home/aiv/ev_ws/planning/build/track_msgs'), ('LC_ALL', 'en_US.UTF-8'), ('XDG_CONFIG_DIRS', '/etc/xdg/xdg-ubuntu:/etc/xdg'), ('NVM_CD_FLAGS', ''), ('XDG_DATA_DIRS', '/usr/share/ubuntu:/usr/share/gnome:/usr/local/share/:/usr/share/:/var/lib/snapd/desktop'), ('PYTHONPATH', '/home/aiv/ev_ws/ev_msgs/install/ev_msgs/local/lib/python3.10/dist-packages:/home/aiv/ev_ws/planning/install/track_msgs/local/lib/python3.10/dist-packages:/home/aiv/ev_ws/erp42_ros/install/erp42_msgs/local/lib/python3.10/dist-packages:/home/aiv/ev_ws/perception/install/velodyne_msgs/local/lib/python3.10/dist-packages:/home/aiv/ev_ws/perception/install/lidar_interfaces/local/lib/python3.10/dist-packages:/opt/ros/humble/lib/python3.10/site-packages:/opt/ros/humble/local/lib/python3.10/dist-packages'), ('LC_NUMERIC', 'ko_KR.UTF-8'), ('LC_PAPER', 'ko_KR.UTF-8'), ('COLCON', '1'), ('VTE_VERSION', '6800'), ('EDITOR', 'code --wait'), ('CMAKE_PREFIX_PATH', '/home/aiv/ev_ws/ev_msgs/install/ev_msgs:/home/aiv/ev_ws/perception/install/make_cylinder:/home/aiv/ev_ws/planning/install/planning_mr_ver:/home/aiv/ev_ws/planning/install/track_msgs:/home/aiv/ev_ws/carsa_gazebo/install/carsa_gazebo:/home/aiv/ev_ws/erp42_ros/install/erp42_serial:/home/aiv/ev_ws/erp42_ros/install/erp42_rqt_plugin:/home/aiv/ev_ws/erp42_ros/install/erp42_gazebo:/home/aiv/ev_ws/erp42_ros/install/erp42_util:/home/aiv/ev_ws/erp42_ros/install/erp42_msgs:/home/aiv/ev_ws/erp42_ros/install/erp42_description:/home/aiv/ev_ws/erp42_ros/install/erp42_cmake:/home/aiv/ev_ws/perception/install/velodyne:/home/aiv/ev_ws/perception/install/lidar_launch:/home/aiv/ev_ws/perception/install/velodyne_pointcloud:/home/aiv/ev_ws/perception/install/velodyne_driver:/home/aiv/ev_ws/perception/install/velodyne_msgs:/home/aiv/ev_ws/perception/install/velodyne_laserscan:/home/aiv/ev_ws/perception/install/velodyne_cropbox:/home/aiv/ev_ws/perception/install/patchworkpp:/home/aiv/ev_ws/perception/install/lidar_voxel_grid:/home/aiv/ev_ws/perception/install/lidar_interfaces:/home/aiv/ev_ws/perception/install/dbscan_clustering:/home/aiv/ev_ws/perception/install/cluster_splitter:/opt/ros/humble')]), 'shell': False}
[0.233536] (track_msgs) StdoutLine: {'line': b'-- Install configuration: ""\n'}
[0.233954] (track_msgs) StdoutLine: {'line': b'-- Execute custom install script\n'}
[0.234018] (track_msgs) StdoutLine: {'line': b'-- Up-to-date symlink: /home/aiv/ev_ws/planning/install/track_msgs/share/ament_index/resource_index/rosidl_interfaces/track_msgs\n'}
[0.234244] (track_msgs) StdoutLine: {'line': b'-- Up-to-date symlink: /home/aiv/ev_ws/planning/install/track_msgs/include/track_msgs/track_msgs/msg/detail/obstacle__functions.h\n'}
[0.234299] (track_msgs) StdoutLine: {'line': b'-- Up-to-date symlink: /home/aiv/ev_ws/planning/install/track_msgs/include/track_msgs/track_msgs/msg/detail/obstacle__struct.h\n'}
[0.234416] (track_msgs) StdoutLine: {'line': b'-- Up-to-date symlink: /home/aiv/ev_ws/planning/install/track_msgs/include/track_msgs/track_msgs/msg/detail/obstacle__type_support.h\n'}
[0.234470] (track_msgs) StdoutLine: {'line': b'-- Up-to-date symlink: /home/aiv/ev_ws/planning/install/track_msgs/include/track_msgs/track_msgs/msg/detail/obstacle_array__functions.h\n'}
[0.234523] (track_msgs) StdoutLine: {'line': b'-- Up-to-date symlink: /home/aiv/ev_ws/planning/install/track_msgs/include/track_msgs/track_msgs/msg/detail/obstacle_array__struct.h\n'}
[0.234575] (track_msgs) StdoutLine: {'line': b'-- Up-to-date symlink: /home/aiv/ev_ws/planning/install/track_msgs/include/track_msgs/track_msgs/msg/detail/obstacle_array__type_support.h\n'}
[0.234626] (track_msgs) StdoutLine: {'line': b'-- Up-to-date symlink: /home/aiv/ev_ws/planning/install/track_msgs/include/track_msgs/track_msgs/msg/detail/planner_status__functions.h\n'}
[0.234699] (track_msgs) StdoutLine: {'line': b'-- Up-to-date symlink: /home/aiv/ev_ws/planning/install/track_msgs/include/track_msgs/track_msgs/msg/detail/planner_status__struct.h\n'}
[0.234890] (track_msgs) StdoutLine: {'line': b'-- Up-to-date symlink: /home/aiv/ev_ws/planning/install/track_msgs/include/track_msgs/track_msgs/msg/detail/planner_status__type_support.h\n'}
[0.234972] (track_msgs) StdoutLine: {'line': b'-- Up-to-date symlink: /home/aiv/ev_ws/planning/install/track_msgs/include/track_msgs/track_msgs/msg/detail/system_state__functions.h\n'}
[0.235023] (track_msgs) StdoutLine: {'line': b'-- Up-to-date symlink: /home/aiv/ev_ws/planning/install/track_msgs/include/track_msgs/track_msgs/msg/detail/system_state__struct.h\n'}
[0.235079] (track_msgs) StdoutLine: {'line': b'-- Up-to-date symlink: /home/aiv/ev_ws/planning/install/track_msgs/include/track_msgs/track_msgs/msg/detail/system_state__type_support.h\n'}
[0.235138] (track_msgs) StdoutLine: {'line': b'-- Up-to-date symlink: /home/aiv/ev_ws/planning/install/track_msgs/include/track_msgs/track_msgs/msg/obstacle.h\n'}
[0.235204] (track_msgs) StdoutLine: {'line': b'-- Up-to-date symlink: /home/aiv/ev_ws/planning/install/track_msgs/include/track_msgs/track_msgs/msg/obstacle_array.h\n'}
[0.235277] (track_msgs) StdoutLine: {'line': b'-- Up-to-date symlink: /home/aiv/ev_ws/planning/install/track_msgs/include/track_msgs/track_msgs/msg/planner_status.h\n'}
[0.235337] (track_msgs) StdoutLine: {'line': b'-- Up-to-date symlink: /home/aiv/ev_ws/planning/install/track_msgs/include/track_msgs/track_msgs/msg/rosidl_generator_c__visibility_control.h\n'}
[0.235389] (track_msgs) StdoutLine: {'line': b'-- Up-to-date symlink: /home/aiv/ev_ws/planning/install/track_msgs/include/track_msgs/track_msgs/msg/system_state.h\n'}
[0.235440] (track_msgs) StdoutLine: {'line': b'-- Up-to-date symlink: /home/aiv/ev_ws/planning/install/track_msgs/share/track_msgs/environment/library_path.sh\n'}
[0.235508] (track_msgs) StdoutLine: {'line': b'-- Up-to-date symlink: /home/aiv/ev_ws/planning/install/track_msgs/share/track_msgs/environment/library_path.dsv\n'}
[0.235570] (track_msgs) StdoutLine: {'line': b'-- Up-to-date symlink: /home/aiv/ev_ws/planning/install/track_msgs/include/track_msgs/track_msgs/msg/detail/obstacle__rosidl_typesupport_fastrtps_c.h\n'}
[0.235640] (track_msgs) StdoutLine: {'line': b'-- Up-to-date symlink: /home/aiv/ev_ws/planning/install/track_msgs/include/track_msgs/track_msgs/msg/detail/obstacle_array__rosidl_typesupport_fastrtps_c.h\n'}
[0.235700] (track_msgs) StdoutLine: {'line': b'-- Up-to-date symlink: /home/aiv/ev_ws/planning/install/track_msgs/include/track_msgs/track_msgs/msg/detail/planner_status__rosidl_typesupport_fastrtps_c.h\n'}
[0.235750] (track_msgs) StdoutLine: {'line': b'-- Up-to-date symlink: /home/aiv/ev_ws/planning/install/track_msgs/include/track_msgs/track_msgs/msg/detail/system_state__rosidl_typesupport_fastrtps_c.h\n'}
[0.235807] (track_msgs) StdoutLine: {'line': b'-- Up-to-date symlink: /home/aiv/ev_ws/planning/install/track_msgs/include/track_msgs/track_msgs/msg/rosidl_typesupport_fastrtps_c__visibility_control.h\n'}
[0.235881] (track_msgs) StdoutLine: {'line': b'-- Up-to-date symlink: /home/aiv/ev_ws/planning/install/track_msgs/include/track_msgs/track_msgs/msg/detail/obstacle__rosidl_typesupport_introspection_c.h\n'}
[0.235958] (track_msgs) StdoutLine: {'line': b'-- Up-to-date symlink: /home/aiv/ev_ws/planning/install/track_msgs/include/track_msgs/track_msgs/msg/detail/obstacle_array__rosidl_typesupport_introspection_c.h\n'}
[0.236018] (track_msgs) StdoutLine: {'line': b'-- Up-to-date symlink: /home/aiv/ev_ws/planning/install/track_msgs/include/track_msgs/track_msgs/msg/detail/planner_status__rosidl_typesupport_introspection_c.h\n'}
[0.236089] (track_msgs) StdoutLine: {'line': b'-- Up-to-date symlink: /home/aiv/ev_ws/planning/install/track_msgs/include/track_msgs/track_msgs/msg/detail/system_state__rosidl_typesupport_introspection_c.h\n'}
[0.236156] (track_msgs) StdoutLine: {'line': b'-- Up-to-date symlink: /home/aiv/ev_ws/planning/install/track_msgs/include/track_msgs/track_msgs/msg/rosidl_typesupport_introspection_c__visibility_control.h\n'}
[0.236224] (track_msgs) StdoutLine: {'line': b'-- Up-to-date symlink: /home/aiv/ev_ws/planning/install/track_msgs/include/track_msgs/track_msgs/msg/detail/obstacle__builder.hpp\n'}
[0.236288] (track_msgs) StdoutLine: {'line': b'-- Up-to-date symlink: /home/aiv/ev_ws/planning/install/track_msgs/include/track_msgs/track_msgs/msg/detail/obstacle__struct.hpp\n'}
[0.236358] (track_msgs) StdoutLine: {'line': b'-- Up-to-date symlink: /home/aiv/ev_ws/planning/install/track_msgs/include/track_msgs/track_msgs/msg/detail/obstacle__traits.hpp\n'}
[0.236423] (track_msgs) StdoutLine: {'line': b'-- Up-to-date symlink: /home/aiv/ev_ws/planning/install/track_msgs/include/track_msgs/track_msgs/msg/detail/obstacle__type_support.hpp\n'}
[0.236485] (track_msgs) StdoutLine: {'line': b'-- Up-to-date symlink: /home/aiv/ev_ws/planning/install/track_msgs/include/track_msgs/track_msgs/msg/detail/obstacle_array__builder.hpp\n'}
[0.236553] (track_msgs) StdoutLine: {'line': b'-- Up-to-date symlink: /home/aiv/ev_ws/planning/install/track_msgs/include/track_msgs/track_msgs/msg/detail/obstacle_array__struct.hpp\n'}
[0.236620] (track_msgs) StdoutLine: {'line': b'-- Up-to-date symlink: /home/aiv/ev_ws/planning/install/track_msgs/include/track_msgs/track_msgs/msg/detail/obstacle_array__traits.hpp\n'}
[0.236671] (track_msgs) StdoutLine: {'line': b'-- Up-to-date symlink: /home/aiv/ev_ws/planning/install/track_msgs/include/track_msgs/track_msgs/msg/detail/obstacle_array__type_support.hpp\n'}
[0.236720] (track_msgs) StdoutLine: {'line': b'-- Up-to-date symlink: /home/aiv/ev_ws/planning/install/track_msgs/include/track_msgs/track_msgs/msg/detail/planner_status__builder.hpp\n'}
[0.236791] (track_msgs) StdoutLine: {'line': b'-- Up-to-date symlink: /home/aiv/ev_ws/planning/install/track_msgs/include/track_msgs/track_msgs/msg/detail/planner_status__struct.hpp\n'}
[0.236894] (track_msgs) StdoutLine: {'line': b'-- Up-to-date symlink: /home/aiv/ev_ws/planning/install/track_msgs/include/track_msgs/track_msgs/msg/detail/planner_status__traits.hpp\n'}
[0.236937] (track_msgs) StdoutLine: {'line': b'-- Up-to-date symlink: /home/aiv/ev_ws/planning/install/track_msgs/include/track_msgs/track_msgs/msg/detail/planner_status__type_support.hpp\n'}
[0.236971] (track_msgs) StdoutLine: {'line': b'-- Up-to-date symlink: /home/aiv/ev_ws/planning/install/track_msgs/include/track_msgs/track_msgs/msg/detail/system_state__builder.hpp\n'}
[0.237000] (track_msgs) StdoutLine: {'line': b'-- Up-to-date symlink: /home/aiv/ev_ws/planning/install/track_msgs/include/track_msgs/track_msgs/msg/detail/system_state__struct.hpp\n'}
[0.237027] (track_msgs) StdoutLine: {'line': b'-- Up-to-date symlink: /home/aiv/ev_ws/planning/install/track_msgs/include/track_msgs/track_msgs/msg/detail/system_state__traits.hpp\n'}
[0.237053] (track_msgs) StdoutLine: {'line': b'-- Up-to-date symlink: /home/aiv/ev_ws/planning/install/track_msgs/include/track_msgs/track_msgs/msg/detail/system_state__type_support.hpp\n'}
[0.237079] (track_msgs) StdoutLine: {'line': b'-- Up-to-date symlink: /home/aiv/ev_ws/planning/install/track_msgs/include/track_msgs/track_msgs/msg/obstacle.hpp\n'}
[0.237105] (track_msgs) StdoutLine: {'line': b'-- Up-to-date symlink: /home/aiv/ev_ws/planning/install/track_msgs/include/track_msgs/track_msgs/msg/obstacle_array.hpp\n'}
[0.237130] (track_msgs) StdoutLine: {'line': b'-- Up-to-date symlink: /home/aiv/ev_ws/planning/install/track_msgs/include/track_msgs/track_msgs/msg/planner_status.hpp\n'}
[0.237156] (track_msgs) StdoutLine: {'line': b'-- Up-to-date symlink: /home/aiv/ev_ws/planning/install/track_msgs/include/track_msgs/track_msgs/msg/rosidl_generator_cpp__visibility_control.hpp\n'}
[0.237181] (track_msgs) StdoutLine: {'line': b'-- Up-to-date symlink: /home/aiv/ev_ws/planning/install/track_msgs/include/track_msgs/track_msgs/msg/system_state.hpp\n'}
[0.237207] (track_msgs) StdoutLine: {'line': b'-- Up-to-date symlink: /home/aiv/ev_ws/planning/install/track_msgs/include/track_msgs/track_msgs/msg/detail/obstacle__rosidl_typesupport_fastrtps_cpp.hpp\n'}
[0.237269] (track_msgs) StdoutLine: {'line': b'-- Up-to-date symlink: /home/aiv/ev_ws/planning/install/track_msgs/include/track_msgs/track_msgs/msg/detail/obstacle_array__rosidl_typesupport_fastrtps_cpp.hpp\n'}
[0.237293] (track_msgs) StdoutLine: {'line': b'-- Up-to-date symlink: /home/aiv/ev_ws/planning/install/track_msgs/include/track_msgs/track_msgs/msg/detail/planner_status__rosidl_typesupport_fastrtps_cpp.hpp\n'}
[0.237317] (track_msgs) StdoutLine: {'line': b'-- Up-to-date symlink: /home/aiv/ev_ws/planning/install/track_msgs/include/track_msgs/track_msgs/msg/detail/system_state__rosidl_typesupport_fastrtps_cpp.hpp\n'}
[0.237349] (track_msgs) StdoutLine: {'line': b'-- Up-to-date symlink: /home/aiv/ev_ws/planning/install/track_msgs/include/track_msgs/track_msgs/msg/rosidl_typesupport_fastrtps_cpp__visibility_control.h\n'}
[0.237372] (track_msgs) StdoutLine: {'line': b'-- Up-to-date symlink: /home/aiv/ev_ws/planning/install/track_msgs/include/track_msgs/track_msgs/msg/detail/obstacle__rosidl_typesupport_introspection_cpp.hpp\n'}
[0.237397] (track_msgs) StdoutLine: {'line': b'-- Up-to-date symlink: /home/aiv/ev_ws/planning/install/track_msgs/include/track_msgs/track_msgs/msg/detail/obstacle_array__rosidl_typesupport_introspection_cpp.hpp\n'}
[0.237422] (track_msgs) StdoutLine: {'line': b'-- Up-to-date symlink: /home/aiv/ev_ws/planning/install/track_msgs/include/track_msgs/track_msgs/msg/detail/planner_status__rosidl_typesupport_introspection_cpp.hpp\n'}
[0.237450] (track_msgs) StdoutLine: {'line': b'-- Up-to-date symlink: /home/aiv/ev_ws/planning/install/track_msgs/include/track_msgs/track_msgs/msg/detail/system_state__rosidl_typesupport_introspection_cpp.hpp\n'}
[0.237474] (track_msgs) StdoutLine: {'line': b'-- Up-to-date symlink: /home/aiv/ev_ws/planning/install/track_msgs/share/track_msgs/environment/pythonpath.sh\n'}
[0.237512] (track_msgs) StdoutLine: {'line': b'-- Up-to-date symlink: /home/aiv/ev_ws/planning/install/track_msgs/share/track_msgs/environment/pythonpath.dsv\n'}
[0.237552] (track_msgs) StdoutLine: {'line': b'-- Up-to-date symlink: /home/aiv/ev_ws/planning/install/track_msgs/local/lib/python3.10/dist-packages/track_msgs-0.1.0-py3.10.egg-info/PKG-INFO\n'}
[0.237593] (track_msgs) StdoutLine: {'line': b'-- Up-to-date symlink: /home/aiv/ev_ws/planning/install/track_msgs/local/lib/python3.10/dist-packages/track_msgs-0.1.0-py3.10.egg-info/SOURCES.txt\n'}
[0.237621] (track_msgs) StdoutLine: {'line': b'-- Up-to-date symlink: /home/aiv/ev_ws/planning/install/track_msgs/local/lib/python3.10/dist-packages/track_msgs-0.1.0-py3.10.egg-info/dependency_links.txt\n'}
[0.237656] (track_msgs) StdoutLine: {'line': b'-- Up-to-date symlink: /home/aiv/ev_ws/planning/install/track_msgs/local/lib/python3.10/dist-packages/track_msgs-0.1.0-py3.10.egg-info/top_level.txt\n'}
[0.237877] (track_msgs) StdoutLine: {'line': b'-- Up-to-date symlink: /home/aiv/ev_ws/planning/install/track_msgs/local/lib/python3.10/dist-packages/track_msgs/__init__.py\n'}
[0.237919] (track_msgs) StdoutLine: {'line': b'-- Up-to-date symlink: /home/aiv/ev_ws/planning/install/track_msgs/local/lib/python3.10/dist-packages/track_msgs/_track_msgs_s.ep.rosidl_typesupport_c.c\n'}
[0.237957] (track_msgs) StdoutLine: {'line': b'-- Up-to-date symlink: /home/aiv/ev_ws/planning/install/track_msgs/local/lib/python3.10/dist-packages/track_msgs/_track_msgs_s.ep.rosidl_typesupport_fastrtps_c.c\n'}
[0.237999] (track_msgs) StdoutLine: {'line': b'-- Up-to-date symlink: /home/aiv/ev_ws/planning/install/track_msgs/local/lib/python3.10/dist-packages/track_msgs/_track_msgs_s.ep.rosidl_typesupport_introspection_c.c\n'}
[0.238044] (track_msgs) StdoutLine: {'line': b'-- Up-to-date symlink: /home/aiv/ev_ws/planning/install/track_msgs/local/lib/python3.10/dist-packages/track_msgs/libtrack_msgs__rosidl_generator_py.so\n'}
[0.238084] (track_msgs) StdoutLine: {'line': b'-- Up-to-date symlink: /home/aiv/ev_ws/planning/install/track_msgs/local/lib/python3.10/dist-packages/track_msgs/msg/__init__.py\n'}
[0.238137] (track_msgs) StdoutLine: {'line': b'-- Up-to-date symlink: /home/aiv/ev_ws/planning/install/track_msgs/local/lib/python3.10/dist-packages/track_msgs/msg/_obstacle.py\n'}
[0.238177] (track_msgs) StdoutLine: {'line': b'-- Up-to-date symlink: /home/aiv/ev_ws/planning/install/track_msgs/local/lib/python3.10/dist-packages/track_msgs/msg/_obstacle_array.py\n'}
[0.238217] (track_msgs) StdoutLine: {'line': b'-- Up-to-date symlink: /home/aiv/ev_ws/planning/install/track_msgs/local/lib/python3.10/dist-packages/track_msgs/msg/_obstacle_array_s.c\n'}
[0.238258] (track_msgs) StdoutLine: {'line': b'-- Up-to-date symlink: /home/aiv/ev_ws/planning/install/track_msgs/local/lib/python3.10/dist-packages/track_msgs/msg/_obstacle_s.c\n'}
[0.238297] (track_msgs) StdoutLine: {'line': b'-- Up-to-date symlink: /home/aiv/ev_ws/planning/install/track_msgs/local/lib/python3.10/dist-packages/track_msgs/msg/_planner_status.py\n'}
[0.238335] (track_msgs) StdoutLine: {'line': b'-- Up-to-date symlink: /home/aiv/ev_ws/planning/install/track_msgs/local/lib/python3.10/dist-packages/track_msgs/msg/_planner_status_s.c\n'}
[0.238373] (track_msgs) StdoutLine: {'line': b'-- Up-to-date symlink: /home/aiv/ev_ws/planning/install/track_msgs/local/lib/python3.10/dist-packages/track_msgs/msg/_system_state.py\n'}
[0.238411] (track_msgs) StdoutLine: {'line': b'-- Up-to-date symlink: /home/aiv/ev_ws/planning/install/track_msgs/local/lib/python3.10/dist-packages/track_msgs/msg/_system_state_s.c\n'}
[0.238455] (track_msgs) StdoutLine: {'line': b'-- Up-to-date symlink: /home/aiv/ev_ws/planning/install/track_msgs/local/lib/python3.10/dist-packages/track_msgs/track_msgs_s__rosidl_typesupport_c.cpython-310-x86_64-linux-gnu.so\n'}
[0.238512] (track_msgs) StdoutLine: {'line': b'-- Up-to-date symlink: /home/aiv/ev_ws/planning/install/track_msgs/local/lib/python3.10/dist-packages/track_msgs/track_msgs_s__rosidl_typesupport_fastrtps_c.cpython-310-x86_64-linux-gnu.so\n'}
[0.238552] (track_msgs) StdoutLine: {'line': b'-- Up-to-date symlink: /home/aiv/ev_ws/planning/install/track_msgs/local/lib/python3.10/dist-packages/track_msgs/track_msgs_s__rosidl_typesupport_introspection_c.cpython-310-x86_64-linux-gnu.so\n'}
[0.238672] (track_msgs) StdoutLine: {'line': b'-- Up-to-date symlink: /home/aiv/ev_ws/planning/install/track_msgs/local/lib/python3.10/dist-packages/track_msgs/track_msgs_s__rosidl_typesupport_fastrtps_c.cpython-310-x86_64-linux-gnu.so\n'}
[0.238781] (track_msgs) StdoutLine: {'line': b'-- Up-to-date symlink: /home/aiv/ev_ws/planning/install/track_msgs/local/lib/python3.10/dist-packages/track_msgs/track_msgs_s__rosidl_typesupport_introspection_c.cpython-310-x86_64-linux-gnu.so\n'}
[0.238886] (track_msgs) StdoutLine: {'line': b'-- Up-to-date symlink: /home/aiv/ev_ws/planning/install/track_msgs/local/lib/python3.10/dist-packages/track_msgs/track_msgs_s__rosidl_typesupport_c.cpython-310-x86_64-linux-gnu.so\n'}
[0.238954] (track_msgs) StdoutLine: {'line': b'-- Up-to-date symlink: /home/aiv/ev_ws/planning/install/track_msgs/share/track_msgs/msg/Obstacle.idl\n'}
[0.239016] (track_msgs) StdoutLine: {'line': b'-- Up-to-date symlink: /home/aiv/ev_ws/planning/install/track_msgs/share/track_msgs/msg/ObstacleArray.idl\n'}
[0.239073] (track_msgs) StdoutLine: {'line': b'-- Up-to-date symlink: /home/aiv/ev_ws/planning/install/track_msgs/share/track_msgs/msg/PlannerStatus.idl\n'}
[0.239129] (track_msgs) StdoutLine: {'line': b'-- Up-to-date symlink: /home/aiv/ev_ws/planning/install/track_msgs/share/track_msgs/msg/SystemState.idl\n'}
[0.239184] (track_msgs) StdoutLine: {'line': b'-- Up-to-date symlink: /home/aiv/ev_ws/planning/install/track_msgs/share/track_msgs/msg/Obstacle.msg\n'}
[0.239239] (track_msgs) StdoutLine: {'line': b'-- Up-to-date symlink: /home/aiv/ev_ws/planning/install/track_msgs/share/track_msgs/msg/ObstacleArray.msg\n'}
[0.239292] (track_msgs) StdoutLine: {'line': b'-- Up-to-date symlink: /home/aiv/ev_ws/planning/install/track_msgs/share/track_msgs/msg/PlannerStatus.msg\n'}
[0.239343] (track_msgs) StdoutLine: {'line': b'-- Up-to-date symlink: /home/aiv/ev_ws/planning/install/track_msgs/share/track_msgs/msg/SystemState.msg\n'}
[0.239405] (track_msgs) StdoutLine: {'line': b'-- Up-to-date symlink: /home/aiv/ev_ws/planning/install/track_msgs/share/ament_index/resource_index/package_run_dependencies/track_msgs\n'}
[0.239469] (track_msgs) StdoutLine: {'line': b'-- Up-to-date symlink: /home/aiv/ev_ws/planning/install/track_msgs/share/ament_index/resource_index/parent_prefix_path/track_msgs\n'}
[0.239523] (track_msgs) StdoutLine: {'line': b'-- Up-to-date symlink: /home/aiv/ev_ws/planning/install/track_msgs/share/track_msgs/environment/ament_prefix_path.sh\n'}
[0.239578] (track_msgs) StdoutLine: {'line': b'-- Up-to-date symlink: /home/aiv/ev_ws/planning/install/track_msgs/share/track_msgs/environment/ament_prefix_path.dsv\n'}
[0.239634] (track_msgs) StdoutLine: {'line': b'-- Up-to-date symlink: /home/aiv/ev_ws/planning/install/track_msgs/share/track_msgs/environment/path.sh\n'}
[0.239687] (track_msgs) StdoutLine: {'line': b'-- Up-to-date symlink: /home/aiv/ev_ws/planning/install/track_msgs/share/track_msgs/environment/path.dsv\n'}
[0.239739] (track_msgs) StdoutLine: {'line': b'-- Up-to-date symlink: /home/aiv/ev_ws/planning/install/track_msgs/share/track_msgs/local_setup.bash\n'}
[0.239791] (track_msgs) StdoutLine: {'line': b'-- Up-to-date symlink: /home/aiv/ev_ws/planning/install/track_msgs/share/track_msgs/local_setup.sh\n'}
[0.239840] (track_msgs) StdoutLine: {'line': b'-- Up-to-date symlink: /home/aiv/ev_ws/planning/install/track_msgs/share/track_msgs/local_setup.zsh\n'}
[0.239888] (track_msgs) StdoutLine: {'line': b'-- Up-to-date symlink: /home/aiv/ev_ws/planning/install/track_msgs/share/track_msgs/local_setup.dsv\n'}
[0.239934] (track_msgs) StdoutLine: {'line': b'-- Symlinking: /home/aiv/ev_ws/planning/install/track_msgs/share/track_msgs/package.dsv\n'}
[0.246813] (track_msgs) StdoutLine: {'line': b'-- Up-to-date symlink: /home/aiv/ev_ws/planning/install/track_msgs/share/ament_index/resource_index/packages/track_msgs\n'}
[0.246906] (track_msgs) StdoutLine: {'line': b'-- Up-to-date symlink: /home/aiv/ev_ws/planning/install/track_msgs/share/track_msgs/cmake/rosidl_cmake-extras.cmake\n'}
[0.246961] (track_msgs) StdoutLine: {'line': b'-- Up-to-date symlink: /home/aiv/ev_ws/planning/install/track_msgs/share/track_msgs/cmake/ament_cmake_export_dependencies-extras.cmake\n'}
[0.247014] (track_msgs) StdoutLine: {'line': b'-- Up-to-date symlink: /home/aiv/ev_ws/planning/install/track_msgs/share/track_msgs/cmake/ament_cmake_export_include_directories-extras.cmake\n'}
[0.247089] (track_msgs) StdoutLine: {'line': b'-- Up-to-date symlink: /home/aiv/ev_ws/planning/install/track_msgs/share/track_msgs/cmake/ament_cmake_export_libraries-extras.cmake\n'}
[0.247157] (track_msgs) StdoutLine: {'line': b'-- Up-to-date symlink: /home/aiv/ev_ws/planning/install/track_msgs/share/track_msgs/cmake/ament_cmake_export_targets-extras.cmake\n'}
[0.247218] (track_msgs) StdoutLine: {'line': b'-- Up-to-date symlink: /home/aiv/ev_ws/planning/install/track_msgs/share/track_msgs/cmake/rosidl_cmake_export_typesupport_targets-extras.cmake\n'}
[0.247279] (track_msgs) StdoutLine: {'line': b'-- Up-to-date symlink: /home/aiv/ev_ws/planning/install/track_msgs/share/track_msgs/cmake/rosidl_cmake_export_typesupport_libraries-extras.cmake\n'}
[0.247346] (track_msgs) StdoutLine: {'line': b'-- Up-to-date symlink: /home/aiv/ev_ws/planning/install/track_msgs/share/track_msgs/cmake/track_msgsConfig.cmake\n'}
[0.247391] (track_msgs) StdoutLine: {'line': b'-- Up-to-date symlink: /home/aiv/ev_ws/planning/install/track_msgs/share/track_msgs/cmake/track_msgsConfig-version.cmake\n'}
[0.247484] (track_msgs) StdoutLine: {'line': b'-- Up-to-date symlink: /home/aiv/ev_ws/planning/install/track_msgs/share/track_msgs/package.xml\n'}
[0.247585] (track_msgs) StdoutLine: {'line': b'-- Up-to-date: /home/aiv/ev_ws/planning/install/track_msgs/lib/libtrack_msgs__rosidl_generator_c.so\n'}
[0.247718] (track_msgs) StdoutLine: {'line': b'-- Up-to-date: /home/aiv/ev_ws/planning/install/track_msgs/lib/libtrack_msgs__rosidl_typesupport_fastrtps_c.so\n'}
[0.247909] (track_msgs) StdoutLine: {'line': b'-- Up-to-date: /home/aiv/ev_ws/planning/install/track_msgs/lib/libtrack_msgs__rosidl_typesupport_introspection_c.so\n'}
[0.248030] (track_msgs) StdoutLine: {'line': b'-- Up-to-date: /home/aiv/ev_ws/planning/install/track_msgs/lib/libtrack_msgs__rosidl_typesupport_c.so\n'}
[0.248147] (track_msgs) StdoutLine: {'line': b'-- Up-to-date: /home/aiv/ev_ws/planning/install/track_msgs/lib/libtrack_msgs__rosidl_typesupport_fastrtps_cpp.so\n'}
[0.248271] (track_msgs) StdoutLine: {'line': b'-- Up-to-date: /home/aiv/ev_ws/planning/install/track_msgs/lib/libtrack_msgs__rosidl_typesupport_introspection_cpp.so\n'}
[0.248386] (track_msgs) StdoutLine: {'line': b'-- Up-to-date: /home/aiv/ev_ws/planning/install/track_msgs/lib/libtrack_msgs__rosidl_typesupport_cpp.so\n'}
[0.267381] (track_msgs) StdoutLine: {'line': b"Listing '/home/aiv/ev_ws/planning/install/track_msgs/local/lib/python3.10/dist-packages/track_msgs'...\n"}
[0.267490] (track_msgs) StdoutLine: {'line': b"Listing '/home/aiv/ev_ws/planning/install/track_msgs/local/lib/python3.10/dist-packages/track_msgs/msg'...\n"}
[0.269769] (track_msgs) StdoutLine: {'line': b'-- Up-to-date: /home/aiv/ev_ws/planning/install/track_msgs/lib/libtrack_msgs__rosidl_generator_py.so\n'}
[0.269879] (track_msgs) StdoutLine: {'line': b'-- Up-to-date: /home/aiv/ev_ws/planning/install/track_msgs/share/track_msgs/cmake/export_track_msgs__rosidl_generator_cExport.cmake\n'}
[0.269927] (track_msgs) StdoutLine: {'line': b'-- Up-to-date: /home/aiv/ev_ws/planning/install/track_msgs/share/track_msgs/cmake/export_track_msgs__rosidl_generator_cExport-noconfig.cmake\n'}
[0.269973] (track_msgs) StdoutLine: {'line': b'-- Up-to-date: /home/aiv/ev_ws/planning/install/track_msgs/share/track_msgs/cmake/export_track_msgs__rosidl_typesupport_fastrtps_cExport.cmake\n'}
[0.270002] (track_msgs) StdoutLine: {'line': b'-- Up-to-date: /home/aiv/ev_ws/planning/install/track_msgs/share/track_msgs/cmake/export_track_msgs__rosidl_typesupport_fastrtps_cExport-noconfig.cmake\n'}
[0.270044] (track_msgs) StdoutLine: {'line': b'-- Up-to-date: /home/aiv/ev_ws/planning/install/track_msgs/share/track_msgs/cmake/track_msgs__rosidl_typesupport_introspection_cExport.cmake\n'}
[0.270071] (track_msgs) StdoutLine: {'line': b'-- Up-to-date: /home/aiv/ev_ws/planning/install/track_msgs/share/track_msgs/cmake/track_msgs__rosidl_typesupport_introspection_cExport-noconfig.cmake\n'}
[0.270097] (track_msgs) StdoutLine: {'line': b'-- Up-to-date: /home/aiv/ev_ws/planning/install/track_msgs/share/track_msgs/cmake/track_msgs__rosidl_typesupport_cExport.cmake\n'}
[0.270135] (track_msgs) StdoutLine: {'line': b'-- Up-to-date: /home/aiv/ev_ws/planning/install/track_msgs/share/track_msgs/cmake/track_msgs__rosidl_typesupport_cExport-noconfig.cmake\n'}
[0.270182] (track_msgs) StdoutLine: {'line': b'-- Up-to-date: /home/aiv/ev_ws/planning/install/track_msgs/share/track_msgs/cmake/export_track_msgs__rosidl_generator_cppExport.cmake\n'}
[0.270208] (track_msgs) StdoutLine: {'line': b'-- Up-to-date: /home/aiv/ev_ws/planning/install/track_msgs/share/track_msgs/cmake/export_track_msgs__rosidl_typesupport_fastrtps_cppExport.cmake\n'}
[0.270234] (track_msgs) StdoutLine: {'line': b'-- Up-to-date: /home/aiv/ev_ws/planning/install/track_msgs/share/track_msgs/cmake/export_track_msgs__rosidl_typesupport_fastrtps_cppExport-noconfig.cmake\n'}
[0.270259] (track_msgs) StdoutLine: {'line': b'-- Up-to-date: /home/aiv/ev_ws/planning/install/track_msgs/share/track_msgs/cmake/track_msgs__rosidl_typesupport_introspection_cppExport.cmake\n'}
[0.270284] (track_msgs) StdoutLine: {'line': b'-- Up-to-date: /home/aiv/ev_ws/planning/install/track_msgs/share/track_msgs/cmake/track_msgs__rosidl_typesupport_introspection_cppExport-noconfig.cmake\n'}
[0.270320] (track_msgs) StdoutLine: {'line': b'-- Up-to-date: /home/aiv/ev_ws/planning/install/track_msgs/share/track_msgs/cmake/track_msgs__rosidl_typesupport_cppExport.cmake\n'}
[0.270362] (track_msgs) StdoutLine: {'line': b'-- Up-to-date: /home/aiv/ev_ws/planning/install/track_msgs/share/track_msgs/cmake/track_msgs__rosidl_typesupport_cppExport-noconfig.cmake\n'}
[0.270392] (track_msgs) StdoutLine: {'line': b'-- Up-to-date: /home/aiv/ev_ws/planning/install/track_msgs/share/track_msgs/cmake/export_track_msgs__rosidl_generator_pyExport.cmake\n'}
[0.270429] (track_msgs) StdoutLine: {'line': b'-- Up-to-date: /home/aiv/ev_ws/planning/install/track_msgs/share/track_msgs/cmake/export_track_msgs__rosidl_generator_pyExport-noconfig.cmake\n'}
[0.271764] (track_msgs) CommandEnded: {'returncode': 0}
[0.282441] (track_msgs) JobEnded: {'identifier': 'track_msgs', 'rc': 0}
[0.282997] (planning_mr_ver) JobStarted: {'identifier': 'planning_mr_ver'}
[0.289558] (planning_mr_ver) JobProgress: {'identifier': 'planning_mr_ver', 'progress': 'cmake'}
[0.289981] (planning_mr_ver) JobProgress: {'identifier': 'planning_mr_ver', 'progress': 'build'}
[0.290167] (planning_mr_ver) Command: {'cmd': ['/usr/bin/cmake', '--build', '/home/aiv/ev_ws/planning/build/planning_mr_ver', '--', '-j28', '-l28'], 'cwd': '/home/aiv/ev_ws/planning/build/planning_mr_ver', 'env': OrderedDict([('GJS_DEBUG_TOPICS', 'JS ERROR;JS LOG'), ('USER', 'aiv'), ('LC_TIME', 'ko_KR.UTF-8'), ('XDG_SESSION_TYPE', 'x11'), ('SHLVL', '1'), ('LD_LIBRARY_PATH', '/home/aiv/ev_ws/planning/install/track_msgs/lib:/usr/local/cuda-12.6/lib64:/home/aiv/ev_ws/ev_msgs/install/ev_msgs/lib:/home/aiv/ev_ws/perception/install/make_cylinder/lib:/usr/local/cuda-12.6/lib64:/usr/local/cuda-12.6/lib64:/home/aiv/ev_ws/planning/install/planning_mr_ver/lib:/usr/local/cuda-12.6/lib64:/home/aiv/ev_ws/erp42_ros/install/erp42_serial/lib:/home/aiv/ev_ws/erp42_ros/install/erp42_rqt_plugin/lib:/home/aiv/ev_ws/erp42_ros/install/erp42_gazebo/lib:/home/aiv/ev_ws/erp42_ros/install/erp42_util/lib:/home/aiv/ev_ws/erp42_ros/install/erp42_msgs/lib:/home/aiv/ev_ws/perception/install/velodyne_pointcloud/lib:/home/aiv/ev_ws/perception/install/velodyne_driver/lib:/home/aiv/ev_ws/perception/install/velodyne_msgs/lib:/home/aiv/ev_ws/perception/install/velodyne_laserscan/lib:/home/aiv/ev_ws/perception/install/velodyne_cropbox/lib:/home/aiv/ev_ws/perception/install/patchworkpp/lib:/home/aiv/ev_ws/perception/install/lidar_voxel_grid/lib:/home/aiv/ev_ws/perception/install/lidar_interfaces/lib:/home/aiv/ev_ws/perception/install/dbscan_clustering/lib:/home/aiv/ev_ws/perception/install/cluster_splitter/lib:/usr/lib/x86_64-linux-gnu/gazebo-11/plugins:/opt/ros/humble/opt/rviz_ogre_vendor/lib:/opt/ros/humble/lib/x86_64-linux-gnu:/opt/ros/humble/lib:/usr/local/cuda-12.6/lib64'), ('HOME', '/home/aiv'), ('OLDPWD', '/home/aiv/ev_ws'), ('DESKTOP_SESSION', 'ubuntu'), ('NVM_BIN', '/home/aiv/.nvm/versions/node/v24.13.1/bin'), ('NVM_INC', '/home/aiv/.nvm/versions/node/v24.13.1/include/node'), ('GIO_LAUNCHED_DESKTOP_FILE', '/usr/share/applications/terminator.desktop'), ('ROS_PYTHON_VERSION', '3'), ('GNOME_SHELL_SESSION_MODE', 'ubuntu'), ('GTK_MODULES', 'gail:atk-bridge'), ('LC_MONETARY', 'ko_KR.UTF-8'), ('MANAGERPID', '1839'), ('SYSTEMD_EXEC_PID', '2596'), ('DBUS_SESSION_BUS_ADDRESS', 'unix:path=/run/user/1000/bus'), ('COLORTERM', 'truecolor'), ('TERMINATOR_DBUS_NAME', 'net.tenshu.Terminator23558193cd9818af7fe4d2c2f5bd9d00f'), ('GIO_LAUNCHED_DESKTOP_FILE_PID', '6376'), ('NVM_DIR', '/home/aiv/.nvm'), ('COLCON_PREFIX_PATH', '/home/aiv/ev_ws/planning/install:/home/aiv/ev_ws/perception/install:/home/aiv/ev_ws/ev_msgs/install:/home/aiv/ev_ws/carsa_gazebo/install:/home/aiv/ev_ws/erp42_ros/install'), ('ROS_DISTRO', 'humble'), ('GTK_IM_MODULE', 'ibus'), ('LOGNAME', 'aiv'), ('JOURNAL_STREAM', '8:14626'), ('_', '/usr/bin/colcon'), ('ROS_VERSION', '2'), ('XDG_SESSION_CLASS', 'user'), ('USERNAME', 'aiv'), ('TERM', 'xterm-256color'), ('GNOME_DESKTOP_SESSION_ID', 'this-is-deprecated'), ('ROS_LOCALHOST_ONLY', '0'), ('WINDOWPATH', '2'), ('PATH', '/usr/local/cuda-12.6/bin:/usr/local/cuda-12.6/bin:/usr/local/cuda-12.6/bin:/usr/local/cuda-12.6/bin:/home/aiv/.local/bin:/opt/ros/humble/bin:/home/aiv/.nvm/versions/node/v24.13.1/bin:/usr/local/cuda-12.6/bin:/usr/local/sbin:/usr/local/bin:/usr/sbin:/usr/bin:/sbin:/bin:/usr/games:/usr/local/games:/snap/bin:/snap/bin'), ('SESSION_MANAGER', 'local/aiv:@/tmp/.ICE-unix/2567,unix/aiv:/tmp/.ICE-unix/2567'), ('INVOCATION_ID', '0568b3f95aa24871a61c02a9dcac9b80'), ('XDG_MENU_PREFIX', 'gnome-'), ('LC_ADDRESS', 'ko_KR.UTF-8'), ('XDG_RUNTIME_DIR', '/run/user/1000'), ('DISPLAY', ':1'), ('TERMINATOR_DBUS_PATH', '/net/tenshu/Terminator2'), ('LANG', 'en_US.UTF-8'), ('XDG_CURRENT_DESKTOP', 'ubuntu:GNOME'), ('IBUS_DISABLE_SNOOPER', '1'), ('LC_TELEPHONE', 'ko_KR.UTF-8'), ('XMODIFIERS', '@im=ibus'), ('XDG_SESSION_DESKTOP', 'ubuntu'), ('XAUTHORITY', '/run/user/1000/gdm/Xauthority'), ('SSH_AGENT_LAUNCHER', 'gnome-keyring'), ('SSH_AUTH_SOCK', '/run/user/1000/keyring/ssh'), ('AMENT_PREFIX_PATH', '/home/aiv/ev_ws/ev_msgs/install/ev_msgs:/home/aiv/ev_ws/perception/install/make_cylinder:/home/aiv/ev_ws/planning/install/planning_mr_ver:/home/aiv/ev_ws/planning/install/track_msgs:/home/aiv/ev_ws/carsa_gazebo/install/carsa_gazebo:/home/aiv/ev_ws/erp42_ros/install/erp42_serial:/home/aiv/ev_ws/erp42_ros/install/erp42_rqt_plugin:/home/aiv/ev_ws/erp42_ros/install/erp42_gazebo:/home/aiv/ev_ws/erp42_ros/install/erp42_util:/home/aiv/ev_ws/erp42_ros/install/erp42_msgs:/home/aiv/ev_ws/erp42_ros/install/erp42_description:/home/aiv/ev_ws/erp42_ros/install/erp42_cmake:/home/aiv/ev_ws/perception/install/velodyne:/home/aiv/ev_ws/perception/install/lidar_launch:/home/aiv/ev_ws/perception/install/velodyne_pointcloud:/home/aiv/ev_ws/perception/install/velodyne_driver:/home/aiv/ev_ws/perception/install/velodyne_msgs:/home/aiv/ev_ws/perception/install/velodyne_laserscan:/home/aiv/ev_ws/perception/install/velodyne_cropbox:/home/aiv/ev_ws/perception/install/patchworkpp:/home/aiv/ev_ws/perception/install/lidar_voxel_grid:/home/aiv/ev_ws/perception/install/lidar_interfaces:/home/aiv/ev_ws/perception/install/dbscan_clustering:/home/aiv/ev_ws/perception/install/cluster_splitter:/opt/ros/humble'), ('SHELL', '/bin/bash'), ('LC_NAME', 'ko_KR.UTF-8'), ('TERMINATOR_UUID', 'urn:uuid:b9c2d4ac-81c7-439c-870c-61cfe5ca8ac1'), ('QT_ACCESSIBILITY', '1'), ('GDMSESSION', 'ubuntu'), ('LC_MEASUREMENT', 'ko_KR.UTF-8'), ('GPG_AGENT_INFO', '/run/user/1000/gnupg/S.gpg-agent:0:1'), ('GJS_DEBUG_OUTPUT', 'stderr'), ('LC_IDENTIFICATION', 'ko_KR.UTF-8'), ('QT_IM_MODULE', 'ibus'), ('PWD', '/home/aiv/ev_ws/planning/build/planning_mr_ver'), ('LC_ALL', 'en_US.UTF-8'), ('XDG_CONFIG_DIRS', '/etc/xdg/xdg-ubuntu:/etc/xdg'), ('NVM_CD_FLAGS', ''), ('XDG_DATA_DIRS', '/usr/share/ubuntu:/usr/share/gnome:/usr/local/share/:/usr/share/:/var/lib/snapd/desktop'), ('PYTHONPATH', '/home/aiv/ev_ws/ev_msgs/install/ev_msgs/local/lib/python3.10/dist-packages:/home/aiv/ev_ws/planning/install/track_msgs/local/lib/python3.10/dist-packages:/home/aiv/ev_ws/erp42_ros/install/erp42_msgs/local/lib/python3.10/dist-packages:/home/aiv/ev_ws/perception/install/velodyne_msgs/local/lib/python3.10/dist-packages:/home/aiv/ev_ws/perception/install/lidar_interfaces/local/lib/python3.10/dist-packages:/opt/ros/humble/lib/python3.10/site-packages:/opt/ros/humble/local/lib/python3.10/dist-packages'), ('LC_NUMERIC', 'ko_KR.UTF-8'), ('LC_PAPER', 'ko_KR.UTF-8'), ('COLCON', '1'), ('VTE_VERSION', '6800'), ('EDITOR', 'code --wait'), ('CMAKE_PREFIX_PATH', '/home/aiv/ev_ws/planning/install/track_msgs:/home/aiv/ev_ws/ev_msgs/install/ev_msgs:/home/aiv/ev_ws/perception/install/make_cylinder:/home/aiv/ev_ws/planning/install/planning_mr_ver:/home/aiv/ev_ws/carsa_gazebo/install/carsa_gazebo:/home/aiv/ev_ws/erp42_ros/install/erp42_serial:/home/aiv/ev_ws/erp42_ros/install/erp42_rqt_plugin:/home/aiv/ev_ws/erp42_ros/install/erp42_gazebo:/home/aiv/ev_ws/erp42_ros/install/erp42_util:/home/aiv/ev_ws/erp42_ros/install/erp42_msgs:/home/aiv/ev_ws/erp42_ros/install/erp42_description:/home/aiv/ev_ws/erp42_ros/install/erp42_cmake:/home/aiv/ev_ws/perception/install/velodyne:/home/aiv/ev_ws/perception/install/lidar_launch:/home/aiv/ev_ws/perception/install/velodyne_pointcloud:/home/aiv/ev_ws/perception/install/velodyne_driver:/home/aiv/ev_ws/perception/install/velodyne_msgs:/home/aiv/ev_ws/perception/install/velodyne_laserscan:/home/aiv/ev_ws/perception/install/velodyne_cropbox:/home/aiv/ev_ws/perception/install/patchworkpp:/home/aiv/ev_ws/perception/install/lidar_voxel_grid:/home/aiv/ev_ws/perception/install/lidar_interfaces:/home/aiv/ev_ws/perception/install/dbscan_clustering:/home/aiv/ev_ws/perception/install/cluster_splitter:/opt/ros/humble')]), 'shell': False}
[0.299994] (-) TimerEvent: {}
[0.323502] (planning_mr_ver) StdoutLine: {'line': b'\x1b[35m\x1b[1mConsolidate compiler generated dependencies of target planning_mr_costmap\x1b[0m\n'}
[0.323631] (planning_mr_ver) StdoutLine: {'line': b'\x1b[35m\x1b[1mConsolidate compiler generated dependencies of target planning_mr_planner\x1b[0m\n'}
[0.331996] (planning_mr_ver) StdoutLine: {'line': b'[ 20%] Built target planning_mr_postprocess\n'}
[0.332807] (planning_mr_ver) StdoutLine: {'line': b'[ 40%] Built target mr_planner_node_exe\n'}
[0.335380] (planning_mr_ver) StdoutLine: {'line': b'[ 60%] Built target planning_mr_costmap\n'}
[0.335710] (planning_mr_ver) StdoutLine: {'line': b'[ 80%] Built target planning_mr_planner\n'}
[0.344791] (planning_mr_ver) StdoutLine: {'line': b'\x1b[35m\x1b[1mConsolidate compiler generated dependencies of target mr_planner_component\x1b[0m\n'}
[0.355819] (planning_mr_ver) StdoutLine: {'line': b'[100%] Built target mr_planner_component\n'}
[0.362605] (planning_mr_ver) CommandEnded: {'returncode': 0}
[0.362962] (planning_mr_ver) JobProgress: {'identifier': 'planning_mr_ver', 'progress': 'install'}
[0.363169] (planning_mr_ver) Command: {'cmd': ['/usr/bin/cmake', '--install', '/home/aiv/ev_ws/planning/build/planning_mr_ver'], 'cwd': '/home/aiv/ev_ws/planning/build/planning_mr_ver', 'env': OrderedDict([('GJS_DEBUG_TOPICS', 'JS ERROR;JS LOG'), ('USER', 'aiv'), ('LC_TIME', 'ko_KR.UTF-8'), ('XDG_SESSION_TYPE', 'x11'), ('SHLVL', '1'), ('LD_LIBRARY_PATH', '/home/aiv/ev_ws/planning/install/track_msgs/lib:/usr/local/cuda-12.6/lib64:/home/aiv/ev_ws/ev_msgs/install/ev_msgs/lib:/home/aiv/ev_ws/perception/install/make_cylinder/lib:/usr/local/cuda-12.6/lib64:/usr/local/cuda-12.6/lib64:/home/aiv/ev_ws/planning/install/planning_mr_ver/lib:/usr/local/cuda-12.6/lib64:/home/aiv/ev_ws/erp42_ros/install/erp42_serial/lib:/home/aiv/ev_ws/erp42_ros/install/erp42_rqt_plugin/lib:/home/aiv/ev_ws/erp42_ros/install/erp42_gazebo/lib:/home/aiv/ev_ws/erp42_ros/install/erp42_util/lib:/home/aiv/ev_ws/erp42_ros/install/erp42_msgs/lib:/home/aiv/ev_ws/perception/install/velodyne_pointcloud/lib:/home/aiv/ev_ws/perception/install/velodyne_driver/lib:/home/aiv/ev_ws/perception/install/velodyne_msgs/lib:/home/aiv/ev_ws/perception/install/velodyne_laserscan/lib:/home/aiv/ev_ws/perception/install/velodyne_cropbox/lib:/home/aiv/ev_ws/perception/install/patchworkpp/lib:/home/aiv/ev_ws/perception/install/lidar_voxel_grid/lib:/home/aiv/ev_ws/perception/install/lidar_interfaces/lib:/home/aiv/ev_ws/perception/install/dbscan_clustering/lib:/home/aiv/ev_ws/perception/install/cluster_splitter/lib:/usr/lib/x86_64-linux-gnu/gazebo-11/plugins:/opt/ros/humble/opt/rviz_ogre_vendor/lib:/opt/ros/humble/lib/x86_64-linux-gnu:/opt/ros/humble/lib:/usr/local/cuda-12.6/lib64'), ('HOME', '/home/aiv'), ('OLDPWD', '/home/aiv/ev_ws'), ('DESKTOP_SESSION', 'ubuntu'), ('NVM_BIN', '/home/aiv/.nvm/versions/node/v24.13.1/bin'), ('NVM_INC', '/home/aiv/.nvm/versions/node/v24.13.1/include/node'), ('GIO_LAUNCHED_DESKTOP_FILE', '/usr/share/applications/terminator.desktop'), ('ROS_PYTHON_VERSION', '3'), ('GNOME_SHELL_SESSION_MODE', 'ubuntu'), ('GTK_MODULES', 'gail:atk-bridge'), ('LC_MONETARY', 'ko_KR.UTF-8'), ('MANAGERPID', '1839'), ('SYSTEMD_EXEC_PID', '2596'), ('DBUS_SESSION_BUS_ADDRESS', 'unix:path=/run/user/1000/bus'), ('COLORTERM', 'truecolor'), ('TERMINATOR_DBUS_NAME', 'net.tenshu.Terminator23558193cd9818af7fe4d2c2f5bd9d00f'), ('GIO_LAUNCHED_DESKTOP_FILE_PID', '6376'), ('NVM_DIR', '/home/aiv/.nvm'), ('COLCON_PREFIX_PATH', '/home/aiv/ev_ws/planning/install:/home/aiv/ev_ws/perception/install:/home/aiv/ev_ws/ev_msgs/install:/home/aiv/ev_ws/carsa_gazebo/install:/home/aiv/ev_ws/erp42_ros/install'), ('ROS_DISTRO', 'humble'), ('GTK_IM_MODULE', 'ibus'), ('LOGNAME', 'aiv'), ('JOURNAL_STREAM', '8:14626'), ('_', '/usr/bin/colcon'), ('ROS_VERSION', '2'), ('XDG_SESSION_CLASS', 'user'), ('USERNAME', 'aiv'), ('TERM', 'xterm-256color'), ('GNOME_DESKTOP_SESSION_ID', 'this-is-deprecated'), ('ROS_LOCALHOST_ONLY', '0'), ('WINDOWPATH', '2'), ('PATH', '/usr/local/cuda-12.6/bin:/usr/local/cuda-12.6/bin:/usr/local/cuda-12.6/bin:/usr/local/cuda-12.6/bin:/home/aiv/.local/bin:/opt/ros/humble/bin:/home/aiv/.nvm/versions/node/v24.13.1/bin:/usr/local/cuda-12.6/bin:/usr/local/sbin:/usr/local/bin:/usr/sbin:/usr/bin:/sbin:/bin:/usr/games:/usr/local/games:/snap/bin:/snap/bin'), ('SESSION_MANAGER', 'local/aiv:@/tmp/.ICE-unix/2567,unix/aiv:/tmp/.ICE-unix/2567'), ('INVOCATION_ID', '0568b3f95aa24871a61c02a9dcac9b80'), ('XDG_MENU_PREFIX', 'gnome-'), ('LC_ADDRESS', 'ko_KR.UTF-8'), ('XDG_RUNTIME_DIR', '/run/user/1000'), ('DISPLAY', ':1'), ('TERMINATOR_DBUS_PATH', '/net/tenshu/Terminator2'), ('LANG', 'en_US.UTF-8'), ('XDG_CURRENT_DESKTOP', 'ubuntu:GNOME'), ('IBUS_DISABLE_SNOOPER', '1'), ('LC_TELEPHONE', 'ko_KR.UTF-8'), ('XMODIFIERS', '@im=ibus'), ('XDG_SESSION_DESKTOP', 'ubuntu'), ('XAUTHORITY', '/run/user/1000/gdm/Xauthority'), ('SSH_AGENT_LAUNCHER', 'gnome-keyring'), ('SSH_AUTH_SOCK', '/run/user/1000/keyring/ssh'), ('AMENT_PREFIX_PATH', '/home/aiv/ev_ws/ev_msgs/install/ev_msgs:/home/aiv/ev_ws/perception/install/make_cylinder:/home/aiv/ev_ws/planning/install/planning_mr_ver:/home/aiv/ev_ws/planning/install/track_msgs:/home/aiv/ev_ws/carsa_gazebo/install/carsa_gazebo:/home/aiv/ev_ws/erp42_ros/install/erp42_serial:/home/aiv/ev_ws/erp42_ros/install/erp42_rqt_plugin:/home/aiv/ev_ws/erp42_ros/install/erp42_gazebo:/home/aiv/ev_ws/erp42_ros/install/erp42_util:/home/aiv/ev_ws/erp42_ros/install/erp42_msgs:/home/aiv/ev_ws/erp42_ros/install/erp42_description:/home/aiv/ev_ws/erp42_ros/install/erp42_cmake:/home/aiv/ev_ws/perception/install/velodyne:/home/aiv/ev_ws/perception/install/lidar_launch:/home/aiv/ev_ws/perception/install/velodyne_pointcloud:/home/aiv/ev_ws/perception/install/velodyne_driver:/home/aiv/ev_ws/perception/install/velodyne_msgs:/home/aiv/ev_ws/perception/install/velodyne_laserscan:/home/aiv/ev_ws/perception/install/velodyne_cropbox:/home/aiv/ev_ws/perception/install/patchworkpp:/home/aiv/ev_ws/perception/install/lidar_voxel_grid:/home/aiv/ev_ws/perception/install/lidar_interfaces:/home/aiv/ev_ws/perception/install/dbscan_clustering:/home/aiv/ev_ws/perception/install/cluster_splitter:/opt/ros/humble'), ('SHELL', '/bin/bash'), ('LC_NAME', 'ko_KR.UTF-8'), ('TERMINATOR_UUID', 'urn:uuid:b9c2d4ac-81c7-439c-870c-61cfe5ca8ac1'), ('QT_ACCESSIBILITY', '1'), ('GDMSESSION', 'ubuntu'), ('LC_MEASUREMENT', 'ko_KR.UTF-8'), ('GPG_AGENT_INFO', '/run/user/1000/gnupg/S.gpg-agent:0:1'), ('GJS_DEBUG_OUTPUT', 'stderr'), ('LC_IDENTIFICATION', 'ko_KR.UTF-8'), ('QT_IM_MODULE', 'ibus'), ('PWD', '/home/aiv/ev_ws/planning/build/planning_mr_ver'), ('LC_ALL', 'en_US.UTF-8'), ('XDG_CONFIG_DIRS', '/etc/xdg/xdg-ubuntu:/etc/xdg'), ('NVM_CD_FLAGS', ''), ('XDG_DATA_DIRS', '/usr/share/ubuntu:/usr/share/gnome:/usr/local/share/:/usr/share/:/var/lib/snapd/desktop'), ('PYTHONPATH', '/home/aiv/ev_ws/ev_msgs/install/ev_msgs/local/lib/python3.10/dist-packages:/home/aiv/ev_ws/planning/install/track_msgs/local/lib/python3.10/dist-packages:/home/aiv/ev_ws/erp42_ros/install/erp42_msgs/local/lib/python3.10/dist-packages:/home/aiv/ev_ws/perception/install/velodyne_msgs/local/lib/python3.10/dist-packages:/home/aiv/ev_ws/perception/install/lidar_interfaces/local/lib/python3.10/dist-packages:/opt/ros/humble/lib/python3.10/site-packages:/opt/ros/humble/local/lib/python3.10/dist-packages'), ('LC_NUMERIC', 'ko_KR.UTF-8'), ('LC_PAPER', 'ko_KR.UTF-8'), ('COLCON', '1'), ('VTE_VERSION', '6800'), ('EDITOR', 'code --wait'), ('CMAKE_PREFIX_PATH', '/home/aiv/ev_ws/planning/install/track_msgs:/home/aiv/ev_ws/ev_msgs/install/ev_msgs:/home/aiv/ev_ws/perception/install/make_cylinder:/home/aiv/ev_ws/planning/install/planning_mr_ver:/home/aiv/ev_ws/carsa_gazebo/install/carsa_gazebo:/home/aiv/ev_ws/erp42_ros/install/erp42_serial:/home/aiv/ev_ws/erp42_ros/install/erp42_rqt_plugin:/home/aiv/ev_ws/erp42_ros/install/erp42_gazebo:/home/aiv/ev_ws/erp42_ros/install/erp42_util:/home/aiv/ev_ws/erp42_ros/install/erp42_msgs:/home/aiv/ev_ws/erp42_ros/install/erp42_description:/home/aiv/ev_ws/erp42_ros/install/erp42_cmake:/home/aiv/ev_ws/perception/install/velodyne:/home/aiv/ev_ws/perception/install/lidar_launch:/home/aiv/ev_ws/perception/install/velodyne_pointcloud:/home/aiv/ev_ws/perception/install/velodyne_driver:/home/aiv/ev_ws/perception/install/velodyne_msgs:/home/aiv/ev_ws/perception/install/velodyne_laserscan:/home/aiv/ev_ws/perception/install/velodyne_cropbox:/home/aiv/ev_ws/perception/install/patchworkpp:/home/aiv/ev_ws/perception/install/lidar_voxel_grid:/home/aiv/ev_ws/perception/install/lidar_interfaces:/home/aiv/ev_ws/perception/install/dbscan_clustering:/home/aiv/ev_ws/perception/install/cluster_splitter:/opt/ros/humble')]), 'shell': False}
[0.368880] (planning_mr_ver) StdoutLine: {'line': b'-- Install configuration: ""\n'}
[0.369183] (planning_mr_ver) StdoutLine: {'line': b'-- Execute custom install script\n'}
[0.369337] (planning_mr_ver) StdoutLine: {'line': b'-- Up-to-date symlink: /home/aiv/ev_ws/planning/install/planning_mr_ver/lib/libplanning_mr_costmap.so\n'}
[0.369459] (planning_mr_ver) StdoutLine: {'line': b'-- Up-to-date symlink: /home/aiv/ev_ws/planning/install/planning_mr_ver/lib/libplanning_mr_planner.so\n'}
[0.369566] (planning_mr_ver) StdoutLine: {'line': b'-- Up-to-date symlink: /home/aiv/ev_ws/planning/install/planning_mr_ver/lib/libplanning_mr_postprocess.so\n'}
[0.369676] (planning_mr_ver) StdoutLine: {'line': b'-- Up-to-date symlink: /home/aiv/ev_ws/planning/install/planning_mr_ver/lib/planning_mr_ver/mr_planner_node_exe\n'}
[0.369781] (planning_mr_ver) StdoutLine: {'line': b'-- Up-to-date symlink: /home/aiv/ev_ws/planning/install/planning_mr_ver/lib/libmr_planner_component.so\n'}
[0.369992] (planning_mr_ver) StdoutLine: {'line': b'-- Up-to-date symlink: /home/aiv/ev_ws/planning/install/planning_mr_ver/include/planning_mr_ver/common/debug_publish.hpp\n'}
[0.370038] (planning_mr_ver) StdoutLine: {'line': b'-- Up-to-date symlink: /home/aiv/ev_ws/planning/install/planning_mr_ver/include/planning_mr_ver/common/geometry.hpp\n'}
[0.370081] (planning_mr_ver) StdoutLine: {'line': b'-- Up-to-date symlink: /home/aiv/ev_ws/planning/install/planning_mr_ver/include/planning_mr_ver/common/params.hpp\n'}
[0.370123] (planning_mr_ver) StdoutLine: {'line': b'-- Up-to-date symlink: /home/aiv/ev_ws/planning/install/planning_mr_ver/include/planning_mr_ver/common/types.hpp\n'}
[0.370167] (planning_mr_ver) StdoutLine: {'line': b'-- Up-to-date symlink: /home/aiv/ev_ws/planning/install/planning_mr_ver/include/planning_mr_ver/costmap/costmap_generator.hpp\n'}
[0.370210] (planning_mr_ver) StdoutLine: {'line': b'-- Up-to-date symlink: /home/aiv/ev_ws/planning/install/planning_mr_ver/include/planning_mr_ver/nodes/mr_planner_node.hpp\n'}
[0.370251] (planning_mr_ver) StdoutLine: {'line': b'-- Up-to-date symlink: /home/aiv/ev_ws/planning/install/planning_mr_ver/include/planning_mr_ver/planner/magnetic_planner.hpp\n'}
[0.370292] (planning_mr_ver) StdoutLine: {'line': b'-- Up-to-date symlink: /home/aiv/ev_ws/planning/install/planning_mr_ver/include/planning_mr_ver/postprocess/path_postprocessor.hpp\n'}
[0.370333] (planning_mr_ver) StdoutLine: {'line': b'-- Up-to-date symlink: /home/aiv/ev_ws/planning/install/planning_mr_ver/include/planning_mr_ver/safety/safety_checker.hpp\n'}
[0.370462] (planning_mr_ver) StdoutLine: {'line': b'-- Up-to-date symlink: /home/aiv/ev_ws/planning/install/planning_mr_ver/share/planning_mr_ver/config/planning_mr.yaml\n'}
[0.370577] (planning_mr_ver) StdoutLine: {'line': b'-- Up-to-date symlink: /home/aiv/ev_ws/planning/install/planning_mr_ver/share/planning_mr_ver/launch/planning_mr.launch.py\n'}
[0.370657] (planning_mr_ver) StdoutLine: {'line': b'-- Up-to-date symlink: /home/aiv/ev_ws/planning/install/planning_mr_ver/share/ament_index/resource_index/package_run_dependencies/planning_mr_ver\n'}
[0.370728] (planning_mr_ver) StdoutLine: {'line': b'-- Up-to-date symlink: /home/aiv/ev_ws/planning/install/planning_mr_ver/share/ament_index/resource_index/parent_prefix_path/planning_mr_ver\n'}
[0.370798] (planning_mr_ver) StdoutLine: {'line': b'-- Up-to-date symlink: /home/aiv/ev_ws/planning/install/planning_mr_ver/share/planning_mr_ver/environment/ament_prefix_path.sh\n'}
[0.370860] (planning_mr_ver) StdoutLine: {'line': b'-- Up-to-date symlink: /home/aiv/ev_ws/planning/install/planning_mr_ver/share/planning_mr_ver/environment/ament_prefix_path.dsv\n'}
[0.370921] (planning_mr_ver) StdoutLine: {'line': b'-- Up-to-date symlink: /home/aiv/ev_ws/planning/install/planning_mr_ver/share/planning_mr_ver/environment/path.sh\n'}
[0.370979] (planning_mr_ver) StdoutLine: {'line': b'-- Up-to-date symlink: /home/aiv/ev_ws/planning/install/planning_mr_ver/share/planning_mr_ver/environment/path.dsv\n'}
[0.371038] (planning_mr_ver) StdoutLine: {'line': b'-- Up-to-date symlink: /home/aiv/ev_ws/planning/install/planning_mr_ver/share/planning_mr_ver/local_setup.bash\n'}
[0.371096] (planning_mr_ver) StdoutLine: {'line': b'-- Up-to-date symlink: /home/aiv/ev_ws/planning/install/planning_mr_ver/share/planning_mr_ver/local_setup.sh\n'}
[0.371151] (planning_mr_ver) StdoutLine: {'line': b'-- Up-to-date symlink: /home/aiv/ev_ws/planning/install/planning_mr_ver/share/planning_mr_ver/local_setup.zsh\n'}
[0.371205] (planning_mr_ver) StdoutLine: {'line': b'-- Up-to-date symlink: /home/aiv/ev_ws/planning/install/planning_mr_ver/share/planning_mr_ver/local_setup.dsv\n'}
[0.371247] (planning_mr_ver) StdoutLine: {'line': b'-- Symlinking: /home/aiv/ev_ws/planning/install/planning_mr_ver/share/planning_mr_ver/package.dsv\n'}
[0.376636] (planning_mr_ver) StdoutLine: {'line': b'-- Up-to-date symlink: /home/aiv/ev_ws/planning/install/planning_mr_ver/share/ament_index/resource_index/packages/planning_mr_ver\n'}
[0.376704] (planning_mr_ver) StdoutLine: {'line': b'-- Up-to-date symlink: /home/aiv/ev_ws/planning/install/planning_mr_ver/share/ament_index/resource_index/rclcpp_components/planning_mr_ver\n'}
[0.376761] (planning_mr_ver) StdoutLine: {'line': b'-- Up-to-date symlink: /home/aiv/ev_ws/planning/install/planning_mr_ver/share/planning_mr_ver/cmake/planning_mr_verConfig.cmake\n'}
[0.376810] (planning_mr_ver) StdoutLine: {'line': b'-- Up-to-date symlink: /home/aiv/ev_ws/planning/install/planning_mr_ver/share/planning_mr_ver/cmake/planning_mr_verConfig-version.cmake\n'}
[0.376874] (planning_mr_ver) StdoutLine: {'line': b'-- Up-to-date symlink: /home/aiv/ev_ws/planning/install/planning_mr_ver/share/planning_mr_ver/package.xml\n'}
[0.377870] (planning_mr_ver) CommandEnded: {'returncode': 0}
[0.385442] (planning_mr_ver) JobEnded: {'identifier': 'planning_mr_ver', 'rc': 0}
[0.385747] (-) EventReactorShutdown: {}
